PASS loads /pcs/samples/inventory
PASS loads /pcs/samples/application
PASS loads /pcs/samples/transfer
PASS loads /pcs/samples/return
PASS loads /pcs/samples/ledger
PASS loads /pcs/samples/ledger/stocktake
PASS loads /pcs/samples/view
PASS loads /pcs/samples/detail/smp-001
PASS loads /pcs/testing/orders
PASS loads /pcs/testing/orders/to_seed_normal
PASS loads /pcs/testing/orders/create
PASS controls /pcs/samples/inventory
PASS controls /pcs/samples/application
PASS controls /pcs/samples/transfer
PASS controls /pcs/samples/return
PASS controls /pcs/samples/ledger
PASS controls /pcs/samples/ledger/stocktake
PASS controls /pcs/samples/view
PASS controls /pcs/samples/detail/smp-001
✔ SAMP-014 current bundle: every named route cold/reload/SPA and interactive surface <=1s, five samples (99735.003292ms)
ℹ tests 1
ℹ suites 0
ℹ pass 1
ℹ fail 0
ℹ cancelled 0
ℹ skipped 0
ℹ todo 0
ℹ duration_ms 100056.283292
