✖ HG-001–008: Mock receipt, SKU identity, HG scans, print, refresh, transaction failures and concurrency (1274.531916ms)
ℹ tests 1
ℹ suites 0
ℹ pass 0
ℹ fail 1
ℹ cancelled 0
ℹ skipped 0
ℹ todo 0
ℹ duration_ms 1702.402375

✖ failing tests:

test at tests/browser-contracts/pcs-sample-hg-label.test.ts:1:365
✖ HG-001–008: Mock receipt, SKU identity, HG scans, print, refresh, transaction failures and concurrency (1274.531916ms)
  page.evaluate: Error: 本次修改尚未保存：请通过页面业务动作重试。
      at Object.setItem (http://127.0.0.1:4206/src/data/pcs-record-runtime.ts?t=1791279284009:181:25)
      at persistStore (http://127.0.0.1:4206/src/data/pcs-testing-order-repository.ts:48:18)
      at Module.createTestingOrder (http://127.0.0.1:4206/src/data/pcs-testing-order-repository.ts:205:3)
      at eval (eval at evaluate (:303:30), <anonymous>:1:1339)
      at Module.runPcsRecordCommand (http://127.0.0.1:4206/src/data/pcs-record-runtime.ts:732:20)
      at async eval (eval at evaluate (:303:30), <anonymous>:1:1304)
      at async <anonymous>:329:30
      at TestContext.<anonymous> (/Users/laoer/Documents/higoods/tests/browser-contracts/pcs-sample-hg-label.test.ts:25:21) {
    log: []
  }
