(node:31816) ExperimentalWarning: localStorage is not available because --localstorage-file was not provided.
(Use `node --trace-warnings ...` to show where the warning was created)
✔ HG-001/002/004: SKU identity survives duplicate receipts, transfers and repeats; HG resolves SKU (551.046166ms)
✔ HG-005/006/008: printed data and bounded settings; no truncation, images or state writes (0.59675ms)
✖ HG-002/004 regression: older receipt without identities retains its first date; raw SKU is never HG (80.158208ms)
(node:31817) ExperimentalWarning: localStorage is not available because --localstorage-file was not provided.
(Use `node --trace-warnings ...` to show where the warning was created)
✔ SAMP-001–013 Mock: receipt → all SKU tags → live/home → production/factory/department/warehouse → marketing, with adversarial gates (1246.356958ms)
ℹ tests 4
ℹ suites 0
ℹ pass 3
ℹ fail 1
ℹ cancelled 0
ℹ skipped 0
ℹ todo 0
ℹ duration_ms 1643.683167

✖ failing tests:

test at tests/unit/pcs-sample-hg-label.test.ts:1:3465
✖ HG-002/004 regression: older receipt without identities retains its first date; raw SKU is never HG (80.158208ms)
  AssertionError [ERR_ASSERTION]: new registration must consult older receipt facts
  + actual - expected
  
  + '2026-04-12 10:00'
  - '2026-08-01 09:00:00'
           ^
  
      at TestContext.<anonymous> (/Users/laoer/Documents/higoods/tests/unit/pcs-sample-hg-label.test.ts:56:10)
      at Test.runInAsyncScope (node:async_hooks:226:14)
      at Test.run (node:internal/test_runner/test:1402:25)
      at Test.processPendingSubtests (node:internal/test_runner/test:974:18)
      at Test.postRun (node:internal/test_runner/test:1542:19)
      at Test.run (node:internal/test_runner/test:1467:12)
      at async Test.processPendingSubtests (node:internal/test_runner/test:974:7) {
    generatedMessage: false,
    code: 'ERR_ASSERTION',
    actual: '2026-04-12 10:00',
    expected: '2026-08-01 09:00:00',
    operator: 'strictEqual',
    diff: 'simple'
  }
