
> higoods-vanilla-clone@1.0.0 build
> npm run typecheck:engineering && npm test && vite build


> higoods-vanilla-clone@1.0.0 typecheck:engineering
> npm run typecheck:entrypoints && npm run typecheck:scopes


> higoods-vanilla-clone@1.0.0 typecheck:entrypoints
> tsc --project tsconfig.engineering.json


> higoods-vanilla-clone@1.0.0 typecheck:scopes
> node scripts/check-typescript-scope.mjs src/domain/ src/components/ui/ src/state/

TypeScript 全量既有错误：6
本次渐进检查范围：src/domain/、src/components/ui/、src/state/
范围内错误：0
范围外既有错误保留在全量 typecheck 中继续分批治理。

> higoods-vanilla-clone@1.0.0 test
> npm run test:unit


> higoods-vanilla-clone@1.0.0 test:unit
> node --import tsx --test tests/unit/*.test.ts

✔ 浏览器存储封装保持读写删除语义 (0.985625ms)
✔ 浏览器存储不可用或抛错时保持静默降级 (0.192ms)
(node:47784) ExperimentalWarning: localStorage is not available because --localstorage-file was not provided.
(Use `node --trace-warnings ...` to show where the warning was created)
✔ 交出列表省略详情路线读取时保留全部输出字段 (474.3445ms)
(node:47785) ExperimentalWarning: localStorage is not available because --localstorage-file was not provided.
(Use `node --trace-warnings ...` to show where the warning was created)
✔ MIG-001/002/006: management entry and handlers belong to FCS; PFOS keeps execution (0.974125ms)
✔ MIG-003/007: prep and execution read the same early order identities, quantities and match status (733.210458ms)
✔ MIG-004/009: migrated dialogs retain candidate fields, actual material image and task outputs (0.755958ms)
✔ MIG-011: management and execution use the same seven business display columns (9.267667ms)
✔ MIG-007: early dye/print creation and cancellation survive reload (2856.34075ms)
✔ 解析带标签、小数和空格的长度数量 (0.476542ms)
✔ 解析卷数并对不合法文本返回 0 (0.122209ms)
✔ 证据文件标识把连续空白收口为单个连字符 (0.143209ms)
(node:47788) ExperimentalWarning: localStorage is not available because --localstorage-file was not provided.
(Use `node --trace-warnings ...` to show where the warning was created)
✔ 设计改款可成批生成染色和印花加工单，且完整投影来源与上下游 (1596.550333ms)
✔ 设计改款加工单生成幂等，重复请求不增加单据 (172.801708ms)
✔ 同一设计改款任务的不同颜色和 BOM 行分别生成加工单 (275.155041ms)
✔ 成批提交失败时染色与印花加工单一起回滚 (16.679625ms)
✔ 设计改款来源缺关键引用或来源未知时必须阻断 (0.172125ms)
(node:47789) ExperimentalWarning: localStorage is not available because --localstorage-file was not provided.
(Use `node --trace-warnings ...` to show where the warning was created)
✔ 设计改款染后印花必须先分配印花厂，染色交出不能误送中央工厂 (457.028084ms)
✔ 仅染与仅印分别创建一张加工单和一条仓库首道调拨计划 (61.026042ms)
✔ 辅料染色单创建后已有辅料仓调拨计划，分厂时自动落实原单但不冒充实发 (7.675083ms)
✔ 设计改款目标 SKU 已确定印染属性，先染后印只从仓库发一次 BOM 数量 (647.247417ms)
✔ 同一 BOM 行真实染色交出后由印花厂按卷实收，印花开工不再等待前序 (2978.366875ms)
✔ 印花实际交出生成中央工厂待接收原单，实收回写原交接并允许完成加工单 (2625.872959ms)
✔ 专业成果没有真实附件时保持未绑定 (9.116416ms)
(node:47791) ExperimentalWarning: localStorage is not available because --localstorage-file was not provided.
(Use `node --trace-warnings ...` to show where the warning was created)
✔ 可打印不等于可建交出单，必须完成真实标签打印 (0.452458ms)
✔ 卷规格无效时不可建交出单，且不改变原可打印判定语义 (0.064833ms)
✔ 人工完成印花加工单不再自动填充操作人 (306.03ms)
(node:47792) ExperimentalWarning: localStorage is not available because --localstorage-file was not provided.
(Use `node --trace-warnings ...` to show where the warning was created)
✔ 非 KOL PDA 导入不生成 KOL 领交料；首次 KOL 访问生成完整且幂等的演示记录 (262.387334ms)
✔ PDA 单任务读取保持普通任务、测试工厂与 KOL 任务内容和查找优先级 (1.536375ms)
✔ 日报窗口含截止日7天，重点日均独立使用前6天 (0.467333ms)
✔ 未知采购不填0，未BOM不输出完整确定订单需求 (0.166834ms)
✔ 突变必须绝对量与比例同时达到阈值 (0.220459ms)
✔ 截止日突变示例与未完结日不判定 (0.133667ms)
✔ 共享商品按SPU去重而不按关联行累加销量 (0.211875ms)
✔ 预选不产生确定用料；BOM需求保留物料归属 (0.271917ms)
✔ 同料BOM优先于预选，不重复关系及需量 (0.152125ms)
✔ 两个业务页具有独立容器、标准分页与证据边界 (23.704875ms)
✔ 未进入物料页面时 bridge 不加载业务；加载失败重试后首次渲染即已注册 (2.832166ms)
✔ click 分组顺序、短路、选择器范围保持原行为，重新注册替换旧处理器 (0.577625ms)
✔ 备料写入守卫读取实时角色与水位，阻断时不调用业务处理器 (0.319833ms)
✔ input/change/keyboard 原入口、筛选范围和 change 优先级完整保留 (0.276875ms)
✔ health groups are exhaustive and mutually exclusive in demo (0.747625ms)
✔ coverage and baseline use same inventory plus transit but distinct demand windows (0.069667ms)
✔ zero demand is unavailable rather than infinity and huge finite quotient stays finite (0.086125ms)
✔ date selects different consistent snapshot (0.090417ms)
✔ threshold changes alter classification without changing facts (0.062041ms)
✔ health view carries core P1 business sections and mock caveat (11.990208ms)
✔ AT16 rules do not substitute brand, size or packaging method (0.855875ms)
✔ AT24 equal priority conflict blocks resolution and identifies rules (0.768417ms)
✔ higher explicit priority resolves a lower priority overlap (0.11225ms)
✔ plans distinguish garments and parcels and add loss once (0.26875ms)
✔ AT18 white pendant stock only allocated once (0.135416ms)
✔ event duplicate and old revision do not add consumption; reprints are activity only (0.127125ms)
✔ conflicting same revision fails instead of silently choosing a payload (0.058958ms)
✔ AT17/19/20 panel states unresolved ASAYA, independent kit80 and unknown ribbon (0.266666ms)
✔ trigger distinct from target, existing supply produces explainable zero (0.642333ms)
✔ missing mapping or usage and incompatible raw unit block unsafe generation (0.177416ms)
✔ generation reserves remaining once and shared raw pool across target rules (1.295167ms)
✔ production does not increase stock; actual SKU and output bound partial receipts (0.311667ms)
✔ cancelled suggestion releases commitment and raw allocation (0.138083ms)
✔ AT05 committed greige is not available for a second allocation (0.425125ms)
✔ AT06 partial receipt reduces expected supply; checking and qualified never duplicate (4.696958ms)
✔ AT07 unmapped target preserves quantities but gives no target coverage (0.242167ms)
✔ §7.2 loss reduces future supply; rejected receipts never become usable (0.1245ms)
✔ §7.3 unit/yield/route and conservation gaps block deterministic supply (0.217542ms)
✔ §7.3 candidate comparison reports remaining shortage and respects arrival deadline (0.257167ms)
✔ §7.3 zero gap stays zero and nonfinite inputs cannot produce advice (0.180041ms)
✔ panel uses owned local handlers and discloses mock and missing images (1.502125ms)
✔ P2 coefficients and coverage exclude transit (9.855417ms)
✔ P2 coverage buckets have exclusive shared boundaries (0.472667ms)
✔ P2 partial receipts and completed batches count remaining only (0.059916ms)
✔ P2 latest overdue selected only if no future batch; today included (0.054583ms)
✔ P2 search transit and ETA filters compose (0.122833ms)
✔ P2 zero demand and missing BOM preserve distinct nulls; micro demand excluded (0.058792ms)
✔ P2 standard table renders and limits initial rows to first page (5.87425ms)
✔ AT01/02 internal reservation stays in coverage while external reservation is deducted (14.220708ms)
✔ AT03 quality segments are not usable (0.510375ms)
✔ AT04 partial receipt leaves remaining supply only (0.407583ms)
✔ AT08/38 late supply never erases earlier shortage (0.306291ms)
✔ AT09 intermediate deficit determines net need rather than positive closing balance (0.154334ms)
✔ AT10 MOQ and pack rounding, zero stays zero (0.128959ms)
✔ AT11 horizon begins at cutoff and is not expanded by lead time (0.1455ms)
✔ AT12 forecast covered by confirmed demand is excluded before coefficient (0.117416ms)
✔ AT13 no demand has no numeric coverage (0.107666ms)
✔ AT14 cancelling demand does not change stock (0.140666ms)
✔ AT15 latest event revision only (0.389375ms)
✔ AT16/17 directory preserves bag sizes and ASAYA duplicated input is one unresolved SKU (0.085917ms)
✔ AT18 three brands draw from one shared pool (0.109125ms)
✔ AT19/20 kit capacity respects minimum and missing conversion (0.054833ms)
✔ AT21 inactive/unusable stock remains physically visible (0.09775ms)
✔ AT23 affected order identifiers are unique (0.086ms)
✔ AT25/26 draft does not mutate active and invalidates trial (0.056083ms)
✔ AT26/28 publish requires role and exact trial; history retained (0.174708ms)
✔ AT31 risk cannot close with remaining shortage or skip verification (0.16375ms)
✔ AT37 invalid dates, unknown timezone, bad numeric values rejected (0.076667ms)
✔ duplicate supply chain does not double count and blocks deterministic advice (0.076833ms)
✔ warehouse catalogue includes 17 locations and two garment warehouses (0.034167ms)
✔ candidate comparison retains pre-arrival risk (0.2605ms)
✔ SKU-specific policy wins and duplicate rules block publish (0.116542ms)
✔ 路由标准化移除 query 与 hash，但不改动路径 (0.723875ms)
✔ 只匹配路由根或其子路径，不误匹配相似前缀 (0.205833ms)
✔ 可在多个合法根路径中匹配一个 (0.14125ms)
✔ 只把完整生产确认单打印路由识别为命中 (0.192ms)
(node:47810) ExperimentalWarning: localStorage is not available because --localstorage-file was not provided.
(Use `node --trace-warnings ...` to show where the warning was created)
✔ 目标 SKU 的四种加工组合、前序实物和 BOM Q 均按已建档字段读取 (8.039125ms)
✔ 整单总量口径保存后仍按一次总量计算，不被样衣件数重复放大 (633.007458ms)
✔ 一张设计改款 BOM 同时有 Yard 面料和 PCS 辅料时，各行独立计量且辅料无需加工调拨 (18.336042ms)
✔ 复用既有纸样与参照 BOM 的无印染任务可直接提交样衣并自动完成；复制只生成草稿 (338.43675ms)
✔ 批量复制仅继承建单输入，后续设计稿、BOM 和样衣要求均需重新维护 (100.907916ms)
✔ PCS 图片按款号和颜色固定，尺码不改变照片，未知对象没有随机图片 (1.0885ms)
✔ 历史 Mock 只替换登记的旧图，保留用户图片及未知款式 (0.435334ms)
✔ 后道 QC 来源 SKU 保留原身份和数量，五种颜色分别绑定对应实拍 (0.086083ms)
✔ 后道历史快照只迁移准确 SKU 的旧示意图，质检数量与用户图不变 (0.190084ms)
(node:47812) ExperimentalWarning: localStorage is not available because --localstorage-file was not provided.
(Use `node --trace-warnings ...` to show where the warning was created)
✔ PDA 列表轻量摘要与详情的归属、数量、物料和下一步一致 (1514.119083ms)
(node:47813) ExperimentalWarning: localStorage is not available because --localstorage-file was not provided.
(Use `node --trace-warnings ...` to show where the warning was created)
✔ 按工厂投影不改变全能力、印花、染色、中央与裁片演示账号可见任务 (997.549625ms)
✔ 物流商新增字段保存回显并写入操作日志 (2.997084ms)
✔ 物流商数字字段非负校验与运输方式枚举校验 (0.49175ms)
✔ 渠道新增字段保存回显，条件计费字段按计费方式保留 (0.365916ms)
✔ 整柜渠道不要求新增计费字段，仍要求四箱型完整配置 (0.107291ms)
✔ 渠道数字字段非负与时效区间校验 (0.117333ms)
✔ 头程批次聚合展示总箱数、总重量、总体积与转运天数 (0.415334ms)
✔ 工序链按保存顺序生效，合法工序集合固定，非法或重复工序被拒 (1.795375ms)
✔ 坯布 SKU 必填，坯布库存为 0 时调拨资格被拒，补足后恢复 (0.315709ms)
✔ 采购单按勾选 SKU 生成明细，数量与枚举非法被拒 (0.145584ms)
✔ 调拨单可选择调出仓库与调入目标，同步生成加工单号链 (0.187959ms)
✔ 批量刷新库存更新全部监控行与刷新时间并写日志 (0.182208ms)
✔ 手动添加监控 SKU 校验 SKU 必填与重复，添加后进入列表 (0.236459ms)
✔ 物料申报扩展字段保存回显，26 项特殊属性按数组保存 (2.35625ms)
✔ 报关扩展：法定第二计量单位与数值，不报关分支跳过必填校验 (0.16225ms)
✔ BOM 业务选项与价格/成本、工厂、布料字段保存回显 (0.622708ms)
✔ 主体经营 9 项成本明细加调整重算总成本，数据缺失提醒可消除 (0.302167ms)
✔ 供应商从草稿到启用遵循状态机，名称唯一 (2.558166ms)
✔ 供货档案包装换算与快照版本 (0.385292ms)
✔ 物料全部有真实图片，采购补充信息可更新且不新增删除 (0.614708ms)
✔ 成衣与样衣 SKU 只读列表数据完整 (0.1525ms)
✔ 仓库同步更新时间，单位字典唯一且不可删除只可启停 (0.559875ms)
✔ BOM 用量可修改，说明可保存，发布后可生成面辅料需求 (2.455625ms)
✔ 面辅料需求种子就绪且可按物料行下推采购单 (5.148625ms)
✔ 快递信息导入校验采购单存在、单号唯一、日期与数量合法 (0.457292ms)
✔ 国内签收、加入头程、状态推进与到仓自动签收 (1.147375ms)
✔ 供应商确认单需标签齐备，确认后回写采购单 (0.543958ms)
✔ 整柜渠道必须完整配置四个箱型，物流商可启停 (0.253541ms)
✔ 面辅料采购单可带原因关闭，关闭后不能再登记到货 (0.161292ms)
✔ 库存监控触发线与建议量公式，规则异常阻断建单 (2.229125ms)
✔ 建单数量不得超过建议量，调拨与采购资格分别阻断 (0.297791ms)
✔ 中转看板指标、分布与筛选跳转规则 (0.498334ms)
✔ 生产单校验与配料任务只读数据完整，系统设置结果为 8/6/10 (0.165042ms)
✔ 种子采购单按 SRM 生成器规律补齐单据级与明细级字段 (1.5915ms)
✔ 新建做货采购单保存采购专员、加急、首单、区域与明细字段并可回显 (1.203333ms)
✔ 未传新增字段时沿用默认值并保持既有命令兼容 (0.121041ms)
✔ 采购专员必填、做货必须选区域、重量非负均抛出中文 PmsDomainError (0.269584ms)
✔ 编辑采购单保存新增字段并回显，非法输入被阻断 (0.22ms)
✔ BOM 状态与 bomMatched 一致，未发布 BOM 的做货明细为未匹配 (0.181125ms)
✔ 行采购金额使用 roundPmsQty 且汇总等于逐行金额之和 (0.118958ms)
✔ 采购建议按缺口公式与折扣计算，并计入有效 KOL 申请 (0.7045ms)
✔ KOL 草稿与已驳回不计入建议缺口 (0.089417ms)
✔ 建议转采购单后写回已转数量与部分生成状态 (1.979791ms)
✔ 面辅料需求按 BOM 用量与损耗扣减库存和采购中 (1.044958ms)
✔ 重复生成、草稿采购单与非做货采购单均被阻断 (0.231333ms)
✔ KOL 单条超量需要二次确认，超过申请量直接阻断 (0.556541ms)
✔ 驳回 KOL 需求后不再计入建议缺口 (0.244208ms)
✔ 关闭采购单必须填写原因且已关闭不可重复关闭 (0.285458ms)
✔ 主体经营明细总成本、毛利与毛利率公式 (1.362459ms)
✔ 面辅料对账：预计/实际双层公式，费用项与差异双重门禁 (2.230333ms)
✔ 面辅料费用项部分确认、批量确认与编辑失效 (1.140333ms)
✔ 请款草稿跨页创建、请款与付款上限、编辑范围 (1.251667ms)
✔ 物流实际费用 12 列导入校验、不自动确认与确认后锁定 (0.8815ms)
✔ 请款单作废释放来源对账，已有付款不能作废 (0.642209ms)
✔ 供应商账单 9 列导入覆盖实际层且不自动确认 (0.559958ms)
✔ 金额大写按 RMB 规则输出并覆盖跨节零 (0.238583ms)
✔ 生成卷号按前缀、每卷米数、重量与起始序号生成并写入包装明细 (11.964125ms)
✔ 生成卷号时尾卷承载剩余数量，卷数按采购数量与每卷米数自动取整 (0.478583ms)
✔ 非法卷号参数被拒绝并抛出中文域错误 (0.3075ms)
✔ 生成标签后二维码内容包含卷号与箱规，参与打印 (0.25175ms)
✔ 箱规新增自动计算体积，重复箱号与非法尺寸被拒，删除后计数正确 (0.245875ms)
✔ 包装明细可新增与删除，非法输入被拒且删除后计数正确 (0.193458ms)
✔ 被包装明细引用的箱规不能删除 (0.074958ms)
✔ 供应商枚举与 SRM 完全一致，旧枚举不再出现 (0.725ms)
✔ 种子字段满足 SRM 枚举且协同指标为数字 (0.119583ms)
✔ 新增字段保存并回显，成功命令写入操作日志 (1.711125ms)
✔ 编辑保存新增字段并保持状态机与事件名不变 (0.401875ms)
✔ 非法或缺失输入抛 PmsDomainError 且不写入数据 (0.495875ms)
✔ 详情与列表展示新增字段、SRM 枚举与协同指标 (15.52175ms)
(node:47826) ExperimentalWarning: localStorage is not available because --localstorage-file was not provided.
(Use `node --trace-warnings ...` to show where the warning was created)
✔ RETURN-010: only the acceptance week Sunday is skipped, for every starting weekday (0.552667ms)
✔ RETURN-004—010: both projections share counting dates and ceil targets (0.27625ms)
(node:47827) ExperimentalWarning: localStorage is not available because --localstorage-file was not provided.
(Use `node --trace-warnings ...` to show where the warning was created)
✔ 实际耗时跨周日仍按真实时间差；没有可靠时间不造耗时 (0.431083ms)
✔ 每任务都达成才结束；同一来源去重，作废明细不影响主表 (0.13875ms)
✔ 耗时页 Mock 至少覆盖九张生产单和全部节点，且下游事实不会越过未完成的前置节点 (612.06ms)
✔ 裁片放行按一张放行单内的多次放行展示并选取节点起止时间 (30.0525ms)
(node:47828) ExperimentalWarning: localStorage is not available because --localstorage-file was not provided.
(Use `node --trace-warnings ...` to show where the warning was created)
✔ EXC-001—004: a reference mark cannot change debt, strict kits or final task responsibility (8.137792ms)
(node:47829) ExperimentalWarning: localStorage is not available because --localstorage-file was not provided.
(Use `node --trace-warnings ...` to show where the warning was created)
✔ 派单新增主档工厂可登记承接关系，未知工厂仍阻断 (1.636ms)
✔ 专属任务保留整单身份、数量和接收方，工艺分支保留全部前置关系 (0.882583ms)
✔ 原生产单车缝任务仍可被 PPIC 分配与责任移交识别，SKU 总量完整 (9.312708ms)
✔ PRINT-HISTORY-001: demo identities remain fixed and reject another factory or task (0.894542ms)
✔ PRINT-HISTORY-002: DYE-GOTO-GLOBAL historical slot 09 survives independent reloads without overwriting (1932.781834ms)
✔ PRINT-HISTORY-002: ID-FAC-001165 historical slot 09 survives independent reloads without overwriting (2398.586167ms)
(node:47832) ExperimentalWarning: localStorage is not available because --localstorage-file was not provided.
(Use `node --trace-warnings ...` to show where the warning was created)
✔ VERIFY-003: dispatch reads keep all documents and independent copies without projecting unrelated business views (325.022875ms)
(node:47833) ExperimentalWarning: localStorage is not available because --localstorage-file was not provided.
(Use `node --trace-warnings ...` to show where the warning was created)
✔ PERF-002/004: scoped receiving reads preserve direct receipts and allocations, without exposing mutable facts (21.4025ms)
✔ PERF-002/004: a synchronous relation read matches independent reads and releases its scope after errors (593.408417ms)
✔ PERF-004: batched print list reviews and handovers equal independently read facts (391.273042ms)
✔ PERF-004: scoped handovers keep canonical sorting and task point reads preserve identity (5.525833ms)
✔ PERF-004: reusing warehouse documents preserves each dye order source, quantity and receiver (358.760667ms)
(node:47834) ExperimentalWarning: localStorage is not available because --localstorage-file was not provided.
(Use `node --trace-warnings ...` to show where the warning was created)
✔ craft source selection preserves all previous source choices and isolated snapshots (15.683333ms)
✔ source eligibility is re-evaluated after a source order changes (0.1155ms)
(node:47835) ExperimentalWarning: localStorage is not available because --localstorage-file was not provided.
(Use `node --trace-warnings ...` to show where the warning was created)
✔ 验收数据至少包含 5 张染色和 5 张印花提前加工单，并覆盖全部匹配状态 (594.847917ms)
✔ 印花专业成果把多张图片和多个文件统一保存在同一附件集合 (0.141ms)
✔ 同一生产需求可手动选择具体专业任务，创建结果保存所选任务与全部成果附件 (85.442625ms)
✔ 创建提前加工单必须选择所属专业任务并明确加工厂 (2.804ms)
✔ 计划加工数量包含损耗率，且染色印花投入与产出 SKU 必须不同 (0.145625ms)
✔ 专业成果未审核通过时不可创建提前加工单 (0.112042ms)
✔ 多个生产需求合并为一张生产单时，可匹配多张提前染色加工单 (49.1035ms)
✔ 等待技术包的提前单在技术包就绪后可由同一匹配服务自动重试 (12.571417ms)
✔ 合并生产单中只有部分需求有提前单时，只为未覆盖需求补建剩余数量 (104.756958ms)
✔ 已有提前单但正式 BOM 或 SKU 不一致时进入异常，且不重复补建同一工艺单 (118.788125ms)
✔ 取消后重建保留旧单，并建立双向替代关系 (3.351208ms)
✔ 没有提前加工单的需求仍保留正式加工单快照 (12.482459ms)
✔ BOM uses formally reduced quantity and leaves unsupported conversion unknown (0.843708ms)
✔ reuse retains one shared source instance and adds no duplicate processing duration (0.238ms)
✔ a new rework/recheck round extends the dependency path two days and conserves qualified pieces (0.095625ms)
✔ date-only source is not coerced to a precise instant or exact deadline (0.105792ms)
✔ known order shipment can be timed without crediting an unknown production source (0.076167ms)
✔ waiting for actual fulfillment can be overall late while factory completion stays on time (0.068625ms)
✔ all six named cards render directly checkable evidence without changing production task facts (2.785125ms)
✔ all ten tasks have independent drill-down networks and one frozen aggregate snapshot (1.44825ms)
✔ 31-item dependency recursion proves 24 natural days and shows the actual sum/max formula (0.528958ms)
✔ improving procurement by ten days only improves whole-task timing by one day (0.393042ms)
✔ network rejects circular/missing dependencies and unknown is never zero time (0.484542ms)
✔ each complete standard mock network and live forecast agrees with the task summary (2.994792ms)
✔ quantity forecast finds a one-day risk before any actual deadline is missed (1.149625ms)
✔ all-natural-day clock includes Sundays, preserves timezones, equality is on time and one second is late (0.227541ms)
✔ already-overdue outranks forecast missing; historical completion stops the clock (0.166958ms)
✔ upstream two-day delay and local catch-up pressure are distinct from current-team fault (0.155208ms)
✔ manual forecast is local, propagates both earlier and later dates, and never relaxes baseline (1.987375ms)
✔ saving a manual forecast refreshes all affected node labels without pretending capacity was increased (1.146708ms)
✔ zero capacity and stale progress never forecast zero remaining duration (0.292875ms)
✔ stock and purchase coverage do not imply factory readiness or a new purchase gap (0.274875ms)
✔ stock-only task still has transfer; purchased material must move beyond warehouse entry (0.125375ms)
✔ batch schedule conserves shared capacity and 90 percent occurs at a real batch event (0.272042ms)
✔ customer cancellation without production allocation does not reduce any task (0.233666ms)
✔ excess shipment of one SKU cannot hide shortage of another (0.155875ms)
✔ duplicate, out-of-order and corrected quantity events conserve the effective sum (0.362458ms)
✔ shared work is counted once while merged source tasks preserve independent T0 and deadlines (0.25925ms)
✔ orders enter analysis only from actual shipment and have their own clock (0.378541ms)
✔ region and supply mode select rules together, unpublished candidate rules never apply (0.353208ms)
✔ filters share exact aggregate scope and date windows are left-closed right-open (0.805ms)
✔ Chinese UI defaults and all scope options filter the intended task population (0.228625ms)
✔ Chinese risk shortcut agrees with risk KPI and does not accidentally select completed or overdue tasks (0.273542ms)
✔ Chinese date-field labels use due date, start date and predicted completion respectively (0.218667ms)
✔ team and stage filters match applicable work nodes rather than only current task responsibility (0.134125ms)
✔ V3 team and factory must match the same node and empty all-scope still keeps a task (0.063375ms)
✔ V3 unknown shipment has no percentage and completed work without deadline is not on time (0.043834ms)
✔ 恢复预测保留不同工作和日期的顺序，只合并连续相同计算且不改写历史 (4.858291ms)
✔ 同一调拨动作按国家和供给方式命中不同预算，候选规则不参与匹配 (1.236625ms)
✔ 同优先级重叠命中必须冲突，明确更高优先级例外才可覆盖 (0.807791ms)
✔ 数量档边界不得跨档或用默认预算掩盖无规则 (0.171042ms)
✔ 子项七天而组上限五天阻断，网络不被截短也不在组外重复加预算 (0.368458ms)
✔ 并行分支取最大值，循环和缺失前置不得算成零天 (0.276583ms)
✔ 工厂实收映射须有明细与物流批次，入库不冒充到厂，重复事件不累加 (0.296625ms)
✔ 投入产出、单位或质量门槛不合规，不能放行下游 (0.184667ms)
✔ 新版本仅记录显式重算范围，不能顺延旧基线或考核截止 (0.753041ms)
✔ 默认演示配置没有阻断，会议候选必须以提示保留 (0.21325ms)
✔ 选定在途W19规则从1改3，本地路线24改26而原始/生效截止与实际事实不变 (5.015458ms)
✔ 在途发布同层冲突、缺规则、缺映射或事件边界变化都不生成覆盖 (0.369833ms)
✔ 发布覆盖可从初始快照恢复且重复应用幂等，未选任务不受影响 (2.222041ms)
✔ 未完成调拨预算增加后，预测沿下游传播；已完成上游事实仍原样 (1.864416ms)
(node:47840) ExperimentalWarning: localStorage is not available because --localstorage-file was not provided.
(Use `node --trace-warnings ...` to show where the warning was created)
✔ 首次来源读取只创建当前存在的缺口，历史从本次观察开始 (1.046ms)
✔ 事项键由任务、工作与类型生成，中文说明变化不新增事项 (0.317417ms)
✔ 缺款图形成独立事项，增加地址不等于款色对应核验通过 (0.247583ms)
✔ 登记责任期限不修改事实或关闭事项，只有后续来源读取确认恢复 (0.627125ms)
✔ 同一恢复事实重复核对不制造历史，缺口复现重新打开且保留期限 (0.30025ms)
✔ 任务或工作未返回、数量已知性字段消失均不是恢复证据 (0.268083ms)
✔ 来源身份变更不能在同一次读取中把旧缺口标为恢复 (0.209875ms)
✔ 未结构化来源审核项不因文字消失自动关闭 (0.4085ms)
✔ 本地持久化保留独立事项、责任、期限和恢复历史 (0.514959ms)
✔ 本地损坏记录不伪造历史、不覆盖旧内容、不允许假保存 (0.735125ms)
✔ 责任、期限、调整原因必填；存储失败给出未保存结果 (0.266584ms)
✔ 数据待补按事项分页和筛选，提供独立登记及来源刷新入口 (2.213791ms)
✔ 事项按自身负责人和修复期限筛选，不借任务跟单替代 (0.239333ms)
✔ 空在途范围不展示历史演示日期压力图 (2.24975ms)
✔ 未知预算仍保留串并行和汇合箭头，位置不依赖日期 (4.907833ms)
✔ 下游未开工且前置未完的逾期归为等待；根卡点标出具体工作和全部后继 (1.022875ms)
✔ 取消和已完成不是当前卡点，数据缺口不当执行逾期 (0.585875ms)
✔ 已开工工作即使前置未完，也保留其来源责任逾期并提示核对 (0.457333ms)
✔ 卡点范围仍显示上游参照及所有受影响后继，不显示无关支路 (1.024792ms)
✔ 单据摘要默认展开来源核心字段，不只展示时效 (0.742042ms)
✔ 需求摘要指向已存在的需求列表，入口不冒称独立详情 (1.046584ms)
✔ 缺少单据不得生成虚构摘要或默认完成数 (0.358292ms)
✔ 已实收的有效结束满足前置，取消前置不会被视为供给完成 (0.541625ms)
✔ 质检不合格仍是放行卡点，不因检验时间存在变为可放行 (1.022333ms)
✔ 来源已有不合格检验结果但缺建立时间时，不因前置未完而隐藏本项卡点 (1.773125ms)
✔ 作废且不计时不等于前置已完成；来源已阻断是明确卡点 (1.09575ms)
✔ 已知工作预算齐备但范围未确认时，公式页不得称作全程标准 (1.910417ms)
✔ 暂停或受阻工作不因遗留结束时间而放行下游 (1.883417ms)
✔ 生产准备初始化按编号读取定义与完整目录逐值一致，保留不存在时的契约 (3.478333ms)
✔ 单定义读取的可编辑数组保持隔离，不污染其他任务读取 (0.389625ms)
▶ execution source relations retain full facts without unrelated cold initialization
  ✔ cold read resolves real runtime scope and leaves print/dye execution ledgers untouched (139.045875ms)
  ✔ scoped cold result equals original complete enumeration after the same actual ID resolution (518.616375ms)
  ✔ production with print/dye uses all existing preparation facts and keeps unknown IDs unknown (974.391917ms)
  ✔ live explicit cross-order reference and cancellation facts survive scoped reading (36.613125ms)
  ✔ real persisted cancellation restores through the original validated path in a new process (1427.256083ms)
  ✔ QC reads real fact quantities and renders explicit missing artwork without placeholder network dependency (131.52475ms)
✔ execution source relations retain full facts without unrelated cold initialization (3561.830084ms)
(node:47844) ExperimentalWarning: localStorage is not available because --localstorage-file was not provided.
(Use `node --trace-warnings ...` to show where the warning was created)
✔ production source time uses explicit Shanghai time and rejects date-only completion (0.738916ms)
✔ DDS tasks use demand identity and do not invent preparation, budgets, shipment quantities or orders (2.034083ms)
✔ source bindings require existing same-style preparation and published technical version (0.35875ms)
✔ reuse preserves its source/version and does not add past preparation duration (0.342208ms)
✔ explicit unneeded work is excluded but unconfirmed missing work remains a decision, never zero-day completion (0.235958ms)
✔ explicit dependencies preserve parallel entries and repeated processes instead of serial sorting (0.617666ms)
✔ missing explicit predecessors do not become confirmed parallel roots (0.238833ms)
✔ missing predecessor and material SKU discontinuity block route certainty without fabricated edges (0.260667ms)
✔ cyclic source dependency stays a blocking issue and source objects remain unchanged (0.259292ms)
✔ read snapshot uses all current demand records without private Mock tasks or automatic same-style preparations (57.734209ms)
✔ continuous material SKU edges stay confirmed while an unconfirmed route remains pending (0.215208ms)
✔ unverified reuse does not fabricate a completed zero-day result (0.143041ms)
✔ binding writes only the DDS association key and is reflected by the next read (12.56025ms)
✔ execution source uses exact production-order identity, assigned factory and responsibility deadline (0.254792ms)
✔ only a unique exact technical entry binds execution to route; same-name and split executions stay independent (0.297084ms)
✔ preparation-only source cycles are blocked without depending on a technical pack branch (0.223042ms)
✔ source time and manual forecast stay separate from frozen rule examples and missing SLA (0.472167ms)
✔ cancelled execution is not a late blocker and unfinished status cannot borrow a stale completion timestamp (0.157084ms)
✔ document summaries are factual, compact strings; decisions without a document stay unbound (0.128958ms)
✔ formal preparation output connects the exact confirmation, route entry and production version (0.346917ms)
✔ technical object identity and its material photo are retained without using the style photo (0.145542ms)
✔ material transfer has serial dispatch, transport and receipt with separate responsibility and source identity (0.277041ms)
✔ approval, sent quantities and delivery-note registration cannot prove physical handout or logistics delivery (0.170666ms)
✔ actual handout starts transportation but factory receipt never backfills logistics delivery or reception start (0.121458ms)
✔ receipt quantities require the same source line, target factory and unit; mixed units never close reception (0.159542ms)
✔ voided transfers keep evidence but no effective supply or transport completion (0.11425ms)
✔ a document handout timestamp does not complete unshipped or partially shipped source lines (0.7295ms)
✔ only preparation-bound purchase documents are included, and purchase completion never invents warehouse arrival (0.153417ms)
✔ quality is scoped to its recorded sample and does not establish shipment orders or whole-order completion (0.194125ms)
✔ current source snapshot exposes matching handover, quality and transfer documents, not generic placeholders alone (4.132292ms)
✔ only a real same-version production order becomes a root execution predecessor (0.340041ms)
✔ task lead blocker matches dependency analysis instead of blaming an unstarted downstream deadline (0.104583ms)
✔ failed inspection exposes the concrete unqualified quantity as blocker reason (0.114166ms)
✔ category sample images never stand in for a source style; a dedicated source image is retained (0.143333ms)
(node:47845) ExperimentalWarning: localStorage is not available because --localstorage-file was not provided.
(Use `node --trace-warnings ...` to show where the warning was created)
✔ 当前非 Mock 需求可保存显式工作映射，序列化后可恢复且不改来源事实 (46.746459ms)
✔ 未保存映射、规则空天数、事件范围变化与同级冲突分别给出真实阻断 (11.482292ms)
✔ 同一工作不得存两份口径，来源身份变化或未知数量不允许保存 (10.459959ms)
✔ 工作单位不换算、通配值不充当事实、里程碑不重复加预算 (4.93ms)
✔ 来源任务发布单项预算后保持整体待定，刷新覆盖和已有截止均保留 (4.384ms)
✔ 缺准备或实发范围时即使要求首次建基线也阻断，并且不写覆盖 (12.433ms)
✔ 已确认的未来发货工作尚无实发事实也可建 T0+最长路径基线，缺进度只影响预测 (3.465167ms)
✔ 已发布后来源工作身份变化，不把旧映射预算套到新单据 (9.118417ms)
✔ 配置页面保存映射到本地，空天数发布被阻断，填写预算后实际发布当前来源任务 (9.413791ms)
✔ 查生产入口只在合法系统路由显示，并在打印与 PDA 路由隐藏 (0.53075ms)
✔ 相似前缀和相似打印段不会被当成合法路由 (0.070834ms)
(node:47848) ExperimentalWarning: localStorage is not available because --localstorage-file was not provided.
(Use `node --trace-warnings ...` to show where the warning was created)
✔ PERF-001: runtime snapshot and all nine subsets preserve every production order value and caller isolation (19.349083ms)
✔ PERF-001: a subset read does not traverse or clone unrelated snapshot sections (0.206542ms)
✔ PERF-001: paper pattern binding strips and nested craft arrays remain isolated after mutation (0.299791ms)
✔ PERF-001: replacing or updating the bound snapshot is visible immediately without a stale cache (0.152834ms)
✔ PERF-001: missing production order keeps null and empty-list contracts (0.071916ms)
(node:47849) ExperimentalWarning: localStorage is not available because --localstorage-file was not provided.
(Use `node --trace-warnings ...` to show where the warning was created)
✔ VERIFY-003: scoped reads preserve pending/voided sources and defensive copies (2.553625ms)
✔ VERIFY-003: metadata lookup reflects registry changes and returns independent locations (5.627959ms)
✔ 并发调用复用同一个模块加载 Promise，成功后继续复用结果 (1.715292ms)
✔ 模块加载失败后清空缓存，下一次调用可以重试 (0.498458ms)
✔ 独立打印外壳只命中完整生产确认单打印路由 (0.49075ms)
✔ 既有固定打印路由仍使用独立打印外壳 (0.092875ms)
✔ 五类页面共享采购到交出的串联 Mock，重复初始化不重置执行事实 (247.619833ms)
✔ 三个中央工厂在组织目录与执行工厂中身份一致且仅出现一次 (0.432ms)
✔ 花边角色与采购映射归属TMF但供应方仍保留独立身份 (0.072125ms)
✔ 橡筋定长切割仍归SPF，不成为TMF织带截断任务 (0.090459ms)
✔ 旧浏览器组织记录迁移后不与权威TMF并存且保留已有联系人 (5.838083ms)
(node:47855) ExperimentalWarning: localStorage is not available because --localstorage-file was not provided.
(Use `node --trace-warnings ...` to show where the warning was created)
✔ 连续织带实际650米交出→648+2实收→染色可用650，仓库和用料保持米制且无公斤换算 (10.075958ms)
✔ 连续长度口径不可用于纱线/码制，普通辅料仍要求实际称重 (0.565958ms)
✔ 原生连续辅料染色650→640：实际工厂实收及用料驱动加工，使用对象对应蓝色织带参考图 (674.662125ms)
(node:47856) ExperimentalWarning: localStorage is not available because --localstorage-file was not provided.
(Use `node --trace-warnings ...` to show where the warning was created)
✔ 织带与绳子参考档案接入实际物料库，保留图片来源和未确认尺寸，不替换橡筋 (21.728708ms)
✔ 同分钟新建不同幅宽织带和绳径主档不共用SPU身份，SKU保持各自父档归属 (65.093ms)
✔ TMF半成品SKU按SPU→潘通色号→颜色→花型生成，长度和端头不进入SKU (0.192542ms)
(node:47858) ExperimentalWarning: localStorage is not available because --localstorage-file was not provided.
(Use `node --trace-warnings ...` to show where the warning was created)
✔ TMF发布采用链：技术包发布门禁→审核发布→启用→生产单采用→生成织带加工需求 (795.519042ms)
✔ TMF发布门禁：含织带截断工序但规格未补齐的采用版本不能发布 (40.356ms)
✔ 正式生产路线只关联相邻同BOM同SKU的染色→印花，不生成数量或修改来源 (0.91375ms)
✔ 跨单/版本/工序/用途/SKU/单位、缺工厂与已有其他接收单都不能接续 (0.26025ms)
✔ 印花连续辅料仅接同版本同BOM的直接截断节点，不修改SKU和数量 (0.68425ms)
✔ 染色来源已绑定印花时拒绝直接截断，不读取不存在的顶层字段 (0.250833ms)
✔ TMF V1 原型范围、工厂身份和现场默认参数已冻结 (1.337708ms)
✔ TMF 风险动作默认要求主管与二次确认，采购行身份不可丢失 (0.139333ms)
{"scenario":"N02","scope":"业务动作主链含纱线重量账；含端头辅材采购实收；不含PCS发布采用页面、纱线采购上游","purchaseReceived":1300,"productionReceived":1000,"warehouseContinuousM":30,"netCutM":1260,"lossM":10,"headUnit":"个","headReceived":2020,"headRemaining":15}
{"scenario":"N03","scope":"业务动作主链含纱线重量账；含端头辅材采购实收；不含PCS发布采用页面、纱线采购上游","purchaseReceived":60,"productionReceived":100,"warehouseContinuousM":9,"netCutM":50,"lossM":1,"headUnit":"个","headReceived":202,"headRemaining":1}
{"scenario":"N04","scope":"业务动作主链含纱线重量账；含端头辅材采购实收；不含PCS发布采用页面、纱线采购上游","purchaseReceived":100,"productionReceived":50,"warehouseContinuousM":34,"netCutM":65,"lossM":1,"headUnit":"kg","headReceived":0.2,"headRemaining":0.04}
{"scenario":"B06","scope":"规范数量动作链；塑料头从仓库实收事实开始，补购基础生产未虚构纱线配方；不代表全部页面验收","continuous":9,"productionReceived":1000,"scrapped":100,"scrappedMeters":120,"loss":11,"metalRemaining":15,"plasticRemaining":2}
{"scenario":"N05","mergedBatch":"FULL-N05-MERGED","purchaseReceivedM":120,"mergedIssuedM":102,"mergedProducedPieces":200,"productionReceivedByOrder":[100,100],"warehouseContinuousM":19,"lossM":1,"returnedM":1}
{"scenario":"B17","mergedBatch":"FULL-B17-MERGED","purchaseReceivedM":120,"mergedIssuedM":102,"mergedProducedPieces":200,"productionReceivedByOrder":[100,100],"warehouseContinuousM":19,"lossM":1,"returnedM":1}
{"scenario":"N01","rawReceivedKg":12,"consumedKg":10,"returnedKg":1,"factoryRemainingKg":1,"semiFinishedReceivedM":1000}
{"scenario":"N02","rawReceivedKg":12,"consumedKg":10,"returnedKg":1,"factoryRemainingKg":1,"semiFinishedReceivedM":1300}
{"scenario":"N03","rawReceivedKg":12,"consumedKg":10,"returnedKg":1,"factoryRemainingKg":1,"semiFinishedReceivedM":60}
{"scenario":"N04","rawReceivedKg":12,"consumedKg":10,"returnedKg":1,"factoryRemainingKg":1,"semiFinishedReceivedM":100}
{"scenario":"N05","rawReceivedKg":12,"consumedKg":10,"returnedKg":1,"factoryRemainingKg":1,"semiFinishedReceivedM":120}
{"scenario":"PRINTBACK-source-fixture","nativePrint":{"inputM":650,"outputM":630,"lossM":20,"outputImage":"MISSING_BLOCKED"},"sourceDispatched":630,"actualReceived":630,"cutMeters":620,"lossMeters":2,"returnedMeters":8,"baseLeftMeters":350,"scope":"原生印花650→630已独立重放；下游630米交出仍为专项夹具，不替代缺图正式交出或N01完整上游"}
{"scenario":"B09-downstream-recovery","basePhysicalM":350,"otherReservedM":350,"baseAvailableM":0,"processedReturnM":8,"productionPieces":[400,600],"scope":"含实际占用失败、释放、发料及印花回料后全链；原生印染20米损耗未执行，不是完整B09通过"}
{"scenario":"B05-cut-recovery","received":[400,600],"frozenPieces":10,"frozenLengthMm":500,"continuous":2.5,"cutLoss":2.5,"upstreamScope":"印花630米已交出为外部专项夹具，不冒充原生印染20米损耗或全N01"}
(node:47866) ExperimentalWarning: localStorage is not available because --localstorage-file was not provided.
(Use `node --trace-warnings ...` to show where the warning was created)
✔ N01～N05：通过现有 PMS 入口下达，每条采购链从零执行到仓库实收；交出不提前增加库存 (23.5095ms)
✔ 半成品加工没有原料实收和足量耗用时禁止产出，补齐同一原料链后才能填报 (4.667334ms)
✔ MOCK-007：规范场景使用同一采购行、基础单和生产需求身份，不复制孤立页面 Mock (5.765583ms)
✔ MOCK-009：重置只重载隔离的运行态，不清除用户浏览器数据 (0.306459ms)
✔ B01/B03：短收保留在途和采购缺口；重复扫描、生成和刷新不双记 (8.38375ms)
✔ B02/B04：多收、错 SKU、错仓和无权限动作不改变任意下游数量；恢复后正常收齐 (1.577792ms)
✔ OVR-001～003：超产与超收须主管二次确认，计划不扩、幂等且下游一致 (2.993375ms)
✔ MASTER-001～003/005：采购与端头采购映射原型内建主档，缺失阻断且身份稳定 (15.762458ms)
✔ MASTER-004：映射前历史记录保留原快照与未映射标记，不批量改写 (0.8965ms)
✔ TERM-001～005：取消后终止处置台逐项决定，未处置不得结案且数量对账守恒 (7.540833ms)
✔ 终止连续余料：实物余量只扣一次报废，拒绝超量且剩余数量可继续处置 (7.18875ms)
✔ GAP-TERM-004：上游未收与生产在途分别确认去向，不可重复登记 (0.9365ms)
✔ DYE-001～003：染色直交织带厂按实际交出分配实收，追溯原染色单且不重复扣料 (860.201209ms)
✔ 采购追加：未开始同步计划，已执行保留原计划和实物并处理变更 (5.804375ms)
✔ B21：保存失败不报成功、不留部分库存；成功后刷新读取同一采购和收货事实 (1.555875ms)
✔ 采购→两种规格截断→拆包回仓→分配发料→生产实收：短收保留缺口，库存及采购不双记 (23.1895ms)
✔ B09：其他需求占用400米时不能再占650；释放50后恢复，错误发料不改变库存 (9.690416ms)
✔ 需求来源：同尺码不同成衣SKU分别保留，BOM适用范围生效，错误快照和重复工序阻断 (0.53925ms)
✔ 待打头条料不计合格产出；超公差实物记不良且照实扣下料当量，未实收不可截断 (36.963167ms)
✔ N04：采购100米→单端硅胶按kg实耗→回仓发料→生产实收50根，连续料剩34米 (29.488375ms)
✔ B15：截断后取消保留1000根在制和1260米当量，释放未发占用并只退连续余料 (28.143958ms)
✔ 已回仓部分发料后取消：释放未发分配，冻结实存，已发在途保留且实收不恢复需求 (26.517667ms)
✔ N02规范数值：采购→实际加工→生产实收及米料/辅材退仓整链 (99.20525ms)
✔ N03规范数值：采购→实际加工→生产实收及米料/辅材退仓整链 (70.71925ms)
✔ N04规范数值：采购→实际加工→生产实收及米料/辅材退仓整链 (73.986417ms)
✔ B06规范恢复：误装100根报废→补购100米并补做→生产实收1000根，三套实物账守恒 (149.943958ms)
✔ N05合并批：120米采购→102米合并投入→两生产单各实收100，B17独立副本拆100为40+60 (95.287583ms)
✔ B17合并批：120米采购→102米合并投入→两生产单各实收100，B17独立副本拆100为40+60 (112.02825ms)
✔ N01～N05基础原料重量账：源仓实收→发出→工厂实收→耗用/余料→原仓实收，与米制产出独立 (237.787041ms)
✔ 主生产单暂停/取消直接限制织带执行，已发实收保留且取消处置释放未发占用 (68.303792ms)
✔ 冷启动及旧标签页均读取已保存主单限制，损坏来源不默许执行 (0.263958ms)
✔ 印花交出按两种长度分配，原单分次实收唯一记账，随后截断/回仓/领料守恒 (631.97375ms)
✔ 主单离页保存保留其他页取消及新增单，同单并发编辑和存储失败不覆盖 (1.889916ms)
✔ 技术包换版后旧规格冻结，已交出的仓库及生产在途可实收且不改旧长度 (64.912792ms)
✔ 未发料换版释放旧占用，新需求从备料至生产实收，旧预览和已执行重算阻断 (108.945ms)
✔ 已加工换版：旧200条冻结并释放未发分配，新550/700mm需求实收1000条，旧预览失效且库存守恒 (127.729708ms)
✔ B05实际410/590错配：短条余量冻结，连续余料8米补10条700mm至两规格生产实收 (283.02775ms)
✔ 加工计划时间独立保存：明确时区、并发版本阻断、实际节点不倒推开完工且库存不变 (27.161875ms)
✔ 加工单费用按技术包需求计价：单位、币种和版本可追溯，库存与实收不被费用动作改变 (20.604709ms)
✔ 织带加工单没有接单或开工门禁，投入实收后可直接加工填报 (51.653208ms)
✔ B23未执行采购1000减900：版本留痕、旧预览阻断、重新确认接受后900实际生产实收 (52.634166ms)
✔ B24实收1000退100：仓库交出与TMF分次实收独立，原收保留且净900后减量 (87.579334ms)
✔ 采购取消门禁：无执行事实可取消，已收货或已生产必须先处置不能直接结案 (49.364042ms)
✔ PMS采购实际仓库实收与原料库存一次保存；分批、刷新、原料使用和退回均不重复履约 (201.616709ms)
✔ 历史手工到货及不支持的单位不能直接变成投入料可用库存 (0.377583ms)
✔ 首次实收前供应商确认与关闭可刷新恢复，保存失败和损坏存储不会覆盖状态 (0.400125ms)
✔ N01采用路线按染色→印花关联原单，多尺码不重复列工序，不修改印染数量 (1.095083ms)
✔ 旧版本、错误SKU、码制单位、取消或变更待处理均不作为有效关联 (0.230125ms)
✔ 同号不同生产单或BOM不得关联，重复来源不静默选择，混合快照阻断 (0.249125ms)
✔ 编辑器按尺码保留规格，截断打头不新建SKU，重复保存沿用节点身份 (1.616584ms)
✔ 无印染要求时 TMF 路线只生成截断节点，不凭空生成染色或印花节点 (0.125167ms)
✔ 前序印染产出SKU作为截断投入；保留独立橡筋工艺，移除打头后下游连接截断 (0.36175ms)
✔ 未明确打头、错误辅料BOM、无半成品和不合法前序不能生成可执行路线 (0.139416ms)
(node:47871) ExperimentalWarning: localStorage is not available because --localstorage-file was not provided.
(Use `node --trace-warnings ...` to show where the warning was created)
✔ N01：400 条 50CM 和 600 条 70CM 分行计算，共 620 米；未增加 SKU (2.883666ms)
✔ 缺少尺码数量、非整数条数、公差或测量条件时不猜测需求 (0.673958ms)
✔ B07：未选择打头、缺少端头方式或辅材不能确认；支持两端不同端头 (0.41925ms)
✔ N04/B08：硅胶按重量且必须有覆盖长度，不作为独立金属头计数 (0.223ms)
✔ B18：打头只能承接对应截断条料，不能换 SKU、换长度或重新领连续料 (0.793917ms)
✔ N05：规格相同可以合并，但尺码、用途和需求身份不靠物理规格键代替 (0.246084ms)
✔ B14：修改后续版本端头要求不能污染生产单历史快照 (3.010667ms)
✔ 发布门禁：含织带截断工序的技术包必须规格完整且规格仍关联当前 BOM (0.404458ms)
ℹ tests 436
ℹ suites 0
ℹ pass 436
ℹ fail 0
ℹ cancelled 0
ℹ skipped 0
ℹ todo 0
ℹ duration_ms 9742.610084
vite v6.4.3 building for production...
transforming...
✓ 2684 modules transformed.
rendering chunks...
[plugin vite:reporter]
(!) /Users/laoer/Documents/higoods/src/data/app-shell-config.ts is dynamically imported by /Users/laoer/Documents/higoods/src/router/routes.ts but also statically imported by /Users/laoer/Documents/higoods/src/components/shell.ts, /Users/laoer/Documents/higoods/src/state/store.ts, dynamic import will not move module into another chunk.

[plugin vite:reporter]
(!) /Users/laoer/Documents/higoods/src/components/production-object-floating-entry.ts is dynamically imported by /Users/laoer/Documents/higoods/src/main.ts but also statically imported by /Users/laoer/Documents/higoods/src/components/shell.ts, dynamic import will not move module into another chunk.

[plugin vite:reporter]
(!) /Users/laoer/Documents/higoods/src/data/fcs/printing-task-domain.ts is dynamically imported by /Users/laoer/Documents/higoods/src/data/fcs/dyeing-task-domain.ts, /Users/laoer/Documents/higoods/src/data/fcs/tmf-upstream-process-orders.ts, /Users/laoer/Documents/higoods/src/data/pms/tmf-material-purchases.ts, /Users/laoer/Documents/higoods/src/pages/process-factory/accessory/webbing/work-order-detail.ts, /Users/laoer/Documents/higoods/src/pages/process-factory/accessory/webbing/work-order-detail.ts but also statically imported by /Users/laoer/Documents/higoods/src/data/fcs/cutting/material-prep.ts, /Users/laoer/Documents/higoods/src/data/fcs/cutting/supplement-node-facts.ts, /Users/laoer/Documents/higoods/src/data/fcs/design-revision-material-transfer.ts, /Users/laoer/Documents/higoods/src/data/fcs/design-revision-process-work-order-adapter.ts, /Users/laoer/Documents/higoods/src/data/fcs/factory-receiving-links.ts, /Users/laoer/Documents/higoods/src/data/fcs/factory-receiving-source-sync.ts, /Users/laoer/Documents/higoods/src/data/fcs/mobile-execution-task-index.ts, /Users/laoer/Documents/higoods/src/data/fcs/pda-start-link.ts, /Users/laoer/Documents/higoods/src/data/fcs/printing-factory-demos.ts, /Users/laoer/Documents/higoods/src/data/fcs/printing-material-receipts.ts, /Users/laoer/Documents/higoods/src/data/fcs/printing-statistics.ts, /Users/laoer/Documents/higoods/src/data/fcs/printing-warehouse-view.ts, /Users/laoer/Documents/higoods/src/data/fcs/printing-work-order-business.ts, /Users/laoer/Documents/higoods/src/data/fcs/process-action-writeback-service.ts, /Users/laoer/Documents/higoods/src/data/fcs/process-execution-writeback.ts, /Users/laoer/Documents/higoods/src/data/fcs/process-mobile-task-binding.ts, /Users/laoer/Documents/higoods/src/data/fcs/process-warehouse-linkage-service.ts, /Users/laoer/Documents/higoods/src/data/fcs/process-web-status-actions.ts, /Users/laoer/Documents/higoods/src/data/fcs/process-work-order-domain.ts, /Users/laoer/Documents/higoods/src/data/fcs/process-work-order-generation-service.ts, /Users/laoer/Documents/higoods/src/data/fcs/production-demand-early-process-work-orders.ts, /Users/laoer/Documents/higoods/src/data/fcs/production-object-overview.ts, /Users/laoer/Documents/higoods/src/data/fcs/production-process-work-order-service.ts, /Users/laoer/Documents/higoods/src/data/fcs/task-print-cards.ts, /Users/laoer/Documents/higoods/src/pages/pcs-independent-sampling.ts, /Users/laoer/Documents/higoods/src/pages/pda-exec-detail.ts, /Users/laoer/Documents/higoods/src/pages/pda-exec.ts, /Users/laoer/Documents/higoods/src/pages/pda-task-receive.ts, /Users/laoer/Documents/higoods/src/pages/print/templates/printing-work-order-template.ts, /Users/laoer/Documents/higoods/src/pages/process-factory/cutting/production-order-overview-projection.ts, /Users/laoer/Documents/higoods/src/pages/process-factory/dyeing/pending-receipts.ts, /Users/laoer/Documents/higoods/src/pages/process-factory/printing/dashboards.ts, /Users/laoer/Documents/higoods/src/pages/process-factory/printing/dialogs.ts, /Users/laoer/Documents/higoods/src/pages/process-factory/printing/dispatch.ts, /Users/laoer/Documents/higoods/src/pages/process-factory/printing/events.ts, /Users/laoer/Documents/higoods/src/pages/process-factory/printing/presentation.ts, /Users/laoer/Documents/higoods/src/pages/process-factory/printing/shared.ts, /Users/laoer/Documents/higoods/src/pages/process-factory/printing/statistics.ts, /Users/laoer/Documents/higoods/src/pages/process-factory/printing/work-order-detail.ts, /Users/laoer/Documents/higoods/src/pages/process-print-orders.ts, /Users/laoer/Documents/higoods/src/pages/process-work-orders/early-process-management.ts, /Users/laoer/Documents/higoods/src/runtime/fcs/cutting/pickup-management-runtime.ts, dynamic import will not move module into another chunk.

computing gzip size...
dist/index.html                                                           1.25 kB │ gzip:   0.64 kB
dist/assets/pcs-pattern-parse.worker-B3_rAVMB.js                         18.52 kB
dist/assets/source-views-23Nr_RHD.css                                    34.63 kB │ gzip:   7.04 kB
dist/assets/index-Cw8QthSY.css                                          154.74 kB │ gzip:  25.38 kB
dist/assets/store-domain-quality-bootstrap-D8XGbg17.js                    0.38 kB │ gzip:   0.25 kB
dist/assets/sample-warehouse-projection-BKUQ1q-g.js                       0.39 kB │ gzip:   0.25 kB
dist/assets/dialogs-D4FftrTZ.js                                           0.58 kB │ gzip:   0.31 kB
dist/assets/pcs-style-demo-image-GDjoPqJf.js                              0.59 kB │ gzip:   0.28 kB
dist/assets/transfer-bag-handover-mock-CYhXQJYV.js                        0.63 kB │ gzip:   0.41 kB
dist/assets/tech-pack-Do3VJS4_.js                                         0.63 kB │ gzip:   0.34 kB
dist/assets/badge-DPmL_EKp.js                                             0.78 kB │ gzip:   0.42 kB
dist/assets/images-Q79qfJD0.js                                            0.80 kB │ gzip:   0.35 kB
dist/assets/pms-export-CwVKY-vW.js                                        0.83 kB │ gzip:   0.50 kB
dist/assets/placeholder-DAJrSy6K.js                                       0.85 kB │ gzip:   0.47 kB
dist/assets/trace-rLtR6OFa.js                                             0.89 kB │ gzip:   0.51 kB
dist/assets/execution-prep-projection-helpers-BtwYVlJw.js                 0.90 kB │ gzip:   0.44 kB
dist/assets/runtime-DY769RIr.js                                           0.90 kB │ gzip:   0.61 kB
dist/assets/history-TNbMoavJ.js                                           0.98 kB │ gzip:   0.63 kB
dist/assets/payment-sync-Dcy3dFaU.js                                      1.01 kB │ gzip:   0.64 kB
dist/assets/print-service-Chq61wbl.js                                     1.04 kB │ gzip:   0.52 kB
dist/assets/pda-sewing-self-return-mode-CVT5AEl1.js                       1.07 kB │ gzip:   0.54 kB
dist/assets/detail.adapter-CgjRB-I8.js                                    1.08 kB │ gzip:   0.68 kB
dist/assets/process-work-order-generation-service-BVzTtn5E.js             1.08 kB │ gzip:   0.66 kB
dist/assets/dyeing-material-receipts-BkKmj02p.js                          1.11 kB │ gzip:   0.73 kB
dist/assets/dialogs-RuXmICXd.js                                           1.12 kB │ gzip:   0.51 kB
dist/assets/pda-runtime-BYRs3h52.js                                       1.16 kB │ gzip:   0.64 kB
dist/assets/overview-DgGdIbWh.js                                          1.29 kB │ gzip:   0.71 kB
dist/assets/process-work-order-source-view-BA2d8PsH.js                    1.31 kB │ gzip:   0.58 kB
dist/assets/work-order-action-policy-BITV8wZU.js                          1.34 kB │ gzip:   0.68 kB
dist/assets/filter-bar-nRqp9QR_.js                                        1.49 kB │ gzip:   0.81 kB
dist/assets/real-qr-C0-bxhxV.js                                           1.52 kB │ gzip:   0.85 kB
dist/assets/material-identity-DrLO6oZO.js                                 1.54 kB │ gzip:   0.85 kB
dist/assets/supplement-material-prep-demand-registry-DI-N3DvB.js          1.56 kB │ gzip:   0.75 kB
dist/assets/warehouse-shared-BQoAatyx.js                                  1.57 kB │ gzip:   0.51 kB
dist/assets/pda-cutting-wait-handover-actions-DNBi7uQa.js                 1.58 kB │ gzip:   0.62 kB
dist/assets/task-handover-domain-By9wsyDG.js                              1.58 kB │ gzip:   0.77 kB
dist/assets/work-order-detail-BcGtI62l.js                                 1.70 kB │ gzip:   0.78 kB
dist/assets/task-chain-pages-adapter-CqqRco7O.js                          1.72 kB │ gzip:   0.85 kB
dist/assets/production-contract-print-D9N2pk5_.js                         1.77 kB │ gzip:   1.06 kB
dist/assets/real-barcode-BBjbYVBL.js                                      1.81 kB │ gzip:   0.96 kB
dist/assets/wool-pda-scan-Dm2zuzHX.js                                     1.81 kB │ gzip:   1.00 kB
dist/assets/tmf-upstream-receiving-ic23UrTW.js                            1.84 kB │ gzip:   1.14 kB
dist/assets/toast-DczRn22v.js                                             1.87 kB │ gzip:   0.90 kB
dist/assets/kol-goto-fixed-total-ledger-Cs4dWCDQ.js                       1.93 kB │ gzip:   0.92 kB
dist/assets/list-export-CQc7EWmQ.js                                       1.99 kB │ gzip:   1.17 kB
dist/assets/printing-sheet-preview-BoE4_nQ1.js                            2.03 kB │ gzip:   1.06 kB
dist/assets/table-DK0VtYbO.js                                             2.04 kB │ gzip:   1.02 kB
dist/assets/pda-cutting-simple-cut-piece-handover-B8-J2P6j.js             2.18 kB │ gzip:   1.13 kB
dist/assets/binding-process-pda-scan-HdNd0v34.js                          2.18 kB │ gzip:   1.13 kB
dist/assets/special-craft-pda-scope-CHahKUx4.js                           2.24 kB │ gzip:   1.02 kB
dist/assets/helpers-BFKa6pUf.js                                           2.42 kB │ gzip:   1.21 kB
dist/assets/tmf-work-order-view-Cqjf3ewP.js                               2.56 kB │ gzip:   1.18 kB
dist/assets/pms-excel-import-DnMCWv6B.js                                  2.66 kB │ gzip:   1.32 kB
dist/assets/shared-BujDlx1p.js                                            2.70 kB │ gzip:   1.02 kB
dist/assets/process-order-list-presentation-DLTOBHil.js                   2.71 kB │ gzip:   1.27 kB
dist/assets/marker-plan-projection-C9pA4LGW.js                            2.77 kB │ gzip:   1.18 kB
dist/assets/post-finishing-spu-technical-parameters-C3dcmIHQ.js           2.79 kB │ gzip:   1.28 kB
dist/assets/authorization-code-C8Bf8jPL.js                                2.91 kB │ gzip:   1.43 kB
dist/assets/process-order-task-relations-DyPw0R_j.js                      2.97 kB │ gzip:   1.29 kB
dist/assets/production-order-identity-Br2a93_H.js                         3.00 kB │ gzip:   1.24 kB
dist/assets/product-skus-CEt6Fukj.js                                      3.03 kB │ gzip:   0.96 kB
dist/assets/tabs-C_eIx58G.js                                              3.09 kB │ gzip:   0.93 kB
dist/assets/progress-board-CgqpeHZ7.js                                    3.09 kB │ gzip:   1.47 kB
dist/assets/pda-cutting-runtime-action-inputs-COFwSN87.js                 3.15 kB │ gzip:   1.09 kB
dist/assets/trade-subjects-B1U82DIE.js                                    3.16 kB │ gzip:   1.12 kB
dist/assets/confirmation-print-hkun2Ehr.js                                3.38 kB │ gzip:   1.41 kB
dist/assets/tmf-upstream-process-orders-D0JLu0qI.js                       3.38 kB │ gzip:   1.61 kB
dist/assets/cutting-mainline-CGDzJZoj.js                                  3.41 kB │ gzip:   1.53 kB
dist/assets/transfer-bags-projection-CXIKrzrv.js                          3.52 kB │ gzip:   1.48 kB
dist/assets/binding-process-warehouse-linkage-service-BcBy_fvn.js         3.63 kB │ gzip:   1.38 kB
dist/assets/task-route-card-C7_QOR2k.js                                   3.64 kB │ gzip:   1.57 kB
dist/assets/fcs-route-links-CAuCe2WN.js                                   3.67 kB │ gzip:   1.20 kB
dist/assets/quality-chain-adapter-CY1cg6du.js                             3.68 kB │ gzip:   1.66 kB
dist/assets/task-delivery-card-BBfCm49b.js                                3.70 kB │ gzip:   1.64 kB
dist/assets/shared-BfAuW4h5.js                                            3.73 kB │ gzip:   1.70 kB
dist/assets/shared-CM5-1jYr.js                                            3.91 kB │ gzip:   1.64 kB
dist/assets/transfer-bag-repack-mock-DwnfIqBK.js                          3.95 kB │ gzip:   1.82 kB
dist/assets/sewing-outsourcing-demo-BPD4Yxz8.js                           3.95 kB │ gzip:   1.58 kB
dist/assets/tipping-form-X9VRK98W.js                                      4.07 kB │ gzip:   2.02 kB
dist/assets/wls-page-handlers-C2LvmgBq.js                                 4.09 kB │ gzip:   1.39 kB
dist/assets/dashboards-CPtDgKYi.js                                        4.10 kB │ gzip:   2.02 kB
dist/assets/engineering-file-upload-UkXKErwP.js                           4.13 kB │ gzip:   1.81 kB
dist/assets/transit-simple-lists-BfBkolVQ.js                              4.14 kB │ gzip:   1.46 kB
dist/assets/pda-wool-warehouse-flows-D55LzTI1.js                          4.41 kB │ gzip:   2.35 kB
dist/assets/sewing-outsourcing-responsibility-CyWeOh7N.js                 4.42 kB │ gzip:   1.96 kB
dist/assets/supplement-order-registry-CHnc7juB.js                         4.49 kB │ gzip:   1.76 kB
dist/assets/tmf-process-print-preview-BSCtRKEC.js                         4.50 kB │ gzip:   2.14 kB
dist/assets/preparation-material-receipt-sources-CU3uRklQ.js              4.68 kB │ gzip:   1.95 kB
dist/assets/form-Cyq2UdMY.js                                              4.74 kB │ gzip:   1.41 kB
dist/assets/layout.helpers-CA-aOcEV.js                                    4.76 kB │ gzip:   1.73 kB
dist/assets/runtime-task-tenders-YGz6fHpq.js                              4.76 kB │ gzip:   1.94 kB
dist/assets/relations-D_dgE3IL.js                                         4.77 kB │ gzip:   2.17 kB
dist/assets/transit-dashboard-DB9vGUvv.js                                 4.85 kB │ gzip:   2.04 kB
dist/assets/routes-pda-LLlTc3RW.js                                        4.93 kB │ gzip:   1.86 kB
dist/assets/result-list-DIEetKQq.js                                       4.94 kB │ gzip:   2.06 kB
dist/assets/routes-pcs-BGDn5uUj.js                                        4.99 kB │ gzip:   1.44 kB
dist/assets/store-domain-dispatch-process-Cj7F__Q8.js                     5.01 kB │ gzip:   1.95 kB
dist/assets/process-order-list-controller-D4jExmTf.js                     5.06 kB │ gzip:   1.91 kB
dist/assets/pcs-product-information-CoxOKkyq.js                           5.09 kB │ gzip:   2.42 kB
dist/assets/process-work-order-quality-settlement-BI3gxMek.js             5.33 kB │ gzip:   2.20 kB
dist/assets/dispatch-task-sheet-ZW3cHBp2.js                               5.56 kB │ gzip:   2.65 kB
dist/assets/process-order-three-axis-view-Bm6naVJx.js                     5.76 kB │ gzip:   2.32 kB
dist/assets/production-contract-center-C5oJMN2X.js                        5.81 kB │ gzip:   2.50 kB
dist/assets/pda-cutting-nav-context-DgHU-zH5.js                           5.95 kB │ gzip:   1.40 kB
dist/assets/fcs-pda-pickup-dispute-BolWO2ik.js                            6.19 kB │ gzip:   2.19 kB
dist/assets/material-handover-W1fhdv3N.js                                 6.25 kB │ gzip:   2.44 kB
dist/assets/fact-view-CSlXcXW7.js                                         6.29 kB │ gzip:   2.07 kB
dist/assets/warehouse-standard-BS0aDl6j.js                                6.30 kB │ gzip:   2.10 kB
dist/assets/statistics-DNfVKP9Q.js                                        6.35 kB │ gzip:   1.91 kB
dist/assets/craft-actions-9fHq2Nsz.js                                     6.42 kB │ gzip:   2.91 kB
dist/assets/pcs-project-technical-data-writeback-Cod8dHkB.js              6.49 kB │ gzip:   2.52 kB
dist/assets/pda-notify-CB1fJvTW.js                                        6.53 kB │ gzip:   2.40 kB
dist/assets/pda-transfer-bag-detail-D8MDfhs4.js                           6.53 kB │ gzip:   2.36 kB
dist/assets/pcs-technical-data-tech-pack-list-VsnObNH_.js                 6.55 kB │ gzip:   2.50 kB
dist/assets/factory-receiving-links-DHKy2K6j.js                           6.57 kB │ gzip:   2.63 kB
dist/assets/workbench-DBmfB9YP.js                                         6.59 kB │ gzip:   2.67 kB
dist/assets/sewing-outsourcing-supplement-tracking-VaMpYz1B.js            6.63 kB │ gzip:   2.89 kB
dist/assets/pcs-testing-order-create-DuKN1f3H.js                          6.66 kB │ gzip:   2.64 kB
dist/assets/shared-C01LR7-6.js                                            6.82 kB │ gzip:   2.52 kB
dist/assets/production-contract-master-template-D0XgJ01m.js               6.85 kB │ gzip:   2.74 kB
dist/assets/pda-cutting-execution-unit-Bx39_BET.js                        7.20 kB │ gzip:   2.71 kB
dist/assets/dye-work-order-times-w7U4XCtx.js                              7.22 kB │ gzip:   2.55 kB
dist/assets/shared-trxcZQj2.js                                            7.26 kB │ gzip:   2.54 kB
dist/assets/overview.helpers-BP2F5Yu8.js                                  7.36 kB │ gzip:   2.88 kB
dist/assets/pda-notify-detail-Dnraqyh1.js                                 7.42 kB │ gzip:   2.36 kB
dist/assets/settlement-flow-boundaries-DbkSNas3.js                        7.43 kB │ gzip:   2.53 kB
dist/assets/pda-cutting-fei-ticket-numbering-CZPCcM0L.js                  7.44 kB │ gzip:   2.48 kB
dist/assets/pda-warehouse-CjUeSdV7.js                                     7.52 kB │ gzip:   3.00 kB
dist/assets/transit-warehouse-CGN4xIMS.js                                 7.54 kB │ gzip:   2.13 kB
dist/assets/production-craft-dict-CX7h9IrO.js                             7.55 kB │ gzip:   2.84 kB
dist/assets/sewing-outsourcing-return-tracking-BPr6u4oa.js                7.58 kB │ gzip:   2.84 kB
dist/assets/workbench-CeEtUdU3.js                                         7.65 kB │ gzip:   3.14 kB
dist/assets/tmf-process-sheet-template-C-984zDj.js                        7.69 kB │ gzip:   3.66 kB
dist/assets/pda-cutting-transfer-bag-recovery-Coc9Fhwg.js                 7.74 kB │ gzip:   3.24 kB
dist/assets/supplement-node-facts-BhaHb88S.js                             7.77 kB │ gzip:   2.85 kB
dist/assets/pcs-material-archive-detail-BcCB6g8o.js                       7.80 kB │ gzip:   2.75 kB
dist/assets/pcs-testing-order-list-Cy6d-YrT.js                            7.97 kB │ gzip:   3.07 kB
dist/assets/production-contracts-BqqV2URt.js                              8.06 kB │ gzip:   2.74 kB
dist/assets/progress-exception-lifecycle-BJx0gSBY.js                      8.09 kB │ gzip:   2.70 kB
dist/assets/pda-cutting-transfer-bag-scrap-DLmztda-.js                    8.12 kB │ gzip:   3.36 kB
dist/assets/routes-pms-BibrD7On.js                                        8.30 kB │ gzip:   2.10 kB
dist/assets/milestone-configs-DN8KAqHa.js                                 8.42 kB │ gzip:   2.94 kB
dist/assets/statistics-C2kwkGhO.js                                        8.42 kB │ gzip:   3.65 kB
dist/assets/bom-templates-Br7_yp-y.js                                     8.47 kB │ gzip:   1.81 kB
dist/assets/pre-settlement-ledger-repository-CDzXr-l5.js                  8.64 kB │ gzip:   2.95 kB
dist/assets/pcs-pattern-library-config-Dcx7S1og.js                        8.77 kB │ gzip:   2.39 kB
dist/assets/fei-ticket-numbering-Df64vM83.js                              8.82 kB │ gzip:   3.08 kB
dist/assets/pda-cutting-shared-v-_JdjG-.js                                8.83 kB │ gzip:   2.71 kB
dist/assets/bom-templates-DmnTXCkB.js                                     8.84 kB │ gzip:   3.68 kB
dist/assets/navigation-context-BV-dsaGK.js                                8.87 kB │ gzip:   2.46 kB
dist/assets/warehouses-DXIIcLc2.js                                        8.88 kB │ gzip:   2.11 kB
dist/assets/yarn-shipments-CMiteT1S.js                                    8.96 kB │ gzip:   4.06 kB
dist/assets/list-DNp1Tca9.js                                              9.08 kB │ gzip:   3.04 kB
dist/assets/pda-execution-C2VUsHCb.js                                     9.28 kB │ gzip:   3.68 kB
dist/assets/handover-records-C7BIFa1C.js                                  9.35 kB │ gzip:   3.56 kB
dist/assets/pda-login-Brgc7hXb.js                                         9.43 kB │ gzip:   3.64 kB
dist/assets/dye-work-order-online-domain-CwjYjvFu.js                      9.53 kB │ gzip:   3.55 kB
dist/assets/sewing-pickup-slips-BT7pqD8A.js                               9.56 kB │ gzip:   3.59 kB
dist/assets/production-receipts-Dpyk0ml8.js                               9.77 kB │ gzip:   3.93 kB
dist/assets/pending-receipts-D0TaMs8B.js                                  9.91 kB │ gzip:   4.10 kB
dist/assets/production-return-fulfillment-dXxtSarc.js                    10.09 kB │ gzip:   3.86 kB
dist/assets/continuous-stock-C_z3IGy5.js                                 10.10 kB │ gzip:   4.12 kB
dist/assets/purchase-suggestions-Duv_PHLl.js                             10.15 kB │ gzip:   3.10 kB
dist/assets/trade-subjects-Bux9ubji.js                                   10.23 kB │ gzip:   3.72 kB
dist/assets/settings-CTG0gok6.js                                         10.69 kB │ gzip:   3.23 kB
dist/assets/product-skus-H60mqB6y.js                                     10.71 kB │ gzip:   4.13 kB
dist/assets/pms-handlers-CYJ22ncB.js                                     10.76 kB │ gzip:   2.39 kB
dist/assets/transit-receipts-UiRm-8p2.js                                 10.96 kB │ gzip:   4.02 kB
dist/assets/task-breakdown-CBhWgby4.js                                   11.05 kB │ gzip:   4.07 kB
dist/assets/presentation-DGxI0g0U.js                                     11.17 kB │ gzip:   4.59 kB
dist/assets/tasks-B_xv8Mtc.js                                            11.30 kB │ gzip:   4.34 kB
dist/assets/material-transfers-CQ_9JN54.js                               11.32 kB │ gzip:   3.93 kB
dist/assets/pda-exec-link-B-JmmMY_.js                                    11.32 kB │ gzip:   3.69 kB
dist/assets/material-prep-RFiWHhJs.js                                    11.40 kB │ gzip:   2.68 kB
dist/assets/dyeing-warehouse-view-C8u-GzPK.js                            11.46 kB │ gzip:   3.93 kB
dist/assets/warehouses-CK8XDPtL.js                                       11.71 kB │ gzip:   4.22 kB
dist/assets/process-statistics-domain-DMwP6wrG.js                        12.19 kB │ gzip:   3.97 kB
dist/assets/pickup-management-runtime-CR65zwrH.js                        12.20 kB │ gzip:   4.71 kB
dist/assets/task-execution-adapter-CmXGezKl.js                           12.22 kB │ gzip:   3.67 kB
dist/assets/bom-detail-3nOJTYXQ.js                                       12.33 kB │ gzip:   4.32 kB
dist/assets/wls-inbound-C55OgOI7.js                                      12.37 kB │ gzip:   4.76 kB
dist/assets/returns-DkVA4wtz.js                                          12.44 kB │ gzip:   4.60 kB
dist/assets/handover-print-hBDYyNl-.js                                   12.46 kB │ gzip:   4.49 kB
dist/assets/cut-piece-return-warehouse-BE9jGbgS.js                       12.47 kB │ gzip:   4.37 kB
dist/assets/pcs-handlers-BBhvxxkM.js                                     12.71 kB │ gzip:   2.88 kB
dist/assets/meta-Nc5MSXRs.js                                             12.79 kB │ gzip:   2.87 kB
dist/assets/context-Rr6BKOAT.js                                          13.01 kB │ gzip:   4.59 kB
dist/assets/responsibility-transfers-DPnPn4up.js                         13.07 kB │ gzip:   4.89 kB
dist/assets/handover-records-CHDa7zTB.js                                 13.15 kB │ gzip:   4.14 kB
dist/assets/tmf-base-demo-zXII-PIk.js                                    13.17 kB │ gzip:   4.74 kB
dist/assets/supplements-D1yr_b6d.js                                      13.18 kB │ gzip:   4.75 kB
dist/assets/wls-finished-inbound-BwMBRCRF.js                             13.21 kB │ gzip:   5.02 kB
dist/assets/design-revision-process-work-order-adapter-Boj493U3.js       13.27 kB │ gzip:   3.84 kB
dist/assets/pda-start-link-CPvrX5pY.js                                   13.37 kB │ gzip:   4.73 kB
dist/assets/work-orders-pIh4CQy7.js                                      13.88 kB │ gzip:   4.69 kB
dist/assets/workbench-BvXcFJEr.js                                        14.07 kB │ gzip:   4.07 kB
dist/assets/work-orders-SvdtGo7e.js                                      14.12 kB │ gzip:   5.24 kB
dist/assets/work-order-detail-D4Dl0gGA.js                                14.17 kB │ gzip:   4.49 kB
dist/assets/mobile-execution-task-index-DngAa_AM.js                      14.21 kB │ gzip:   3.78 kB
dist/assets/post-finishing-qc-print-template-lUm31HTg.js                 14.45 kB │ gzip:   4.45 kB
dist/assets/printing-sheet-template-DclAiZk5.js                          14.51 kB │ gzip:   5.01 kB
dist/assets/work-orders-COpV0eWc.js                                      14.72 kB │ gzip:   4.77 kB
dist/assets/reports-Bg2_Yz86.js                                          14.79 kB │ gzip:   3.55 kB
dist/assets/full-flow-print-BmI1R6Zg.js                                  14.93 kB │ gzip:   4.85 kB
dist/assets/progress-handover-order-BmO9hQok.js                          15.10 kB │ gzip:   4.31 kB
dist/assets/pcs-engineering-tech-pack-workspace-GPTLEWzY.js              15.18 kB │ gzip:   5.42 kB
dist/assets/cut-order-release-integration-SyGOjzn3.js                    15.25 kB │ gzip:   5.40 kB
dist/assets/outbound-orders-CLXg9zUE.js                                  15.38 kB │ gzip:   4.94 kB
dist/assets/machines-LYudPhlc.js                                         15.39 kB │ gzip:   5.04 kB
dist/assets/pda-cutting-task-detail-BdmgRh_6.js                          15.54 kB │ gzip:   5.39 kB
dist/assets/simple-cut-piece-handover-fixtures-BUQ-x51r.js               15.94 kB │ gzip:   5.29 kB
dist/assets/process-web-status-actions-K9cR55S1.js                       15.97 kB │ gzip:   4.23 kB
dist/assets/cut-order-supplement-fixture-xEqdNP1G.js                     15.97 kB │ gzip:   4.83 kB
dist/assets/garment-spu-replacement-IMyQbanc.js                          16.01 kB │ gzip:   4.85 kB
dist/assets/progress-cutting-detail-CfDxTCnc.js                          16.03 kB │ gzip:   3.78 kB
dist/assets/pda-sewing-self-return-DFc40jf8.js                           16.03 kB │ gzip:   5.29 kB
dist/assets/handover-ledger-view-TrmzAWs_.js                             16.17 kB │ gzip:   4.45 kB
dist/assets/wls-garment-relabel-tasks-D5AwK_FW.js                        16.24 kB │ gzip:   5.33 kB
dist/assets/pda-notify-due-soon-Boj3wsn5.js                              16.53 kB │ gzip:   5.54 kB
dist/assets/suppliers-CF8Vrskm.js                                        16.77 kB │ gzip:   4.64 kB
dist/assets/material-requirements-80B-3E97.js                            16.81 kB │ gzip:   5.69 kB
dist/assets/events-BC9Tr6bK.js                                           17.01 kB │ gzip:   6.67 kB
dist/assets/sewing-cut-piece-return-workflow-BeuEu7S9.js                 17.18 kB │ gzip:   6.07 kB
dist/assets/production-confirmation-Br7NyN51.js                          17.25 kB │ gzip:   5.89 kB
dist/assets/warehouse-Dv9FMv7G.js                                        17.46 kB │ gzip:   5.42 kB
dist/assets/marker-spreading-projection-CvoLJJ8R.js                      17.48 kB │ gzip:   5.52 kB
dist/assets/output-stock-DtsG-n4y.js                                     17.52 kB │ gzip:   6.60 kB
dist/assets/sewing-cut-piece-responsibility-MDl3Rf44.js                  17.53 kB │ gzip:   5.25 kB
dist/assets/bom-detail-KyC1S3mi.js                                       17.76 kB │ gzip:   5.73 kB
dist/assets/process-mobile-task-binding-CRVuMQnd.js                      17.78 kB │ gzip:   6.19 kB
dist/assets/pda-handlers-S1vzz95Y.js                                     18.09 kB │ gzip:   4.79 kB
dist/assets/adjustments-Cnytdq7y.js                                      18.15 kB │ gzip:   5.49 kB
dist/assets/pda-warehouse-inbound-records-D9rqlrPn.js                    18.19 kB │ gzip:   5.11 kB
dist/assets/pcs-testing-order-detail-B9pqmFwR.js                         18.22 kB │ gzip:   5.14 kB
dist/assets/purchase-demands-DG9CVWae.js                                 18.29 kB │ gzip:   5.86 kB
dist/assets/platform-process-result-view-gDv5bOx4.js                     18.53 kB │ gzip:   5.32 kB
dist/assets/store-domain-statement-source-adapter-BmPbfPG2.js            18.56 kB │ gzip:   5.30 kB
dist/assets/sewing-outsourcing-workbench-B760IivD.js                     18.65 kB │ gzip:   6.46 kB
dist/assets/pda-warehouse-outbound-records-VjcTULcl.js                   18.69 kB │ gzip:   5.34 kB
dist/assets/task-orders-DomWONQm.js                                      18.73 kB │ gzip:   6.32 kB
dist/assets/pda-warehouse-shared-CRJXM4Hy.js                             18.74 kB │ gzip:   5.59 kB
dist/assets/process-water-soluble-orders-Cg6ia3ew.js                     18.84 kB │ gzip:   5.74 kB
dist/assets/materials-BA_owAdW.js                                        18.93 kB │ gzip:   4.79 kB
dist/assets/production-demand-early-process-work-orders-C0uOJVZi.js      18.93 kB │ gzip:   5.65 kB
dist/assets/kol-goto-pda-domain-DYPozG8m.js                              19.20 kB │ gzip:   6.54 kB
dist/assets/platform.adapter-DRGCXjHb.js                                 19.25 kB │ gzip:   6.09 kB
dist/assets/shared-BqpJBu0I.js                                           19.47 kB │ gzip:   5.27 kB
dist/assets/product-purchase-orders-Cg5SKldL.js                          19.50 kB │ gzip:   5.76 kB
dist/assets/stage-display-4gz9sNoh.js                                    19.65 kB │ gzip:   6.94 kB
dist/assets/pcs-testing-order-repository-Bs-0Fwre.js                     19.67 kB │ gzip:   6.31 kB
dist/assets/audit-records-B6D_qDgW.js                                    19.69 kB │ gzip:   6.37 kB
dist/assets/units-DEdjSJoP.js                                            19.70 kB │ gzip:   5.88 kB
dist/assets/factory-sample-verification-flow-DNv0_si3.js                 19.86 kB │ gzip:   4.87 kB
dist/assets/index-DRQxPE7G.js                                            20.17 kB │ gzip:   5.20 kB
dist/assets/material-purchase-tracking-D80P4fyy.js                       20.29 kB │ gzip:   6.35 kB
dist/assets/pcs-engineering-master-list-Co-VIO2C.js                      20.42 kB │ gzip:   6.94 kB
dist/assets/deduction-analysis-DrxtSjwi.js                               20.60 kB │ gzip:   5.84 kB
dist/assets/overview.adapter-BA7ZDRKC.js                                 20.65 kB │ gzip:   6.53 kB
dist/assets/fei-ticket-numbering-BDtnDzql.js                             20.65 kB │ gzip:   5.69 kB
dist/assets/events-sPQwvFEn.js                                           21.11 kB │ gzip:   6.52 kB
dist/assets/order-list-columns-CkBdKpQ3.js                               21.12 kB │ gzip:   6.59 kB
dist/assets/work-order-detail-Fj1TBLJz.js                                21.22 kB │ gzip:   6.68 kB
dist/assets/pcs-engineering-master-view-model-DYBKpC_s.js                21.24 kB │ gzip:   7.07 kB
dist/assets/suppliers-D7jUF6RQ.js                                        21.39 kB │ gzip:   6.82 kB
dist/assets/cut-piece-returns-CTHD5Vhw.js                                21.59 kB │ gzip:   6.49 kB
dist/assets/cut-piece-handover-CtM4gmhR.js                               21.79 kB │ gzip:   6.95 kB
dist/assets/tmf-domain-shared-fL8UUXJ2.js                                21.88 kB │ gzip:   8.26 kB
dist/assets/progress-cutting-overview-nLUIWoFe.js                        22.06 kB │ gzip:   5.01 kB
dist/assets/material-issue-9ShoSFFd.js                                   22.07 kB │ gzip:   5.19 kB
dist/assets/pms-purchase-orders-CVP2jCrB.js                              22.07 kB │ gzip:   6.46 kB
dist/assets/tasks-KW1-ZqC1.js                                            22.08 kB │ gzip:   6.99 kB
dist/assets/routes-wls-CB8I09Ql.js                                       22.24 kB │ gzip:   7.22 kB
dist/assets/qc-workbench-CcVnKYUD.js                                     22.36 kB │ gzip:   6.90 kB
dist/assets/warehouse-location-map-model-CYGl7ayj.js                     22.52 kB │ gzip:   7.15 kB
dist/assets/recheck-orders-BF7Ih0Dk.js                                   22.54 kB │ gzip:   7.08 kB
dist/assets/production-order-duration-DaYFI3B5.js                        22.54 kB │ gzip:   8.57 kB
dist/assets/subject-operations-BvDF84QO.js                               22.58 kB │ gzip:   7.01 kB
dist/assets/material-statements-Bl85fWG8.js                              22.75 kB │ gzip:   6.01 kB
dist/assets/progress-statistics-linkage-DoO3YyP8.js                      22.82 kB │ gzip:   6.52 kB
dist/assets/simple-cut-piece-handover-ui-C_tjdR-E.js                     23.01 kB │ gzip:   8.88 kB
dist/assets/purchase-suggestions-CDFCHPP_.js                             23.22 kB │ gzip:   7.25 kB
dist/assets/process-order-task-links-C1qPdJl2.js                         23.57 kB │ gzip:   6.44 kB
dist/assets/process-print-orders-DgQ1mvDq.js                             23.67 kB │ gzip:   7.74 kB
dist/assets/process-dye-orders-Dgf6uahd.js                               23.85 kB │ gzip:   7.82 kB
dist/assets/dye-work-order-online-view-MvEv_hw5.js                       23.86 kB │ gzip:   8.11 kB
dist/assets/material-purchase-orders-DKuPSMOb.js                         24.20 kB │ gzip:   7.63 kB
dist/assets/qc-orders-C5btA4lT.js                                        24.30 kB │ gzip:   7.59 kB
dist/assets/machine-associations--onSXYMI.js                             24.50 kB │ gzip:   7.28 kB
dist/assets/fcs-production-tech-pack-snapshot-B_-44LQ5.js                24.62 kB │ gzip:   6.18 kB
dist/assets/retired-process-history-ak1Jocaq.js                          24.79 kB │ gzip:   6.43 kB
dist/assets/dialogs-BfKoNSPQ.js                                          24.87 kB │ gzip:   6.15 kB
dist/assets/wls-fabric-demand-board-DELRVoLv.js                          25.09 kB │ gzip:   6.87 kB
dist/assets/material-preparation-Cbj7K-LQ.js                             25.12 kB │ gzip:   8.76 kB
dist/assets/kol-demands-Bv_ORgGw.js                                      25.30 kB │ gzip:   7.35 kB
dist/assets/supplier-supply-archives-CO2MNoHW.js                         25.59 kB │ gzip:   7.43 kB
dist/assets/pda-warehouse-wait-handover-CZtHqSJ5.js                      25.65 kB │ gzip:   6.39 kB
dist/assets/sample-approval-suggestions-D_ykopla.js                      25.97 kB │ gzip:   7.99 kB
dist/assets/progress-milestone-config-C4qBMANz.js                        26.47 kB │ gzip:   5.66 kB
dist/assets/sample-warehouse-DYnW6hUM.js                                 26.67 kB │ gzip:   6.63 kB
dist/assets/marker-spreading-utils-vIJavJkQ.js                           26.72 kB │ gzip:   7.83 kB
dist/assets/pcs-channel-products-DZ0Rcq2X.js                             26.73 kB │ gzip:   7.18 kB
dist/assets/warehouse-location-map-BlKsvM7_.js                           27.06 kB │ gzip:   7.08 kB
dist/assets/third-party-factory-rating-BBJ0QBPl.js                       27.07 kB │ gzip:   7.59 kB
dist/assets/pcs-pattern-library-detail-CyyG-ZIm.js                       27.62 kB │ gzip:   6.58 kB
dist/assets/pda-wool-fact-execution-BxBHZpoU.js                          27.84 kB │ gzip:   9.27 kB
dist/assets/warehouse-CKalPrzt.js                                        28.13 kB │ gzip:   9.35 kB
dist/assets/print-styles-BjQBw8jj.js                                     28.31 kB │ gzip:   4.01 kB
dist/assets/factory-status-X1YV1kFM.js                                   28.43 kB │ gzip:   6.02 kB
dist/assets/pcs-engineering-master-detail-Dd-ebCrd.js                    28.55 kB │ gzip:   8.38 kB
dist/assets/marker-plan-source-model-Cx1pf_zX.js                         28.86 kB │ gzip:   8.45 kB
dist/assets/logistics-reconciliations-DiGClpR1.js                        28.93 kB │ gzip:   8.90 kB
dist/assets/progress-cutting-exception-center-CcBe5hkT.js                29.12 kB │ gzip:   6.47 kB
dist/assets/material-reconciliations-CLg9orZV.js                         29.38 kB │ gzip:   8.90 kB
dist/assets/production-order-progress-tracking-DoERVMI-.js               29.71 kB │ gzip:   9.93 kB
dist/assets/early-process-management-r7Nbgbmk.js                         30.06 kB │ gzip:   7.55 kB
dist/assets/handover-orders-Cd2QE7bC.js                                  30.08 kB │ gzip:   8.28 kB
dist/assets/pcs-config-workspace-S0026bki.js                             30.79 kB │ gzip:   6.79 kB
dist/assets/capability-ak85geIX.js                                       31.65 kB │ gzip:   6.70 kB
dist/assets/material-archives-Ajs9ieNf.js                                31.91 kB │ gzip:   7.92 kB
dist/assets/factory-performance-C9ZlQigu.js                              32.31 kB │ gzip:   6.75 kB
dist/assets/garment-spu-replacements-CRJrqT-6.js                         32.35 kB │ gzip:   9.09 kB
dist/assets/task-detail-CEdDE2bt.js                                      32.46 kB │ gzip:   9.61 kB
dist/assets/dialogs-CZTF-Q1S.js                                          32.55 kB │ gzip:   9.78 kB
dist/assets/pda-shell-r5Of33Np.js                                        32.95 kB │ gzip:   8.70 kB
dist/assets/cut-piece-return-domain-CsYP8bRK.js                          33.09 kB │ gzip:   9.74 kB
dist/assets/process-warehouse-domain-DaSuJkYI.js                         33.16 kB │ gzip:   7.56 kB
dist/assets/pda-cutting-inbound-BZqAgmtu.js                              33.48 kB │ gzip:  10.04 kB
dist/assets/store-domain-settlement-seeds-ChsxvH_g.js                    33.63 kB │ gzip:   8.97 kB
dist/assets/pcs-pattern-library-DGgyZiUE.js                              33.68 kB │ gzip:   7.65 kB
dist/assets/warehouse-runtime-CK5iq3MH.js                                33.70 kB │ gzip:   8.63 kB
dist/assets/payment-requests-C0OmJar9.js                                 34.01 kB │ gzip:   8.92 kB
dist/assets/stage-orders-x88UDifo.js                                     34.18 kB │ gzip:  10.47 kB
dist/assets/pda-warehouse-stocktake-KXavT--B.js                          34.50 kB │ gzip:   8.65 kB
dist/assets/stage-order-detail-Dj8LZCzP.js                               34.53 kB │ gzip:  10.00 kB
dist/assets/first-leg-logistics-CIYDC65h.js                              34.57 kB │ gzip:   9.04 kB
dist/assets/work-order-detail-jLafwr9p.js                                34.61 kB │ gzip:   9.40 kB
dist/assets/pda-post-finishing-flow-DxmyL_Z0.js                          34.83 kB │ gzip:   9.29 kB
dist/assets/dispatch-acceptance-sla-BKQBW43d.js                          34.95 kB │ gzip:   7.89 kB
dist/assets/work-orders-T37TkVpL.js                                      34.96 kB │ gzip:  11.72 kB
dist/assets/pending-receipts-DFa7czA_.js                                 35.31 kB │ gzip:  10.63 kB
dist/assets/pda-task-receive-detail-z2MCuS_6.js                          35.53 kB │ gzip:   8.55 kB
dist/assets/water-soluble-orders-Bq06UxGy.js                             35.89 kB │ gzip:  10.78 kB
dist/assets/pda-cutting-transfer-bag-repack-BivcbHb2.js                  35.94 kB │ gzip:  10.10 kB
dist/assets/work-order-detail-cw2avESi.js                                36.12 kB │ gzip:   9.66 kB
dist/assets/pcs-technical-data-B04_7P2a.js                               36.88 kB │ gzip:   9.86 kB
dist/assets/pcs-pattern-library-create-CaK03mlf.js                       36.93 kB │ gzip:   8.64 kB
dist/assets/special-processes-BE0M3CVa.js                                37.23 kB │ gzip:   9.52 kB
dist/assets/pda-quality-By1HIoyF.js                                      37.44 kB │ gzip:   9.79 kB
dist/assets/first-leg-carriers-C9smeK6G.js                               37.45 kB │ gzip:   9.93 kB
dist/assets/third-party-factory-comprehensive-assessment-BwJziH_N.js     37.47 kB │ gzip:  11.06 kB
dist/assets/product-purchase-orders-B2rf0fCZ.js                          37.57 kB │ gzip:   9.20 kB
dist/assets/cutting-statistics-ab-material-_OLtWurM.js                   38.13 kB │ gzip:   8.63 kB
dist/assets/payment-requests-DoKTHx0i.js                                 38.21 kB │ gzip:   9.98 kB
dist/assets/warehouse-wTFjy2_-.js                                        38.57 kB │ gzip:  10.93 kB
dist/assets/pda-cutting-handover-D39bEB4-.js                             39.01 kB │ gzip:  11.07 kB
dist/assets/material-purchase-orders-C6ljjK3M.js                         39.01 kB │ gzip:  11.72 kB
dist/assets/semi-finished-orders-cippvK0Q.js                             39.50 kB │ gzip:  11.97 kB
dist/assets/fcs-handlers-BMwXEyiM.js                                     39.54 kB │ gzip:  11.87 kB
dist/assets/first-leg-shipments-vXSRsyMT.js                              39.89 kB │ gzip:   9.89 kB
dist/assets/pending-receipts-DX19ReGf.js                                 41.04 kB │ gzip:  14.88 kB
dist/assets/wait-handover-runtime-hqAp9kFr.js                            41.22 kB │ gzip:  11.19 kB
dist/assets/cutting-summary-Dwf6KLF3.js                                  44.08 kB │ gzip:  11.51 kB
dist/assets/warehouse-M8eUx-mn.js                                        44.15 kB │ gzip:  11.19 kB
dist/assets/handover-orders-AR5NJ5lY.js                                  44.18 kB │ gzip:   8.79 kB
dist/assets/demand-domain-Cei0Oags.js                                    44.58 kB │ gzip:   9.89 kB
dist/assets/warehouse-D3KM2edJ.js                                        46.22 kB │ gzip:  10.76 kB
dist/assets/batches-CnkEqKtU.js                                          46.45 kB │ gzip:   9.86 kB
dist/assets/dispatch-tenders-DE7iru_D.js                                 47.28 kB │ gzip:  12.27 kB
dist/assets/dyeing-orTCnJCC.js                                           47.49 kB │ gzip:  10.20 kB
dist/assets/printing-CGY2B1q1.js                                         47.49 kB │ gzip:  10.20 kB
dist/assets/other-Bcp5exdi.js                                            47.50 kB │ gzip:  10.22 kB
dist/assets/settlement-linked-mock-factory-BA7lcz2L.js                   47.63 kB │ gzip:  14.44 kB
dist/assets/sewing-DxM_5i9S.js                                           48.51 kB │ gzip:  10.54 kB
dist/assets/progress-material-D5Lyga1s.js                                48.76 kB │ gzip:   9.37 kB
dist/assets/material-inventory-Dl-kJjBN.js                               48.96 kB │ gzip:  12.56 kB
dist/assets/work-order-detail-DFVD8SCb.js                                49.19 kB │ gzip:  15.54 kB
dist/assets/supplier-confirmations-D8gcKLVH.js                           50.01 kB │ gzip:  12.93 kB
dist/assets/pda-task-receive-DUmcobCL.js                                 50.05 kB │ gzip:  12.48 kB
dist/assets/pda-cutting-execution-source-DQnlKDlG.js                     50.44 kB │ gzip:  13.62 kB
dist/assets/pda-onboarding-B6AC68_Y.js                                   50.56 kB │ gzip:  10.79 kB
dist/assets/marker-plan-model-CZhKhqaB.js                                51.50 kB │ gzip:  14.70 kB
dist/assets/pda-handover-BHaifTZV.js                                     51.54 kB │ gzip:  13.60 kB
dist/assets/store-domain-progress-Bkt677_M.js                            53.10 kB │ gzip:  11.77 kB
dist/assets/settlement-cutting-input-DBeejlCG.js                         53.60 kB │ gzip:  11.05 kB
dist/assets/lace-factory-domain-BBNpHDul.js                              53.68 kB │ gzip:  13.40 kB
dist/assets/pcs-part-template-library-MAViRzyq.js                        53.81 kB │ gzip:  11.09 kB
dist/assets/pcs-material-archives-DGNm74za.js                            55.31 kB │ gzip:  13.20 kB
dist/assets/progress-urge-DtNwhgWZ.js                                    56.39 kB │ gzip:  11.41 kB
dist/assets/pda-cutting-spreading-Bh4skyko.js                            56.60 kB │ gzip:  13.09 kB
dist/assets/warehouse-location-map-5DifKSZj.js                           56.80 kB │ gzip:  16.84 kB
dist/assets/marker-plan-occupancy-a6rDAGnl.js                            57.09 kB │ gzip:  16.02 kB
dist/assets/wls-accessory-receipts-OM_xUU1A.js                           58.45 kB │ gzip:  14.85 kB
dist/assets/domain-snapshot-D3uVJa35.js                                  59.36 kB │ gzip:  15.89 kB
dist/assets/cut-piece-release-BOy2BGUV.js                                60.10 kB │ gzip:  15.83 kB
dist/assets/pda-settlement-BPgyp1Hf.js                                   60.12 kB │ gzip:  13.69 kB
dist/assets/factory-profile-B5df5-yq.js                                  61.16 kB │ gzip:  14.05 kB
dist/assets/routes-fcs-CdarbjzM.js                                       61.21 kB │ gzip:  12.71 kB
dist/assets/pickup-management-list-Bid6qfyp.js                           61.43 kB │ gzip:  17.11 kB
dist/assets/cutting-D0XPr08N.js                                          62.83 kB │ gzip:  12.97 kB
dist/assets/special-craft-fei-ticket-flow-BdDEMq8v.js                    63.34 kB │ gzip:  14.37 kB
dist/assets/progress-handover-BXc1uj5-.js                                63.82 kB │ gzip:  13.56 kB
dist/assets/production-object-overview-6I16tCDR.js                       66.10 kB │ gzip:  13.59 kB
dist/assets/output-documents-CZpRHMj_.js                                 66.88 kB │ gzip:  22.98 kB
dist/assets/core-BElounwH.js                                             67.62 kB │ gzip:  12.57 kB
dist/assets/cutting-daily-production-report-BhN_uxXI.js                  68.09 kB │ gzip:  19.06 kB
dist/assets/pda-exec-DPSR0Ser.js                                         68.23 kB │ gzip:  15.61 kB
dist/assets/pcs-channel-stores-bDOFPzAj.js                               69.26 kB │ gzip:  14.32 kB
dist/assets/context-iURIfX2R.js                                          69.43 kB │ gzip:  21.33 kB
dist/assets/sewing-dispatch-CADWk-gf.js                                  69.49 kB │ gzip:  18.07 kB
dist/assets/progress-exceptions-DG2HGvqg.js                              70.34 kB │ gzip:  13.29 kB
dist/assets/qc-records-Dmfuf8lD.js                                       71.04 kB │ gzip:  15.96 kB
dist/assets/production-object-overview-eVrCdWe7.js                       71.57 kB │ gzip:  16.69 kB
dist/assets/wait-handover-actions-BWFaiNfG.js                            71.83 kB │ gzip:  18.16 kB
dist/assets/transfer-bags-BF1wJmcJ.js                                    72.82 kB │ gzip:  18.43 kB
dist/assets/pcs-sample-management-B4-kBoK9.js                            74.38 kB │ gzip:  17.28 kB
dist/assets/factory-onboarding-BWNbeGTM.js                               75.25 kB │ gzip:  12.68 kB
dist/assets/pda-handover-detail--2-5lgpZ.js                              75.40 kB │ gzip:  18.45 kB
dist/assets/settlement-qc1Z7ucn.js                                       75.58 kB │ gzip:  11.56 kB
dist/assets/dialogs-CI8blD-4.js                                          75.66 kB │ gzip:  18.69 kB
dist/assets/orders-domain-qos-c1mA.js                                    76.23 kB │ gzip:  16.86 kB
dist/assets/runtime-projections-CM51ggOd.js                              78.01 kB │ gzip:  18.43 kB
dist/assets/transfer-bag-operations-DGr5Ac6h.js                          78.06 kB │ gzip:  19.27 kB
dist/assets/process-action-writeback-service-UhaGLC5s.js                 78.08 kB │ gzip:  17.83 kB
dist/assets/production-progress-BSZZuRA9.js                              80.62 kB │ gzip:  20.34 kB
dist/assets/pda-warehouse-wait-process-B28ZAdUa.js                       87.28 kB │ gzip:  21.11 kB
dist/assets/events-Bl-83xip.js                                           90.02 kB │ gzip:  22.18 kB
dist/assets/factory-onboarding-flow-Dsk35ULH.js                          90.59 kB │ gzip:  23.31 kB
dist/assets/pcs-independent-sampling-DBTmxHYy.js                         92.08 kB │ gzip:  24.22 kB
dist/assets/dispatch-DOqYazqd.js                                         92.27 kB │ gzip:  28.11 kB
dist/assets/tmf-material-purchases-C30jlznb.js                           93.67 kB │ gzip:  24.12 kB
dist/assets/cut-orders-C9gsjwEa.js                                       94.69 kB │ gzip:  24.41 kB
dist/assets/special-craft-task-orders-DTE2DGUg.js                        99.21 kB │ gzip:  26.82 kB
dist/assets/pcs-product-archives-IVycWPtr.js                            107.68 kB │ gzip:  21.99 kB
dist/assets/index-DM8dkniL.js                                           109.47 kB │ gzip:  39.86 kB
dist/assets/app-shared-CAI7ktNr.js                                      111.42 kB │ gzip:  27.70 kB
dist/assets/transfer-bag-return-model-DKHLChW-.js                       112.94 kB │ gzip:  26.62 kB
dist/assets/supplement-management-uJCJaUhs.js                           113.26 kB │ gzip:  29.92 kB
dist/assets/unified-dispatch-workbench-acdvF5cB.js                      117.99 kB │ gzip:  33.10 kB
dist/assets/statements-BykLxoFr.js                                      119.52 kB │ gzip:  24.45 kB
dist/assets/events-qtZFLdEP.js                                          121.42 kB │ gzip:  31.34 kB
dist/assets/pcs-engineering-tasks-XqwART_O.js                           121.86 kB │ gzip:  27.78 kB
dist/assets/context-DkM59oSs.js                                         133.03 kB │ gzip:  34.41 kB
dist/assets/production-Bzq1He_C.js                                      133.92 kB │ gzip:  27.40 kB
dist/assets/process-domain-Dov8RQxa.js                                  138.98 kB │ gzip:  25.98 kB
dist/assets/generated-fei-tickets-By4sVBPB.js                           143.00 kB │ gzip:  36.14 kB
dist/assets/preparation-timing-CRW2gVhI.js                              145.97 kB │ gzip:  34.41 kB
dist/assets/marker-plan-Dw9MNCBK.js                                     150.13 kB │ gzip:  35.41 kB
dist/assets/warehouse-hub-DdDEmFnM.js                                   152.75 kB │ gzip:  37.98 kB
dist/assets/marker-spreading-8ZElfYR-.js                                154.09 kB │ gzip:  37.74 kB
dist/assets/return-inbound-B4JtjtRZ.js                                  183.41 kB │ gzip:  33.52 kB
dist/assets/fei-tickets-DQ2eoPk-.js                                     196.51 kB │ gzip:  43.85 kB
dist/assets/index--GzcKvNw.js                                           210.12 kB │ gzip:  66.49 kB
dist/assets/index-Bc25qh8g.js                                           227.33 kB │ gzip:  52.76 kB
dist/assets/pda-exec-detail-avpwU9tc.js                                 240.13 kB │ gzip:  56.24 kB
dist/assets/print-preview-DNf36fld.js                                   267.90 kB │ gzip:  70.30 kB
dist/assets/production-timeliness-DR2uOgBo.js                           459.95 kB │ gzip: 115.04 kB
dist/assets/pda-Bd-CSz2B.js                                             511.97 kB │ gzip:  85.41 kB
dist/assets/production-source-shared-4H-ZACcL.js                      2,874.53 kB │ gzip: 717.76 kB

(!) Some chunks are larger than 550 kB after minification. Consider:
- Using dynamic import() to code-split the application
- Use build.rollupOptions.output.manualChunks to improve chunking: https://rollupjs.org/configuration-options/#output-manualchunks
- Adjust chunk size limit for this warning via build.chunkSizeWarningLimit.
✓ built in 8.96s
