LOAD overview 135.59999999403954
LOAD tasks 55.3999999910593
LOAD follow-up 64
LOAD work-items 64.20000000298023
LOAD teams 66.20000000298023
LOAD fulfillment 62.5
LOAD configuration 64.5
LOAD tasks/MOCK-PT-001 64.5
LOAD teams/%E8%BD%A6%E7%BC%9D%E5%8E%82A 64.09999999403954
PASS 总览8在途/7000/400/6600
PASS 查询与重置共同范围
PASS 跟单甲仅001/005
PASS 任务31工作/21子动作/九阶段
PASS 工作抽屉及大图
PASS 完整计算公式及数量曲线
PASS 工作项状态独立于任务/共享去重
PASS 实际发货订单60%及64.29%
PASS 角色读取及编辑权限
PASS 配置7区和目录
PASS 九类路由冷加载/刷新/站内切换各5次
PASS 查询/输入/筛选/空结果/日期/导出5次
PASS 列显示/顺序/冻结/拖拽/排序/分页5次
PASS 六个详情页签和甘特交互5次
PASS 跟进/人工预计写入及空值防错5次
PASS 未知路线有界/无界收敛5次
PASS 配置全部页签/校验/发布/只读5次
PASS 配置编辑/匹配/冲突防错/历史5次
PASS 图表筛选/甘特折叠/关闭恢复/图片失败5次
PASS 选定在途本地重算/原始基线保留/缺映射阻断5次
PASS 主管本团队预计权限/外团队保存阻断5次
PASS 时区/大屏/履约模式5次
PASS 1024主管工作台/1280甘特/1920大屏
