vite v6.4.3 building for production...

(!) outDir /tmp/higoods-dds-pf-build is not inside project root and will not be emptied.
Use --emptyOutDir to override.

transforming...
✓ 2481 modules transformed.
rendering chunks...
[plugin vite:reporter]
(!) /Users/laoer/Documents/higoods/src/data/app-shell-config.ts is dynamically imported by /Users/laoer/Documents/higoods/src/router/routes.ts but also statically imported by /Users/laoer/Documents/higoods/src/components/shell.ts, /Users/laoer/Documents/higoods/src/state/store.ts, dynamic import will not move module into another chunk.

computing gzip size...
../../../../tmp/higoods-dds-pf-build/index.html                                                         1.36 kB │ gzip:   0.71 kB
../../../../tmp/higoods-dds-pf-build/assets/pcs-pattern-parse.worker-B3_rAVMB.js                       18.52 kB
../../../../tmp/higoods-dds-pf-build/assets/index-K0r3YvPg.css                                         14.67 kB │ gzip:   3.76 kB
../../../../tmp/higoods-dds-pf-build/assets/index-BcwLct9x.css                                        146.35 kB │ gzip:  24.29 kB
../../../../tmp/higoods-dds-pf-build/assets/pcs-project-demo-seed-service-COOi2Kbg.js                   0.06 kB │ gzip:   0.08 kB
../../../../tmp/higoods-dds-pf-build/assets/sample-warehouse-projection-D-D9n77_.js                     0.39 kB │ gzip:   0.25 kB
../../../../tmp/higoods-dds-pf-build/assets/pcs-engineering-bom-snapshot-source-EajQu5EL.js             0.41 kB │ gzip:   0.30 kB
../../../../tmp/higoods-dds-pf-build/assets/index-C_6QCtLa.js                                           0.48 kB │ gzip:   0.30 kB
../../../../tmp/higoods-dds-pf-build/assets/pcs-channel-options-CXt7B8Zd.js                             0.63 kB │ gzip:   0.36 kB
../../../../tmp/higoods-dds-pf-build/assets/transfer-bag-handover-mock-Cvpn7N_O.js                      0.63 kB │ gzip:   0.41 kB
../../../../tmp/higoods-dds-pf-build/assets/pcs-reset-placeholder-Bi-SuG4u.js                           0.75 kB │ gzip:   0.48 kB
../../../../tmp/higoods-dds-pf-build/assets/badge-BtY-LBlx.js                                           0.77 kB │ gzip:   0.41 kB
../../../../tmp/higoods-dds-pf-build/assets/placeholder-CkB-iCIf.js                                     0.85 kB │ gzip:   0.47 kB
../../../../tmp/higoods-dds-pf-build/assets/trace-B8obB7He.js                                           0.89 kB │ gzip:   0.51 kB
../../../../tmp/higoods-dds-pf-build/assets/execution-prep-projection-helpers-zWzzbzNW.js               0.90 kB │ gzip:   0.44 kB
../../../../tmp/higoods-dds-pf-build/assets/history-Cnu-yBbO.js                                         0.94 kB │ gzip:   0.61 kB
../../../../tmp/higoods-dds-pf-build/assets/payment-sync-BXCNG-XA.js                                    0.97 kB │ gzip:   0.62 kB
../../../../tmp/higoods-dds-pf-build/assets/print-service-Cb4Z7TQ8.js                                   1.00 kB │ gzip:   0.50 kB
../../../../tmp/higoods-dds-pf-build/assets/pda-runtime-CV5LAnjA.js                                     1.01 kB │ gzip:   0.56 kB
../../../../tmp/higoods-dds-pf-build/assets/pda-sewing-self-return-mode-CVT5AEl1.js                     1.07 kB │ gzip:   0.54 kB
../../../../tmp/higoods-dds-pf-build/assets/process-work-order-generation-service-GFlNRIa9.js           1.07 kB │ gzip:   0.65 kB
../../../../tmp/higoods-dds-pf-build/assets/detail.adapter-Cb6Mq2-1.js                                  1.08 kB │ gzip:   0.68 kB
../../../../tmp/higoods-dds-pf-build/assets/dyeing-material-receipts-BPWKdsOD.js                        1.14 kB │ gzip:   0.75 kB
../../../../tmp/higoods-dds-pf-build/assets/tech-pack-olsa1mMx.js                                       1.28 kB │ gzip:   0.59 kB
../../../../tmp/higoods-dds-pf-build/assets/overview-d9SYReiD.js                                        1.28 kB │ gzip:   0.71 kB
../../../../tmp/higoods-dds-pf-build/assets/process-work-order-source-view-PyQ93cli.js                  1.30 kB │ gzip:   0.58 kB
../../../../tmp/higoods-dds-pf-build/assets/work-order-action-policy-4O75zwZC.js                        1.34 kB │ gzip:   0.68 kB
../../../../tmp/higoods-dds-pf-build/assets/pcs-tech-pack-review-notification-repository-33uxOHJx.js    1.38 kB │ gzip:   0.55 kB
../../../../tmp/higoods-dds-pf-build/assets/factory-types-BOTMwIwS.js                                   1.47 kB │ gzip:   0.64 kB
../../../../tmp/higoods-dds-pf-build/assets/filter-bar-BNANkcL-.js                                      1.49 kB │ gzip:   0.81 kB
../../../../tmp/higoods-dds-pf-build/assets/pcs-channel-store-master-CGULJ23o.js                        1.53 kB │ gzip:   0.61 kB
../../../../tmp/higoods-dds-pf-build/assets/material-identity-BeXU02LN.js                               1.53 kB │ gzip:   0.84 kB
../../../../tmp/higoods-dds-pf-build/assets/task-handover-domain-C-K5wEmZ.js                            1.56 kB │ gzip:   0.76 kB
../../../../tmp/higoods-dds-pf-build/assets/supplement-material-prep-demand-registry-DI-N3DvB.js        1.56 kB │ gzip:   0.75 kB
../../../../tmp/higoods-dds-pf-build/assets/warehouse-shared-Xd6V7ZeW.js                                1.57 kB │ gzip:   0.51 kB
../../../../tmp/higoods-dds-pf-build/assets/pda-cutting-wait-handover-actions-DRDZ2U4F.js               1.58 kB │ gzip:   0.62 kB
../../../../tmp/higoods-dds-pf-build/assets/task-chain-pages-adapter-Cnq7BTHU.js                        1.71 kB │ gzip:   0.84 kB
../../../../tmp/higoods-dds-pf-build/assets/dialog-k03OD4wQ.js                                          1.73 kB │ gzip:   0.82 kB
../../../../tmp/higoods-dds-pf-build/assets/real-barcode-BpER7pCr.js                                    1.80 kB │ gzip:   0.96 kB
../../../../tmp/higoods-dds-pf-build/assets/toast-CVtzWF9P.js                                           1.87 kB │ gzip:   0.90 kB
../../../../tmp/higoods-dds-pf-build/assets/kol-goto-fixed-total-ledger-aR7FPMF-.js                     1.93 kB │ gzip:   0.93 kB
../../../../tmp/higoods-dds-pf-build/assets/pcs-tech-pack-version-log-repository-Bh4Vu-er.js            1.97 kB │ gzip:   0.77 kB
../../../../tmp/higoods-dds-pf-build/assets/table-DyENQn0h.js                                           2.04 kB │ gzip:   1.02 kB
../../../../tmp/higoods-dds-pf-build/assets/wool-pda-scan-q5RzSFFJ.js                                   2.13 kB │ gzip:   1.15 kB
../../../../tmp/higoods-dds-pf-build/assets/shared-BtxhmGrK.js                                          2.14 kB │ gzip:   1.01 kB
../../../../tmp/higoods-dds-pf-build/assets/binding-process-pda-scan-DTGXK3gz.js                        2.18 kB │ gzip:   1.13 kB
../../../../tmp/higoods-dds-pf-build/assets/special-craft-pda-scope-BmkP6Ug2.js                         2.21 kB │ gzip:   1.01 kB
../../../../tmp/higoods-dds-pf-build/assets/dialogs-CPoFfIY1.js                                         2.33 kB │ gzip:   0.98 kB
../../../../tmp/higoods-dds-pf-build/assets/helpers-BFKa6pUf.js                                         2.42 kB │ gzip:   1.21 kB
../../../../tmp/higoods-dds-pf-build/assets/production-contract-print-BiL56PKJ.js                       2.43 kB │ gzip:   1.34 kB
../../../../tmp/higoods-dds-pf-build/assets/factory-capacity-profile-mock-Dv5YtZGT.js                   2.64 kB │ gzip:   1.15 kB
../../../../tmp/higoods-dds-pf-build/assets/shared-CFTS8ifS.js                                          2.69 kB │ gzip:   1.02 kB
../../../../tmp/higoods-dds-pf-build/assets/process-order-list-presentation-BXCapswX.js                 2.70 kB │ gzip:   1.26 kB
../../../../tmp/higoods-dds-pf-build/assets/work-order-detail-pk9hVbQd.js                               2.70 kB │ gzip:   1.18 kB
../../../../tmp/higoods-dds-pf-build/assets/marker-plan-projection-Cp9fSqIc.js                          2.75 kB │ gzip:   1.18 kB
../../../../tmp/higoods-dds-pf-build/assets/post-finishing-spu-technical-parameters-BqIt1A7D.js         2.79 kB │ gzip:   1.28 kB
../../../../tmp/higoods-dds-pf-build/assets/process-order-task-relations-CzGgBb0h.js                    2.97 kB │ gzip:   1.29 kB
../../../../tmp/higoods-dds-pf-build/assets/cutting-receipts-Ds2Fmkh0.js                                2.98 kB │ gzip:   1.38 kB
../../../../tmp/higoods-dds-pf-build/assets/production-order-identity-CyTuF4ko.js                       3.04 kB │ gzip:   1.26 kB
../../../../tmp/higoods-dds-pf-build/assets/printing-sheet-preview-BEAcPRxY.js                          3.07 kB │ gzip:   1.50 kB
../../../../tmp/higoods-dds-pf-build/assets/tabs-CQPGVD04.js                                            3.08 kB │ gzip:   0.92 kB
../../../../tmp/higoods-dds-pf-build/assets/pda-cutting-runtime-action-inputs-C6mHX1Xw.js               3.13 kB │ gzip:   1.08 kB
../../../../tmp/higoods-dds-pf-build/assets/pda-cutting-simple-cut-piece-handover-Ddnfcdqt.js           3.38 kB │ gzip:   1.59 kB
../../../../tmp/higoods-dds-pf-build/assets/cutting-mainline-D7fbPFYy.js                                3.41 kB │ gzip:   1.53 kB
../../../../tmp/higoods-dds-pf-build/assets/transfer-bags-projection-BuyxfN1G.js                        3.52 kB │ gzip:   1.48 kB
../../../../tmp/higoods-dds-pf-build/assets/fcs-route-links-Dl-VJ-4c.js                                 3.57 kB │ gzip:   1.16 kB
../../../../tmp/higoods-dds-pf-build/assets/authorization-code-D31YiNfU.js                              3.59 kB │ gzip:   1.72 kB
../../../../tmp/higoods-dds-pf-build/assets/binding-process-warehouse-linkage-service-CzktNmMv.js       3.63 kB │ gzip:   1.38 kB
../../../../tmp/higoods-dds-pf-build/assets/shared-CwTNs3SQ.js                                          3.72 kB │ gzip:   1.69 kB
../../../../tmp/higoods-dds-pf-build/assets/quality-chain-adapter-CkO9AP56.js                           3.73 kB │ gzip:   1.67 kB
../../../../tmp/higoods-dds-pf-build/assets/engineering-file-upload-l-PZqwp9.js                         3.78 kB │ gzip:   1.71 kB
../../../../tmp/higoods-dds-pf-build/assets/shared-D8KUCDfk.js                                          3.87 kB │ gzip:   1.62 kB
../../../../tmp/higoods-dds-pf-build/assets/sewing-outsourcing-demo-Qt_VWCyp.js                         3.99 kB │ gzip:   1.59 kB
../../../../tmp/higoods-dds-pf-build/assets/transfer-bag-repack-mock-DdZxWjj2.js                        4.00 kB │ gzip:   1.84 kB
../../../../tmp/higoods-dds-pf-build/assets/confirmation-print-GJHqH174.js                              4.28 kB │ gzip:   1.75 kB
../../../../tmp/higoods-dds-pf-build/assets/progress-board--JjvCrGf.js                                  4.30 kB │ gzip:   1.94 kB
../../../../tmp/higoods-dds-pf-build/assets/form-CyHoXFwf.js                                            4.36 kB │ gzip:   1.38 kB
../../../../tmp/higoods-dds-pf-build/assets/sewing-outsourcing-responsibility-CGWF-F-y.js               4.46 kB │ gzip:   1.97 kB
../../../../tmp/higoods-dds-pf-build/assets/supplement-order-registry-CHnc7juB.js                       4.49 kB │ gzip:   1.76 kB
../../../../tmp/higoods-dds-pf-build/assets/task-route-card-DeW5Mq7V.js                                 4.54 kB │ gzip:   1.90 kB
../../../../tmp/higoods-dds-pf-build/assets/task-delivery-card-CZQ08AC4.js                              4.60 kB │ gzip:   1.98 kB
../../../../tmp/higoods-dds-pf-build/assets/preparation-material-receipt-sources-9mn5lJLB.js            4.73 kB │ gzip:   1.98 kB
../../../../tmp/higoods-dds-pf-build/assets/layout.helpers-ojE8jw5r.js                                  4.76 kB │ gzip:   1.73 kB
../../../../tmp/higoods-dds-pf-build/assets/runtime-task-tenders-YGz6fHpq.js                            4.76 kB │ gzip:   1.94 kB
../../../../tmp/higoods-dds-pf-build/assets/relations-CxqtjwKM.js                                       4.79 kB │ gzip:   2.18 kB
../../../../tmp/higoods-dds-pf-build/assets/process-order-list-controller-BpDsjn9-.js                   4.80 kB │ gzip:   1.85 kB
../../../../tmp/higoods-dds-pf-build/assets/store-domain-dispatch-process-Dpwe5jVb.js                   5.00 kB │ gzip:   1.94 kB
../../../../tmp/higoods-dds-pf-build/assets/dashboards-BRhrotgZ.js                                      5.29 kB │ gzip:   2.54 kB
../../../../tmp/higoods-dds-pf-build/assets/process-work-order-quality-settlement-BK7FuvYT.js           5.33 kB │ gzip:   2.20 kB
../../../../tmp/higoods-dds-pf-build/assets/routes-pda-RiyHyvQU.js                                      5.58 kB │ gzip:   2.15 kB
../../../../tmp/higoods-dds-pf-build/assets/dispatch-task-sheet-B4p9A9Ra.js                             5.64 kB │ gzip:   2.68 kB
../../../../tmp/higoods-dds-pf-build/assets/process-order-three-axis-view-CoxPCVKl.js                   5.77 kB │ gzip:   2.33 kB
../../../../tmp/higoods-dds-pf-build/assets/pda-cutting-nav-context-BOUGuH-3.js                         5.95 kB │ gzip:   1.40 kB
../../../../tmp/higoods-dds-pf-build/assets/fcs-pda-pickup-dispute-CfIa8p_H.js                          6.18 kB │ gzip:   2.19 kB
../../../../tmp/higoods-dds-pf-build/assets/warehouse-standard-CTJ-xBsx.js                              6.30 kB │ gzip:   2.10 kB
../../../../tmp/higoods-dds-pf-build/assets/routes-pcs-CZaAKNC-.js                                      6.31 kB │ gzip:   1.90 kB
../../../../tmp/higoods-dds-pf-build/assets/fact-view-BrScwNbv.js                                       6.35 kB │ gzip:   2.11 kB
../../../../tmp/higoods-dds-pf-build/assets/production-contract-center-DH9X6zk2.js                      6.53 kB │ gzip:   2.81 kB
../../../../tmp/higoods-dds-pf-build/assets/pcs-project-technical-data-writeback-nz857TWt.js            6.58 kB │ gzip:   2.55 kB
../../../../tmp/higoods-dds-pf-build/assets/sewing-outsourcing-supplement-tracking-C_ItwWsA.js          6.63 kB │ gzip:   2.89 kB
../../../../tmp/higoods-dds-pf-build/assets/shared-vNM67clg.js                                          6.79 kB │ gzip:   2.50 kB
../../../../tmp/higoods-dds-pf-build/assets/production-contract-master-template-B7d6e9uq.js             6.84 kB │ gzip:   2.74 kB
../../../../tmp/higoods-dds-pf-build/assets/material-handover-CgkTVAAy.js                               6.96 kB │ gzip:   2.74 kB
../../../../tmp/higoods-dds-pf-build/assets/dye-work-order-times-CxLziefL.js                            7.12 kB │ gzip:   2.52 kB
../../../../tmp/higoods-dds-pf-build/assets/overview.helpers-BP2F5Yu8.js                                7.36 kB │ gzip:   2.88 kB
../../../../tmp/higoods-dds-pf-build/assets/settlement-flow-boundaries-DbkSNas3.js                      7.43 kB │ gzip:   2.53 kB
../../../../tmp/higoods-dds-pf-build/assets/production-craft-dict-vrE0Uz-_.js                           7.51 kB │ gzip:   2.81 kB
../../../../tmp/higoods-dds-pf-build/assets/statistics-CbfbEKuQ.js                                      7.53 kB │ gzip:   2.43 kB
../../../../tmp/higoods-dds-pf-build/assets/sewing-outsourcing-return-tracking-DrId3x7L.js              7.65 kB │ gzip:   2.87 kB
../../../../tmp/higoods-dds-pf-build/assets/pda-notify-CAGCc8TD.js                                      7.66 kB │ gzip:   2.84 kB
../../../../tmp/higoods-dds-pf-build/assets/supplement-node-facts-D65DKB3u.js                           7.76 kB │ gzip:   2.84 kB
../../../../tmp/higoods-dds-pf-build/assets/pda-transfer-bag-detail-Cx-5YtRo.js                         7.77 kB │ gzip:   2.86 kB
../../../../tmp/higoods-dds-pf-build/assets/production-contracts-Bd3mywMH.js                            8.05 kB │ gzip:   2.73 kB
../../../../tmp/higoods-dds-pf-build/assets/progress-exception-lifecycle-BJx0gSBY.js                    8.09 kB │ gzip:   2.70 kB
../../../../tmp/higoods-dds-pf-build/assets/pcs-material-archive-detail-Cxj0tMK4.js                     8.40 kB │ gzip:   2.97 kB
../../../../tmp/higoods-dds-pf-build/assets/milestone-configs-B1X3S_Jn.js                               8.40 kB │ gzip:   2.93 kB
../../../../tmp/higoods-dds-pf-build/assets/pda-cutting-execution-unit-CtTtxHIs.js                      8.44 kB │ gzip:   3.20 kB
../../../../tmp/higoods-dds-pf-build/assets/pda-notify-detail-BNnO5Teg.js                               8.55 kB │ gzip:   2.80 kB
../../../../tmp/higoods-dds-pf-build/assets/pda-cutting-fei-ticket-numbering-DOvOTWku.js                8.65 kB │ gzip:   2.97 kB
../../../../tmp/higoods-dds-pf-build/assets/pda-warehouse-BZuRO7L5.js                                   8.76 kB │ gzip:   3.50 kB
../../../../tmp/higoods-dds-pf-build/assets/pcs-pattern-library-config-fqg6e3Fp.js                      8.78 kB │ gzip:   2.40 kB
../../../../tmp/higoods-dds-pf-build/assets/pda-cutting-shared-IM1Z0L_7.js                              8.79 kB │ gzip:   2.69 kB
../../../../tmp/higoods-dds-pf-build/assets/fei-ticket-numbering-C9D4pUiJ.js                            8.81 kB │ gzip:   3.08 kB
../../../../tmp/higoods-dds-pf-build/assets/pre-settlement-ledger-repository-Bl1sCc3Q.js                8.83 kB │ gzip:   3.02 kB
../../../../tmp/higoods-dds-pf-build/assets/workbench-CcE0TOXe.js                                       8.84 kB │ gzip:   3.66 kB
../../../../tmp/higoods-dds-pf-build/assets/navigation-context-D8ZR-zZH.js                              8.87 kB │ gzip:   2.46 kB
../../../../tmp/higoods-dds-pf-build/assets/pda-cutting-transfer-bag-recovery-smaqEif_.js               8.98 kB │ gzip:   3.74 kB
../../../../tmp/higoods-dds-pf-build/assets/pda-cutting-transfer-bag-scrap-B4U9JqzR.js                  9.36 kB │ gzip:   3.87 kB
../../../../tmp/higoods-dds-pf-build/assets/dye-work-order-online-domain-Rp_3YYOO.js                    9.52 kB │ gzip:   3.54 kB
../../../../tmp/higoods-dds-pf-build/assets/sewing-pickup-slips-DZ75FUfx.js                             9.55 kB │ gzip:   3.59 kB
../../../../tmp/higoods-dds-pf-build/assets/statistics-BVq6r37d.js                                      9.60 kB │ gzip:   4.18 kB
../../../../tmp/higoods-dds-pf-build/assets/tech-pack-process-route-CQNgdWhS.js                         9.62 kB │ gzip:   3.49 kB
../../../../tmp/higoods-dds-pf-build/assets/yarn-shipments-Btf9hmCF.js                                 10.15 kB │ gzip:   4.58 kB
../../../../tmp/higoods-dds-pf-build/assets/list-BSyK42pY.js                                           10.26 kB │ gzip:   3.55 kB
../../../../tmp/higoods-dds-pf-build/assets/pda-login-CUIt4BL7.js                                      10.31 kB │ gzip:   3.98 kB
../../../../tmp/higoods-dds-pf-build/assets/production-return-fulfillment-7A6lfEio.js                  10.38 kB │ gzip:   3.99 kB
../../../../tmp/higoods-dds-pf-build/assets/presentation-Dipae0Ah.js                                   11.04 kB │ gzip:   4.54 kB
../../../../tmp/higoods-dds-pf-build/assets/pda-exec-link-BJQu6MOZ.js                                  11.31 kB │ gzip:   3.69 kB
../../../../tmp/higoods-dds-pf-build/assets/material-prep-CAPEnL2r.js                                  11.39 kB │ gzip:   2.67 kB
../../../../tmp/higoods-dds-pf-build/assets/dyeing-warehouse-view-kvXf6Us7.js                          11.49 kB │ gzip:   3.95 kB
../../../../tmp/higoods-dds-pf-build/assets/handover-print-CpFuHbad.js                                 11.50 kB │ gzip:   4.30 kB
../../../../tmp/higoods-dds-pf-build/assets/pcs-engineering-preparation-projection-ClvQJC7Q.js         11.63 kB │ gzip:   4.32 kB
../../../../tmp/higoods-dds-pf-build/assets/task-breakdown-DDpFIqi1.js                                 11.94 kB │ gzip:   4.44 kB
../../../../tmp/higoods-dds-pf-build/assets/material-transfers-B9Coo4yl.js                             12.00 kB │ gzip:   4.20 kB
../../../../tmp/higoods-dds-pf-build/assets/task-execution-adapter-B5CzRWZU.js                         12.24 kB │ gzip:   3.66 kB
../../../../tmp/higoods-dds-pf-build/assets/pickup-management-runtime-CIK7mRHO.js                      12.24 kB │ gzip:   4.72 kB
../../../../tmp/higoods-dds-pf-build/assets/process-statistics-domain-5bOscxq4.js                      12.33 kB │ gzip:   4.03 kB
../../../../tmp/higoods-dds-pf-build/assets/tasks-Ba5mt3Q_.js                                          12.43 kB │ gzip:   4.81 kB
../../../../tmp/higoods-dds-pf-build/assets/meta-BllxuSc1.js                                           12.79 kB │ gzip:   2.86 kB
../../../../tmp/higoods-dds-pf-build/assets/handover-records-BCaWzSqS.js                               13.15 kB │ gzip:   4.13 kB
../../../../tmp/higoods-dds-pf-build/assets/cutting-runtime-event-ledger-CjRlPHmt.js                   13.19 kB │ gzip:   4.54 kB
../../../../tmp/higoods-dds-pf-build/assets/context-CsJA5Ybs.js                                        13.28 kB │ gzip:   4.71 kB
../../../../tmp/higoods-dds-pf-build/assets/returns-oA-TmssJ.js                                        13.38 kB │ gzip:   4.98 kB
../../../../tmp/higoods-dds-pf-build/assets/pda-start-link-DnixFbHo.js                                 13.46 kB │ gzip:   4.78 kB
../../../../tmp/higoods-dds-pf-build/assets/wls-inbound-CCWyVuFC.js                                    13.58 kB │ gzip:   5.29 kB
../../../../tmp/higoods-dds-pf-build/assets/cut-piece-return-warehouse-BWNvDY-9.js                     13.65 kB │ gzip:   4.88 kB
../../../../tmp/higoods-dds-pf-build/assets/wls-finished-inbound-T4uklKRj.js                           13.96 kB │ gzip:   5.32 kB
../../../../tmp/higoods-dds-pf-build/assets/supplements-B-9ameGZ.js                                    14.12 kB │ gzip:   5.16 kB
../../../../tmp/higoods-dds-pf-build/assets/responsibility-transfers-Bfq2XXyq.js                       14.25 kB │ gzip:   5.38 kB
../../../../tmp/higoods-dds-pf-build/assets/mobile-execution-task-index-C2eEI2ac.js                    14.40 kB │ gzip:   3.91 kB
../../../../tmp/higoods-dds-pf-build/assets/post-finishing-qc-print-template-BFKtUiSa.js               14.50 kB │ gzip:   4.47 kB
../../../../tmp/higoods-dds-pf-build/assets/work-orders-Cszixqb4.js                                    14.56 kB │ gzip:   4.96 kB
../../../../tmp/higoods-dds-pf-build/assets/work-orders-BkGHGXtI.js                                    14.71 kB │ gzip:   4.77 kB
../../../../tmp/higoods-dds-pf-build/assets/work-order-detail-DEndvyF9.js                              14.85 kB │ gzip:   4.77 kB
../../../../tmp/higoods-dds-pf-build/assets/pcs-engineering-tech-pack-workspace-BIyVY6SY.js            15.25 kB │ gzip:   5.44 kB
../../../../tmp/higoods-dds-pf-build/assets/workbench-CvIBll34.js                                      15.25 kB │ gzip:   4.58 kB
../../../../tmp/higoods-dds-pf-build/assets/reports-VpHbgWOB.js                                        15.94 kB │ gzip:   4.05 kB
../../../../tmp/higoods-dds-pf-build/assets/cut-order-supplement-fixture-zq6NAKfx.js                   15.96 kB │ gzip:   4.83 kB
../../../../tmp/higoods-dds-pf-build/assets/process-web-status-actions-DYd0lKI1.js                     15.97 kB │ gzip:   4.24 kB
../../../../tmp/higoods-dds-pf-build/assets/full-flow-print-BImoRPXk.js                                16.02 kB │ gzip:   5.30 kB
../../../../tmp/higoods-dds-pf-build/assets/outbound-orders-Jk2GnxKI.js                                16.06 kB │ gzip:   5.21 kB
../../../../tmp/higoods-dds-pf-build/assets/garment-spu-replacement-BgZzY5g7.js                        16.06 kB │ gzip:   4.88 kB
../../../../tmp/higoods-dds-pf-build/assets/handover-ledger-view-Bb141oEm.js                           16.19 kB │ gzip:   4.46 kB
../../../../tmp/higoods-dds-pf-build/assets/progress-handover-order-9nngD0uA.js                        16.35 kB │ gzip:   4.82 kB
../../../../tmp/higoods-dds-pf-build/assets/cut-order-release-integration-BecZ529n.js                  16.44 kB │ gzip:   5.88 kB
../../../../tmp/higoods-dds-pf-build/assets/machines-DQ-dTbmb.js                                       16.50 kB │ gzip:   5.54 kB
../../../../tmp/higoods-dds-pf-build/assets/pda-cutting-task-detail-BKBK0-xr.js                        16.75 kB │ gzip:   5.88 kB
../../../../tmp/higoods-dds-pf-build/assets/wls-garment-relabel-tasks-gR6RTdC5.js                      16.88 kB │ gzip:   5.59 kB
../../../../tmp/higoods-dds-pf-build/assets/pda-sewing-self-return-t88bvQJ0.js                         17.14 kB │ gzip:   5.76 kB
../../../../tmp/higoods-dds-pf-build/assets/sewing-cut-piece-return-workflow-B8vir4pp.js               17.17 kB │ gzip:   6.06 kB
../../../../tmp/higoods-dds-pf-build/assets/simple-cut-piece-handover-fixtures-Dj8C6V9E.js             17.17 kB │ gzip:   5.80 kB
../../../../tmp/higoods-dds-pf-build/assets/progress-cutting-detail-C-5QQzEF.js                        17.18 kB │ gzip:   4.26 kB
../../../../tmp/higoods-dds-pf-build/assets/dispatch-acceptance-sla-DeMJdGlA.js                        17.19 kB │ gzip:   5.15 kB
../../../../tmp/higoods-dds-pf-build/assets/production-confirmation-CZ1KylTU.js                        17.39 kB │ gzip:   5.94 kB
../../../../tmp/higoods-dds-pf-build/assets/marker-spreading-projection-AdK7AmGB.js                    17.47 kB │ gzip:   5.52 kB
../../../../tmp/higoods-dds-pf-build/assets/sewing-cut-piece-responsibility-BhVjV_F2.js                17.58 kB │ gzip:   5.28 kB
../../../../tmp/higoods-dds-pf-build/assets/pda-notify-due-soon-BoiDT06M.js                            17.72 kB │ gzip:   6.00 kB
../../../../tmp/higoods-dds-pf-build/assets/process-mobile-task-binding-BUxQkW44.js                    18.05 kB │ gzip:   6.37 kB
../../../../tmp/higoods-dds-pf-build/assets/events-D4YSP2fG.js                                         18.11 kB │ gzip:   7.13 kB
../../../../tmp/higoods-dds-pf-build/assets/store-domain-pda-BmzFMLTq.js                               18.17 kB │ gzip:   6.39 kB
../../../../tmp/higoods-dds-pf-build/assets/purchase-demands-DzL9HiSl.js                               18.28 kB │ gzip:   5.86 kB
../../../../tmp/higoods-dds-pf-build/assets/warehouse-BkiVvf3O.js                                      18.44 kB │ gzip:   5.87 kB
../../../../tmp/higoods-dds-pf-build/assets/platform-process-result-view-DKcrAlDx.js                   18.56 kB │ gzip:   5.34 kB
../../../../tmp/higoods-dds-pf-build/assets/sewing-outsourcing-workbench-CAyR1fPm.js                   18.64 kB │ gzip:   6.45 kB
../../../../tmp/higoods-dds-pf-build/assets/store-domain-statement-source-adapter-BjngyR6R.js          18.70 kB │ gzip:   5.37 kB
../../../../tmp/higoods-dds-pf-build/assets/production-demand-early-process-work-orders-CSWnYhly.js    18.86 kB │ gzip:   5.63 kB
../../../../tmp/higoods-dds-pf-build/assets/pda-warehouse-shared-B7w7XCYp.js                           18.91 kB │ gzip:   5.63 kB
../../../../tmp/higoods-dds-pf-build/assets/pda-warehouse-inbound-records-DYCakxNn.js                  19.19 kB │ gzip:   5.48 kB
../../../../tmp/higoods-dds-pf-build/assets/platform.adapter-DH-TQZiL.js                               19.25 kB │ gzip:   6.08 kB
../../../../tmp/higoods-dds-pf-build/assets/kol-goto-pda-domain-ClvpMcdZ.js                            19.28 kB │ gzip:   6.56 kB
../../../../tmp/higoods-dds-pf-build/assets/adjustments-BVVSV9Zw.js                                    19.39 kB │ gzip:   5.97 kB
../../../../tmp/higoods-dds-pf-build/assets/shared-CUHWJw8I.js                                         19.43 kB │ gzip:   5.25 kB
../../../../tmp/higoods-dds-pf-build/assets/task-orders-CGaOh7AM.js                                    19.67 kB │ gzip:   6.71 kB
../../../../tmp/higoods-dds-pf-build/assets/pda-warehouse-outbound-records-CM0V0PaW.js                 19.69 kB │ gzip:   5.70 kB
../../../../tmp/higoods-dds-pf-build/assets/post-finishing-current-read-model-_9MC2exP.js              19.76 kB │ gzip:   5.53 kB
../../../../tmp/higoods-dds-pf-build/assets/factory-sample-verification-flow-DXSagbLy.js               19.86 kB │ gzip:   4.87 kB
../../../../tmp/higoods-dds-pf-build/assets/process-water-soluble-orders-DCybkBJj.js                   19.99 kB │ gzip:   6.21 kB
../../../../tmp/higoods-dds-pf-build/assets/index-BS00S4h8.js                                          20.17 kB │ gzip:   5.21 kB
../../../../tmp/higoods-dds-pf-build/assets/audit-records-Bu_5oj0f.js                                  20.37 kB │ gzip:   6.65 kB
../../../../tmp/higoods-dds-pf-build/assets/order-list-columns-B5v3VsZb.js                             20.64 kB │ gzip:   6.47 kB
../../../../tmp/higoods-dds-pf-build/assets/overview.adapter-Drblwh7R.js                               20.65 kB │ gzip:   6.53 kB
../../../../tmp/higoods-dds-pf-build/assets/pcs-engineering-master-list-CovWZB1W.js                    21.04 kB │ gzip:   7.17 kB
../../../../tmp/higoods-dds-pf-build/assets/events-0BDks3Zt.js                                         21.16 kB │ gzip:   6.55 kB
../../../../tmp/higoods-dds-pf-build/assets/pcs-engineering-master-view-model-BsondNz4.js              21.22 kB │ gzip:   7.02 kB
../../../../tmp/higoods-dds-pf-build/assets/pcs-projects-list-8kGcF4oe.js                              21.68 kB │ gzip:   6.61 kB
../../../../tmp/higoods-dds-pf-build/assets/fei-ticket-numbering-DA8EMInh.js                           21.83 kB │ gzip:   6.23 kB
../../../../tmp/higoods-dds-pf-build/assets/deduction-analysis-b732oiN6.js                             21.85 kB │ gzip:   6.32 kB
../../../../tmp/higoods-dds-pf-build/assets/pda-handlers-DScKwVEk.js                                   22.00 kB │ gzip:   5.26 kB
../../../../tmp/higoods-dds-pf-build/assets/pms-purchase-orders-65CmWgoR.js                            22.07 kB │ gzip:   6.46 kB
../../../../tmp/higoods-dds-pf-build/assets/work-order-detail-BUM_8X9E.js                              22.32 kB │ gzip:   7.14 kB
../../../../tmp/higoods-dds-pf-build/assets/warehouse-location-map-model-DYlLtdIP.js                   22.51 kB │ gzip:   7.14 kB
../../../../tmp/higoods-dds-pf-build/assets/process-order-task-links-BBQ5xYRB.js                       22.54 kB │ gzip:   6.07 kB
../../../../tmp/higoods-dds-pf-build/assets/dye-work-order-online-view-CKJT2rTv.js                     22.60 kB │ gzip:   7.78 kB
../../../../tmp/higoods-dds-pf-build/assets/cut-piece-handover-CZd86xIl.js                             22.72 kB │ gzip:   7.34 kB
../../../../tmp/higoods-dds-pf-build/assets/cut-piece-returns-Dqfq5gqe.js                              22.76 kB │ gzip:   7.00 kB
../../../../tmp/higoods-dds-pf-build/assets/tasks-ClAtQ8xe.js                                          22.81 kB │ gzip:   7.30 kB
../../../../tmp/higoods-dds-pf-build/assets/progress-statistics-linkage-BFo1DJgY.js                    22.86 kB │ gzip:   6.53 kB
../../../../tmp/higoods-dds-pf-build/assets/qc-workbench-5nrsY5_X.js                                   23.04 kB │ gzip:   7.17 kB
../../../../tmp/higoods-dds-pf-build/assets/simple-cut-piece-handover-ui-C3RXN5xP.js                   23.08 kB │ gzip:   8.90 kB
../../../../tmp/higoods-dds-pf-build/assets/progress-cutting-overview-BuBdp0e5.js                      23.20 kB │ gzip:   5.48 kB
../../../../tmp/higoods-dds-pf-build/assets/recheck-orders-WRWGec_a.js                                 23.21 kB │ gzip:   7.35 kB
../../../../tmp/higoods-dds-pf-build/assets/material-issue-ByfwWxNM.js                                 23.30 kB │ gzip:   5.70 kB
../../../../tmp/higoods-dds-pf-build/assets/wls-accessory-receipts-4HZ68cGr.js                         23.33 kB │ gzip:   7.19 kB
../../../../tmp/higoods-dds-pf-build/assets/production-order-duration-Bab1tHfM.js                      23.73 kB │ gzip:   9.05 kB
../../../../tmp/higoods-dds-pf-build/assets/material-statements-DVfPHjyY.js                            23.94 kB │ gzip:   6.51 kB
../../../../tmp/higoods-dds-pf-build/assets/quality-deduction-selectors-DwYkMvko.js                    24.26 kB │ gzip:   6.28 kB
../../../../tmp/higoods-dds-pf-build/assets/qc-orders-DhVeOCjm.js                                      24.33 kB │ gzip:   7.61 kB
../../../../tmp/higoods-dds-pf-build/assets/retired-process-history-Db2TRkOD.js                        24.75 kB │ gzip:   6.41 kB
../../../../tmp/higoods-dds-pf-build/assets/process-print-orders-D-bs4Din.js                           24.78 kB │ gzip:   8.19 kB
../../../../tmp/higoods-dds-pf-build/assets/dialogs-n4yDlrZd.js                                        24.86 kB │ gzip:   6.13 kB
../../../../tmp/higoods-dds-pf-build/assets/process-dye-orders-jsHAsv1L.js                             24.96 kB │ gzip:   8.28 kB
../../../../tmp/higoods-dds-pf-build/assets/wls-fabric-demand-board-DihSWRl9.js                        25.09 kB │ gzip:   6.86 kB
../../../../tmp/higoods-dds-pf-build/assets/fcs-production-tech-pack-snapshot-NT16s4JJ.js              25.32 kB │ gzip:   6.46 kB
../../../../tmp/higoods-dds-pf-build/assets/machine-associations-By3qk3Dy.js                           25.62 kB │ gzip:   7.78 kB
../../../../tmp/higoods-dds-pf-build/assets/pda-wool-fact-execution-CAsS28Sq.js                        25.83 kB │ gzip:   8.54 kB
../../../../tmp/higoods-dds-pf-build/assets/pcs-handlers-CmS1xOL_.js                                   26.11 kB │ gzip:   6.70 kB
../../../../tmp/higoods-dds-pf-build/assets/sample-approval-suggestions-C-KY1WXl.js                    26.68 kB │ gzip:   8.28 kB
../../../../tmp/higoods-dds-pf-build/assets/pda-warehouse-wait-handover-NGZAUNX1.js                    26.89 kB │ gzip:   6.91 kB
../../../../tmp/higoods-dds-pf-build/assets/marker-spreading-utils-DN9v4HbJ.js                         27.03 kB │ gzip:   7.97 kB
../../../../tmp/higoods-dds-pf-build/assets/warehouse-location-map-CJKqBXjb.js                         27.05 kB │ gzip:   7.08 kB
../../../../tmp/higoods-dds-pf-build/assets/progress-milestone-config-I5RFJISn.js                      27.36 kB │ gzip:   6.06 kB
../../../../tmp/higoods-dds-pf-build/assets/pcs-pattern-library-detail-CjrQyge1.js                     27.61 kB │ gzip:   6.56 kB
../../../../tmp/higoods-dds-pf-build/assets/pcs-channel-products-BhAeh_tm.js                           27.75 kB │ gzip:   7.44 kB
../../../../tmp/higoods-dds-pf-build/assets/sample-warehouse-B029rVjk.js                               27.85 kB │ gzip:   7.11 kB
../../../../tmp/higoods-dds-pf-build/assets/third-party-factory-rating-BSELx4zj.js                     27.91 kB │ gzip:   7.97 kB
../../../../tmp/higoods-dds-pf-build/assets/factory-status-BfqCU7Xs.js                                 28.42 kB │ gzip:   6.02 kB
../../../../tmp/higoods-dds-pf-build/assets/task-detail-ChCoEfd0.js                                    28.60 kB │ gzip:   8.29 kB
../../../../tmp/higoods-dds-pf-build/assets/marker-plan-source-model-DmY-Ov9h.js                       28.86 kB │ gzip:   8.46 kB
../../../../tmp/higoods-dds-pf-build/assets/production-order-progress-tracking-BBa1anF8.js             28.97 kB │ gzip:   9.53 kB
../../../../tmp/higoods-dds-pf-build/assets/pcs-engineering-master-detail-Bcw20AlZ.js                  29.22 kB │ gzip:   8.61 kB
../../../../tmp/higoods-dds-pf-build/assets/warehouse-B8QK8mYX.js                                      29.27 kB │ gzip:   9.85 kB
../../../../tmp/higoods-dds-pf-build/assets/early-process-management-5Dbq7AKD.js                       30.05 kB │ gzip:   7.55 kB
../../../../tmp/higoods-dds-pf-build/assets/progress-cutting-exception-center-BI6prl-_.js              30.27 kB │ gzip:   6.94 kB
../../../../tmp/higoods-dds-pf-build/assets/process-warehouse-domain-GDKXOUu_.js                       31.17 kB │ gzip:   7.03 kB
../../../../tmp/higoods-dds-pf-build/assets/effective-task-assignments-Dh2F3mAc.js                     31.25 kB │ gzip:  10.43 kB
../../../../tmp/higoods-dds-pf-build/assets/handover-orders-BXApM90S.js                                31.25 kB │ gzip:   8.80 kB
../../../../tmp/higoods-dds-pf-build/assets/pcs-config-workspace-92uxKTLt.js                           31.38 kB │ gzip:   7.03 kB
../../../../tmp/higoods-dds-pf-build/assets/capability-DA-fs_mc.js                                     31.68 kB │ gzip:   6.71 kB
../../../../tmp/higoods-dds-pf-build/assets/factory-performance-BO6Mz1Xa.js                            32.31 kB │ gzip:   6.74 kB
../../../../tmp/higoods-dds-pf-build/assets/pda-shell-CgIWIRCs.js                                      32.48 kB │ gzip:   8.44 kB
../../../../tmp/higoods-dds-pf-build/assets/pcs-tech-pack-bootstrap-DspXvwts.js                        32.79 kB │ gzip:   8.30 kB
../../../../tmp/higoods-dds-pf-build/assets/dialogs-D3fp27eS.js                                        32.94 kB │ gzip:   9.96 kB
../../../../tmp/higoods-dds-pf-build/assets/cut-piece-return-domain-DVoTYLL8.js                        33.08 kB │ gzip:   9.74 kB
../../../../tmp/higoods-dds-pf-build/assets/garment-spu-replacements-BrZnHzBa.js                       33.10 kB │ gzip:   9.40 kB
../../../../tmp/higoods-dds-pf-build/assets/pcs-pattern-library-rTNPUqph.js                            33.67 kB │ gzip:   7.63 kB
../../../../tmp/higoods-dds-pf-build/assets/store-domain-settlement-seeds-B1uVWPro.js                  33.72 kB │ gzip:   9.00 kB
../../../../tmp/higoods-dds-pf-build/assets/warehouse-runtime-nML70Tzr.js                              33.73 kB │ gzip:   8.64 kB
../../../../tmp/higoods-dds-pf-build/assets/work-order-detail-vLgIW4CN.js                              34.52 kB │ gzip:   9.87 kB
../../../../tmp/higoods-dds-pf-build/assets/pda-cutting-inbound-B8nhp8IP.js                            34.72 kB │ gzip:  10.53 kB
../../../../tmp/higoods-dds-pf-build/assets/dispatch-acceptance-sla-CeB6TAQs.js                        34.98 kB │ gzip:   7.90 kB
../../../../tmp/higoods-dds-pf-build/assets/pda-post-finishing-flow-D7fkTaPS.js                        35.55 kB │ gzip:   9.60 kB
../../../../tmp/higoods-dds-pf-build/assets/work-orders-SRFYlRiL.js                                    35.71 kB │ gzip:  12.01 kB
../../../../tmp/higoods-dds-pf-build/assets/pda-warehouse-stocktake-D4i173Nc.js                        35.74 kB │ gzip:   9.16 kB
../../../../tmp/higoods-dds-pf-build/assets/work-order-detail-BMeO4bKB.js                              35.76 kB │ gzip:   9.85 kB
../../../../tmp/higoods-dds-pf-build/assets/work-orders-CNNupt3a.js                                    36.00 kB │ gzip:  10.68 kB
../../../../tmp/higoods-dds-pf-build/assets/pda-task-receive-detail-D7RZE5hV.js                        36.41 kB │ gzip:   8.88 kB
../../../../tmp/higoods-dds-pf-build/assets/pcs-pattern-library-create-CSux0IM1.js                     36.93 kB │ gzip:   8.63 kB
../../../../tmp/higoods-dds-pf-build/assets/water-soluble-orders-6df1ej2R.js                           37.05 kB │ gzip:  11.25 kB
../../../../tmp/higoods-dds-pf-build/assets/pda-cutting-transfer-bag-repack-Y01YnZB6.js                37.18 kB │ gzip:  10.61 kB
../../../../tmp/higoods-dds-pf-build/assets/work-order-detail-BROnbhXr.js                              37.30 kB │ gzip:  10.18 kB
../../../../tmp/higoods-dds-pf-build/assets/third-party-factory-comprehensive-assessment-CaVoXib5.js   37.40 kB │ gzip:  11.03 kB
../../../../tmp/higoods-dds-pf-build/assets/pcs-technical-data-cBiBsNA3.js                             37.45 kB │ gzip:  10.05 kB
../../../../tmp/higoods-dds-pf-build/assets/pcs-part-template-library-Dq29tSPE.js                      38.06 kB │ gzip:  13.43 kB
../../../../tmp/higoods-dds-pf-build/assets/cutting-statistics-ab-material-YnhHMnf0.js                 38.13 kB │ gzip:   8.63 kB
../../../../tmp/higoods-dds-pf-build/assets/store-domain-quality-bootstrap-IdgXieVf.js                 38.24 kB │ gzip:   5.39 kB
../../../../tmp/higoods-dds-pf-build/assets/special-processes-CneZQkWD.js                              38.41 kB │ gzip:  10.02 kB
../../../../tmp/higoods-dds-pf-build/assets/pda-quality-DOc4CQat.js                                    38.62 kB │ gzip:  10.24 kB
../../../../tmp/higoods-dds-pf-build/assets/process-craft-dict-B1Rp5d0b.js                             39.02 kB │ gzip:   7.49 kB
../../../../tmp/higoods-dds-pf-build/assets/warehouse-D84zfOrH.js                                      39.21 kB │ gzip:  11.32 kB
../../../../tmp/higoods-dds-pf-build/assets/pda-cutting-handover-CSivnB9N.js                           40.24 kB │ gzip:  11.57 kB
../../../../tmp/higoods-dds-pf-build/assets/fcs-handlers-B-KbM9L6.js                                   40.26 kB │ gzip:  11.98 kB
../../../../tmp/higoods-dds-pf-build/assets/wait-handover-runtime-kgyzlZR7.js                          41.70 kB │ gzip:  11.42 kB
../../../../tmp/higoods-dds-pf-build/assets/print-styles-D4pjAct5.js                                   41.80 kB │ gzip:   8.55 kB
../../../../tmp/higoods-dds-pf-build/assets/handover-orders-B99nMF5L.js                                44.18 kB │ gzip:   8.80 kB
../../../../tmp/higoods-dds-pf-build/assets/pending-receipts-DbcZhOdV.js                               44.33 kB │ gzip:  15.86 kB
../../../../tmp/higoods-dds-pf-build/assets/warehouse-D8nkzrMn.js                                      44.35 kB │ gzip:  10.31 kB
../../../../tmp/higoods-dds-pf-build/assets/pcs-material-archives-BAzvoiWH.js                          44.53 kB │ gzip:   9.88 kB
../../../../tmp/higoods-dds-pf-build/assets/warehouse-C3KJt6C1.js                                      44.82 kB │ gzip:  11.47 kB
../../../../tmp/higoods-dds-pf-build/assets/cutting-summary-BNONyyhi.js                                45.27 kB │ gzip:  12.00 kB
../../../../tmp/higoods-dds-pf-build/assets/demand-domain-CQ2JM_uR.js                                  45.79 kB │ gzip:  10.38 kB
../../../../tmp/higoods-dds-pf-build/assets/batches-ZyvH54i9.js                                        47.35 kB │ gzip:  10.26 kB
../../../../tmp/higoods-dds-pf-build/assets/settlement-linked-mock-factory-CIYEpfqS.js                 47.82 kB │ gzip:  14.52 kB
../../../../tmp/higoods-dds-pf-build/assets/dispatch-tenders-BC_7F6en.js                               48.15 kB │ gzip:  12.63 kB
../../../../tmp/higoods-dds-pf-build/assets/dyeing-oc-2lZkB.js                                         48.66 kB │ gzip:  10.73 kB
../../../../tmp/higoods-dds-pf-build/assets/printing-CgR6nrKm.js                                       48.67 kB │ gzip:  10.73 kB
../../../../tmp/higoods-dds-pf-build/assets/other-8SyuSz54.js                                          48.67 kB │ gzip:  10.75 kB
../../../../tmp/higoods-dds-pf-build/assets/pda-task-receive-DcSv4hW5.js                               49.21 kB │ gzip:  12.24 kB
../../../../tmp/higoods-dds-pf-build/assets/sewing-Ds9joJSJ.js                                         49.69 kB │ gzip:  11.07 kB
../../../../tmp/higoods-dds-pf-build/assets/progress-material-CyWDtAh3.js                              49.91 kB │ gzip:   9.88 kB
../../../../tmp/higoods-dds-pf-build/assets/pda-cutting-execution-source-C-vt7O1N.js                   50.22 kB │ gzip:  13.67 kB
../../../../tmp/higoods-dds-pf-build/assets/pda-onboarding-DSzrdaJS.js                                 50.54 kB │ gzip:  10.79 kB
../../../../tmp/higoods-dds-pf-build/assets/pcs-pattern-library-YXRLF2WW.js                            50.59 kB │ gzip:  14.96 kB
../../../../tmp/higoods-dds-pf-build/assets/marker-plan-model-CXdVOA_w.js                              51.65 kB │ gzip:  14.78 kB
../../../../tmp/higoods-dds-pf-build/assets/pda-handover-CDybe-_X.js                                   52.73 kB │ gzip:  13.86 kB
../../../../tmp/higoods-dds-pf-build/assets/store-domain-progress-Du3Zu0mg.js                          52.98 kB │ gzip:  11.75 kB
../../../../tmp/higoods-dds-pf-build/assets/lace-factory-domain-BTkNWwGS.js                            53.70 kB │ gzip:  13.35 kB
../../../../tmp/higoods-dds-pf-build/assets/pcs-part-template-library-C4z8aqjq.js                      53.79 kB │ gzip:  11.06 kB
../../../../tmp/higoods-dds-pf-build/assets/settlement-cutting-input-3v87bl5-.js                       54.74 kB │ gzip:  11.53 kB
../../../../tmp/higoods-dds-pf-build/assets/warehouse-location-map-BeIvr0PP.js                         56.82 kB │ gzip:  16.84 kB
../../../../tmp/higoods-dds-pf-build/assets/marker-plan-occupancy-BR26urzp.js                          57.48 kB │ gzip:  16.19 kB
../../../../tmp/higoods-dds-pf-build/assets/progress-urge-o_N-poA0.js                                  57.54 kB │ gzip:  11.90 kB
../../../../tmp/higoods-dds-pf-build/assets/pda-cutting-spreading-bzTH7o5Q.js                          57.78 kB │ gzip:  13.55 kB
../../../../tmp/higoods-dds-pf-build/assets/domain-snapshot-D3dPDEtS.js                                59.76 kB │ gzip:  16.08 kB
../../../../tmp/higoods-dds-pf-build/assets/factory-profile-CKmild7W.js                                61.20 kB │ gzip:  14.05 kB
../../../../tmp/higoods-dds-pf-build/assets/cut-piece-release-BFaIioUl.js                              61.24 kB │ gzip:  16.32 kB
../../../../tmp/higoods-dds-pf-build/assets/pda-settlement-DFY4EZGU.js                                 61.30 kB │ gzip:  14.09 kB
../../../../tmp/higoods-dds-pf-build/assets/pcs-project-inline-node-record-repository-C0NK-vOz.js      61.84 kB │ gzip:  17.13 kB
../../../../tmp/higoods-dds-pf-build/assets/pickup-management-list-BkRaHlqF.js                         62.58 kB │ gzip:  17.59 kB
../../../../tmp/higoods-dds-pf-build/assets/pcs-live-testing-C7plNsPn.js                               63.27 kB │ gzip:  16.03 kB
../../../../tmp/higoods-dds-pf-build/assets/cutting-BHImfBgd.js                                        64.01 kB │ gzip:  13.49 kB
../../../../tmp/higoods-dds-pf-build/assets/progress-handover-Ca_FyL9Q.js                              65.07 kB │ gzip:  14.07 kB
../../../../tmp/higoods-dds-pf-build/assets/pcs-video-testing-q_9Q6uL8.js                              65.44 kB │ gzip:  16.46 kB
../../../../tmp/higoods-dds-pf-build/assets/production-object-overview-C6WPaa2N.js                     65.45 kB │ gzip:  15.39 kB
../../../../tmp/higoods-dds-pf-build/assets/production-object-overview-BKeyximV.js                     65.91 kB │ gzip:  13.66 kB
../../../../tmp/higoods-dds-pf-build/assets/output-documents-CMnuINcC.js                               67.11 kB │ gzip:  23.06 kB
../../../../tmp/higoods-dds-pf-build/assets/core-DCKj8FBN.js                                           67.41 kB │ gzip:  12.49 kB
../../../../tmp/higoods-dds-pf-build/assets/pcs-sample-management-BgmEjwE3.js                          67.66 kB │ gzip:  15.42 kB
../../../../tmp/higoods-dds-pf-build/assets/pda-exec-CsoJlsUC.js                                       68.06 kB │ gzip:  15.75 kB
../../../../tmp/higoods-dds-pf-build/assets/pcs-channel-stores-C1L-K8j2.js                             69.26 kB │ gzip:  14.31 kB
../../../../tmp/higoods-dds-pf-build/assets/sewing-dispatch-BJrwpTez.js                                69.28 kB │ gzip:  18.08 kB
../../../../tmp/higoods-dds-pf-build/assets/cutting-daily-production-report-B_PFwElv.js                69.29 kB │ gzip:  19.56 kB
../../../../tmp/higoods-dds-pf-build/assets/context-DjQf4m3b.js                                        69.73 kB │ gzip:  21.45 kB
../../../../tmp/higoods-dds-pf-build/assets/progress-exceptions-DGqwSxOX.js                            71.54 kB │ gzip:  13.76 kB
../../../../tmp/higoods-dds-pf-build/assets/wait-handover-actions-BQskRi0v.js                          71.92 kB │ gzip:  18.19 kB
../../../../tmp/higoods-dds-pf-build/assets/qc-records-BmnLuCDf.js                                     72.06 kB │ gzip:  16.32 kB
../../../../tmp/higoods-dds-pf-build/assets/special-craft-fei-ticket-flow-Bnda9U74.js                  72.45 kB │ gzip:  16.44 kB
../../../../tmp/higoods-dds-pf-build/assets/routes-fcs-eENuxOzF.js                                     72.82 kB │ gzip:  13.93 kB
../../../../tmp/higoods-dds-pf-build/assets/transfer-bags-INvTlUQU.js                                  73.91 kB │ gzip:  18.86 kB
../../../../tmp/higoods-dds-pf-build/assets/factory-onboarding-BOvb4Oq4.js                             75.29 kB │ gzip:  12.70 kB
../../../../tmp/higoods-dds-pf-build/assets/process-action-writeback-service-T5XwTaP4.js               75.60 kB │ gzip:  17.20 kB
../../../../tmp/higoods-dds-pf-build/assets/pda-handover-detail-Bi2d8kPq.js                            75.81 kB │ gzip:  18.64 kB
../../../../tmp/higoods-dds-pf-build/assets/dialogs-lak3snNA.js                                        76.10 kB │ gzip:  18.86 kB
../../../../tmp/higoods-dds-pf-build/assets/orders-domain-BQgOb3qG.js                                  76.40 kB │ gzip:  16.92 kB
../../../../tmp/higoods-dds-pf-build/assets/settlement-BVKwQdEj.js                                     76.49 kB │ gzip:  11.95 kB
../../../../tmp/higoods-dds-pf-build/assets/pcs-independent-sampling-HTKPKM-I.js                       77.57 kB │ gzip:  19.81 kB
../../../../tmp/higoods-dds-pf-build/assets/transfer-bag-operations-CRLpb5Ni.js                        77.98 kB │ gzip:  19.25 kB
../../../../tmp/higoods-dds-pf-build/assets/runtime-projections-Bk25_oPS.js                            78.01 kB │ gzip:  18.42 kB
../../../../tmp/higoods-dds-pf-build/assets/production-progress-QeaoBoZk.js                            81.81 kB │ gzip:  20.82 kB
../../../../tmp/higoods-dds-pf-build/assets/pda-warehouse-wait-process-BgLbOHoO.js                     88.49 kB │ gzip:  21.59 kB
../../../../tmp/higoods-dds-pf-build/assets/production-orders-ClfZQcV3.js                              89.46 kB │ gzip:  20.99 kB
../../../../tmp/higoods-dds-pf-build/assets/events-Bw9WuJQd.js                                         90.15 kB │ gzip:  22.24 kB
../../../../tmp/higoods-dds-pf-build/assets/factory-onboarding-flow-XwVDf2DN.js                        90.67 kB │ gzip:  23.36 kB
../../../../tmp/higoods-dds-pf-build/assets/dispatch-CTx8WsV-.js                                       91.33 kB │ gzip:  27.75 kB
../../../../tmp/higoods-dds-pf-build/assets/production-tech-pack-change-domain-BXSykvEJ.js             91.54 kB │ gzip:  24.04 kB
../../../../tmp/higoods-dds-pf-build/assets/cut-orders-DIgfvO8K.js                                     95.87 kB │ gzip:  24.88 kB
../../../../tmp/higoods-dds-pf-build/assets/post-finishing-full-flow-CmCK36UM.js                      104.11 kB │ gzip:  26.90 kB
../../../../tmp/higoods-dds-pf-build/assets/pcs-product-archives-Bcn2PH8L.js                          106.88 kB │ gzip:  21.74 kB
../../../../tmp/higoods-dds-pf-build/assets/dialogs-c4TczDCg.js                                       108.94 kB │ gzip:  26.82 kB
../../../../tmp/higoods-dds-pf-build/assets/transfer-bag-return-model-DJSmTqUt.js                     112.98 kB │ gzip:  26.64 kB
../../../../tmp/higoods-dds-pf-build/assets/supplement-management-NEs-iH56.js                         114.40 kB │ gzip:  30.42 kB
../../../../tmp/higoods-dds-pf-build/assets/pcs-project-repository-DDPG26B7.js                        116.14 kB │ gzip:  27.79 kB
../../../../tmp/higoods-dds-pf-build/assets/special-craft-task-orders-AwMJCuSq.js                     116.29 kB │ gzip:  30.23 kB
../../../../tmp/higoods-dds-pf-build/assets/unified-dispatch-workbench-CB9_bjjA.js                    119.21 kB │ gzip:  33.59 kB
../../../../tmp/higoods-dds-pf-build/assets/statements-CHD_W1dF.js                                    120.80 kB │ gzip:  24.97 kB
../../../../tmp/higoods-dds-pf-build/assets/pcs-engineering-tasks-BoBIuc6M.js                         128.39 kB │ gzip:  29.79 kB
../../../../tmp/higoods-dds-pf-build/assets/context-0mOSDMGe.js                                       132.83 kB │ gzip:  34.36 kB
../../../../tmp/higoods-dds-pf-build/assets/production-SOOTfbh0.js                                    135.20 kB │ gzip:  27.91 kB
../../../../tmp/higoods-dds-pf-build/assets/quality-deduction-repository-CwIX7jnr.js                  136.79 kB │ gzip:  26.66 kB
../../../../tmp/higoods-dds-pf-build/assets/process-domain-Bcd__jN6.js                                138.63 kB │ gzip:  25.83 kB
../../../../tmp/higoods-dds-pf-build/assets/generated-fei-tickets-Lnx-FHnO.js                         143.18 kB │ gzip:  36.24 kB
../../../../tmp/higoods-dds-pf-build/assets/preparation-timing-CZ36Oz8z.js                            146.62 kB │ gzip:  34.66 kB
../../../../tmp/higoods-dds-pf-build/assets/marker-plan-D1cJuI-5.js                                   151.31 kB │ gzip:  35.91 kB
../../../../tmp/higoods-dds-pf-build/assets/warehouse-hub-uQOnUR-t.js                                 153.86 kB │ gzip:  38.39 kB
../../../../tmp/higoods-dds-pf-build/assets/marker-spreading-sQsey6hG.js                              155.27 kB │ gzip:  38.23 kB
../../../../tmp/higoods-dds-pf-build/assets/pcs-project-config-workspace-adapter-CQBzwYZZ.js          174.43 kB │ gzip:  37.96 kB
../../../../tmp/higoods-dds-pf-build/assets/fei-tickets-C8ZWpiS3.js                                   196.40 kB │ gzip:  43.79 kB
../../../../tmp/higoods-dds-pf-build/assets/pda-exec-detail-DtPgmN-6.js                               233.51 kB │ gzip:  54.17 kB
../../../../tmp/higoods-dds-pf-build/assets/pcs-projects-DtRiHKbl.js                                  233.95 kB │ gzip:  51.07 kB
../../../../tmp/higoods-dds-pf-build/assets/print-preview-EizzDsrM.js                                 258.97 kB │ gzip:  67.15 kB
../../../../tmp/higoods-dds-pf-build/assets/process-tasks-KMA6hmNx.js                                 313.91 kB │ gzip:  86.11 kB
../../../../tmp/higoods-dds-pf-build/assets/index-BVj2X_4_.js                                         341.87 kB │ gzip:  77.54 kB
../../../../tmp/higoods-dds-pf-build/assets/pcs-technical-data-version-repository-uqnwpY4o.js         560.87 kB │ gzip: 133.76 kB
../../../../tmp/higoods-dds-pf-build/assets/index-B-tHDG5o.js                                         597.81 kB │ gzip: 172.80 kB
../../../../tmp/higoods-dds-pf-build/assets/material-ledger-DavAZJ8e.js                               861.84 kB │ gzip: 216.16 kB

(!) Some chunks are larger than 550 kB after minification. Consider:
- Using dynamic import() to code-split the application
- Use build.rollupOptions.output.manualChunks to improve chunking: https://rollupjs.org/configuration-options/#output-manualchunks
- Adjust chunk size limit for this warning via build.chunkSizeWarningLimit.
✓ built in 6.82s
