(node:93283) ExperimentalWarning: localStorage is not available because --localstorage-file was not provided.
(Use `node --trace-warnings ...` to show where the warning was created)
✔ COST draft uses recursive composite standard cost and notes upstream reference changes (33.1285ms)
✔ COST actual zero remains valid; missing standard is blocked; calculations avoid per-line early rounding (30.278708ms)
✔ GOV-006 BOM new selection and save reject an unavailable SKU or parent without changing saved lines (63.250542ms)
✔ GOV-006 stopping a material preserves an existing BOM line but blocks adding or replacing a line (34.571ms)
✔ GOV-006 technical BOM edits retain an existing stopped material while new material selection stays guarded (112.459708ms)
✔ COST confirmed plan keeps its cost and unit versions, while copied drafts use new standards (41.794792ms)
✔ COST technical draft page reads current standard; publish freezes once and activation reuses it after price/FX changes (215.048209ms)
✔ UOM frozen usage conversion retains the selected unit relation version (57.151417ms)
✔ BRIDGE multiple yarn intentions remain separate technical inputs, project once and preserve source SKU (285.169125ms)
✔ COST failed publishing cannot leave a published record or half-frozen cost references (70.583917ms)
✔ BRIDGE-002/003 multi-color yarn keeps both technical inputs and separates panel from garment output (37.605792ms)
PCS_CHANNEL_PERF {"label":"cold-list-query","pid":2000,"variants":10000,"samples":5,"valuesMs":[118.61,144,169.57,214.2,103.8],"p95Ms":214.2,"maxMs":214.2,"budgetMs":1000,"scope":"Node only"}
PCS_CHANNEL_PERF {"label":"warm-list-query","pid":2000,"variants":10000,"samples":5,"valuesMs":[92.15,41.8,42.62,31.22,41.03],"p95Ms":92.15,"maxMs":92.15,"budgetMs":1000,"scope":"Node only"}
PCS_CHANNEL_PERF {"label":"variant-and-price-read","pid":2000,"variants":10000,"samples":5,"valuesMs":[2.06,0.63,0.3,0.27,0.25],"p95Ms":2.06,"maxMs":2.06,"budgetMs":1000,"scope":"Node only"}
PCS_CHANNEL_PERF {"label":"list-html-render-20","pid":2000,"variants":10000,"samples":5,"valuesMs":[62.55,28.21,48.59,42.31,33.83],"p95Ms":62.55,"maxMs":62.55,"budgetMs":1000,"scope":"Node only"}
PCS_CHANNEL_PERF {"label":"export-all-2000-PID-10000-variants","pid":2000,"variants":10000,"samples":5,"valuesMs":[94.3,117.16,85.36,102.05,101.58],"p95Ms":117.16,"maxMs":117.16,"budgetMs":1000,"scope":"Node only"}
PCS_CHANNEL_PERF {"label":"sync-workbench-html-20","pid":2000,"variants":10000,"samples":5,"valuesMs":[47.15,47.11,52.9,51.49,50.77],"p95Ms":52.9,"maxMs":52.9,"budgetMs":1000,"scope":"Node only"}
PCS_CHANNEL_PERF {"label":"platform-variant-filter-html","pid":2000,"variants":10000,"samples":5,"valuesMs":[59.69,55.42,45.45,36.75,32.19],"p95Ms":59.69,"maxMs":59.69,"budgetMs":1000,"scope":"Node only"}
PCS_CHANNEL_PERF {"label":"import-preview-100","pid":2000,"variants":10000,"samples":5,"valuesMs":[55.52,8.08,3.28,1.99,1.95],"p95Ms":55.52,"maxMs":55.52,"budgetMs":1000,"scope":"Node only"}
PCS_CHANNEL_PERF {"label":"import-preview-1000","pid":2000,"variants":10000,"samples":5,"valuesMs":[2.23,2.54,4.62,4.63,2.23],"p95Ms":4.63,"maxMs":4.63,"budgetMs":1000,"scope":"Node only"}
PCS_CHANNEL_PERF {"label":"import-preview-1000-same-PID","pid":2000,"variants":10000,"samples":5,"valuesMs":[2.16,2.13,1.9,2.15,3.95],"p95Ms":3.95,"maxMs":3.95,"budgetMs":1000,"scope":"Node only"}
✔ channel list projections retain price and mapping identities without sharing mutable catalog records (14.106791ms)
✔ PERF channel 2000 PID / 10000 platform variants: scoped reads and list rendering (2227.752833ms)
✔ PERF import previews of 100 and 1000 rows against 2000 existing PIDs / 10000 variants (100.305ms)
(node:93285) ExperimentalWarning: localStorage is not available because --localstorage-file was not provided.
(Use `node --trace-warnings ...` to show where the warning was created)
✔ CHAN-001/002/003/018 current scopes, separate MYR sales/CNY settlement, inactive is not platform offline (26.228542ms)
✔ STORE-011/012 store responsibility uses existing IDs and logs original and changed owner/team (10.675083ms)
✔ CHAN-004/005 new container cannot cross SPUs, duplicate internal SKU has independent external records (57.230333ms)
✔ CHAN-004 stopped parent SPU blocks new PID and new mappings while existing listing stays maintainable (157.381833ms)
✔ CHAN-004 parent and SKU qualification both apply to candidates and save; existing selection remains visible (186.525042ms)
✔ CHAN-006/007/008 store content, display names and technical source do not rewrite internal identities (31.517333ms)
✔ CHAN-006 unpublished untouched fields follow base sales; published stays explicit (57.388041ms)
✔ CONTENT-005 incomplete description drafts save but review and cached-approved publication are blocked (401.171792ms)
✔ CONTENT-011 base sales references retain exact language and version; published references advance only by explicit application (140.16875ms)
✔ LIST-006/007/008 configured store mappings initialize content and current template requirements gate review and actual publish (231.23375ms)
✔ CONTENT-008/EXT-004/006/007/009/010 template media and per-instance requirements gate review and cached-approved publish (238.49325ms)
✔ CONTENT-010 detail labels each inherited field, store override and published snapshot separately (158.995375ms)
✔ CHAN-009/010/011 five price types, defaults affect followers only and platform price overrides one instance (73.764791ms)
✔ CHAN-017 clearance uses store time zone and expires into daily price (26.447875ms)
✔ CHAN-012 historic imports preserve string IDs and reject incomplete mapping without partial formal records (35.803334ms)
✔ CHAN-014/015/016 mapping correction versions preserve old fulfillment snapshots (44.578292ms)
✔ CHAN-014 legacy channel projection has no project identity or inventory, historical relations read canonical PID cardinality (247.135042ms)
✔ CHAN-019 copy has independent internal container and clears external identity/results (65.615625ms)
✔ SYNC-001/002 normal two-way changes synchronize immediately without asking to adopt (69.312416ms)
✔ SYNC-003 concurrent same field requires resolution; different fields merge (27.806ms)
✔ SYNC-004/005 late receipt cannot overwrite new content, own event cannot loop (55.546875ms)
✔ SYNC-002/004 platform status-only observations are current facts and older status cannot overwrite them (20.015292ms)
✔ SYNC-006 partial failures retry exactly failed items, preserve successful external IDs (105.084083ms)
✔ SYNC-011 immutable per-receipt external identity and raw status survive partial retry and later changes (120.844458ms)
✔ SYNC-007 first publish unknown reuses same operation and duplicate submission does not mint two PIDs (120.824625ms)
✔ SYNC-008 unsupported fields remain explicit, never success (15.588375ms)
✔ SYNC-009/010 same internal availability is shared observations, not multiplied or written to inventory (89.738209ms)
✔ CHAN-013/SYNC-011 test order selection uses canonical listing and precise action; passing production stays independent (108.118958ms)
✔ SYNC-002/003 platform merge never approves a different pending PCS field; conflict choice sends only its field (39.51875ms)
✔ SYNC-001 clearing an optional supported price publishes null instead of retaining a stale platform amount (39.102916ms)
✔ reading canonical listings, variants and store views creates no business writes (5.388416ms)
✔ legacy conversion is pure, preserves many external IDs per same SKU and rejects unmatched lines (7.6265ms)
✔ page structure has independent list/detail/edit and explicit demo sync, no inventory editor or browser maintenance (34.083583ms)
✔ fixed current prototype scenarios expose success, partial, late, concurrent and unknown receipts (47.818167ms)
✔ SYNC-009/010 fixed shared SKU reads the exact WLS source across two PIDs and three external instances (27.978875ms)
✔ channel WLS source link applies an exact SKU filter on the existing warehouse page (1.500916ms)
✔ read optimizations preserve immutable object boundaries and no-op content does not create versions (10.405416ms)
✔ CHAN-004/012 import grouping rejects cross-style, duplicate instance and different PID titles with exact row errors (3.463125ms)
✔ CHAN-008 sales size chart source links to an actual same-style technical version and rejects foreign versions (16.515417ms)
✔ sales description preview retains text/table/list/image semantics and drops executable attributes (1.091542ms)
✔ channel forms register with the common dirty guard: cancel preserves inputs and confirm discards only pending edits (11.566292ms)
✔ SYNC-004/007 late first-creation receipt preserves external identity without overwriting newer content (89.6325ms)
✔ SYNC-007/CHAN-005 incomplete or nontext external identity never becomes a successful formal publication (150.41475ms)
(node:93286) ExperimentalWarning: Module mocking is an experimental feature and might change at any time
(Use `node --trace-warnings ...` to show where the warning was created)
(node:93286) DeprecationWarning: mock.module(): options.namedExports is deprecated. Use options.exports instead.
▶ configuration page lists, version metadata and equipment-model command boundaries
  ✔ standard list applies pagination, sorting, visibility, freezing, reset and whole-result CSV export (254.172459ms)
  ✔ template detail and draft save preserve button conditions, zero minimum, shape and version conversions (152.346625ms)
  ✔ controlled material attribute dictionaries have distinct navigable maintenance lists (2.91075ms)
  ✔ template tabs maintain package and process bindings, stable unit references and category languages (80.02075ms)
  ✔ equipment type opens model list, failed save retains input, awaited save creates own ID and edit toggles same model (13.4415ms)
  ✔ unavailable preference storage does not block configuration lists (1.167125ms)
  ✔ column drag order and page size persist as bounded preferences without business writes (64.937834ms)
✔ configuration page lists, version metadata and equipment-model command boundaries (745.121667ms)
✔ CFG-014 mixed old category-number IDs and new demo references resolve without rewriting saved configuration (20.505458ms)
✔ original size identities remain stable and category numbers keep formal codes and legacy labels (0.767042ms)
✔ legacy custom configuration and stable IDs survive category-number field rename (8.858458ms)
✔ configuration references are counted from current records and disabling retains history (14.860792ms)
✔ five material families have explicit field templates and unknown categories never use another template (8.690417ms)
✔ material configuration usage follows locked template fields and actual SKU attributes (7.431458ms)
✔ template editing and approval preserve versions already referenced by material roots (59.369917ms)
✔ controlled fields and unit identities reject invalid configuration (12.951834ms)
✔ display exchange rates preserve base costs and accept only positive rates (7.947208ms)
✔ COST-004 missing or invalid persisted display rates stay unavailable instead of taking seed values (0.2305ms)
✔ CFG-005/010 languages are separate and edits preserve exact old/new values and reason (16.904917ms)
✔ CFG-009 usage carries the actual archive detail destination (1.807458ms)
✔ CFG-015 unit reads isolate aliases and nested audit values, and observe later saves (4.544291ms)
(node:93288) ExperimentalWarning: localStorage is not available because --localstorage-file was not provided.
(Use `node --trace-warnings ...` to show where the warning was created)
✔ MAT-011 / BRIDGE-004 printed fabric can feed a separate cut-piece printing operation without another material identity (215.453541ms)
(node:93289) ExperimentalWarning: Module mocking is an experimental feature and might change at any time
(Use `node --trace-warnings ...` to show where the warning was created)
(node:93289) DeprecationWarning: mock.module(): options.namedExports is deprecated. Use options.exports instead.
✔ identified old-demo omissions project new review examples without writes; later and unrelated deletions stay deleted (14.002583ms)
(node:93290) ExperimentalWarning: Module mocking is an experimental feature and might change at any time
(Use `node --trace-warnings ...` to show where the warning was created)
(node:93290) DeprecationWarning: mock.module(): options.namedExports is deprecated. Use options.exports instead.
▶ PCS scoped commands preserve freshly read FCS caches and own-action rollback
  ✔ unrelated material commit preserves FCS reloaded while saving (3.058542ms)
  ✔ unrelated material rollback preserves FCS reloaded while saving (1.046375ms)
  ✔ FCS own completed save publishes its staged document (0.570875ms)
  ✔ FCS own failed save restores its staged document (3.528417ms)
  ✔ a rejected out-of-scope FCS write restores its pre-command cache (1.131791ms)
✔ PCS scoped commands preserve freshly read FCS caches and own-action rollback (19.914542ms)
✔ ATTR-005/006: shank buttons omit holes; hole buttons require an integer; legacy v1 is unchanged (19.941459ms)
✔ ATTR-017/018/019: bag units remain pinned per template and business CSV preserves the original version (13.308542ms)
✔ ATTR-022/023/026: fluid grade and viscosity are independent; named dimensions validate each positive value and unit (10.464959ms)
✔ ATTR-028/029: equipment model belongs to its chosen type and retained labels survive model changes (8.556291ms)
✔ MAT-009/MSKU-007: references save stable IDs with display names; duplicate and invalid composition percentages are blocked (4.559125ms)
✔ MSKU-004/017: display name changes keep identity; barcode aliases cannot shadow another SKU (9.622ms)
✔ ATTR/UOM: refined editors retain separate tabs and render unit-aware controls without changing saved v1 records (15.136791ms)
✔ ASSET/COLOR-007: uploaded references retain original metadata and sample roles; invalid file types and sizes are blocked (7.208ms)
✔ MAT-012: legacy KG or bare weight text never becomes fabric gram weight (2.230958ms)
✔ UOM-008/MSKU-015: pricing uses an active pricing relation and records the selected version (12.213791ms)
✔ UNIT-004/005: configured area units allow up to eight quantity decimal places (7.859792ms)
✔ ATTR dictionaries and TPL category identities are independent and stable across new versions (18.280541ms)
✔ GOV-008: a middle group persistence failure preserves other groups and retry skips saved roots (14.35175ms)
✔ GOV-008: a late child failure rolls back its entire root and keeps the exact failed line (6.655292ms)
✔ GOV-008: prepared groups commit without full preview replay and invalid rows stay visible (2.615416ms)
✔ GOV-008: the next import group and success result wait for transaction completion (3.806416ms)
✔ PERF/GOV-019: current-view projection keeps every filtered row and full statistics without constructing the other view (29.431625ms)
✔ COST/GOV-019: list completeness preserves zero, included transport and processed material dependency checks (9.296375ms)
✔ PERF/GOV-024: a 15506-root cold list reads every record, renders one page and never writes while normalizing (754.335709ms)
ℹ 15506 roots + SKUs + cost versions: cold read, normalize, aggregate and HTML 371.19 ms (Node diagnostic; browser gate remains separate)
(node:93297) ExperimentalWarning: Module mocking is an experimental feature and might change at any time
(Use `node --trace-warnings ...` to show where the warning was created)
(node:93297) DeprecationWarning: mock.module(): options.namedExports is deprecated. Use options.exports instead.
✔ material cold read preserves isolation, readonly initialization, staged diff and failed-command rollback (6.637958ms)
✔ MAT-012: pattern selection reads existing identity and versions without seeding browser business records (34.02025ms)
✔ MAT/FCS: factory options use the actual name and code, not the short-name code fallback (4.345833ms)
✔ MAT/FCS: four processes create actual plans without a production demand or warehouse facts (13.128459ms)
✔ MAT/FCS: source identity and adopted process version are revalidated before every creation (2.857375ms)
✔ GOV-006 new process selection, handoff and save reject unavailable input, target or parent archive (41.124583ms)
✔ GOV-006 stopping material later preserves the saved plan and its adopted process version (4.185083ms)
✔ MAT/FCS: draft accepts incomplete arrangements; confirmed plan requires positive quantities and eligible factory (10.801834ms)
✔ MAT/FCS: duplicate saves do not duplicate plans; changed retries and stale drafts cannot overwrite (1.96375ms)
✔ MAT/FCS: saved source image/file and process versions stay frozen across subsequent material revisions (4.405ms)
✔ MAT/FCS: first read is empty and write-free; two plans for one target retain their own record identities (2.838458ms)
✔ MAT/FCS: handoff opens a versioned independent plan form for all four processes without creating a plan (1.506875ms)
✔ UOM/PMS: unchanged units and locally locked units do not query another domain (4.459584ms)
✔ UOM/PMS: purchase drafts or historical purchase references block changing the unit (0.496834ms)
✔ UOM/PMS: unused draft may change its unit only after the reference read completes (0.095958ms)
✔ UOM/PMS: failed reference reads preserve the input and block the PCS write (0.136334ms)
✔ GOV-005: a locked historical dye label can receive its own image without changing its identity (5.924709ms)
✔ GOV-005: editing an approved material name or remark preserves exact locked technical values (7.896208ms)
✔ MAT: rope diameter uses the structured 3 mm template field and survives rereading (7.057792ms)
✔ MAT: existing rope text dimensions remain editable without inventing a numeric diameter (3.55975ms)
✔ MAT: invalid explicit rope diameters cannot pass using an old width text value (0.624042ms)
✔ GOV-022: first validation failure does not cancel later material approvals; each item has its own result (10.954084ms)
✔ GOV-022: a failed persistence completion is not a success and cannot undo other items (8.843333ms)
✔ GOV-022: each selected root and its child SKUs succeed or fail together (5.67375ms)
✔ GOV-022: next item and batch results wait for prior transaction completion (9.488625ms)
✔ GOV-019: list rows and statistics follow the same search and status scope (7.109541ms)
✔ GOV-019: material process filters use explicit predecessors and never infer from code (1.340709ms)
✔ GOV-024: scoped review preserves unrelated dossiers and raw rollback cannot reuse a failed result (3.873625ms)
✔ CODE: direct predecessor is preserved across dye, embroidery, A/AB and penetration (1.008959ms)
✔ CODE/MAT: previous target IDs and aliases resolve to one canonical identity; no code parsing (14.36775ms)
✔ COST: P + initial freight + every F; automatic descendants, immutable business snapshot (3.565833ms)
✔ COST: zero is complete; null is missing; display rates do not produce versions (2.638875ms)
✔ COST/UOM: source currency and unit normalization retains quote precision (9.195292ms)
✔ UOM: fixed conversions cannot be altered; cross dimensions need basis and retain versions (4.967583ms)
✔ UOM: two packages share SKU identity, have separate relations, unknown volume stays null (2.744792ms)
✔ MAT: identities approve without price; same operator; unrelated older SKU remains approved (3.916125ms)
✔ read operations never persist or mutate business snapshots (5.134833ms)
✔ COST: preview normalizes the original currency exactly like confirmed save (7.180583ms)
✔ MAT: reload restores SKU identity, unit versions and changed costs from record snapshot (2.378417ms)
✔ BRIDGE-005: one canonical target retains both dye and print with each direct predecessor (2.553417ms)
✔ MAT: handoff uses existing routes, revalidates parent identity and never creates a document (7.025041ms)
✔ MAT: copying a display name alone cannot bypass existing SKU identity (2.330792ms)
✔ COST/UOM: new conversion version updates current descendants but preserves prior snapshots (3.559375ms)
✔ MAT: processed siblings retain independent identities when only packaging information changes (2.588958ms)
✔ MAT: copied archive reuses file references, resets approval and has no copied SKU or price history (4.643833ms)
✔ MAT/CODE: a draft root code change regenerates descendants without changing their IDs (7.840625ms)
✔ MAT-012: formal processed SKU requires real pattern/version plus the process-specific execution document (6.210875ms)
✔ MAT-013/CODE-005: execution-file corrections preserve prior versions and the output identity (14.158708ms)
✔ MAT-012: registered file previews pass image validation while temporary blobs do not (6.79025ms)
✔ MAT-003/UOM: output width is one field and package edits retain previous contents (4.272083ms)
✔ TPL-012: disabling a category blocks new archives but preserves read-only legacy bindings (19.575125ms)
✔ ARCH-001/TPL-012: legacy packaging archives remain readable as consumables without changing stored source (21.402375ms)
✔ ATTR-012: zipper gauge uses a stable dictionary reference, rejects new unknown or disabled values, and preserves prior labels (30.152334ms)
✔ TPL-012: known legacy unit text maps read-only to stable IDs and new attribute units cannot be ambiguous (35.95125ms)
✔ TPL-013: new selection fields require a dictionary and legacy enum options retain versioned stable references (20.272291ms)
✔ TPL-009: package template rules bind the existing package model while old template fields and units stay unchanged (41.628ms)
✔ TPL-009: process template conditions apply to the process object and preserve required identities (32.316916ms)
✔ TPL-017: multilingual category names and aliases are versioned without replacing category identity (29.670333ms)
✔ TPL-009/012: copying an already converted template does not repeat its previous conversion factor (22.513375ms)
✔ GOV-008: material CSV handles Unicode, quoted commas, quotes and newlines (1.185791ms)
✔ GOV-008: full root group previews without writes and commits once with every child (6.977292ms)
✔ GOV-008: one bad row blocks the whole parent while a different valid group remains eligible (2.452959ms)
✔ GOV-008: a save failure after preview publishes neither parent nor earlier children (2.302625ms)
✔ MAT/CODE: CSV stages use the preceding row actual generated SKU (12.236833ms)
✔ UOM/COST: CSV rejects nonpositive relation and preserves an explicit zero cost (4.253292ms)
✔ GOV-027: business exports honor all selected identities without stock or supplier fields (1.7745ms)
✔ GOV-027: image columns reject bytes and temporary URLs, while empty root exports remain visible (2.902292ms)
✔ PERF: 100 and 1000 rows validate completely and cost change reaches 100 descendants without publishing (90.819708ms)
ℹ 100 import rows pure preview 11.39 ms
ℹ 1000 import rows pure preview 63.10 ms
ℹ 100 cost descendants pure preview 5.90 ms
✔ GOV-008: CSV preview rejects unresolved dictionary identity before offering save (5.601083ms)
(node:93320) ExperimentalWarning: Module mocking is an experimental feature and might change at any time
(Use `node --trace-warnings ...` to show where the warning was created)
(node:93320) DeprecationWarning: mock.module(): options.namedExports is deprecated. Use options.exports instead.
▶ R1 PCS material purchase draft is owned and atomically saved by PMS
  ✔ reading choices and hydrating does not copy seeds or write business records (1.916625ms)
  ✔ no success before transaction completion; source/units/prices/log are one atomic action (6.509125ms)
  ✔ same operation is idempotent; changed payload and stale edits fail without overwrite (1.319209ms)
  ✔ transaction failure rolls back draft, log and receipt; retry preserves the intended action (0.874416ms)
  ✔ refresh hydration restores draft and unit snapshot; current unit edits do not rewrite it (4.982916ms)
  ✔ disabled localStorage is never a fallback; unavailable IDB is an explicit unsaved failure (0.310959ms)
  ✔ required purchase conditions and purchase unit purpose are enforced without any inventory dependency (0.314875ms)
  ✔ GOV-006 an inactive parent blocks a new purchase but keeps the existing purchase and unit snapshot usable (1.12175ms)
✔ R1 PCS material purchase draft is owned and atomically saved by PMS (222.686333ms)
(node:93321) ExperimentalWarning: Module mocking is an experimental feature and might change at any time
(Use `node --trace-warnings ...` to show where the warning was created)
(node:93321) DeprecationWarning: mock.module(): options.namedExports is deprecated. Use options.exports instead.
▶ R1 product archive checks external references without writing either domain
  ✔ module import and empty reads never save seeds or call the legacy PMS hydrator (5.958958ms)
  ✔ PMS durable overrides win by order number, including terminal status (6.64225ms)
  ✔ style and SKU use exact codes, not prefixes or same-style siblings (12.395625ms)
  ✔ all non-terminal statuses remain active and secondary FCS source snapshots count once (1.284542ms)
  ✔ FCS read must finish before returning; subsequent checks reread persisted state (9.73575ms)
  ✔ read failures reject instead of treating references as empty (2.692125ms)
  ✔ one failed domain still awaits the other read before allowing a page retry (1.510792ms)
  ✔ missing archive identity and malformed active external records cannot permit archiving (3.709959ms)
✔ R1 product archive checks external references without writing either domain (49.340333ms)
✔ GOV-016: archive backwrite publishes a readable minute timestamp, not formatter source (44.843792ms)
✔ PROD-001 direct archive is a clean draft with no generated images or development gate (41.565584ms)
✔ PROD-002/003 first SKU reviews with style and enablement is independent of technical package (106.522833ms)
✔ PROD-003 later SKU has independent review and no publishing side effect (77.393208ms)
✔ PROD-004 same delivery identity is unique; different physical artwork creates distinct code (44.036209ms)
✔ PROD-005 SKU barcode and approved identity are immutable/unique (62.205208ms)
✔ PROD-006 physical set and bundle preserve units and fixed composition (18.392458ms)
✔ PROD-007 same-style does not imply substitution; explicit conditions required (36.796166ms)
✔ PROD-008 copy clears technical/channel identity while retaining reusable content (38.587334ms)
✔ PROD-009 package dimensions calculate m3 and reject negative or empty containment (87.462458ms)
✔ PROD-010 details and lists are independent; archive has no procurement or inventory controls (90.444916ms)
✔ PROD-011 counts and WMS demo identity refer to actual SKU records, without copying stock (23.973417ms)
✔ PROD-012 lifecycle status never derives activation from current tech version (19.57975ms)
✔ GOV-024 review revalidates the current pending style and changes no approval on failure (48.722708ms)
✔ GOV-020 archive rejects an active bundle component without a page-supplied count (21.826708ms)
✔ STYLE-004/021 and SKU-005 preserve multilingual names and verified responsible person without channel writes (35.94575ms)
✔ SKU-010 aliases identify one SKU and cannot collide with another barcode or code (39.720167ms)
✔ SKU-011 approved main unit cannot be changed via repository command (38.470542ms)
✔ PACK-001..013 multiple product packaging preserves old containment versions and derives volume (43.545125ms)
✔ SKU-008 flower identity references the existing pattern library instead of inventing an ID (26.080458ms)
✔ STYLE-024 image purposes preserve gallery ordering when the archive is copied (30.649958ms)
✔ SKU stable identity survives dictionary label changes and still matches legacy records (28.972917ms)
✔ Draft main unit and package content unit change together; approved unit remains locked (41.012958ms)
✔ Bundle components measured in pieces cannot contain half a piece (17.466084ms)
✔ GOV-005/006/007/009/014 persist one operator identity and before/after audit through approval (49.445084ms)
✔ STYLE-018/027 cannot approve a style missing material type or save a nonexistent substitution (36.911792ms)
✔ SKU-011/COMP-001 main unit uses stable dictionary identity and composition owns stable identity (24.152792ms)
✔ GOV-010/011/013 historical provenance is preserved as read-only data (21.676208ms)
✔ same internal SKU under one PID retains several platform variant identities (0.977833ms)
✔ material processes, cost versions and unit relations use own identities (0.248958ms)
✔ template version and dimension are part of configuration record identity (0.107459ms)
✔ old category-number references and dictionaries retain their stable IDs (0.139625ms)
✔ saved overlays and tombstones survive seed updates without duplicating snapshots (0.141167ms)
✔ new schema groups are not lost when old metadata already exists (0.079417ms)
✔ front insertion only changes the added row position (0.110875ms)
✔ attachment reference validation rejects bytes in JSON and respects explicit static files (0.247833ms)
✔ legacy configured-dimension metadata is equivalent only when derivable from unchanged option records (6.24375ms)
✔ record assembly preserves current data and normalizes legacy references without mutating saved rows (0.223542ms)
✔ new shared WMS channel examples survive old catalog metadata, but explicit deletion still wins (1.122417ms)
✔ record assembly can hydrate files in one serialization without changing durable row values (0.119ms)
✔ October 6 shared route materials survive old snapshots without resurrecting deletions or replacing edits (0.244875ms)
✔ scoped PCS reads use primary-key ranges and fetch only referenced files (9.082042ms)
(node:93352) ExperimentalWarning: Module mocking is an experimental feature and might change at any time
(Use `node --trace-warnings ...` to show where the warning was created)
(node:93352) DeprecationWarning: mock.module(): options.namedExports is deprecated. Use options.exports instead.
▶ PCS runtime reads, per-record commits, retained legacy sources and scoped errors
  ✔ scoped initialization defers unrelated records and never presents their seed as loaded user data (6.833416ms)
  ✔ scoped command does not prepare unrelated collections and rejects out-of-scope writes atomically (0.552792ms)
  ✔ scoped commit preserves another collection hydrated during the transaction (2.606791ms)
  ✔ scoped rollback preserves another collection hydrated during the transaction (1.129ms)
  ✔ group import preserves versions hydrated by another route while groups commit (2.16175ms)
  ✔ initialization and repeated reads never copy static records (1.441042ms)
  ✔ one changed record plus structure, with publication only after completion (1.580583ms)
  ✔ failure rolls memory back and preserves records for retry (0.643375ms)
  ✔ a stale write uses the loaded version and cannot silently overwrite another tab (0.552583ms)
  ✔ unavailable localStorage does not block IndexedDB record writes (0.670959ms)
  ✔ legacy read is read-only; save upgrades only its collection and retains the source (15.491917ms)
  ✔ new writes from an old page do not overwrite IDB or block unrelated collections (1.194416ms)
  ✔ missing attachment is scoped; untouched collection can still be read (0.859042ms)
  ✔ a fileId-only attachment is persisted once and can be shared by another record (3.775542ms)
  ✔ cancelled uploads stay out of persistent storage and release their URL (0.594791ms)
  ✔ legacy-only file references load on demand; a later missing Blob cannot reuse stale memory (3.39525ms)
  ✔ new static version IDs appear over an old whole snapshot without resurrecting old omissions or saved deletions (1.680875ms)
  ✔ legacy channel instances bridge to canonical records without copying unchanged demo rows (18.88325ms)
  ✔ independent import groups publish only completed parents and children, without copying existing roots (5.026ms)
✔ PCS runtime reads, per-record commits, retained legacy sources and scoped errors (77.45125ms)
✔ technical data browser reads propagate unavailable collection and invalid structure without seeding (0.561792ms)
✔ GOV-016 BOM read errors and invalid stored structure stay retryable without caching an empty result or writing (0.299417ms)
(node:93354) ExperimentalWarning: localStorage is not available because --localstorage-file was not provided.
(Use `node --trace-warnings ...` to show where the warning was created)
✔ TP-ID-002: FCS live hydration cannot change the static 26 identities or their numeric sequence (15.040625ms)
✔ TP-DATA-001: baseline has 20 actual complete formal versions and three plus three draft review states (3.081833ms)
✔ TP-ROUTE-001: all twenty formal routes have three resolvable dye→print→wash chains and five two-craft pieces (174.839375ms)
✔ TP-ID-001: ID is persisted independent of ordering and next identity uses the global maximum (1.475958ms)
✔ TP-LEGACY-001: exact old static copies project read-only, preserve source identities and preserve changed records or content (5.0165ms)
✔ TP-LEGACY-002: repository reads old demo without writes; new legacy-source creation is rejected (333.487917ms)
✔ TP-LEGACY-003: early release content upgrades after person maintenance but genuine technical edits remain intact (3.0705ms)
✔ TP-PAGE-001: route rendering preserves stored IDs and hides objects without additional processing (92.057458ms)
✔ TP-PERSON-001: valid maintenance retains published content, records a log, and rejects wrong-role candidates (234.154041ms)
(node:93355) ExperimentalWarning: localStorage is not available because --localstorage-file was not provided.
(Use `node --trace-warnings ...` to show where the warning was created)
✔ TMF发布采用链：技术包发布门禁→审核发布→启用→生产单采用→生成织带加工需求 (1380.540125ms)
✔ TMF发布门禁：含织带截断工序但规格未补齐的采用版本不能发布 (51.58375ms)
ℹ tests 267
ℹ suites 0
ℹ pass 267
ℹ fail 0
ℹ cancelled 0
ℹ skipped 0
ℹ todo 0
ℹ duration_ms 4192.422542
