(node:14285) ExperimentalWarning: localStorage is not available because --localstorage-file was not provided.
(Use `node --trace-warnings ...` to show where the warning was created)
✔ N 道只按最终逐票实收，不累计道数或非最终回仓 (0.63275ms)
✔ 末道独有回仓、错票、错工厂、逆序回仓均不得计齐套 (0.110792ms)
✔ 真实厂间完成事实只证明前道，末道仍以实际裁床回仓为准 (0.131125ms)
✔ 前道非法实收不能被加工完成标记绕过 (0.076292ms)
✔ 实际已分配厂取代票上默认厂，多家未确认不猜厂，打印票保持原样 (0.379583ms)
✔ 直转前道须有明确工艺身份完成，最终回仓受前道实物上限约束 (0.065583ms)
✔ 零量点收保留凭据；整票不可用和未知资料不贡献 (0.084667ms)
✔ 普通未装袋票不进放行，但既有简易交出可保持；正常换袋去重 (0.109ms)
✔ 装袋同ID错票号、超原票或无效票面不提供可交实物 (0.055125ms)
✔ 逐票工艺实收保留真实业务回仓号、来源交出号及仓区库位 (0.10475ms)
✔ 旧实收缺加工完成依据保留实物，但不计最终齐套且明确待核对 (0.089958ms)
✔ 旧部位缺字段：仅同正式纸样版本材料与部位的明确无工艺允许普通袋贡献 (0.094416ms)
✔ 无工艺依据不能从缺失、歧义、异版、异料或同名异部位推断 (0.074417ms)
✔ 已有工艺要求不被纸样空数组覆盖；末道实收门禁保留 (0.071125ms)
ℹ tests 14
ℹ suites 0
ℹ pass 14
ℹ fail 0
ℹ cancelled 0
ℹ skipped 0
ℹ todo 0
ℹ duration_ms 470.640542
