(node:16654) ExperimentalWarning: localStorage is not available because --localstorage-file was not provided.
(Use `node --trace-warnings ...` to show where the warning was created)
✔ PDA实回页按第二张菲票自身当前阶段和实际交出数量显示应回数量 (111.340333ms)
✔ 无袋实收10更正9扣库存差额，重新装袋或实际交出后不反冲其他库存 (18.450333ms)
✔ 明确单道无袋实收9合法实交后更正7保留旧9责任与真实接收厂 (14.427708ms)
✔ 整袋候选与提交共享未知来源、未知必要工艺及整票不可用阻断，caller不能给空事件绕过 (22.379625ms)
✔ 连续工艺具名示例仅提供真实技术包两条未分配任务，不写事实或覆盖旧任务 (4.066458ms)
✔ 不同菲票的同一实际有序工艺链可同袋，链身份不使用每票阶段ID (0.338167ms)
✔ 同链两张菲票保留各自阶段身份并分别实收，不把第二票当第一票工艺 (4.184959ms)
✔ 连续工艺直接由实际持有厂转交下道，前道完成与最后回仓分开记账 (5.518833ms)
✔ 同袋两票连续转交按每票前道和下道身份核对，最后分别回仓 (3.89175ms)
✔ 实际任务绑定明确匹配技术包部位工艺、色码、目标对象和当前分配，不采用默认厂 (0.352958ms)
✔ 特殊工艺交出只能读取原票当前阶段与唯一实际承接任务 (0.161041ms)
✔ ISO来源交出后同一分钟实际回仓保留秒与时区，不被文本格式判为早于来源 (7.22875ms)
✔ 逐票实收分别计数，更正库存仅按差额且保留原票 (5.853834ms)
✔ 未核对加工完成不得保存；历史完成未知保留实收P而不能冒充齐套 (3.558416ms)
✔ 缺逐票确认、空白、小数、超量与未说明差异都不写入 (3.816875ms)
✔ 明确零量点收保留事实，但不生成库存或后道实物 (3.573959ms)
✔ 按身份与顺序分袋，普通和不同工艺链被阻断 (0.105625ms)
✔ 无袋按票独立点收，不能重复新增或回到其他裁床工厂 (4.580125ms)
✔ 多道工艺分别保留同票阶段实收，末道不会累加前道数量 (9.730958ms)
✔ 100片已经交出后更正为90片只改依据，保留原实交责任且不反冲库存 (12.319667ms)
ℹ tests 20
ℹ suites 0
ℹ pass 20
ℹ fail 0
ℹ cancelled 0
ℹ skipped 0
ℹ todo 0
ℹ duration_ms 943.163333
