(node:69321) ExperimentalWarning: localStorage is not available because --localstorage-file was not provided.
(Use `node --trace-warnings ...` to show where the warning was created)
✔ 连续工艺具名示例仅提供真实技术包两条未分配任务，不写事实或覆盖旧任务 (4.24325ms)
✔ 不同菲票的同一实际有序工艺链可同袋，链身份不使用每票阶段ID (0.59425ms)
✔ 同链两张菲票保留各自阶段身份并分别实收，不把第二票当第一票工艺 (193.698958ms)
✔ 连续工艺直接由实际持有厂转交下道，前道完成与最后回仓分开记账 (9.156417ms)
✔ 同袋两票连续转交按每票前道和下道身份核对，最后分别回仓 (8.218333ms)
✔ 实际任务绑定明确匹配技术包部位工艺、色码、目标对象和当前分配，不采用默认厂 (0.308958ms)
✔ 特殊工艺交出只能读取原票当前阶段与唯一实际承接任务 (0.185166ms)
✔ ISO来源交出后同一分钟实际回仓保留秒与时区，不被文本格式判为早于来源 (8.701959ms)
✔ 逐票实收分别计数，更正库存仅按差额且保留原票 (8.536125ms)
✔ 未核对加工完成不得保存；历史完成未知保留实收P而不能冒充齐套 (5.634792ms)
✔ 缺逐票确认、空白、小数、超量与未说明差异都不写入 (4.851917ms)
✔ 明确零量点收保留事实，但不生成库存或后道实物 (4.873459ms)
✔ 按身份与顺序分袋，普通和不同工艺链被阻断 (0.150208ms)
✔ 无袋按票独立点收，不能重复新增或回到其他裁床工厂 (13.253334ms)
✔ 多道工艺分别保留同票阶段实收，末道不会累加前道数量 (21.283292ms)
✔ 100片已经交出后更正为90片只改依据，保留原实交责任且不反冲库存 (8.863042ms)
ℹ tests 16
ℹ suites 0
ℹ pass 16
ℹ fail 0
ℹ cancelled 0
ℹ skipped 0
ℹ todo 0
ℹ duration_ms 1736.851042
