(node:15408) ExperimentalWarning: localStorage is not available because --localstorage-file was not provided.
(Use `node --trace-warnings ...` to show where the warning was created)
✔ 列表只读余量查询满足正整数身份门禁，K100/A205显示当前风险105、占用0及余量205 (31.538459ms)
✔ 裁片放行保留唯一菜单键和地址，归属裁床仓库管理 (0.133291ms)
✔ 字母与数值尺码升序，自定义尺码保留配置顺序 (0.451125ms)
✔ 非法数量和空白保持非法，不夹取或四舍五入成另一个有效量 (0.075958ms)
✔ 目标确认待保存及整票原因也受离开提醒保护，已保存目标和空白原因不误提醒 (0.104625ms)
✔ 本页导航、补料、系统与当前页签退出统一提醒，关闭其他页签和折叠菜单不误提醒 (0.127875ms)
✔ 未知自定义尺码在目标和放行矩阵明确提示待核对且保留原序，标准尺码不出现提示 (4.420042ms)
✔ 未确认与确认零放行分开，零放行不回退成目标281件 (0.070292ms)
✔ 尚未确认且齐套未知时，确认汇总中的K和R均显示待核对而非零 (1.852542ms)
✔ 目标与放行渲染为相同颜色行、尺码升序列，缺失SKU格保持不可编辑 (3.414541ms)
✔ 逐票详情保留最终回仓实收、完整顺序、袋周期、成衣色与面料色以及差异 (0.358208ms)
✔ 侧栏逐道显示真实交出单、回仓业务号和库位，记录编号放在展开依据中 (0.177583ms)
✔ 加工完成未回仓仍显示未最终回仓，未知工艺不展示普通免工艺依据 (0.1695ms)
✔ 真实前道直转投影接入侧栏，末道实收80显示已最终回仓 (0.376083ms)
✔ 跨工厂直转前道不必回裁床，最终实收80片显示已最终回仓 (0.133708ms)
✔ 最终实际点收0片保留完成事实，不显示待加工或待回仓 (0.118458ms)
✔ 历史实收有原始回仓数量但缺加工完成依据，明细保留实收且暂不计齐套 (0.129291ms)
✔ 整票更正确认同时展示票袋工艺放行分配及保留历史责任 (3.604792ms)
✔ 整票登记保存携带打开详情时的版本，旧页面不会改用后来读到的版本 (0.531959ms)
✔ 文案采用短句，目标和放行保留操作边界，整票确认保留实际后果 (3.552584ms)
✔ 具名静态演示材料使用既有真实图片，三道工艺仅按最终回仓计入 (0.662375ms)
ℹ tests 21
ℹ suites 0
ℹ pass 21
ℹ fail 0
ℹ cancelled 0
ℹ skipped 0
ℹ todo 0
ℹ duration_ms 489.853542
