(node:14485) ExperimentalWarning: localStorage is not available because --localstorage-file was not provided.
(Use `node --trace-warnings ...` to show where the warning was created)
✔ N 道只按最终逐票实收，不累计道数或非最终回仓 (0.728625ms)
✔ 末道独有回仓、错票、错工厂、逆序回仓均不得计齐套 (0.132125ms)
✔ 真实厂间完成事实只证明前道，末道仍以实际裁床回仓为准 (0.157125ms)
✔ 前道非法实收不能被加工完成标记绕过 (0.083375ms)
✔ 实际已分配厂取代票上默认厂，多家未确认不猜厂，打印票保持原样 (0.448667ms)
✔ 直转前道须有明确工艺身份完成，最终回仓受前道实物上限约束 (0.079334ms)
✔ 零量点收保留凭据；整票不可用和未知资料不贡献 (0.09825ms)
✔ 普通未装袋票不进放行，但既有简易交出可保持；正常换袋去重 (0.11875ms)
✔ 装袋同ID错票号、超原票或无效票面不提供可交实物 (0.074583ms)
✔ 逐票工艺实收保留真实业务回仓号、来源交出号及仓区库位 (0.111792ms)
✔ 旧实收缺加工完成依据保留实物，但不计最终齐套且明确待核对 (0.107208ms)
(node:14486) ExperimentalWarning: localStorage is not available because --localstorage-file was not provided.
(Use `node --trace-warnings ...` to show where the warning was created)
✔ 列表只读余量查询满足正整数身份门禁，K100/A205显示当前风险105、占用0及余量205 (54.326959ms)
✔ 裁片放行保留唯一菜单键和地址，归属裁床仓库管理 (0.193333ms)
✔ 字母与数值尺码升序，自定义尺码保留配置顺序 (0.551ms)
✔ 非法数量和空白保持非法，不夹取或四舍五入成另一个有效量 (0.087583ms)
✔ 目标确认待保存及整票原因也受离开提醒保护，已保存目标和空白原因不误提醒 (0.117625ms)
✔ 本页导航、补料、系统与当前页签退出统一提醒，关闭其他页签和折叠菜单不误提醒 (0.43375ms)
✔ 未知自定义尺码在目标和放行矩阵明确提示待核对且保留原序，标准尺码不出现提示 (5.2075ms)
✔ 未确认与确认零放行分开，零放行不回退成目标281件 (0.10075ms)
✔ 尚未确认且齐套未知时，确认汇总中的K和R均显示待核对而非零 (2.338208ms)
✔ 目标与放行渲染为相同颜色行、尺码升序列，缺失SKU格保持不可编辑 (2.388959ms)
✔ 逐票详情保留最终回仓实收、完整顺序、袋周期、成衣色与面料色以及差异 (0.400375ms)
✔ 侧栏逐道显示真实交出单、回仓业务号和库位，记录编号放在展开依据中 (0.276292ms)
✔ 加工完成未回仓仍显示未最终回仓，未知工艺不展示普通免工艺依据 (0.177625ms)
✔ 跨工厂直转前道不必回裁床，最终实收80片显示已最终回仓 (0.138375ms)
✔ 最终实际点收0片保留完成事实，不显示待加工或待回仓 (0.135ms)
✔ 历史实收有原始回仓数量但缺加工完成依据，明细保留实收且暂不计齐套 (0.141125ms)
✔ 整票更正确认同时展示票袋工艺放行分配及保留历史责任 (5.916125ms)
✔ 整票登记保存携带打开详情时的版本，旧页面不会改用后来读到的版本 (0.825042ms)
✔ 文案采用短句，目标和放行保留操作边界，整票确认保留实际后果 (4.068875ms)
✔ 具名静态演示材料使用既有真实图片，三道工艺仅按最终回仓计入 (0.734916ms)
(node:14487) ExperimentalWarning: localStorage is not available because --localstorage-file was not provided.
(Use `node --trace-warnings ...` to show where the warning was created)
✔ 换片票文案不显示内部路径，扫码身份和原票号保持 (1.230875ms)
✔ 打印结果选票行使用业务名称区分生产单、面料和颜色，保留原勾选身份 (0.175917ms)
✔ 任务单使用可识别的物料编码，内部技术资料键不进入文字、图片标题和无障碍名称 (0.610375ms)
ℹ tests 34
ℹ suites 0
ℹ pass 34
ℹ fail 0
ℹ cancelled 0
ℹ skipped 0
ℹ todo 0
ℹ duration_ms 526.169458
