(node:13540) ExperimentalWarning: localStorage is not available because --localstorage-file was not provided.
(Use `node --trace-warnings ...` to show where the warning was created)
✔ N 道只按最终逐票实收，不累计道数或非最终回仓 (0.654834ms)
✔ 末道独有回仓、错票、错工厂、逆序回仓均不得计齐套 (0.121791ms)
✔ 真实厂间完成事实只证明前道，末道仍以实际裁床回仓为准 (0.143708ms)
✔ 前道非法实收不能被加工完成标记绕过 (0.077958ms)
✔ 实际已分配厂取代票上默认厂，多家未确认不猜厂，打印票保持原样 (0.412333ms)
✔ 直转前道须有明确工艺身份完成，最终回仓受前道实物上限约束 (0.075333ms)
✔ 零量点收保留凭据；整票不可用和未知资料不贡献 (0.094917ms)
✔ 普通未装袋票不进放行，但既有简易交出可保持；正常换袋去重 (0.112167ms)
✔ 装袋同ID错票号、超原票或无效票面不提供可交实物 (0.069917ms)
✔ 逐票工艺实收保留真实业务回仓号、来源交出号及仓区库位 (0.096584ms)
✔ 旧实收缺加工完成依据保留实物，但不计最终齐套且明确待核对 (0.092791ms)
(node:13541) ExperimentalWarning: localStorage is not available because --localstorage-file was not provided.
(Use `node --trace-warnings ...` to show where the warning was created)
✔ 列表只读余量查询满足正整数身份门禁，K100/A205显示当前风险105、占用0及余量205 (37.516041ms)
✔ 裁片放行保留唯一菜单键和地址，归属裁床仓库管理 (0.141292ms)
✔ 字母与数值尺码升序，自定义尺码保留配置顺序 (0.463292ms)
✔ 非法数量和空白保持非法，不夹取或四舍五入成另一个有效量 (0.081709ms)
✔ 目标确认待保存及整票原因也受离开提醒保护，已保存目标和空白原因不误提醒 (0.109333ms)
✔ 本页导航、补料、系统与当前页签退出统一提醒，关闭其他页签和折叠菜单不误提醒 (0.142708ms)
✔ 未知自定义尺码在目标和放行矩阵明确提示待核对且保留原序，标准尺码不出现提示 (4.622625ms)
✔ 未确认与确认零放行分开，零放行不回退成目标281件 (0.075375ms)
✔ 尚未确认且齐套未知时，确认汇总中的K和R均显示待核对而非零 (1.947417ms)
✔ 目标与放行渲染为相同颜色行、尺码升序列，缺失SKU格保持不可编辑 (2.128708ms)
✔ 逐票详情保留最终回仓实收、完整顺序、袋周期、成衣色与面料色以及差异 (0.347042ms)
✔ 侧栏逐道显示真实交出单、回仓业务号和库位，记录编号放在展开依据中 (0.222375ms)
✔ 加工完成未回仓仍显示未最终回仓，未知工艺不展示普通免工艺依据 (0.171417ms)
✔ 跨工厂直转前道不必回裁床，最终实收80片显示已最终回仓 (0.134083ms)
✔ 最终实际点收0片保留完成事实，不显示待加工或待回仓 (0.138417ms)
✔ 历史实收有原始回仓数量但缺加工完成依据，明细保留实收且暂不计齐套 (0.134542ms)
✔ 整票更正确认同时展示票袋工艺放行分配及保留历史责任 (4.929916ms)
✔ 整票登记保存携带打开详情时的版本，旧页面不会改用后来读到的版本 (0.641041ms)
✔ 文案采用短句，目标和放行保留操作边界，整票确认保留实际后果 (3.896625ms)
✔ 具名静态演示材料使用既有真实图片，三道工艺仅按最终回仓计入 (0.787083ms)
ℹ tests 31
ℹ suites 0
ℹ pass 31
ℹ fail 0
ℹ cancelled 0
ℹ skipped 0
ℹ todo 0
ℹ duration_ms 521.220667
