(node:26031) ExperimentalWarning: localStorage is not available because --localstorage-file was not provided.
(Use `node --trace-warnings ...` to show where the warning was created)
✔ 列表只读余量查询满足正整数身份门禁，K100/A205显示当前风险105、占用0及余量205 (35.650458ms)
✔ 裁片放行保留唯一菜单键和地址，归属裁床仓库管理 (0.157708ms)
✔ 字母与数值尺码升序，自定义尺码保留配置顺序 (0.488833ms)
✔ 非法数量和空白保持非法，不夹取或四舍五入成另一个有效量 (0.085291ms)
✔ 目标确认待保存及整票原因也受离开提醒保护，已保存目标和空白原因不误提醒 (0.12ms)
✔ 本页导航、补料、系统与当前页签退出统一提醒，关闭其他页签和折叠菜单不误提醒 (0.127333ms)
✔ 未知自定义尺码在目标和放行矩阵明确提示待核对且保留原序，标准尺码不出现提示 (4.925209ms)
✔ 未确认与确认零放行分开，零放行不回退成目标281件 (0.101875ms)
✔ 尚未确认且齐套未知时，确认汇总中的K和R均显示待核对而非零 (2.162166ms)
✔ 目标与放行渲染为相同颜色行、尺码升序列，缺失SKU格保持不可编辑 (5.66975ms)
✔ 逐票详情保留最终回仓实收、完整顺序、袋周期、成衣色与面料色以及差异 (1.000625ms)
✔ 侧栏逐道显示真实交出单、回仓业务号和库位，记录编号放在展开依据中 (0.442208ms)
✔ 加工完成未回仓仍显示未最终回仓，未知工艺不展示普通免工艺依据 (0.209875ms)
✔ 真实前道直转投影接入侧栏，末道实收80显示已最终回仓 (0.46175ms)
✔ 跨工厂直转前道不必回裁床，最终实收80片显示已最终回仓 (1.883417ms)
✔ 最终实际点收0片保留完成事实，不显示待加工或待回仓 (0.218375ms)
✔ 历史实收有原始回仓数量但缺加工完成依据，明细保留实收且暂不计齐套 (0.159375ms)
✔ 整票更正确认同时展示票袋工艺放行分配及保留历史责任 (3.977542ms)
✔ 整票登记保存携带打开详情时的版本，旧页面不会改用后来读到的版本 (0.631459ms)
✔ 文案采用短句，目标和放行保留操作边界，整票确认保留实际后果 (4.062166ms)
✔ 具名静态演示材料使用既有真实图片，三道工艺仅按最终回仓计入 (0.800166ms)
✔ 示例内部身份只在追溯展开中显示，真实票号完整保留且确认仍显示实际影响 (7.792ms)
ℹ tests 22
ℹ suites 0
ℹ pass 22
ℹ fail 0
ℹ cancelled 0
ℹ skipped 0
ℹ todo 0
ℹ duration_ms 762.997208
