✔ ISO与旧本地文本按实际时刻排序，不按空格与T字典排序 (1.749667ms)
✔ 同一时刻不同时间表达仍按账本序号和稳定ID防重复 (6.143041ms)
✔ 整组同分钟含低精度记录时，唯一可靠顺序形成稳定全序，不按成对条件切换 (0.713625ms)
✔ 全部精确时刻仍按秒排序，跨分钟不会被新账本号倒置 (0.086834ms)
✔ 缺少或重复账本顺序不恢复低精度秒数，沿用原时刻规则 (0.083334ms)
✔ 共享生命周期在同分钟旧入仓后允许交出，并保留原周期和事实 (0.314792ms)
✔ 同分钟物理回收之后报废按真实顺序生效，不被周期边界副本或秒数重排 (0.130667ms)
(node:44725) ExperimentalWarning: localStorage is not available because --localstorage-file was not provided.
(Use `node --trace-warnings ...` to show where the warning was created)
✔ 列表只读余量查询满足正整数身份门禁，K100/A205显示当前风险105、占用0及余量205 (35.91625ms)
✔ 裁片放行保留唯一菜单键和地址，归属裁床仓库管理 (0.162ms)
✔ 字母与数值尺码升序，自定义尺码保留配置顺序 (0.465083ms)
✔ 非法数量和空白保持非法，不夹取或四舍五入成另一个有效量 (0.075375ms)
✔ 目标确认待保存及整票原因也受离开提醒保护，已保存目标和空白原因不误提醒 (0.122875ms)
✔ 本页导航、补料、系统与当前页签退出统一提醒，关闭其他页签和折叠菜单不误提醒 (0.127375ms)
✔ 未知自定义尺码在目标和放行矩阵明确提示待核对且保留原序，标准尺码不出现提示 (4.459375ms)
✔ 未确认与确认零放行分开，零放行不回退成目标281件 (0.077917ms)
✔ 尚未确认且齐套未知时，确认汇总中的K和R均显示待核对而非零 (1.955334ms)
✔ 目标与放行渲染为相同颜色行、尺码升序列，缺失SKU格保持不可编辑 (2.185875ms)
✔ 逐票详情保留最终回仓实收、完整顺序、袋周期、成衣色与面料色以及差异 (0.41ms)
✔ 侧栏逐道显示真实交出单、回仓业务号和库位，记录编号放在展开依据中 (0.318042ms)
✔ 加工完成未回仓仍显示未最终回仓，未知工艺不展示普通免工艺依据 (0.171166ms)
✔ 真实前道直转投影接入侧栏，末道实收80显示已最终回仓 (0.404833ms)
✔ 跨工厂直转前道不必回裁床，最终实收80片显示已最终回仓 (0.14925ms)
✔ 最终实际点收0片保留完成事实，不显示待加工或待回仓 (0.1235ms)
✔ 历史实收有原始回仓数量但缺加工完成依据，明细保留实收且暂不计齐套 (0.140292ms)
✔ 整票更正确认同时展示票袋工艺放行分配及保留历史责任 (3.600375ms)
✔ 整票登记保存携带打开详情时的版本，旧页面不会改用后来读到的版本 (0.558583ms)
✔ 文案采用短句，目标和放行保留操作边界，整票确认保留实际后果 (3.638667ms)
✔ 具名静态演示材料使用既有真实图片，三道工艺仅按最终回仓计入 (0.786833ms)
✔ 示例内部身份只在追溯展开中显示，真实票号完整保留且确认仍显示实际影响 (7.400292ms)
✔ 真实生成的工艺记录内部UUID只在展开中显示，不替换真实业务号 (2.195667ms)
(node:44726) ExperimentalWarning: localStorage is not available because --localstorage-file was not provided.
(Use `node --trace-warnings ...` to show where the warning was created)
✔ PDA实回页按第二张菲票自身当前阶段和实际交出数量显示应回数量 (55.5015ms)
✔ 无袋实收10更正9扣库存差额，重新装袋或实际交出后不反冲其他库存 (18.678333ms)
✔ 明确单道无袋实收9合法实交后更正7保留旧9责任与真实接收厂 (11.659ms)
✔ 整袋候选与提交共享未知来源、未知必要工艺及整票不可用阻断，caller不能给空事件绕过 (22.977542ms)
✔ 连续工艺具名示例仅提供真实技术包两条未分配任务，不写事实或覆盖旧任务 (3.922125ms)
✔ 不同菲票的同一实际有序工艺链可同袋，链身份不使用每票阶段ID (0.284042ms)
✔ 同链两张菲票保留各自阶段身份并分别实收，不把第二票当第一票工艺 (3.626709ms)
✔ 连续工艺直接由实际持有厂转交下道，前道完成与最后回仓分开记账 (4.879667ms)
✔ 同袋两票连续转交按每票前道和下道身份核对，最后分别回仓 (4.190375ms)
✔ 实际任务绑定明确匹配技术包部位工艺、色码、目标对象和当前分配，不采用默认厂 (0.289125ms)
✔ 特殊工艺交出只能读取原票当前阶段与唯一实际承接任务 (0.164584ms)
✔ ISO来源交出后同一分钟实际回仓保留秒与时区，不被文本格式判为早于来源 (6.540291ms)
✔ 逐票实收分别计数，更正库存仅按差额且保留原票 (5.525208ms)
✔ 未核对加工完成不得保存；历史完成未知保留实收P而不能冒充齐套 (3.398333ms)
✔ 缺逐票确认、空白、小数、超量与未说明差异都不写入 (3.978208ms)
✔ 明确零量点收保留事实，但不生成库存或后道实物 (3.022208ms)
✔ 按身份与顺序分袋，普通和不同工艺链被阻断 (0.088625ms)
✔ 无袋按票独立点收，不能重复新增或回到其他裁床工厂 (3.763ms)
✔ 多道工艺分别保留同票阶段实收，末道不会累加前道数量 (8.671667ms)
✔ 100片已经交出后更正为90片只改依据，保留原实交责任且不反冲库存 (13.10775ms)
✔ 同一分钟旧入仓分钟时间晚于精确装袋账本，不退回已装袋状态 (0.759167ms)
✔ 正常入仓默认保留完整时刻，同分钟装袋后入仓可继续交出 (0.58275ms)
✔ 实际带袋回仓入口保留ISO秒和时区，不先截断成旧本地分钟 (2.89325ms)
✔ 实际无袋回仓入口保留ISO秒和时区，不先截断成旧本地分钟 (2.807416ms)
✔ 实际空袋回仓入口保留ISO秒和时区，不先截断成旧本地分钟 (2.847041ms)
ℹ tests 55
ℹ suites 0
ℹ pass 55
ℹ fail 0
ℹ cancelled 0
ℹ skipped 0
ℹ todo 0
ℹ duration_ms 761.15375
