✔ ISO与旧本地文本按实际时刻排序，不按空格与T字典排序 (1.111667ms)
✔ 同一时刻不同时间表达仍按账本序号和稳定ID防重复 (6.062042ms)
✔ 整组同分钟含低精度记录时，唯一可靠顺序形成稳定全序，不按成对条件切换 (0.606292ms)
✔ 全部精确时刻仍按秒排序，跨分钟不会被新账本号倒置 (0.124834ms)
✔ 缺少或重复账本顺序不恢复低精度秒数，沿用原时刻规则 (0.23975ms)
✔ 共享生命周期在同分钟旧入仓后允许交出，并保留原周期和事实 (0.384875ms)
✔ 同分钟物理回收之后报废按真实顺序生效，不被周期边界副本或秒数重排 (0.142125ms)
(node:46721) ExperimentalWarning: localStorage is not available because --localstorage-file was not provided.
(Use `node --trace-warnings ...` to show where the warning was created)
✔ 特殊工艺实回库位从原票快照读取生产单，零实收票不冒充当前库存关联 (62.344083ms)
✔ PDA实际入仓入口保留默认时间秒与时区，同一分钟交出后可逐票回仓 (4.778416ms)
✔ PDA实回页按第二张菲票自身当前阶段和实际交出数量显示应回数量 (4.938875ms)
✔ 无袋实收10更正9扣库存差额，重新装袋或实际交出后不反冲其他库存 (18.471417ms)
✔ 明确单道无袋实收9合法实交后更正7保留旧9责任与真实接收厂 (12.552292ms)
✔ 整袋候选与提交共享未知来源、未知必要工艺及整票不可用阻断，caller不能给空事件绕过 (27.943583ms)
✔ 连续工艺具名示例仅提供真实技术包两条未分配任务，不写事实或覆盖旧任务 (4.130417ms)
✔ 不同菲票的同一实际有序工艺链可同袋，链身份不使用每票阶段ID (0.3085ms)
✔ 同链两张菲票保留各自阶段身份并分别实收，不把第二票当第一票工艺 (3.884166ms)
✔ 连续工艺直接由实际持有厂转交下道，前道完成与最后回仓分开记账 (5.178375ms)
✔ 同袋两票连续转交按每票前道和下道身份核对，最后分别回仓 (3.861083ms)
✔ 实际任务绑定明确匹配技术包部位工艺、色码、目标对象和当前分配，不采用默认厂 (0.232833ms)
✔ 特殊工艺交出只能读取原票当前阶段与唯一实际承接任务 (0.15325ms)
✔ ISO来源交出后同一分钟实际回仓保留秒与时区，不被文本格式判为早于来源 (6.526625ms)
✔ 逐票实收分别计数，更正库存仅按差额且保留原票 (5.467625ms)
✔ 未核对加工完成不得保存；历史完成未知保留实收P而不能冒充齐套 (3.357458ms)
✔ 缺逐票确认、空白、小数、超量与未说明差异都不写入 (3.415833ms)
✔ 明确零量点收保留事实，但不生成库存或后道实物 (3.049959ms)
✔ 按身份与顺序分袋，普通和不同工艺链被阻断 (0.088375ms)
✔ 无袋按票独立点收，不能重复新增或回到其他裁床工厂 (3.697625ms)
✔ 多道工艺分别保留同票阶段实收，末道不会累加前道数量 (8.95825ms)
✔ 100片已经交出后更正为90片只改依据，保留原实交责任且不反冲库存 (13.350875ms)
✔ 同一分钟旧入仓分钟时间晚于精确装袋账本，不退回已装袋状态 (0.816625ms)
✔ 正常入仓默认保留完整时刻，同分钟装袋后入仓可继续交出 (0.62125ms)
✔ 实际带袋回仓入口保留ISO秒和时区，不先截断成旧本地分钟 (3.156958ms)
✔ 实际无袋回仓入口保留ISO秒和时区，不先截断成旧本地分钟 (2.869375ms)
✔ 实际空袋回仓入口保留ISO秒和时区，不先截断成旧本地分钟 (2.776833ms)
ℹ tests 34
ℹ suites 0
ℹ pass 34
ℹ fail 0
ℹ cancelled 0
ℹ skipped 0
ℹ todo 0
ℹ duration_ms 800.837583
