✔ ISO与旧本地文本按实际时刻排序，不按空格与T字典排序 (1.357542ms)
✔ 同一时刻不同时间表达仍按账本序号和稳定ID防重复 (5.896875ms)
✔ 整组同分钟含低精度记录时，唯一可靠顺序形成稳定全序，不按成对条件切换 (0.554583ms)
✔ 全部精确时刻仍按秒排序，跨分钟不会被新账本号倒置 (0.0755ms)
✔ 缺少或重复账本顺序不恢复低精度秒数，沿用原时刻规则 (0.085875ms)
✔ 共享生命周期在同分钟旧入仓后允许交出，并保留原周期和事实 (0.28975ms)
✔ 同分钟物理回收之后报废按真实顺序生效，不被周期边界副本或秒数重排 (0.125333ms)
(node:47707) ExperimentalWarning: localStorage is not available because --localstorage-file was not provided.
(Use `node --trace-warnings ...` to show where the warning was created)
✔ 保留历史换袋确认按真实来源入仓先后匹配，ISO与本地文本不丢来源库位 (2.45375ms)
✔ 特殊工艺实回库位从原票快照读取生产单，零实收票不冒充当前库存关联 (59.873625ms)
✔ PDA实际入仓入口保留默认时间秒与时区，同一分钟交出后可逐票回仓 (6.757083ms)
✔ PDA实回页按第二张菲票自身当前阶段和实际交出数量显示应回数量 (6.171083ms)
✔ 无袋实收10更正9扣库存差额，重新装袋或实际交出后不反冲其他库存 (28.276667ms)
✔ 明确单道无袋实收9合法实交后更正7保留旧9责任与真实接收厂 (16.247917ms)
✔ 整袋候选与提交共享未知来源、未知必要工艺及整票不可用阻断，caller不能给空事件绕过 (40.872875ms)
✔ 连续工艺具名示例仅提供真实技术包两条未分配任务，不写事实或覆盖旧任务 (4.645708ms)
✔ 不同菲票的同一实际有序工艺链可同袋，链身份不使用每票阶段ID (0.490334ms)
✔ 同链两张菲票保留各自阶段身份并分别实收，不把第二票当第一票工艺 (5.579167ms)
✔ 连续工艺直接由实际持有厂转交下道，前道完成与最后回仓分开记账 (5.814833ms)
✔ 同袋两票连续转交按每票前道和下道身份核对，最后分别回仓 (4.097917ms)
✔ 实际任务绑定明确匹配技术包部位工艺、色码、目标对象和当前分配，不采用默认厂 (0.253709ms)
✔ 特殊工艺交出只能读取原票当前阶段与唯一实际承接任务 (0.162042ms)
✔ ISO来源交出后同一分钟实际回仓保留秒与时区，不被文本格式判为早于来源 (6.610667ms)
✔ 逐票实收分别计数，更正库存仅按差额且保留原票 (5.175208ms)
✔ 未核对加工完成不得保存；历史完成未知保留实收P而不能冒充齐套 (3.444792ms)
✔ 缺逐票确认、空白、小数、超量与未说明差异都不写入 (3.541833ms)
✔ 明确零量点收保留事实，但不生成库存或后道实物 (3.060792ms)
✔ 按身份与顺序分袋，普通和不同工艺链被阻断 (0.095958ms)
✔ 无袋按票独立点收，不能重复新增或回到其他裁床工厂 (3.975916ms)
✔ 多道工艺分别保留同票阶段实收，末道不会累加前道数量 (9.707291ms)
✔ 100片已经交出后更正为90片只改依据，保留原实交责任且不反冲库存 (14.060834ms)
✔ 同一分钟旧入仓分钟时间晚于精确装袋账本，不退回已装袋状态 (0.946166ms)
✔ 正常入仓默认保留完整时刻，同分钟装袋后入仓可继续交出 (0.681625ms)
✔ 实际带袋回仓入口保留ISO秒和时区，不先截断成旧本地分钟 (3.337209ms)
✔ 实际无袋回仓入口保留ISO秒和时区，不先截断成旧本地分钟 (2.8805ms)
✔ 实际空袋回仓入口保留ISO秒和时区，不先截断成旧本地分钟 (3.197ms)
ℹ tests 35
ℹ suites 0
ℹ pass 35
ℹ fail 0
ℹ cancelled 0
ℹ skipped 0
ℹ todo 0
ℹ duration_ms 971.928708
