✔ ISO与旧本地文本按实际时刻排序，不按空格与T字典排序 (1.504125ms)
✔ 同一时刻不同时间表达仍按账本序号和稳定ID防重复 (6.344084ms)
✔ 整组同分钟含低精度记录时，唯一可靠顺序形成稳定全序，不按成对条件切换 (1.257958ms)
✔ 全部精确时刻仍按秒排序，跨分钟不会被新账本号倒置 (0.093334ms)
✔ 缺少或重复账本顺序不恢复低精度秒数，沿用原时刻规则 (0.084917ms)
✔ 共享生命周期在同分钟旧入仓后允许交出，并保留原周期和事实 (0.320375ms)
✔ 同分钟物理回收之后报废按真实顺序生效，不被周期边界副本或秒数重排 (0.13225ms)
(node:58718) ExperimentalWarning: localStorage is not available because --localstorage-file was not provided.
(Use `node --trace-warnings ...` to show where the warning was created)
✔ N 道只按最终逐票实收，不累计道数或非最终回仓 (0.689625ms)
✔ 末道独有回仓、错票、错工厂、逆序回仓均不得计齐套 (0.130375ms)
✔ 真实厂间完成事实只证明前道，末道仍以实际裁床回仓为准 (0.145833ms)
✔ 前道非法实收不能被加工完成标记绕过 (0.081042ms)
✔ 实际已分配厂取代票上默认厂，多家未确认不猜厂，打印票保持原样 (0.432333ms)
✔ 直转前道须有明确工艺身份完成，最终回仓受前道实物上限约束 (0.077042ms)
✔ 零量点收保留凭据；整票不可用和未知资料不贡献 (0.093959ms)
✔ 普通未装袋票不进放行，但既有简易交出可保持；正常换袋去重 (0.117333ms)
✔ 装袋同ID错票号、超原票或无效票面不提供可交实物 (0.067667ms)
✔ 逐票工艺实收保留真实业务回仓号、来源交出号及仓区库位 (0.104583ms)
✔ 旧实收缺加工完成依据保留实物，但不计最终齐套且明确待核对 (0.09925ms)
(node:58719) ExperimentalWarning: localStorage is not available because --localstorage-file was not provided.
(Use `node --trace-warnings ...` to show where the warning was created)
✔ 同次批量袋读取与逐袋严格结果一致，最新实收更正重新计算且不改原事实 (61.643333ms)
✔ 带袋同一秒连续逐票更正有独立事实，同一更正重试只保存一次 (11.869459ms)
✔ 无袋同一秒连续逐票更正有独立事实，同一更正重试只保存一次 (10.375625ms)
✔ 保留历史换袋确认按真实来源入仓先后匹配，ISO与本地文本不丢来源库位 (0.785834ms)
✔ 特殊工艺实回库位从原票快照读取生产单，零实收票不冒充当前库存关联 (4.851875ms)
✔ PDA实际入仓入口保留默认时间秒与时区，同一分钟交出后可逐票回仓 (4.293833ms)
✔ PDA实回页按第二张菲票自身当前阶段和实际交出数量显示应回数量 (3.839125ms)
✔ 无袋实收10更正9扣库存差额，重新装袋或实际交出后不反冲其他库存 (19.103125ms)
✔ 明确单道无袋实收9合法实交后更正7保留旧9责任与真实接收厂 (16.398792ms)
✔ 整袋候选与提交共享未知来源、未知必要工艺及整票不可用阻断，caller不能给空事件绕过 (33.826208ms)
✔ 连续工艺具名示例仅提供真实技术包两条未分配任务，不写事实或覆盖旧任务 (3.997583ms)
✔ 不同菲票的同一实际有序工艺链可同袋，链身份不使用每票阶段ID (0.292ms)
✔ 同链两张菲票保留各自阶段身份并分别实收，不把第二票当第一票工艺 (3.59825ms)
✔ 连续工艺直接由实际持有厂转交下道，前道完成与最后回仓分开记账 (4.843875ms)
✔ 同袋两票连续转交按每票前道和下道身份核对，最后分别回仓 (4.025ms)
✔ 实际任务绑定明确匹配技术包部位工艺、色码、目标对象和当前分配，不采用默认厂 (0.228334ms)
✔ 特殊工艺交出只能读取原票当前阶段与唯一实际承接任务 (0.154208ms)
✔ ISO来源交出后同一分钟实际回仓保留秒与时区，不被文本格式判为早于来源 (6.818292ms)
✔ 逐票实收分别计数，更正库存仅按差额且保留原票 (5.036042ms)
✔ 未核对加工完成不得保存；历史完成未知保留实收P而不能冒充齐套 (3.412ms)
✔ 缺逐票确认、空白、小数、超量与未说明差异都不写入 (3.516375ms)
✔ 明确零量点收保留事实，但不生成库存或后道实物 (3.034166ms)
✔ 按身份与顺序分袋，普通和不同工艺链被阻断 (0.090375ms)
✔ 无袋按票独立点收，不能重复新增或回到其他裁床工厂 (3.871917ms)
✔ 多道工艺分别保留同票阶段实收，末道不会累加前道数量 (9.6255ms)
✔ 100片已经交出后更正为90片只改依据，保留原实交责任且不反冲库存 (14.980709ms)
✔ 同一分钟旧入仓分钟时间晚于精确装袋账本，不退回已装袋状态 (0.845333ms)
✔ 正常入仓默认保留完整时刻，同分钟装袋后入仓可继续交出 (0.655542ms)
✔ 实际带袋回仓入口保留ISO秒和时区，不先截断成旧本地分钟 (3.142166ms)
✔ 实际无袋回仓入口保留ISO秒和时区，不先截断成旧本地分钟 (2.774875ms)
✔ 实际空袋回仓入口保留ISO秒和时区，不先截断成旧本地分钟 (2.898667ms)
ℹ tests 49
ℹ suites 0
ℹ pass 49
ℹ fail 0
ℹ cancelled 0
ℹ skipped 0
ℹ todo 0
ℹ duration_ms 934.732875
