✔ ISO与旧本地文本按实际时刻排序，不按空格与T字典排序 (2.115583ms)
✔ 同一时刻不同时间表达仍按账本序号和稳定ID防重复 (6.046125ms)
✔ 整组同分钟含低精度记录时，唯一可靠顺序形成稳定全序，不按成对条件切换 (0.598958ms)
✔ 全部精确时刻仍按秒排序，跨分钟不会被新账本号倒置 (0.080208ms)
✔ 缺少或重复账本顺序不恢复低精度秒数，沿用原时刻规则 (0.081375ms)
✔ 共享生命周期在同分钟旧入仓后允许交出，并保留原周期和事实 (0.30175ms)
✔ 同分钟物理回收之后报废按真实顺序生效，不被周期边界副本或秒数重排 (0.131208ms)
(node:59601) ExperimentalWarning: localStorage is not available because --localstorage-file was not provided.
(Use `node --trace-warnings ...` to show where the warning was created)
✔ N 道只按最终逐票实收，不累计道数或非最终回仓 (0.7885ms)
✔ 末道独有回仓、错票、错工厂、逆序回仓均不得计齐套 (0.136667ms)
✔ 真实厂间完成事实只证明前道，末道仍以实际裁床回仓为准 (0.151791ms)
✔ 前道非法实收不能被加工完成标记绕过 (0.089ms)
✔ 实际已分配厂取代票上默认厂，多家未确认不猜厂，打印票保持原样 (0.441833ms)
✔ 直转前道须有明确工艺身份完成，最终回仓受前道实物上限约束 (0.083208ms)
✔ 零量点收保留凭据；整票不可用和未知资料不贡献 (0.100292ms)
✔ 普通未装袋票不进放行，但既有简易交出可保持；正常换袋去重 (0.122458ms)
✔ 装袋同ID错票号、超原票或无效票面不提供可交实物 (0.073666ms)
✔ 逐票工艺实收保留真实业务回仓号、来源交出号及仓区库位 (0.11525ms)
✔ 旧实收缺加工完成依据保留实物，但不计最终齐套且明确待核对 (0.101791ms)
(node:59602) ExperimentalWarning: localStorage is not available because --localstorage-file was not provided.
(Use `node --trace-warnings ...` to show where the warning was created)
✔ 同次批量袋读取与逐袋严格结果一致，最新实收更正重新计算且不改原事实 (60.683667ms)
✔ 带袋同一秒连续逐票更正有独立事实，同一更正重试只保存一次 (10.242458ms)
✔ 无袋同一秒连续逐票更正有独立事实，同一更正重试只保存一次 (11.561125ms)
✔ 保留历史换袋确认按真实来源入仓先后匹配，ISO与本地文本不丢来源库位 (0.828ms)
✔ 特殊工艺实回库位从原票快照读取生产单，零实收票不冒充当前库存关联 (5.257542ms)
✔ PDA实际入仓入口保留默认时间秒与时区，同一分钟交出后可逐票回仓 (4.220709ms)
✔ PDA实回页按第二张菲票自身当前阶段和实际交出数量显示应回数量 (3.348625ms)
✔ 无袋实收10更正9扣库存差额，重新装袋或实际交出后不反冲其他库存 (19.300208ms)
✔ 明确单道无袋实收9合法实交后更正7保留旧9责任与真实接收厂 (16.07ms)
✔ 整袋候选与提交共享未知来源、未知必要工艺及整票不可用阻断，caller不能给空事件绕过 (34.248416ms)
✔ 连续工艺具名示例仅提供真实技术包两条未分配任务，不写事实或覆盖旧任务 (4.160333ms)
✔ 不同菲票的同一实际有序工艺链可同袋，链身份不使用每票阶段ID (0.292209ms)
✔ 同链两张菲票保留各自阶段身份并分别实收，不把第二票当第一票工艺 (3.921167ms)
✔ 连续工艺直接由实际持有厂转交下道，前道完成与最后回仓分开记账 (4.607208ms)
✔ 同袋两票连续转交按每票前道和下道身份核对，最后分别回仓 (3.991625ms)
✔ 实际任务绑定明确匹配技术包部位工艺、色码、目标对象和当前分配，不采用默认厂 (0.242834ms)
✔ 特殊工艺交出只能读取原票当前阶段与唯一实际承接任务 (0.154125ms)
✔ ISO来源交出后同一分钟实际回仓保留秒与时区，不被文本格式判为早于来源 (6.039875ms)
✔ 逐票实收分别计数，更正库存仅按差额且保留原票 (4.980958ms)
✔ 未核对加工完成不得保存；历史完成未知保留实收P而不能冒充齐套 (3.415708ms)
✔ 缺逐票确认、空白、小数、超量与未说明差异都不写入 (3.580167ms)
✔ 明确零量点收保留事实，但不生成库存或后道实物 (3.252875ms)
✔ 按身份与顺序分袋，普通和不同工艺链被阻断 (0.094958ms)
✔ 无袋按票独立点收，不能重复新增或回到其他裁床工厂 (4.102542ms)
✔ 多道工艺分别保留同票阶段实收，末道不会累加前道数量 (8.864042ms)
✔ 100片已经交出后更正为90片只改依据，保留原实交责任且不反冲库存 (15.90325ms)
✔ 同一分钟旧入仓分钟时间晚于精确装袋账本，不退回已装袋状态 (0.93925ms)
✔ 正常入仓默认保留完整时刻，同分钟装袋后入仓可继续交出 (0.670416ms)
✔ 实际带袋回仓入口保留ISO秒和时区，不先截断成旧本地分钟 (3.415708ms)
✔ 实际无袋回仓入口保留ISO秒和时区，不先截断成旧本地分钟 (3.029375ms)
✔ 实际空袋回仓入口保留ISO秒和时区，不先截断成旧本地分钟 (2.942375ms)
ℹ tests 49
ℹ suites 0
ℹ pass 49
ℹ fail 0
ℹ cancelled 0
ℹ skipped 0
ℹ todo 0
ℹ duration_ms 847.023291
