{
  "route": "/fcs/craft/accessory/webbing/purchase-demands",
  "checks": [
    "载入36条采购，统计与分页总数一致",
    "导出全部36条且不含操作列；分页及重置恢复首屏",
    "填报期间预览实物图并Esc关闭，保留数量和原操作",
    "生成、接单、开始、超量阻断、实际产出100米、交出100米；仓库实收仍0",
    "跨页面保留同一交出数量；实物大图可打开关闭",
    "1280×720和1024×768主体无横向溢出，大图完整显示及Esc关闭",
    "WLS原入口分类接入；错SKU和超交出量阻断；90+10米分批实收；PMS实收100且只有一个100米库存批次；刷新保留并可回花边分类",
    "正式生产单集合中的采用快照由页面核对并生成2条需求；不存在生产单/未核对/预览后暂停/数量变化阻断；相同来源重复生成不重复；图片关闭保留需求预览",
    "主生产单暂停后仓库显示受限，整页刷新仍受限且PMS端头采购不能选该需求；主单恢复后继续完整链",
    "PMS页面选采用BOM创建金属/硅胶采购，零量阻断保留表单且不写单；修正后创建、下达、刷新，低分辨率新表单不溢出",
    "采用端头BOM生成PMS采购并下达，跨页面实际收金属头100个/硅胶0.3kg；用途锁定打头辅材，后续发料沿这些批次",
    "仓库页面按实收批次发金属80个/硅胶0.2kg，错误计量单位、缺技术包辅材、未核实、错批次及超库存阻断；源仓已扣但工厂实收0，再接工厂实收/打头/生产领料",
    "仓库页面两规格按实收批次占用22/44米，各释放1米后实际发21/43米；超库存、超理论无依据、未确认释放、超释放、错批次、超未发占用均阻断；发出后仓内36米/占用0/工厂实收0，刷新保留",
    "选两包生成两张500/700mm标签，150×100mm与A4预览；缺图阻断不改库存；二维码定位当前包；实际交出单40/0/40按原记录显示",
    "同生产快照/路线两规格归为一张加工单；页面实收投入、截断、双端金属/单端硅胶实际打头、装包、交出；错SKU/超耗料/超装包/未核实阻断；刷新保留且交出未提前实收",
    "实际动作从100米基础实收→40条500mm和60条700mm装包交出→产出分批实收；错生产单/错包/未核实/超收均阻断；米料36米、采购实收100米不随条料回仓增加；刷新后两包收齐",
    "整链实收后隔离副本拆40为15+25：另一标签页拆包后旧预览阻断，原码追溯失效，子包两张标签总量40；有效库存仍100，历史交出实收40不叠加子包",
    "库存页两规格分配40/60条、释放10再分配、分配与发料超量及错包阻断；实际发100后仓内0且生产实收0/需求未满足；领料确认页面由两名指定领料人分别实收，短收10条保留待收后补齐，错包/未核实/超收阻断，库存详情回读满足",
    "两投入各多领1米，截断打头62米/100条交付生产；工厂实际退连续余料各1米，交出不提前回库；仓库0.6+0.4及1米实收，错批次/错SKU/未核实/超量阻断；刷新后连续库存36+1+1=38米，采购实收100米，产出62米当量不变",
    "辅材实收批次金属100个/硅胶0.3kg实际发80个/0.2kg，仓库余20个/0.1kg；工厂打头耗80个/0.15kg，仓内和工厂余额分账且生产实收100条",
    "生产实收后的加工明细打印读取500/700mm及金属/硅胶规格；真实图片缺失阻断打印且库存不变",
    "预览后生产暂停阻断旧打印，刷新显示当前限制；三个桌面尺寸无主体横向溢出；PDF仅作缺图排版检查"
  ],
  "errors": [],
  "navigations": [
    {
      "at": "2026-09-22T05:01:07.641Z",
      "url": "http://127.0.0.1:43188/fcs/craft/accessory/webbing/purchase-demands"
    },
    {
      "at": "2026-09-22T05:01:11.725Z",
      "url": "http://127.0.0.1:43188/fcs/craft/accessory/webbing/base-orders"
    },
    {
      "at": "2026-09-22T05:01:12.150Z",
      "url": "http://127.0.0.1:43188/wls/accessory-receipts"
    },
    {
      "at": "2026-09-22T05:01:14.165Z",
      "url": "http://127.0.0.1:43188/wls/accessory-receipts"
    },
    {
      "at": "2026-09-22T05:01:14.662Z",
      "url": "http://127.0.0.1:43188/fcs/craft/accessory/webbing/work-orders"
    },
    {
      "at": "2026-09-22T05:01:17.087Z",
      "url": "http://127.0.0.1:43188/wls/accessory-material-preparation"
    },
    {
      "at": "2026-09-22T05:01:17.279Z",
      "url": "http://127.0.0.1:43188/wls/accessory-material-preparation"
    },
    {
      "at": "2026-09-22T05:01:17.417Z",
      "url": "http://127.0.0.1:43188/pms/material-purchase-orders"
    },
    {
      "at": "2026-09-22T05:01:17.653Z",
      "url": "http://127.0.0.1:43188/pms/material-purchase-orders"
    },
    {
      "at": "2026-09-22T05:01:18.076Z",
      "url": "http://127.0.0.1:43188/pms/material-purchase-orders"
    },
    {
      "at": "2026-09-22T05:01:18.511Z",
      "url": "http://127.0.0.1:43188/pms/material-purchase-orders"
    },
    {
      "at": "2026-09-22T05:01:18.662Z",
      "url": "http://127.0.0.1:43188/wls/accessory-receipts"
    },
    {
      "at": "2026-09-22T05:01:20.595Z",
      "url": "http://127.0.0.1:43188/wls/accessory-material-preparation"
    },
    {
      "at": "2026-09-22T05:01:23.843Z",
      "url": "http://127.0.0.1:43188/wls/accessory-material-preparation"
    },
    {
      "at": "2026-09-22T05:01:24.061Z",
      "url": "http://127.0.0.1:43188/fcs/craft/accessory/webbing/work-orders"
    },
    {
      "at": "2026-09-22T05:01:24.282Z",
      "url": "http://127.0.0.1:43188/fcs/craft/accessory/webbing/work-orders/%5B%22OUTPUT-BROWSER-PROD%22%2C%22OUTPUT-BROWSER-PROD-SNAPSHOT-V1%22%2C%22CUT%22%5D"
    },
    {
      "at": "2026-09-22T05:01:27.566Z",
      "url": "http://127.0.0.1:43188/fcs/print/preview?documentType=TMF_PACKAGE_LABEL&sourceType=TMF_OUTPUT_PACKAGE&sourceId=%5B%22OUTPUT-PKG-0%22%2C%22OUTPUT-PKG-1%22%5D"
    },
    {
      "at": "2026-09-22T05:01:27.732Z",
      "url": "http://127.0.0.1:43188/fcs/print/preview?documentType=TMF_PACKAGE_LABEL&sourceType=TMF_OUTPUT_PACKAGE&sourceId=%5B%22OUTPUT-PKG-0%22%2C%22OUTPUT-PKG-1%22%5D&labelSize=A4"
    },
    {
      "at": "2026-09-22T05:01:27.838Z",
      "url": "http://127.0.0.1:43188/fcs/craft/accessory/webbing/work-orders/%5B%22OUTPUT-BROWSER-PROD%22%2C%22OUTPUT-BROWSER-PROD-SNAPSHOT-V1%22%2C%22CUT%22%5D?packageId=OUTPUT-PKG-0"
    },
    {
      "at": "2026-09-22T05:01:28.099Z",
      "url": "http://127.0.0.1:43188/fcs/print/preview?documentType=TMF_HANDOVER_SHEET&sourceType=TMF_OUTPUT_HANDOVER&sourceId=OUTPUT-HO-0"
    },
    {
      "at": "2026-09-22T05:01:29.632Z",
      "url": "http://127.0.0.1:43188/fcs/craft/accessory/webbing/work-orders/%5B%22OUTPUT-BROWSER-PROD%22%2C%22OUTPUT-BROWSER-PROD-SNAPSHOT-V1%22%2C%22CUT%22%5D?packageId=OUTPUT-PKG-0"
    },
    {
      "at": "2026-09-22T05:01:30.373Z",
      "url": "http://127.0.0.1:43188/fcs/craft/accessory/webbing/work-orders/%5B%22OUTPUT-BROWSER-PROD%22%2C%22OUTPUT-BROWSER-PROD-SNAPSHOT-V1%22%2C%22CUT%22%5D?packageId=OUTPUT-PKG-0"
    },
    {
      "at": "2026-09-22T05:01:30.656Z",
      "url": "http://127.0.0.1:43188/wls/accessory-receipts"
    },
    {
      "at": "2026-09-22T05:01:32.976Z",
      "url": "http://127.0.0.1:43188/wls/accessory-receipts"
    },
    {
      "at": "2026-09-22T05:01:33.356Z",
      "url": "http://127.0.0.1:43188/wls/accessory-production-stock"
    },
    {
      "at": "2026-09-22T05:01:41.991Z",
      "url": "http://127.0.0.1:43188/wls/accessory-production-stock"
    },
    {
      "at": "2026-09-22T05:01:42.176Z",
      "url": "http://127.0.0.1:43188/wls/accessory-production-receipts"
    },
    {
      "at": "2026-09-22T05:01:44.965Z",
      "url": "http://127.0.0.1:43188/wls/accessory-production-receipts"
    },
    {
      "at": "2026-09-22T05:01:45.193Z",
      "url": "http://127.0.0.1:43188/wls/accessory-production-stock"
    },
    {
      "at": "2026-09-22T05:01:45.303Z",
      "url": "http://127.0.0.1:43188/wls/accessory-production-stock"
    },
    {
      "at": "2026-09-22T05:01:45.514Z",
      "url": "http://127.0.0.1:43188/wls/accessory-receipts"
    },
    {
      "at": "2026-09-22T05:01:47.842Z",
      "url": "http://127.0.0.1:43188/wls/accessory-receipts"
    },
    {
      "at": "2026-09-22T05:01:48.269Z",
      "url": "http://127.0.0.1:43188/fcs/craft/accessory/webbing/work-orders"
    },
    {
      "at": "2026-09-22T05:01:48.500Z",
      "url": "http://127.0.0.1:43188/fcs/craft/accessory/webbing/work-orders/%5B%22OUTPUT-BROWSER-PROD%22%2C%22OUTPUT-BROWSER-PROD-SNAPSHOT-V1%22%2C%22CUT%22%5D"
    },
    {
      "at": "2026-09-22T05:01:48.665Z",
      "url": "http://127.0.0.1:43188/fcs/print/preview?documentType=TMF_PROCESS_SHEET&sourceType=TMF_WORK_ORDER&sourceId=%5B%22OUTPUT-BROWSER-PROD%22%2C%22OUTPUT-BROWSER-PROD-SNAPSHOT-V1%22%2C%22CUT%22%5D"
    },
    {
      "at": "2026-09-22T05:01:48.885Z",
      "url": "http://127.0.0.1:43188/fcs/print/preview?documentType=TMF_PROCESS_SHEET&sourceType=TMF_WORK_ORDER&sourceId=%5B%22OUTPUT-BROWSER-PROD%22%2C%22OUTPUT-BROWSER-PROD-SNAPSHOT-V1%22%2C%22CUT%22%5D"
    }
  ],
  "labelLayout": [
    {
      "height": 376,
      "scrollHeight": 376,
      "width": 565,
      "scrollWidth": 565
    },
    {
      "height": 376,
      "scrollHeight": 376,
      "width": 565,
      "scrollWidth": 565
    }
  ]
}
