{
  "generatedAt": "2026-09-22T05:10:00.683Z",
  "route": "/pcs/products/styles/style_seed_project_018/technical-data/tdv_seed_project_018_review_skip_demo",
  "viewport": {
    "width": 1366,
    "height": 768
  },
  "server": "http://127.0.0.1:43288",
  "checks": [
    "通过实际BOM表单选择白色织带参考SKU",
    "未确认对象和未选择打头要求均阻断；保存S500/M700两规格并显示截断节点",
    "刷新并重新打开后，两规格长度与尺码保留",
    "Esc关闭弹窗"
  ],
  "errors": [],
  "editorOpenSamples": [
    39.900000005960464,
    63.599999994039536,
    63.69999998807907,
    60,
    56.79999998211861
  ]
}
