{
  "scope": "入口与空数据PDA加载；不代表有数据全操作性能",
  "viewport": {
    "width": 360,
    "height": 640
  },
  "server": "Vite preview 43288；各冷加载使用新隔离浏览器上下文",
  "cold": [
    398.40000000596046,
    293.09999999403954,
    305.30000001192093,
    352.40000000596046,
    400.19999998807907
  ],
  "refresh": [
    215.80000001192093,
    233.5,
    249,
    299.40000000596046,
    315.59999999403954
  ],
  "menu": [
    93.2999999821186,
    57.900000005960464,
    91.40000000596046,
    98.90000000596046,
    99
  ],
  "errors": [],
  "maxima": {
    "cold": 400.19999998807907,
    "refresh": 315.59999999403954,
    "menu": 99
  },
  "under500": true
}
