1184.0 (root)  -1 -1
753.9 dr special-craft-fei-ticket-flow-Cd9rfgll.js 0 65141 (){if(m)return m;const e=ke();return m={bindings:e.bindings,differenceReports:[],flowEvents:e.bindings.map((r,t)=>({eventId:`SCFE-${r.bindingId}-${String(t+1).padStart(4,"0")}`,bin
753.9 C special-craft-fei-ticket-flow-Cd9rfgll.js 0 65871 (){dr()}function at(e){C(),((m==null?void 0:m.bindings)||[]).filter(t=>t.taskOrderId===e.taskOrderId&&t.operationId===e.operationId).forEach(t=>{A(m,t.bindingId,c=>({...c,specialCr
753.9  pda-handover-Cc5ooryw.js 6 333 async()=>{try{(await Ie(()=>import("./special-craft-fei-ticket-flow-Cd9rfgll.js").then(r=>r.w),__vite__mapDeps([0,1,2,3,4,5]))).ensureSpecialCraftFeiTicketFlowSeeded(),window.dispa
395.0 ke special-craft-fei-ticket-flow-Cd9rfgll.js 0 29836 (){const e=Ie(),r=new Map(e.map(i=>[i.feiTicketNo,i])),t=Ye({generatedFeiTickets:e}),c=_e().filter(Me),d=Ge(c,t.bindings),o=new Map;return t.bindings.forEach(i=>{const s=r.get(i.fe
393.5 vr generated-fei-tickets-BKCmF7Nq.js 0 121488 (e){const t=Ur(e),a=new Map,r=t.map((n,l)=>{var F,w,p;const u=e.find(f=>f.cutOrderId===n.cutOrderId&&f.productionOrderId===n.productionOrderId)||e.find(f=>f.cutOrderId===n.cutOrder
393.5 Z generated-fei-tickets-BKCmF7Nq.js 2 19 (){const e=ge();if(Le)return Fr;const t=xr(e);if((de==null?void 0:de.signature)===t)return de.dataset;Le=!0;try{const a=vr(e),r=Gr(a),o=At([...a,...r]);return de={signature:t,datas
393.5 Er generated-fei-tickets-BKCmF7Nq.js 2 955 (){return Z().generatedFeiTickets.map(e=>J(e))}function Ln(){return Er().filter(e=>e.sourceBasisType===re)}function wr(e){return(Z().feiTicketsByCutOrderId[e]||[]).map(t=>J(t))}fun
393.5 Ln generated-fei-tickets-BKCmF7Nq.js 2 1013 (){return Er().filter(e=>e.sourceBasisType===re)}function wr(e){return(Z().feiTicketsByCutOrderId[e]||[]).map(t=>J(t))}function Br(e){return wr(e).filter(t=>t.sourceBasisType===re)
390.5 ht generated-fei-tickets-BKCmF7Nq.js 0 93457 (e){var r;const t=(e==null?void 0:e.sessions)||[],a=(r=e==null?void 0:e.orders)!=null&&r.length?e.orders:Wa(t);return Xa([...Va(a,t),...Ha(a),...Ka()]).sort((o,n)=>n.detectedAt.loc
390.5 Mr generated-fei-tickets-BKCmF7Nq.js 0 115873 (e){const t=Cr(e),a=[],r=t.sessions.filter(n=>n.status==="DONE"&&n.cuttingStatus==="CUTTING_DONE"&&Lt(n)),o=r.length?ht({sessions:r}):[];return t.sessions.filter(n=>Nr(n,o)).forEac
390.5 Ur generated-fei-tickets-BKCmF7Nq.js 0 132925 (e=ge()){const t=[...Mr(e),...Rr(e)],a=new Map;return t.forEach(r=>{a.has(r.outputLineId)||a.set(r.outputLineId,r)}),Array.from(a.values()).sort(ar)}let Le=!1;const Fr=At([]);let d
387.4 Die app-shared-BnB0H16D.js 64 1261181 (){const e=new Set(Zs().flatMap(r=>r.lines.filter(o=>o.runtimeBomLine&&o.cutOrderId).map(o=>o.cutOrderId))),t=F2([...jd().flatMap(r=>{if(e.has(r.cutOrderId))return[];const o=wie(r)
387.4 xF app-shared-BnB0H16D.js 64 1262846 (){const e=new Map;return Die().forEach(t=>{const r=e.get(t.cutOrderId)||[];r.push(t),e.set(t.cutOrderId,r)}),jd().map(t=>_ie(t,e.get(t.cutOrderId)||[]))}function Lie(){const e={};
387.4 Lie app-shared-BnB0H16D.js 64 1263012 (){const e={};return xF().forEach(t=>{e[t.cutOrderId]=t,e[t.cutOrderNo]=t}),e}function Mie(e){return Lie()[e]||null}function DNe(e){return xF().filter(t=>t.productionOrderId===e)}c
387.4 Va generated-fei-tickets-BKCmF7Nq.js 0 84304 (e,t){const a=Qt();return e.flatMap(r=>{const o=Da(r,t),n=ft(r,o),l=[];if(n.actualLayerCount>0&&n.actualLayerCount<r.plannedLayerCount&&l.push(G(r,o,{suffix:"actual-layer-less-than
385.9 Zs app-shared-BnB0H16D.js 64 1344975 (e=fe()){const t=Jo(e),r=Ch(t.prepRecords),o=JSON.stringify(r);if((Ki==null?void 0:Ki.storage)===e&&Ki.sourceFingerprint===o)return Ki.rows;const a=yde(e),s=yn([...t.pickupRecords,
381.5  app-shared-BnB0H16D.js 64 1289919 I=>{var J,Ne,M,H,Re;const y=(J=l.find(B=>{var x;return B.sourceBomItemId===I.id&&B.sourceTechPackVersionId===c.sourceTechPackVersionId&&((x=B.executionMaterialReplacement)==null?vo
381.5  app-shared-BnB0H16D.js 64 1289711 d=>{var f;const c=d.techPackSnapshot,u=`prep-order-${d.productionOrderId}`,l=((f=bO(d.productionOrderId))==null?void 0:f.materialFacts)??[],p=L9(d.productionOrderId),m=c.bomItems.f
381.5 Ch app-shared-BnB0H16D.js 64 1289066 (e=[]){const t=new Set(yd.map(d=>d.productionOrderId)),r=G.filter(d=>!t.has(d.productionOrderId)&&d.techPackSnapshot),o=Xie.filter(d=>d.sourceId.trim()&&d.sourceDescription.trim()&
380.0 Qne app-shared-BnB0H16D.js 64 1210213 (e){const t=e&&!e.has("PRINT")?qU():void 0,r=e&&!e.has("DYE")?nU():void 0,o=(t&&!t.needsRestoration?t.orders:VU()).map(n=>({taskId:n.taskId,taskNo:n.taskNo,factoryId:n.printFactory
380.0  app-shared-BnB0H16D.js 64 1292779 B=>(n??(n=Qne())).filter(x=>{var bt,Nt;const nt=x.sourceSnapshot;return x.sourceType==="PRODUCTION_ORDER"&&x.processType===B.processCode&&nt.productionOrderId===d.productionOrderId
358.9 ot special-craft-fei-ticket-flow-Cd9rfgll.js 0 59703 (e){var N,l,p,k,u,y,R,Q;const t=[...e.bindings.filter(T=>T.sequenceIndex<=0).sort(he)],c=T=>{const E=T?t.findIndex(T):0;if(E<0)return;const[O]=t.splice(E,1);return O},d=c(),o=c(),a
255.6 na app-shared-BnB0H16D.js 64 899036 (e){var o;Oo();const t=e?[Y.get(e)].filter(a=>!!a):[...Y.values()],r=ss({includeWool:!1,taskIds:new Set(t.map(a=>a.taskId))}).filter(a=>a.headType==="HANDOUT");for(const a of Y.val
255.6 fN app-shared-BnB0H16D.js 64 952676 (){return na(),pN().map(e=>{const t=Y.get(e.dyeOrderId)??e;return rl(t),he({...e,acceptanceStatus:t.acceptanceStatus,acceptedAt:t.acceptedAt,acceptedBy:t.acceptedBy,rejectedAt:t.re
254.1 Oo app-shared-BnB0H16D.js 64 941447 (){if(!xf){xf=!0,moe(),noe(),BM.forEach(e=>{var r;const t=Y.get(e.workOrderId);!t||(r=t.materialReceipts)!=null&&r.length||(t.materialReceipts=[{receiptId:`DYE-SEED-RECEIPT-${e.wor
187.1 _ special-craft-fei-ticket-flow-Cd9rfgll.js 0 33992 (e){C();const r=e.selectedFeiTicketNos.map(a=>Ze({feiTicketNo:a,operationId:e.operationId,targetFactoryId:e.targetFactoryId}));if(!r.length)throw new Error("本次未选择可发料菲票。");if(r.some
173.5 ca pda-handover-Cc5ooryw.js 169 3178 (){var M;const e=y();if(!e)return Me();const r=w().get("sewingPickupVersionId")||"";if(r)return Ye(r,e);const s=$(),n=w().get("woolFinalCraftOrderId");if(n){const l=Ee(n);if(!((M=l
173.5 os index-DsKASq5H.js 2110 962 (e){try{const t=e.split("?")[0].split("#")[0],r=t.match(/^\/fcs\/pda\/exec\/([^/]+)$/),a=r?decodeURIComponent(r[1]):"",s=/:(KNITTING|LINKING)$/.test(a);if(t.startsWith("/fcs/craft/
125.7  special-craft-fei-ticket-flow-Cd9rfgll.js 0 34322 (a,i)=>{const s=de(a);if(a.dispatchHandoverRecordId){o.push(S(a));return}const n=Pe({handoverOrderId:t.handoverOrderId||t.handoverId,submittedQty:s,qtyUnit:a.unit,factorySubmittedA
