{
  "route": "/wls/accessory-material-preparation",
  "checks": [
    "合并表单对应半成品图片可打开大图，Esc关闭保留输入",
    "第二行超占用时整批未扣库、无发料",
    "恢复后一次102米扣库，保留两需求归属、未自动实收；刷新保留；低分辨率无主体溢出",
    "工厂整批实收/截断第二行超量时整批回滚，修正后实收102米、两生产单各产100条；跨单页面及刷新归属不漂移，整批履历明确标识",
    "沿页面生成的真实记录调用既有余料退仓、装包/交接/分配/生产实收动作到终点：连续19米、两单各实收100、定长库存0；该后段不声称逐页验收"
  ],
  "errors": [],
  "terminal": {
    "result": [
      {
        "productionReceived": 100,
        "onHand": 0
      },
      {
        "productionReceived": 100,
        "onHand": 0
      }
    ],
    "continuous": 19,
    "loss": 1
  },
  "result": "PASS"
}
