{
  "generatedAt": "2026-09-21T01:15:08.416Z",
  "route": "/pcs/products/styles/style_seed_project_018/technical-data/tdv_seed_project_018_review_skip_demo",
  "viewport": {
    "width": 1366,
    "height": 768
  },
  "server": "http://127.0.0.1:43188",
  "checks": [
    "通过实际BOM表单选择白色织带参考SKU",
    "未确认对象和未选择打头要求均阻断；保存S500/M700两规格并显示截断节点",
    "刷新并重新打开后，两规格长度与尺码保留",
    "Esc关闭弹窗"
  ],
  "errors": [],
  "editorOpenSamples": [
    41.29999999701977,
    64.09999999403954,
    63.70000000298023,
    63.20000000298023,
    58.099999994039536
  ]
}
