{
  "scope": "入口与空数据PDA加载；不代表有数据全操作性能",
  "viewport": {
    "width": 360,
    "height": 640
  },
  "server": "Vite 43188，服务已运行；各冷加载使用新隔离浏览器上下文",
  "cold": [
    258.29999999701977,
    268.80000001192093,
    253.20000000298023,
    255,
    251.79999999701977
  ],
  "refresh": [
    216.1000000089407,
    249.29999999701977,
    166.09999999403954,
    249.29999999701977,
    216
  ],
  "menu": [
    99.5,
    100.70000000298023,
    97.20000000298023,
    98.79999999701977,
    99.29999999701977
  ],
  "errors": [],
  "maxima": {
    "cold": 268.80000001192093,
    "refresh": 249.29999999701977,
    "menu": 100.70000000298023
  },
  "under500": true
}
