✔ METHOD-01 禁用时 verify 拒绝三类阶段选项及等号形式，且无副作用 (579.813125ms)
✔ deliver 和 accept 也不能夹带被禁用选项绕过 CLI 策略 (175.556375ms)
✔ 直接运行阶段记录 CLI 在解析或写入既有轨迹之前明确拒绝 (79.371917ms)
✔ 阶段记录 CLI 在创建新轨迹目录之前拒绝 (80.717959ms)
✔ 没有阶段选项的普通技术收据不被误禁用 (13.255542ms)
✔ 历史项目规则可继续被兼容读取，不删除轨迹模型 (12.3165ms)
✔ 无法读取项目策略时阶段入口失败关闭，不创建轨迹 (79.844833ms)
✔ 重复 METHOD-01 不允许通过歧义启用阶段工作流 (14.43975ms)
✔ 根 AGENTS RECEIPT-01 给出绑定任务边界的权威验证命令 (0.614542ms)
✔ verify 在任何检查前解析指令参数并采集前置指令上下文 (0.217042ms)
✔ 历史模型中仅提供可选 stage-trace 路径不改变必填性；现行 CLI 另受 METHOD-01 阻断 (0.103042ms)
✔ verify 在检查和 CodeGraph 后再次采集指令上下文并写入收据 (0.067584ms)
✔ readReceipt 通过任务收据 parser 校验外部 JSON (0.047542ms)
✔ deliver 和 accept 在远端操作前重新确认指令上下文 (0.054583ms)
✔ verify 拒绝把下一个选项误当作 output 或 task-boundary 的值 (235.644708ms)
✔ verify 拒绝必填参数的全空白值 (188.070458ms)
✔ verify 拒绝重复的 output、task-boundary 和通用值参数 (251.255625ms)
✔ 采集不含阶段轨迹的根 AGENTS 指令上下文 (1.547ms)
✔ 要求阶段轨迹时加入对应规则绑定且顺序稳定 (2.941875ms)
✔ 任务边界 trim 后为空时拒绝采集 (2.926083ms)
✔ 根 AGENTS 缺少稳定规则时拒绝采集 (3.197ms)
✔ 根 AGENTS 使用原始字节计算 SHA-256 (3.028667ms)
✔ 根 AGENTS 符号链接 realpath 逃逸工作区时拒绝采集 (2.92725ms)
✔ 根 AGENTS 即使指向工作区内文件也拒绝符号链接 (0.448ms)
✔ 根 AGENTS 缺失或不是常规文件时失败关闭 (2.386042ms)
✔ 根 AGENTS 在解析或安全打开后被替换时拒绝读取越界文件 (6.489208ms)
✔ parser 拒绝错误 algorithm、hash、未知及缺失规则绑定 (3.420334ms)
✔ parser 拒绝错误 source path 和规则字段映射 (1.005042ms)
✔ parser 拒绝乱序的核心规则绑定 (4.297083ms)
✔ 当前断言会重新采集并拒绝原始 AGENTS 字节变化 (3.755333ms)
✔ 仅阶段轨迹要求变化也会使当前断言失效 (3.874ms)
✔ 章节重排仍可采集稳定规则，重复规则拒绝 (3.070042ms)
✔ 历史标题绑定可读取但不能冒充当前收据 (2.769042ms)
✔ 完整技能调用、实现、两阶段审查和最终验证轨迹通过 (23.01375ms)
✔ 桌面端 exec 包装中的真实成功 SKILL.md 读取可作为技能调用证据 (7.96175ms)
✔ 桌面端 exec 包装仍拒绝回显伪造和失败读取 (1.837458ms)
✔ 桌面端 exec 外层完成但嵌套命令退出码非零时拒绝技能调用证据 (0.389333ms)
✔ 请求中只出现技能名称不能冒充实际技能调用 (7.355041ms)
✔ 两阶段审查要求缺少任一阶段时失败 (7.726042ms)
✔ 必需阶段轨迹缺少触发原因时失败 (9.483167ms)
✔ 追加阶段事件保留已有轨迹并拒绝缺少证据引用 (11.575583ms)
✔ 阶段轨迹拒绝逆序、非法时间和不存在的证据 (11.366291ms)
✔ 技能、产物、审查和验证证据必须绑定声明对象 (2.993292ms)
✔ 技能读取结果必须精确绑定同一 call_id (0.462167ms)
✔ 技能读取退出码不能由标准输出伪造 (0.292458ms)
ℹ tests 45
ℹ suites 0
ℹ pass 45
ℹ fail 0
ℹ cancelled 0
ℹ skipped 0
ℹ todo 0
ℹ duration_ms 1220.967583
