✔ 默认 staged 使用暂存路径和内容，并保留 HEAD 基准 (126.743ms)
✔ staged 对象在解析时固定，之后再次 git add 或重置不影响已有 scope (200.86325ms)
✔ worktree 以实际文件为结果，覆盖暂存和未暂存的最终状态 (120.063083ms)
✔ 显式 paths 只选择任务文件，其他 dirty 和 untracked 均记录为排除 (101.161125ms)
✔ branch 从共同祖先比较提交内容，不读基准分支后续提交或工作区差异 (241.132541ms)
✔ branch 的 HEAD 对象也在解析时固定 (233.741667ms)
✔ worktree --base 合并已提交变化和当前文件，基准仍为共同祖先 (170.766417ms)
✔ workflow --base 传给子门禁，不能丢掉已提交路径或被旧环境污染 (246.217208ms)
✔ worktree 正确包含未跟踪文件和删除，缺失侧返回 null (125.906167ms)
✔ 重命名以旧路径删除和新路径新增分别覆盖，中文路径不被 Git 引号转义 (113.965917ms)
✔ --all 是显式 worktree 别名，可与 paths 组合但不能混用 scope (115.979833ms)
✔ 非法参数、缺值、未知 scope、重复参数和 branch 缺 base 全部拒绝 (104.964125ms)
✔ 路径越界、空段、重复路径、非变更路径及无效引用均拒绝 (490.117834ms)
✔ 工作区指向仓库内、仓库外文件和符号链接目录的路径都拒绝 (79.029959ms)
✔ 悬空符号链接不能被误当成普通删除或不存在文件 (77.815125ms)
✔ 暂存符号链接、基准符号链接和子模块对象不能作为文本读取 (137.3365ms)
✔ 受管路径覆盖全部运行源码和 HTML 入口，审查记录位置明确 (0.114917ms)
✔ 暂存区存在未解决合并冲突时不得选取某一侧冒充最终源码 (161.207833ms)
list page governance passed: worktree, checked 1 changed pages, excluded 1 paths
list page governance passed: worktree, checked 1 changed pages, excluded 2 paths
list page governance passed: staged, checked 1 changed pages, excluded 0 paths
list page governance passed: branch, checked 1 changed pages, excluded 0 paths
list page governance passed: worktree, checked 1 changed pages, excluded 0 paths
list page governance passed: worktree, checked 1 changed pages, excluded 0 paths
✔ 历史标题文案和静态外观类可比较为非结构修正 (18.175709ms)
✔ 数量公式变化即使声明契约无也不能走历史局部例外 (2.995458ms)
✔ 业务数值变化即使声明契约无也不能走历史局部例外 (1.019ms)
✔ HTML 内硬编码数量变化即使声明契约无也不能走历史局部例外 (1.295083ms)
✔ 现场单位变化即使声明契约无也不能走历史局部例外 (2.583917ms)
✔ 表头列数变化即使声明契约无也不能走历史局部例外 (1.040583ms)
✔ 按钮删除变化即使声明契约无也不能走历史局部例外 (1.621083ms)
✔ 标签结构变化即使声明契约无也不能走历史局部例外 (2.768166ms)
✔ 事件属性变化即使声明契约无也不能走历史局部例外 (2.822959ms)
✔ 路由地址变化即使声明契约无也不能走历史局部例外 (0.7ms)
✔ 元素标识变化即使声明契约无也不能走历史局部例外 (0.594042ms)
✔ 功能选择器 class变化即使声明契约无也不能走历史局部例外 (0.597209ms)
✔ 隐藏控件 class变化即使声明契约无也不能走历史局部例外 (0.585416ms)
✔ 任意值 class变化即使声明契约无也不能走历史局部例外 (1.429ms)
✔ 文本清空变化即使声明契约无也不能走历史局部例外 (0.5095ms)
✔ 无法解析的源码不能证明为非结构修正 (0.613791ms)
✔ 中文数字的现场数量和被事件选择器复用的样式类也不能走外观例外 (1.174ms)
✔ 正负号、非穷举单位和日期符号变化均不能当作文案修正 (1.108209ms)
✔ 同一数量单元格分开的数字和单位仍完整冻结，其他单元格文案可修正 (1.810958ms)
✔ 没有数值的单位表头和独立单位不能放过，普通标题文案仍允许 (1.304042ms)
✔ 仅写契约无而没有页面证据不能放过历史局部修正 (0.702125ms)
✔ 仅有轻量记录而没有源码前后哈希不能放过 (0.53975ms)
✔ 旧基线哈希不能冒充本次修改前哈希，当前哈希也必须匹配 (2.777667ms)
✔ 重复或示例代码块中的历史局部证明不接受 (1.358ms)
✔ HTML 注释和四空格代码中的哈希表不能作为历史局部证明 (1.289958ms)
✔ 历史列表身份持续使用原始基线，本次比较使用实际前后源码 (1.914708ms)
✔ 未闭合 HTML 注释至 EOF 内的哈希证明无效 (0.440083ms)
✔ 新增列表须声明模式且实际调用标准组件，注释不能冒充调用 (20.031667ms)
✔ 本地同名函数和导出入口不可达的死函数不能冒充标准组件契约 (4.5095ms)
✔ 真实组件的丢弃调用和未使用 const 不构成返回页面的标准契约 (8.463667ms)
✔ 条件、逗号和对象取值仅使用实际返回链，未知动态表达式不能拼凑契约 (10.281333ms)
✔ 真实组件须进入表格和分页输出槽，其他属性不能补证 (3.043917ms)
✔ 真实页面入口不能由未调用的导出 helper 或另一个页面代为通过 (2.683833ms)
✔ 真实标准组件允许 import 别名及导出入口可达的本地 helper (0.872667ms)
✔ 跨文件 renderer 和实际调用回调的 wrapper 使用传入的同版本源码证明 (5.788667ms)
✔ 现有直接列表、回调 wrapper、共享 factory 与缓存 renderer 保持真实标准组件契约 (124.875875ms)
✔ 遗漏范围的 dirty wrapper 不能凑齐页面契约，已提交依赖仍可使用 (251.835459ms)
✔ export const 页面可识别，历史列表不能更改模式伪装为详情页 (0.787375ms)
✔ 页面模式和无分页声明仅接受真实独立行注释，字符串及模板注释不能伪造 (6.742916ms)
✔ worktree 显式任务范围仅验当前页面，忽略未选中的错误页面和基线篡改 (170.234916ms)
✔ staged 检查源码与记录都来自暂存区，不受工作区后续修改影响 (154.96625ms)
✔ staged 中的行为改变不能用工作区已修正文案和记录掩盖 (173.445583ms)
✔ branch 范围读取提交内容，base 范围与证据哈希一致 (166.492208ms)
✔ 运行检查不写回历史基线 (134.269625ms)
✔ 不能只移除未迁移页面的基线身份，迁移或删除后才可移除 (223.188584ms)
✔ 新列表不能通过更改导出函数命名绕过声明及标准契约 (138.151625ms)
✔ 特殊 CLI 参数必须单独使用，不能吞掉真实范围检查参数 (524.300666ms)
ℹ tests 65
ℹ suites 0
ℹ pass 65
ℹ fail 0
ℹ cancelled 0
ℹ skipped 0
ℹ todo 0
ℹ duration_ms 2933.862583
