✔ 不能删除模式降级为历史交付 (5.821667ms)
✔ 空版本不能吞下一行 (1.682625ms)
✔ 不能保留待填写自查行 (0.492334ms)
✔ 通过自查也必须有实质证据 (0.20925ms)
✔ 自查不适用必须有具体理由 (0.206542ms)
✔ 拒绝模板版本原文 (0.265042ms)
✔ 拒绝模板证据原文 (0.193625ms)
✔ 重复页面节不能藏空值 (0.111333ms)
✔ 重复影响节不能掩盖冲突 (0.112375ms)
✔ 重复可见影响字段不能掩盖冲突 (0.149416ms)
✔ 重复命令不能掩盖失败 (0.1435ms)
✔ 命令不能以通过前缀掩盖失败 (0.53125ms)
✔ 不能把无理由不适用作为性能依据 (0.153292ms)
✔ 不能只提供旧规则作为本次基线 (0.27275ms)
✔ 编号与无编号标题得到相同当前交付结果 (0.242083ms)
✔ 按原子需求引用既有矩阵作为自查证据 (0.110625ms)
✔ 未关联本次受管文件的历史记录不被强制升级 (0.136ms)
✔ 空影响值不能吞下一行 (0.122458ms)
✔ 重复同值版本也必须明确唯一 (0.156167ms)
✔ 例外声明不能有无并存 (0.124625ms)
✔ 例外不能保留模板待填说明 (0.121208ms)
✔ 自查不能遗留未验证结果 (0.109ms)
✔ 缺少表格行末分隔符不能静默截断证据 (0.112709ms)
✔ 最终结论不适用不能关闭交付 (0.295ms)
✔ 隐藏注释不能替代页面证据 (0.468875ms)
✔ 代码示例不能替代页面证据 (0.354875ms)
✔ 同一路径的重复记录不能产生多份事实 (0.241208ms)
✔ 技术声明不能只靠 git diff --check (0.470833ms)
✔ 技术声明不能只靠 npm run check:prototype-design-governance (0.283917ms)
✔ 技术声明不能只靠 npm run check:list-page-governance (0.490083ms)
✔ 技术声明不能只靠 npm run workflow:verify (0.318083ms)
✔ 技术声明不能只靠 npm run lint (0.270458ms)
✔ 技术声明不能只靠 pnpm run format:check (1.088541ms)
✔ 技术声明不能只靠 npx prettier --check src/pages/example.ts (0.241209ms)
✔ 技术声明有专项通过仍不能省略契约结果证据 (0.214084ms)
✔ 技术声明专项契约与结果证据通过 (0.083209ms)
✔ 未闭合 HTML 注释内的整份记录不能作为当前证据 (0.175167ms)
✔ 未闭合 HTML 注释中的尾部页面证据不能使可见变更通过 (2.426792ms)
✔ 闭合 HTML 注释后的有效正文仍可作为当前证据 (0.285208ms)
✔ 技术模式不能用可选最终结论藏失败 (0.32125ms)
✔ 验证命令不能使用空泛结果：不适用（无） (0.354042ms)
✔ 验证命令不能使用空泛结果：不适用（   ） (0.271042ms)
✔ 验证命令不能使用空泛结果：不适用：待填写具体原因 (0.140625ms)
✔ 不能省略基本信息 (0.1485ms)
✔ 空日期不能取下一个字段 (0.080916ms)
✔ 日期必须为有效日历日期 (0.084792ms)
✔ 日期不能是缩写格式 (0.073209ms)
✔ 日期必须唯一 (0.076584ms)
✔ 任务编号不能留模板值 (0.082791ms)
✔ 验证人不能未定 (0.076542ms)
✔ 验证人不能缺失 (0.085125ms)
✔ 验证人重复不能遮盖责任冲突 (0.084208ms)
✔ 路径碰巧含 AGENTS.md 不能作为规范引用 (0.142125ms)
✔ 相同文件名的外部链接不是项目规范 (0.127583ms)
✔ 同名子文件不能替代根规范 (0.130875ms)
✔ 证据字段中提及规范不替代独立引用 (0.104625ms)
✔ 有效闰日元数据和真正根规范相对链接通过 (0.147416ms)
✔ 模板头的精确规范引用可使用且不要求额外章节 (0.099084ms)
✔ 技术模式同样必须有实际执行者 (0.10625ms)
✔ 命令结果必须是确定枚举，不能在通过后追加声明：通过（本次未运行） (0.120167ms)
✔ 命令结果必须是确定枚举，不能在通过后追加声明：通过，但实际执行失败 (0.103375ms)
✔ 命令结果必须是确定枚举，不能在通过后追加声明：通过（12/12） (0.082542ms)
✔ 命令结果必须是确定枚举，不能在通过后追加声明：通过	未运行 (0.0935ms)
✔ 命令结果必须是确定枚举，不能在通过后追加声明：通过 (实际未执行) (0.091625ms)
✔ 缩进代码中的字段和表格不能作为有效记录："    " (0.229292ms)
✔ 缩进代码中的字段和表格不能作为有效记录："\t" (0.072666ms)
✔ 缩进代码中的字段和表格不能作为有效记录："  \t" (0.069917ms)
✔ 单独缩进的自查表也不是可执行的检查结论 (0.208208ms)
✔ 合法的两空格列表缩进不被当作代码块 (0.128458ms)
✔ 受管文件没有影响声明或审查记录时失败 (3.29375ms)
✔ 只有无关记录时失败 (0.652083ms)
✔ 有用户可见影响但缺少完整验证时失败 (1.793167ms)
✔ 验证命令没有明确结果时失败 (0.383709ms)
✔ 完整用户可见审查记录通过 (0.869459ms)
✔ 无用户可见影响只需简版声明和技术验证 (0.357542ms)
✔ 无用户可见影响声明缺少有效依据时失败 (1.009375ms)
✔ 无用户可见影响不能只用治理脚本自证 (0.786959ms)
✔ 旧格式只能历史读取，不能作为当前交付 (0.477ms)
✔ 轻量可见变更有五项和页面证据，不强制完整产品矩阵 (1.127375ms)
✔ 轻量不能缺真实页面证据 (0.345333ms)
✔ 轻量不能缺保留范围 (0.19125ms)
✔ 轻量不能承载契约变化 (1.348792ms)
✔ 性能失败不能因轻量通过关闭 (0.591625ms)
✔ 性能不适用必须有依据 (0.460333ms)
✔ 轻量不能改称无可见影响 (0.412542ms)
✔ 未知记录模式不能降级绕过 (0.126583ms)
✔ 完整记录最终不通过不能被覆盖检查当作通过 (0.208708ms)
✔ 完整记录最终有条件通过不能被覆盖检查当作通过 (0.113542ms)
✔ 仅列已失败的验证命令不能通过 (0.17025ms)
✔ 同一文件多个冲突记录不能用首个通过记录掩盖失败 (0.261167ms)
✔ 新完整模式必须携带页面证据和性能结论 (0.405ms)
✔ 重复性能结论不能隐藏失败 (0.097792ms)
✔ 重复最终结论不能隐藏失败 (0.134083ms)
✔ 无可见影响不能用不适用命令冒充已执行技术验证 (0.143625ms)
✔ 同一路径的可见影响声明不得互相冲突 (0.163125ms)
ℹ tests 95
ℹ suites 0
ℹ pass 95
ℹ fail 0
ℹ cancelled 0
ℹ skipped 0
ℹ todo 0
ℹ duration_ms 235.239041
