✔ 基线到当前 HEAD 的已提交变更仍进入检查路由 (111.279ms)
✔ 已提交和暂存删除都进入变更路径 (97.23175ms)
✔ 显式验证路径不能遗漏实际变更 (43.393834ms)
✔ Git 开启路径转义时仍保留中文受管路径 (88.743292ms)
✔ 收据和子门禁对重命名、字面箭头文件名以及撤销提交保持同一范围 (181.871417ms)
✔ 默认 staged 使用暂存路径和内容，并保留 HEAD 基准 (104.611125ms)
✔ staged 对象在解析时固定，之后再次 git add 或重置不影响已有 scope (109.777042ms)
✔ worktree 以实际文件为结果，覆盖暂存和未暂存的最终状态 (88.525917ms)
✔ 显式 paths 只选择任务文件，其他 dirty 和 untracked 均记录为排除 (80.146458ms)
✔ branch 从共同祖先比较提交内容，不读基准分支后续提交或工作区差异 (207.749375ms)
✔ branch 的 HEAD 对象也在解析时固定 (148.74875ms)
✔ worktree --base 合并已提交变化和当前文件，基准仍为共同祖先 (134.8395ms)
✔ workflow --base 传给子门禁，不能丢掉已提交路径或被旧环境污染 (192.626916ms)
✔ worktree 正确包含未跟踪文件和删除，缺失侧返回 null (83.572625ms)
✔ 重命名以旧路径删除和新路径新增分别覆盖，中文路径不被 Git 引号转义 (92.681583ms)
✔ --all 是显式 worktree 别名，可与 paths 组合但不能混用 scope (70.505375ms)
✔ 非法参数、缺值、未知 scope、重复参数和 branch 缺 base 全部拒绝 (51.284834ms)
✔ 路径越界、空段、重复路径、非变更路径及无效引用均拒绝 (362.402084ms)
✔ 工作区指向仓库内、仓库外文件和符号链接目录的路径都拒绝 (75.641416ms)
✔ 悬空符号链接不能被误当成普通删除或不存在文件 (77.418625ms)
✔ 暂存符号链接、基准符号链接和子模块对象不能作为文本读取 (135.990167ms)
✔ 受管路径覆盖全部运行源码和 HTML 入口，审查记录位置明确 (0.119ms)
✔ 暂存区存在未解决合并冲突时不得选取某一侧冒充最终源码 (144.648125ms)
ℹ tests 23
ℹ suites 0
ℹ pass 23
ℹ fail 0
ℹ cancelled 0
ℹ skipped 0
ℹ todo 0
ℹ duration_ms 2258.14825
