
> higoods-vanilla-clone@1.0.0 test:unit
> node --import tsx --test tests/unit/*.test.ts

✔ 浏览器存储封装保持读写删除语义 (0.44075ms)
✔ 浏览器存储不可用或抛错时保持静默降级 (0.087708ms)
(node:11187) ExperimentalWarning: localStorage is not available because --localstorage-file was not provided.
(Use `node --trace-warnings ...` to show where the warning was created)
✔ MIG-001/002/006: management entry and handlers belong to FCS; PFOS keeps execution (1.749292ms)
✔ MIG-003/007: prep and execution read the same early order identities, quantities and match status (3486.76525ms)
✔ MIG-004/009: migrated dialogs retain candidate fields, actual material image and task outputs (0.711458ms)
✔ MIG-011: management and execution use the same seven business display columns (7.512166ms)
✔ MIG-007: early dye/print creation and cancellation survive reload (3249.916875ms)
✔ 解析带标签、小数和空格的长度数量 (3.118417ms)
✔ 解析卷数并对不合法文本返回 0 (0.307833ms)
✔ 证据文件标识把连续空白收口为单个连字符 (1.123209ms)
(node:11190) ExperimentalWarning: localStorage is not available because --localstorage-file was not provided.
(Use `node --trace-warnings ...` to show where the warning was created)
✔ 设计改款可成批生成染色和印花加工单，且完整投影来源与上下游 (1734.91625ms)
✔ 设计改款加工单生成幂等，重复请求不增加单据 (11.625708ms)
✔ 同一设计改款任务的不同颜色和 BOM 行分别生成加工单 (4.4945ms)
✔ 成批提交失败时染色与印花加工单一起回滚 (4.919125ms)
✔ 设计改款来源缺关键引用或来源未知时必须阻断 (0.161417ms)
(node:11191) ExperimentalWarning: localStorage is not available because --localstorage-file was not provided.
(Use `node --trace-warnings ...` to show where the warning was created)
✔ 设计改款加工单等待买手审核成果，绑定真实附件后才可安排，先染后印继续受前序交出约束 (677.124542ms)
✔ 专业成果没有真实附件时保持未绑定 (17.935458ms)
(node:11192) ExperimentalWarning: localStorage is not available because --localstorage-file was not provided.
(Use `node --trace-warnings ...` to show where the warning was created)
✔ 可打印不等于可建交出单，必须完成真实标签打印 (2.100916ms)
✔ 卷规格无效时不可建交出单，且不改变原可打印判定语义 (0.206875ms)
✔ 人工完成印花加工单不再自动填充操作人 (396.180292ms)
✔ 日报窗口含截止日7天，重点日均独立使用前6天 (1.19775ms)
✔ 未知采购不填0，未BOM不输出完整确定订单需求 (0.312125ms)
✔ 突变必须绝对量与比例同时达到阈值 (0.132334ms)
✔ 截止日突变示例与未完结日不判定 (0.118459ms)
✔ 共享商品按SPU去重而不按关联行累加销量 (0.194084ms)
✔ 预选不产生确定用料；BOM需求保留物料归属 (0.506625ms)
✔ 同料BOM优先于预选，不重复关系及需量 (0.233708ms)
✔ 两个业务页具有独立容器、标准分页与证据边界 (16.473375ms)
✔ 未进入物料页面时 bridge 不加载业务；加载失败重试后首次渲染即已注册 (7.185833ms)
✔ click 分组顺序、短路、选择器范围保持原行为，重新注册替换旧处理器 (1.827167ms)
✔ 备料写入守卫读取实时角色与水位，阻断时不调用业务处理器 (0.8355ms)
✔ input/change/keyboard 原入口、筛选范围和 change 优先级完整保留 (0.364208ms)
✔ health groups are exhaustive and mutually exclusive in demo (0.764333ms)
✔ coverage and baseline use same inventory plus transit but distinct demand windows (0.070125ms)
✔ zero demand is unavailable rather than infinity and huge finite quotient stays finite (0.084459ms)
✔ date selects different consistent snapshot (0.088666ms)
✔ threshold changes alter classification without changing facts (0.062542ms)
✔ health view carries core P1 business sections and mock caveat (12.594875ms)
✔ AT16 rules do not substitute brand, size or packaging method (0.805042ms)
✔ AT24 equal priority conflict blocks resolution and identifies rules (0.680166ms)
✔ higher explicit priority resolves a lower priority overlap (0.109208ms)
✔ plans distinguish garments and parcels and add loss once (0.267292ms)
✔ AT18 white pendant stock only allocated once (0.145ms)
✔ event duplicate and old revision do not add consumption; reprints are activity only (0.223042ms)
✔ conflicting same revision fails instead of silently choosing a payload (3.748333ms)
✔ AT17/19/20 panel states unresolved ASAYA, independent kit80 and unknown ribbon (0.285208ms)
✔ trigger distinct from target, existing supply produces explainable zero (0.5715ms)
✔ missing mapping or usage and incompatible raw unit block unsafe generation (0.17125ms)
✔ generation reserves remaining once and shared raw pool across target rules (1.257375ms)
✔ production does not increase stock; actual SKU and output bound partial receipts (0.393416ms)
✔ cancelled suggestion releases commitment and raw allocation (0.176834ms)
✔ AT05 committed greige is not available for a second allocation (0.433333ms)
✔ AT06 partial receipt reduces expected supply; checking and qualified never duplicate (0.298458ms)
✔ AT07 unmapped target preserves quantities but gives no target coverage (0.077875ms)
✔ §7.2 loss reduces future supply; rejected receipts never become usable (0.056458ms)
✔ §7.3 unit/yield/route and conservation gaps block deterministic supply (0.095833ms)
✔ §7.3 candidate comparison reports remaining shortage and respects arrival deadline (0.127167ms)
✔ §7.3 zero gap stays zero and nonfinite inputs cannot produce advice (0.047083ms)
✔ panel uses owned local handlers and discloses mock and missing images (1.625709ms)
✔ P2 coefficients and coverage exclude transit (9.759208ms)
✔ P2 coverage buckets have exclusive shared boundaries (1.065375ms)
✔ P2 partial receipts and completed batches count remaining only (0.145ms)
✔ P2 latest overdue selected only if no future batch; today included (0.180333ms)
✔ P2 search transit and ETA filters compose (0.151209ms)
✔ P2 zero demand and missing BOM preserve distinct nulls; micro demand excluded (0.068208ms)
✔ P2 standard table renders and limits initial rows to first page (5.407625ms)
✔ AT01/02 internal reservation stays in coverage while external reservation is deducted (11.2285ms)
✔ AT03 quality segments are not usable (0.183834ms)
✔ AT04 partial receipt leaves remaining supply only (0.183541ms)
✔ AT08/38 late supply never erases earlier shortage (0.142875ms)
✔ AT09 intermediate deficit determines net need rather than positive closing balance (0.128417ms)
✔ AT10 MOQ and pack rounding, zero stays zero (0.112ms)
✔ AT11 horizon begins at cutoff and is not expanded by lead time (0.140625ms)
✔ AT12 forecast covered by confirmed demand is excluded before coefficient (0.115792ms)
✔ AT13 no demand has no numeric coverage (0.100417ms)
✔ AT14 cancelling demand does not change stock (0.146375ms)
✔ AT15 latest event revision only (0.378583ms)
✔ AT16/17 directory preserves bag sizes and ASAYA duplicated input is one unresolved SKU (0.083375ms)
✔ AT18 three brands draw from one shared pool (0.109917ms)
✔ AT19/20 kit capacity respects minimum and missing conversion (0.053542ms)
✔ AT21 inactive/unusable stock remains physically visible (0.088834ms)
✔ AT23 affected order identifiers are unique (0.09875ms)
✔ AT25/26 draft does not mutate active and invalidates trial (0.06275ms)
✔ AT26/28 publish requires role and exact trial; history retained (0.18175ms)
✔ AT31 risk cannot close with remaining shortage or skip verification (0.159708ms)
✔ AT37 invalid dates, unknown timezone, bad numeric values rejected (0.080292ms)
✔ duplicate supply chain does not double count and blocks deterministic advice (0.085459ms)
✔ warehouse catalogue includes 17 locations and two garment warehouses (0.036041ms)
✔ candidate comparison retains pre-arrival risk (0.27625ms)
✔ SKU-specific policy wins and duplicate rules block publish (0.121833ms)
✔ 路由标准化移除 query 与 hash，但不改动路径 (0.72725ms)
✔ 只匹配路由根或其子路径，不误匹配相似前缀 (0.224958ms)
✔ 可在多个合法根路径中匹配一个 (0.249416ms)
✔ 只把完整生产确认单打印路由识别为命中 (0.217667ms)
✔ 物流商新增字段保存回显并写入操作日志 (2.750958ms)
✔ 物流商数字字段非负校验与运输方式枚举校验 (0.229917ms)
✔ 渠道新增字段保存回显，条件计费字段按计费方式保留 (0.351833ms)
✔ 整柜渠道不要求新增计费字段，仍要求四箱型完整配置 (0.115292ms)
✔ 渠道数字字段非负与时效区间校验 (0.105833ms)
✔ 头程批次聚合展示总箱数、总重量、总体积与转运天数 (0.402375ms)
✔ 工序链按保存顺序生效，合法工序集合固定，非法或重复工序被拒 (3.356708ms)
✔ 坯布 SKU 必填，坯布库存为 0 时调拨资格被拒，补足后恢复 (0.770708ms)
✔ 采购单按勾选 SKU 生成明细，数量与枚举非法被拒 (0.329666ms)
✔ 调拨单可选择调出仓库与调入目标，同步生成加工单号链 (0.409708ms)
✔ 批量刷新库存更新全部监控行与刷新时间并写日志 (0.46975ms)
✔ 手动添加监控 SKU 校验 SKU 必填与重复，添加后进入列表 (0.323542ms)
✔ 物料申报扩展字段保存回显，26 项特殊属性按数组保存 (2.264542ms)
✔ 报关扩展：法定第二计量单位与数值，不报关分支跳过必填校验 (0.171833ms)
✔ BOM 业务选项与价格/成本、工厂、布料字段保存回显 (0.601833ms)
✔ 主体经营 9 项成本明细加调整重算总成本，数据缺失提醒可消除 (0.294417ms)
✔ 供应商从草稿到启用遵循状态机，名称唯一 (3.00975ms)
✔ 供货档案包装换算与快照版本 (0.409042ms)
✔ 物料全部有真实图片，采购补充信息可更新且不新增删除 (0.600917ms)
✔ 成衣与样衣 SKU 只读列表数据完整 (0.082791ms)
✔ 仓库同步更新时间，单位字典唯一且不可删除只可启停 (0.271333ms)
✔ BOM 用量可修改，说明可保存，发布后可生成面辅料需求 (1.2ms)
✔ 面辅料需求种子就绪且可按物料行下推采购单 (5.243791ms)
✔ 快递信息导入校验采购单存在、单号唯一、日期与数量合法 (0.782916ms)
✔ 国内签收、加入头程、状态推进与到仓自动签收 (0.9505ms)
✔ 供应商确认单需标签齐备，确认后回写采购单 (0.513042ms)
✔ 整柜渠道必须完整配置四个箱型，物流商可启停 (0.257125ms)
✔ 面辅料采购单可带原因关闭，关闭后不能再登记到货 (0.154709ms)
✔ 库存监控触发线与建议量公式，规则异常阻断建单 (2.39575ms)
✔ 建单数量不得超过建议量，调拨与采购资格分别阻断 (0.284916ms)
✔ 中转看板指标、分布与筛选跳转规则 (0.3325ms)
✔ 生产单校验与配料任务只读数据完整，系统设置结果为 8/6/10 (0.091708ms)
✔ 种子采购单按 SRM 生成器规律补齐单据级与明细级字段 (0.669417ms)
✔ 新建做货采购单保存采购专员、加急、首单、区域与明细字段并可回显 (1.968125ms)
✔ 未传新增字段时沿用默认值并保持既有命令兼容 (0.237584ms)
✔ 采购专员必填、做货必须选区域、重量非负均抛出中文 PmsDomainError (0.521167ms)
✔ 编辑采购单保存新增字段并回显，非法输入被阻断 (0.632959ms)
✔ BOM 状态与 bomMatched 一致，未发布 BOM 的做货明细为未匹配 (0.373791ms)
✔ 行采购金额使用 roundPmsQty 且汇总等于逐行金额之和 (0.3ms)
✔ 采购建议按缺口公式与折扣计算，并计入有效 KOL 申请 (0.690458ms)
✔ KOL 草稿与已驳回不计入建议缺口 (0.090708ms)
✔ 建议转采购单后写回已转数量与部分生成状态 (2.000584ms)
✔ 面辅料需求按 BOM 用量与损耗扣减库存和采购中 (0.477167ms)
✔ 重复生成、草稿采购单与非做货采购单均被阻断 (0.101959ms)
✔ KOL 单条超量需要二次确认，超过申请量直接阻断 (0.247ms)
✔ 驳回 KOL 需求后不再计入建议缺口 (0.099791ms)
✔ 关闭采购单必须填写原因且已关闭不可重复关闭 (0.619667ms)
✔ 主体经营明细总成本、毛利与毛利率公式 (1.177375ms)
✔ 面辅料对账：预计/实际双层公式，费用项与差异双重门禁 (2.069542ms)
✔ 面辅料费用项部分确认、批量确认与编辑失效 (0.446667ms)
✔ 请款草稿跨页创建、请款与付款上限、编辑范围 (0.559875ms)
✔ 物流实际费用 12 列导入校验、不自动确认与确认后锁定 (0.401167ms)
✔ 请款单作废释放来源对账，已有付款不能作废 (0.200708ms)
✔ 供应商账单 9 列导入覆盖实际层且不自动确认 (0.242791ms)
✔ 金额大写按 RMB 规则输出并覆盖跨节零 (0.117334ms)
✔ 生成卷号按前缀、每卷米数、重量与起始序号生成并写入包装明细 (4.104792ms)
✔ 生成卷号时尾卷承载剩余数量，卷数按采购数量与每卷米数自动取整 (0.964084ms)
✔ 非法卷号参数被拒绝并抛出中文域错误 (0.672875ms)
✔ 生成标签后二维码内容包含卷号与箱规，参与打印 (0.564625ms)
✔ 箱规新增自动计算体积，重复箱号与非法尺寸被拒，删除后计数正确 (0.566709ms)
✔ 包装明细可新增与删除，非法输入被拒且删除后计数正确 (0.516458ms)
✔ 被包装明细引用的箱规不能删除 (0.211542ms)
✔ 供应商枚举与 SRM 完全一致，旧枚举不再出现 (0.687167ms)
✔ 种子字段满足 SRM 枚举且协同指标为数字 (0.12175ms)
✔ 新增字段保存并回显，成功命令写入操作日志 (0.985667ms)
✔ 编辑保存新增字段并保持状态机与事件名不变 (0.177625ms)
✔ 非法或缺失输入抛 PmsDomainError 且不写入数据 (0.209917ms)
✔ 详情与列表展示新增字段、SRM 枚举与协同指标 (13.247209ms)
(node:11222) ExperimentalWarning: localStorage is not available because --localstorage-file was not provided.
(Use `node --trace-warnings ...` to show where the warning was created)
✔ RETURN-010: only the acceptance week Sunday is skipped, for every starting weekday (0.62225ms)
✔ RETURN-004—010: both projections share counting dates and ceil targets (0.291166ms)
(node:11223) ExperimentalWarning: localStorage is not available because --localstorage-file was not provided.
(Use `node --trace-warnings ...` to show where the warning was created)
✔ 实际耗时跨周日仍按真实时间差；没有可靠时间不造耗时 (0.442959ms)
✔ 每任务都达成才结束；同一来源去重，作废明细不影响主表 (0.143917ms)
✔ 耗时页 Mock 至少覆盖九张生产单和全部节点，且下游事实不会越过未完成的前置节点 (658.976083ms)
✔ 裁片放行按一张放行单内的多次放行展示并选取节点起止时间 (24.581833ms)
(node:11224) ExperimentalWarning: localStorage is not available because --localstorage-file was not provided.
(Use `node --trace-warnings ...` to show where the warning was created)
✔ EXC-001—004: a reference mark cannot change debt, strict kits or final task responsibility (4.699ms)
(node:11225) ExperimentalWarning: localStorage is not available because --localstorage-file was not provided.
(Use `node --trace-warnings ...` to show where the warning was created)
✔ 派单新增主档工厂可登记承接关系，未知工厂仍阻断 (1.4315ms)
✔ 专属任务保留整单身份、数量和接收方，工艺分支保留全部前置关系 (2.829ms)
✔ 原生产单车缝任务仍可被 PPIC 分配与责任移交识别，SKU 总量完整 (5.724125ms)
(node:11226) ExperimentalWarning: localStorage is not available because --localstorage-file was not provided.
(Use `node --trace-warnings ...` to show where the warning was created)
✔ VERIFY-003: dispatch reads keep all documents and independent copies without projecting unrelated business views (410.108166ms)
(node:11227) ExperimentalWarning: localStorage is not available because --localstorage-file was not provided.
(Use `node --trace-warnings ...` to show where the warning was created)
✔ PERF-002/004: scoped receiving reads preserve direct receipts and allocations, without exposing mutable facts (11.218625ms)
✔ PERF-002/004: a synchronous relation read matches independent reads and releases its scope after errors (651.423583ms)
✔ PERF-004: batched print list reviews and handovers equal independently read facts (226.842166ms)
✔ PERF-004: scoped handovers keep canonical sorting and task point reads preserve identity (5.517417ms)
✔ PERF-004: reusing warehouse documents preserves each dye order source, quantity and receiver (153.974125ms)
(node:11228) ExperimentalWarning: localStorage is not available because --localstorage-file was not provided.
(Use `node --trace-warnings ...` to show where the warning was created)
✔ craft source selection preserves all previous source choices and isolated snapshots (19.196917ms)
✔ source eligibility is re-evaluated after a source order changes (0.283375ms)
(node:11230) ExperimentalWarning: localStorage is not available because --localstorage-file was not provided.
(Use `node --trace-warnings ...` to show where the warning was created)
✔ 验收数据至少包含 5 张染色和 5 张印花提前加工单，并覆盖全部匹配状态 (1282.969667ms)
✔ 印花专业成果把多张图片和多个文件统一保存在同一附件集合 (0.135333ms)
✔ 同一生产需求可手动选择具体专业任务，创建结果保存所选任务与全部成果附件 (88.527ms)
✔ 创建提前加工单必须选择所属专业任务并明确加工厂 (0.491041ms)
✔ 计划加工数量包含损耗率，且染色印花投入与产出 SKU 必须不同 (0.127833ms)
✔ 专业成果未审核通过时不可创建提前加工单 (0.108208ms)
✔ 多个生产需求合并为一张生产单时，可匹配多张提前染色加工单 (42.594417ms)
✔ 等待技术包的提前单在技术包就绪后可由同一匹配服务自动重试 (11.706791ms)
✔ 合并生产单中只有部分需求有提前单时，只为未覆盖需求补建剩余数量 (96.38375ms)
✔ 已有提前单但正式 BOM 或 SKU 不一致时进入异常，且不重复补建同一工艺单 (74.631375ms)
✔ 取消后重建保留旧单，并建立双向替代关系 (1.934042ms)
✔ 没有提前加工单的需求仍保留正式加工单快照 (4.321666ms)
✔ BOM uses formally reduced quantity and leaves unsupported conversion unknown (0.707833ms)
✔ reuse retains one shared source instance and adds no duplicate processing duration (0.23875ms)
✔ a new rework/recheck round extends the dependency path two days and conserves qualified pieces (0.082041ms)
✔ date-only source is not coerced to a precise instant or exact deadline (0.085291ms)
✔ known order shipment can be timed without crediting an unknown production source (0.071167ms)
✔ waiting for actual fulfillment can be overall late while factory completion stays on time (0.061083ms)
✔ all six named cards render directly checkable evidence without changing production task facts (2.783041ms)
✔ all ten tasks have independent drill-down networks and one frozen aggregate snapshot (2.919ms)
✔ 31-item dependency recursion proves 24 natural days and shows the actual sum/max formula (0.929458ms)
✔ improving procurement by ten days only improves whole-task timing by one day (0.384625ms)
✔ network rejects circular/missing dependencies and unknown is never zero time (0.263416ms)
✔ each complete standard mock network and live forecast agrees with the task summary (2.232833ms)
✔ quantity forecast finds a one-day risk before any actual deadline is missed (0.374417ms)
✔ all-natural-day clock includes Sundays, preserves timezones, equality is on time and one second is late (0.091708ms)
✔ already-overdue outranks forecast missing; historical completion stops the clock (0.07325ms)
✔ upstream two-day delay and local catch-up pressure are distinct from current-team fault (0.067917ms)
✔ manual forecast is local, propagates both earlier and later dates, and never relaxes baseline (0.695709ms)
✔ saving a manual forecast refreshes all affected node labels without pretending capacity was increased (0.601416ms)
✔ zero capacity and stale progress never forecast zero remaining duration (0.1515ms)
✔ stock and purchase coverage do not imply factory readiness or a new purchase gap (0.143958ms)
✔ stock-only task still has transfer; purchased material must move beyond warehouse entry (0.058667ms)
✔ batch schedule conserves shared capacity and 90 percent occurs at a real batch event (0.132667ms)
✔ customer cancellation without production allocation does not reduce any task (0.108875ms)
✔ excess shipment of one SKU cannot hide shortage of another (0.098292ms)
✔ duplicate, out-of-order and corrected quantity events conserve the effective sum (0.111916ms)
✔ shared work is counted once while merged source tasks preserve independent T0 and deadlines (0.1305ms)
✔ orders enter analysis only from actual shipment and have their own clock (0.165542ms)
✔ region and supply mode select rules together, unpublished candidate rules never apply (0.160833ms)
✔ filters share exact aggregate scope and date windows are left-closed right-open (0.410459ms)
✔ Chinese UI defaults and all scope options filter the intended task population (0.657375ms)
✔ Chinese risk shortcut agrees with risk KPI and does not accidentally select completed or overdue tasks (0.237708ms)
✔ Chinese date-field labels use due date, start date and predicted completion respectively (0.200958ms)
✔ team and stage filters match applicable work nodes rather than only current task responsibility (0.110792ms)
✔ V3 team and factory must match the same node and empty all-scope still keeps a task (0.055166ms)
✔ V3 unknown shipment has no percentage and completed work without deadline is not on time (0.039416ms)
✔ 恢复预测保留不同工作和日期的顺序，只合并连续相同计算且不改写历史 (1.815125ms)
✔ 同一调拨动作按国家和供给方式命中不同预算，候选规则不参与匹配 (0.748084ms)
✔ 同优先级重叠命中必须冲突，明确更高优先级例外才可覆盖 (0.434375ms)
✔ 数量档边界不得跨档或用默认预算掩盖无规则 (0.079417ms)
✔ 子项七天而组上限五天阻断，网络不被截短也不在组外重复加预算 (0.137208ms)
✔ 并行分支取最大值，循环和缺失前置不得算成零天 (0.137167ms)
✔ 工厂实收映射须有明细与物流批次，入库不冒充到厂，重复事件不累加 (0.155542ms)
✔ 投入产出、单位或质量门槛不合规，不能放行下游 (0.088125ms)
✔ 新版本仅记录显式重算范围，不能顺延旧基线或考核截止 (0.408584ms)
✔ 默认演示配置没有阻断，会议候选必须以提示保留 (0.092083ms)
✔ 选定在途W19规则从1改3，本地路线24改26而原始/生效截止与实际事实不变 (3.472375ms)
✔ 在途发布同层冲突、缺规则、缺映射或事件边界变化都不生成覆盖 (0.328208ms)
✔ 发布覆盖可从初始快照恢复且重复应用幂等，未选任务不受影响 (1.884833ms)
✔ 未完成调拨预算增加后，预测沿下游传播；已完成上游事实仍原样 (0.739458ms)
(node:11234) ExperimentalWarning: localStorage is not available because --localstorage-file was not provided.
(Use `node --trace-warnings ...` to show where the warning was created)
✔ 首次来源读取只创建当前存在的缺口，历史从本次观察开始 (1.95475ms)
✔ 事项键由任务、工作与类型生成，中文说明变化不新增事项 (0.661125ms)
✔ 缺款图形成独立事项，增加地址不等于款色对应核验通过 (0.618542ms)
✔ 登记责任期限不修改事实或关闭事项，只有后续来源读取确认恢复 (0.951291ms)
✔ 同一恢复事实重复核对不制造历史，缺口复现重新打开且保留期限 (0.487875ms)
✔ 任务或工作未返回、数量已知性字段消失均不是恢复证据 (0.316875ms)
✔ 来源身份变更不能在同一次读取中把旧缺口标为恢复 (0.218125ms)
✔ 未结构化来源审核项不因文字消失自动关闭 (0.307333ms)
✔ 本地持久化保留独立事项、责任、期限和恢复历史 (0.410917ms)
✔ 本地损坏记录不伪造历史、不覆盖旧内容、不允许假保存 (1.8375ms)
✔ 责任、期限、调整原因必填；存储失败给出未保存结果 (0.750458ms)
✔ 数据待补按事项分页和筛选，提供独立登记及来源刷新入口 (4.097666ms)
✔ 事项按自身负责人和修复期限筛选，不借任务跟单替代 (0.574042ms)
✔ 空在途范围不展示历史演示日期压力图 (4.314917ms)
✔ 未知预算仍保留串并行和汇合箭头，位置不依赖日期 (7.9845ms)
✔ 下游未开工且前置未完的逾期归为等待；根卡点标出具体工作和全部后继 (2.127875ms)
✔ 取消和已完成不是当前卡点，数据缺口不当执行逾期 (1.158167ms)
✔ 已开工工作即使前置未完，也保留其来源责任逾期并提示核对 (0.874375ms)
✔ 卡点范围仍显示上游参照及所有受影响后继，不显示无关支路 (1.031958ms)
✔ 单据摘要默认展开来源核心字段，不只展示时效 (0.725084ms)
✔ 需求摘要指向已存在的需求列表，入口不冒称独立详情 (0.421291ms)
✔ 缺少单据不得生成虚构摘要或默认完成数 (0.355834ms)
✔ 已实收的有效结束满足前置，取消前置不会被视为供给完成 (0.55875ms)
✔ 质检不合格仍是放行卡点，不因检验时间存在变为可放行 (0.489958ms)
✔ 来源已有不合格检验结果但缺建立时间时，不因前置未完而隐藏本项卡点 (1.327625ms)
✔ 作废且不计时不等于前置已完成；来源已阻断是明确卡点 (2.15475ms)
✔ 已知工作预算齐备但范围未确认时，公式页不得称作全程标准 (2.410625ms)
✔ 暂停或受阻工作不因遗留结束时间而放行下游 (0.775375ms)
✔ 生产准备初始化按编号读取定义与完整目录逐值一致，保留不存在时的契约 (2.162375ms)
✔ 单定义读取的可编辑数组保持隔离，不污染其他任务读取 (0.431166ms)
▶ execution source relations retain full facts without unrelated cold initialization
  ✔ cold read resolves real runtime scope and leaves print/dye execution ledgers untouched (137.84225ms)
  ✔ scoped cold result equals original complete enumeration after the same actual ID resolution (1137.093792ms)
  ✔ production with print/dye uses all existing preparation facts and keeps unknown IDs unknown (50.773709ms)
  ✔ live explicit cross-order reference and cancellation facts survive scoped reading (20.283625ms)
  ✔ real persisted cancellation restores through the original validated path in a new process (896.776583ms)
  ✔ QC reads real fact quantities and renders explicit missing artwork without placeholder network dependency (113.33075ms)
✔ execution source relations retain full facts without unrelated cold initialization (2670.685084ms)
(node:11239) ExperimentalWarning: localStorage is not available because --localstorage-file was not provided.
(Use `node --trace-warnings ...` to show where the warning was created)
✔ production source time uses explicit Shanghai time and rejects date-only completion (0.61775ms)
✔ DDS tasks use demand identity and do not invent preparation, budgets, shipment quantities or orders (1.791875ms)
✔ source bindings require existing same-style preparation and published technical version (0.306625ms)
✔ reuse preserves its source/version and does not add past preparation duration (0.31625ms)
✔ explicit unneeded work is excluded but unconfirmed missing work remains a decision, never zero-day completion (0.214625ms)
✔ explicit dependencies preserve parallel entries and repeated processes instead of serial sorting (0.5535ms)
✔ missing explicit predecessors do not become confirmed parallel roots (0.211708ms)
✔ missing predecessor and material SKU discontinuity block route certainty without fabricated edges (0.243208ms)
✔ cyclic source dependency stays a blocking issue and source objects remain unchanged (0.27325ms)
✔ read snapshot uses all current demand records without private Mock tasks or automatic same-style preparations (35.02425ms)
✔ continuous material SKU edges stay confirmed while an unconfirmed route remains pending (0.205292ms)
✔ unverified reuse does not fabricate a completed zero-day result (0.129166ms)
✔ binding writes only the DDS association key and is reflected by the next read (15.737917ms)
✔ execution source uses exact production-order identity, assigned factory and responsibility deadline (0.63125ms)
✔ only a unique exact technical entry binds execution to route; same-name and split executions stay independent (0.33925ms)
✔ preparation-only source cycles are blocked without depending on a technical pack branch (0.231458ms)
✔ source time and manual forecast stay separate from frozen rule examples and missing SLA (0.436042ms)
✔ cancelled execution is not a late blocker and unfinished status cannot borrow a stale completion timestamp (0.525208ms)
✔ document summaries are factual, compact strings; decisions without a document stay unbound (0.360625ms)
✔ formal preparation output connects the exact confirmation, route entry and production version (0.938167ms)
✔ technical object identity and its material photo are retained without using the style photo (0.30475ms)
✔ material transfer has serial dispatch, transport and receipt with separate responsibility and source identity (1.111917ms)
✔ approval, sent quantities and delivery-note registration cannot prove physical handout or logistics delivery (0.555083ms)
✔ actual handout starts transportation but factory receipt never backfills logistics delivery or reception start (0.619292ms)
✔ receipt quantities require the same source line, target factory and unit; mixed units never close reception (0.349709ms)
✔ voided transfers keep evidence but no effective supply or transport completion (0.141417ms)
✔ a document handout timestamp does not complete unshipped or partially shipped source lines (0.135458ms)
✔ only preparation-bound purchase documents are included, and purchase completion never invents warehouse arrival (0.149292ms)
✔ quality is scoped to its recorded sample and does not establish shipment orders or whole-order completion (0.22125ms)
✔ current source snapshot exposes matching handover, quality and transfer documents, not generic placeholders alone (3.881375ms)
✔ only a real same-version production order becomes a root execution predecessor (0.336208ms)
✔ task lead blocker matches dependency analysis instead of blaming an unstarted downstream deadline (0.101167ms)
✔ failed inspection exposes the concrete unqualified quantity as blocker reason (0.104708ms)
✔ category sample images never stand in for a source style; a dedicated source image is retained (0.140625ms)
(node:11240) ExperimentalWarning: localStorage is not available because --localstorage-file was not provided.
(Use `node --trace-warnings ...` to show where the warning was created)
✔ 当前非 Mock 需求可保存显式工作映射，序列化后可恢复且不改来源事实 (51.552834ms)
✔ 未保存映射、规则空天数、事件范围变化与同级冲突分别给出真实阻断 (4.218459ms)
✔ 同一工作不得存两份口径，来源身份变化或未知数量不允许保存 (3.800125ms)
✔ 工作单位不换算、通配值不充当事实、里程碑不重复加预算 (3.382375ms)
✔ 来源任务发布单项预算后保持整体待定，刷新覆盖和已有截止均保留 (4.384667ms)
✔ 缺准备或实发范围时即使要求首次建基线也阻断，并且不写覆盖 (3.589ms)
✔ 已确认的未来发货工作尚无实发事实也可建 T0+最长路径基线，缺进度只影响预测 (0.991625ms)
✔ 已发布后来源工作身份变化，不把旧映射预算套到新单据 (3.701042ms)
✔ 配置页面保存映射到本地，空天数发布被阻断，填写预算后实际发布当前来源任务 (13.602834ms)
✔ 查生产入口只在合法系统路由显示，并在打印与 PDA 路由隐藏 (1.045125ms)
✔ 相似前缀和相似打印段不会被当成合法路由 (0.162125ms)
(node:11242) ExperimentalWarning: localStorage is not available because --localstorage-file was not provided.
(Use `node --trace-warnings ...` to show where the warning was created)
✔ PERF-001: runtime snapshot and all nine subsets preserve every production order value and caller isolation (15.542458ms)
✔ PERF-001: a subset read does not traverse or clone unrelated snapshot sections (0.204042ms)
✔ PERF-001: paper pattern binding strips and nested craft arrays remain isolated after mutation (0.290083ms)
✔ PERF-001: replacing or updating the bound snapshot is visible immediately without a stale cache (0.151667ms)
✔ PERF-001: missing production order keeps null and empty-list contracts (0.070542ms)
(node:11243) ExperimentalWarning: localStorage is not available because --localstorage-file was not provided.
(Use `node --trace-warnings ...` to show where the warning was created)
✔ VERIFY-003: scoped reads preserve pending/voided sources and defensive copies (2.290917ms)
✔ VERIFY-003: metadata lookup reflects registry changes and returns independent locations (4.491542ms)
✔ 并发调用复用同一个模块加载 Promise，成功后继续复用结果 (1.313792ms)
✔ 模块加载失败后清空缓存，下一次调用可以重试 (0.491042ms)
✔ 独立打印外壳只命中完整生产确认单打印路由 (0.473916ms)
✔ 既有固定打印路由仍使用独立打印外壳 (0.083042ms)
✔ 三个中央工厂在组织目录与执行工厂中身份一致且仅出现一次 (0.395667ms)
✔ 花边角色与采购映射归属TMF但供应方仍保留独立身份 (0.069125ms)
✔ 橡筋定长切割仍归SPF，不成为TMF织带截断任务 (0.0835ms)
✔ 旧浏览器组织记录迁移后不与权威TMF并存且保留已有联系人 (2.359209ms)
(node:11247) ExperimentalWarning: localStorage is not available because --localstorage-file was not provided.
(Use `node --trace-warnings ...` to show where the warning was created)
✔ N01～N05：通过现有 PMS 入口下达，每条采购链从零执行到仓库实收；交出不提前增加库存 (6.222666ms)
✔ B01/B03：短收保留在途和采购缺口；重复扫描、生成和刷新不双记 (1.682625ms)
✔ B02/B04：多收、错 SKU、错仓和无权限动作不改变任意下游数量；恢复后正常收齐 (2.582875ms)
✔ B23/B24：未开始跟随采购版本，已执行保留原计划和实物、挂出变更待处理 (2.609334ms)
✔ B21：保存失败不报成功、不留部分库存；成功后刷新读取同一采购和收货事实 (0.981334ms)
✔ 采购→两种规格截断→拆包回仓→分配发料→生产实收：短收保留缺口，库存及采购不双记 (24.171ms)
✔ B09：其他需求占用400米时不能再占650；释放50后恢复，错误发料不改变库存 (4.615583ms)
✔ 需求来源：同尺码不同成衣SKU分别保留，BOM适用范围生效，错误快照和重复工序阻断 (0.53775ms)
✔ 待打头条料不计合格产出；超公差实物记不良且照实扣下料当量，未实收不可截断 (15.262708ms)
✔ N04：采购100米→单端硅胶按kg实耗→回仓发料→生产实收50根，连续料剩34米 (11.735917ms)
✔ B15：截断后取消保留1000根在制和1260米当量，释放未发占用并只退连续余料 (15.530334ms)
✔ 已回仓部分发料后取消：释放未发分配，冻结实存，已发在途保留且实收不恢复需求 (12.746375ms)
(node:11248) ExperimentalWarning: localStorage is not available because --localstorage-file was not provided.
(Use `node --trace-warnings ...` to show where the warning was created)
✔ N01：400 条 50CM 和 600 条 70CM 分行计算，共 620 米；未增加 SKU (1.213416ms)
✔ 缺少尺码数量、非整数条数、公差或测量条件时不猜测需求 (0.298ms)
✔ B07：未选择打头、缺少端头方式或辅材不能确认；支持两端不同端头 (0.184166ms)
✔ N04/B08：硅胶按重量且必须有覆盖长度，不作为独立金属头计数 (0.085083ms)
✔ B18：打头只能承接对应截断条料，不能换 SKU、换长度或重新领连续料 (0.23275ms)
✔ N05：规格相同可以合并，但尺码、用途和需求身份不靠物理规格键代替 (0.082875ms)
✔ B14：修改后续版本端头要求不能污染生产单历史快照 (0.450834ms)
ℹ tests 357
ℹ suites 0
ℹ pass 357
ℹ fail 0
ℹ cancelled 0
ℹ skipped 0
ℹ todo 0
ℹ duration_ms 5415.871166
