node:internal/modules/run_main:107
    triggerUncaughtException(
    ^

browserType.launch: Target page, context or browser has been closed
Browser logs:

<launching> /Users/laoer/Library/Caches/ms-playwright/chromium_headless_shell-1228/chrome-headless-shell-mac-arm64/chrome-headless-shell --disable-field-trial-config --disable-background-networking --disable-background-timer-throttling --disable-backgrounding-occluded-windows --disable-back-forward-cache --disable-breakpad --disable-client-side-phishing-detection --disable-component-extensions-with-background-pages --disable-component-update --no-default-browser-check --disable-default-apps --disable-dev-shm-usage --disable-edgeupdater --disable-extensions --disable-features=AvoidUnnecessaryBeforeUnloadCheckSync,BoundaryEventDispatchTracksNodeRemoval,DestroyProfileOnBrowserClose,DialMediaRouteProvider,GlobalMediaControls,HttpsUpgrades,LensOverlay,MediaRouter,PaintHolding,ThirdPartyStoragePartitioning,Translate,AutoDeElevate,RenderDocument,OptimizationHints,msForceBrowserSignIn,msEdgeUpdateLaunchServicesPreferredVersion --enable-features=CDPScreenshotNewSurface --allow-pre-commit-input --disable-hang-monitor --disable-ipc-flooding-protection --disable-popup-blocking --disable-prompt-on-repost --disable-renderer-backgrounding --force-color-profile=srgb --metrics-recording-only --no-first-run --password-store=basic --use-mock-keychain --no-service-autorun --export-tagged-pdf --disable-search-engine-choice-screen --unsafely-disable-devtools-self-xss-warnings --edge-skip-compat-layer-relaunch --disable-infobars --disable-search-engine-choice-screen --disable-sync --enable-unsafe-swiftshader --headless --hide-scrollbars --mute-audio --blink-settings=primaryHoverType=2,availableHoverTypes=2,primaryPointerType=4,availablePointerTypes=4 --no-sandbox --user-data-dir=/var/folders/p5/sm3z8lc52y7gycyy2dg4y6380000gn/T/playwright_chromiumdev_profile-cSm50E --remote-debugging-pipe --no-startup-window
<launched> pid=6162
[pid=6162][err] [0920/135109.117857:ERROR:base/power_monitor/thermal_state_observer_mac.mm:140] ThermalStateObserverMac unable to register to power notifications. Result: 9
[pid=6162][err] [0920/135109.119304:ERROR:net/dns/dns_config_service_posix.cc:138] DNS config watch failed to start.
[pid=6162][err] [0920/135109.119607:WARNING:net/dns/dns_config_service_posix.cc:197] Failed to read DnsConfig.
[pid=6162][err] [0920/135109.119711:FATAL:base/apple/mach_port_rendezvous_mac.cc:159] Check failed: kr == KERN_SUCCESS. bootstrap_check_in org.chromium.Chromium.MachPortRendezvousServer.6162: Permission denied (1100)
Call log:
[2m  - <launching> /Users/laoer/Library/Caches/ms-playwright/chromium_headless_shell-1228/chrome-headless-shell-mac-arm64/chrome-headless-shell --disable-field-trial-config --disable-background-networking --disable-background-timer-throttling --disable-backgrounding-occluded-windows --disable-back-forward-cache --disable-breakpad --disable-client-side-phishing-detection --disable-component-extensions-with-background-pages --disable-component-update --no-default-browser-check --disable-default-apps --disable-dev-shm-usage --disable-edgeupdater --disable-extensions --disable-features=AvoidUnnecessaryBeforeUnloadCheckSync,BoundaryEventDispatchTracksNodeRemoval,DestroyProfileOnBrowserClose,DialMediaRouteProvider,GlobalMediaControls,HttpsUpgrades,LensOverlay,MediaRouter,PaintHolding,ThirdPartyStoragePartitioning,Translate,AutoDeElevate,RenderDocument,OptimizationHints,msForceBrowserSignIn,msEdgeUpdateLaunchServicesPreferredVersion --enable-features=CDPScreenshotNewSurface --allow-pre-commit-input --disable-hang-monitor --disable-ipc-flooding-protection --disable-popup-blocking --disable-prompt-on-repost --disable-renderer-backgrounding --force-color-profile=srgb --metrics-recording-only --no-first-run --password-store=basic --use-mock-keychain --no-service-autorun --export-tagged-pdf --disable-search-engine-choice-screen --unsafely-disable-devtools-self-xss-warnings --edge-skip-compat-layer-relaunch --disable-infobars --disable-search-engine-choice-screen --disable-sync --enable-unsafe-swiftshader --headless --hide-scrollbars --mute-audio --blink-settings=primaryHoverType=2,availableHoverTypes=2,primaryPointerType=4,availablePointerTypes=4 --no-sandbox --user-data-dir=/var/folders/p5/sm3z8lc52y7gycyy2dg4y6380000gn/T/playwright_chromiumdev_profile-cSm50E --remote-debugging-pipe --no-startup-window[22m
[2m  - <launched> pid=6162[22m
[2m  - [pid=6162][err] [0920/135109.117857:ERROR:base/power_monitor/thermal_state_observer_mac.mm:140] ThermalStateObserverMac unable to register to power notifications. Result: 9[22m
[2m  - [pid=6162][err] [0920/135109.119304:ERROR:net/dns/dns_config_service_posix.cc:138] DNS config watch failed to start.[22m
[2m  - [pid=6162][err] [0920/135109.119607:WARNING:net/dns/dns_config_service_posix.cc:197] Failed to read DnsConfig.[22m
[2m  - [pid=6162][err] [0920/135109.119711:FATAL:base/apple/mach_port_rendezvous_mac.cc:159] Check failed: kr == KERN_SUCCESS. bootstrap_check_in org.chromium.Chromium.MachPortRendezvousServer.6162: Permission denied (1100)[22m
[2m  - [pid=6162] <gracefully close start>[22m
[2m  - [pid=6162] <kill>[22m
[2m  - [pid=6162] <will force kill>[22m
[2m  - [pid=6162] exception while trying to kill process: Error: kill EPERM[22m
[2m  - [pid=6162] <process did exit: exitCode=null, signal=SIGTRAP>[22m
[2m  - [pid=6162] starting temporary directories cleanup[22m
[2m  - [pid=6162] finished temporary directories cleanup[22m
[2m  - [pid=6162] <gracefully close end>[22m

    at /Users/laoer/Documents/higoods/output/playwright/tmf-webbing/work-cost-browser.mjs:15:28
    at async node:internal/modules/esm/loader:650:26 {
  log: [
    '  - <launching> /Users/laoer/Library/Caches/ms-playwright/chromium_headless_shell-1228/chrome-headless-shell-mac-arm64/chrome-headless-shell --disable-field-trial-config --disable-background-networking --disable-background-timer-throttling --disable-backgrounding-occluded-windows --disable-back-forward-cache --disable-breakpad --disable-client-side-phishing-detection --disable-component-extensions-with-background-pages --disable-component-update --no-default-browser-check --disable-default-apps --disable-dev-shm-usage --disable-edgeupdater --disable-extensions --disable-features=AvoidUnnecessaryBeforeUnloadCheckSync,BoundaryEventDispatchTracksNodeRemoval,DestroyProfileOnBrowserClose,DialMediaRouteProvider,GlobalMediaControls,HttpsUpgrades,LensOverlay,MediaRouter,PaintHolding,ThirdPartyStoragePartitioning,Translate,AutoDeElevate,RenderDocument,OptimizationHints,msForceBrowserSignIn,msEdgeUpdateLaunchServicesPreferredVersion --enable-features=CDPScreenshotNewSurface --allow-pre-commit-input --disable-hang-monitor --disable-ipc-flooding-protection --disable-popup-blocking --disable-prompt-on-repost --disable-renderer-backgrounding --force-color-profile=srgb --metrics-recording-only --no-first-run --password-store=basic --use-mock-keychain --no-service-autorun --export-tagged-pdf --disable-search-engine-choice-screen --unsafely-disable-devtools-self-xss-warnings --edge-skip-compat-layer-relaunch --disable-infobars --disable-search-engine-choice-screen --disable-sync --enable-unsafe-swiftshader --headless --hide-scrollbars --mute-audio --blink-settings=primaryHoverType=2,availableHoverTypes=2,primaryPointerType=4,availablePointerTypes=4 --no-sandbox --user-data-dir=/var/folders/p5/sm3z8lc52y7gycyy2dg4y6380000gn/T/playwright_chromiumdev_profile-cSm50E --remote-debugging-pipe --no-startup-window',
    '  - <launched> pid=6162',
    '  - [pid=6162][err] [0920/135109.117857:ERROR:base/power_monitor/thermal_state_observer_mac.mm:140] ThermalStateObserverMac unable to register to power notifications. Result: 9',
    '  - [pid=6162][err] [0920/135109.119304:ERROR:net/dns/dns_config_service_posix.cc:138] DNS config watch failed to start.',
    '  - [pid=6162][err] [0920/135109.119607:WARNING:net/dns/dns_config_service_posix.cc:197] Failed to read DnsConfig.',
    '  - [pid=6162][err] [0920/135109.119711:FATAL:base/apple/mach_port_rendezvous_mac.cc:159] Check failed: kr == KERN_SUCCESS. bootstrap_check_in org.chromium.Chromium.MachPortRendezvousServer.6162: Permission denied (1100)',
    '  - [pid=6162] <gracefully close start>',
    '  - [pid=6162] <kill>',
    '  - [pid=6162] <will force kill>',
    '  - [pid=6162] exception while trying to kill process: Error: kill EPERM',
    '  - [pid=6162] <process did exit: exitCode=null, signal=SIGTRAP>',
    '  - [pid=6162] starting temporary directories cleanup',
    '  - [pid=6162] finished temporary directories cleanup',
    '  - [pid=6162] <gracefully close end>'
  ]
}

Node.js v26.8.2
