
> higoods-vanilla-clone@1.0.0 build
> npm run typecheck:engineering && npm test && vite build


> higoods-vanilla-clone@1.0.0 typecheck:engineering
> npm run typecheck:entrypoints && npm run typecheck:scopes


> higoods-vanilla-clone@1.0.0 typecheck:entrypoints
> tsc --project tsconfig.engineering.json


> higoods-vanilla-clone@1.0.0 typecheck:scopes
> node scripts/check-typescript-scope.mjs src/domain/ src/components/ui/ src/state/

TypeScript 全量既有错误：64
本次渐进检查范围：src/domain/、src/components/ui/、src/state/
范围内错误：0
范围外既有错误保留在全量 typecheck 中继续分批治理。

> higoods-vanilla-clone@1.0.0 test
> npm run test:unit


> higoods-vanilla-clone@1.0.0 test:unit
> node --import tsx --test tests/unit/*.test.ts

✔ 浏览器存储封装保持读写删除语义 (0.592375ms)
✔ 浏览器存储不可用或抛错时保持静默降级 (0.0875ms)
(node:51842) ExperimentalWarning: localStorage is not available because --localstorage-file was not provided.
(Use `node --trace-warnings ...` to show where the warning was created)
✔ MIG-001/002/006: management entry and handlers belong to FCS; PFOS keeps execution (1.936709ms)
✔ MIG-003/007: prep and execution read the same early order identities, quantities and match status (3666.832375ms)
✔ MIG-004/009: migrated dialogs retain candidate fields, actual material image and task outputs (0.825625ms)
✔ MIG-011: management and execution use the same seven business display columns (13.484959ms)
✔ MIG-007: early dye/print creation and cancellation survive reload (3589.607708ms)
✔ 解析带标签、小数和空格的长度数量 (0.476666ms)
✔ 解析卷数并对不合法文本返回 0 (0.110375ms)
✔ 证据文件标识把连续空白收口为单个连字符 (0.149042ms)
(node:51845) ExperimentalWarning: localStorage is not available because --localstorage-file was not provided.
(Use `node --trace-warnings ...` to show where the warning was created)
✔ 设计改款可成批生成染色和印花加工单，且完整投影来源与上下游 (1721.651708ms)
✔ 设计改款加工单生成幂等，重复请求不增加单据 (15.154625ms)
✔ 同一设计改款任务的不同颜色和 BOM 行分别生成加工单 (4.528791ms)
✔ 成批提交失败时染色与印花加工单一起回滚 (5.076ms)
✔ 设计改款来源缺关键引用或来源未知时必须阻断 (0.156667ms)
(node:51846) ExperimentalWarning: localStorage is not available because --localstorage-file was not provided.
(Use `node --trace-warnings ...` to show where the warning was created)
✔ 设计改款加工单等待买手审核成果，绑定真实附件后才可安排，先染后印继续受前序交出约束 (647.361375ms)
✔ 专业成果没有真实附件时保持未绑定 (11.13275ms)
(node:51847) ExperimentalWarning: localStorage is not available because --localstorage-file was not provided.
(Use `node --trace-warnings ...` to show where the warning was created)
✔ 可打印不等于可建交出单，必须完成真实标签打印 (0.454917ms)
✔ 卷规格无效时不可建交出单，且不改变原可打印判定语义 (0.068584ms)
✔ 人工完成印花加工单不再自动填充操作人 (412.480084ms)
✔ 日报窗口含截止日7天，重点日均独立使用前6天 (1.241916ms)
✔ 未知采购不填0，未BOM不输出完整确定订单需求 (0.276333ms)
✔ 突变必须绝对量与比例同时达到阈值 (0.192333ms)
✔ 截止日突变示例与未完结日不判定 (0.118167ms)
✔ 共享商品按SPU去重而不按关联行累加销量 (0.190208ms)
✔ 预选不产生确定用料；BOM需求保留物料归属 (0.295167ms)
✔ 同料BOM优先于预选，不重复关系及需量 (0.15575ms)
✔ 两个业务页具有独立容器、标准分页与证据边界 (37.694ms)
✔ 未进入物料页面时 bridge 不加载业务；加载失败重试后首次渲染即已注册 (4.683083ms)
✔ click 分组顺序、短路、选择器范围保持原行为，重新注册替换旧处理器 (0.531667ms)
✔ 备料写入守卫读取实时角色与水位，阻断时不调用业务处理器 (0.326042ms)
✔ input/change/keyboard 原入口、筛选范围和 change 优先级完整保留 (0.274708ms)
✔ health groups are exhaustive and mutually exclusive in demo (0.9615ms)
✔ coverage and baseline use same inventory plus transit but distinct demand windows (0.070666ms)
✔ zero demand is unavailable rather than infinity and huge finite quotient stays finite (0.091041ms)
✔ date selects different consistent snapshot (0.088667ms)
✔ threshold changes alter classification without changing facts (0.06225ms)
✔ health view carries core P1 business sections and mock caveat (13.796125ms)
✔ AT16 rules do not substitute brand, size or packaging method (0.411166ms)
✔ AT24 equal priority conflict blocks resolution and identifies rules (0.342125ms)
✔ higher explicit priority resolves a lower priority overlap (0.051958ms)
✔ plans distinguish garments and parcels and add loss once (0.141166ms)
✔ AT18 white pendant stock only allocated once (0.07625ms)
✔ event duplicate and old revision do not add consumption; reprints are activity only (0.107042ms)
✔ conflicting same revision fails instead of silently choosing a payload (0.04975ms)
✔ AT17/19/20 panel states unresolved ASAYA, independent kit80 and unknown ribbon (0.248041ms)
✔ trigger distinct from target, existing supply produces explainable zero (1.171083ms)
✔ missing mapping or usage and incompatible raw unit block unsafe generation (0.225666ms)
✔ generation reserves remaining once and shared raw pool across target rules (1.281ms)
✔ production does not increase stock; actual SKU and output bound partial receipts (0.31025ms)
✔ cancelled suggestion releases commitment and raw allocation (0.124791ms)
✔ AT05 committed greige is not available for a second allocation (0.422167ms)
✔ AT06 partial receipt reduces expected supply; checking and qualified never duplicate (0.290167ms)
✔ AT07 unmapped target preserves quantities but gives no target coverage (0.074708ms)
✔ §7.2 loss reduces future supply; rejected receipts never become usable (0.05725ms)
✔ §7.3 unit/yield/route and conservation gaps block deterministic supply (0.093209ms)
✔ §7.3 candidate comparison reports remaining shortage and respects arrival deadline (0.123ms)
✔ §7.3 zero gap stays zero and nonfinite inputs cannot produce advice (0.045625ms)
✔ panel uses owned local handlers and discloses mock and missing images (1.615709ms)
✔ P2 coefficients and coverage exclude transit (8.047125ms)
✔ P2 coverage buckets have exclusive shared boundaries (0.500958ms)
✔ P2 partial receipts and completed batches count remaining only (0.0635ms)
✔ P2 latest overdue selected only if no future batch; today included (0.058459ms)
✔ P2 search transit and ETA filters compose (1.01225ms)
✔ P2 zero demand and missing BOM preserve distinct nulls; micro demand excluded (0.182459ms)
✔ P2 standard table renders and limits initial rows to first page (9.75425ms)
✔ AT01/02 internal reservation stays in coverage while external reservation is deducted (10.902292ms)
✔ AT03 quality segments are not usable (0.156042ms)
✔ AT04 partial receipt leaves remaining supply only (0.1895ms)
✔ AT08/38 late supply never erases earlier shortage (0.15025ms)
✔ AT09 intermediate deficit determines net need rather than positive closing balance (0.791167ms)
✔ AT10 MOQ and pack rounding, zero stays zero (0.109875ms)
✔ AT11 horizon begins at cutoff and is not expanded by lead time (0.158958ms)
✔ AT12 forecast covered by confirmed demand is excluded before coefficient (0.121334ms)
✔ AT13 no demand has no numeric coverage (0.108041ms)
✔ AT14 cancelling demand does not change stock (0.1495ms)
✔ AT15 latest event revision only (0.394667ms)
✔ AT16/17 directory preserves bag sizes and ASAYA duplicated input is one unresolved SKU (0.085583ms)
✔ AT18 three brands draw from one shared pool (0.116125ms)
✔ AT19/20 kit capacity respects minimum and missing conversion (0.063583ms)
✔ AT21 inactive/unusable stock remains physically visible (0.086875ms)
✔ AT23 affected order identifiers are unique (0.091ms)
✔ AT25/26 draft does not mutate active and invalidates trial (0.063042ms)
✔ AT26/28 publish requires role and exact trial; history retained (0.177792ms)
✔ AT31 risk cannot close with remaining shortage or skip verification (0.155ms)
✔ AT37 invalid dates, unknown timezone, bad numeric values rejected (0.091667ms)
✔ duplicate supply chain does not double count and blocks deterministic advice (0.09425ms)
✔ warehouse catalogue includes 17 locations and two garment warehouses (0.04175ms)
✔ candidate comparison retains pre-arrival risk (0.31825ms)
✔ SKU-specific policy wins and duplicate rules block publish (0.134667ms)
✔ 路由标准化移除 query 与 hash，但不改动路径 (0.775ms)
✔ 只匹配路由根或其子路径，不误匹配相似前缀 (0.217125ms)
✔ 可在多个合法根路径中匹配一个 (0.144ms)
✔ 只把完整生产确认单打印路由识别为命中 (0.191292ms)
(node:51860) ExperimentalWarning: localStorage is not available because --localstorage-file was not provided.
(Use `node --trace-warnings ...` to show where the warning was created)
✔ 物流商新增字段保存回显并写入操作日志 (2.333291ms)
✔ 物流商数字字段非负校验与运输方式枚举校验 (0.267333ms)
✔ 渠道新增字段保存回显，条件计费字段按计费方式保留 (0.422625ms)
✔ 整柜渠道不要求新增计费字段，仍要求四箱型完整配置 (0.110583ms)
✔ 渠道数字字段非负与时效区间校验 (0.124125ms)
✔ 头程批次聚合展示总箱数、总重量、总体积与转运天数 (1.438166ms)
✔ 工序链按保存顺序生效，合法工序集合固定，非法或重复工序被拒 (2.612625ms)
✔ 坯布 SKU 必填，坯布库存为 0 时调拨资格被拒，补足后恢复 (0.644667ms)
✔ 采购单按勾选 SKU 生成明细，数量与枚举非法被拒 (0.385667ms)
✔ 调拨单可选择调出仓库与调入目标，同步生成加工单号链 (0.429458ms)
✔ 批量刷新库存更新全部监控行与刷新时间并写日志 (0.380625ms)
✔ 手动添加监控 SKU 校验 SKU 必填与重复，添加后进入列表 (0.488042ms)
✔ 物料申报扩展字段保存回显，26 项特殊属性按数组保存 (2.683208ms)
✔ 报关扩展：法定第二计量单位与数值，不报关分支跳过必填校验 (0.323584ms)
✔ BOM 业务选项与价格/成本、工厂、布料字段保存回显 (1.339417ms)
✔ 主体经营 9 项成本明细加调整重算总成本，数据缺失提醒可消除 (0.611666ms)
✔ 供应商从草稿到启用遵循状态机，名称唯一 (1.494292ms)
✔ 供货档案包装换算与快照版本 (0.194ms)
✔ 物料全部有真实图片，采购补充信息可更新且不新增删除 (0.316916ms)
✔ 成衣与样衣 SKU 只读列表数据完整 (0.066084ms)
✔ 仓库同步更新时间，单位字典唯一且不可删除只可启停 (0.276041ms)
✔ BOM 用量可修改，说明可保存，发布后可生成面辅料需求 (2.694916ms)
(node:51864) ExperimentalWarning: localStorage is not available because --localstorage-file was not provided.
(Use `node --trace-warnings ...` to show where the warning was created)
✔ 面辅料需求种子就绪且可按物料行下推采购单 (1.788459ms)
✔ 快递信息导入校验采购单存在、单号唯一、日期与数量合法 (0.417667ms)
✔ 国内签收、加入头程、状态推进与到仓自动签收 (0.9125ms)
✔ 供应商确认单需标签齐备，确认后回写采购单 (0.561375ms)
✔ 整柜渠道必须完整配置四个箱型，物流商可启停 (0.2695ms)
✔ 面辅料采购单可带原因关闭，关闭后不能再登记到货 (0.15725ms)
✔ 库存监控触发线与建议量公式，规则异常阻断建单 (1.455833ms)
✔ 建单数量不得超过建议量，调拨与采购资格分别阻断 (0.139917ms)
✔ 中转看板指标、分布与筛选跳转规则 (0.240458ms)
✔ 生产单校验与配料任务只读数据完整，系统设置结果为 8/6/10 (0.084208ms)
✔ 种子采购单按 SRM 生成器规律补齐单据级与明细级字段 (0.708375ms)
✔ 新建做货采购单保存采购专员、加急、首单、区域与明细字段并可回显 (1.081625ms)
✔ 未传新增字段时沿用默认值并保持既有命令兼容 (0.119459ms)
✔ 采购专员必填、做货必须选区域、重量非负均抛出中文 PmsDomainError (0.269208ms)
✔ 编辑采购单保存新增字段并回显，非法输入被阻断 (0.23675ms)
✔ BOM 状态与 bomMatched 一致，未发布 BOM 的做货明细为未匹配 (0.166042ms)
✔ 行采购金额使用 roundPmsQty 且汇总等于逐行金额之和 (0.12075ms)
✔ 采购建议按缺口公式与折扣计算，并计入有效 KOL 申请 (0.702417ms)
✔ KOL 草稿与已驳回不计入建议缺口 (0.087167ms)
✔ 建议转采购单后写回已转数量与部分生成状态 (1.38325ms)
✔ 面辅料需求按 BOM 用量与损耗扣减库存和采购中 (0.519666ms)
✔ 重复生成、草稿采购单与非做货采购单均被阻断 (0.119166ms)
✔ KOL 单条超量需要二次确认，超过申请量直接阻断 (0.290167ms)
✔ 驳回 KOL 需求后不再计入建议缺口 (0.109041ms)
✔ 关闭采购单必须填写原因且已关闭不可重复关闭 (0.516458ms)
(node:51868) ExperimentalWarning: localStorage is not available because --localstorage-file was not provided.
(Use `node --trace-warnings ...` to show where the warning was created)
✔ 主体经营明细总成本、毛利与毛利率公式 (0.615167ms)
✔ 面辅料对账：预计/实际双层公式，费用项与差异双重门禁 (2.887625ms)
✔ 面辅料费用项部分确认、批量确认与编辑失效 (0.539625ms)
✔ 请款草稿跨页创建、请款与付款上限、编辑范围 (0.613458ms)
✔ 物流实际费用 12 列导入校验、不自动确认与确认后锁定 (0.477ms)
✔ 请款单作废释放来源对账，已有付款不能作废 (0.384958ms)
✔ 供应商账单 9 列导入覆盖实际层且不自动确认 (0.297459ms)
✔ 金额大写按 RMB 规则输出并覆盖跨节零 (0.128708ms)
(node:51869) ExperimentalWarning: localStorage is not available because --localstorage-file was not provided.
(Use `node --trace-warnings ...` to show where the warning was created)
✔ 生成卷号按前缀、每卷米数、重量与起始序号生成并写入包装明细 (1.957ms)
✔ 生成卷号时尾卷承载剩余数量，卷数按采购数量与每卷米数自动取整 (0.449542ms)
✔ 非法卷号参数被拒绝并抛出中文域错误 (0.294459ms)
✔ 生成标签后二维码内容包含卷号与箱规，参与打印 (0.247166ms)
✔ 箱规新增自动计算体积，重复箱号与非法尺寸被拒，删除后计数正确 (0.221ms)
✔ 包装明细可新增与删除，非法输入被拒且删除后计数正确 (0.186167ms)
✔ 被包装明细引用的箱规不能删除 (0.073167ms)
✔ 供应商枚举与 SRM 完全一致，旧枚举不再出现 (0.732959ms)
✔ 种子字段满足 SRM 枚举且协同指标为数字 (0.137542ms)
✔ 新增字段保存并回显，成功命令写入操作日志 (1.740459ms)
✔ 编辑保存新增字段并保持状态机与事件名不变 (0.38625ms)
✔ 非法或缺失输入抛 PmsDomainError 且不写入数据 (0.464542ms)
✔ 详情与列表展示新增字段、SRM 枚举与协同指标 (14.383542ms)
(node:51871) ExperimentalWarning: localStorage is not available because --localstorage-file was not provided.
(Use `node --trace-warnings ...` to show where the warning was created)
✔ RETURN-010: only the acceptance week Sunday is skipped, for every starting weekday (0.527583ms)
✔ RETURN-004—010: both projections share counting dates and ceil targets (0.283375ms)
(node:51872) ExperimentalWarning: localStorage is not available because --localstorage-file was not provided.
(Use `node --trace-warnings ...` to show where the warning was created)
✔ 实际耗时跨周日仍按真实时间差；没有可靠时间不造耗时 (1.089625ms)
✔ 每任务都达成才结束；同一来源去重，作废明细不影响主表 (0.206417ms)
✔ 耗时页 Mock 至少覆盖九张生产单和全部节点，且下游事实不会越过未完成的前置节点 (754.0955ms)
✔ 裁片放行按一张放行单内的多次放行展示并选取节点起止时间 (28.136792ms)
(node:51873) ExperimentalWarning: localStorage is not available because --localstorage-file was not provided.
(Use `node --trace-warnings ...` to show where the warning was created)
✔ EXC-001—004: a reference mark cannot change debt, strict kits or final task responsibility (5.078917ms)
(node:51874) ExperimentalWarning: localStorage is not available because --localstorage-file was not provided.
(Use `node --trace-warnings ...` to show where the warning was created)
✔ 派单新增主档工厂可登记承接关系，未知工厂仍阻断 (3.456458ms)
✔ 专属任务保留整单身份、数量和接收方，工艺分支保留全部前置关系 (2.693791ms)
✔ 原生产单车缝任务仍可被 PPIC 分配与责任移交识别，SKU 总量完整 (5.485084ms)
(node:51875) ExperimentalWarning: localStorage is not available because --localstorage-file was not provided.
(Use `node --trace-warnings ...` to show where the warning was created)
✔ VERIFY-003: dispatch reads keep all documents and independent copies without projecting unrelated business views (393.008042ms)
(node:51876) ExperimentalWarning: localStorage is not available because --localstorage-file was not provided.
(Use `node --trace-warnings ...` to show where the warning was created)
✔ PERF-002/004: scoped receiving reads preserve direct receipts and allocations, without exposing mutable facts (14.551292ms)
✔ PERF-002/004: a synchronous relation read matches independent reads and releases its scope after errors (741.626417ms)
✔ PERF-004: batched print list reviews and handovers equal independently read facts (357.676333ms)
✔ PERF-004: scoped handovers keep canonical sorting and task point reads preserve identity (6.581917ms)
✔ PERF-004: reusing warehouse documents preserves each dye order source, quantity and receiver (199.130667ms)
(node:51878) ExperimentalWarning: localStorage is not available because --localstorage-file was not provided.
(Use `node --trace-warnings ...` to show where the warning was created)
✔ craft source selection preserves all previous source choices and isolated snapshots (9.270542ms)
✔ source eligibility is re-evaluated after a source order changes (0.115208ms)
(node:51879) ExperimentalWarning: localStorage is not available because --localstorage-file was not provided.
(Use `node --trace-warnings ...` to show where the warning was created)
✔ 验收数据至少包含 5 张染色和 5 张印花提前加工单，并覆盖全部匹配状态 (1354.24825ms)
✔ 印花专业成果把多张图片和多个文件统一保存在同一附件集合 (0.246959ms)
✔ 同一生产需求可手动选择具体专业任务，创建结果保存所选任务与全部成果附件 (110.99775ms)
✔ 创建提前加工单必须选择所属专业任务并明确加工厂 (0.580125ms)
✔ 计划加工数量包含损耗率，且染色印花投入与产出 SKU 必须不同 (0.1485ms)
✔ 专业成果未审核通过时不可创建提前加工单 (0.115459ms)
✔ 多个生产需求合并为一张生产单时，可匹配多张提前染色加工单 (45.42275ms)
✔ 等待技术包的提前单在技术包就绪后可由同一匹配服务自动重试 (19.258125ms)
✔ 合并生产单中只有部分需求有提前单时，只为未覆盖需求补建剩余数量 (113.19325ms)
✔ 已有提前单但正式 BOM 或 SKU 不一致时进入异常，且不重复补建同一工艺单 (116.670375ms)
✔ 取消后重建保留旧单，并建立双向替代关系 (2.094334ms)
✔ 没有提前加工单的需求仍保留正式加工单快照 (5.350875ms)
✔ BOM uses formally reduced quantity and leaves unsupported conversion unknown (0.737792ms)
✔ reuse retains one shared source instance and adds no duplicate processing duration (0.238083ms)
✔ a new rework/recheck round extends the dependency path two days and conserves qualified pieces (0.094625ms)
✔ date-only source is not coerced to a precise instant or exact deadline (0.10775ms)
✔ known order shipment can be timed without crediting an unknown production source (0.076125ms)
✔ waiting for actual fulfillment can be overall late while factory completion stays on time (0.068834ms)
✔ all six named cards render directly checkable evidence without changing production task facts (3.027416ms)
✔ all ten tasks have independent drill-down networks and one frozen aggregate snapshot (1.382792ms)
✔ 31-item dependency recursion proves 24 natural days and shows the actual sum/max formula (0.404208ms)
✔ improving procurement by ten days only improves whole-task timing by one day (0.137708ms)
✔ network rejects circular/missing dependencies and unknown is never zero time (0.224208ms)
✔ each complete standard mock network and live forecast agrees with the task summary (1.527916ms)
✔ quantity forecast finds a one-day risk before any actual deadline is missed (0.343417ms)
✔ all-natural-day clock includes Sundays, preserves timezones, equality is on time and one second is late (0.115375ms)
✔ already-overdue outranks forecast missing; historical completion stops the clock (0.079875ms)
✔ upstream two-day delay and local catch-up pressure are distinct from current-team fault (0.077833ms)
✔ manual forecast is local, propagates both earlier and later dates, and never relaxes baseline (0.749917ms)
✔ saving a manual forecast refreshes all affected node labels without pretending capacity was increased (0.612041ms)
✔ zero capacity and stale progress never forecast zero remaining duration (0.142167ms)
✔ stock and purchase coverage do not imply factory readiness or a new purchase gap (0.142042ms)
✔ stock-only task still has transfer; purchased material must move beyond warehouse entry (0.072459ms)
✔ batch schedule conserves shared capacity and 90 percent occurs at a real batch event (0.150542ms)
✔ customer cancellation without production allocation does not reduce any task (0.108417ms)
✔ excess shipment of one SKU cannot hide shortage of another (0.082ms)
✔ duplicate, out-of-order and corrected quantity events conserve the effective sum (0.102917ms)
✔ shared work is counted once while merged source tasks preserve independent T0 and deadlines (0.1025ms)
✔ orders enter analysis only from actual shipment and have their own clock (0.712833ms)
✔ region and supply mode select rules together, unpublished candidate rules never apply (0.396666ms)
✔ filters share exact aggregate scope and date windows are left-closed right-open (0.87175ms)
✔ Chinese UI defaults and all scope options filter the intended task population (0.335709ms)
✔ Chinese risk shortcut agrees with risk KPI and does not accidentally select completed or overdue tasks (0.449959ms)
✔ Chinese date-field labels use due date, start date and predicted completion respectively (0.385542ms)
✔ team and stage filters match applicable work nodes rather than only current task responsibility (0.243708ms)
✔ V3 team and factory must match the same node and empty all-scope still keeps a task (0.109667ms)
✔ V3 unknown shipment has no percentage and completed work without deadline is not on time (0.083958ms)
✔ 恢复预测保留不同工作和日期的顺序，只合并连续相同计算且不改写历史 (2.456458ms)
✔ 同一调拨动作按国家和供给方式命中不同预算，候选规则不参与匹配 (0.682292ms)
✔ 同优先级重叠命中必须冲突，明确更高优先级例外才可覆盖 (0.429834ms)
✔ 数量档边界不得跨档或用默认预算掩盖无规则 (0.08325ms)
✔ 子项七天而组上限五天阻断，网络不被截短也不在组外重复加预算 (0.141958ms)
✔ 并行分支取最大值，循环和缺失前置不得算成零天 (0.148334ms)
✔ 工厂实收映射须有明细与物流批次，入库不冒充到厂，重复事件不累加 (0.160416ms)
✔ 投入产出、单位或质量门槛不合规，不能放行下游 (0.092458ms)
✔ 新版本仅记录显式重算范围，不能顺延旧基线或考核截止 (0.41375ms)
✔ 默认演示配置没有阻断，会议候选必须以提示保留 (0.095209ms)
✔ 选定在途W19规则从1改3，本地路线24改26而原始/生效截止与实际事实不变 (3.435542ms)
✔ 在途发布同层冲突、缺规则、缺映射或事件边界变化都不生成覆盖 (0.179125ms)
✔ 发布覆盖可从初始快照恢复且重复应用幂等，未选任务不受影响 (1.010292ms)
✔ 未完成调拨预算增加后，预测沿下游传播；已完成上游事实仍原样 (0.373958ms)
(node:51883) ExperimentalWarning: localStorage is not available because --localstorage-file was not provided.
(Use `node --trace-warnings ...` to show where the warning was created)
✔ 首次来源读取只创建当前存在的缺口，历史从本次观察开始 (1.092958ms)
✔ 事项键由任务、工作与类型生成，中文说明变化不新增事项 (0.352333ms)
✔ 缺款图形成独立事项，增加地址不等于款色对应核验通过 (0.282375ms)
✔ 登记责任期限不修改事实或关闭事项，只有后续来源读取确认恢复 (1.2785ms)
✔ 同一恢复事实重复核对不制造历史，缺口复现重新打开且保留期限 (0.638125ms)
✔ 任务或工作未返回、数量已知性字段消失均不是恢复证据 (0.620292ms)
✔ 来源身份变更不能在同一次读取中把旧缺口标为恢复 (1.995125ms)
✔ 未结构化来源审核项不因文字消失自动关闭 (0.31675ms)
✔ 本地持久化保留独立事项、责任、期限和恢复历史 (0.475208ms)
✔ 本地损坏记录不伪造历史、不覆盖旧内容、不允许假保存 (1.745083ms)
✔ 责任、期限、调整原因必填；存储失败给出未保存结果 (0.566833ms)
✔ 数据待补按事项分页和筛选，提供独立登记及来源刷新入口 (3.650625ms)
✔ 事项按自身负责人和修复期限筛选，不借任务跟单替代 (0.520416ms)
✔ 空在途范围不展示历史演示日期压力图 (3.845167ms)
✔ 未知预算仍保留串并行和汇合箭头，位置不依赖日期 (5.554791ms)
✔ 下游未开工且前置未完的逾期归为等待；根卡点标出具体工作和全部后继 (1.710292ms)
✔ 取消和已完成不是当前卡点，数据缺口不当执行逾期 (0.585375ms)
✔ 已开工工作即使前置未完，也保留其来源责任逾期并提示核对 (0.454041ms)
✔ 卡点范围仍显示上游参照及所有受影响后继，不显示无关支路 (1.003209ms)
✔ 单据摘要默认展开来源核心字段，不只展示时效 (0.721625ms)
✔ 需求摘要指向已存在的需求列表，入口不冒称独立详情 (0.420458ms)
✔ 缺少单据不得生成虚构摘要或默认完成数 (0.366041ms)
✔ 已实收的有效结束满足前置，取消前置不会被视为供给完成 (0.583875ms)
✔ 质检不合格仍是放行卡点，不因检验时间存在变为可放行 (0.517792ms)
✔ 来源已有不合格检验结果但缺建立时间时，不因前置未完而隐藏本项卡点 (1.497125ms)
✔ 作废且不计时不等于前置已完成；来源已阻断是明确卡点 (1.268334ms)
✔ 已知工作预算齐备但范围未确认时，公式页不得称作全程标准 (2.53175ms)
✔ 暂停或受阻工作不因遗留结束时间而放行下游 (1.551833ms)
✔ 生产准备初始化按编号读取定义与完整目录逐值一致，保留不存在时的契约 (3.308ms)
✔ 单定义读取的可编辑数组保持隔离，不污染其他任务读取 (0.773375ms)
▶ execution source relations retain full facts without unrelated cold initialization
  ✔ cold read resolves real runtime scope and leaves print/dye execution ledgers untouched (177.108292ms)
  ✔ scoped cold result equals original complete enumeration after the same actual ID resolution (1393.859208ms)
  ✔ production with print/dye uses all existing preparation facts and keeps unknown IDs unknown (78.963209ms)
  ✔ live explicit cross-order reference and cancellation facts survive scoped reading (48.564917ms)
  ✔ real persisted cancellation restores through the original validated path in a new process (1041.482666ms)
  ✔ QC reads real fact quantities and renders explicit missing artwork without placeholder network dependency (123.1945ms)
✔ execution source relations retain full facts without unrelated cold initialization (3184.131458ms)
(node:51888) ExperimentalWarning: localStorage is not available because --localstorage-file was not provided.
(Use `node --trace-warnings ...` to show where the warning was created)
✔ production source time uses explicit Shanghai time and rejects date-only completion (1.332334ms)
✔ DDS tasks use demand identity and do not invent preparation, budgets, shipment quantities or orders (2.192ms)
✔ source bindings require existing same-style preparation and published technical version (0.355042ms)
✔ reuse preserves its source/version and does not add past preparation duration (0.346667ms)
✔ explicit unneeded work is excluded but unconfirmed missing work remains a decision, never zero-day completion (0.226125ms)
✔ explicit dependencies preserve parallel entries and repeated processes instead of serial sorting (0.66375ms)
✔ missing explicit predecessors do not become confirmed parallel roots (0.226125ms)
✔ missing predecessor and material SKU discontinuity block route certainty without fabricated edges (0.293542ms)
✔ cyclic source dependency stays a blocking issue and source objects remain unchanged (0.24075ms)
✔ read snapshot uses all current demand records without private Mock tasks or automatic same-style preparations (55.773833ms)
✔ continuous material SKU edges stay confirmed while an unconfirmed route remains pending (0.595834ms)
✔ unverified reuse does not fabricate a completed zero-day result (0.355542ms)
✔ binding writes only the DDS association key and is reflected by the next read (28.593334ms)
✔ execution source uses exact production-order identity, assigned factory and responsibility deadline (0.764042ms)
✔ only a unique exact technical entry binds execution to route; same-name and split executions stay independent (0.713708ms)
✔ preparation-only source cycles are blocked without depending on a technical pack branch (0.36725ms)
✔ source time and manual forecast stay separate from frozen rule examples and missing SLA (3.100458ms)
✔ cancelled execution is not a late blocker and unfinished status cannot borrow a stale completion timestamp (0.698167ms)
✔ document summaries are factual, compact strings; decisions without a document stay unbound (0.434958ms)
✔ formal preparation output connects the exact confirmation, route entry and production version (0.911667ms)
✔ technical object identity and its material photo are retained without using the style photo (0.312333ms)
✔ material transfer has serial dispatch, transport and receipt with separate responsibility and source identity (0.92575ms)
✔ approval, sent quantities and delivery-note registration cannot prove physical handout or logistics delivery (1.759917ms)
✔ actual handout starts transportation but factory receipt never backfills logistics delivery or reception start (0.467959ms)
✔ receipt quantities require the same source line, target factory and unit; mixed units never close reception (0.412875ms)
✔ voided transfers keep evidence but no effective supply or transport completion (0.295917ms)
✔ a document handout timestamp does not complete unshipped or partially shipped source lines (0.437125ms)
✔ only preparation-bound purchase documents are included, and purchase completion never invents warehouse arrival (0.355542ms)
✔ quality is scoped to its recorded sample and does not establish shipment orders or whole-order completion (1.038208ms)
✔ current source snapshot exposes matching handover, quality and transfer documents, not generic placeholders alone (6.905416ms)
✔ only a real same-version production order becomes a root execution predecessor (0.476458ms)
✔ task lead blocker matches dependency analysis instead of blaming an unstarted downstream deadline (0.125583ms)
✔ failed inspection exposes the concrete unqualified quantity as blocker reason (0.128208ms)
✔ category sample images never stand in for a source style; a dedicated source image is retained (0.163958ms)
(node:51889) ExperimentalWarning: localStorage is not available because --localstorage-file was not provided.
(Use `node --trace-warnings ...` to show where the warning was created)
✔ 当前非 Mock 需求可保存显式工作映射，序列化后可恢复且不改来源事实 (62.698541ms)
✔ 未保存映射、规则空天数、事件范围变化与同级冲突分别给出真实阻断 (6.101ms)
✔ 同一工作不得存两份口径，来源身份变化或未知数量不允许保存 (4.0985ms)
✔ 工作单位不换算、通配值不充当事实、里程碑不重复加预算 (5.741542ms)
✔ 来源任务发布单项预算后保持整体待定，刷新覆盖和已有截止均保留 (4.604833ms)
✔ 缺准备或实发范围时即使要求首次建基线也阻断，并且不写覆盖 (3.64625ms)
✔ 已确认的未来发货工作尚无实发事实也可建 T0+最长路径基线，缺进度只影响预测 (1.118125ms)
✔ 已发布后来源工作身份变化，不把旧映射预算套到新单据 (3.657083ms)
✔ 配置页面保存映射到本地，空天数发布被阻断，填写预算后实际发布当前来源任务 (12.002875ms)
✔ 查生产入口只在合法系统路由显示，并在打印与 PDA 路由隐藏 (0.566916ms)
✔ 相似前缀和相似打印段不会被当成合法路由 (0.075209ms)
(node:51891) ExperimentalWarning: localStorage is not available because --localstorage-file was not provided.
(Use `node --trace-warnings ...` to show where the warning was created)
✔ PERF-001: runtime snapshot and all nine subsets preserve every production order value and caller isolation (22.33375ms)
✔ PERF-001: a subset read does not traverse or clone unrelated snapshot sections (0.201625ms)
✔ PERF-001: paper pattern binding strips and nested craft arrays remain isolated after mutation (0.316625ms)
✔ PERF-001: replacing or updating the bound snapshot is visible immediately without a stale cache (0.168916ms)
✔ PERF-001: missing production order keeps null and empty-list contracts (0.077292ms)
(node:51892) ExperimentalWarning: localStorage is not available because --localstorage-file was not provided.
(Use `node --trace-warnings ...` to show where the warning was created)
✔ VERIFY-003: scoped reads preserve pending/voided sources and defensive copies (3.842041ms)
✔ VERIFY-003: metadata lookup reflects registry changes and returns independent locations (4.915875ms)
✔ 并发调用复用同一个模块加载 Promise，成功后继续复用结果 (1.25325ms)
✔ 模块加载失败后清空缓存，下一次调用可以重试 (0.500333ms)
✔ 独立打印外壳只命中完整生产确认单打印路由 (0.509667ms)
✔ 既有固定打印路由仍使用独立打印外壳 (0.090666ms)
(node:51895) ExperimentalWarning: localStorage is not available because --localstorage-file was not provided.
(Use `node --trace-warnings ...` to show where the warning was created)
✔ 36条基础采购演示经业务动作形成，共享PMS来源，重复载入不重置数量或伪造实收 (76.427208ms)
✔ 三个中央工厂在组织目录与执行工厂中身份一致且仅出现一次 (0.429375ms)
✔ 花边角色与采购映射归属TMF但供应方仍保留独立身份 (0.069333ms)
✔ 橡筋定长切割仍归SPF，不成为TMF织带截断任务 (0.085833ms)
✔ 旧浏览器组织记录迁移后不与权威TMF并存且保留已有联系人 (2.389917ms)
(node:51897) ExperimentalWarning: localStorage is not available because --localstorage-file was not provided.
(Use `node --trace-warnings ...` to show where the warning was created)
✔ 连续织带实际650米交出→648+2实收→染色可用650，仓库和用料保持米制且无公斤换算 (8.358125ms)
✔ 连续长度口径不可用于纱线/码制，普通辅料仍要求实际称重 (0.936ms)
✔ 原生连续辅料染色650→640：实际工厂实收及用料驱动加工，使用真实织带实拍替代产出图 (454.459416ms)
(node:51898) ExperimentalWarning: localStorage is not available because --localstorage-file was not provided.
(Use `node --trace-warnings ...` to show where the warning was created)
✔ 织带与绳子参考档案接入实际物料库，保留图片来源和未确认尺寸，不替换橡筋 (46.870458ms)
✔ 同分钟新建不同幅宽织带和绳径主档不共用SPU身份，SKU保持各自父档归属 (53.64925ms)
✔ TMF半成品SKU按SPU→潘通色号→颜色→花型生成，长度和端头不进入SKU (0.346041ms)
(node:51899) ExperimentalWarning: localStorage is not available because --localstorage-file was not provided.
(Use `node --trace-warnings ...` to show where the warning was created)
✔ TMF发布采用链：技术包发布门禁→审核发布→启用→生产单采用→生成织带加工需求 (416.800875ms)
✔ TMF发布门禁：含织带截断工序但规格未补齐的采用版本不能发布 (12.581333ms)
✔ 正式生产路线只关联相邻同BOM同SKU的染色→印花，不生成数量或修改来源 (0.884458ms)
✔ 跨单/版本/工序/用途/SKU/单位、缺工厂与已有其他接收单都不能接续 (0.250292ms)
✔ 印花连续辅料仅接同版本同BOM的直接截断节点，不修改SKU和数量 (0.681625ms)
✔ TMF V1 原型范围、工厂身份和现场默认参数已冻结 (1.241958ms)
✔ TMF 风险动作默认要求主管与二次确认，采购行身份不可丢失 (0.150167ms)
{"scenario":"N02","scope":"业务动作主链含纱线重量账；含端头辅材采购实收；不含PCS发布采用页面、纱线采购上游","purchaseReceived":1300,"productionReceived":1000,"warehouseContinuousM":30,"netCutM":1260,"lossM":10,"headUnit":"个","headReceived":2020,"headRemaining":15}
{"scenario":"N03","scope":"业务动作主链含纱线重量账；含端头辅材采购实收；不含PCS发布采用页面、纱线采购上游","purchaseReceived":60,"productionReceived":100,"warehouseContinuousM":9,"netCutM":50,"lossM":1,"headUnit":"个","headReceived":202,"headRemaining":1}
{"scenario":"N04","scope":"业务动作主链含纱线重量账；含端头辅材采购实收；不含PCS发布采用页面、纱线采购上游","purchaseReceived":100,"productionReceived":50,"warehouseContinuousM":34,"netCutM":65,"lossM":1,"headUnit":"kg","headReceived":0.2,"headRemaining":0.04}
{"scenario":"B06","scope":"规范数量动作链；塑料头从仓库实收事实开始，补购基础生产未虚构纱线配方；不代表全部页面验收","continuous":9,"productionReceived":1000,"scrapped":100,"scrappedMeters":120,"loss":11,"metalRemaining":15,"plasticRemaining":2}
{"scenario":"N05","mergedBatch":"FULL-N05-MERGED","purchaseReceivedM":120,"mergedIssuedM":102,"mergedProducedPieces":200,"productionReceivedByOrder":[100,100],"warehouseContinuousM":19,"lossM":1,"returnedM":1}
{"scenario":"B17","mergedBatch":"FULL-B17-MERGED","purchaseReceivedM":120,"mergedIssuedM":102,"mergedProducedPieces":200,"productionReceivedByOrder":[100,100],"warehouseContinuousM":19,"lossM":1,"returnedM":1}
{"scenario":"N01","rawReceivedKg":12,"consumedKg":10,"returnedKg":1,"factoryRemainingKg":1,"semiFinishedReceivedM":1000}
{"scenario":"N02","rawReceivedKg":12,"consumedKg":10,"returnedKg":1,"factoryRemainingKg":1,"semiFinishedReceivedM":1300}
{"scenario":"N03","rawReceivedKg":12,"consumedKg":10,"returnedKg":1,"factoryRemainingKg":1,"semiFinishedReceivedM":60}
{"scenario":"N04","rawReceivedKg":12,"consumedKg":10,"returnedKg":1,"factoryRemainingKg":1,"semiFinishedReceivedM":100}
{"scenario":"N05","rawReceivedKg":12,"consumedKg":10,"returnedKg":1,"factoryRemainingKg":1,"semiFinishedReceivedM":120}
{"scenario":"PRINTBACK-source-fixture","nativePrint":{"inputM":650,"outputM":630,"lossM":20,"outputImage":"MISSING_BLOCKED"},"sourceDispatched":630,"actualReceived":630,"cutMeters":620,"lossMeters":2,"returnedMeters":8,"baseLeftMeters":350,"scope":"原生印花650→630已独立重放；下游630米交出仍为专项夹具，不替代缺图正式交出或N01完整上游"}
{"scenario":"B09-downstream-recovery","basePhysicalM":350,"otherReservedM":350,"baseAvailableM":0,"processedReturnM":8,"productionPieces":[400,600],"scope":"含实际占用失败、释放、发料及印花回料后全链；原生印染20米损耗未执行，不是完整B09通过"}
{"scenario":"B05-cut-recovery","received":[400,600],"frozenPieces":10,"frozenLengthMm":500,"continuous":2.5,"cutLoss":2.5,"upstreamScope":"印花630米已交出为外部专项夹具，不冒充原生印染20米损耗或全N01"}
(node:51902) ExperimentalWarning: localStorage is not available because --localstorage-file was not provided.
(Use `node --trace-warnings ...` to show where the warning was created)
✔ N01～N05：通过现有 PMS 入口下达，每条采购链从零执行到仓库实收；交出不提前增加库存 (7.993625ms)
✔ MOCK-007：规范场景使用同一采购行、基础单和生产需求身份，不复制孤立页面 Mock (1.488542ms)
✔ MOCK-009：重置只重载隔离的运行态，不清除用户浏览器数据 (0.214084ms)
✔ B01/B03：短收保留在途和采购缺口；重复扫描、生成和刷新不双记 (0.4955ms)
✔ B02/B04：多收、错 SKU、错仓和无权限动作不改变任意下游数量；恢复后正常收齐 (1.362541ms)
✔ 采购追加：未开始同步计划，已执行保留原计划和实物并处理变更 (2.227792ms)
✔ B21：保存失败不报成功、不留部分库存；成功后刷新读取同一采购和收货事实 (1.142292ms)
✔ 采购→两种规格截断→拆包回仓→分配发料→生产实收：短收保留缺口，库存及采购不双记 (29.253125ms)
✔ B09：其他需求占用400米时不能再占650；释放50后恢复，错误发料不改变库存 (5.252916ms)
✔ 需求来源：同尺码不同成衣SKU分别保留，BOM适用范围生效，错误快照和重复工序阻断 (0.56275ms)
✔ 待打头条料不计合格产出；超公差实物记不良且照实扣下料当量，未实收不可截断 (32.514584ms)
✔ N04：采购100米→单端硅胶按kg实耗→回仓发料→生产实收50根，连续料剩34米 (25.946583ms)
✔ B15：截断后取消保留1000根在制和1260米当量，释放未发占用并只退连续余料 (24.458333ms)
✔ 已回仓部分发料后取消：释放未发分配，冻结实存，已发在途保留且实收不恢复需求 (15.681292ms)
✔ N02规范数值：采购→实际加工→生产实收及米料/辅材退仓整链 (75.032417ms)
✔ N03规范数值：采购→实际加工→生产实收及米料/辅材退仓整链 (58.681ms)
✔ N04规范数值：采购→实际加工→生产实收及米料/辅材退仓整链 (61.457ms)
✔ B06规范恢复：误装100根报废→补购100米并补做→生产实收1000根，三套实物账守恒 (121.374833ms)
✔ N05合并批：120米采购→102米合并投入→两生产单各实收100，B17独立副本拆100为40+60 (85.992917ms)
✔ B17合并批：120米采购→102米合并投入→两生产单各实收100，B17独立副本拆100为40+60 (99.252125ms)
✔ N01～N05基础原料重量账：源仓实收→发出→工厂实收→耗用/余料→原仓实收，与米制产出独立 (242.857375ms)
✔ 主生产单暂停/取消直接限制织带执行，已发实收保留且取消处置释放未发占用 (61.052833ms)
✔ 冷启动及旧标签页均读取已保存主单限制，损坏来源不默许执行 (0.246208ms)
✔ 印花交出按两种长度分配，原单分次实收唯一记账，随后截断/回仓/领料守恒 (941.68325ms)
✔ 主单离页保存保留其他页取消及新增单，同单并发编辑和存储失败不覆盖 (1.842542ms)
✔ 技术包换版后旧规格冻结，已交出的仓库及生产在途可实收且不改旧长度 (60.393458ms)
✔ 未发料换版释放旧占用，新需求从备料至生产实收，旧预览和已执行重算阻断 (90.856833ms)
✔ 已加工换版：旧200条冻结并释放未发分配，新550/700mm需求实收1000条，旧预览失效且库存守恒 (117.835791ms)
✔ B05实际410/590错配：短条余量冻结，连续余料8米补10条700mm至两规格生产实收 (292.490709ms)
✔ 加工计划时间独立保存：明确时区、并发版本阻断、实际节点不倒推开完工且库存不变 (33.2375ms)
✔ 加工单费用按技术包需求计价：单位、币种和版本可追溯，库存与实收不被费用动作改变 (26.452875ms)
✔ 实际接单开工完工：分批实收开工、逐规格和余料门禁，完工不等于仓收或生产满足 (111.827125ms)
✔ B23未执行采购1000减900：版本留痕、旧预览阻断、重接单后900实际生产实收 (54.73175ms)
✔ B24实收1000退100：仓库交出与TMF分次实收独立，原收保留且净900后减量 (91.42725ms)
✔ 采购取消门禁：无执行事实可取消，已收货或已生产必须先处置不能直接结案 (46.8945ms)
(node:51903) ExperimentalWarning: localStorage is not available because --localstorage-file was not provided.
(Use `node --trace-warnings ...` to show where the warning was created)
✔ PMS采购实际仓库实收与原料库存一次保存；分批、刷新、原料使用和退回均不重复履约 (144.729875ms)
✔ 历史手工到货及不支持的单位不能直接变成投入料可用库存 (0.373084ms)
✔ 首次实收前供应商确认与关闭可刷新恢复，保存失败和损坏存储不会覆盖状态 (0.429959ms)
✔ N01采用路线按染色→印花关联原单，多尺码不重复列工序，不修改印染数量 (1.290125ms)
✔ 旧版本、错误SKU、码制单位、取消或变更待处理均不作为有效关联 (0.234458ms)
✔ 同号不同生产单或BOM不得关联，重复来源不静默选择，混合快照阻断 (0.248125ms)
✔ 编辑器按尺码保留规格，截断打头不新建SKU，重复保存沿用节点身份 (3.151959ms)
✔ 无印染要求时 TMF 路线只生成截断节点，不凭空生成染色或印花节点 (0.236958ms)
✔ 前序印染产出SKU作为截断投入；保留独立橡筋工艺，移除打头后下游连接截断 (0.6155ms)
✔ 未明确打头、错误辅料BOM、无半成品和不合法前序不能生成可执行路线 (0.162375ms)
(node:51906) ExperimentalWarning: localStorage is not available because --localstorage-file was not provided.
(Use `node --trace-warnings ...` to show where the warning was created)
✔ N01：400 条 50CM 和 600 条 70CM 分行计算，共 620 米；未增加 SKU (1.68075ms)
✔ 缺少尺码数量、非整数条数、公差或测量条件时不猜测需求 (0.600042ms)
✔ B07：未选择打头、缺少端头方式或辅材不能确认；支持两端不同端头 (0.396042ms)
✔ N04/B08：硅胶按重量且必须有覆盖长度，不作为独立金属头计数 (0.165833ms)
✔ B18：打头只能承接对应截断条料，不能换 SKU、换长度或重新领连续料 (0.525584ms)
✔ N05：规格相同可以合并，但尺码、用途和需求身份不靠物理规格键代替 (0.182208ms)
✔ B14：修改后续版本端头要求不能污染生产单历史快照 (1.053291ms)
✔ 发布门禁：含织带截断工序的技术包必须规格完整且规格仍关联当前 BOM (0.338166ms)
ℹ tests 405
ℹ suites 0
ℹ pass 405
ℹ fail 0
ℹ cancelled 0
ℹ skipped 0
ℹ todo 0
ℹ duration_ms 7855.395583
vite v6.4.3 building for production...
transforming...
✓ 2679 modules transformed.
rendering chunks...
[plugin vite:reporter] 
(!) /Users/laoer/Documents/higoods/src/data/app-shell-config.ts is dynamically imported by /Users/laoer/Documents/higoods/src/router/routes.ts but also statically imported by /Users/laoer/Documents/higoods/src/components/shell.ts, /Users/laoer/Documents/higoods/src/state/store.ts, dynamic import will not move module into another chunk.

[plugin vite:reporter] 
(!) /Users/laoer/Documents/higoods/src/data/fcs/printing-task-domain.ts is dynamically imported by /Users/laoer/Documents/higoods/src/data/fcs/dyeing-task-domain.ts, /Users/laoer/Documents/higoods/src/data/fcs/tmf-upstream-process-orders.ts, /Users/laoer/Documents/higoods/src/data/pms/tmf-material-purchases.ts, /Users/laoer/Documents/higoods/src/pages/process-factory/accessory/webbing/work-order-detail.ts, /Users/laoer/Documents/higoods/src/pages/process-factory/accessory/webbing/work-order-detail.ts but also statically imported by /Users/laoer/Documents/higoods/src/data/fcs/cutting/material-prep.ts, /Users/laoer/Documents/higoods/src/data/fcs/cutting/supplement-node-facts.ts, /Users/laoer/Documents/higoods/src/data/fcs/design-revision-material-transfer.ts, /Users/laoer/Documents/higoods/src/data/fcs/design-revision-process-work-order-adapter.ts, /Users/laoer/Documents/higoods/src/data/fcs/factory-receiving-links.ts, /Users/laoer/Documents/higoods/src/data/fcs/factory-receiving-source-sync.ts, /Users/laoer/Documents/higoods/src/data/fcs/mobile-execution-task-index.ts, /Users/laoer/Documents/higoods/src/data/fcs/pda-start-link.ts, /Users/laoer/Documents/higoods/src/data/fcs/printing-factory-demos.ts, /Users/laoer/Documents/higoods/src/data/fcs/printing-material-receipts.ts, /Users/laoer/Documents/higoods/src/data/fcs/printing-statistics.ts, /Users/laoer/Documents/higoods/src/data/fcs/printing-warehouse-view.ts, /Users/laoer/Documents/higoods/src/data/fcs/printing-work-order-business.ts, /Users/laoer/Documents/higoods/src/data/fcs/process-action-writeback-service.ts, /Users/laoer/Documents/higoods/src/data/fcs/process-execution-writeback.ts, /Users/laoer/Documents/higoods/src/data/fcs/process-mobile-task-binding.ts, /Users/laoer/Documents/higoods/src/data/fcs/process-warehouse-linkage-service.ts, /Users/laoer/Documents/higoods/src/data/fcs/process-web-status-actions.ts, /Users/laoer/Documents/higoods/src/data/fcs/process-work-order-domain.ts, /Users/laoer/Documents/higoods/src/data/fcs/process-work-order-generation-service.ts, /Users/laoer/Documents/higoods/src/data/fcs/production-demand-early-process-work-orders.ts, /Users/laoer/Documents/higoods/src/data/fcs/production-object-overview.ts, /Users/laoer/Documents/higoods/src/data/fcs/production-process-work-order-service.ts, /Users/laoer/Documents/higoods/src/data/fcs/task-print-cards.ts, /Users/laoer/Documents/higoods/src/pages/pda-exec-detail.ts, /Users/laoer/Documents/higoods/src/pages/pda-exec.ts, /Users/laoer/Documents/higoods/src/pages/pda-task-receive.ts, /Users/laoer/Documents/higoods/src/pages/print/templates/printing-work-order-template.ts, /Users/laoer/Documents/higoods/src/pages/process-factory/cutting/production-order-overview-projection.ts, /Users/laoer/Documents/higoods/src/pages/process-factory/dyeing/pending-receipts.ts, /Users/laoer/Documents/higoods/src/pages/process-factory/printing/dashboards.ts, /Users/laoer/Documents/higoods/src/pages/process-factory/printing/dialogs.ts, /Users/laoer/Documents/higoods/src/pages/process-factory/printing/dispatch.ts, /Users/laoer/Documents/higoods/src/pages/process-factory/printing/events.ts, /Users/laoer/Documents/higoods/src/pages/process-factory/printing/presentation.ts, /Users/laoer/Documents/higoods/src/pages/process-factory/printing/shared.ts, /Users/laoer/Documents/higoods/src/pages/process-factory/printing/statistics.ts, /Users/laoer/Documents/higoods/src/pages/process-factory/printing/work-order-detail.ts, /Users/laoer/Documents/higoods/src/pages/process-print-orders.ts, /Users/laoer/Documents/higoods/src/pages/process-work-orders/early-process-management.ts, /Users/laoer/Documents/higoods/src/runtime/fcs/cutting/pickup-management-runtime.ts, dynamic import will not move module into another chunk.

computing gzip size...
dist/index.html                                                           1.12 kB │ gzip:   0.61 kB
dist/assets/pcs-pattern-parse.worker-B3_rAVMB.js                         18.52 kB
dist/assets/source-views-23Nr_RHD.css                                    34.63 kB │ gzip:   7.04 kB
dist/assets/index-DUNYGJdm.css                                          155.39 kB │ gzip:  25.44 kB
dist/assets/pcs-project-demo-seed-service-COOi2Kbg.js                     0.06 kB │ gzip:   0.08 kB
dist/assets/store-domain-quality-bootstrap-BxGUHJfx.js                    0.37 kB │ gzip:   0.25 kB
dist/assets/sample-warehouse-projection-CATFumCL.js                       0.39 kB │ gzip:   0.25 kB
dist/assets/tech-pack-DCBxQR2y.js                                         0.55 kB │ gzip:   0.30 kB
dist/assets/dialogs-HM6-fRyB.js                                           0.58 kB │ gzip:   0.31 kB
dist/assets/pcs-style-demo-image-GDjoPqJf.js                              0.59 kB │ gzip:   0.28 kB
dist/assets/transfer-bag-handover-mock-fn0rGFiX.js                        0.63 kB │ gzip:   0.41 kB
dist/assets/pcs-reset-placeholder-CBqUTWJL.js                             0.72 kB │ gzip:   0.45 kB
dist/assets/badge-BtiUbtX8.js                                             0.78 kB │ gzip:   0.42 kB
dist/assets/images-Q79qfJD0.js                                            0.80 kB │ gzip:   0.35 kB
dist/assets/placeholder-DtCDEHIn.js                                       0.81 kB │ gzip:   0.44 kB
dist/assets/pms-export-4iiIqHg-.js                                        0.83 kB │ gzip:   0.50 kB
dist/assets/trace-e0OuKXCq.js                                             0.85 kB │ gzip:   0.49 kB
dist/assets/execution-prep-projection-helpers-CvbcUdr_.js                 0.90 kB │ gzip:   0.44 kB
dist/assets/runtime-DY769RIr.js                                           0.90 kB │ gzip:   0.61 kB
dist/assets/history-Dydd-0Ac.js                                           0.94 kB │ gzip:   0.60 kB
dist/assets/payment-sync-BW5Zq721.js                                      0.97 kB │ gzip:   0.61 kB
dist/assets/dialogs-DYBLQaWX.js                                           1.04 kB │ gzip:   0.48 kB
dist/assets/print-service-Chq61wbl.js                                     1.04 kB │ gzip:   0.52 kB
dist/assets/process-work-order-generation-service-Bafjb47w.js             1.07 kB │ gzip:   0.65 kB
dist/assets/pda-sewing-self-return-mode-CVT5AEl1.js                       1.07 kB │ gzip:   0.54 kB
dist/assets/pda-runtime-CFv4BgSD.js                                       1.07 kB │ gzip:   0.59 kB
dist/assets/detail.adapter-C09E_Si5.js                                    1.08 kB │ gzip:   0.68 kB
dist/assets/dyeing-material-receipts-BJZPqYVR.js                          1.10 kB │ gzip:   0.73 kB
dist/assets/overview-oVehcl67.js                                          1.25 kB │ gzip:   0.69 kB
dist/assets/process-work-order-source-view-D25en4XI.js                    1.29 kB │ gzip:   0.58 kB
dist/assets/work-order-action-policy-BbQLunTB.js                          1.34 kB │ gzip:   0.68 kB
dist/assets/real-qr-CuxqBD0z.js                                           1.48 kB │ gzip:   0.83 kB
dist/assets/filter-bar-Br71QzMk.js                                        1.49 kB │ gzip:   0.81 kB
dist/assets/material-identity-AggMYLYy.js                                 1.54 kB │ gzip:   0.85 kB
dist/assets/supplement-material-prep-demand-registry-DI-N3DvB.js          1.56 kB │ gzip:   0.75 kB
dist/assets/task-handover-domain-mn7eVo6i.js                              1.56 kB │ gzip:   0.76 kB
dist/assets/work-order-detail-DzD2ksCV.js                                 1.57 kB │ gzip:   0.73 kB
dist/assets/warehouse-shared-D6t2m2V9.js                                  1.57 kB │ gzip:   0.51 kB
dist/assets/pda-cutting-wait-handover-actions-DqD---xw.js                 1.58 kB │ gzip:   0.62 kB
dist/assets/production-contract-print-YNvJFGAL.js                         1.68 kB │ gzip:   1.02 kB
dist/assets/task-chain-pages-adapter-Dhx6SHYe.js                          1.71 kB │ gzip:   0.84 kB
dist/assets/wool-pda-scan-DBWRbEIn.js                                     1.76 kB │ gzip:   0.98 kB
dist/assets/tmf-work-order-view-B-Ak9hr1.js                               1.79 kB │ gzip:   0.88 kB
dist/assets/real-barcode-BaUqeIt4.js                                      1.81 kB │ gzip:   0.96 kB
dist/assets/tmf-upstream-receiving-CaCuVH7-.js                            1.82 kB │ gzip:   1.14 kB
dist/assets/list-export-yPxMqE0d.js                                       1.86 kB │ gzip:   1.09 kB
dist/assets/toast-CPY45PYH.js                                             1.87 kB │ gzip:   0.90 kB
dist/assets/kol-goto-fixed-total-ledger-DcZN5fpV.js                       1.93 kB │ gzip:   0.92 kB
dist/assets/printing-sheet-preview-BA0u4Y7l.js                            1.94 kB │ gzip:   1.02 kB
dist/assets/table-Cp3wpTvK.js                                             2.04 kB │ gzip:   1.02 kB
dist/assets/pda-cutting-simple-cut-piece-handover-CuNNDlBJ.js             2.10 kB │ gzip:   1.10 kB
dist/assets/binding-process-pda-scan-yuPFEEPY.js                          2.18 kB │ gzip:   1.13 kB
dist/assets/special-craft-pda-scope-Mlxfe2-o.js                           2.22 kB │ gzip:   1.02 kB
dist/assets/helpers-BFKa6pUf.js                                           2.42 kB │ gzip:   1.21 kB
dist/assets/pms-excel-import-DnMCWv6B.js                                  2.66 kB │ gzip:   1.32 kB
dist/assets/shared-6vQ8fu-T.js                                            2.70 kB │ gzip:   1.02 kB
dist/assets/process-order-list-presentation-BDJvjJrf.js                   2.71 kB │ gzip:   1.27 kB
dist/assets/marker-plan-projection-sVK7NA92.js                            2.71 kB │ gzip:   1.17 kB
dist/assets/post-finishing-spu-technical-parameters-DtAsdinJ.js           2.77 kB │ gzip:   1.28 kB
dist/assets/authorization-code-BMkQRecx.js                                2.81 kB │ gzip:   1.38 kB
dist/assets/progress-board-DbdrMm_9.js                                    2.95 kB │ gzip:   1.42 kB
dist/assets/process-order-task-relations-CMLZao0A.js                      2.97 kB │ gzip:   1.29 kB
dist/assets/product-skus-CEt6Fukj.js                                      3.03 kB │ gzip:   0.96 kB
dist/assets/tmf-upstream-process-orders-CFcIxb-y.js                       3.07 kB │ gzip:   1.49 kB
dist/assets/tabs-DltmufNd.js                                              3.09 kB │ gzip:   0.93 kB
dist/assets/pda-cutting-runtime-action-inputs-Q6lcqGxp.js                 3.09 kB │ gzip:   1.07 kB
dist/assets/confirmation-print-CPcFKCVZ.js                                3.09 kB │ gzip:   1.31 kB
dist/assets/trade-subjects-B1U82DIE.js                                    3.16 kB │ gzip:   1.12 kB
dist/assets/task-route-card-DCQ86XHF.js                                   3.36 kB │ gzip:   1.46 kB
dist/assets/cutting-mainline-ZV2HB52R.js                                  3.41 kB │ gzip:   1.53 kB
dist/assets/task-delivery-card-MinCz86H.js                                3.42 kB │ gzip:   1.54 kB
dist/assets/transfer-bags-projection-CrdbrlAd.js                          3.52 kB │ gzip:   1.48 kB
dist/assets/binding-process-warehouse-linkage-service-Ctjqhlk7.js         3.63 kB │ gzip:   1.38 kB
dist/assets/fcs-route-links-CAuCe2WN.js                                   3.67 kB │ gzip:   1.20 kB
dist/assets/quality-chain-adapter-sCWAUDHG.js                             3.68 kB │ gzip:   1.66 kB
dist/assets/shared-S603qxx1.js                                            3.70 kB │ gzip:   1.68 kB
dist/assets/engineering-file-upload-lx2SGZVm.js                           3.72 kB │ gzip:   1.68 kB
dist/assets/shared-8LSuQyLT.js                                            3.86 kB │ gzip:   1.62 kB
dist/assets/wls-page-handlers-z1FFX2Zh.js                                 3.87 kB │ gzip:   1.30 kB
dist/assets/tmf-process-print-preview-Q1yEmgbG.js                         3.87 kB │ gzip:   1.83 kB
dist/assets/transfer-bag-repack-mock-DiJBWJff.js                          3.90 kB │ gzip:   1.80 kB
dist/assets/sewing-outsourcing-demo-DLcR2ue9.js                           3.90 kB │ gzip:   1.56 kB
dist/assets/dashboards-CHw-2GNZ.js                                        4.01 kB │ gzip:   1.98 kB
dist/assets/transit-simple-lists-Bcc_JXn7.js                              4.10 kB │ gzip:   1.44 kB
dist/assets/pda-wool-warehouse-flows-CaFD8CJ8.js                          4.32 kB │ gzip:   2.31 kB
dist/assets/form-ByUe5viD.js                                              4.37 kB │ gzip:   1.38 kB
dist/assets/sewing-outsourcing-responsibility-BN22tpvQ.js                 4.37 kB │ gzip:   1.93 kB
dist/assets/supplement-order-registry-CHnc7juB.js                         4.49 kB │ gzip:   1.76 kB
dist/assets/routes-pda-D1tnv0bx.js                                        4.60 kB │ gzip:   1.75 kB
dist/assets/preparation-material-receipt-sources-C0jgUeAF.js              4.67 kB │ gzip:   1.95 kB
dist/assets/relations-D9Jw0DZt.js                                         4.72 kB │ gzip:   2.15 kB
dist/assets/layout.helpers-CgyJYzWO.js                                    4.76 kB │ gzip:   1.73 kB
dist/assets/runtime-task-tenders-YGz6fHpq.js                              4.76 kB │ gzip:   1.94 kB
dist/assets/process-order-list-controller-BAXtE4cb.js                     4.79 kB │ gzip:   1.85 kB
dist/assets/transit-dashboard-DAdRocpQ.js                                 4.81 kB │ gzip:   2.02 kB
dist/assets/result-list-Bfa5SkDi.js                                       4.93 kB │ gzip:   2.06 kB
dist/assets/store-domain-dispatch-process-Dr9olI0H.js                     4.98 kB │ gzip:   1.94 kB
dist/assets/process-work-order-quality-settlement-ZFuaVQJt.js             5.33 kB │ gzip:   2.20 kB
dist/assets/dispatch-task-sheet-BY3zV8f5.js                               5.52 kB │ gzip:   2.64 kB
dist/assets/routes-pcs-CRBHCelm.js                                        5.58 kB │ gzip:   1.60 kB
dist/assets/production-contract-center-CsgglYU-.js                        5.71 kB │ gzip:   2.45 kB
dist/assets/process-order-three-axis-view-C1YcRP_J.js                     5.71 kB │ gzip:   2.30 kB
dist/assets/pda-cutting-nav-context-BGOmNLbe.js                           5.95 kB │ gzip:   1.40 kB
dist/assets/material-handover-CoKsWUG4.js                                 6.15 kB │ gzip:   2.39 kB
dist/assets/fcs-pda-pickup-dispute-BYXsjdKi.js                            6.16 kB │ gzip:   2.18 kB
dist/assets/statistics-CRlI3y1L.js                                        6.26 kB │ gzip:   1.88 kB
dist/assets/warehouse-standard-DqEgTkIj.js                                6.26 kB │ gzip:   2.07 kB
dist/assets/fact-view-JCe5p3kJ.js                                         6.32 kB │ gzip:   2.09 kB
dist/assets/craft-actions-BDFHRui4.js                                     6.33 kB │ gzip:   2.87 kB
dist/assets/pcs-project-technical-data-writeback-Dl9jVEI4.js              6.40 kB │ gzip:   2.48 kB
dist/assets/pda-notify-BBBCws2B.js                                        6.44 kB │ gzip:   2.36 kB
dist/assets/pda-transfer-bag-detail-C2a2FNSZ.js                           6.44 kB │ gzip:   2.32 kB
dist/assets/pcs-technical-data-tech-pack-list-C1dlERcV.js                 6.46 kB │ gzip:   2.45 kB
dist/assets/workbench-Df7spY6M.js                                         6.55 kB │ gzip:   2.65 kB
dist/assets/factory-receiving-links-CWOUOqt2.js                           6.55 kB │ gzip:   2.63 kB
dist/assets/sewing-outsourcing-supplement-tracking-D1IBrIxp.js            6.62 kB │ gzip:   2.89 kB
dist/assets/shared-C2Ncur1d.js                                            6.78 kB │ gzip:   2.50 kB
dist/assets/production-contract-master-template-Dbj16xsu.js               6.85 kB │ gzip:   2.74 kB
dist/assets/pda-cutting-execution-unit-DIEPHbd4.js                        7.11 kB │ gzip:   2.67 kB
dist/assets/dye-work-order-times-CxLziefL.js                              7.12 kB │ gzip:   2.52 kB
dist/assets/shared-kmerY30D.js                                            7.22 kB │ gzip:   2.53 kB
dist/assets/tmf-process-sheet-template-B2uoRurv.js                        7.22 kB │ gzip:   3.50 kB
dist/assets/pda-notify-detail-BQpd-3x0.js                                 7.32 kB │ gzip:   2.32 kB
dist/assets/pda-cutting-fei-ticket-numbering-DVnJrhmQ.js                  7.35 kB │ gzip:   2.45 kB
dist/assets/overview.helpers-BP2F5Yu8.js                                  7.36 kB │ gzip:   2.88 kB
dist/assets/pda-warehouse-C9xZ8M_2.js                                     7.43 kB │ gzip:   2.97 kB
dist/assets/settlement-flow-boundaries-DbkSNas3.js                        7.43 kB │ gzip:   2.53 kB
dist/assets/production-craft-dict-CN5cKVsZ.js                             7.51 kB │ gzip:   2.82 kB
dist/assets/sewing-outsourcing-return-tracking-sOXH5UkD.js                7.53 kB │ gzip:   2.82 kB
dist/assets/transit-warehouse-CGN4xIMS.js                                 7.54 kB │ gzip:   2.13 kB
dist/assets/workbench-D3410BpY.js                                         7.56 kB │ gzip:   3.10 kB
dist/assets/pda-cutting-transfer-bag-recovery-BO2pxrK5.js                 7.65 kB │ gzip:   3.21 kB
dist/assets/pcs-material-archive-detail-DlLz-tcq.js                       7.66 kB │ gzip:   2.68 kB
dist/assets/supplement-node-facts-TqfNXReE.js                             7.75 kB │ gzip:   2.85 kB
dist/assets/production-contracts-DqPrxf4l.js                              8.01 kB │ gzip:   2.72 kB
dist/assets/pda-cutting-transfer-bag-scrap-CEwbQEZd.js                    8.03 kB │ gzip:   3.33 kB
dist/assets/routes-pms-PH5uMBBq.js                                        8.09 kB │ gzip:   2.07 kB
dist/assets/progress-exception-lifecycle-BJx0gSBY.js                      8.09 kB │ gzip:   2.70 kB
dist/assets/statistics-DFc3a6bs.js                                        8.33 kB │ gzip:   3.61 kB
dist/assets/milestone-configs-B2eTnt6O.js                                 8.37 kB │ gzip:   2.91 kB
dist/assets/bom-templates-Br7_yp-y.js                                     8.47 kB │ gzip:   1.81 kB
dist/assets/pre-settlement-ledger-repository-CTWL-ew4.js                  8.64 kB │ gzip:   2.95 kB
dist/assets/pcs-pattern-library-config-BjArxQW3.js                        8.67 kB │ gzip:   2.34 kB
dist/assets/bom-templates-AIys4McO.js                                     8.80 kB │ gzip:   3.66 kB
dist/assets/fei-ticket-numbering-6Q656eFJ.js                              8.82 kB │ gzip:   3.09 kB
dist/assets/warehouses-zI9ocKIC.js                                        8.83 kB │ gzip:   2.08 kB
dist/assets/pda-cutting-shared-4hmnI8La.js                                8.83 kB │ gzip:   2.71 kB
dist/assets/yarn-shipments-Dm_3Mb4g.js                                    8.87 kB │ gzip:   4.01 kB
dist/assets/navigation-context-BbgNPtBw.js                                8.87 kB │ gzip:   2.46 kB
dist/assets/list-yUo1Uq62.js                                              8.97 kB │ gzip:   2.99 kB
dist/assets/pda-login-C6QIa9rE.js                                         9.03 kB │ gzip:   3.50 kB
dist/assets/sewing-pickup-slips-wZ2Na41p.js                               9.51 kB │ gzip:   3.57 kB
dist/assets/dye-work-order-online-domain-DZ1nVPw6.js                      9.52 kB │ gzip:   3.54 kB
dist/assets/production-receipts-n4zcVNC_.js                               9.58 kB │ gzip:   3.83 kB
dist/assets/production-return-fulfillment-Dd_gggM8.js                    10.00 kB │ gzip:   3.82 kB
dist/assets/purchase-suggestions-Duv_PHLl.js                             10.15 kB │ gzip:   3.10 kB
dist/assets/trade-subjects-B60EYRiM.js                                   10.19 kB │ gzip:   3.70 kB
dist/assets/pms-handlers-BhakHpJC.js                                     10.56 kB │ gzip:   2.35 kB
dist/assets/settings-CcFdLIZR.js                                         10.65 kB │ gzip:   3.21 kB
dist/assets/product-skus-DnZhQDdH.js                                     10.67 kB │ gzip:   4.11 kB
dist/assets/transit-receipts-DFaYFkBQ.js                                 10.92 kB │ gzip:   3.99 kB
dist/assets/task-breakdown-Dn0VwEiC.js                                   10.96 kB │ gzip:   4.02 kB
dist/assets/presentation-b8gwAfMc.js                                     10.96 kB │ gzip:   4.50 kB
dist/assets/tasks-BIrtKIuJ.js                                            11.20 kB │ gzip:   4.30 kB
dist/assets/material-transfers-Bg8Eri4F.js                               11.22 kB │ gzip:   3.89 kB
dist/assets/pda-exec-link-C1DDqqh5.js                                    11.29 kB │ gzip:   3.68 kB
dist/assets/material-prep-BrKoApIm.js                                    11.36 kB │ gzip:   2.65 kB
dist/assets/dyeing-warehouse-view-BmRhASO7.js                            11.45 kB │ gzip:   3.93 kB
dist/assets/warehouses-BJbcacEb.js                                       11.66 kB │ gzip:   4.20 kB
dist/assets/pickup-management-runtime-D5wyfemE.js                        12.15 kB │ gzip:   4.69 kB
dist/assets/process-statistics-domain-BBwmzCZp.js                        12.18 kB │ gzip:   3.97 kB
dist/assets/task-execution-adapter-BOSZj1dO.js                           12.21 kB │ gzip:   3.66 kB
dist/assets/wls-inbound-BFtFCHnU.js                                      12.28 kB │ gzip:   4.72 kB
dist/assets/bom-detail-3nOJTYXQ.js                                       12.33 kB │ gzip:   4.32 kB
dist/assets/returns-EoJZyY_1.js                                          12.34 kB │ gzip:   4.55 kB
dist/assets/handover-print-Cdicg3nF.js                                   12.37 kB │ gzip:   4.45 kB
dist/assets/cut-piece-return-warehouse-BZjK1u3o.js                       12.38 kB │ gzip:   4.34 kB
dist/assets/meta-CQCBOhpB.js                                             12.79 kB │ gzip:   2.87 kB
dist/assets/context-CfKT6DEB.js                                          12.97 kB │ gzip:   4.57 kB
dist/assets/responsibility-transfers-DsoUNe4_.js                         12.97 kB │ gzip:   4.85 kB
dist/assets/supplements-C03_jitQ.js                                      13.08 kB │ gzip:   4.71 kB
dist/assets/handover-records-BH-v94xn.js                                 13.11 kB │ gzip:   4.12 kB
dist/assets/wls-finished-inbound-BDU9ZC50.js                             13.12 kB │ gzip:   4.97 kB
dist/assets/pda-start-link-fodw37D2.js                                   13.35 kB │ gzip:   4.73 kB
dist/assets/printing-sheet-template-D1HTXTD2.js                          13.52 kB │ gzip:   4.77 kB
dist/assets/work-orders-BFE04Qh7.js                                      13.78 kB │ gzip:   4.64 kB
dist/assets/mobile-execution-task-index-B7_Fhrr3.js                      13.91 kB │ gzip:   3.69 kB
dist/assets/workbench-CjYkPRZ-.js                                        13.96 kB │ gzip:   4.02 kB
dist/assets/work-order-detail-CB9P4um6.js                                14.08 kB │ gzip:   4.44 kB
dist/assets/post-finishing-qc-print-template-xmI9aNjI.js                 14.40 kB │ gzip:   4.43 kB
dist/assets/work-orders-CzxZ0c-v.js                                      14.67 kB │ gzip:   4.75 kB
dist/assets/reports-CQe56L7i.js                                          14.70 kB │ gzip:   3.51 kB
dist/assets/full-flow-print-BYf2X_d2.js                                  14.84 kB │ gzip:   4.81 kB
dist/assets/cut-order-release-integration-CxBs5sKA.js                    15.02 kB │ gzip:   5.31 kB
dist/assets/progress-handover-order-VIMtHN0R.js                          15.06 kB │ gzip:   4.30 kB
dist/assets/pcs-engineering-tech-pack-workspace-C9Ql2Jv9.js              15.17 kB │ gzip:   5.41 kB
dist/assets/machines-0UettWXP.js                                         15.25 kB │ gzip:   4.99 kB
dist/assets/outbound-orders-CAuGMOri.js                                  15.28 kB │ gzip:   4.89 kB
dist/assets/pda-cutting-task-detail-BEqKyIYd.js                          15.46 kB │ gzip:   5.37 kB
dist/assets/simple-cut-piece-handover-fixtures-RkbwtSNe.js               15.85 kB │ gzip:   5.26 kB
dist/assets/progress-cutting-detail-HdQXctfA.js                          15.90 kB │ gzip:   3.73 kB
dist/assets/cut-order-supplement-fixture-BLwlKm5E.js                     15.93 kB │ gzip:   4.82 kB
dist/assets/pda-sewing-self-return-FdUrNbf8.js                           15.94 kB │ gzip:   5.25 kB
dist/assets/process-web-status-actions-BMw9sD2j.js                       15.95 kB │ gzip:   4.24 kB
dist/assets/garment-spu-replacement-Cgm8ouXs.js                          15.99 kB │ gzip:   4.84 kB
dist/assets/wls-garment-relabel-tasks-UinDV2j6.js                        16.11 kB │ gzip:   5.28 kB
dist/assets/handover-ledger-view-BLNH4PAG.js                             16.16 kB │ gzip:   4.44 kB
dist/assets/pda-notify-due-soon-CLh2nYME.js                              16.45 kB │ gzip:   5.51 kB
dist/assets/material-requirements-DsEd2RUG.js                            16.71 kB │ gzip:   5.64 kB
dist/assets/suppliers-CF8Vrskm.js                                        16.77 kB │ gzip:   4.64 kB
dist/assets/events-382dHpVL.js                                           16.87 kB │ gzip:   6.61 kB
dist/assets/sewing-cut-piece-return-workflow-gMRH4LPU.js                 17.12 kB │ gzip:   6.05 kB
dist/assets/warehouse-BfAv25Qf.js                                        17.20 kB │ gzip:   5.34 kB
dist/assets/production-confirmation-DhG2sU0f.js                          17.24 kB │ gzip:   5.89 kB
dist/assets/output-stock-CHRDkFHa.js                                     17.33 kB │ gzip:   6.50 kB
dist/assets/pda-handlers-Dup-XlgH.js                                     17.43 kB │ gzip:   4.59 kB
dist/assets/marker-spreading-projection-CpasUdZk.js                      17.47 kB │ gzip:   5.52 kB
dist/assets/sewing-cut-piece-responsibility-_dB7W2gD.js                  17.48 kB │ gzip:   5.24 kB
dist/assets/process-mobile-task-binding-BxT5ugxC.js                      17.52 kB │ gzip:   6.14 kB
dist/assets/bom-detail-6bT0yjNq.js                                       17.72 kB │ gzip:   5.71 kB
dist/assets/pda-warehouse-inbound-records-DSSkYOMb.js                    18.10 kB │ gzip:   5.08 kB
dist/assets/adjustments-BUphz5ZQ.js                                      18.11 kB │ gzip:   5.47 kB
dist/assets/purchase-demands-4BJv9-6b.js                                 18.24 kB │ gzip:   5.84 kB
dist/assets/platform-process-result-view-CJHxphlF.js                     18.48 kB │ gzip:   5.31 kB
dist/assets/store-domain-statement-source-adapter-pe9sg9N8.js            18.51 kB │ gzip:   5.29 kB
dist/assets/task-orders-LQxCcvBW.js                                      18.58 kB │ gzip:   6.27 kB
dist/assets/sewing-outsourcing-workbench-G1Dzi2qD.js                     18.59 kB │ gzip:   6.44 kB
dist/assets/pda-warehouse-outbound-records-C0jVTEjZ.js                   18.60 kB │ gzip:   5.30 kB
dist/assets/pda-warehouse-shared-bWAAB9Ep.js                             18.68 kB │ gzip:   5.57 kB
dist/assets/process-water-soluble-orders-C7bOr-yI.js                     18.74 kB │ gzip:   5.71 kB
dist/assets/production-demand-early-process-work-orders-BK4F3-mf.js      18.81 kB │ gzip:   5.60 kB
dist/assets/product-purchase-orders-DpqUVHxw.js                          18.90 kB │ gzip:   5.54 kB
dist/assets/materials-BA_owAdW.js                                        18.93 kB │ gzip:   4.79 kB
dist/assets/kol-goto-pda-domain-B593WSDn.js                              19.11 kB │ gzip:   6.49 kB
dist/assets/platform.adapter-Dd4PZseh.js                                 19.25 kB │ gzip:   6.09 kB
dist/assets/shared-B-bqk2Fe.js                                           19.42 kB │ gzip:   5.25 kB
dist/assets/audit-records-9AIequy9.js                                    19.59 kB │ gzip:   6.32 kB
dist/assets/stage-display-DjxAW1Vw.js                                    19.60 kB │ gzip:   6.92 kB
dist/assets/units-Qjin9Fb6.js                                            19.65 kB │ gzip:   5.86 kB
dist/assets/factory-sample-verification-flow-BUOkPGgy.js                 19.86 kB │ gzip:   4.87 kB
dist/assets/index-CU73DIY6.js                                            20.16 kB │ gzip:   5.20 kB
dist/assets/material-purchase-tracking-CD0xmda9.js                       20.18 kB │ gzip:   6.30 kB
dist/assets/pcs-engineering-master-list-1oodYN8t.js                      20.28 kB │ gzip:   6.88 kB
dist/assets/deduction-analysis-DwgNNQH3.js                               20.51 kB │ gzip:   5.81 kB
dist/assets/fei-ticket-numbering-D_n0RamW.js                             20.56 kB │ gzip:   5.65 kB
dist/assets/order-list-columns-q7YX3O9X.js                               20.57 kB │ gzip:   6.44 kB
dist/assets/overview.adapter-9SlVmxjK.js                                 20.65 kB │ gzip:   6.53 kB
dist/assets/work-order-detail-BZoNcJdE.js                                21.08 kB │ gzip:   6.64 kB
dist/assets/events-DbpDFr_L.js                                           21.10 kB │ gzip:   6.52 kB
dist/assets/pcs-engineering-master-view-model-C42LvNWv.js                21.22 kB │ gzip:   7.07 kB
dist/assets/suppliers-BiGtyznH.js                                        21.35 kB │ gzip:   6.79 kB
dist/assets/cut-piece-returns-BSk6t3Vo.js                                21.49 kB │ gzip:   6.45 kB
dist/assets/cut-piece-handover-CELG8WgR.js                               21.69 kB │ gzip:   6.91 kB
dist/assets/progress-cutting-overview-M9S4bbM0.js                        21.87 kB │ gzip:   4.94 kB
dist/assets/tasks-DqPW3afk.js                                            21.94 kB │ gzip:   6.94 kB
dist/assets/material-issue-BRoGk2s2.js                                   21.96 kB │ gzip:   5.15 kB
dist/assets/pms-purchase-orders-C9tTaZ1H.js                              22.03 kB │ gzip:   6.44 kB
dist/assets/pcs-project-detail-support-CwKBkBNo.js                       22.04 kB │ gzip:   6.78 kB
dist/assets/routes-wls-aj_Q4egX.js                                       22.05 kB │ gzip:   7.12 kB
dist/assets/qc-workbench-Uc6ZcGp6.js                                     22.27 kB │ gzip:   6.86 kB
dist/assets/recheck-orders-v1cVWZXT.js                                   22.44 kB │ gzip:   7.03 kB
dist/assets/production-order-duration-Bmu-5pEQ.js                        22.45 kB │ gzip:   8.53 kB
dist/assets/dye-work-order-online-view-BOKeA9_9.js                       22.46 kB │ gzip:   7.73 kB
dist/assets/warehouse-location-map-model-D9XLB-87.js                     22.50 kB │ gzip:   7.14 kB
dist/assets/subject-operations-Bo0JaprN.js                               22.54 kB │ gzip:   6.98 kB
dist/assets/material-statements-BnQRK0Mn.js                              22.61 kB │ gzip:   5.95 kB
dist/assets/progress-statistics-linkage-CFQSNZBx.js                      22.77 kB │ gzip:   6.51 kB
dist/assets/simple-cut-piece-handover-ui-NZEgIM9c.js                     22.99 kB │ gzip:   8.87 kB
dist/assets/purchase-suggestions-BzbvO2vw.js                             23.17 kB │ gzip:   7.23 kB
dist/assets/material-purchase-orders-B5hpPZZK.js                         23.24 kB │ gzip:   7.28 kB
dist/assets/process-print-orders-D09tN_zT.js                             23.49 kB │ gzip:   7.70 kB
dist/assets/process-order-task-links-C9NsDpVb.js                         23.52 kB │ gzip:   6.43 kB
dist/assets/pcs-handlers-CZD9gAAp.js                                     23.55 kB │ gzip:   6.11 kB
dist/assets/qc-orders-CVn7epTd.js                                        23.55 kB │ gzip:   7.29 kB
dist/assets/process-dye-orders-DSTC-ZLM.js                               23.66 kB │ gzip:   7.77 kB
dist/assets/machine-associations-CxC9p5Nr.js                             24.37 kB │ gzip:   7.23 kB
dist/assets/fcs-production-tech-pack-snapshot-CqR47XJ8.js                24.53 kB │ gzip:   6.14 kB
dist/assets/material-preparation-By71hbo6.js                             24.53 kB │ gzip:   8.58 kB
dist/assets/retired-process-history-CZ3uSOX2.js                          24.75 kB │ gzip:   6.40 kB
dist/assets/dialogs-D2xLICnV.js                                          24.85 kB │ gzip:   6.13 kB
dist/assets/wls-fabric-demand-board-BHjHJtLp.js                          25.05 kB │ gzip:   6.84 kB
dist/assets/kol-demands-yFiEEF-s.js                                      25.26 kB │ gzip:   7.33 kB
dist/assets/supplier-supply-archives-CxOEeYNA.js                         25.55 kB │ gzip:   7.40 kB
dist/assets/pda-warehouse-wait-handover--okxq4gN.js                      25.56 kB │ gzip:   6.36 kB
dist/assets/work-orders-BMc_lyPm.js                                      25.80 kB │ gzip:   8.84 kB
dist/assets/sample-approval-suggestions-DNrDSOW5.js                      25.87 kB │ gzip:   7.95 kB
dist/assets/progress-milestone-config-CgKcNq_G.js                        26.38 kB │ gzip:   5.62 kB
dist/assets/sample-warehouse-DJrrmrI6.js                                 26.54 kB │ gzip:   6.57 kB
dist/assets/marker-spreading-utils-L_XSfyRO.js                           26.71 kB │ gzip:   7.82 kB
dist/assets/third-party-factory-rating-DOh5uAyM.js                       26.97 kB │ gzip:   7.54 kB
dist/assets/pcs-channel-products-B2Ua7XWB.js                             27.03 kB │ gzip:   7.14 kB
dist/assets/warehouse-location-map-D__xLRZX.js                           27.06 kB │ gzip:   7.09 kB
dist/assets/pcs-pattern-library-detail-KILYHI_1.js                       27.53 kB │ gzip:   6.54 kB
dist/assets/pda-wool-fact-execution-DBpg5gVK.js                          27.78 kB │ gzip:   9.25 kB
dist/assets/warehouse-VVjM4Cyx.js                                        28.02 kB │ gzip:   9.30 kB
dist/assets/production-order-progress-tracking-vO80CNee.js               28.16 kB │ gzip:   9.19 kB
dist/assets/print-styles-BjQBw8jj.js                                     28.31 kB │ gzip:   4.01 kB
dist/assets/factory-status-DgiTaU8L.js                                   28.39 kB │ gzip:   6.00 kB
dist/assets/pcs-engineering-master-detail-DjzGAffE.js                    28.47 kB │ gzip:   8.34 kB
dist/assets/marker-plan-source-model-CC_Ew0K2.js                         28.80 kB │ gzip:   8.42 kB
dist/assets/logistics-reconciliations-BGabqtAl.js                        28.82 kB │ gzip:   8.85 kB
dist/assets/progress-cutting-exception-center-yBNI0QEO.js                28.95 kB │ gzip:   6.40 kB
dist/assets/material-reconciliations-DuE3CiYn.js                         29.27 kB │ gzip:   8.85 kB
dist/assets/handover-orders-DB9wD4Xt.js                                  29.98 kB │ gzip:   8.23 kB
dist/assets/early-process-management-BFFDv_iB.js                         30.01 kB │ gzip:   7.54 kB
dist/assets/pcs-config-workspace-DQeyOPuo.js                             30.69 kB │ gzip:   6.75 kB
dist/assets/base-orders-CQEZw2UD.js                                      31.07 kB │ gzip:  10.44 kB
dist/assets/capability-B7RKYJzx.js                                       31.61 kB │ gzip:   6.67 kB
dist/assets/material-archives-kn2j45cU.js                                31.87 kB │ gzip:   7.90 kB
dist/assets/garment-spu-replacements-Ch9KWYyp.js                         32.22 kB │ gzip:   9.05 kB
dist/assets/factory-performance-C-V6g9ZI.js                              32.27 kB │ gzip:   6.72 kB
dist/assets/dialogs-CmDoqgO1.js                                          32.44 kB │ gzip:   9.76 kB
dist/assets/task-detail-D-6GCmAY.js                                      32.45 kB │ gzip:   9.60 kB
dist/assets/pda-shell-c71QkKVG.js                                        32.86 kB │ gzip:   8.66 kB
dist/assets/process-warehouse-domain-SlPA1vK0.js                         32.93 kB │ gzip:   7.49 kB
dist/assets/cut-piece-return-domain-MRX3Y-SF.js                          33.07 kB │ gzip:   9.74 kB
dist/assets/pda-cutting-inbound-BWDV7Odp.js                              33.39 kB │ gzip:  10.01 kB
dist/assets/pcs-pattern-library-1GgAIvJh.js                              33.59 kB │ gzip:   7.61 kB
dist/assets/store-domain-settlement-seeds-ICTGz4OF.js                    33.63 kB │ gzip:   8.97 kB
dist/assets/warehouse-runtime-Ds4WK-Lr.js                                33.65 kB │ gzip:   8.61 kB
dist/assets/payment-requests-DlosKHcl.js                                 34.01 kB │ gzip:   8.92 kB
dist/assets/stage-orders-CbOjR0cn.js                                     34.05 kB │ gzip:  10.41 kB
dist/assets/pda-warehouse-stocktake-BBJBYjmZ.js                          34.41 kB │ gzip:   8.62 kB
dist/assets/stage-order-detail-InmmC1y2.js                               34.44 kB │ gzip:   9.96 kB
dist/assets/work-orders-CnShdFsc.js                                      34.44 kB │ gzip:  11.52 kB
dist/assets/work-order-detail-BqiwxvFz.js                                34.47 kB │ gzip:   9.36 kB
dist/assets/first-leg-logistics-DiJK7lI_.js                              34.57 kB │ gzip:   9.04 kB
dist/assets/pda-post-finishing-flow-Bq9ff_22.js                          34.74 kB │ gzip:   9.25 kB
dist/assets/dispatch-acceptance-sla-BVruxdDa.js                          34.87 kB │ gzip:   7.85 kB
dist/assets/pda-task-receive-detail-MvxlC_be.js                          35.18 kB │ gzip:   8.42 kB
dist/assets/pending-receipts-68dWm6Ma.js                                 35.21 kB │ gzip:  10.59 kB
dist/assets/water-soluble-orders-Cn8Z_H74.js                             35.80 kB │ gzip:  10.75 kB
dist/assets/pda-cutting-transfer-bag-repack-D8cq8rBs.js                  35.86 kB │ gzip:  10.07 kB
dist/assets/work-order-detail-CerS7m43.js                                36.04 kB │ gzip:   9.63 kB
dist/assets/pcs-technical-data-Bl8ZRgwj.js                               36.80 kB │ gzip:   9.83 kB
dist/assets/pcs-pattern-library-create-D_6ychS3.js                       36.84 kB │ gzip:   8.59 kB
dist/assets/special-processes-8kkf9Lxi.js                                37.14 kB │ gzip:   9.48 kB
dist/assets/first-leg-carriers-CtTpah05.js                               37.32 kB │ gzip:   9.87 kB
dist/assets/pda-quality-Cxr3p7ys.js                                      37.35 kB │ gzip:   9.75 kB
dist/assets/third-party-factory-comprehensive-assessment-hmrjqCBV.js     37.39 kB │ gzip:  11.03 kB
dist/assets/product-purchase-orders-CDDkEjFV.js                          37.53 kB │ gzip:   9.18 kB
dist/assets/cutting-statistics-ab-material-DHEj-gtu.js                   38.09 kB │ gzip:   8.61 kB
dist/assets/payment-requests-DaWjcsTY.js                                 38.11 kB │ gzip:   9.92 kB
dist/assets/warehouse-CyLCxjGO.js                                        38.43 kB │ gzip:  10.88 kB
dist/assets/material-purchase-orders-B7Wf5sV-.js                         38.87 kB │ gzip:  11.66 kB
dist/assets/pda-cutting-handover-Cjg55YN2.js                             38.92 kB │ gzip:  11.04 kB
dist/assets/fcs-handlers-sDWjHhvy.js                                     39.05 kB │ gzip:  11.73 kB
dist/assets/first-leg-shipments-wRmKwg9u.js                              39.79 kB │ gzip:   9.84 kB
dist/assets/wait-handover-runtime-DzBQn9uh.js                            41.17 kB │ gzip:  11.17 kB
dist/assets/pending-receipts-DmxyNgNZ.js                                 43.63 kB │ gzip:  15.54 kB
dist/assets/cutting-summary-Ch9koDA2.js                                  43.95 kB │ gzip:  11.46 kB
dist/assets/warehouse-D60MWdz4.js                                        44.06 kB │ gzip:  11.15 kB
dist/assets/handover-orders-DjO6SKdb.js                                  44.17 kB │ gzip:   8.79 kB
dist/assets/demand-domain-8vSwNAXP.js                                    44.45 kB │ gzip:   9.85 kB
dist/assets/pcs-material-archives-8dEYdxs2.js                            45.90 kB │ gzip:  10.28 kB
dist/assets/warehouse-DFeVg8Ia.js                                        46.13 kB │ gzip:  10.72 kB
dist/assets/batches-lmuOgBTq.js                                          46.41 kB │ gzip:   9.85 kB
dist/assets/dispatch-tenders-Bdvfrn0L.js                                 47.17 kB │ gzip:  12.22 kB
dist/assets/dyeing-CAntIbig.js                                           47.37 kB │ gzip:  10.15 kB
dist/assets/printing-DgmQszbt.js                                         47.38 kB │ gzip:  10.15 kB
dist/assets/other-BD0_b2oz.js                                            47.39 kB │ gzip:  10.17 kB
dist/assets/settlement-linked-mock-factory-BMKVVATr.js                   47.63 kB │ gzip:  14.43 kB
dist/assets/sewing-QE5aTSmY.js                                           48.40 kB │ gzip:  10.50 kB
dist/assets/progress-material-xTNXLy_k.js                                48.62 kB │ gzip:   9.31 kB
dist/assets/material-inventory-CHsuMVBe.js                               48.92 kB │ gzip:  12.54 kB
dist/assets/pda-task-receive-CFBZ-CON.js                                 49.09 kB │ gzip:  12.21 kB
dist/assets/pda-cutting-execution-source-5YsuhcgK.js                     49.85 kB │ gzip:  13.48 kB
dist/assets/supplier-confirmations-BJ9007tV.js                           49.87 kB │ gzip:  12.87 kB
dist/assets/pda-onboarding-DuZyMGbu.js                                   50.47 kB │ gzip:  10.75 kB
dist/assets/marker-plan-model-DG7Ttuvb.js                                51.45 kB │ gzip:  14.68 kB
dist/assets/pda-handover-CyIljit_.js                                     52.02 kB │ gzip:  13.84 kB
dist/assets/work-order-detail-Dc6jiRsI.js                                53.20 kB │ gzip:  16.66 kB
dist/assets/settlement-cutting-input-9Pa28YKz.js                         53.41 kB │ gzip:  10.98 kB
dist/assets/lace-factory-domain-DWjpwSUe.js                              53.67 kB │ gzip:  13.40 kB
dist/assets/pcs-part-template-library-CEWQYHxo.js                        53.72 kB │ gzip:  11.04 kB
dist/assets/progress-urge-B4eVKHzn.js                                    56.25 kB │ gzip:  11.36 kB
dist/assets/pda-cutting-spreading-BLZkBurn.js                            56.51 kB │ gzip:  13.05 kB
dist/assets/warehouse-location-map-DGDv0dBo.js                           56.75 kB │ gzip:  16.82 kB
dist/assets/marker-plan-occupancy-Cjrs0uDV.js                            57.04 kB │ gzip:  16.00 kB
dist/assets/wls-accessory-receipts-eQMgJR9p.js                           58.21 kB │ gzip:  14.76 kB
dist/assets/domain-snapshot-C4oEuCnY.js                                  59.22 kB │ gzip:  15.83 kB
dist/assets/cut-piece-release-CVrPhnh-.js                                59.95 kB │ gzip:  15.76 kB
dist/assets/pda-settlement-B32sLq-V.js                                   60.03 kB │ gzip:  13.63 kB
dist/assets/routes-fcs-C7FXqB3e.js                                       60.30 kB │ gzip:  12.55 kB
dist/assets/factory-profile-vcQfMsZW.js                                  61.07 kB │ gzip:  14.00 kB
dist/assets/pickup-management-list-BryYUTKn.js                           61.19 kB │ gzip:  17.04 kB
dist/assets/pcs-live-testing-BsbIfEu-.js                                 62.58 kB │ gzip:  15.73 kB
dist/assets/cutting-ouOi4Ad-.js                                          62.72 kB │ gzip:  12.92 kB
dist/assets/progress-handover-B8UPn5mD.js                                63.73 kB │ gzip:  13.52 kB
dist/assets/pcs-video-testing-BDXSBZxj.js                                64.75 kB │ gzip:  16.16 kB
dist/assets/output-documents-DV2Qi9a1.js                                 66.09 kB │ gzip:  22.59 kB
dist/assets/pda-exec-BD22jky4.js                                         66.83 kB │ gzip:  15.29 kB
dist/assets/pcs-sample-management-ByMmtV6p.js                            67.41 kB │ gzip:  15.31 kB
dist/assets/core-Cp9R7vur.js                                             67.44 kB │ gzip:  12.52 kB
dist/assets/cutting-daily-production-report-BnC79C0i.js                  67.91 kB │ gzip:  18.99 kB
dist/assets/pcs-channel-stores-CUw1D3sf.js                               69.17 kB │ gzip:  14.28 kB
dist/assets/context-Do8m27xY.js                                          69.38 kB │ gzip:  21.31 kB
dist/assets/sewing-dispatch-BcnzbHTy.js                                  69.44 kB │ gzip:  18.06 kB
dist/assets/progress-exceptions-C6OeXYwW.js                              70.25 kB │ gzip:  13.26 kB
dist/assets/qc-records-M6EuBxra.js                                       70.95 kB │ gzip:  15.93 kB
dist/assets/wait-handover-actions-BWbt5u9W.js                            71.77 kB │ gzip:  18.14 kB
dist/assets/special-craft-fei-ticket-flow-BkRPH00E.js                    72.38 kB │ gzip:  16.41 kB
dist/assets/transfer-bags-DufQ3mDu.js                                    72.63 kB │ gzip:  18.35 kB
dist/assets/factory-onboarding-BnuBmwtb.js                               75.17 kB │ gzip:  12.63 kB
dist/assets/pda-handover-detail-CLQRzh8p.js                              75.20 kB │ gzip:  18.38 kB
dist/assets/dialogs-CS-Ws9Ip.js                                          75.50 kB │ gzip:  18.65 kB
dist/assets/settlement-DPKLt9R7.js                                       75.54 kB │ gzip:  11.54 kB
dist/assets/orders-domain-UUIryZaJ.js                                    76.16 kB │ gzip:  16.84 kB
dist/assets/pcs-independent-sampling-DvYlPArG.js                         76.84 kB │ gzip:  19.52 kB
dist/assets/runtime-projections-CVtRiu4Y.js                              77.96 kB │ gzip:  18.41 kB
dist/assets/transfer-bag-operations-BRIpye2h.js                          78.01 kB │ gzip:  19.24 kB
dist/assets/process-action-writeback-service-D5t9OuCC.js                 78.03 kB │ gzip:  17.81 kB
dist/assets/production-progress-B6EybifW.js                              80.43 kB │ gzip:  20.27 kB
dist/assets/pda-warehouse-wait-process-BvWsUwei.js                       87.14 kB │ gzip:  21.06 kB
dist/assets/events-DJsSRuGG.js                                           89.97 kB │ gzip:  22.17 kB
dist/assets/factory-onboarding-flow-B7Km_ftb.js                          90.55 kB │ gzip:  23.29 kB
dist/assets/dispatch-DTHj7m4q.js                                         91.29 kB │ gzip:  27.75 kB
dist/assets/tmf-material-purchases-DFyeQqY6.js                           92.13 kB │ gzip:  25.14 kB
dist/assets/cut-orders-CyEosjG6.js                                       94.45 kB │ gzip:  24.32 kB
dist/assets/special-craft-task-orders-9qdTWSJN.js                        99.11 kB │ gzip:  26.77 kB
dist/assets/pcs-product-archives-pnhic4o7.js                            106.14 kB │ gzip:  21.43 kB
dist/assets/index-CBHwabKw.js                                           109.42 kB │ gzip:  39.83 kB
dist/assets/transfer-bag-return-model-CinzE0DU.js                       112.89 kB │ gzip:  26.60 kB
dist/assets/supplement-management-NOSHbK_y.js                           113.07 kB │ gzip:  29.85 kB
dist/assets/unified-dispatch-workbench-MQ2EV6w4.js                      117.90 kB │ gzip:  33.05 kB
dist/assets/statements-DdsPOktr.js                                      119.45 kB │ gzip:  24.43 kB
dist/assets/events-CexeCU7O.js                                          121.15 kB │ gzip:  31.24 kB
dist/assets/pcs-engineering-tasks-Bi-hlIG8.js                           121.81 kB │ gzip:  27.75 kB
dist/assets/context-j2M-1817.js                                         132.94 kB │ gzip:  34.37 kB
dist/assets/production-Ca8HDYpX.js                                      133.79 kB │ gzip:  27.35 kB
dist/assets/process-domain-Cuppc0pc.js                                  138.89 kB │ gzip:  25.93 kB
dist/assets/generated-fei-tickets-CBI0vCH9.js                           142.95 kB │ gzip:  36.13 kB
dist/assets/preparation-timing-Cy_o8r9G.js                              145.92 kB │ gzip:  34.38 kB
dist/assets/marker-plan-CPMnO4ZD.js                                     149.94 kB │ gzip:  35.34 kB
dist/assets/warehouse-hub-IMpjc7dK.js                                   152.62 kB │ gzip:  37.92 kB
dist/assets/marker-spreading-C66nJeMC.js                                153.90 kB │ gzip:  37.65 kB
dist/assets/return-inbound-BkjJqaL5.js                                  183.41 kB │ gzip:  33.52 kB
dist/assets/fei-tickets-DsdWDlfq.js                                     196.41 kB │ gzip:  43.82 kB
dist/assets/index--GzcKvNw.js                                           210.12 kB │ gzip:  66.49 kB
dist/assets/production-source-shared-DgDaK27n.js                        216.50 kB │ gzip:  43.44 kB
dist/assets/pcs-projects-CTalKvyz.js                                    231.97 kB │ gzip:  50.48 kB
dist/assets/pda-exec-detail-CyNN1Ssd.js                                 233.83 kB │ gzip:  54.23 kB
dist/assets/print-preview-BOeFgtGx.js                                   267.38 kB │ gzip:  70.12 kB
dist/assets/index-slkcohdZ.js                                           408.91 kB │ gzip:  91.47 kB
dist/assets/production-timeliness-UUvb4jyJ.js                           459.90 kB │ gzip: 115.01 kB
dist/assets/pda-Bu93AEIo.js                                             511.96 kB │ gzip:  85.41 kB
dist/assets/app-shared-Ppu3z7sI.js                                    2,851.22 kB │ gzip: 722.33 kB

(!) Some chunks are larger than 550 kB after minification. Consider:
- Using dynamic import() to code-split the application
- Use build.rollupOptions.output.manualChunks to improve chunking: https://rollupjs.org/configuration-options/#output-manualchunks
- Adjust chunk size limit for this warning via build.chunkSizeWarningLimit.
✓ built in 9.28s
