
> higoods-vanilla-clone@1.0.0 build
> npm run typecheck:engineering && npm test && vite build


> higoods-vanilla-clone@1.0.0 typecheck:engineering
> npm run typecheck:entrypoints && npm run typecheck:scopes


> higoods-vanilla-clone@1.0.0 typecheck:entrypoints
> tsc --project tsconfig.engineering.json


> higoods-vanilla-clone@1.0.0 typecheck:scopes
> node scripts/check-typescript-scope.mjs src/domain/ src/components/ui/ src/state/

TypeScript 全量既有错误：61
本次渐进检查范围：src/domain/、src/components/ui/、src/state/
范围内错误：0
范围外既有错误保留在全量 typecheck 中继续分批治理。

> higoods-vanilla-clone@1.0.0 test
> npm run test:unit


> higoods-vanilla-clone@1.0.0 test:unit
> node --import tsx --test tests/unit/*.test.ts

✔ 浏览器存储封装保持读写删除语义 (0.381209ms)
✔ 浏览器存储不可用或抛错时保持静默降级 (0.084792ms)
(node:16617) ExperimentalWarning: localStorage is not available because --localstorage-file was not provided.
(Use `node --trace-warnings ...` to show where the warning was created)
✔ MIG-001/002/006: management entry and handlers belong to FCS; PFOS keeps execution (0.906541ms)
✔ MIG-003/007: prep and execution read the same early order identities, quantities and match status (3623.754667ms)
✔ MIG-004/009: migrated dialogs retain candidate fields, actual material image and task outputs (0.7945ms)
✔ MIG-011: management and execution use the same seven business display columns (7.497583ms)
✔ MIG-007: early dye/print creation and cancellation survive reload (3415.94925ms)
✔ 解析带标签、小数和空格的长度数量 (0.458ms)
✔ 解析卷数并对不合法文本返回 0 (0.1055ms)
✔ 证据文件标识把连续空白收口为单个连字符 (0.140375ms)
(node:16620) ExperimentalWarning: localStorage is not available because --localstorage-file was not provided.
(Use `node --trace-warnings ...` to show where the warning was created)
✔ 设计改款可成批生成染色和印花加工单，且完整投影来源与上下游 (1802.552375ms)
✔ 设计改款加工单生成幂等，重复请求不增加单据 (14.211167ms)
✔ 同一设计改款任务的不同颜色和 BOM 行分别生成加工单 (9.95475ms)
✔ 成批提交失败时染色与印花加工单一起回滚 (12.850041ms)
✔ 设计改款来源缺关键引用或来源未知时必须阻断 (0.177833ms)
(node:16621) ExperimentalWarning: localStorage is not available because --localstorage-file was not provided.
(Use `node --trace-warnings ...` to show where the warning was created)
✔ 设计改款加工单等待买手审核成果，绑定真实附件后才可安排，先染后印继续受前序交出约束 (652.608875ms)
✔ 专业成果没有真实附件时保持未绑定 (12.301625ms)
(node:16622) ExperimentalWarning: localStorage is not available because --localstorage-file was not provided.
(Use `node --trace-warnings ...` to show where the warning was created)
✔ 可打印不等于可建交出单，必须完成真实标签打印 (0.448375ms)
✔ 卷规格无效时不可建交出单，且不改变原可打印判定语义 (0.0655ms)
✔ 人工完成印花加工单不再自动填充操作人 (395.313083ms)
✔ 日报窗口含截止日7天，重点日均独立使用前6天 (0.466292ms)
✔ 未知采购不填0，未BOM不输出完整确定订单需求 (0.101375ms)
✔ 突变必须绝对量与比例同时达到阈值 (0.056917ms)
✔ 截止日突变示例与未完结日不判定 (0.058541ms)
✔ 共享商品按SPU去重而不按关联行累加销量 (0.092208ms)
✔ 预选不产生确定用料；BOM需求保留物料归属 (0.784416ms)
✔ 同料BOM优先于预选，不重复关系及需量 (0.213459ms)
✔ 两个业务页具有独立容器、标准分页与证据边界 (27.887959ms)
✔ 未进入物料页面时 bridge 不加载业务；加载失败重试后首次渲染即已注册 (2.868ms)
✔ click 分组顺序、短路、选择器范围保持原行为，重新注册替换旧处理器 (0.719458ms)
✔ 备料写入守卫读取实时角色与水位，阻断时不调用业务处理器 (0.318291ms)
✔ input/change/keyboard 原入口、筛选范围和 change 优先级完整保留 (0.294625ms)
✔ health groups are exhaustive and mutually exclusive in demo (1.563708ms)
✔ coverage and baseline use same inventory plus transit but distinct demand windows (0.14675ms)
✔ zero demand is unavailable rather than infinity and huge finite quotient stays finite (0.168209ms)
✔ date selects different consistent snapshot (0.170583ms)
✔ threshold changes alter classification without changing facts (0.129416ms)
✔ health view carries core P1 business sections and mock caveat (13.488416ms)
✔ AT16 rules do not substitute brand, size or packaging method (0.84925ms)
✔ AT24 equal priority conflict blocks resolution and identifies rules (0.823917ms)
✔ higher explicit priority resolves a lower priority overlap (0.23075ms)
✔ plans distinguish garments and parcels and add loss once (0.356875ms)
✔ AT18 white pendant stock only allocated once (1.246417ms)
✔ event duplicate and old revision do not add consumption; reprints are activity only (0.323583ms)
✔ conflicting same revision fails instead of silently choosing a payload (0.214958ms)
✔ AT17/19/20 panel states unresolved ASAYA, independent kit80 and unknown ribbon (0.607875ms)
✔ trigger distinct from target, existing supply produces explainable zero (1.223417ms)
✔ missing mapping or usage and incompatible raw unit block unsafe generation (0.495916ms)
✔ generation reserves remaining once and shared raw pool across target rules (3.727ms)
✔ production does not increase stock; actual SKU and output bound partial receipts (0.357ms)
✔ cancelled suggestion releases commitment and raw allocation (0.139041ms)
✔ AT05 committed greige is not available for a second allocation (0.415334ms)
✔ AT06 partial receipt reduces expected supply; checking and qualified never duplicate (0.283125ms)
✔ AT07 unmapped target preserves quantities but gives no target coverage (0.077458ms)
✔ §7.2 loss reduces future supply; rejected receipts never become usable (0.056542ms)
✔ §7.3 unit/yield/route and conservation gaps block deterministic supply (0.089958ms)
✔ §7.3 candidate comparison reports remaining shortage and respects arrival deadline (0.121084ms)
✔ §7.3 zero gap stays zero and nonfinite inputs cannot produce advice (0.04425ms)
✔ panel uses owned local handlers and discloses mock and missing images (1.356ms)
✔ P2 coefficients and coverage exclude transit (7.58125ms)
✔ P2 coverage buckets have exclusive shared boundaries (0.867875ms)
✔ P2 partial receipts and completed batches count remaining only (0.0615ms)
✔ P2 latest overdue selected only if no future batch; today included (0.053833ms)
✔ P2 search transit and ETA filters compose (0.125333ms)
✔ P2 zero demand and missing BOM preserve distinct nulls; micro demand excluded (0.062708ms)
✔ P2 standard table renders and limits initial rows to first page (5.510375ms)
✔ AT01/02 internal reservation stays in coverage while external reservation is deducted (12.19975ms)
✔ AT03 quality segments are not usable (0.348292ms)
✔ AT04 partial receipt leaves remaining supply only (0.381541ms)
✔ AT08/38 late supply never erases earlier shortage (0.312125ms)
✔ AT09 intermediate deficit determines net need rather than positive closing balance (0.308458ms)
✔ AT10 MOQ and pack rounding, zero stays zero (0.229417ms)
✔ AT11 horizon begins at cutoff and is not expanded by lead time (0.315917ms)
✔ AT12 forecast covered by confirmed demand is excluded before coefficient (0.269084ms)
✔ AT13 no demand has no numeric coverage (0.604417ms)
✔ AT14 cancelling demand does not change stock (0.93975ms)
✔ AT15 latest event revision only (0.763167ms)
✔ AT16/17 directory preserves bag sizes and ASAYA duplicated input is one unresolved SKU (0.181416ms)
✔ AT18 three brands draw from one shared pool (0.313417ms)
✔ AT19/20 kit capacity respects minimum and missing conversion (0.193334ms)
✔ AT21 inactive/unusable stock remains physically visible (0.387125ms)
✔ AT23 affected order identifiers are unique (0.266958ms)
✔ AT25/26 draft does not mutate active and invalidates trial (0.122375ms)
✔ AT26/28 publish requires role and exact trial; history retained (0.335584ms)
✔ AT31 risk cannot close with remaining shortage or skip verification (0.188209ms)
✔ AT37 invalid dates, unknown timezone, bad numeric values rejected (0.094875ms)
✔ duplicate supply chain does not double count and blocks deterministic advice (0.086292ms)
✔ warehouse catalogue includes 17 locations and two garment warehouses (0.040666ms)
✔ candidate comparison retains pre-arrival risk (0.288792ms)
✔ SKU-specific policy wins and duplicate rules block publish (0.123125ms)
✔ 路由标准化移除 query 与 hash，但不改动路径 (0.6995ms)
✔ 只匹配路由根或其子路径，不误匹配相似前缀 (0.210292ms)
✔ 可在多个合法根路径中匹配一个 (0.139667ms)
✔ 只把完整生产确认单打印路由识别为命中 (0.185709ms)
✔ 物流商新增字段保存回显并写入操作日志 (4.061375ms)
✔ 物流商数字字段非负校验与运输方式枚举校验 (0.247625ms)
✔ 渠道新增字段保存回显，条件计费字段按计费方式保留 (0.3695ms)
✔ 整柜渠道不要求新增计费字段，仍要求四箱型完整配置 (0.123583ms)
✔ 渠道数字字段非负与时效区间校验 (0.146708ms)
✔ 头程批次聚合展示总箱数、总重量、总体积与转运天数 (0.417625ms)
✔ 工序链按保存顺序生效，合法工序集合固定，非法或重复工序被拒 (1.74425ms)
✔ 坯布 SKU 必填，坯布库存为 0 时调拨资格被拒，补足后恢复 (0.330875ms)
✔ 采购单按勾选 SKU 生成明细，数量与枚举非法被拒 (0.167ms)
✔ 调拨单可选择调出仓库与调入目标，同步生成加工单号链 (0.190875ms)
✔ 批量刷新库存更新全部监控行与刷新时间并写日志 (0.184333ms)
✔ 手动添加监控 SKU 校验 SKU 必填与重复，添加后进入列表 (0.242416ms)
✔ 物料申报扩展字段保存回显，26 项特殊属性按数组保存 (1.756584ms)
✔ 报关扩展：法定第二计量单位与数值，不报关分支跳过必填校验 (0.1495ms)
✔ BOM 业务选项与价格/成本、工厂、布料字段保存回显 (0.585333ms)
✔ 主体经营 9 项成本明细加调整重算总成本，数据缺失提醒可消除 (0.293083ms)
✔ 供应商从草稿到启用遵循状态机，名称唯一 (1.81825ms)
✔ 供货档案包装换算与快照版本 (0.19325ms)
✔ 物料全部有真实图片，采购补充信息可更新且不新增删除 (0.30775ms)
✔ 成衣与样衣 SKU 只读列表数据完整 (0.068458ms)
✔ 仓库同步更新时间，单位字典唯一且不可删除只可启停 (0.2565ms)
✔ BOM 用量可修改，说明可保存，发布后可生成面辅料需求 (1.200667ms)
✔ 面辅料需求种子就绪且可按物料行下推采购单 (4.078667ms)
✔ 快递信息导入校验采购单存在、单号唯一、日期与数量合法 (1.058709ms)
✔ 国内签收、加入头程、状态推进与到仓自动签收 (2.268417ms)
✔ 供应商确认单需标签齐备，确认后回写采购单 (1.599167ms)
✔ 整柜渠道必须完整配置四个箱型，物流商可启停 (0.680041ms)
✔ 面辅料采购单可带原因关闭，关闭后不能再登记到货 (0.373375ms)
✔ 库存监控触发线与建议量公式，规则异常阻断建单 (2.014834ms)
✔ 建单数量不得超过建议量，调拨与采购资格分别阻断 (0.348417ms)
✔ 中转看板指标、分布与筛选跳转规则 (0.512208ms)
✔ 生产单校验与配料任务只读数据完整，系统设置结果为 8/6/10 (0.192083ms)
✔ 种子采购单按 SRM 生成器规律补齐单据级与明细级字段 (0.665458ms)
✔ 新建做货采购单保存采购专员、加急、首单、区域与明细字段并可回显 (1.249584ms)
✔ 未传新增字段时沿用默认值并保持既有命令兼容 (0.2725ms)
✔ 采购专员必填、做货必须选区域、重量非负均抛出中文 PmsDomainError (0.515042ms)
✔ 编辑采购单保存新增字段并回显，非法输入被阻断 (0.421083ms)
✔ BOM 状态与 bomMatched 一致，未发布 BOM 的做货明细为未匹配 (0.213125ms)
✔ 行采购金额使用 roundPmsQty 且汇总等于逐行金额之和 (0.131125ms)
✔ 采购建议按缺口公式与折扣计算，并计入有效 KOL 申请 (0.662875ms)
✔ KOL 草稿与已驳回不计入建议缺口 (0.082166ms)
✔ 建议转采购单后写回已转数量与部分生成状态 (1.917208ms)
✔ 面辅料需求按 BOM 用量与损耗扣减库存和采购中 (0.998583ms)
✔ 重复生成、草稿采购单与非做货采购单均被阻断 (0.221833ms)
✔ KOL 单条超量需要二次确认，超过申请量直接阻断 (0.725542ms)
✔ 驳回 KOL 需求后不再计入建议缺口 (0.9785ms)
✔ 关闭采购单必须填写原因且已关闭不可重复关闭 (0.326417ms)
✔ 主体经营明细总成本、毛利与毛利率公式 (1.820208ms)
✔ 面辅料对账：预计/实际双层公式，费用项与差异双重门禁 (4.568791ms)
✔ 面辅料费用项部分确认、批量确认与编辑失效 (1.106167ms)
✔ 请款草稿跨页创建、请款与付款上限、编辑范围 (1.203541ms)
✔ 物流实际费用 12 列导入校验、不自动确认与确认后锁定 (0.868958ms)
✔ 请款单作废释放来源对账，已有付款不能作废 (0.434041ms)
✔ 供应商账单 9 列导入覆盖实际层且不自动确认 (0.424125ms)
✔ 金额大写按 RMB 规则输出并覆盖跨节零 (0.139541ms)
✔ 生成卷号按前缀、每卷米数、重量与起始序号生成并写入包装明细 (2.858292ms)
✔ 生成卷号时尾卷承载剩余数量，卷数按采购数量与每卷米数自动取整 (0.455916ms)
✔ 非法卷号参数被拒绝并抛出中文域错误 (0.302417ms)
✔ 生成标签后二维码内容包含卷号与箱规，参与打印 (0.234334ms)
✔ 箱规新增自动计算体积，重复箱号与非法尺寸被拒，删除后计数正确 (0.229792ms)
✔ 包装明细可新增与删除，非法输入被拒且删除后计数正确 (0.182167ms)
✔ 被包装明细引用的箱规不能删除 (0.080916ms)
✔ 供应商枚举与 SRM 完全一致，旧枚举不再出现 (1.00775ms)
✔ 种子字段满足 SRM 枚举且协同指标为数字 (0.129792ms)
✔ 新增字段保存并回显，成功命令写入操作日志 (1.078458ms)
✔ 编辑保存新增字段并保持状态机与事件名不变 (0.191375ms)
✔ 非法或缺失输入抛 PmsDomainError 且不写入数据 (0.213042ms)
✔ 详情与列表展示新增字段、SRM 枚举与协同指标 (14.700291ms)
(node:16646) ExperimentalWarning: localStorage is not available because --localstorage-file was not provided.
(Use `node --trace-warnings ...` to show where the warning was created)
✔ RETURN-010: only the acceptance week Sunday is skipped, for every starting weekday (0.565125ms)
✔ RETURN-004—010: both projections share counting dates and ceil targets (0.276125ms)
(node:16647) ExperimentalWarning: localStorage is not available because --localstorage-file was not provided.
(Use `node --trace-warnings ...` to show where the warning was created)
✔ 实际耗时跨周日仍按真实时间差；没有可靠时间不造耗时 (0.43725ms)
✔ 每任务都达成才结束；同一来源去重，作废明细不影响主表 (0.146ms)
✔ 耗时页 Mock 至少覆盖九张生产单和全部节点，且下游事实不会越过未完成的前置节点 (602.291958ms)
✔ 裁片放行按一张放行单内的多次放行展示并选取节点起止时间 (44.978416ms)
(node:16648) ExperimentalWarning: localStorage is not available because --localstorage-file was not provided.
(Use `node --trace-warnings ...` to show where the warning was created)
✔ EXC-001—004: a reference mark cannot change debt, strict kits or final task responsibility (8.32525ms)
(node:16649) ExperimentalWarning: localStorage is not available because --localstorage-file was not provided.
(Use `node --trace-warnings ...` to show where the warning was created)
✔ 派单新增主档工厂可登记承接关系，未知工厂仍阻断 (3.727959ms)
✔ 专属任务保留整单身份、数量和接收方，工艺分支保留全部前置关系 (1.485042ms)
✔ 原生产单车缝任务仍可被 PPIC 分配与责任移交识别，SKU 总量完整 (2.635958ms)
(node:16650) ExperimentalWarning: localStorage is not available because --localstorage-file was not provided.
(Use `node --trace-warnings ...` to show where the warning was created)
✔ VERIFY-003: dispatch reads keep all documents and independent copies without projecting unrelated business views (433.726292ms)
(node:16651) ExperimentalWarning: localStorage is not available because --localstorage-file was not provided.
(Use `node --trace-warnings ...` to show where the warning was created)
✔ PERF-002/004: scoped receiving reads preserve direct receipts and allocations, without exposing mutable facts (12.4235ms)
✔ PERF-002/004: a synchronous relation read matches independent reads and releases its scope after errors (683.537667ms)
✔ PERF-004: batched print list reviews and handovers equal independently read facts (256.852875ms)
✔ PERF-004: scoped handovers keep canonical sorting and task point reads preserve identity (5.774417ms)
✔ PERF-004: reusing warehouse documents preserves each dye order source, quantity and receiver (163.847958ms)
(node:16652) ExperimentalWarning: localStorage is not available because --localstorage-file was not provided.
(Use `node --trace-warnings ...` to show where the warning was created)
✔ craft source selection preserves all previous source choices and isolated snapshots (12.600041ms)
✔ source eligibility is re-evaluated after a source order changes (0.118ms)
(node:16653) ExperimentalWarning: localStorage is not available because --localstorage-file was not provided.
(Use `node --trace-warnings ...` to show where the warning was created)
✔ 验收数据至少包含 5 张染色和 5 张印花提前加工单，并覆盖全部匹配状态 (1262.976625ms)
✔ 印花专业成果把多张图片和多个文件统一保存在同一附件集合 (0.13725ms)
✔ 同一生产需求可手动选择具体专业任务，创建结果保存所选任务与全部成果附件 (107.850458ms)
✔ 创建提前加工单必须选择所属专业任务并明确加工厂 (0.492916ms)
✔ 计划加工数量包含损耗率，且染色印花投入与产出 SKU 必须不同 (0.138583ms)
✔ 专业成果未审核通过时不可创建提前加工单 (0.115833ms)
✔ 多个生产需求合并为一张生产单时，可匹配多张提前染色加工单 (26.054083ms)
✔ 等待技术包的提前单在技术包就绪后可由同一匹配服务自动重试 (11.14ms)
✔ 合并生产单中只有部分需求有提前单时，只为未覆盖需求补建剩余数量 (104.19775ms)
✔ 已有提前单但正式 BOM 或 SKU 不一致时进入异常，且不重复补建同一工艺单 (100.312667ms)
✔ 取消后重建保留旧单，并建立双向替代关系 (1.951333ms)
✔ 没有提前加工单的需求仍保留正式加工单快照 (8.54175ms)
✔ BOM uses formally reduced quantity and leaves unsupported conversion unknown (0.75325ms)
✔ reuse retains one shared source instance and adds no duplicate processing duration (0.233458ms)
✔ a new rework/recheck round extends the dependency path two days and conserves qualified pieces (0.094041ms)
✔ date-only source is not coerced to a precise instant or exact deadline (0.093791ms)
✔ known order shipment can be timed without crediting an unknown production source (0.076875ms)
✔ waiting for actual fulfillment can be overall late while factory completion stays on time (0.077667ms)
✔ all six named cards render directly checkable evidence without changing production task facts (2.866125ms)
✔ all ten tasks have independent drill-down networks and one frozen aggregate snapshot (1.306708ms)
✔ 31-item dependency recursion proves 24 natural days and shows the actual sum/max formula (0.4185ms)
✔ improving procurement by ten days only improves whole-task timing by one day (0.140125ms)
✔ network rejects circular/missing dependencies and unknown is never zero time (0.22275ms)
✔ each complete standard mock network and live forecast agrees with the task summary (2.463375ms)
✔ quantity forecast finds a one-day risk before any actual deadline is missed (1.093959ms)
✔ all-natural-day clock includes Sundays, preserves timezones, equality is on time and one second is late (0.282041ms)
✔ already-overdue outranks forecast missing; historical completion stops the clock (0.239833ms)
✔ upstream two-day delay and local catch-up pressure are distinct from current-team fault (0.204834ms)
✔ manual forecast is local, propagates both earlier and later dates, and never relaxes baseline (1.530167ms)
✔ saving a manual forecast refreshes all affected node labels without pretending capacity was increased (1.279125ms)
✔ zero capacity and stale progress never forecast zero remaining duration (0.300583ms)
✔ stock and purchase coverage do not imply factory readiness or a new purchase gap (0.2905ms)
✔ stock-only task still has transfer; purchased material must move beyond warehouse entry (0.131417ms)
✔ batch schedule conserves shared capacity and 90 percent occurs at a real batch event (0.286709ms)
✔ customer cancellation without production allocation does not reduce any task (0.212125ms)
✔ excess shipment of one SKU cannot hide shortage of another (0.152167ms)
✔ duplicate, out-of-order and corrected quantity events conserve the effective sum (0.20425ms)
✔ shared work is counted once while merged source tasks preserve independent T0 and deadlines (0.212542ms)
✔ orders enter analysis only from actual shipment and have their own clock (0.315583ms)
✔ region and supply mode select rules together, unpublished candidate rules never apply (0.319375ms)
✔ filters share exact aggregate scope and date windows are left-closed right-open (0.758125ms)
✔ Chinese UI defaults and all scope options filter the intended task population (0.568417ms)
✔ Chinese risk shortcut agrees with risk KPI and does not accidentally select completed or overdue tasks (0.243083ms)
✔ Chinese date-field labels use due date, start date and predicted completion respectively (0.211125ms)
✔ team and stage filters match applicable work nodes rather than only current task responsibility (0.118834ms)
✔ V3 team and factory must match the same node and empty all-scope still keeps a task (0.057209ms)
✔ V3 unknown shipment has no percentage and completed work without deadline is not on time (0.041792ms)
✔ 恢复预测保留不同工作和日期的顺序，只合并连续相同计算且不改写历史 (1.984667ms)
✔ 同一调拨动作按国家和供给方式命中不同预算，候选规则不参与匹配 (0.667459ms)
✔ 同优先级重叠命中必须冲突，明确更高优先级例外才可覆盖 (0.416625ms)
✔ 数量档边界不得跨档或用默认预算掩盖无规则 (0.079917ms)
✔ 子项七天而组上限五天阻断，网络不被截短也不在组外重复加预算 (0.129416ms)
✔ 并行分支取最大值，循环和缺失前置不得算成零天 (0.132916ms)
✔ 工厂实收映射须有明细与物流批次，入库不冒充到厂，重复事件不累加 (0.153542ms)
✔ 投入产出、单位或质量门槛不合规，不能放行下游 (0.0855ms)
✔ 新版本仅记录显式重算范围，不能顺延旧基线或考核截止 (0.392708ms)
✔ 默认演示配置没有阻断，会议候选必须以提示保留 (0.096209ms)
✔ 选定在途W19规则从1改3，本地路线24改26而原始/生效截止与实际事实不变 (3.045167ms)
✔ 在途发布同层冲突、缺规则、缺映射或事件边界变化都不生成覆盖 (0.179583ms)
✔ 发布覆盖可从初始快照恢复且重复应用幂等，未选任务不受影响 (0.9445ms)
✔ 未完成调拨预算增加后，预测沿下游传播；已完成上游事实仍原样 (0.368916ms)
(node:16658) ExperimentalWarning: localStorage is not available because --localstorage-file was not provided.
(Use `node --trace-warnings ...` to show where the warning was created)
✔ 首次来源读取只创建当前存在的缺口，历史从本次观察开始 (1.973708ms)
✔ 事项键由任务、工作与类型生成，中文说明变化不新增事项 (0.728417ms)
✔ 缺款图形成独立事项，增加地址不等于款色对应核验通过 (0.544709ms)
✔ 登记责任期限不修改事实或关闭事项，只有后续来源读取确认恢复 (1.30375ms)
✔ 同一恢复事实重复核对不制造历史，缺口复现重新打开且保留期限 (0.575375ms)
✔ 任务或工作未返回、数量已知性字段消失均不是恢复证据 (0.623709ms)
✔ 来源身份变更不能在同一次读取中把旧缺口标为恢复 (0.385917ms)
✔ 未结构化来源审核项不因文字消失自动关闭 (0.261ms)
✔ 本地持久化保留独立事项、责任、期限和恢复历史 (0.427333ms)
✔ 本地损坏记录不伪造历史、不覆盖旧内容、不允许假保存 (1.3505ms)
✔ 责任、期限、调整原因必填；存储失败给出未保存结果 (0.248583ms)
✔ 数据待补按事项分页和筛选，提供独立登记及来源刷新入口 (2.030917ms)
✔ 事项按自身负责人和修复期限筛选，不借任务跟单替代 (0.2385ms)
✔ 空在途范围不展示历史演示日期压力图 (2.158167ms)
✔ 未知预算仍保留串并行和汇合箭头，位置不依赖日期 (5.4205ms)
✔ 下游未开工且前置未完的逾期归为等待；根卡点标出具体工作和全部后继 (2.029584ms)
✔ 取消和已完成不是当前卡点，数据缺口不当执行逾期 (1.124625ms)
✔ 已开工工作即使前置未完，也保留其来源责任逾期并提示核对 (0.932584ms)
✔ 卡点范围仍显示上游参照及所有受影响后继，不显示无关支路 (2.016208ms)
✔ 单据摘要默认展开来源核心字段，不只展示时效 (1.419291ms)
✔ 需求摘要指向已存在的需求列表，入口不冒称独立详情 (1.00475ms)
✔ 缺少单据不得生成虚构摘要或默认完成数 (1.004791ms)
✔ 已实收的有效结束满足前置，取消前置不会被视为供给完成 (1.324042ms)
✔ 质检不合格仍是放行卡点，不因检验时间存在变为可放行 (1.045292ms)
✔ 来源已有不合格检验结果但缺建立时间时，不因前置未完而隐藏本项卡点 (1.528833ms)
✔ 作废且不计时不等于前置已完成；来源已阻断是明确卡点 (0.592125ms)
✔ 已知工作预算齐备但范围未确认时，公式页不得称作全程标准 (1.450083ms)
✔ 暂停或受阻工作不因遗留结束时间而放行下游 (0.741292ms)
✔ 生产准备初始化按编号读取定义与完整目录逐值一致，保留不存在时的契约 (1.961083ms)
✔ 单定义读取的可编辑数组保持隔离，不污染其他任务读取 (0.367ms)
▶ execution source relations retain full facts without unrelated cold initialization
  ✔ cold read resolves real runtime scope and leaves print/dye execution ledgers untouched (138.726041ms)
  ✔ scoped cold result equals original complete enumeration after the same actual ID resolution (1245.021291ms)
  ✔ production with print/dye uses all existing preparation facts and keeps unknown IDs unknown (54.924ms)
  ✔ live explicit cross-order reference and cancellation facts survive scoped reading (21.102959ms)
  ✔ real persisted cancellation restores through the original validated path in a new process (900.858667ms)
  ✔ QC reads real fact quantities and renders explicit missing artwork without placeholder network dependency (107.882292ms)
✔ execution source relations retain full facts without unrelated cold initialization (2792.848083ms)
(node:16662) ExperimentalWarning: localStorage is not available because --localstorage-file was not provided.
(Use `node --trace-warnings ...` to show where the warning was created)
✔ production source time uses explicit Shanghai time and rejects date-only completion (0.65975ms)
✔ DDS tasks use demand identity and do not invent preparation, budgets, shipment quantities or orders (1.926666ms)
✔ source bindings require existing same-style preparation and published technical version (0.344459ms)
✔ reuse preserves its source/version and does not add past preparation duration (0.350667ms)
✔ explicit unneeded work is excluded but unconfirmed missing work remains a decision, never zero-day completion (0.229291ms)
✔ explicit dependencies preserve parallel entries and repeated processes instead of serial sorting (0.600666ms)
✔ missing explicit predecessors do not become confirmed parallel roots (0.254208ms)
✔ missing predecessor and material SKU discontinuity block route certainty without fabricated edges (0.269167ms)
✔ cyclic source dependency stays a blocking issue and source objects remain unchanged (0.256417ms)
✔ read snapshot uses all current demand records without private Mock tasks or automatic same-style preparations (48.789ms)
✔ continuous material SKU edges stay confirmed while an unconfirmed route remains pending (0.231083ms)
✔ unverified reuse does not fabricate a completed zero-day result (3.218292ms)
✔ binding writes only the DDS association key and is reflected by the next read (24.384708ms)
✔ execution source uses exact production-order identity, assigned factory and responsibility deadline (0.759958ms)
✔ only a unique exact technical entry binds execution to route; same-name and split executions stay independent (0.748708ms)
✔ preparation-only source cycles are blocked without depending on a technical pack branch (0.395833ms)
✔ source time and manual forecast stay separate from frozen rule examples and missing SLA (1.216917ms)
✔ cancelled execution is not a late blocker and unfinished status cannot borrow a stale completion timestamp (0.519209ms)
✔ document summaries are factual, compact strings; decisions without a document stay unbound (0.324583ms)
✔ formal preparation output connects the exact confirmation, route entry and production version (0.797292ms)
✔ technical object identity and its material photo are retained without using the style photo (0.339875ms)
✔ material transfer has serial dispatch, transport and receipt with separate responsibility and source identity (0.727625ms)
✔ approval, sent quantities and delivery-note registration cannot prove physical handout or logistics delivery (0.397542ms)
✔ actual handout starts transportation but factory receipt never backfills logistics delivery or reception start (0.458791ms)
✔ receipt quantities require the same source line, target factory and unit; mixed units never close reception (0.472125ms)
✔ voided transfers keep evidence but no effective supply or transport completion (0.277958ms)
✔ a document handout timestamp does not complete unshipped or partially shipped source lines (0.309541ms)
✔ only preparation-bound purchase documents are included, and purchase completion never invents warehouse arrival (0.207375ms)
✔ quality is scoped to its recorded sample and does not establish shipment orders or whole-order completion (0.257833ms)
✔ current source snapshot exposes matching handover, quality and transfer documents, not generic placeholders alone (4.531334ms)
✔ only a real same-version production order becomes a root execution predecessor (0.388542ms)
✔ task lead blocker matches dependency analysis instead of blaming an unstarted downstream deadline (0.116667ms)
✔ failed inspection exposes the concrete unqualified quantity as blocker reason (0.118666ms)
✔ category sample images never stand in for a source style; a dedicated source image is retained (0.149333ms)
(node:16663) ExperimentalWarning: localStorage is not available because --localstorage-file was not provided.
(Use `node --trace-warnings ...` to show where the warning was created)
✔ 当前非 Mock 需求可保存显式工作映射，序列化后可恢复且不改来源事实 (64.178709ms)
✔ 未保存映射、规则空天数、事件范围变化与同级冲突分别给出真实阻断 (4.31525ms)
✔ 同一工作不得存两份口径，来源身份变化或未知数量不允许保存 (3.973792ms)
✔ 工作单位不换算、通配值不充当事实、里程碑不重复加预算 (4.026167ms)
✔ 来源任务发布单项预算后保持整体待定，刷新覆盖和已有截止均保留 (4.551458ms)
✔ 缺准备或实发范围时即使要求首次建基线也阻断，并且不写覆盖 (3.748292ms)
✔ 已确认的未来发货工作尚无实发事实也可建 T0+最长路径基线，缺进度只影响预测 (1.223125ms)
✔ 已发布后来源工作身份变化，不把旧映射预算套到新单据 (3.851834ms)
✔ 配置页面保存映射到本地，空天数发布被阻断，填写预算后实际发布当前来源任务 (21.602125ms)
✔ 查生产入口只在合法系统路由显示，并在打印与 PDA 路由隐藏 (0.54175ms)
✔ 相似前缀和相似打印段不会被当成合法路由 (0.075208ms)
(node:16666) ExperimentalWarning: localStorage is not available because --localstorage-file was not provided.
(Use `node --trace-warnings ...` to show where the warning was created)
✔ PERF-001: runtime snapshot and all nine subsets preserve every production order value and caller isolation (24.653792ms)
✔ PERF-001: a subset read does not traverse or clone unrelated snapshot sections (0.200667ms)
✔ PERF-001: paper pattern binding strips and nested craft arrays remain isolated after mutation (0.309291ms)
✔ PERF-001: replacing or updating the bound snapshot is visible immediately without a stale cache (0.149375ms)
✔ PERF-001: missing production order keeps null and empty-list contracts (0.068042ms)
(node:16667) ExperimentalWarning: localStorage is not available because --localstorage-file was not provided.
(Use `node --trace-warnings ...` to show where the warning was created)
✔ VERIFY-003: scoped reads preserve pending/voided sources and defensive copies (2.48525ms)
✔ VERIFY-003: metadata lookup reflects registry changes and returns independent locations (4.637084ms)
✔ 并发调用复用同一个模块加载 Promise，成功后继续复用结果 (1.287791ms)
✔ 模块加载失败后清空缓存，下一次调用可以重试 (0.510833ms)
✔ 独立打印外壳只命中完整生产确认单打印路由 (0.497375ms)
✔ 既有固定打印路由仍使用独立打印外壳 (0.095125ms)
✔ 36条基础采购演示经业务动作形成，共享PMS来源，重复载入不重置数量或伪造实收 (95.218166ms)
✔ 三个中央工厂在组织目录与执行工厂中身份一致且仅出现一次 (0.450959ms)
✔ 花边角色与采购映射归属TMF但供应方仍保留独立身份 (0.073583ms)
✔ 橡筋定长切割仍归SPF，不成为TMF织带截断任务 (0.089917ms)
✔ 旧浏览器组织记录迁移后不与权威TMF并存且保留已有联系人 (3.116584ms)
(node:16672) ExperimentalWarning: localStorage is not available because --localstorage-file was not provided.
(Use `node --trace-warnings ...` to show where the warning was created)
✔ 织带与绳子参考档案接入实际物料库，保留图片来源和未确认尺寸，不替换橡筋 (39.533833ms)
(node:16673) ExperimentalWarning: localStorage is not available because --localstorage-file was not provided.
(Use `node --trace-warnings ...` to show where the warning was created)
✔ N01～N05：通过现有 PMS 入口下达，每条采购链从零执行到仓库实收；交出不提前增加库存 (7.452708ms)
✔ B01/B03：短收保留在途和采购缺口；重复扫描、生成和刷新不双记 (1.846375ms)
✔ B02/B04：多收、错 SKU、错仓和无权限动作不改变任意下游数量；恢复后正常收齐 (3.316459ms)
✔ B23/B24：未开始跟随采购版本，已执行保留原计划和实物、挂出变更待处理 (3.057ms)
✔ B21：保存失败不报成功、不留部分库存；成功后刷新读取同一采购和收货事实 (0.997209ms)
✔ 采购→两种规格截断→拆包回仓→分配发料→生产实收：短收保留缺口，库存及采购不双记 (23.488ms)
✔ B09：其他需求占用400米时不能再占650；释放50后恢复，错误发料不改变库存 (4.876042ms)
✔ 需求来源：同尺码不同成衣SKU分别保留，BOM适用范围生效，错误快照和重复工序阻断 (0.496292ms)
✔ 待打头条料不计合格产出；超公差实物记不良且照实扣下料当量，未实收不可截断 (11.306375ms)
✔ N04：采购100米→单端硅胶按kg实耗→回仓发料→生产实收50根，连续料剩34米 (12.377292ms)
✔ B15：截断后取消保留1000根在制和1260米当量，释放未发占用并只退连续余料 (17.243292ms)
✔ 已回仓部分发料后取消：释放未发分配，冻结实存，已发在途保留且实收不恢复需求 (14.906083ms)
✔ 编辑器按尺码保留规格，截断打头不新建SKU，重复保存沿用节点身份 (1.585709ms)
✔ 前序印染产出SKU作为截断投入；保留独立橡筋工艺，移除打头后下游连接截断 (0.373709ms)
✔ 未明确打头、错误辅料BOM、无半成品和不合法前序不能生成可执行路线 (0.138084ms)
(node:16675) ExperimentalWarning: localStorage is not available because --localstorage-file was not provided.
(Use `node --trace-warnings ...` to show where the warning was created)
✔ N01：400 条 50CM 和 600 条 70CM 分行计算，共 620 米；未增加 SKU (1.201083ms)
✔ 缺少尺码数量、非整数条数、公差或测量条件时不猜测需求 (0.300125ms)
✔ B07：未选择打头、缺少端头方式或辅材不能确认；支持两端不同端头 (0.199959ms)
✔ N04/B08：硅胶按重量且必须有覆盖长度，不作为独立金属头计数 (0.091334ms)
✔ B18：打头只能承接对应截断条料，不能换 SKU、换长度或重新领连续料 (0.244959ms)
✔ N05：规格相同可以合并，但尺码、用途和需求身份不靠物理规格键代替 (0.085958ms)
✔ B14：修改后续版本端头要求不能污染生产单历史快照 (1.637292ms)
ℹ tests 362
ℹ suites 0
ℹ pass 362
ℹ fail 0
ℹ cancelled 0
ℹ skipped 0
ℹ todo 0
ℹ duration_ms 5544.889792
vite v6.4.3 building for production...
transforming...
✓ 2652 modules transformed.
rendering chunks...
[plugin vite:reporter] 
(!) /Users/laoer/Documents/higoods/src/data/app-shell-config.ts is dynamically imported by /Users/laoer/Documents/higoods/src/router/routes.ts but also statically imported by /Users/laoer/Documents/higoods/src/components/shell.ts, /Users/laoer/Documents/higoods/src/state/store.ts, dynamic import will not move module into another chunk.

computing gzip size...
dist/index.html                                                           1.12 kB │ gzip:   0.61 kB
dist/assets/pcs-pattern-parse.worker-B3_rAVMB.js                         18.52 kB
dist/assets/source-views-23Nr_RHD.css                                    34.63 kB │ gzip:   7.04 kB
dist/assets/index-iKmuY9f5.css                                          155.35 kB │ gzip:  25.44 kB
dist/assets/pcs-project-demo-seed-service-COOi2Kbg.js                     0.06 kB │ gzip:   0.08 kB
dist/assets/store-domain-quality-bootstrap-BxjPpKoS.js                    0.38 kB │ gzip:   0.25 kB
dist/assets/sample-warehouse-projection-JjtGD-iQ.js                       0.39 kB │ gzip:   0.25 kB
dist/assets/dialogs-CYuKEdrn.js                                           0.58 kB │ gzip:   0.31 kB
dist/assets/tech-pack-FiQ0YyjR.js                                         0.59 kB │ gzip:   0.32 kB
dist/assets/transfer-bag-handover-mock-C664wUfP.js                        0.63 kB │ gzip:   0.42 kB
dist/assets/pcs-reset-placeholder-Yn2GIynC.js                             0.72 kB │ gzip:   0.45 kB
dist/assets/badge-CQoV5Hhm.js                                             0.78 kB │ gzip:   0.42 kB
dist/assets/images-Q79qfJD0.js                                            0.80 kB │ gzip:   0.35 kB
dist/assets/placeholder-8wxRWJKH.js                                       0.81 kB │ gzip:   0.44 kB
dist/assets/pms-export-C5DiqcGG.js                                        0.83 kB │ gzip:   0.50 kB
dist/assets/trace-B40huTHV.js                                             0.85 kB │ gzip:   0.49 kB
dist/assets/execution-prep-projection-helpers-Se7v744t.js                 0.90 kB │ gzip:   0.44 kB
dist/assets/runtime-DY769RIr.js                                           0.90 kB │ gzip:   0.61 kB
dist/assets/history-DB4jbrEM.js                                           0.94 kB │ gzip:   0.60 kB
dist/assets/payment-sync-Ba-8eIFm.js                                      0.97 kB │ gzip:   0.62 kB
dist/assets/print-service-Cb4Z7TQ8.js                                     1.00 kB │ gzip:   0.50 kB
dist/assets/pda-sewing-self-return-mode-CVT5AEl1.js                       1.07 kB │ gzip:   0.54 kB
dist/assets/detail.adapter-B5kI4zxh.js                                    1.08 kB │ gzip:   0.68 kB
dist/assets/process-work-order-generation-service-D4EzP6XF.js             1.08 kB │ gzip:   0.66 kB
dist/assets/dialogs-CW7EDTOq.js                                           1.08 kB │ gzip:   0.49 kB
dist/assets/dyeing-material-receipts-CVQz2tLK.js                          1.11 kB │ gzip:   0.73 kB
dist/assets/pda-runtime-BSLQ4TVD.js                                       1.12 kB │ gzip:   0.62 kB
dist/assets/overview-DkRU37Oe.js                                          1.25 kB │ gzip:   0.69 kB
dist/assets/process-work-order-source-view-u2QapGFO.js                    1.31 kB │ gzip:   0.58 kB
dist/assets/work-order-action-policy-B3qipFyP.js                          1.34 kB │ gzip:   0.68 kB
dist/assets/real-qr-0qnSuKZW.js                                           1.48 kB │ gzip:   0.83 kB
dist/assets/filter-bar-BicXsiXA.js                                        1.49 kB │ gzip:   0.81 kB
dist/assets/material-identity-CKNSwJiE.js                                 1.54 kB │ gzip:   0.85 kB
dist/assets/supplement-material-prep-demand-registry-DI-N3DvB.js          1.56 kB │ gzip:   0.75 kB
dist/assets/warehouse-shared-C2a5h7js.js                                  1.57 kB │ gzip:   0.51 kB
dist/assets/pda-cutting-wait-handover-actions-DlfzlWuH.js                 1.58 kB │ gzip:   0.62 kB
dist/assets/task-handover-domain-DW3fqZRG.js                              1.58 kB │ gzip:   0.77 kB
dist/assets/work-order-detail-CBG7KFcV.js                                 1.66 kB │ gzip:   0.77 kB
dist/assets/task-chain-pages-adapter-T9s9Zv2a.js                          1.72 kB │ gzip:   0.85 kB
dist/assets/production-contract-print-Df44yI6f.js                         1.73 kB │ gzip:   1.04 kB
dist/assets/real-barcode-DLJSbomk.js                                      1.81 kB │ gzip:   0.96 kB
dist/assets/wool-pda-scan-fgNh74aW.js                                     1.81 kB │ gzip:   1.00 kB
dist/assets/list-export-BblonXom.js                                       1.86 kB │ gzip:   1.09 kB
dist/assets/toast-JTI_dJb4.js                                             1.87 kB │ gzip:   0.90 kB
dist/assets/kol-goto-fixed-total-ledger-yJqJcBmb.js                       1.93 kB │ gzip:   0.92 kB
dist/assets/printing-sheet-preview-BUsb_z14.js                            1.94 kB │ gzip:   1.02 kB
dist/assets/table-AxvlV04E.js                                             2.04 kB │ gzip:   1.02 kB
dist/assets/pda-cutting-simple-cut-piece-handover-tZed86XO.js             2.14 kB │ gzip:   1.11 kB
dist/assets/binding-process-pda-scan-BU4oDU8w.js                          2.18 kB │ gzip:   1.13 kB
dist/assets/special-craft-pda-scope-DJhgLQZm.js                           2.22 kB │ gzip:   1.01 kB
dist/assets/helpers-BFKa6pUf.js                                           2.42 kB │ gzip:   1.21 kB
dist/assets/pms-excel-import-DnMCWv6B.js                                  2.66 kB │ gzip:   1.32 kB
dist/assets/shared-O0TaIznd.js                                            2.70 kB │ gzip:   1.02 kB
dist/assets/process-order-list-presentation-C837qHbH.js                   2.71 kB │ gzip:   1.27 kB
dist/assets/marker-plan-projection-01pWcbfq.js                            2.77 kB │ gzip:   1.18 kB
dist/assets/post-finishing-spu-technical-parameters-Cesn1GMb.js           2.79 kB │ gzip:   1.28 kB
dist/assets/authorization-code-CrUkj52V.js                                2.87 kB │ gzip:   1.40 kB
dist/assets/process-order-task-relations-BSH_Qc_u.js                      2.97 kB │ gzip:   1.29 kB
dist/assets/production-order-identity-Du6Ymlr1.js                         3.00 kB │ gzip:   1.24 kB
dist/assets/confirmation-print-4GcetO-j.js                                3.00 kB │ gzip:   1.29 kB
dist/assets/product-skus-CEt6Fukj.js                                      3.03 kB │ gzip:   0.96 kB
dist/assets/progress-board-B-eEKRW9.js                                    3.05 kB │ gzip:   1.45 kB
dist/assets/tabs-Hg4N7Pkl.js                                              3.09 kB │ gzip:   0.93 kB
dist/assets/pda-cutting-runtime-action-inputs-cbF4Y-cy.js                 3.15 kB │ gzip:   1.09 kB
dist/assets/trade-subjects-B1U82DIE.js                                    3.16 kB │ gzip:   1.12 kB
dist/assets/task-route-card-BB5NDH5t.js                                   3.27 kB │ gzip:   1.43 kB
dist/assets/wls-page-handlers-BvNJxG1o.js                                 3.31 kB │ gzip:   1.07 kB
dist/assets/task-delivery-card-BrdYjrv9.js                                3.33 kB │ gzip:   1.51 kB
dist/assets/cutting-mainline--qc6PCHI.js                                  3.41 kB │ gzip:   1.53 kB
dist/assets/transfer-bags-projection-T03IG0B2.js                          3.52 kB │ gzip:   1.48 kB
dist/assets/binding-process-warehouse-linkage-service-D9Zq2Q2x.js         3.63 kB │ gzip:   1.38 kB
dist/assets/fcs-route-links-BrHBsWPd.js                                   3.67 kB │ gzip:   1.20 kB
dist/assets/quality-chain-adapter-CT2UMB2k.js                             3.68 kB │ gzip:   1.66 kB
dist/assets/shared-ILpq3mWL.js                                            3.73 kB │ gzip:   1.70 kB
dist/assets/engineering-file-upload-KV9mAtma.js                           3.77 kB │ gzip:   1.71 kB
dist/assets/shared-z5vcw6CG.js                                            3.91 kB │ gzip:   1.64 kB
dist/assets/transfer-bag-repack-mock-BQ6nKppA.js                          3.95 kB │ gzip:   1.82 kB
dist/assets/sewing-outsourcing-demo-2yrfTFQM.js                           3.95 kB │ gzip:   1.58 kB
dist/assets/dashboards-CJ2jS3-m.js                                        4.06 kB │ gzip:   2.00 kB
dist/assets/transit-simple-lists-DREzmbr8.js                              4.13 kB │ gzip:   1.45 kB
dist/assets/pda-wool-warehouse-flows-RuFMT0yG.js                          4.37 kB │ gzip:   2.33 kB
dist/assets/form-BMcqcg6v.js                                              4.37 kB │ gzip:   1.39 kB
dist/assets/sewing-outsourcing-responsibility-B_kc3Sl8.js                 4.42 kB │ gzip:   1.96 kB
dist/assets/supplement-order-registry-CHnc7juB.js                         4.49 kB │ gzip:   1.76 kB
dist/assets/routes-pda-CnWzJc6l.js                                        4.65 kB │ gzip:   1.76 kB
dist/assets/preparation-material-receipt-sources-C3t4ME79.js              4.68 kB │ gzip:   1.95 kB
dist/assets/layout.helpers-B_-L6Vnb.js                                    4.76 kB │ gzip:   1.73 kB
dist/assets/runtime-task-tenders-YGz6fHpq.js                              4.76 kB │ gzip:   1.94 kB
dist/assets/relations-Dn9WvAQ-.js                                         4.77 kB │ gzip:   2.17 kB
dist/assets/transit-dashboard-C5gBYMik.js                                 4.81 kB │ gzip:   2.02 kB
dist/assets/process-order-list-controller-CBEOKbZw.js                     4.84 kB │ gzip:   1.86 kB
dist/assets/result-list-TqXcHXa3.js                                       4.94 kB │ gzip:   2.06 kB
dist/assets/store-domain-dispatch-process-BKlwMpFb.js                     5.01 kB │ gzip:   1.95 kB
dist/assets/process-work-order-quality-settlement-BfwX3tVV.js             5.33 kB │ gzip:   2.20 kB
dist/assets/dispatch-task-sheet-Du2vxDbP.js                               5.56 kB │ gzip:   2.65 kB
dist/assets/routes-pcs-D2T6M9pO.js                                        5.62 kB │ gzip:   1.62 kB
dist/assets/process-order-three-axis-view-Dqf_m_h7.js                     5.72 kB │ gzip:   2.30 kB
dist/assets/production-contract-center-BVgTmF8f.js                        5.77 kB │ gzip:   2.48 kB
dist/assets/pda-cutting-nav-context-DXNRYK3_.js                           5.95 kB │ gzip:   1.40 kB
dist/assets/fcs-pda-pickup-dispute-DTtn-7G-.js                            6.19 kB │ gzip:   2.19 kB
dist/assets/material-handover-onNg2CKw.js                                 6.21 kB │ gzip:   2.42 kB
dist/assets/pcs-project-technical-data-writeback-nbrRzBg5.js              6.25 kB │ gzip:   2.40 kB
dist/assets/warehouse-standard-o8c3wNWy.js                                6.26 kB │ gzip:   2.08 kB
dist/assets/fact-view-Cqr6QDBb.js                                         6.29 kB │ gzip:   2.07 kB
dist/assets/statistics-CLeZrKR2.js                                        6.31 kB │ gzip:   1.89 kB
dist/assets/craft-actions-BwCJD4WQ.js                                     6.38 kB │ gzip:   2.89 kB
dist/assets/pda-notify-ny8Bvaap.js                                        6.49 kB │ gzip:   2.37 kB
dist/assets/pda-transfer-bag-detail-D3CvpX8R.js                           6.49 kB │ gzip:   2.33 kB
dist/assets/shared-BYc95e_k.js                                            6.56 kB │ gzip:   2.32 kB
dist/assets/factory-receiving-links-DA8S_K6t.js                           6.57 kB │ gzip:   2.63 kB
dist/assets/workbench-DH5w-vEn.js                                         6.58 kB │ gzip:   2.66 kB
dist/assets/sewing-outsourcing-supplement-tracking-BPM8eHnc.js            6.63 kB │ gzip:   2.89 kB
dist/assets/shared-d5j_E9VZ.js                                            6.82 kB │ gzip:   2.51 kB
dist/assets/production-contract-master-template-CzjL7vXy.js               6.85 kB │ gzip:   2.74 kB
dist/assets/dye-work-order-times-CxLziefL.js                              7.12 kB │ gzip:   2.52 kB
dist/assets/pda-cutting-execution-unit-CKjIyHoJ.js                        7.15 kB │ gzip:   2.69 kB
dist/assets/overview.helpers-BP2F5Yu8.js                                  7.36 kB │ gzip:   2.88 kB
dist/assets/pda-notify-detail-D33OtoLV.js                                 7.38 kB │ gzip:   2.34 kB
dist/assets/pda-cutting-fei-ticket-numbering-CSrhwXUV.js                  7.40 kB │ gzip:   2.45 kB
dist/assets/settlement-flow-boundaries-DbkSNas3.js                        7.43 kB │ gzip:   2.53 kB
dist/assets/pda-warehouse-j1yf0YXZ.js                                     7.48 kB │ gzip:   2.98 kB
dist/assets/production-craft-dict-J6pn8_bQ.js                             7.51 kB │ gzip:   2.82 kB
dist/assets/transit-warehouse-CGN4xIMS.js                                 7.54 kB │ gzip:   2.13 kB
dist/assets/sewing-outsourcing-return-tracking-D55EO5Ky.js                7.58 kB │ gzip:   2.84 kB
dist/assets/workbench-CxcqPnLT.js                                         7.61 kB │ gzip:   3.12 kB
dist/assets/pda-cutting-transfer-bag-recovery-DpopSAim.js                 7.70 kB │ gzip:   3.22 kB
dist/assets/pcs-material-archive-detail-Spk41VMa.js                       7.71 kB │ gzip:   2.70 kB
dist/assets/supplement-node-facts-xAukcIQk.js                             7.77 kB │ gzip:   2.85 kB
dist/assets/production-contracts-CSN016Y7.js                              8.06 kB │ gzip:   2.74 kB
dist/assets/pda-cutting-transfer-bag-scrap-C4YyA2UH.js                    8.08 kB │ gzip:   3.34 kB
dist/assets/progress-exception-lifecycle-BJx0gSBY.js                      8.09 kB │ gzip:   2.70 kB
dist/assets/routes-pms-Cex_7O68.js                                        8.24 kB │ gzip:   2.08 kB
dist/assets/statistics-DivQVy-e.js                                        8.41 kB │ gzip:   3.65 kB
dist/assets/milestone-configs-BdaRcqXS.js                                 8.42 kB │ gzip:   2.95 kB
dist/assets/bom-templates-Br7_yp-y.js                                     8.47 kB │ gzip:   1.81 kB
dist/assets/pre-settlement-ledger-repository-DmWBsZSn.js                  8.64 kB │ gzip:   2.95 kB
dist/assets/pcs-pattern-library-config-lgVQhtuP.js                        8.73 kB │ gzip:   2.37 kB
dist/assets/fei-ticket-numbering-CEPA3uun.js                              8.81 kB │ gzip:   3.08 kB
dist/assets/warehouses-zI9ocKIC.js                                        8.83 kB │ gzip:   2.08 kB
dist/assets/pda-cutting-shared-Cjq2ql6J.js                                8.83 kB │ gzip:   2.71 kB
dist/assets/bom-templates-CcsoLm_D.js                                     8.83 kB │ gzip:   3.67 kB
dist/assets/navigation-context-nhTwowmC.js                                8.87 kB │ gzip:   2.46 kB
dist/assets/yarn-shipments-BEoo05tM.js                                    8.92 kB │ gzip:   4.04 kB
dist/assets/list-Bp8oKsO6.js                                              9.04 kB │ gzip:   3.01 kB
dist/assets/pda-login-D5-Q5TI4.js                                         9.09 kB │ gzip:   3.50 kB
dist/assets/production-receipts-L2i6NvCI.js                               9.48 kB │ gzip:   3.82 kB
dist/assets/dye-work-order-online-domain-B6Y0944a.js                      9.53 kB │ gzip:   3.55 kB
dist/assets/sewing-pickup-slips-CtBKHLAr.js                               9.56 kB │ gzip:   3.59 kB
dist/assets/production-return-fulfillment-COm7jaXM.js                    10.02 kB │ gzip:   3.82 kB
dist/assets/purchase-suggestions-Duv_PHLl.js                             10.15 kB │ gzip:   3.10 kB
dist/assets/trade-subjects-DNcjn4ev.js                                   10.22 kB │ gzip:   3.72 kB
dist/assets/settings-CWCQ3kF7.js                                         10.68 kB │ gzip:   3.22 kB
dist/assets/product-skus-DLDpm8Yr.js                                     10.70 kB │ gzip:   4.13 kB
dist/assets/pms-handlers-B4y5CqCK.js                                     10.71 kB │ gzip:   2.37 kB
dist/assets/transit-receipts-Cvq3OR-l.js                                 10.95 kB │ gzip:   4.01 kB
dist/assets/task-breakdown-B4BO2RTa.js                                   11.01 kB │ gzip:   4.04 kB
dist/assets/presentation-BKbyaglz.js                                     11.02 kB │ gzip:   4.53 kB
dist/assets/tasks-Bxjb3ITy.js                                            11.26 kB │ gzip:   4.32 kB
dist/assets/material-transfers-DncPjkWl.js                               11.28 kB │ gzip:   3.91 kB
dist/assets/pda-exec-link-Cv0GTVUr.js                                    11.32 kB │ gzip:   3.69 kB
dist/assets/material-prep-BDc_94RM.js                                    11.40 kB │ gzip:   2.68 kB
dist/assets/dyeing-warehouse-view-Ch4ihr6m.js                            11.46 kB │ gzip:   3.94 kB
dist/assets/warehouses-DZ2i9PFr.js                                       11.69 kB │ gzip:   4.21 kB
dist/assets/process-statistics-domain-ogdgSZur.js                        12.19 kB │ gzip:   3.97 kB
dist/assets/pickup-management-runtime-BSSC5wLh.js                        12.20 kB │ gzip:   4.71 kB
dist/assets/task-execution-adapter-C3DdeLxT.js                           12.22 kB │ gzip:   3.67 kB
dist/assets/bom-detail-3nOJTYXQ.js                                       12.33 kB │ gzip:   4.32 kB
dist/assets/wls-inbound-0sG14qDb.js                                      12.36 kB │ gzip:   4.75 kB
dist/assets/returns-CgL8sL2k.js                                          12.40 kB │ gzip:   4.57 kB
dist/assets/handover-print-DVzX2Dsb.js                                   12.42 kB │ gzip:   4.48 kB
dist/assets/cut-piece-return-warehouse-Dk4Q4Dca.js                       12.43 kB │ gzip:   4.36 kB
dist/assets/meta-DoO-xbln.js                                             12.79 kB │ gzip:   2.87 kB
dist/assets/context-DyAtyvUu.js                                          12.97 kB │ gzip:   4.57 kB
dist/assets/responsibility-transfers-PGxchMw_.js                         13.03 kB │ gzip:   4.87 kB
dist/assets/supplements-D8I-UDPt.js                                      13.14 kB │ gzip:   4.73 kB
dist/assets/handover-records-Bpu-td84.js                                 13.14 kB │ gzip:   4.14 kB
dist/assets/wls-finished-inbound-C6jrkRng.js                             13.20 kB │ gzip:   5.01 kB
dist/assets/pda-start-link-wqOUDjXN.js                                   13.37 kB │ gzip:   4.73 kB
dist/assets/work-orders-CFO3FAma.js                                      13.84 kB │ gzip:   4.66 kB
dist/assets/mobile-execution-task-index-CzKaia1T.js                      13.96 kB │ gzip:   3.70 kB
dist/assets/workbench-BaEE77Od.js                                        14.03 kB │ gzip:   4.05 kB
dist/assets/output-stock-BY8o5M5d.js                                     14.10 kB │ gzip:   5.56 kB
dist/assets/work-order-detail-BVXOikmf.js                                14.13 kB │ gzip:   4.47 kB
dist/assets/routes-wls-Ub3zvIkH.js                                       14.25 kB │ gzip:   3.75 kB
dist/assets/post-finishing-qc-print-template-Be15xCSD.js                 14.45 kB │ gzip:   4.45 kB
dist/assets/work-orders-DBDAuazf.js                                      14.70 kB │ gzip:   4.77 kB
dist/assets/reports-ocBJ0iA_.js                                          14.75 kB │ gzip:   3.54 kB
dist/assets/full-flow-print-BUHg_fNb.js                                  14.89 kB │ gzip:   4.83 kB
dist/assets/progress-handover-order-BSD2afNu.js                          15.06 kB │ gzip:   4.30 kB
dist/assets/pcs-engineering-tech-pack-workspace-wewTCmaK.js              15.18 kB │ gzip:   5.42 kB
dist/assets/cut-order-release-integration-DKCzl714.js                    15.21 kB │ gzip:   5.39 kB
dist/assets/machines-DvGqMKgH.js                                         15.31 kB │ gzip:   5.01 kB
dist/assets/outbound-orders-DaAo-epG.js                                  15.34 kB │ gzip:   4.92 kB
dist/assets/pda-cutting-task-detail-CHWvBaTz.js                          15.50 kB │ gzip:   5.37 kB
dist/assets/simple-cut-piece-handover-fixtures-D4Bbx8LI.js               15.90 kB │ gzip:   5.27 kB
dist/assets/process-web-status-actions-uwRSWNRR.js                       15.97 kB │ gzip:   4.24 kB
dist/assets/cut-order-supplement-fixture-BOXPx5xG.js                     15.97 kB │ gzip:   4.83 kB
dist/assets/progress-cutting-detail-C5VUNmds.js                          15.99 kB │ gzip:   3.75 kB
dist/assets/pda-sewing-self-return-CDi3A6Mp.js                           15.99 kB │ gzip:   5.26 kB
dist/assets/garment-spu-replacement-4IGe8-OP.js                          16.01 kB │ gzip:   4.85 kB
dist/assets/handover-ledger-view-CZifot8g.js                             16.17 kB │ gzip:   4.45 kB
dist/assets/wls-garment-relabel-tasks-BCbQseX5.js                        16.20 kB │ gzip:   5.30 kB
dist/assets/pda-notify-due-soon-dv5azwov.js                              16.49 kB │ gzip:   5.52 kB
dist/assets/material-requirements-CgxBK-zN.js                            16.65 kB │ gzip:   5.64 kB
dist/assets/material-purchase-orders-BFnb8lVT.js                         16.71 kB │ gzip:   5.18 kB
dist/assets/suppliers-CF8Vrskm.js                                        16.77 kB │ gzip:   4.64 kB
dist/assets/events-BLWi4kO9.js                                           16.92 kB │ gzip:   6.63 kB
dist/assets/tmf-material-purchases-HbfjFPKI.js                           16.99 kB │ gzip:   5.38 kB
dist/assets/sewing-cut-piece-return-workflow-DsXoZoNC.js                 17.18 kB │ gzip:   6.07 kB
dist/assets/warehouse-DTqqqiov.js                                        17.25 kB │ gzip:   5.36 kB
dist/assets/production-confirmation-B9RfcD0C.js                          17.25 kB │ gzip:   5.89 kB
dist/assets/marker-spreading-projection-D0QtflvJ.js                      17.48 kB │ gzip:   5.53 kB
dist/assets/sewing-cut-piece-responsibility-DnAXEseY.js                  17.53 kB │ gzip:   5.26 kB
dist/assets/process-mobile-task-binding-CHrX36ui.js                      17.56 kB │ gzip:   6.14 kB
dist/assets/pda-handlers-DtVspfCT.js                                     17.63 kB │ gzip:   4.65 kB
dist/assets/bom-detail-0W0yi7uK.js                                       17.74 kB │ gzip:   5.73 kB
dist/assets/adjustments-BtJewgV-.js                                      18.11 kB │ gzip:   5.47 kB
dist/assets/pda-warehouse-inbound-records-D-7lk5v1.js                    18.16 kB │ gzip:   5.09 kB
dist/assets/purchase-demands-HcWYatUS.js                                 18.27 kB │ gzip:   5.86 kB
dist/assets/base-orders-KiWHXKoN.js                                      18.30 kB │ gzip:   6.90 kB
dist/assets/platform-process-result-view-Ig-1Stde.js                     18.53 kB │ gzip:   5.32 kB
dist/assets/store-domain-statement-source-adapter-BKu0KLmJ.js            18.56 kB │ gzip:   5.31 kB
dist/assets/sewing-outsourcing-workbench-_GsqbGER.js                     18.65 kB │ gzip:   6.46 kB
dist/assets/pda-warehouse-outbound-records-CMHUMm_f.js                   18.65 kB │ gzip:   5.32 kB
dist/assets/task-orders-vbcJoqgG.js                                      18.69 kB │ gzip:   6.30 kB
dist/assets/pda-warehouse-shared-DbtJ99KR.js                             18.73 kB │ gzip:   5.59 kB
dist/assets/process-water-soluble-orders-y_nuWM-I.js                     18.80 kB │ gzip:   5.72 kB
dist/assets/production-demand-early-process-work-orders-BXSJHCZx.js      18.82 kB │ gzip:   5.60 kB
dist/assets/product-purchase-orders-BzO6T1aS.js                          18.90 kB │ gzip:   5.54 kB
dist/assets/materials-BA_owAdW.js                                        18.93 kB │ gzip:   4.79 kB
dist/assets/kol-goto-pda-domain-v-x11bdO.js                              19.16 kB │ gzip:   6.51 kB
dist/assets/platform.adapter-Bnl8P1GI.js                                 19.25 kB │ gzip:   6.09 kB
dist/assets/shared-CnW7Ueem.js                                           19.47 kB │ gzip:   5.27 kB
dist/assets/audit-records-DCfWWKiq.js                                    19.65 kB │ gzip:   6.34 kB
dist/assets/stage-display-DBJaannV.js                                    19.65 kB │ gzip:   6.95 kB
dist/assets/units-BQuGJ8VN.js                                            19.68 kB │ gzip:   5.88 kB
dist/assets/factory-sample-verification-flow-BTSDRjZI.js                 19.86 kB │ gzip:   4.87 kB
dist/assets/material-purchase-tracking-KyPcY8ne.js                       20.16 kB │ gzip:   6.30 kB
dist/assets/index-DQ0jnu-K.js                                            20.17 kB │ gzip:   5.20 kB
dist/assets/pcs-engineering-master-list-B67r-tlx.js                      20.37 kB │ gzip:   6.91 kB
dist/assets/deduction-analysis-CT3U0LV8.js                               20.56 kB │ gzip:   5.82 kB
dist/assets/fei-ticket-numbering-B3UW0Pn9.js                             20.61 kB │ gzip:   5.67 kB
dist/assets/order-list-columns-DTkYmRmX.js                               20.62 kB │ gzip:   6.46 kB
dist/assets/overview.adapter-Bg-CL6xx.js                                 20.65 kB │ gzip:   6.53 kB
dist/assets/events-I039hboL.js                                           21.11 kB │ gzip:   6.52 kB
dist/assets/work-order-detail-Osai9HMe.js                                21.13 kB │ gzip:   6.65 kB
dist/assets/pcs-engineering-master-view-model-ClGplUzc.js                21.18 kB │ gzip:   7.03 kB
dist/assets/suppliers-JKbJHjsC.js                                        21.38 kB │ gzip:   6.81 kB
dist/assets/cut-piece-returns-BVVBinPq.js                                21.55 kB │ gzip:   6.47 kB
dist/assets/cut-piece-handover-oVS-VErm.js                               21.75 kB │ gzip:   6.93 kB
dist/assets/tasks-DUVGB770.js                                            21.99 kB │ gzip:   6.96 kB
dist/assets/progress-cutting-overview-BvWb4akD.js                        22.02 kB │ gzip:   4.99 kB
dist/assets/material-issue-BaYk1Rqn.js                                   22.02 kB │ gzip:   5.16 kB
dist/assets/pms-purchase-orders-v3_avBhf.js                              22.06 kB │ gzip:   6.46 kB
dist/assets/pcs-project-detail-support-C1ZatEuL.js                       22.10 kB │ gzip:   6.80 kB
dist/assets/qc-workbench-DximYdT_.js                                     22.32 kB │ gzip:   6.88 kB
dist/assets/dye-work-order-online-view-CBOvW1L3.js                       22.47 kB │ gzip:   7.73 kB
dist/assets/recheck-orders-libsxMjl.js                                   22.50 kB │ gzip:   7.05 kB
dist/assets/production-order-duration-DfTHggCQ.js                        22.50 kB │ gzip:   8.55 kB
dist/assets/warehouse-location-map-model-BcZDnNxE.js                     22.52 kB │ gzip:   7.15 kB
dist/assets/subject-operations-Ds0Lq8VP.js                               22.57 kB │ gzip:   7.00 kB
dist/assets/material-statements-uxnr2MzP.js                              22.71 kB │ gzip:   5.99 kB
dist/assets/progress-statistics-linkage-D0xjFxdJ.js                      22.82 kB │ gzip:   6.52 kB
dist/assets/simple-cut-piece-handover-ui-DTeLpIgB.js                     23.04 kB │ gzip:   8.89 kB
dist/assets/purchase-suggestions-DA8pI6ku.js                             23.20 kB │ gzip:   7.25 kB
dist/assets/process-order-task-links-BQqfsvyv.js                         23.57 kB │ gzip:   6.43 kB
dist/assets/process-print-orders-YH1hmBX3.js                             23.59 kB │ gzip:   7.73 kB
dist/assets/qc-orders-CbBzsbrN.js                                        23.61 kB │ gzip:   7.31 kB
dist/assets/pcs-handlers-Bdv0MKrh.js                                     23.63 kB │ gzip:   6.11 kB
dist/assets/process-dye-orders-D-KAZE9s.js                               23.77 kB │ gzip:   7.81 kB
dist/assets/machine-associations-lpQ7bBMM.js                             24.42 kB │ gzip:   7.25 kB
dist/assets/fcs-production-tech-pack-snapshot-edoIt5n5.js                24.58 kB │ gzip:   6.16 kB
dist/assets/retired-process-history-j1PFHUAP.js                          24.75 kB │ gzip:   6.40 kB
dist/assets/dialogs-0ChuAj8T.js                                          24.87 kB │ gzip:   6.15 kB
dist/assets/wls-fabric-demand-board-C1Arm6Pu.js                          25.08 kB │ gzip:   6.86 kB
dist/assets/kol-demands-xBG0oKUa.js                                      25.29 kB │ gzip:   7.35 kB
dist/assets/supplier-supply-archives-DtZhS_xv.js                         25.58 kB │ gzip:   7.42 kB
dist/assets/pda-warehouse-wait-handover-DA3O1SHv.js                      25.61 kB │ gzip:   6.37 kB
dist/assets/sample-approval-suggestions-BoypcblG.js                      25.93 kB │ gzip:   7.97 kB
dist/assets/progress-milestone-config-Bx8I_nk8.js                        26.43 kB │ gzip:   5.64 kB
dist/assets/sample-warehouse-C2nufQq2.js                                 26.63 kB │ gzip:   6.61 kB
dist/assets/marker-spreading-utils-DUKdHRtV.js                           26.72 kB │ gzip:   7.83 kB
dist/assets/third-party-factory-rating-CLkrN8of.js                       27.03 kB │ gzip:   7.57 kB
dist/assets/warehouse-location-map-DqVTM89D.js                           27.06 kB │ gzip:   7.08 kB
dist/assets/pcs-channel-products-CmaAM-xb.js                             27.09 kB │ gzip:   7.17 kB
dist/assets/pcs-pattern-library-detail-Bq-X9E7c.js                       27.58 kB │ gzip:   6.56 kB
dist/assets/pda-wool-fact-execution-C0kJOJyo.js                          27.84 kB │ gzip:   9.27 kB
dist/assets/warehouse-B6wpyfrf.js                                        28.08 kB │ gzip:   9.32 kB
dist/assets/material-purchase-orders-4qJu2ezi.js                         28.12 kB │ gzip:   8.26 kB
dist/assets/production-order-progress-tracking-U0gtt6_u.js               28.21 kB │ gzip:   9.21 kB
dist/assets/factory-status-pZcXG11L.js                                   28.39 kB │ gzip:   6.00 kB
dist/assets/pcs-engineering-master-detail-Bd298fcR.js                    28.51 kB │ gzip:   8.35 kB
dist/assets/logistics-reconciliations-xQNe4GI3.js                        28.83 kB │ gzip:   8.85 kB
dist/assets/marker-plan-source-model-C_e5f30V.js                         28.86 kB │ gzip:   8.45 kB
dist/assets/progress-cutting-exception-center-Clj_70kg.js                29.08 kB │ gzip:   6.45 kB
dist/assets/material-reconciliations-Bbz5Hyzh.js                         29.27 kB │ gzip:   8.85 kB
dist/assets/handover-orders-DbSuGaGM.js                                  30.04 kB │ gzip:   8.25 kB
dist/assets/early-process-management-u91qtBz8.js                         30.06 kB │ gzip:   7.55 kB
dist/assets/pcs-config-workspace-CT25zCga.js                             30.75 kB │ gzip:   6.77 kB
dist/assets/capability-BD3Ec9nv.js                                       31.61 kB │ gzip:   6.67 kB
dist/assets/material-archives-FVcAT0yz.js                                31.90 kB │ gzip:   7.92 kB
dist/assets/factory-performance-Ds8OFQKE.js                              32.27 kB │ gzip:   6.72 kB
dist/assets/garment-spu-replacements-DuPGkv4n.js                         32.30 kB │ gzip:   9.07 kB
dist/assets/task-detail-m-7E89Lw.js                                      32.45 kB │ gzip:   9.60 kB
dist/assets/dialogs-B30l1R3j.js                                          32.55 kB │ gzip:   9.78 kB
dist/assets/pda-shell-PRjRcQos.js                                        32.91 kB │ gzip:   8.67 kB
dist/assets/process-warehouse-domain-DRwZ7LtA.js                         32.98 kB │ gzip:   7.51 kB
dist/assets/cut-piece-return-domain-DtWYaGhS.js                          33.09 kB │ gzip:   9.74 kB
dist/assets/pda-cutting-inbound-CXrpfk7c.js                              33.44 kB │ gzip:  10.01 kB
dist/assets/store-domain-settlement-seeds-DVvHmZTM.js                    33.63 kB │ gzip:   8.97 kB
dist/assets/pcs-pattern-library-HGpkkfcR.js                              33.64 kB │ gzip:   7.62 kB
dist/assets/warehouse-runtime-CAdChU7T.js                                33.70 kB │ gzip:   8.62 kB
dist/assets/payment-requests-BfVSYlOP.js                                 33.93 kB │ gzip:   8.90 kB
dist/assets/stage-orders-zZtq6XaN.js                                     34.11 kB │ gzip:  10.44 kB
dist/assets/first-leg-logistics-BgSGS8Up.js                              34.45 kB │ gzip:   9.00 kB
dist/assets/pda-warehouse-stocktake-DiEHD0KR.js                          34.46 kB │ gzip:   8.63 kB
dist/assets/stage-order-detail-DGj34amb.js                               34.49 kB │ gzip:   9.98 kB
dist/assets/work-orders-C-J88CA7.js                                      34.50 kB │ gzip:  11.54 kB
dist/assets/work-order-detail-DcyHRUJB.js                                34.57 kB │ gzip:   9.39 kB
dist/assets/pda-post-finishing-flow-CH55EZZE.js                          34.79 kB │ gzip:   9.28 kB
dist/assets/dispatch-acceptance-sla-CtDcr_TW.js                          34.91 kB │ gzip:   7.87 kB
dist/assets/pda-task-receive-detail-Ce9q3ETQ.js                          35.22 kB │ gzip:   8.42 kB
dist/assets/pending-receipts-CdmvOT86.js                                 35.27 kB │ gzip:  10.61 kB
dist/assets/wls-accessory-receipts-oUEIEOtP.js                           35.43 kB │ gzip:  10.68 kB
dist/assets/water-soluble-orders-hzDEzeYk.js                             35.86 kB │ gzip:  10.76 kB
dist/assets/pda-cutting-transfer-bag-repack-Cpt_LmHN.js                  35.90 kB │ gzip:  10.08 kB
dist/assets/work-order-detail-Cz1gwKYQ.js                                36.11 kB │ gzip:   9.66 kB
dist/assets/pcs-technical-data-443zK5lj.js                               36.78 kB │ gzip:   9.80 kB
dist/assets/pcs-pattern-library-create-DvYcj2Pd.js                       36.89 kB │ gzip:   8.61 kB
dist/assets/special-processes-BgIWo9Hm.js                                37.19 kB │ gzip:   9.50 kB
dist/assets/first-leg-carriers-C8diLNT1.js                               37.35 kB │ gzip:   9.88 kB
dist/assets/third-party-factory-comprehensive-assessment-quRbEyaT.js     37.39 kB │ gzip:  11.04 kB
dist/assets/pda-quality-CuXirhbZ.js                                      37.40 kB │ gzip:   9.76 kB
dist/assets/product-purchase-orders-D8yFf1Ys.js                          37.56 kB │ gzip:   9.20 kB
dist/assets/cutting-statistics-ab-material-DLsAqabJ.js                   38.09 kB │ gzip:   8.61 kB
dist/assets/payment-requests-CqOqniD4.js                                 38.14 kB │ gzip:   9.94 kB
dist/assets/warehouse-D0rn-AAj.js                                        38.50 kB │ gzip:  10.90 kB
dist/assets/fcs-handlers-BCJKd_iE.js                                     38.95 kB │ gzip:  11.66 kB
dist/assets/pda-cutting-handover-Dt07Hpe0.js                             38.97 kB │ gzip:  11.05 kB
dist/assets/first-leg-shipments-yKbwB102.js                              39.82 kB │ gzip:   9.86 kB
dist/assets/wait-handover-runtime-CSpcAikB.js                            41.22 kB │ gzip:  11.19 kB
dist/assets/print-styles-Vcc5Tpwb.js                                     41.87 kB │ gzip:   8.58 kB
dist/assets/pending-receipts-Bnm91crn.js                                 43.19 kB │ gzip:  15.36 kB
dist/assets/pcs-material-archives-Ch8u4Jdx.js                            43.89 kB │ gzip:   9.60 kB
dist/assets/cutting-summary-CDA1kRQM.js                                  44.04 kB │ gzip:  11.49 kB
dist/assets/warehouse-DfDwtlYH.js                                        44.11 kB │ gzip:  11.17 kB
dist/assets/handover-orders-DY9nt64t.js                                  44.18 kB │ gzip:   8.79 kB
dist/assets/demand-domain-B7E6FTbS.js                                    44.54 kB │ gzip:   9.88 kB
dist/assets/warehouse-DH_TvGfv.js                                        46.18 kB │ gzip:  10.74 kB
dist/assets/batches-Dl7VGna9.js                                          46.41 kB │ gzip:   9.85 kB
dist/assets/dispatch-tenders-GdbXKlbz.js                                 47.24 kB │ gzip:  12.25 kB
dist/assets/dyeing-dNL7lZ7O.js                                           47.45 kB │ gzip:  10.18 kB
dist/assets/printing-IyvDSvxS.js                                         47.45 kB │ gzip:  10.18 kB
dist/assets/other-DmYfoyOI.js                                            47.46 kB │ gzip:  10.19 kB
dist/assets/settlement-linked-mock-factory-u0w98rnu.js                   47.63 kB │ gzip:  14.44 kB
dist/assets/sewing-CiGYJUZ9.js                                           48.47 kB │ gzip:  10.52 kB
dist/assets/progress-material-BKhLuc5Y.js                                48.72 kB │ gzip:   9.35 kB
dist/assets/material-inventory-D5cra-FD.js                               48.95 kB │ gzip:  12.56 kB
dist/assets/pda-task-receive-Dn_GuQ16.js                                 49.14 kB │ gzip:  12.22 kB
dist/assets/supplier-confirmations-BNN-tnTe.js                           49.84 kB │ gzip:  12.86 kB
dist/assets/pda-cutting-execution-source-BQWtbPJa.js                     49.90 kB │ gzip:  13.49 kB
dist/assets/pda-onboarding-BuHefJbe.js                                   50.52 kB │ gzip:  10.77 kB
dist/assets/marker-plan-model-CT-pJ5VP.js                                51.50 kB │ gzip:  14.70 kB
dist/assets/pda-handover-BGAhJj4Z.js                                     52.11 kB │ gzip:  13.86 kB
dist/assets/store-domain-progress-BabPwLam.js                            53.10 kB │ gzip:  11.77 kB
dist/assets/settlement-cutting-input-CgYE4sPL.js                         53.56 kB │ gzip:  11.03 kB
dist/assets/lace-factory-domain-CK--dX9N.js                              53.67 kB │ gzip:  13.39 kB
dist/assets/pcs-part-template-library-gYUfUX1I.js                        53.77 kB │ gzip:  11.06 kB
dist/assets/progress-urge-D8IFz3SJ.js                                    56.35 kB │ gzip:  11.39 kB
dist/assets/pda-cutting-spreading-DAt9iD9j.js                            56.56 kB │ gzip:  13.08 kB
dist/assets/warehouse-location-map-CzAadhKX.js                           56.79 kB │ gzip:  16.84 kB
dist/assets/marker-plan-occupancy-Y4MOuRMi.js                            57.09 kB │ gzip:  16.02 kB
dist/assets/domain-snapshot-HUPrFBgl.js                                  59.32 kB │ gzip:  15.87 kB
dist/assets/cut-piece-release-aDqg--i3.js                                60.06 kB │ gzip:  15.81 kB
dist/assets/pda-settlement-iKCgS_J4.js                                   60.08 kB │ gzip:  13.66 kB
dist/assets/routes-fcs-Dazu50Ok.js                                       60.31 kB │ gzip:  12.61 kB
dist/assets/factory-profile-iXQbF6LG.js                                  61.11 kB │ gzip:  14.02 kB
dist/assets/pickup-management-list-CsOg76V9.js                           61.39 kB │ gzip:  17.10 kB
dist/assets/pcs-live-testing-DV2ZG9wf.js                                 62.65 kB │ gzip:  15.76 kB
dist/assets/cutting-DFejtvkd.js                                          62.79 kB │ gzip:  12.94 kB
dist/assets/progress-handover-DA4Jp06k.js                                63.78 kB │ gzip:  13.54 kB
dist/assets/production-object-overview-g0C4cse7.js                       64.69 kB │ gzip:  13.11 kB
dist/assets/pcs-video-testing-DJCm9rYO.js                                64.82 kB │ gzip:  16.19 kB
dist/assets/production-object-overview-pvFay8Kg.js                       65.32 kB │ gzip:  15.34 kB
dist/assets/output-documents-ogh_W3cD.js                                 65.92 kB │ gzip:  22.54 kB
dist/assets/pda-exec-D82BiN0x.js                                         66.88 kB │ gzip:  15.29 kB
dist/assets/pcs-sample-management-BrlqinWS.js                            67.47 kB │ gzip:  15.34 kB
dist/assets/core-C4KcPvus.js                                             67.54 kB │ gzip:  12.55 kB
dist/assets/cutting-daily-production-report-uTYjYeFR.js                  68.05 kB │ gzip:  19.04 kB
dist/assets/pcs-channel-stores-r75kLGcf.js                               69.22 kB │ gzip:  14.30 kB
dist/assets/context-B0a5pP6Z.js                                          69.43 kB │ gzip:  21.33 kB
dist/assets/sewing-dispatch-rc0kZPPk.js                                  69.49 kB │ gzip:  18.07 kB
dist/assets/progress-exceptions-DozrJGqx.js                              70.30 kB │ gzip:  13.27 kB
dist/assets/qc-records-CoG9RLPZ.js                                       71.00 kB │ gzip:  15.94 kB
dist/assets/wait-handover-actions-C2ga1d33.js                            71.83 kB │ gzip:  18.16 kB
dist/assets/special-craft-fei-ticket-flow-Bd78KOBt.js                    72.43 kB │ gzip:  16.43 kB
dist/assets/transfer-bags-FUqBzV16.js                                    72.79 kB │ gzip:  18.40 kB
dist/assets/factory-onboarding-DtaluXrR.js                               75.21 kB │ gzip:  12.66 kB
dist/assets/pda-handover-detail-v3ENOXUN.js                              75.36 kB │ gzip:  18.43 kB
dist/assets/settlement-Bw7L_m5k.js                                       75.54 kB │ gzip:  11.55 kB
dist/assets/dialogs-sZv13sts.js                                          75.66 kB │ gzip:  18.69 kB
dist/assets/orders-domain-_rheOx2r.js                                    76.23 kB │ gzip:  16.86 kB
dist/assets/pcs-independent-sampling-CBpRpZpt.js                         76.92 kB │ gzip:  19.56 kB
dist/assets/runtime-projections-CSFu3mpR.js                              78.01 kB │ gzip:  18.42 kB
dist/assets/transfer-bag-operations-Dc_fkz1U.js                          78.06 kB │ gzip:  19.27 kB
dist/assets/process-action-writeback-service-C28dRs5Z.js                 78.08 kB │ gzip:  17.83 kB
dist/assets/production-progress-40pxQdY3.js                              80.58 kB │ gzip:  20.32 kB
dist/assets/pda-warehouse-wait-process-1S_P8j95.js                       87.24 kB │ gzip:  21.10 kB
dist/assets/events-B3e2XAUk.js                                           90.02 kB │ gzip:  22.18 kB
dist/assets/factory-onboarding-flow-CVuDb2Qh.js                          90.59 kB │ gzip:  23.31 kB
dist/assets/dispatch-CoM0JEgI.js                                         91.34 kB │ gzip:  27.77 kB
dist/assets/cut-orders-CZ_xaR0z.js                                       94.66 kB │ gzip:  24.39 kB
dist/assets/special-craft-task-orders-BoxoRrqM.js                        99.16 kB │ gzip:  26.80 kB
dist/assets/pcs-product-archives-C3Bp3KqE.js                            106.20 kB │ gzip:  21.45 kB
dist/assets/index-rLsj3Pp5.js                                           109.43 kB │ gzip:  39.84 kB
dist/assets/app-shared-CI7Lw1Ed.js                                      109.79 kB │ gzip:  26.87 kB
dist/assets/transfer-bag-return-model-DKmY1YHm.js                       112.94 kB │ gzip:  26.62 kB
dist/assets/supplement-management-oTCKjA6h.js                           113.22 kB │ gzip:  29.91 kB
dist/assets/unified-dispatch-workbench-UWlKW2uw.js                      117.95 kB │ gzip:  33.06 kB
dist/assets/statements-CFgtXOXg.js                                      119.48 kB │ gzip:  24.44 kB
dist/assets/events-DtvERZY9.js                                          121.20 kB │ gzip:  31.26 kB
dist/assets/pcs-engineering-tasks-CAAzOO2P.js                           121.82 kB │ gzip:  27.76 kB
dist/assets/context-CIG8wMS0.js                                         132.99 kB │ gzip:  34.39 kB
dist/assets/production-1V4P8-Hn.js                                      133.88 kB │ gzip:  27.37 kB
dist/assets/process-domain-B0SojLxp.js                                  138.94 kB │ gzip:  25.96 kB
dist/assets/generated-fei-tickets-BPrYORfu.js                           143.00 kB │ gzip:  36.15 kB
dist/assets/preparation-timing-NAAFa3Na.js                              145.93 kB │ gzip:  34.39 kB
dist/assets/marker-plan-DFHDX-pB.js                                     150.09 kB │ gzip:  35.39 kB
dist/assets/warehouse-hub-qj93mbtE.js                                   152.71 kB │ gzip:  37.96 kB
dist/assets/marker-spreading-CyOCsFoh.js                                154.06 kB │ gzip:  37.71 kB
dist/assets/return-inbound-CEBp7AVV.js                                  183.42 kB │ gzip:  33.52 kB
dist/assets/fei-tickets-CITw1i50.js                                     196.51 kB │ gzip:  43.85 kB
dist/assets/index--GzcKvNw.js                                           210.12 kB │ gzip:  66.49 kB
dist/assets/index-Dk-vuLSj.js                                           222.65 kB │ gzip:  52.13 kB
dist/assets/pcs-projects-BU-daKhH.js                                    232.17 kB │ gzip:  50.52 kB
dist/assets/pda-exec-detail-BdZkOyEa.js                                 233.98 kB │ gzip:  54.27 kB
dist/assets/print-preview-_c5A0IQm.js                                   257.70 kB │ gzip:  66.68 kB
dist/assets/production-timeliness-DhRfwS4s.js                           459.91 kB │ gzip: 115.02 kB
dist/assets/pda-DCVk6CPa.js                                             511.79 kB │ gzip:  85.32 kB
dist/assets/production-source-shared-Bk3YLL-P.js                      2,918.65 kB │ gzip: 725.82 kB

(!) Some chunks are larger than 550 kB after minification. Consider:
- Using dynamic import() to code-split the application
- Use build.rollupOptions.output.manualChunks to improve chunking: https://rollupjs.org/configuration-options/#output-manualchunks
- Adjust chunk size limit for this warning via build.chunkSizeWarningLimit.
✓ built in 9.79s
