✔ 三个中央工厂在组织目录与执行工厂中身份一致且仅出现一次 (0.422333ms)
✔ 花边角色与采购映射归属TMF但供应方仍保留独立身份 (0.0685ms)
✔ 橡筋定长切割仍归SPF，不成为TMF织带截断任务 (0.081459ms)
✔ 旧浏览器组织记录迁移后不与权威TMF并存且保留已有联系人 (4.488334ms)
(node:8178) ExperimentalWarning: localStorage is not available because --localstorage-file was not provided.
(Use `node --trace-warnings ...` to show where the warning was created)
✔ N01～N05：通过现有 PMS 入口下达，每条采购链从零执行到仓库实收；交出不提前增加库存 (5.405375ms)
✔ B01/B03：短收保留在途和采购缺口；重复扫描、生成和刷新不双记 (1.494459ms)
✔ B02/B04：多收、错 SKU、错仓和无权限动作不改变任意下游数量；恢复后正常收齐 (2.255209ms)
✔ B23/B24：未开始跟随采购版本，已执行保留原计划和实物、挂出变更待处理 (2.223917ms)
✔ B21：保存失败不报成功、不留部分库存；成功后刷新读取同一采购和收货事实 (0.753208ms)
✔ 采购起点→两种规格需求→占用→发料→工厂实收：占用不扣实存，发出不冒充已收，采购实收不重复增加 (2.2355ms)
✔ B09：其他需求占用400米时不能再占650；释放50后恢复，错误发料不改变库存 (3.403542ms)
✔ 需求来源：同尺码不同成衣SKU分别保留，BOM适用范围生效，错误快照和重复工序阻断 (0.419625ms)
(node:8179) ExperimentalWarning: localStorage is not available because --localstorage-file was not provided.
(Use `node --trace-warnings ...` to show where the warning was created)
✔ N01：400 条 50CM 和 600 条 70CM 分行计算，共 620 米；未增加 SKU (1.118583ms)
✔ 缺少尺码数量、非整数条数、公差或测量条件时不猜测需求 (0.276083ms)
✔ B07：未选择打头、缺少端头方式或辅材不能确认；支持两端不同端头 (0.177875ms)
✔ N04/B08：硅胶按重量且必须有覆盖长度，不作为独立金属头计数 (0.086458ms)
✔ B18：打头只能承接对应截断条料，不能换 SKU、换长度或重新领连续料 (0.216834ms)
✔ N05：规格相同可以合并，但尺码、用途和需求身份不靠物理规格键代替 (0.079375ms)
✔ B14：修改后续版本端头要求不能污染生产单历史快照 (0.3515ms)
ℹ tests 19
ℹ suites 0
ℹ pass 19
ℹ fail 0
ℹ cancelled 0
ℹ skipped 0
ℹ todo 0
ℹ duration_ms 213.310917
