
> higoods-vanilla-clone@1.0.0 build
> npm run typecheck:engineering && npm test && vite build


> higoods-vanilla-clone@1.0.0 typecheck:engineering
> npm run typecheck:entrypoints && npm run typecheck:scopes


> higoods-vanilla-clone@1.0.0 typecheck:entrypoints
> tsc --project tsconfig.engineering.json


> higoods-vanilla-clone@1.0.0 typecheck:scopes
> node scripts/check-typescript-scope.mjs src/domain/ src/components/ui/ src/state/

TypeScript 全量既有错误：61
本次渐进检查范围：src/domain/、src/components/ui/、src/state/
范围内错误：0
范围外既有错误保留在全量 typecheck 中继续分批治理。

> higoods-vanilla-clone@1.0.0 test
> npm run test:unit


> higoods-vanilla-clone@1.0.0 test:unit
> node --import tsx --test tests/unit/*.test.ts

✔ 浏览器存储封装保持读写删除语义 (1.185833ms)
✔ 浏览器存储不可用或抛错时保持静默降级 (0.187667ms)
(node:7486) ExperimentalWarning: localStorage is not available because --localstorage-file was not provided.
(Use `node --trace-warnings ...` to show where the warning was created)
✔ MIG-001/002/006: management entry and handlers belong to FCS; PFOS keeps execution (0.967334ms)
✔ MIG-003/007: prep and execution read the same early order identities, quantities and match status (3389.592125ms)
✔ MIG-004/009: migrated dialogs retain candidate fields, actual material image and task outputs (0.758375ms)
✔ MIG-011: management and execution use the same seven business display columns (7.713791ms)
✔ MIG-007: early dye/print creation and cancellation survive reload (3461.958084ms)
✔ 解析带标签、小数和空格的长度数量 (0.441917ms)
✔ 解析卷数并对不合法文本返回 0 (0.106125ms)
✔ 证据文件标识把连续空白收口为单个连字符 (0.137375ms)
(node:7489) ExperimentalWarning: localStorage is not available because --localstorage-file was not provided.
(Use `node --trace-warnings ...` to show where the warning was created)
✔ 设计改款可成批生成染色和印花加工单，且完整投影来源与上下游 (1752.162959ms)
✔ 设计改款加工单生成幂等，重复请求不增加单据 (22.081375ms)
✔ 同一设计改款任务的不同颜色和 BOM 行分别生成加工单 (8.663625ms)
✔ 成批提交失败时染色与印花加工单一起回滚 (7.942291ms)
✔ 设计改款来源缺关键引用或来源未知时必须阻断 (0.234958ms)
(node:7490) ExperimentalWarning: localStorage is not available because --localstorage-file was not provided.
(Use `node --trace-warnings ...` to show where the warning was created)
✔ 设计改款加工单等待买手审核成果，绑定真实附件后才可安排，先染后印继续受前序交出约束 (647.480125ms)
✔ 专业成果没有真实附件时保持未绑定 (8.205583ms)
(node:7491) ExperimentalWarning: localStorage is not available because --localstorage-file was not provided.
(Use `node --trace-warnings ...` to show where the warning was created)
✔ 可打印不等于可建交出单，必须完成真实标签打印 (0.471708ms)
✔ 卷规格无效时不可建交出单，且不改变原可打印判定语义 (0.069292ms)
✔ 人工完成印花加工单不再自动填充操作人 (416.352208ms)
✔ 日报窗口含截止日7天，重点日均独立使用前6天 (0.467375ms)
✔ 未知采购不填0，未BOM不输出完整确定订单需求 (0.102833ms)
✔ 突变必须绝对量与比例同时达到阈值 (0.060166ms)
✔ 截止日突变示例与未完结日不判定 (0.058667ms)
✔ 共享商品按SPU去重而不按关联行累加销量 (0.086959ms)
✔ 预选不产生确定用料；BOM需求保留物料归属 (0.122291ms)
✔ 同料BOM优先于预选，不重复关系及需量 (0.405458ms)
✔ 两个业务页具有独立容器、标准分页与证据边界 (19.101209ms)
✔ 未进入物料页面时 bridge 不加载业务；加载失败重试后首次渲染即已注册 (2.769458ms)
✔ click 分组顺序、短路、选择器范围保持原行为，重新注册替换旧处理器 (0.629041ms)
✔ 备料写入守卫读取实时角色与水位，阻断时不调用业务处理器 (0.318666ms)
✔ input/change/keyboard 原入口、筛选范围和 change 优先级完整保留 (0.295416ms)
✔ health groups are exhaustive and mutually exclusive in demo (0.77275ms)
✔ coverage and baseline use same inventory plus transit but distinct demand windows (0.064167ms)
✔ zero demand is unavailable rather than infinity and huge finite quotient stays finite (0.081042ms)
✔ date selects different consistent snapshot (0.0805ms)
✔ threshold changes alter classification without changing facts (0.059833ms)
✔ health view carries core P1 business sections and mock caveat (18.799917ms)
✔ AT16 rules do not substitute brand, size or packaging method (0.894625ms)
✔ AT24 equal priority conflict blocks resolution and identifies rules (0.866958ms)
✔ higher explicit priority resolves a lower priority overlap (0.176959ms)
✔ plans distinguish garments and parcels and add loss once (0.29025ms)
✔ AT18 white pendant stock only allocated once (0.150792ms)
✔ event duplicate and old revision do not add consumption; reprints are activity only (0.222458ms)
✔ conflicting same revision fails instead of silently choosing a payload (0.184875ms)
✔ AT17/19/20 panel states unresolved ASAYA, independent kit80 and unknown ribbon (0.510625ms)
✔ trigger distinct from target, existing supply produces explainable zero (1.185084ms)
✔ missing mapping or usage and incompatible raw unit block unsafe generation (0.493708ms)
✔ generation reserves remaining once and shared raw pool across target rules (1.488875ms)
✔ production does not increase stock; actual SKU and output bound partial receipts (0.297875ms)
✔ cancelled suggestion releases commitment and raw allocation (0.133ms)
✔ AT05 committed greige is not available for a second allocation (0.874625ms)
✔ AT06 partial receipt reduces expected supply; checking and qualified never duplicate (0.60475ms)
✔ AT07 unmapped target preserves quantities but gives no target coverage (0.108125ms)
✔ §7.2 loss reduces future supply; rejected receipts never become usable (0.064917ms)
✔ §7.3 unit/yield/route and conservation gaps block deterministic supply (0.10375ms)
✔ §7.3 candidate comparison reports remaining shortage and respects arrival deadline (0.13525ms)
✔ §7.3 zero gap stays zero and nonfinite inputs cannot produce advice (0.049917ms)
✔ panel uses owned local handlers and discloses mock and missing images (1.570208ms)
✔ P2 coefficients and coverage exclude transit (6.737542ms)
✔ P2 coverage buckets have exclusive shared boundaries (0.461959ms)
✔ P2 partial receipts and completed batches count remaining only (0.057625ms)
✔ P2 latest overdue selected only if no future batch; today included (0.543708ms)
✔ P2 search transit and ETA filters compose (0.334417ms)
✔ P2 zero demand and missing BOM preserve distinct nulls; micro demand excluded (0.162542ms)
✔ P2 standard table renders and limits initial rows to first page (11.169625ms)
✔ AT01/02 internal reservation stays in coverage while external reservation is deducted (12.229416ms)
✔ AT03 quality segments are not usable (0.15025ms)
✔ AT04 partial receipt leaves remaining supply only (0.172959ms)
✔ AT08/38 late supply never erases earlier shortage (0.134709ms)
✔ AT09 intermediate deficit determines net need rather than positive closing balance (0.118833ms)
✔ AT10 MOQ and pack rounding, zero stays zero (0.109875ms)
✔ AT11 horizon begins at cutoff and is not expanded by lead time (0.138292ms)
✔ AT12 forecast covered by confirmed demand is excluded before coefficient (0.111292ms)
✔ AT13 no demand has no numeric coverage (0.098292ms)
✔ AT14 cancelling demand does not change stock (0.136209ms)
✔ AT15 latest event revision only (0.388875ms)
✔ AT16/17 directory preserves bag sizes and ASAYA duplicated input is one unresolved SKU (0.07975ms)
✔ AT18 three brands draw from one shared pool (0.098625ms)
✔ AT19/20 kit capacity respects minimum and missing conversion (0.049583ms)
✔ AT21 inactive/unusable stock remains physically visible (0.085292ms)
✔ AT23 affected order identifiers are unique (0.090583ms)
✔ AT25/26 draft does not mutate active and invalidates trial (0.060083ms)
✔ AT26/28 publish requires role and exact trial; history retained (0.182917ms)
✔ AT31 risk cannot close with remaining shortage or skip verification (0.151209ms)
✔ AT37 invalid dates, unknown timezone, bad numeric values rejected (0.077208ms)
✔ duplicate supply chain does not double count and blocks deterministic advice (0.084541ms)
✔ warehouse catalogue includes 17 locations and two garment warehouses (0.035542ms)
✔ candidate comparison retains pre-arrival risk (0.287875ms)
✔ SKU-specific policy wins and duplicate rules block publish (0.116375ms)
✔ 路由标准化移除 query 与 hash，但不改动路径 (0.340125ms)
✔ 只匹配路由根或其子路径，不误匹配相似前缀 (0.103708ms)
✔ 可在多个合法根路径中匹配一个 (0.067833ms)
✔ 只把完整生产确认单打印路由识别为命中 (0.095417ms)
✔ 物流商新增字段保存回显并写入操作日志 (4.730125ms)
✔ 物流商数字字段非负校验与运输方式枚举校验 (0.503292ms)
✔ 渠道新增字段保存回显，条件计费字段按计费方式保留 (0.744791ms)
✔ 整柜渠道不要求新增计费字段，仍要求四箱型完整配置 (0.242708ms)
✔ 渠道数字字段非负与时效区间校验 (0.2505ms)
✔ 头程批次聚合展示总箱数、总重量、总体积与转运天数 (0.847333ms)
✔ 工序链按保存顺序生效，合法工序集合固定，非法或重复工序被拒 (1.71125ms)
✔ 坯布 SKU 必填，坯布库存为 0 时调拨资格被拒，补足后恢复 (0.32575ms)
✔ 采购单按勾选 SKU 生成明细，数量与枚举非法被拒 (0.140667ms)
✔ 调拨单可选择调出仓库与调入目标，同步生成加工单号链 (0.192625ms)
✔ 批量刷新库存更新全部监控行与刷新时间并写日志 (0.188ms)
✔ 手动添加监控 SKU 校验 SKU 必填与重复，添加后进入列表 (0.236166ms)
✔ 物料申报扩展字段保存回显，26 项特殊属性按数组保存 (2.228666ms)
✔ 报关扩展：法定第二计量单位与数值，不报关分支跳过必填校验 (0.335458ms)
✔ BOM 业务选项与价格/成本、工厂、布料字段保存回显 (1.224292ms)
✔ 主体经营 9 项成本明细加调整重算总成本，数据缺失提醒可消除 (0.585041ms)
✔ 供应商从草稿到启用遵循状态机，名称唯一 (2.513875ms)
✔ 供货档案包装换算与快照版本 (0.393625ms)
✔ 物料全部有真实图片，采购补充信息可更新且不新增删除 (0.640125ms)
✔ 成衣与样衣 SKU 只读列表数据完整 (0.179333ms)
✔ 仓库同步更新时间，单位字典唯一且不可删除只可启停 (0.541875ms)
✔ BOM 用量可修改，说明可保存，发布后可生成面辅料需求 (2.430209ms)
✔ 面辅料需求种子就绪且可按物料行下推采购单 (3.81575ms)
✔ 快递信息导入校验采购单存在、单号唯一、日期与数量合法 (0.668541ms)
✔ 国内签收、加入头程、状态推进与到仓自动签收 (1.83425ms)
✔ 供应商确认单需标签齐备，确认后回写采购单 (0.988ms)
✔ 整柜渠道必须完整配置四个箱型，物流商可启停 (0.534125ms)
✔ 面辅料采购单可带原因关闭，关闭后不能再登记到货 (0.292458ms)
✔ 库存监控触发线与建议量公式，规则异常阻断建单 (1.959667ms)
✔ 建单数量不得超过建议量，调拨与采购资格分别阻断 (0.317792ms)
✔ 中转看板指标、分布与筛选跳转规则 (0.496375ms)
✔ 生产单校验与配料任务只读数据完整，系统设置结果为 8/6/10 (0.170917ms)
✔ 种子采购单按 SRM 生成器规律补齐单据级与明细级字段 (0.7075ms)
✔ 新建做货采购单保存采购专员、加急、首单、区域与明细字段并可回显 (0.82775ms)
✔ 未传新增字段时沿用默认值并保持既有命令兼容 (0.114875ms)
✔ 采购专员必填、做货必须选区域、重量非负均抛出中文 PmsDomainError (0.248542ms)
✔ 编辑采购单保存新增字段并回显，非法输入被阻断 (0.230083ms)
✔ BOM 状态与 bomMatched 一致，未发布 BOM 的做货明细为未匹配 (0.155792ms)
✔ 行采购金额使用 roundPmsQty 且汇总等于逐行金额之和 (0.114709ms)
✔ 采购建议按缺口公式与折扣计算，并计入有效 KOL 申请 (0.66425ms)
✔ KOL 草稿与已驳回不计入建议缺口 (0.081792ms)
✔ 建议转采购单后写回已转数量与部分生成状态 (1.80025ms)
✔ 面辅料需求按 BOM 用量与损耗扣减库存和采购中 (0.954042ms)
✔ 重复生成、草稿采购单与非做货采购单均被阻断 (0.209708ms)
✔ KOL 单条超量需要二次确认，超过申请量直接阻断 (0.476333ms)
✔ 驳回 KOL 需求后不再计入建议缺口 (0.230959ms)
✔ 关闭采购单必须填写原因且已关闭不可重复关闭 (0.264208ms)
✔ 主体经营明细总成本、毛利与毛利率公式 (1.180541ms)
✔ 面辅料对账：预计/实际双层公式，费用项与差异双重门禁 (2.062ms)
✔ 面辅料费用项部分确认、批量确认与编辑失效 (0.472042ms)
✔ 请款草稿跨页创建、请款与付款上限、编辑范围 (0.559291ms)
✔ 物流实际费用 12 列导入校验、不自动确认与确认后锁定 (0.399125ms)
✔ 请款单作废释放来源对账，已有付款不能作废 (0.190459ms)
✔ 供应商账单 9 列导入覆盖实际层且不自动确认 (0.24625ms)
✔ 金额大写按 RMB 规则输出并覆盖跨节零 (0.114291ms)
✔ 生成卷号按前缀、每卷米数、重量与起始序号生成并写入包装明细 (3.894541ms)
✔ 生成卷号时尾卷承载剩余数量，卷数按采购数量与每卷米数自动取整 (0.572417ms)
✔ 非法卷号参数被拒绝并抛出中文域错误 (0.326792ms)
✔ 生成标签后二维码内容包含卷号与箱规，参与打印 (0.248292ms)
✔ 箱规新增自动计算体积，重复箱号与非法尺寸被拒，删除后计数正确 (0.225959ms)
✔ 包装明细可新增与删除，非法输入被拒且删除后计数正确 (0.187041ms)
✔ 被包装明细引用的箱规不能删除 (0.075541ms)
✔ 供应商枚举与 SRM 完全一致，旧枚举不再出现 (0.699458ms)
✔ 种子字段满足 SRM 枚举且协同指标为数字 (0.113333ms)
✔ 新增字段保存并回显，成功命令写入操作日志 (2.693625ms)
✔ 编辑保存新增字段并保持状态机与事件名不变 (0.210209ms)
✔ 非法或缺失输入抛 PmsDomainError 且不写入数据 (0.215958ms)
✔ 详情与列表展示新增字段、SRM 枚举与协同指标 (16.9745ms)
(node:7513) ExperimentalWarning: localStorage is not available because --localstorage-file was not provided.
(Use `node --trace-warnings ...` to show where the warning was created)
✔ RETURN-010: only the acceptance week Sunday is skipped, for every starting weekday (0.566417ms)
✔ RETURN-004—010: both projections share counting dates and ceil targets (0.285375ms)
(node:7514) ExperimentalWarning: localStorage is not available because --localstorage-file was not provided.
(Use `node --trace-warnings ...` to show where the warning was created)
✔ 实际耗时跨周日仍按真实时间差；没有可靠时间不造耗时 (0.926458ms)
✔ 每任务都达成才结束；同一来源去重，作废明细不影响主表 (0.225334ms)
✔ 耗时页 Mock 至少覆盖九张生产单和全部节点，且下游事实不会越过未完成的前置节点 (570.458042ms)
✔ 裁片放行按一张放行单内的多次放行展示并选取节点起止时间 (32.624125ms)
(node:7515) ExperimentalWarning: localStorage is not available because --localstorage-file was not provided.
(Use `node --trace-warnings ...` to show where the warning was created)
✔ EXC-001—004: a reference mark cannot change debt, strict kits or final task responsibility (2.331042ms)
(node:7516) ExperimentalWarning: localStorage is not available because --localstorage-file was not provided.
(Use `node --trace-warnings ...` to show where the warning was created)
✔ 派单新增主档工厂可登记承接关系，未知工厂仍阻断 (1.410916ms)
✔ 专属任务保留整单身份、数量和接收方，工艺分支保留全部前置关系 (1.844667ms)
✔ 原生产单车缝任务仍可被 PPIC 分配与责任移交识别，SKU 总量完整 (2.828208ms)
(node:7517) ExperimentalWarning: localStorage is not available because --localstorage-file was not provided.
(Use `node --trace-warnings ...` to show where the warning was created)
✔ VERIFY-003: dispatch reads keep all documents and independent copies without projecting unrelated business views (389.245333ms)
(node:7518) ExperimentalWarning: localStorage is not available because --localstorage-file was not provided.
(Use `node --trace-warnings ...` to show where the warning was created)
✔ PERF-002/004: scoped receiving reads preserve direct receipts and allocations, without exposing mutable facts (14.169792ms)
✔ PERF-002/004: a synchronous relation read matches independent reads and releases its scope after errors (643.096542ms)
✔ PERF-004: batched print list reviews and handovers equal independently read facts (227.722667ms)
✔ PERF-004: scoped handovers keep canonical sorting and task point reads preserve identity (5.238667ms)
✔ PERF-004: reusing warehouse documents preserves each dye order source, quantity and receiver (155.869875ms)
(node:7521) ExperimentalWarning: localStorage is not available because --localstorage-file was not provided.
(Use `node --trace-warnings ...` to show where the warning was created)
✔ craft source selection preserves all previous source choices and isolated snapshots (13.819625ms)
✔ source eligibility is re-evaluated after a source order changes (0.116625ms)
(node:7522) ExperimentalWarning: localStorage is not available because --localstorage-file was not provided.
(Use `node --trace-warnings ...` to show where the warning was created)
✔ 验收数据至少包含 5 张染色和 5 张印花提前加工单，并覆盖全部匹配状态 (1203.10775ms)
✔ 印花专业成果把多张图片和多个文件统一保存在同一附件集合 (0.15675ms)
✔ 同一生产需求可手动选择具体专业任务，创建结果保存所选任务与全部成果附件 (99.916875ms)
✔ 创建提前加工单必须选择所属专业任务并明确加工厂 (0.514792ms)
✔ 计划加工数量包含损耗率，且染色印花投入与产出 SKU 必须不同 (0.138375ms)
✔ 专业成果未审核通过时不可创建提前加工单 (0.111542ms)
✔ 多个生产需求合并为一张生产单时，可匹配多张提前染色加工单 (37.839459ms)
✔ 等待技术包的提前单在技术包就绪后可由同一匹配服务自动重试 (15.321125ms)
✔ 合并生产单中只有部分需求有提前单时，只为未覆盖需求补建剩余数量 (111.840708ms)
✔ 已有提前单但正式 BOM 或 SKU 不一致时进入异常，且不重复补建同一工艺单 (71.996709ms)
✔ 取消后重建保留旧单，并建立双向替代关系 (1.933125ms)
✔ 没有提前加工单的需求仍保留正式加工单快照 (4.536917ms)
✔ BOM uses formally reduced quantity and leaves unsupported conversion unknown (0.663167ms)
✔ reuse retains one shared source instance and adds no duplicate processing duration (0.208917ms)
✔ a new rework/recheck round extends the dependency path two days and conserves qualified pieces (0.0835ms)
✔ date-only source is not coerced to a precise instant or exact deadline (0.087708ms)
✔ known order shipment can be timed without crediting an unknown production source (0.073667ms)
✔ waiting for actual fulfillment can be overall late while factory completion stays on time (0.075417ms)
✔ all six named cards render directly checkable evidence without changing production task facts (2.6035ms)
✔ all ten tasks have independent drill-down networks and one frozen aggregate snapshot (2.619125ms)
✔ 31-item dependency recursion proves 24 natural days and shows the actual sum/max formula (0.7965ms)
✔ improving procurement by ten days only improves whole-task timing by one day (0.269791ms)
✔ network rejects circular/missing dependencies and unknown is never zero time (0.417666ms)
✔ each complete standard mock network and live forecast agrees with the task summary (3.17ms)
✔ quantity forecast finds a one-day risk before any actual deadline is missed (0.894417ms)
✔ all-natural-day clock includes Sundays, preserves timezones, equality is on time and one second is late (0.205833ms)
✔ already-overdue outranks forecast missing; historical completion stops the clock (0.730208ms)
✔ upstream two-day delay and local catch-up pressure are distinct from current-team fault (0.293917ms)
✔ manual forecast is local, propagates both earlier and later dates, and never relaxes baseline (1.941666ms)
✔ saving a manual forecast refreshes all affected node labels without pretending capacity was increased (2.910291ms)
✔ zero capacity and stale progress never forecast zero remaining duration (0.450583ms)
✔ stock and purchase coverage do not imply factory readiness or a new purchase gap (0.345292ms)
✔ stock-only task still has transfer; purchased material must move beyond warehouse entry (0.215167ms)
✔ batch schedule conserves shared capacity and 90 percent occurs at a real batch event (0.343208ms)
✔ customer cancellation without production allocation does not reduce any task (0.223875ms)
✔ excess shipment of one SKU cannot hide shortage of another (0.161667ms)
✔ duplicate, out-of-order and corrected quantity events conserve the effective sum (0.204167ms)
✔ shared work is counted once while merged source tasks preserve independent T0 and deadlines (0.232584ms)
✔ orders enter analysis only from actual shipment and have their own clock (0.370667ms)
✔ region and supply mode select rules together, unpublished candidate rules never apply (0.352292ms)
✔ filters share exact aggregate scope and date windows are left-closed right-open (0.430042ms)
✔ Chinese UI defaults and all scope options filter the intended task population (0.178291ms)
✔ Chinese risk shortcut agrees with risk KPI and does not accidentally select completed or overdue tasks (0.600917ms)
✔ Chinese date-field labels use due date, start date and predicted completion respectively (0.197875ms)
✔ team and stage filters match applicable work nodes rather than only current task responsibility (0.113875ms)
✔ V3 team and factory must match the same node and empty all-scope still keeps a task (0.053458ms)
✔ V3 unknown shipment has no percentage and completed work without deadline is not on time (0.038875ms)
✔ 恢复预测保留不同工作和日期的顺序，只合并连续相同计算且不改写历史 (1.953208ms)
✔ 同一调拨动作按国家和供给方式命中不同预算，候选规则不参与匹配 (0.624084ms)
✔ 同优先级重叠命中必须冲突，明确更高优先级例外才可覆盖 (0.398541ms)
✔ 数量档边界不得跨档或用默认预算掩盖无规则 (0.078958ms)
✔ 子项七天而组上限五天阻断，网络不被截短也不在组外重复加预算 (0.129291ms)
✔ 并行分支取最大值，循环和缺失前置不得算成零天 (0.13925ms)
✔ 工厂实收映射须有明细与物流批次，入库不冒充到厂，重复事件不累加 (0.14925ms)
✔ 投入产出、单位或质量门槛不合规，不能放行下游 (0.087125ms)
✔ 新版本仅记录显式重算范围，不能顺延旧基线或考核截止 (0.3915ms)
✔ 默认演示配置没有阻断，会议候选必须以提示保留 (0.096792ms)
✔ 选定在途W19规则从1改3，本地路线24改26而原始/生效截止与实际事实不变 (2.785333ms)
✔ 在途发布同层冲突、缺规则、缺映射或事件边界变化都不生成覆盖 (0.162084ms)
✔ 发布覆盖可从初始快照恢复且重复应用幂等，未选任务不受影响 (0.981333ms)
✔ 未完成调拨预算增加后，预测沿下游传播；已完成上游事实仍原样 (0.39525ms)
(node:7527) ExperimentalWarning: localStorage is not available because --localstorage-file was not provided.
(Use `node --trace-warnings ...` to show where the warning was created)
✔ 首次来源读取只创建当前存在的缺口，历史从本次观察开始 (2.040583ms)
✔ 事项键由任务、工作与类型生成，中文说明变化不新增事项 (0.661083ms)
✔ 缺款图形成独立事项，增加地址不等于款色对应核验通过 (0.541417ms)
✔ 登记责任期限不修改事实或关闭事项，只有后续来源读取确认恢复 (1.298917ms)
✔ 同一恢复事实重复核对不制造历史，缺口复现重新打开且保留期限 (0.558958ms)
✔ 任务或工作未返回、数量已知性字段消失均不是恢复证据 (0.559917ms)
✔ 来源身份变更不能在同一次读取中把旧缺口标为恢复 (0.463291ms)
✔ 未结构化来源审核项不因文字消失自动关闭 (0.426625ms)
✔ 本地持久化保留独立事项、责任、期限和恢复历史 (1.564833ms)
✔ 本地损坏记录不伪造历史、不覆盖旧内容、不允许假保存 (1.534375ms)
✔ 责任、期限、调整原因必填；存储失败给出未保存结果 (0.527583ms)
✔ 数据待补按事项分页和筛选，提供独立登记及来源刷新入口 (3.66225ms)
✔ 事项按自身负责人和修复期限筛选，不借任务跟单替代 (0.48275ms)
✔ 空在途范围不展示历史演示日期压力图 (4.14125ms)
✔ 未知预算仍保留串并行和汇合箭头，位置不依赖日期 (4.844ms)
✔ 下游未开工且前置未完的逾期归为等待；根卡点标出具体工作和全部后继 (0.976625ms)
✔ 取消和已完成不是当前卡点，数据缺口不当执行逾期 (0.551083ms)
✔ 已开工工作即使前置未完，也保留其来源责任逾期并提示核对 (0.416416ms)
✔ 卡点范围仍显示上游参照及所有受影响后继，不显示无关支路 (0.951375ms)
✔ 单据摘要默认展开来源核心字段，不只展示时效 (0.6835ms)
✔ 需求摘要指向已存在的需求列表，入口不冒称独立详情 (0.405792ms)
✔ 缺少单据不得生成虚构摘要或默认完成数 (0.345792ms)
✔ 已实收的有效结束满足前置，取消前置不会被视为供给完成 (0.539083ms)
✔ 质检不合格仍是放行卡点，不因检验时间存在变为可放行 (0.454459ms)
✔ 来源已有不合格检验结果但缺建立时间时，不因前置未完而隐藏本项卡点 (0.791625ms)
✔ 作废且不计时不等于前置已完成；来源已阻断是明确卡点 (0.555542ms)
✔ 已知工作预算齐备但范围未确认时，公式页不得称作全程标准 (2.37675ms)
✔ 暂停或受阻工作不因遗留结束时间而放行下游 (1.792417ms)
✔ 生产准备初始化按编号读取定义与完整目录逐值一致，保留不存在时的契约 (4.829125ms)
✔ 单定义读取的可编辑数组保持隔离，不污染其他任务读取 (0.470375ms)
▶ execution source relations retain full facts without unrelated cold initialization
  ✔ cold read resolves real runtime scope and leaves print/dye execution ledgers untouched (138.163042ms)
  ✔ scoped cold result equals original complete enumeration after the same actual ID resolution (1172.44525ms)
  ✔ production with print/dye uses all existing preparation facts and keeps unknown IDs unknown (54.670834ms)
  ✔ live explicit cross-order reference and cancellation facts survive scoped reading (20.602083ms)
  ✔ real persisted cancellation restores through the original validated path in a new process (899.940083ms)
  ✔ QC reads real fact quantities and renders explicit missing artwork without placeholder network dependency (117.085875ms)
✔ execution source relations retain full facts without unrelated cold initialization (2692.245667ms)
(node:7531) ExperimentalWarning: localStorage is not available because --localstorage-file was not provided.
(Use `node --trace-warnings ...` to show where the warning was created)
✔ production source time uses explicit Shanghai time and rejects date-only completion (1.750666ms)
✔ DDS tasks use demand identity and do not invent preparation, budgets, shipment quantities or orders (4.816875ms)
✔ source bindings require existing same-style preparation and published technical version (0.884833ms)
✔ reuse preserves its source/version and does not add past preparation duration (1.361708ms)
✔ explicit unneeded work is excluded but unconfirmed missing work remains a decision, never zero-day completion (0.514291ms)
✔ explicit dependencies preserve parallel entries and repeated processes instead of serial sorting (1.380375ms)
✔ missing explicit predecessors do not become confirmed parallel roots (0.618667ms)
✔ missing predecessor and material SKU discontinuity block route certainty without fabricated edges (0.537875ms)
✔ cyclic source dependency stays a blocking issue and source objects remain unchanged (0.506208ms)
✔ read snapshot uses all current demand records without private Mock tasks or automatic same-style preparations (40.532209ms)
✔ continuous material SKU edges stay confirmed while an unconfirmed route remains pending (0.266666ms)
✔ unverified reuse does not fabricate a completed zero-day result (0.167541ms)
✔ binding writes only the DDS association key and is reflected by the next read (15.279542ms)
✔ execution source uses exact production-order identity, assigned factory and responsibility deadline (0.233416ms)
✔ only a unique exact technical entry binds execution to route; same-name and split executions stay independent (0.370584ms)
✔ preparation-only source cycles are blocked without depending on a technical pack branch (0.157667ms)
✔ source time and manual forecast stay separate from frozen rule examples and missing SLA (0.447166ms)
✔ cancelled execution is not a late blocker and unfinished status cannot borrow a stale completion timestamp (0.159458ms)
✔ document summaries are factual, compact strings; decisions without a document stay unbound (0.116583ms)
✔ formal preparation output connects the exact confirmation, route entry and production version (0.305ms)
✔ technical object identity and its material photo are retained without using the style photo (0.11725ms)
✔ material transfer has serial dispatch, transport and receipt with separate responsibility and source identity (0.263458ms)
✔ approval, sent quantities and delivery-note registration cannot prove physical handout or logistics delivery (0.158125ms)
✔ actual handout starts transportation but factory receipt never backfills logistics delivery or reception start (0.112708ms)
✔ receipt quantities require the same source line, target factory and unit; mixed units never close reception (0.145875ms)
✔ voided transfers keep evidence but no effective supply or transport completion (0.097542ms)
✔ a document handout timestamp does not complete unshipped or partially shipped source lines (0.116375ms)
✔ only preparation-bound purchase documents are included, and purchase completion never invents warehouse arrival (0.126708ms)
✔ quality is scoped to its recorded sample and does not establish shipment orders or whole-order completion (0.156875ms)
✔ current source snapshot exposes matching handover, quality and transfer documents, not generic placeholders alone (7.716875ms)
✔ only a real same-version production order becomes a root execution predecessor (0.896917ms)
✔ task lead blocker matches dependency analysis instead of blaming an unstarted downstream deadline (0.239ms)
✔ failed inspection exposes the concrete unqualified quantity as blocker reason (0.279ms)
✔ category sample images never stand in for a source style; a dedicated source image is retained (0.3425ms)
(node:7532) ExperimentalWarning: localStorage is not available because --localstorage-file was not provided.
(Use `node --trace-warnings ...` to show where the warning was created)
✔ 当前非 Mock 需求可保存显式工作映射，序列化后可恢复且不改来源事实 (43.811708ms)
✔ 未保存映射、规则空天数、事件范围变化与同级冲突分别给出真实阻断 (4.110083ms)
✔ 同一工作不得存两份口径，来源身份变化或未知数量不允许保存 (8.5845ms)
✔ 工作单位不换算、通配值不充当事实、里程碑不重复加预算 (8.256417ms)
✔ 来源任务发布单项预算后保持整体待定，刷新覆盖和已有截止均保留 (4.061292ms)
✔ 缺准备或实发范围时即使要求首次建基线也阻断，并且不写覆盖 (3.331916ms)
✔ 已确认的未来发货工作尚无实发事实也可建 T0+最长路径基线，缺进度只影响预测 (1.055958ms)
✔ 已发布后来源工作身份变化，不把旧映射预算套到新单据 (6.068ms)
✔ 配置页面保存映射到本地，空天数发布被阻断，填写预算后实际发布当前来源任务 (13.03475ms)
✔ 查生产入口只在合法系统路由显示，并在打印与 PDA 路由隐藏 (0.997625ms)
✔ 相似前缀和相似打印段不会被当成合法路由 (0.145167ms)
(node:7535) ExperimentalWarning: localStorage is not available because --localstorage-file was not provided.
(Use `node --trace-warnings ...` to show where the warning was created)
✔ PERF-001: runtime snapshot and all nine subsets preserve every production order value and caller isolation (17.527041ms)
✔ PERF-001: a subset read does not traverse or clone unrelated snapshot sections (0.193083ms)
✔ PERF-001: paper pattern binding strips and nested craft arrays remain isolated after mutation (0.301792ms)
✔ PERF-001: replacing or updating the bound snapshot is visible immediately without a stale cache (0.15725ms)
✔ PERF-001: missing production order keeps null and empty-list contracts (0.072875ms)
(node:7536) ExperimentalWarning: localStorage is not available because --localstorage-file was not provided.
(Use `node --trace-warnings ...` to show where the warning was created)
✔ VERIFY-003: scoped reads preserve pending/voided sources and defensive copies (2.361459ms)
✔ VERIFY-003: metadata lookup reflects registry changes and returns independent locations (4.680917ms)
✔ 并发调用复用同一个模块加载 Promise，成功后继续复用结果 (0.686584ms)
✔ 模块加载失败后清空缓存，下一次调用可以重试 (0.2615ms)
✔ 独立打印外壳只命中完整生产确认单打印路由 (0.477542ms)
✔ 既有固定打印路由仍使用独立打印外壳 (0.085333ms)
✔ 三个中央工厂在组织目录与执行工厂中身份一致且仅出现一次 (0.440042ms)
✔ 花边角色与采购映射归属TMF但供应方仍保留独立身份 (0.069958ms)
✔ 橡筋定长切割仍归SPF，不成为TMF织带截断任务 (0.091208ms)
✔ 旧浏览器组织记录迁移后不与权威TMF并存且保留已有联系人 (2.367583ms)
✔ N01～N05：通过现有 PMS 入口下达，每条采购链从零执行到仓库实收；交出不提前增加库存 (6.394042ms)
✔ B01/B03：短收保留在途和采购缺口；重复扫描、生成和刷新不双记 (1.639708ms)
✔ B02/B04：多收、错 SKU、错仓和无权限动作不改变任意下游数量；恢复后正常收齐 (4.565208ms)
✔ B23/B24：未开始跟随采购版本，已执行保留原计划和实物、挂出变更待处理 (5.244875ms)
✔ B21：保存失败不报成功、不留部分库存；成功后刷新读取同一采购和收货事实 (1.289792ms)
(node:7541) ExperimentalWarning: localStorage is not available because --localstorage-file was not provided.
(Use `node --trace-warnings ...` to show where the warning was created)
✔ N01：400 条 50CM 和 600 条 70CM 分行计算，共 620 米；未增加 SKU (1.375584ms)
✔ 缺少尺码数量、非整数条数、公差或测量条件时不猜测需求 (1.172333ms)
✔ B07：未选择打头、缺少端头方式或辅材不能确认；支持两端不同端头 (0.224583ms)
✔ N04/B08：硅胶按重量且必须有覆盖长度，不作为独立金属头计数 (0.0965ms)
✔ B18：打头只能承接对应截断条料，不能换 SKU、换长度或重新领连续料 (0.252958ms)
✔ N05：规格相同可以合并，但尺码、用途和需求身份不靠物理规格键代替 (0.087541ms)
✔ B14：修改后续版本端头要求不能污染生产单历史快照 (0.415042ms)
ℹ tests 350
ℹ suites 0
ℹ pass 350
ℹ fail 0
ℹ cancelled 0
ℹ skipped 0
ℹ todo 0
ℹ duration_ms 5373.564375
vite v6.4.3 building for production...
transforming...
✓ 2643 modules transformed.
rendering chunks...
[plugin vite:reporter] 
(!) /Users/laoer/Documents/higoods/src/data/app-shell-config.ts is dynamically imported by /Users/laoer/Documents/higoods/src/router/routes.ts but also statically imported by /Users/laoer/Documents/higoods/src/components/shell.ts, /Users/laoer/Documents/higoods/src/state/store.ts, dynamic import will not move module into another chunk.

computing gzip size...
dist/index.html                                                           1.12 kB │ gzip:   0.61 kB
dist/assets/pcs-pattern-parse.worker-B3_rAVMB.js                         18.52 kB
dist/assets/source-views-23Nr_RHD.css                                    34.63 kB │ gzip:   7.04 kB
dist/assets/index-B8GzFigb.css                                          155.27 kB │ gzip:  25.43 kB
dist/assets/pcs-project-demo-seed-service-COOi2Kbg.js                     0.06 kB │ gzip:   0.08 kB
dist/assets/store-domain-quality-bootstrap-Bp78BIzg.js                    0.38 kB │ gzip:   0.25 kB
dist/assets/sample-warehouse-projection-gINdb__d.js                       0.39 kB │ gzip:   0.25 kB
dist/assets/dialogs-CvlxjlAK.js                                           0.58 kB │ gzip:   0.31 kB
dist/assets/tech-pack--7ECQ_b3.js                                         0.59 kB │ gzip:   0.32 kB
dist/assets/transfer-bag-handover-mock-DfIJw8xc.js                        0.63 kB │ gzip:   0.41 kB
dist/assets/pcs-reset-placeholder-Yn2GIynC.js                             0.72 kB │ gzip:   0.45 kB
dist/assets/badge-CQoV5Hhm.js                                             0.78 kB │ gzip:   0.42 kB
dist/assets/images-Q79qfJD0.js                                            0.80 kB │ gzip:   0.35 kB
dist/assets/placeholder-8wxRWJKH.js                                       0.81 kB │ gzip:   0.44 kB
dist/assets/pms-export-C5DiqcGG.js                                        0.83 kB │ gzip:   0.50 kB
dist/assets/trace-B40huTHV.js                                             0.85 kB │ gzip:   0.49 kB
dist/assets/execution-prep-projection-helpers-BZ_xt_Q2.js                 0.90 kB │ gzip:   0.44 kB
dist/assets/runtime-DY769RIr.js                                           0.90 kB │ gzip:   0.61 kB
dist/assets/history-Iqkph5ds.js                                           0.94 kB │ gzip:   0.60 kB
dist/assets/payment-sync-DNz_6ehS.js                                      0.97 kB │ gzip:   0.62 kB
dist/assets/print-service-Cb4Z7TQ8.js                                     1.00 kB │ gzip:   0.50 kB
dist/assets/pda-sewing-self-return-mode-CVT5AEl1.js                       1.07 kB │ gzip:   0.54 kB
dist/assets/detail.adapter-DJ0yPaPu.js                                    1.08 kB │ gzip:   0.68 kB
dist/assets/process-work-order-generation-service-DfLb_xrK.js             1.08 kB │ gzip:   0.66 kB
dist/assets/dialogs-DDhhjbVE.js                                           1.08 kB │ gzip:   0.49 kB
dist/assets/dyeing-material-receipts-C7p7Go06.js                          1.11 kB │ gzip:   0.73 kB
dist/assets/pda-runtime-Ccwc0ALE.js                                       1.12 kB │ gzip:   0.62 kB
dist/assets/overview-DkRU37Oe.js                                          1.25 kB │ gzip:   0.69 kB
dist/assets/process-work-order-source-view-Drd_sEfK.js                    1.31 kB │ gzip:   0.58 kB
dist/assets/work-order-action-policy-B3qipFyP.js                          1.34 kB │ gzip:   0.68 kB
dist/assets/real-qr-0qnSuKZW.js                                           1.48 kB │ gzip:   0.83 kB
dist/assets/filter-bar-BicXsiXA.js                                        1.49 kB │ gzip:   0.81 kB
dist/assets/material-identity-CKNSwJiE.js                                 1.54 kB │ gzip:   0.85 kB
dist/assets/supplement-material-prep-demand-registry-DI-N3DvB.js          1.56 kB │ gzip:   0.75 kB
dist/assets/warehouse-shared-C_HVow4K.js                                  1.57 kB │ gzip:   0.51 kB
dist/assets/pda-cutting-wait-handover-actions-OkWq7-E0.js                 1.58 kB │ gzip:   0.62 kB
dist/assets/task-handover-domain-B-NaOgUs.js                              1.58 kB │ gzip:   0.77 kB
dist/assets/work-order-detail-DVsJbqbt.js                                 1.66 kB │ gzip:   0.77 kB
dist/assets/task-chain-pages-adapter-DDz85tqk.js                          1.72 kB │ gzip:   0.85 kB
dist/assets/production-contract-print-CbJHVynV.js                         1.73 kB │ gzip:   1.04 kB
dist/assets/real-barcode-DLJSbomk.js                                      1.81 kB │ gzip:   0.96 kB
dist/assets/wool-pda-scan-Fa6Wm7am.js                                     1.81 kB │ gzip:   1.00 kB
dist/assets/toast-JTI_dJb4.js                                             1.87 kB │ gzip:   0.90 kB
dist/assets/kol-goto-fixed-total-ledger-C3MFl6Xw.js                       1.93 kB │ gzip:   0.92 kB
dist/assets/printing-sheet-preview-CWID2LUt.js                            1.94 kB │ gzip:   1.02 kB
dist/assets/table-AxvlV04E.js                                             2.04 kB │ gzip:   1.02 kB
dist/assets/pda-cutting-simple-cut-piece-handover-D4b6Tyi7.js             2.14 kB │ gzip:   1.11 kB
dist/assets/binding-process-pda-scan-C6dX2_tv.js                          2.18 kB │ gzip:   1.13 kB
dist/assets/special-craft-pda-scope-C2kpZRq6.js                           2.22 kB │ gzip:   1.01 kB
dist/assets/helpers-BFKa6pUf.js                                           2.42 kB │ gzip:   1.21 kB
dist/assets/pms-excel-import-DnMCWv6B.js                                  2.66 kB │ gzip:   1.32 kB
dist/assets/shared-O0TaIznd.js                                            2.70 kB │ gzip:   1.02 kB
dist/assets/process-order-list-presentation-C837qHbH.js                   2.71 kB │ gzip:   1.27 kB
dist/assets/marker-plan-projection-DA3GkO7a.js                            2.77 kB │ gzip:   1.18 kB
dist/assets/post-finishing-spu-technical-parameters-CWGxc6C_.js           2.79 kB │ gzip:   1.28 kB
dist/assets/authorization-code-AzWmGWnu.js                                2.87 kB │ gzip:   1.40 kB
dist/assets/process-order-task-relations-CXMdXfZ-.js                      2.97 kB │ gzip:   1.29 kB
dist/assets/production-order-identity-3y7PxMfe.js                         3.00 kB │ gzip:   1.24 kB
dist/assets/confirmation-print-DDXnEzvV.js                                3.00 kB │ gzip:   1.28 kB
dist/assets/product-skus-CEt6Fukj.js                                      3.03 kB │ gzip:   0.96 kB
dist/assets/progress-board-05rLOLq7.js                                    3.05 kB │ gzip:   1.44 kB
dist/assets/tabs-Hg4N7Pkl.js                                              3.09 kB │ gzip:   0.93 kB
dist/assets/pda-cutting-runtime-action-inputs-C55LBUwE.js                 3.15 kB │ gzip:   1.09 kB
dist/assets/trade-subjects-B1U82DIE.js                                    3.16 kB │ gzip:   1.12 kB
dist/assets/task-route-card-CfuOG8I9.js                                   3.27 kB │ gzip:   1.42 kB
dist/assets/wls-page-handlers-BeYhxfqc.js                                 3.28 kB │ gzip:   1.05 kB
dist/assets/task-delivery-card-B_U-1YgT.js                                3.33 kB │ gzip:   1.50 kB
dist/assets/cutting-mainline-BVPn4txW.js                                  3.41 kB │ gzip:   1.53 kB
dist/assets/transfer-bags-projection-Dvq2avER.js                          3.52 kB │ gzip:   1.49 kB
dist/assets/binding-process-warehouse-linkage-service-BFHCjqtS.js         3.63 kB │ gzip:   1.38 kB
dist/assets/fcs-route-links-BrHBsWPd.js                                   3.67 kB │ gzip:   1.20 kB
dist/assets/quality-chain-adapter-DCbFD7mw.js                             3.68 kB │ gzip:   1.66 kB
dist/assets/shared-CDQAWa0G.js                                            3.73 kB │ gzip:   1.70 kB
dist/assets/engineering-file-upload-rshzoH-v.js                           3.77 kB │ gzip:   1.71 kB
dist/assets/shared-DqwWNhLK.js                                            3.91 kB │ gzip:   1.64 kB
dist/assets/transfer-bag-repack-mock-B5ypZEpl.js                          3.95 kB │ gzip:   1.81 kB
dist/assets/sewing-outsourcing-demo-fq3taYcg.js                           3.95 kB │ gzip:   1.58 kB
dist/assets/dashboards-DNZihhgM.js                                        4.06 kB │ gzip:   2.00 kB
dist/assets/transit-simple-lists-BTceE1Ey.js                              4.13 kB │ gzip:   1.45 kB
dist/assets/pda-wool-warehouse-flows-BbPbtLi3.js                          4.37 kB │ gzip:   2.33 kB
dist/assets/form-BMcqcg6v.js                                              4.37 kB │ gzip:   1.39 kB
dist/assets/sewing-outsourcing-responsibility-Bvo_RfyH.js                 4.42 kB │ gzip:   1.96 kB
dist/assets/supplement-order-registry-CHnc7juB.js                         4.49 kB │ gzip:   1.76 kB
dist/assets/routes-pda-5eSV_NBd.js                                        4.65 kB │ gzip:   1.75 kB
dist/assets/preparation-material-receipt-sources-WxwJiGZZ.js              4.68 kB │ gzip:   1.95 kB
dist/assets/layout.helpers-B_-L6Vnb.js                                    4.76 kB │ gzip:   1.73 kB
dist/assets/runtime-task-tenders-YGz6fHpq.js                              4.76 kB │ gzip:   1.94 kB
dist/assets/relations-BIqNEpzS.js                                         4.77 kB │ gzip:   2.17 kB
dist/assets/transit-dashboard-CTuNes-D.js                                 4.81 kB │ gzip:   2.02 kB
dist/assets/process-order-list-controller-D8ydwMEv.js                     4.84 kB │ gzip:   1.86 kB
dist/assets/result-list-By-71ppK.js                                       4.94 kB │ gzip:   2.06 kB
dist/assets/store-domain-dispatch-process-EHK1SkuN.js                     5.01 kB │ gzip:   1.95 kB
dist/assets/process-work-order-quality-settlement-CYRqz-nH.js             5.33 kB │ gzip:   2.20 kB
dist/assets/dispatch-task-sheet-D8ym58IK.js                               5.56 kB │ gzip:   2.65 kB
dist/assets/routes-pcs-1YG0mO0R.js                                        5.62 kB │ gzip:   1.62 kB
dist/assets/process-order-three-axis-view-Ghj6P7lX.js                     5.72 kB │ gzip:   2.30 kB
dist/assets/production-contract-center-C8ZlinyH.js                        5.77 kB │ gzip:   2.47 kB
dist/assets/pda-cutting-nav-context-CCKFnzn_.js                           5.95 kB │ gzip:   1.40 kB
dist/assets/fcs-pda-pickup-dispute-CFBDp1M2.js                            6.19 kB │ gzip:   2.19 kB
dist/assets/material-handover-CxIcXJfU.js                                 6.21 kB │ gzip:   2.42 kB
dist/assets/pcs-project-technical-data-writeback-h8Bvu1HS.js              6.25 kB │ gzip:   2.40 kB
dist/assets/warehouse-standard-o8c3wNWy.js                                6.26 kB │ gzip:   2.08 kB
dist/assets/fact-view-hw3Gj04z.js                                         6.29 kB │ gzip:   2.07 kB
dist/assets/statistics-C-lz2MRm.js                                        6.31 kB │ gzip:   1.89 kB
dist/assets/craft-actions-D2LrQQxT.js                                     6.38 kB │ gzip:   2.89 kB
dist/assets/pda-notify-3jB-5ufE.js                                        6.49 kB │ gzip:   2.38 kB
dist/assets/pda-transfer-bag-detail-0KedYLxB.js                           6.49 kB │ gzip:   2.34 kB
dist/assets/shared-Ct7wyY1W.js                                            6.56 kB │ gzip:   2.32 kB
dist/assets/factory-receiving-links-CPeCdKsC.js                           6.57 kB │ gzip:   2.63 kB
dist/assets/workbench-BYwg4C-9.js                                         6.58 kB │ gzip:   2.66 kB
dist/assets/sewing-outsourcing-supplement-tracking-DabIsR2L.js            6.63 kB │ gzip:   2.89 kB
dist/assets/shared-DMEhwEGY.js                                            6.82 kB │ gzip:   2.51 kB
dist/assets/production-contract-master-template-CzjL7vXy.js               6.85 kB │ gzip:   2.74 kB
dist/assets/dye-work-order-times-CxLziefL.js                              7.12 kB │ gzip:   2.52 kB
dist/assets/pda-cutting-execution-unit-BxgURn2D.js                        7.15 kB │ gzip:   2.70 kB
dist/assets/overview.helpers-BP2F5Yu8.js                                  7.36 kB │ gzip:   2.88 kB
dist/assets/pda-notify-detail-C-nnCEYs.js                                 7.38 kB │ gzip:   2.34 kB
dist/assets/pda-cutting-fei-ticket-numbering-QyESBWH8.js                  7.40 kB │ gzip:   2.46 kB
dist/assets/settlement-flow-boundaries-DbkSNas3.js                        7.43 kB │ gzip:   2.53 kB
dist/assets/pda-warehouse-CpB_szw-.js                                     7.48 kB │ gzip:   2.98 kB
dist/assets/production-craft-dict-COoKuV7y.js                             7.51 kB │ gzip:   2.82 kB
dist/assets/transit-warehouse-CGN4xIMS.js                                 7.54 kB │ gzip:   2.13 kB
dist/assets/sewing-outsourcing-return-tracking-tzl63DNQ.js                7.58 kB │ gzip:   2.84 kB
dist/assets/workbench-Cuut_XTr.js                                         7.61 kB │ gzip:   3.12 kB
dist/assets/pda-cutting-transfer-bag-recovery-dSVPjUFs.js                 7.70 kB │ gzip:   3.22 kB
dist/assets/pcs-material-archive-detail-BtqCFIuF.js                       7.71 kB │ gzip:   2.70 kB
dist/assets/supplement-node-facts-B7LSB4Vv.js                             7.77 kB │ gzip:   2.85 kB
dist/assets/production-contracts-DRoqzoTd.js                              8.06 kB │ gzip:   2.74 kB
dist/assets/pda-cutting-transfer-bag-scrap-DNkIl2dK.js                    8.08 kB │ gzip:   3.34 kB
dist/assets/progress-exception-lifecycle-BJx0gSBY.js                      8.09 kB │ gzip:   2.70 kB
dist/assets/routes-pms-Cs6dpxyX.js                                        8.16 kB │ gzip:   2.06 kB
dist/assets/statistics-DbMD-Swm.js                                        8.41 kB │ gzip:   3.65 kB
dist/assets/milestone-configs-CiLI6gO6.js                                 8.42 kB │ gzip:   2.94 kB
dist/assets/bom-templates-Br7_yp-y.js                                     8.47 kB │ gzip:   1.81 kB
dist/assets/pre-settlement-ledger-repository-BltW3HJj.js                  8.64 kB │ gzip:   2.95 kB
dist/assets/pcs-pattern-library-config-CfI5i5g1.js                        8.73 kB │ gzip:   2.37 kB
dist/assets/fei-ticket-numbering-DcsdXbr5.js                              8.81 kB │ gzip:   3.09 kB
dist/assets/warehouses-zI9ocKIC.js                                        8.83 kB │ gzip:   2.08 kB
dist/assets/pda-cutting-shared-COVt0ZgP.js                                8.83 kB │ gzip:   2.71 kB
dist/assets/bom-templates-Sq2FoS5X.js                                     8.83 kB │ gzip:   3.67 kB
dist/assets/navigation-context-nhTwowmC.js                                8.87 kB │ gzip:   2.46 kB
dist/assets/yarn-shipments-40ihJd3G.js                                    8.92 kB │ gzip:   4.04 kB
dist/assets/list-lv6Hky8K.js                                              9.04 kB │ gzip:   3.01 kB
dist/assets/pda-login-BUDYlI0w.js                                         9.09 kB │ gzip:   3.51 kB
dist/assets/dye-work-order-online-domain-Bbc-kCz8.js                      9.53 kB │ gzip:   3.55 kB
dist/assets/sewing-pickup-slips-PPeJPv1M.js                               9.56 kB │ gzip:   3.59 kB
dist/assets/production-return-fulfillment-CUj0yj-I.js                    10.02 kB │ gzip:   3.82 kB
dist/assets/purchase-suggestions-Duv_PHLl.js                             10.15 kB │ gzip:   3.10 kB
dist/assets/trade-subjects-CFBzwjUO.js                                   10.22 kB │ gzip:   3.72 kB
dist/assets/pms-handlers-D-MCjEtH.js                                     10.64 kB │ gzip:   2.34 kB
dist/assets/settings-By0VYTMr.js                                         10.68 kB │ gzip:   3.22 kB
dist/assets/product-skus-v-ONxgrD.js                                     10.70 kB │ gzip:   4.13 kB
dist/assets/transit-receipts-D5wXCfha.js                                 10.95 kB │ gzip:   4.01 kB
dist/assets/task-breakdown-B1I8v497.js                                   11.01 kB │ gzip:   4.04 kB
dist/assets/presentation-BhEC3lAq.js                                     11.02 kB │ gzip:   4.53 kB
dist/assets/tasks-Dfd8hAQV.js                                            11.26 kB │ gzip:   4.32 kB
dist/assets/material-transfers-BH_UAEVm.js                               11.28 kB │ gzip:   3.91 kB
dist/assets/pda-exec-link-DADRq8ud.js                                    11.32 kB │ gzip:   3.69 kB
dist/assets/material-prep-CntY76y9.js                                    11.40 kB │ gzip:   2.68 kB
dist/assets/dyeing-warehouse-view-BdDo-1vP.js                            11.46 kB │ gzip:   3.93 kB
dist/assets/warehouses-BIB7TCpS.js                                       11.69 kB │ gzip:   4.21 kB
dist/assets/process-statistics-domain-BGsmRTj2.js                        12.19 kB │ gzip:   3.97 kB
dist/assets/pickup-management-runtime-Btui5twg.js                        12.20 kB │ gzip:   4.71 kB
dist/assets/task-execution-adapter-D30qbkuB.js                           12.22 kB │ gzip:   3.67 kB
dist/assets/bom-detail-3nOJTYXQ.js                                       12.33 kB │ gzip:   4.32 kB
dist/assets/wls-inbound-hcgrHtRl.js                                      12.36 kB │ gzip:   4.75 kB
dist/assets/returns-DcO9bbnr.js                                          12.40 kB │ gzip:   4.57 kB
dist/assets/handover-print-BMN22Q3d.js                                   12.42 kB │ gzip:   4.48 kB
dist/assets/cut-piece-return-warehouse-D2rafSBX.js                       12.43 kB │ gzip:   4.36 kB
dist/assets/meta-DoO-xbln.js                                             12.79 kB │ gzip:   2.87 kB
dist/assets/context-OY3d245j.js                                          12.97 kB │ gzip:   4.57 kB
dist/assets/responsibility-transfers-BO8pk_YC.js                         13.03 kB │ gzip:   4.87 kB
dist/assets/supplements-BiJtl8jP.js                                      13.14 kB │ gzip:   4.73 kB
dist/assets/handover-records-D4ynrNAg.js                                 13.14 kB │ gzip:   4.14 kB
dist/assets/wls-finished-inbound-B_Rl3CZZ.js                             13.20 kB │ gzip:   5.01 kB
dist/assets/pda-start-link-BFpuUFTQ.js                                   13.37 kB │ gzip:   4.73 kB
dist/assets/work-orders-BCnTsiAX.js                                      13.84 kB │ gzip:   4.66 kB
dist/assets/mobile-execution-task-index-DiDTK_q3.js                      13.96 kB │ gzip:   3.70 kB
dist/assets/workbench-Cy47xpoi.js                                        14.03 kB │ gzip:   4.05 kB
dist/assets/work-order-detail-CAKjklh0.js                                14.13 kB │ gzip:   4.46 kB
dist/assets/routes-wls-CtCYUVlD.js                                       14.21 kB │ gzip:   3.74 kB
dist/assets/post-finishing-qc-print-template-DRJnkkll.js                 14.45 kB │ gzip:   4.45 kB
dist/assets/work-orders-DKotWdbX.js                                      14.70 kB │ gzip:   4.77 kB
dist/assets/reports-BL46rzu1.js                                          14.75 kB │ gzip:   3.54 kB
dist/assets/full-flow-print-Bzrj9YPy.js                                  14.89 kB │ gzip:   4.83 kB
dist/assets/progress-handover-order-B9jJQuoY.js                          15.06 kB │ gzip:   4.30 kB
dist/assets/pcs-engineering-tech-pack-workspace-xzVHz3Nq.js              15.18 kB │ gzip:   5.42 kB
dist/assets/cut-order-release-integration-B8yv0zOv.js                    15.21 kB │ gzip:   5.38 kB
dist/assets/machines-B06mgrwL.js                                         15.31 kB │ gzip:   5.00 kB
dist/assets/outbound-orders-s0L2JuXV.js                                  15.34 kB │ gzip:   4.91 kB
dist/assets/pda-cutting-task-detail-D23K7qnz.js                          15.50 kB │ gzip:   5.38 kB
dist/assets/simple-cut-piece-handover-fixtures-B7ihX9R-.js               15.90 kB │ gzip:   5.27 kB
dist/assets/process-web-status-actions-wNtUQF82.js                       15.97 kB │ gzip:   4.24 kB
dist/assets/cut-order-supplement-fixture-AX955YdX.js                     15.97 kB │ gzip:   4.83 kB
dist/assets/progress-cutting-detail-C-P9qtVX.js                          15.99 kB │ gzip:   3.76 kB
dist/assets/pda-sewing-self-return-AiZoWVkO.js                           15.99 kB │ gzip:   5.26 kB
dist/assets/garment-spu-replacement-DgRqzq4f.js                          16.01 kB │ gzip:   4.85 kB
dist/assets/handover-ledger-view-Dbmgbt8r.js                             16.17 kB │ gzip:   4.44 kB
dist/assets/wls-garment-relabel-tasks-Dmg-gR0r.js                        16.20 kB │ gzip:   5.30 kB
dist/assets/pda-notify-due-soon-BIzdz87V.js                              16.49 kB │ gzip:   5.52 kB
dist/assets/material-requirements-B-WOc2Dj.js                            16.61 kB │ gzip:   5.62 kB
dist/assets/suppliers-CF8Vrskm.js                                        16.77 kB │ gzip:   4.64 kB
dist/assets/events-CXqebEHn.js                                           16.92 kB │ gzip:   6.63 kB
dist/assets/sewing-cut-piece-return-workflow-1Y5ghjzZ.js                 17.18 kB │ gzip:   6.07 kB
dist/assets/warehouse-B-mmiqNX.js                                        17.25 kB │ gzip:   5.36 kB
dist/assets/production-confirmation-ldqOLAf2.js                          17.25 kB │ gzip:   5.89 kB
dist/assets/marker-spreading-projection-DN97B9-7.js                      17.48 kB │ gzip:   5.53 kB
dist/assets/sewing-cut-piece-responsibility-Da6AhdPr.js                  17.53 kB │ gzip:   5.25 kB
dist/assets/process-mobile-task-binding-BBWo0R3Z.js                      17.56 kB │ gzip:   6.14 kB
dist/assets/pda-handlers-sLTRVtMV.js                                     17.63 kB │ gzip:   4.65 kB
dist/assets/bom-detail-D38Eewer.js                                       17.74 kB │ gzip:   5.73 kB
dist/assets/adjustments-CrJ8jNtq.js                                      18.11 kB │ gzip:   5.47 kB
dist/assets/pda-warehouse-inbound-records-Cu14Rqeq.js                    18.16 kB │ gzip:   5.10 kB
dist/assets/purchase-demands-Bi9htxGD.js                                 18.27 kB │ gzip:   5.86 kB
dist/assets/platform-process-result-view-DPoHC3fq.js                     18.53 kB │ gzip:   5.32 kB
dist/assets/store-domain-statement-source-adapter-BuXm76C_.js            18.56 kB │ gzip:   5.31 kB
dist/assets/sewing-outsourcing-workbench-bGAS_qZH.js                     18.65 kB │ gzip:   6.46 kB
dist/assets/pda-warehouse-outbound-records-Cn1HvWfV.js                   18.65 kB │ gzip:   5.32 kB
dist/assets/task-orders-xsvpDGBf.js                                      18.69 kB │ gzip:   6.31 kB
dist/assets/pda-warehouse-shared-Dy8Yh3w7.js                             18.73 kB │ gzip:   5.59 kB
dist/assets/process-water-soluble-orders-DfCQ7t9b.js                     18.80 kB │ gzip:   5.72 kB
dist/assets/production-demand-early-process-work-orders-DXUvKvZw.js      18.82 kB │ gzip:   5.60 kB
dist/assets/product-purchase-orders-BzO6T1aS.js                          18.90 kB │ gzip:   5.54 kB
dist/assets/materials-BA_owAdW.js                                        18.93 kB │ gzip:   4.79 kB
dist/assets/kol-goto-pda-domain-CE9Bn2jg.js                              19.16 kB │ gzip:   6.51 kB
dist/assets/platform.adapter-LB7oJEM8.js                                 19.25 kB │ gzip:   6.09 kB
dist/assets/shared-v-OKFOKp.js                                           19.47 kB │ gzip:   5.27 kB
dist/assets/audit-records-xB9nYysX.js                                    19.65 kB │ gzip:   6.34 kB
dist/assets/stage-display-w-QZ6u6D.js                                    19.65 kB │ gzip:   6.94 kB
dist/assets/units-BfEFwBUd.js                                            19.68 kB │ gzip:   5.88 kB
dist/assets/factory-sample-verification-flow-BKlVGsOh.js                 19.86 kB │ gzip:   4.87 kB
dist/assets/material-purchase-tracking-DAODX4Xs.js                       20.12 kB │ gzip:   6.28 kB
dist/assets/material-purchase-orders-BzKFf3yv.js                         20.17 kB │ gzip:   6.50 kB
dist/assets/index-n7Hb9_ja.js                                            20.17 kB │ gzip:   5.20 kB
dist/assets/pcs-engineering-master-list-RLo0xVl1.js                      20.37 kB │ gzip:   6.91 kB
dist/assets/deduction-analysis-BSuVSN3p.js                               20.56 kB │ gzip:   5.82 kB
dist/assets/fei-ticket-numbering-DTMtQcr0.js                             20.61 kB │ gzip:   5.67 kB
dist/assets/order-list-columns-dGF3D1mm.js                               20.62 kB │ gzip:   6.46 kB
dist/assets/overview.adapter-DWlGrWFa.js                                 20.65 kB │ gzip:   6.53 kB
dist/assets/events-DzaRdF_H.js                                           21.11 kB │ gzip:   6.52 kB
dist/assets/work-order-detail-D0qEYHZ-.js                                21.13 kB │ gzip:   6.65 kB
dist/assets/pcs-engineering-master-view-model-BU7NauTi.js                21.18 kB │ gzip:   7.03 kB
dist/assets/suppliers-DZO29iFr.js                                        21.38 kB │ gzip:   6.81 kB
dist/assets/cut-piece-returns-Bm2ADkjB.js                                21.55 kB │ gzip:   6.47 kB
dist/assets/cut-piece-handover-B7DQ5oJp.js                               21.75 kB │ gzip:   6.93 kB
dist/assets/tasks-YxJQ6MyD.js                                            21.99 kB │ gzip:   6.96 kB
dist/assets/progress-cutting-overview-B8GQWyJW.js                        22.02 kB │ gzip:   4.99 kB
dist/assets/material-issue-BkaSs6nh.js                                   22.02 kB │ gzip:   5.17 kB
dist/assets/pms-purchase-orders-CS_RrnWg.js                              22.06 kB │ gzip:   6.46 kB
dist/assets/pcs-project-detail-support-BATXUPnX.js                       22.10 kB │ gzip:   6.80 kB
dist/assets/wls-accessory-receipts-Bg2B1jqp.js                           22.14 kB │ gzip:   6.67 kB
dist/assets/qc-workbench-DsTdqaVx.js                                     22.32 kB │ gzip:   6.88 kB
dist/assets/dye-work-order-online-view-C6Gv2tZ3.js                       22.47 kB │ gzip:   7.73 kB
dist/assets/recheck-orders-Gnbs-_JK.js                                   22.50 kB │ gzip:   7.05 kB
dist/assets/production-order-duration-DOa-pnHe.js                        22.50 kB │ gzip:   8.56 kB
dist/assets/warehouse-location-map-model-8S6f7icg.js                     22.52 kB │ gzip:   7.15 kB
dist/assets/subject-operations-B8EYwhSZ.js                               22.57 kB │ gzip:   7.00 kB
dist/assets/material-statements-CPGImr0e.js                              22.71 kB │ gzip:   5.99 kB
dist/assets/progress-statistics-linkage-C08Ws1ul.js                      22.82 kB │ gzip:   6.52 kB
dist/assets/simple-cut-piece-handover-ui-B8AV21yF.js                     23.04 kB │ gzip:   8.89 kB
dist/assets/purchase-suggestions-CxxZJsTV.js                             23.20 kB │ gzip:   7.25 kB
dist/assets/process-order-task-links-B_jfrO5P.js                         23.57 kB │ gzip:   6.43 kB
dist/assets/process-print-orders-CSGQWakU.js                             23.59 kB │ gzip:   7.72 kB
dist/assets/qc-orders-DWo4Feaq.js                                        23.61 kB │ gzip:   7.31 kB
dist/assets/pcs-handlers-xG_R914N.js                                     23.63 kB │ gzip:   6.11 kB
dist/assets/process-dye-orders-DPDymo4h.js                               23.77 kB │ gzip:   7.79 kB
dist/assets/machine-associations-VmgYEBRU.js                             24.42 kB │ gzip:   7.25 kB
dist/assets/fcs-production-tech-pack-snapshot-DtlXWA-W.js                24.58 kB │ gzip:   6.16 kB
dist/assets/retired-process-history-BZCUZX8I.js                          24.75 kB │ gzip:   6.40 kB
dist/assets/dialogs-BdXMhAnM.js                                          24.87 kB │ gzip:   6.15 kB
dist/assets/wls-fabric-demand-board-p45f_-im.js                          25.08 kB │ gzip:   6.86 kB
dist/assets/kol-demands-CLK4wGY7.js                                      25.29 kB │ gzip:   7.35 kB
dist/assets/supplier-supply-archives-C71yylEA.js                         25.58 kB │ gzip:   7.42 kB
dist/assets/pda-warehouse-wait-handover-C_bUL9vr.js                      25.61 kB │ gzip:   6.37 kB
dist/assets/sample-approval-suggestions-Pe3oPE7M.js                      25.93 kB │ gzip:   7.97 kB
dist/assets/progress-milestone-config-JauIBbyP.js                        26.43 kB │ gzip:   5.64 kB
dist/assets/sample-warehouse-B9q0vLoe.js                                 26.63 kB │ gzip:   6.61 kB
dist/assets/marker-spreading-utils-kZde8q5N.js                           26.72 kB │ gzip:   7.83 kB
dist/assets/third-party-factory-rating-DgRMEgKx.js                       27.03 kB │ gzip:   7.57 kB
dist/assets/warehouse-location-map-CdxMuDSz.js                           27.06 kB │ gzip:   7.08 kB
dist/assets/pcs-channel-products-C0VsvVwd.js                             27.09 kB │ gzip:   7.17 kB
dist/assets/pcs-pattern-library-detail-Dds60H_Q.js                       27.58 kB │ gzip:   6.56 kB
dist/assets/pda-wool-fact-execution-BRYUMXRp.js                          27.84 kB │ gzip:   9.27 kB
dist/assets/warehouse-BGKZKnYT.js                                        28.08 kB │ gzip:   9.32 kB
dist/assets/material-purchase-orders-i-7eaniT.js                         28.08 kB │ gzip:   8.24 kB
dist/assets/production-order-progress-tracking-C-kMgQOk.js               28.21 kB │ gzip:   9.21 kB
dist/assets/factory-status-pZcXG11L.js                                   28.39 kB │ gzip:   6.00 kB
dist/assets/pcs-engineering-master-detail-C5QqmT7f.js                    28.51 kB │ gzip:   8.35 kB
dist/assets/logistics-reconciliations-BA6ljh3T.js                        28.78 kB │ gzip:   8.83 kB
dist/assets/marker-plan-source-model-B55uvewk.js                         28.86 kB │ gzip:   8.45 kB
dist/assets/progress-cutting-exception-center-97_BUOZ-.js                29.08 kB │ gzip:   6.45 kB
dist/assets/material-reconciliations-8ArLwu5t.js                         29.23 kB │ gzip:   8.83 kB
dist/assets/handover-orders-enYPe48c.js                                  30.04 kB │ gzip:   8.25 kB
dist/assets/early-process-management-DafEt7uo.js                         30.06 kB │ gzip:   7.55 kB
dist/assets/pcs-config-workspace-ktuYPgf4.js                             30.75 kB │ gzip:   6.78 kB
dist/assets/capability-BD3Ec9nv.js                                       31.61 kB │ gzip:   6.67 kB
dist/assets/material-archives-CN2_G7I9.js                                31.90 kB │ gzip:   7.91 kB
dist/assets/factory-performance-Ds8OFQKE.js                              32.27 kB │ gzip:   6.72 kB
dist/assets/garment-spu-replacements-CkF66c30.js                         32.30 kB │ gzip:   9.07 kB
dist/assets/task-detail-DIwNvZlI.js                                      32.45 kB │ gzip:   9.60 kB
dist/assets/dialogs-D3taHp_7.js                                          32.55 kB │ gzip:   9.78 kB
dist/assets/pda-shell-CFaFJPhm.js                                        32.91 kB │ gzip:   8.68 kB
dist/assets/process-warehouse-domain-CfO1vHRg.js                         32.98 kB │ gzip:   7.51 kB
dist/assets/cut-piece-return-domain-CdMHG-kt.js                          33.09 kB │ gzip:   9.74 kB
dist/assets/pda-cutting-inbound-BxWQ0nsM.js                              33.44 kB │ gzip:  10.01 kB
dist/assets/store-domain-settlement-seeds-B-2WIhJC.js                    33.63 kB │ gzip:   8.97 kB
dist/assets/pcs-pattern-library-D9l1aXTE.js                              33.64 kB │ gzip:   7.62 kB
dist/assets/warehouse-runtime-zp-QPXAX.js                                33.70 kB │ gzip:   8.62 kB
dist/assets/payment-requests-B8EbpmCk.js                                 33.93 kB │ gzip:   8.90 kB
dist/assets/stage-orders-Do00_Ywg.js                                     34.11 kB │ gzip:  10.44 kB
dist/assets/first-leg-logistics-Csa74b4Q.js                              34.45 kB │ gzip:   9.00 kB
dist/assets/pda-warehouse-stocktake-C-kHYxet.js                          34.46 kB │ gzip:   8.63 kB
dist/assets/stage-order-detail-DGJXT9sV.js                               34.49 kB │ gzip:   9.99 kB
dist/assets/work-orders-BUJ8hFPQ.js                                      34.50 kB │ gzip:  11.54 kB
dist/assets/work-order-detail---vRjEqC.js                                34.57 kB │ gzip:   9.38 kB
dist/assets/pda-post-finishing-flow-Beecxa0p.js                          34.79 kB │ gzip:   9.27 kB
dist/assets/dispatch-acceptance-sla-DccwTPNh.js                          34.91 kB │ gzip:   7.87 kB
dist/assets/pda-task-receive-detail-2Hog_78v.js                          35.22 kB │ gzip:   8.42 kB
dist/assets/pending-receipts-DLre7bpV.js                                 35.27 kB │ gzip:  10.61 kB
dist/assets/water-soluble-orders-Dohf00kv.js                             35.86 kB │ gzip:  10.76 kB
dist/assets/pda-cutting-transfer-bag-repack-Cm87hSaV.js                  35.90 kB │ gzip:  10.09 kB
dist/assets/work-order-detail-DsZprCcx.js                                36.11 kB │ gzip:   9.66 kB
dist/assets/pcs-technical-data-CaOlxA2l.js                               36.78 kB │ gzip:   9.80 kB
dist/assets/pcs-pattern-library-create-CVlIK10l.js                       36.89 kB │ gzip:   8.61 kB
dist/assets/special-processes-DEV17mJt.js                                37.19 kB │ gzip:   9.50 kB
dist/assets/first-leg-carriers-BdEFZAMD.js                               37.30 kB │ gzip:   9.86 kB
dist/assets/third-party-factory-comprehensive-assessment-Iu178OTY.js     37.39 kB │ gzip:  11.04 kB
dist/assets/pda-quality-NTAdjZ0l.js                                      37.40 kB │ gzip:   9.77 kB
dist/assets/product-purchase-orders-DmrRL2p0.js                          37.56 kB │ gzip:   9.20 kB
dist/assets/cutting-statistics-ab-material-DLsAqabJ.js                   38.09 kB │ gzip:   8.61 kB
dist/assets/payment-requests-CMZXg6Dq.js                                 38.09 kB │ gzip:   9.92 kB
dist/assets/warehouse-Bq8W6ccX.js                                        38.50 kB │ gzip:  10.90 kB
dist/assets/fcs-handlers-BZGwpdPN.js                                     38.84 kB │ gzip:  11.63 kB
dist/assets/pda-cutting-handover-CQRkWNw_.js                             38.97 kB │ gzip:  11.05 kB
dist/assets/first-leg-shipments-BG20xmc2.js                              39.77 kB │ gzip:   9.84 kB
dist/assets/wait-handover-runtime-fkKWxZOL.js                            41.22 kB │ gzip:  11.19 kB
dist/assets/print-styles-B7K2FdO_.js                                     41.87 kB │ gzip:   8.58 kB
dist/assets/pending-receipts-Bb_X1oR6.js                                 43.19 kB │ gzip:  15.36 kB
dist/assets/pcs-material-archives-BaUN-QZE.js                            43.89 kB │ gzip:   9.60 kB
dist/assets/cutting-summary-Bkr-Bjra.js                                  44.04 kB │ gzip:  11.49 kB
dist/assets/warehouse-DuJgboKZ.js                                        44.11 kB │ gzip:  11.17 kB
dist/assets/handover-orders-W7KkQoTP.js                                  44.18 kB │ gzip:   8.79 kB
dist/assets/demand-domain-Db_DNcnX.js                                    44.54 kB │ gzip:   9.88 kB
dist/assets/warehouse-xt5l8Llb.js                                        46.18 kB │ gzip:  10.74 kB
dist/assets/batches-DQD0oKLH.js                                          46.41 kB │ gzip:   9.85 kB
dist/assets/dispatch-tenders-CHioCmSd.js                                 47.24 kB │ gzip:  12.24 kB
dist/assets/dyeing-Cn56ZNk_.js                                           47.45 kB │ gzip:  10.17 kB
dist/assets/printing-cA2h_S4P.js                                         47.45 kB │ gzip:  10.18 kB
dist/assets/other-B-LeUIxa.js                                            47.46 kB │ gzip:  10.19 kB
dist/assets/settlement-linked-mock-factory-DgLxDlQo.js                   47.63 kB │ gzip:  14.44 kB
dist/assets/sewing-D7Xe7S7C.js                                           48.47 kB │ gzip:  10.52 kB
dist/assets/progress-material-DDevKm2B.js                                48.72 kB │ gzip:   9.35 kB
dist/assets/material-inventory-CvVtfsug.js                               48.95 kB │ gzip:  12.55 kB
dist/assets/pda-task-receive-Dq8TLJ0l.js                                 49.14 kB │ gzip:  12.22 kB
dist/assets/supplier-confirmations-BzY4Oy7C.js                           49.80 kB │ gzip:  12.84 kB
dist/assets/pda-cutting-execution-source-COzNj3pZ.js                     49.90 kB │ gzip:  13.49 kB
dist/assets/pda-onboarding-BRDWJ2ul.js                                   50.52 kB │ gzip:  10.77 kB
dist/assets/marker-plan-model-BS5OFtUw.js                                51.50 kB │ gzip:  14.70 kB
dist/assets/pda-handover-C_H6Hbj4.js                                     52.11 kB │ gzip:  13.86 kB
dist/assets/store-domain-progress-BaasRZQW.js                            53.10 kB │ gzip:  11.77 kB
dist/assets/settlement-cutting-input-Ca4l9al0.js                         53.56 kB │ gzip:  11.03 kB
dist/assets/lace-factory-domain-CK--dX9N.js                              53.67 kB │ gzip:  13.39 kB
dist/assets/pcs-part-template-library-As8wbDXS.js                        53.77 kB │ gzip:  11.06 kB
dist/assets/progress-urge-C51n5XqJ.js                                    56.35 kB │ gzip:  11.39 kB
dist/assets/pda-cutting-spreading-CcF55nJ1.js                            56.56 kB │ gzip:  13.07 kB
dist/assets/warehouse-location-map-dvej-zv2.js                           56.79 kB │ gzip:  16.84 kB
dist/assets/marker-plan-occupancy-B_zgTkfq.js                            57.09 kB │ gzip:  16.02 kB
dist/assets/domain-snapshot-DGwnVVAx.js                                  59.32 kB │ gzip:  15.87 kB
dist/assets/routes-fcs-BKBl9wSY.js                                       59.93 kB │ gzip:  12.48 kB
dist/assets/cut-piece-release-X2WkwuXh.js                                60.06 kB │ gzip:  15.80 kB
dist/assets/pda-settlement-Coo0Y44u.js                                   60.08 kB │ gzip:  13.66 kB
dist/assets/factory-profile-BMHhNxc_.js                                  61.11 kB │ gzip:  14.02 kB
dist/assets/pickup-management-list-CEAbp_8Q.js                           61.39 kB │ gzip:  17.09 kB
dist/assets/pcs-live-testing-CqKSGebI.js                                 62.65 kB │ gzip:  15.76 kB
dist/assets/cutting-BwkB_nDu.js                                          62.79 kB │ gzip:  12.94 kB
dist/assets/progress-handover-Oz0dasot.js                                63.78 kB │ gzip:  13.54 kB
dist/assets/production-object-overview-Bq5UOsJm.js                       64.69 kB │ gzip:  13.11 kB
dist/assets/pcs-video-testing-wL3zB1Ad.js                                64.82 kB │ gzip:  16.19 kB
dist/assets/production-object-overview-Cc3z3aAF.js                       65.32 kB │ gzip:  15.34 kB
dist/assets/output-documents-BU3BOcoa.js                                 65.92 kB │ gzip:  22.54 kB
dist/assets/pda-exec-W2NirYY6.js                                         66.88 kB │ gzip:  15.29 kB
dist/assets/pcs-sample-management-Bqd0f8iK.js                            67.47 kB │ gzip:  15.34 kB
dist/assets/core-fpVraPpO.js                                             67.54 kB │ gzip:  12.55 kB
dist/assets/cutting-daily-production-report-Boo6K9Ee.js                  68.05 kB │ gzip:  19.05 kB
dist/assets/pcs-channel-stores-BZsHFy0j.js                               69.22 kB │ gzip:  14.30 kB
dist/assets/context-BedIlbT4.js                                          69.43 kB │ gzip:  21.32 kB
dist/assets/sewing-dispatch-QHUwweUc.js                                  69.49 kB │ gzip:  18.07 kB
dist/assets/progress-exceptions-WU-4Ymxr.js                              70.30 kB │ gzip:  13.27 kB
dist/assets/qc-records-DXLNMR5x.js                                       71.00 kB │ gzip:  15.95 kB
dist/assets/wait-handover-actions-KGmBvlqO.js                            71.83 kB │ gzip:  18.16 kB
dist/assets/special-craft-fei-ticket-flow-DvbrHGyB.js                    72.43 kB │ gzip:  16.43 kB
dist/assets/transfer-bags-BBBdobeE.js                                    72.79 kB │ gzip:  18.40 kB
dist/assets/factory-onboarding-CG1jGi3n.js                               75.21 kB │ gzip:  12.66 kB
dist/assets/pda-handover-detail-BvhmnyrN.js                              75.36 kB │ gzip:  18.43 kB
dist/assets/settlement-BU0x3f5u.js                                       75.54 kB │ gzip:  11.55 kB
dist/assets/dialogs-YjvAJPFP.js                                          75.66 kB │ gzip:  18.69 kB
dist/assets/orders-domain-kaEs1eVX.js                                    76.23 kB │ gzip:  16.86 kB
dist/assets/pcs-independent-sampling-CUcsVNbF.js                         76.92 kB │ gzip:  19.55 kB
dist/assets/runtime-projections-BJhAqQ40.js                              78.01 kB │ gzip:  18.43 kB
dist/assets/transfer-bag-operations-PlvDmals.js                          78.06 kB │ gzip:  19.27 kB
dist/assets/process-action-writeback-service-4o67C5ne.js                 78.08 kB │ gzip:  17.82 kB
dist/assets/production-progress-C0CoGxVM.js                              80.58 kB │ gzip:  20.32 kB
dist/assets/pda-warehouse-wait-process-Dy1w4U6q.js                       87.24 kB │ gzip:  21.10 kB
dist/assets/events-BPcNJLr6.js                                           90.02 kB │ gzip:  22.17 kB
dist/assets/factory-onboarding-flow-83JgdA2b.js                          90.59 kB │ gzip:  23.31 kB
dist/assets/dispatch-QxD69OBV.js                                         91.34 kB │ gzip:  27.77 kB
dist/assets/cut-orders-vWETTscK.js                                       94.66 kB │ gzip:  24.39 kB
dist/assets/special-craft-task-orders-mCCtN9km.js                        99.16 kB │ gzip:  26.80 kB
dist/assets/pcs-product-archives-ClJaCv7j.js                            106.20 kB │ gzip:  21.44 kB
dist/assets/events-B6rqnJuF.js                                          109.05 kB │ gzip:  26.89 kB
dist/assets/index-CvPrvQnH.js                                           109.43 kB │ gzip:  39.84 kB
dist/assets/app-shared-CI7Lw1Ed.js                                      109.79 kB │ gzip:  26.87 kB
dist/assets/transfer-bag-return-model-4IxbQz_w.js                       112.94 kB │ gzip:  26.62 kB
dist/assets/supplement-management-gzBvPlqu.js                           113.22 kB │ gzip:  29.91 kB
dist/assets/unified-dispatch-workbench-ptzbR6bc.js                      117.95 kB │ gzip:  33.06 kB
dist/assets/statements-DPrI_G-W.js                                      119.48 kB │ gzip:  24.44 kB
dist/assets/pcs-engineering-tasks-LKchnpoy.js                           121.82 kB │ gzip:  27.76 kB
dist/assets/context-CGiTvOxK.js                                         132.99 kB │ gzip:  34.39 kB
dist/assets/production-02qkATRJ.js                                      133.88 kB │ gzip:  27.38 kB
dist/assets/process-domain-zpc9mTtT.js                                  138.63 kB │ gzip:  25.82 kB
dist/assets/generated-fei-tickets-CKcZaHxb.js                           143.00 kB │ gzip:  36.14 kB
dist/assets/preparation-timing-dsuXi91B.js                              145.93 kB │ gzip:  34.39 kB
dist/assets/marker-plan-B4J5QAJV.js                                     150.09 kB │ gzip:  35.39 kB
dist/assets/warehouse-hub-DKS_PoUw.js                                   152.71 kB │ gzip:  37.96 kB
dist/assets/marker-spreading-rzQeiWZV.js                                154.06 kB │ gzip:  37.71 kB
dist/assets/return-inbound-C4kVyOxX.js                                  185.16 kB │ gzip:  34.48 kB
dist/assets/fei-tickets-DVbRa1Rb.js                                     196.51 kB │ gzip:  43.85 kB
dist/assets/index--GzcKvNw.js                                           210.12 kB │ gzip:  66.49 kB
dist/assets/index-Cb5rnA_z.js                                           221.48 kB │ gzip:  51.85 kB
dist/assets/pcs-projects-CzKAVsYX.js                                    232.17 kB │ gzip:  50.51 kB
dist/assets/pda-exec-detail-Ic0u-PDc.js                                 233.98 kB │ gzip:  54.26 kB
dist/assets/print-preview-DxA26Nf1.js                                   257.70 kB │ gzip:  66.69 kB
dist/assets/production-timeliness-Cn5Tck8H.js                           459.91 kB │ gzip: 115.02 kB
dist/assets/pda-BgUJT8j-.js                                             511.75 kB │ gzip:  85.30 kB
dist/assets/production-source-shared-CQdEXFA0.js                      2,916.46 kB │ gzip: 725.03 kB

(!) Some chunks are larger than 550 kB after minification. Consider:
- Using dynamic import() to code-split the application
- Use build.rollupOptions.output.manualChunks to improve chunking: https://rollupjs.org/configuration-options/#output-manualchunks
- Adjust chunk size limit for this warning via build.chunkSizeWarningLimit.
✓ built in 8.97s
