✔ 三个中央工厂在组织目录与执行工厂中身份一致且仅出现一次 (0.464833ms)
✔ 花边角色与采购映射归属TMF但供应方仍保留独立身份 (0.083291ms)
✔ 橡筋定长切割仍归SPF，不成为TMF织带截断任务 (0.09025ms)
✔ 旧浏览器组织记录迁移后不与权威TMF并存且保留已有联系人 (2.671208ms)
✔ N01～N05：通过现有 PMS 入口下达，每条采购链从零执行到仓库实收；交出不提前增加库存 (6.475791ms)
✔ B01/B03：短收保留在途和采购缺口；重复扫描、生成和刷新不双记 (1.666417ms)
✔ B02/B04：多收、错 SKU、错仓和无权限动作不改变任意下游数量；恢复后正常收齐 (2.63825ms)
✔ B23/B24：未开始跟随采购版本，已执行保留原计划和实物、挂出变更待处理 (2.284417ms)
✔ B21：保存失败不报成功、不留部分库存；成功后刷新读取同一采购和收货事实 (0.860209ms)
(node:7313) ExperimentalWarning: localStorage is not available because --localstorage-file was not provided.
(Use `node --trace-warnings ...` to show where the warning was created)
✔ N01：400 条 50CM 和 600 条 70CM 分行计算，共 620 米；未增加 SKU (1.001625ms)
✔ 缺少尺码数量、非整数条数、公差或测量条件时不猜测需求 (0.251ms)
✔ B07：未选择打头、缺少端头方式或辅材不能确认；支持两端不同端头 (0.162625ms)
✔ N04/B08：硅胶按重量且必须有覆盖长度，不作为独立金属头计数 (0.079625ms)
✔ B18：打头只能承接对应截断条料，不能换 SKU、换长度或重新领连续料 (0.218125ms)
✔ N05：规格相同可以合并，但尺码、用途和需求身份不靠物理规格键代替 (0.07425ms)
✔ B14：修改后续版本端头要求不能污染生产单历史快照 (0.333417ms)
ℹ tests 16
ℹ suites 0
ℹ pass 16
ℹ fail 0
ℹ cancelled 0
ℹ skipped 0
ℹ todo 0
ℹ duration_ms 190.81675
