vite v6.4.3 building for production...
transforming...
✓ 2652 modules transformed.
rendering chunks...
[plugin vite:reporter] 
(!) /Users/laoer/Documents/higoods/src/data/app-shell-config.ts is dynamically imported by /Users/laoer/Documents/higoods/src/router/routes.ts but also statically imported by /Users/laoer/Documents/higoods/src/components/shell.ts, /Users/laoer/Documents/higoods/src/state/store.ts, dynamic import will not move module into another chunk.

computing gzip size...
dist/index.html                                                           1.12 kB │ gzip:   0.61 kB
dist/assets/pcs-pattern-parse.worker-B3_rAVMB.js                         18.52 kB
dist/assets/source-views-23Nr_RHD.css                                    34.63 kB │ gzip:   7.04 kB
dist/assets/index-iKmuY9f5.css                                          155.35 kB │ gzip:  25.44 kB
dist/assets/pcs-project-demo-seed-service-COOi2Kbg.js                     0.06 kB │ gzip:   0.08 kB
dist/assets/store-domain-quality-bootstrap-BxjPpKoS.js                    0.38 kB │ gzip:   0.25 kB
dist/assets/sample-warehouse-projection-CKArD73Q.js                       0.39 kB │ gzip:   0.25 kB
dist/assets/dialogs-CQzUPq3L.js                                           0.58 kB │ gzip:   0.31 kB
dist/assets/tech-pack-DkP1DoyX.js                                         0.59 kB │ gzip:   0.32 kB
dist/assets/transfer-bag-handover-mock-C664wUfP.js                        0.63 kB │ gzip:   0.42 kB
dist/assets/pcs-reset-placeholder-Yn2GIynC.js                             0.72 kB │ gzip:   0.45 kB
dist/assets/badge-CQoV5Hhm.js                                             0.78 kB │ gzip:   0.42 kB
dist/assets/images-Q79qfJD0.js                                            0.80 kB │ gzip:   0.35 kB
dist/assets/placeholder-8wxRWJKH.js                                       0.81 kB │ gzip:   0.44 kB
dist/assets/pms-export-C5DiqcGG.js                                        0.83 kB │ gzip:   0.50 kB
dist/assets/trace-B40huTHV.js                                             0.85 kB │ gzip:   0.49 kB
dist/assets/execution-prep-projection-helpers-Yr-qU4lQ.js                 0.90 kB │ gzip:   0.44 kB
dist/assets/runtime-DY769RIr.js                                           0.90 kB │ gzip:   0.61 kB
dist/assets/history-C4cyfPmP.js                                           0.94 kB │ gzip:   0.60 kB
dist/assets/payment-sync-DybA4MyQ.js                                      0.97 kB │ gzip:   0.62 kB
dist/assets/print-service-Cb4Z7TQ8.js                                     1.00 kB │ gzip:   0.50 kB
dist/assets/pda-sewing-self-return-mode-CVT5AEl1.js                       1.07 kB │ gzip:   0.54 kB
dist/assets/detail.adapter-Bw0sLGKr.js                                    1.08 kB │ gzip:   0.68 kB
dist/assets/process-work-order-generation-service-D4EzP6XF.js             1.08 kB │ gzip:   0.66 kB
dist/assets/dialogs-Dn_65MBa.js                                           1.08 kB │ gzip:   0.49 kB
dist/assets/dyeing-material-receipts-CVQz2tLK.js                          1.11 kB │ gzip:   0.73 kB
dist/assets/pda-runtime-BhSu5jjT.js                                       1.12 kB │ gzip:   0.62 kB
dist/assets/overview-DkRU37Oe.js                                          1.25 kB │ gzip:   0.69 kB
dist/assets/process-work-order-source-view-u2QapGFO.js                    1.31 kB │ gzip:   0.58 kB
dist/assets/work-order-action-policy-B3qipFyP.js                          1.34 kB │ gzip:   0.68 kB
dist/assets/real-qr-0qnSuKZW.js                                           1.48 kB │ gzip:   0.83 kB
dist/assets/filter-bar-BicXsiXA.js                                        1.49 kB │ gzip:   0.81 kB
dist/assets/material-identity-CKNSwJiE.js                                 1.54 kB │ gzip:   0.85 kB
dist/assets/supplement-material-prep-demand-registry-DI-N3DvB.js          1.56 kB │ gzip:   0.75 kB
dist/assets/warehouse-shared-Ccd-HK9-.js                                  1.57 kB │ gzip:   0.51 kB
dist/assets/pda-cutting-wait-handover-actions-DlfzlWuH.js                 1.58 kB │ gzip:   0.62 kB
dist/assets/task-handover-domain-DW3fqZRG.js                              1.58 kB │ gzip:   0.77 kB
dist/assets/work-order-detail-BZzp5STv.js                                 1.66 kB │ gzip:   0.77 kB
dist/assets/task-chain-pages-adapter-T9s9Zv2a.js                          1.72 kB │ gzip:   0.85 kB
dist/assets/production-contract-print-Df44yI6f.js                         1.73 kB │ gzip:   1.04 kB
dist/assets/real-barcode-DLJSbomk.js                                      1.81 kB │ gzip:   0.96 kB
dist/assets/wool-pda-scan-fgNh74aW.js                                     1.81 kB │ gzip:   1.00 kB
dist/assets/list-export-CPlYExS1.js                                       1.86 kB │ gzip:   1.09 kB
dist/assets/toast-JTI_dJb4.js                                             1.87 kB │ gzip:   0.90 kB
dist/assets/kol-goto-fixed-total-ledger-yJqJcBmb.js                       1.93 kB │ gzip:   0.92 kB
dist/assets/printing-sheet-preview-BBeYRhgB.js                            1.94 kB │ gzip:   1.03 kB
dist/assets/table-AxvlV04E.js                                             2.04 kB │ gzip:   1.02 kB
dist/assets/pda-cutting-simple-cut-piece-handover-CMiqHj0n.js             2.14 kB │ gzip:   1.11 kB
dist/assets/binding-process-pda-scan-BU4oDU8w.js                          2.18 kB │ gzip:   1.13 kB
dist/assets/special-craft-pda-scope-DJhgLQZm.js                           2.22 kB │ gzip:   1.01 kB
dist/assets/helpers-BFKa6pUf.js                                           2.42 kB │ gzip:   1.21 kB
dist/assets/pms-excel-import-DnMCWv6B.js                                  2.66 kB │ gzip:   1.32 kB
dist/assets/shared-O0TaIznd.js                                            2.70 kB │ gzip:   1.02 kB
dist/assets/process-order-list-presentation-C837qHbH.js                   2.71 kB │ gzip:   1.27 kB
dist/assets/marker-plan-projection-Dbh45VLC.js                            2.77 kB │ gzip:   1.18 kB
dist/assets/post-finishing-spu-technical-parameters-Cesn1GMb.js           2.79 kB │ gzip:   1.28 kB
dist/assets/authorization-code-XSStpKje.js                                2.87 kB │ gzip:   1.40 kB
dist/assets/process-order-task-relations-BSH_Qc_u.js                      2.97 kB │ gzip:   1.29 kB
dist/assets/production-order-identity-Du6Ymlr1.js                         3.00 kB │ gzip:   1.24 kB
dist/assets/confirmation-print-CfSiFp_a.js                                3.00 kB │ gzip:   1.29 kB
dist/assets/product-skus-CEt6Fukj.js                                      3.03 kB │ gzip:   0.96 kB
dist/assets/progress-board--USnT1f6.js                                    3.05 kB │ gzip:   1.45 kB
dist/assets/tabs-Hg4N7Pkl.js                                              3.09 kB │ gzip:   0.93 kB
dist/assets/pda-cutting-runtime-action-inputs-AfJhpuiO.js                 3.15 kB │ gzip:   1.09 kB
dist/assets/trade-subjects-B1U82DIE.js                                    3.16 kB │ gzip:   1.12 kB
dist/assets/task-route-card-CTeEmB25.js                                   3.27 kB │ gzip:   1.43 kB
dist/assets/wls-page-handlers-BNqsFIHs.js                                 3.31 kB │ gzip:   1.07 kB
dist/assets/task-delivery-card-CMnNC8gP.js                                3.33 kB │ gzip:   1.51 kB
dist/assets/cutting-mainline-D2523Qir.js                                  3.41 kB │ gzip:   1.53 kB
dist/assets/transfer-bags-projection-DU3fGkVp.js                          3.52 kB │ gzip:   1.48 kB
dist/assets/binding-process-warehouse-linkage-service-D9Zq2Q2x.js         3.63 kB │ gzip:   1.38 kB
dist/assets/fcs-route-links-BrHBsWPd.js                                   3.67 kB │ gzip:   1.20 kB
dist/assets/quality-chain-adapter-CT2UMB2k.js                             3.68 kB │ gzip:   1.66 kB
dist/assets/shared-ILpq3mWL.js                                            3.73 kB │ gzip:   1.70 kB
dist/assets/engineering-file-upload-KV9mAtma.js                           3.77 kB │ gzip:   1.71 kB
dist/assets/shared-B2DTbUDd.js                                            3.91 kB │ gzip:   1.64 kB
dist/assets/transfer-bag-repack-mock-BQ6nKppA.js                          3.95 kB │ gzip:   1.82 kB
dist/assets/sewing-outsourcing-demo-2yrfTFQM.js                           3.95 kB │ gzip:   1.58 kB
dist/assets/dashboards-CJ2jS3-m.js                                        4.06 kB │ gzip:   2.00 kB
dist/assets/transit-simple-lists-yERIfYmg.js                              4.13 kB │ gzip:   1.45 kB
dist/assets/pda-wool-warehouse-flows-CHg5QUGQ.js                          4.37 kB │ gzip:   2.33 kB
dist/assets/form-BMcqcg6v.js                                              4.37 kB │ gzip:   1.39 kB
dist/assets/sewing-outsourcing-responsibility-B_kc3Sl8.js                 4.42 kB │ gzip:   1.96 kB
dist/assets/supplement-order-registry-CHnc7juB.js                         4.49 kB │ gzip:   1.76 kB
dist/assets/routes-pda-65jPgSDI.js                                        4.65 kB │ gzip:   1.76 kB
dist/assets/preparation-material-receipt-sources-C3t4ME79.js              4.68 kB │ gzip:   1.95 kB
dist/assets/layout.helpers-B_-L6Vnb.js                                    4.76 kB │ gzip:   1.73 kB
dist/assets/runtime-task-tenders-YGz6fHpq.js                              4.76 kB │ gzip:   1.94 kB
dist/assets/relations-Dn9WvAQ-.js                                         4.77 kB │ gzip:   2.17 kB
dist/assets/transit-dashboard-BsdgHR1C.js                                 4.81 kB │ gzip:   2.02 kB
dist/assets/process-order-list-controller-BPlLMB_k.js                     4.84 kB │ gzip:   1.86 kB
dist/assets/result-list-6nPpFuBd.js                                       4.94 kB │ gzip:   2.06 kB
dist/assets/store-domain-dispatch-process-BKlwMpFb.js                     5.01 kB │ gzip:   1.95 kB
dist/assets/process-work-order-quality-settlement-BfwX3tVV.js             5.33 kB │ gzip:   2.20 kB
dist/assets/dispatch-task-sheet-Du2vxDbP.js                               5.56 kB │ gzip:   2.65 kB
dist/assets/routes-pcs-CKOOoPg2.js                                        5.62 kB │ gzip:   1.62 kB
dist/assets/process-order-three-axis-view-Dqf_m_h7.js                     5.72 kB │ gzip:   2.30 kB
dist/assets/production-contract-center-BVgTmF8f.js                        5.77 kB │ gzip:   2.48 kB
dist/assets/pda-cutting-nav-context-Da3N5wEX.js                           5.95 kB │ gzip:   1.40 kB
dist/assets/fcs-pda-pickup-dispute-DTtn-7G-.js                            6.19 kB │ gzip:   2.19 kB
dist/assets/material-handover-onNg2CKw.js                                 6.21 kB │ gzip:   2.42 kB
dist/assets/pcs-project-technical-data-writeback-nbrRzBg5.js              6.25 kB │ gzip:   2.40 kB
dist/assets/warehouse-standard-o8c3wNWy.js                                6.26 kB │ gzip:   2.08 kB
dist/assets/fact-view-Cqr6QDBb.js                                         6.29 kB │ gzip:   2.07 kB
dist/assets/statistics-CLeZrKR2.js                                        6.31 kB │ gzip:   1.89 kB
dist/assets/craft-actions-C3t-c8aU.js                                     6.38 kB │ gzip:   2.89 kB
dist/assets/pda-notify-DOI4Vgjn.js                                        6.49 kB │ gzip:   2.38 kB
dist/assets/pda-transfer-bag-detail-CCfauyYf.js                           6.49 kB │ gzip:   2.34 kB
dist/assets/shared-D9ehvQN5.js                                            6.56 kB │ gzip:   2.32 kB
dist/assets/factory-receiving-links-DA8S_K6t.js                           6.57 kB │ gzip:   2.63 kB
dist/assets/workbench-BlmD90Ok.js                                         6.58 kB │ gzip:   2.66 kB
dist/assets/sewing-outsourcing-supplement-tracking-BPM8eHnc.js            6.63 kB │ gzip:   2.89 kB
dist/assets/shared-Cwccvv5d.js                                            6.82 kB │ gzip:   2.51 kB
dist/assets/production-contract-master-template-CzjL7vXy.js               6.85 kB │ gzip:   2.74 kB
dist/assets/dye-work-order-times-CxLziefL.js                              7.12 kB │ gzip:   2.52 kB
dist/assets/pda-cutting-execution-unit-WZfdWBiJ.js                        7.15 kB │ gzip:   2.70 kB
dist/assets/overview.helpers-BP2F5Yu8.js                                  7.36 kB │ gzip:   2.88 kB
dist/assets/pda-notify-detail-BZNuLjuq.js                                 7.38 kB │ gzip:   2.34 kB
dist/assets/pda-cutting-fei-ticket-numbering-BCx-oQKh.js                  7.40 kB │ gzip:   2.46 kB
dist/assets/settlement-flow-boundaries-DbkSNas3.js                        7.43 kB │ gzip:   2.53 kB
dist/assets/pda-warehouse-rK-PEH8j.js                                     7.48 kB │ gzip:   2.98 kB
dist/assets/production-craft-dict-CheszNov.js                             7.51 kB │ gzip:   2.82 kB
dist/assets/transit-warehouse-CGN4xIMS.js                                 7.54 kB │ gzip:   2.13 kB
dist/assets/sewing-outsourcing-return-tracking-D55EO5Ky.js                7.58 kB │ gzip:   2.84 kB
dist/assets/workbench-CxcqPnLT.js                                         7.61 kB │ gzip:   3.12 kB
dist/assets/pda-cutting-transfer-bag-recovery-CC5i7H9v.js                 7.70 kB │ gzip:   3.22 kB
dist/assets/pcs-material-archive-detail-CPUMvvG1.js                       7.71 kB │ gzip:   2.70 kB
dist/assets/supplement-node-facts-xAukcIQk.js                             7.77 kB │ gzip:   2.85 kB
dist/assets/production-contracts-CSN016Y7.js                              8.06 kB │ gzip:   2.74 kB
dist/assets/pda-cutting-transfer-bag-scrap-BIEtxL0l.js                    8.08 kB │ gzip:   3.34 kB
dist/assets/progress-exception-lifecycle-BJx0gSBY.js                      8.09 kB │ gzip:   2.70 kB
dist/assets/routes-pms-DhoZjq5I.js                                        8.24 kB │ gzip:   2.08 kB
dist/assets/statistics-DBQ9Xh1P.js                                        8.41 kB │ gzip:   3.65 kB
dist/assets/milestone-configs-BdaRcqXS.js                                 8.42 kB │ gzip:   2.95 kB
dist/assets/bom-templates-Br7_yp-y.js                                     8.47 kB │ gzip:   1.81 kB
dist/assets/pre-settlement-ledger-repository-DmWBsZSn.js                  8.64 kB │ gzip:   2.95 kB
dist/assets/pcs-pattern-library-config-3g7Odl6s.js                        8.73 kB │ gzip:   2.37 kB
dist/assets/fei-ticket-numbering-CEPA3uun.js                              8.81 kB │ gzip:   3.08 kB
dist/assets/warehouses-zI9ocKIC.js                                        8.83 kB │ gzip:   2.08 kB
dist/assets/pda-cutting-shared-BWXM28Oc.js                                8.83 kB │ gzip:   2.71 kB
dist/assets/bom-templates-ClJyTfLA.js                                     8.83 kB │ gzip:   3.67 kB
dist/assets/navigation-context-nhTwowmC.js                                8.87 kB │ gzip:   2.46 kB
dist/assets/yarn-shipments-BEoo05tM.js                                    8.92 kB │ gzip:   4.04 kB
dist/assets/list-Bp8oKsO6.js                                              9.04 kB │ gzip:   3.01 kB
dist/assets/pda-login-BVl3Td75.js                                         9.09 kB │ gzip:   3.51 kB
dist/assets/production-receipts-CB_qjCF4.js                               9.48 kB │ gzip:   3.82 kB
dist/assets/dye-work-order-online-domain-B6Y0944a.js                      9.53 kB │ gzip:   3.55 kB
dist/assets/sewing-pickup-slips-CtBKHLAr.js                               9.56 kB │ gzip:   3.59 kB
dist/assets/production-return-fulfillment-COm7jaXM.js                    10.02 kB │ gzip:   3.82 kB
dist/assets/purchase-suggestions-Duv_PHLl.js                             10.15 kB │ gzip:   3.10 kB
dist/assets/trade-subjects-D0X_xQj8.js                                   10.22 kB │ gzip:   3.72 kB
dist/assets/settings-C5vntvHe.js                                         10.68 kB │ gzip:   3.22 kB
dist/assets/product-skus-DzRd0aUU.js                                     10.70 kB │ gzip:   4.13 kB
dist/assets/pms-handlers-BgQmJT6Z.js                                     10.71 kB │ gzip:   2.37 kB
dist/assets/transit-receipts-CRqEeCAo.js                                 10.95 kB │ gzip:   4.01 kB
dist/assets/task-breakdown-B4BO2RTa.js                                   11.01 kB │ gzip:   4.04 kB
dist/assets/presentation-BKbyaglz.js                                     11.02 kB │ gzip:   4.53 kB
dist/assets/tasks-5ks9q9io.js                                            11.26 kB │ gzip:   4.32 kB
dist/assets/material-transfers-DEVNTwUg.js                               11.28 kB │ gzip:   3.91 kB
dist/assets/pda-exec-link-DDEPFV7t.js                                    11.32 kB │ gzip:   3.69 kB
dist/assets/material-prep-BDc_94RM.js                                    11.40 kB │ gzip:   2.68 kB
dist/assets/dyeing-warehouse-view-Ch4ihr6m.js                            11.46 kB │ gzip:   3.94 kB
dist/assets/warehouses-B4Ru4Nx4.js                                       11.69 kB │ gzip:   4.22 kB
dist/assets/process-statistics-domain-ogdgSZur.js                        12.19 kB │ gzip:   3.97 kB
dist/assets/pickup-management-runtime-Dj8ERv5A.js                        12.20 kB │ gzip:   4.71 kB
dist/assets/task-execution-adapter-C3DdeLxT.js                           12.22 kB │ gzip:   3.67 kB
dist/assets/bom-detail-3nOJTYXQ.js                                       12.33 kB │ gzip:   4.32 kB
dist/assets/wls-inbound--9Q8JkZ8.js                                      12.36 kB │ gzip:   4.75 kB
dist/assets/returns-CgL8sL2k.js                                          12.40 kB │ gzip:   4.57 kB
dist/assets/handover-print-DxTkqXJl.js                                   12.42 kB │ gzip:   4.48 kB
dist/assets/cut-piece-return-warehouse-Dk4Q4Dca.js                       12.43 kB │ gzip:   4.36 kB
dist/assets/meta-DoO-xbln.js                                             12.79 kB │ gzip:   2.87 kB
dist/assets/context-BILLubLl.js                                          12.97 kB │ gzip:   4.57 kB
dist/assets/responsibility-transfers-PGxchMw_.js                         13.03 kB │ gzip:   4.87 kB
dist/assets/supplements-D8I-UDPt.js                                      13.14 kB │ gzip:   4.73 kB
dist/assets/handover-records-1i3inFdT.js                                 13.14 kB │ gzip:   4.13 kB
dist/assets/wls-finished-inbound-BkhUAamK.js                             13.20 kB │ gzip:   5.01 kB
dist/assets/pda-start-link-DRGYVG1S.js                                   13.37 kB │ gzip:   4.73 kB
dist/assets/work-orders-D9SzUJB5.js                                      13.84 kB │ gzip:   4.67 kB
dist/assets/mobile-execution-task-index-Cq9jZdBZ.js                      13.96 kB │ gzip:   3.70 kB
dist/assets/workbench-BaEE77Od.js                                        14.03 kB │ gzip:   4.05 kB
dist/assets/output-stock-Dmn9vLPz.js                                     14.10 kB │ gzip:   5.56 kB
dist/assets/work-order-detail-D3l3Gsbx.js                                14.13 kB │ gzip:   4.47 kB
dist/assets/routes-wls-DWS1CLwv.js                                       14.25 kB │ gzip:   3.75 kB
dist/assets/post-finishing-qc-print-template-Be15xCSD.js                 14.45 kB │ gzip:   4.45 kB
dist/assets/work-orders-5YuyGeNd.js                                      14.70 kB │ gzip:   4.77 kB
dist/assets/reports-D50zhNhQ.js                                          14.75 kB │ gzip:   3.53 kB
dist/assets/full-flow-print-BUHg_fNb.js                                  14.89 kB │ gzip:   4.83 kB
dist/assets/progress-handover-order-CvfjBjeE.js                          15.06 kB │ gzip:   4.30 kB
dist/assets/pcs-engineering-tech-pack-workspace-wewTCmaK.js              15.18 kB │ gzip:   5.42 kB
dist/assets/cut-order-release-integration-C3yneYXA.js                    15.21 kB │ gzip:   5.39 kB
dist/assets/machines-DspD-qUb.js                                         15.31 kB │ gzip:   5.01 kB
dist/assets/outbound-orders-DBg95LwV.js                                  15.34 kB │ gzip:   4.92 kB
dist/assets/pda-cutting-task-detail-DHS4PgU4.js                          15.50 kB │ gzip:   5.38 kB
dist/assets/simple-cut-piece-handover-fixtures-D4Bbx8LI.js               15.90 kB │ gzip:   5.27 kB
dist/assets/process-web-status-actions-2bP72i4B.js                       15.97 kB │ gzip:   4.24 kB
dist/assets/cut-order-supplement-fixture-BOXPx5xG.js                     15.97 kB │ gzip:   4.83 kB
dist/assets/progress-cutting-detail-IUQLKVxg.js                          15.99 kB │ gzip:   3.76 kB
dist/assets/pda-sewing-self-return-DNEBO4xq.js                           15.99 kB │ gzip:   5.27 kB
dist/assets/garment-spu-replacement-4IGe8-OP.js                          16.01 kB │ gzip:   4.85 kB
dist/assets/handover-ledger-view-CZifot8g.js                             16.17 kB │ gzip:   4.45 kB
dist/assets/wls-garment-relabel-tasks-HwGIEUNx.js                        16.20 kB │ gzip:   5.30 kB
dist/assets/pda-notify-due-soon-CUm54O-g.js                              16.49 kB │ gzip:   5.52 kB
dist/assets/material-requirements-BFC9F4_z.js                            16.65 kB │ gzip:   5.64 kB
dist/assets/material-purchase-orders-BFnb8lVT.js                         16.71 kB │ gzip:   5.18 kB
dist/assets/suppliers-CF8Vrskm.js                                        16.77 kB │ gzip:   4.64 kB
dist/assets/events-DcDyf9dS.js                                           16.92 kB │ gzip:   6.63 kB
dist/assets/tmf-material-purchases-HbfjFPKI.js                           16.99 kB │ gzip:   5.38 kB
dist/assets/sewing-cut-piece-return-workflow-DsXoZoNC.js                 17.18 kB │ gzip:   6.07 kB
dist/assets/warehouse-CD_3taFk.js                                        17.25 kB │ gzip:   5.36 kB
dist/assets/production-confirmation-B9RfcD0C.js                          17.25 kB │ gzip:   5.89 kB
dist/assets/marker-spreading-projection-B_eKOHIB.js                      17.48 kB │ gzip:   5.53 kB
dist/assets/sewing-cut-piece-responsibility-DnAXEseY.js                  17.53 kB │ gzip:   5.26 kB
dist/assets/process-mobile-task-binding-DboUikp9.js                      17.56 kB │ gzip:   6.14 kB
dist/assets/pda-handlers-m0JOskmP.js                                     17.63 kB │ gzip:   4.65 kB
dist/assets/bom-detail-DyYxuDZi.js                                       17.74 kB │ gzip:   5.73 kB
dist/assets/adjustments-CO6hznpy.js                                      18.11 kB │ gzip:   5.47 kB
dist/assets/pda-warehouse-inbound-records-CLPOON56.js                    18.16 kB │ gzip:   5.10 kB
dist/assets/purchase-demands-DzOpKDH4.js                                 18.27 kB │ gzip:   5.86 kB
dist/assets/base-orders-BYmyvi6H.js                                      18.30 kB │ gzip:   6.90 kB
dist/assets/platform-process-result-view-9CVIj6ae.js                     18.53 kB │ gzip:   5.31 kB
dist/assets/store-domain-statement-source-adapter-BKu0KLmJ.js            18.56 kB │ gzip:   5.31 kB
dist/assets/sewing-outsourcing-workbench-_GsqbGER.js                     18.65 kB │ gzip:   6.46 kB
dist/assets/pda-warehouse-outbound-records-CQ7hsjnu.js                   18.65 kB │ gzip:   5.32 kB
dist/assets/task-orders-B5pxkxOR.js                                      18.69 kB │ gzip:   6.31 kB
dist/assets/pda-warehouse-shared-Bog2lOV-.js                             18.73 kB │ gzip:   5.59 kB
dist/assets/process-water-soluble-orders-BzqkVA--.js                     18.80 kB │ gzip:   5.72 kB
dist/assets/production-demand-early-process-work-orders-BXSJHCZx.js      18.82 kB │ gzip:   5.60 kB
dist/assets/product-purchase-orders-BzO6T1aS.js                          18.90 kB │ gzip:   5.54 kB
dist/assets/materials-BA_owAdW.js                                        18.93 kB │ gzip:   4.79 kB
dist/assets/kol-goto-pda-domain-v-x11bdO.js                              19.16 kB │ gzip:   6.51 kB
dist/assets/platform.adapter-7zOwqqJv.js                                 19.25 kB │ gzip:   6.09 kB
dist/assets/shared-BnYGDeP-.js                                           19.47 kB │ gzip:   5.27 kB
dist/assets/audit-records-K5kaEy_-.js                                    19.65 kB │ gzip:   6.34 kB
dist/assets/stage-display-DaoF68TC.js                                    19.65 kB │ gzip:   6.95 kB
dist/assets/units-B7ayWyRi.js                                            19.68 kB │ gzip:   5.88 kB
dist/assets/factory-sample-verification-flow-BTSDRjZI.js                 19.86 kB │ gzip:   4.87 kB
dist/assets/material-purchase-tracking-DmwrNa_b.js                       20.16 kB │ gzip:   6.30 kB
dist/assets/index-DQ0jnu-K.js                                            20.17 kB │ gzip:   5.20 kB
dist/assets/pcs-engineering-master-list-D4Vp77G2.js                      20.37 kB │ gzip:   6.91 kB
dist/assets/deduction-analysis-DO88bflZ.js                               20.56 kB │ gzip:   5.82 kB
dist/assets/fei-ticket-numbering-B3UW0Pn9.js                             20.61 kB │ gzip:   5.67 kB
dist/assets/order-list-columns-DTkYmRmX.js                               20.62 kB │ gzip:   6.46 kB
dist/assets/overview.adapter-NKFtelId.js                                 20.65 kB │ gzip:   6.53 kB
dist/assets/events-ooWIiAha.js                                           21.11 kB │ gzip:   6.52 kB
dist/assets/work-order-detail-zR5-ErwS.js                                21.13 kB │ gzip:   6.65 kB
dist/assets/pcs-engineering-master-view-model-ClGplUzc.js                21.18 kB │ gzip:   7.03 kB
dist/assets/suppliers-B_b1tg-F.js                                        21.38 kB │ gzip:   6.81 kB
dist/assets/cut-piece-returns-BVVBinPq.js                                21.55 kB │ gzip:   6.47 kB
dist/assets/cut-piece-handover-oVS-VErm.js                               21.75 kB │ gzip:   6.93 kB
dist/assets/tasks-D88MgJ4F.js                                            21.99 kB │ gzip:   6.96 kB
dist/assets/progress-cutting-overview-r5vB43FD.js                        22.02 kB │ gzip:   4.99 kB
dist/assets/material-issue-BaYk1Rqn.js                                   22.02 kB │ gzip:   5.16 kB
dist/assets/pms-purchase-orders-COfUgoT1.js                              22.06 kB │ gzip:   6.46 kB
dist/assets/pcs-project-detail-support-C1ZatEuL.js                       22.10 kB │ gzip:   6.80 kB
dist/assets/qc-workbench-B6G0uvk_.js                                     22.32 kB │ gzip:   6.88 kB
dist/assets/dye-work-order-online-view-CBOvW1L3.js                       22.47 kB │ gzip:   7.73 kB
dist/assets/recheck-orders-OG7eIjCM.js                                   22.50 kB │ gzip:   7.05 kB
dist/assets/production-order-duration-DfTHggCQ.js                        22.50 kB │ gzip:   8.55 kB
dist/assets/warehouse-location-map-model-BcZDnNxE.js                     22.52 kB │ gzip:   7.15 kB
dist/assets/subject-operations-dnXiTFNs.js                               22.57 kB │ gzip:   7.00 kB
dist/assets/material-statements-BQ17u4bZ.js                              22.71 kB │ gzip:   5.99 kB
dist/assets/progress-statistics-linkage-D0xjFxdJ.js                      22.82 kB │ gzip:   6.52 kB
dist/assets/simple-cut-piece-handover-ui-DyHBqGU7.js                     23.04 kB │ gzip:   8.89 kB
dist/assets/purchase-suggestions-CSmuJpEy.js                             23.20 kB │ gzip:   7.25 kB
dist/assets/process-order-task-links-BQqfsvyv.js                         23.57 kB │ gzip:   6.43 kB
dist/assets/process-print-orders-CSUjvPVq.js                             23.59 kB │ gzip:   7.73 kB
dist/assets/qc-orders-CKMNu1mB.js                                        23.61 kB │ gzip:   7.31 kB
dist/assets/pcs-handlers-BX0EZDwk.js                                     23.63 kB │ gzip:   6.11 kB
dist/assets/process-dye-orders-B1uw2dit.js                               23.77 kB │ gzip:   7.81 kB
dist/assets/machine-associations-DZe3TG_r.js                             24.42 kB │ gzip:   7.25 kB
dist/assets/fcs-production-tech-pack-snapshot-FdyHJDz-.js                24.58 kB │ gzip:   6.16 kB
dist/assets/retired-process-history-BdZPESwH.js                          24.75 kB │ gzip:   6.40 kB
dist/assets/dialogs-DAnd4gBI.js                                          24.87 kB │ gzip:   6.15 kB
dist/assets/wls-fabric-demand-board-BT-JGw7J.js                          25.08 kB │ gzip:   6.86 kB
dist/assets/kol-demands-CXcwfVKV.js                                      25.29 kB │ gzip:   7.35 kB
dist/assets/supplier-supply-archives-CtsJTh-A.js                         25.58 kB │ gzip:   7.43 kB
dist/assets/pda-warehouse-wait-handover-CaTcj3a7.js                      25.61 kB │ gzip:   6.37 kB
dist/assets/sample-approval-suggestions-BoypcblG.js                      25.93 kB │ gzip:   7.97 kB
dist/assets/progress-milestone-config-Bx8I_nk8.js                        26.43 kB │ gzip:   5.64 kB
dist/assets/sample-warehouse-6hW4vRMR.js                                 26.63 kB │ gzip:   6.61 kB
dist/assets/marker-spreading-utils-aU5x0QPs.js                           26.72 kB │ gzip:   7.83 kB
dist/assets/third-party-factory-rating-B6GSRXvO.js                       27.03 kB │ gzip:   7.57 kB
dist/assets/warehouse-location-map-DqVTM89D.js                           27.06 kB │ gzip:   7.08 kB
dist/assets/pcs-channel-products-CmaAM-xb.js                             27.09 kB │ gzip:   7.17 kB
dist/assets/pcs-pattern-library-detail-C8BONiUE.js                       27.58 kB │ gzip:   6.56 kB
dist/assets/pda-wool-fact-execution-CxW7k_S_.js                          27.84 kB │ gzip:   9.27 kB
dist/assets/warehouse-DmdnkRdK.js                                        28.08 kB │ gzip:   9.32 kB
dist/assets/material-purchase-orders-DPEbtowA.js                         28.12 kB │ gzip:   8.26 kB
dist/assets/production-order-progress-tracking-U0gtt6_u.js               28.21 kB │ gzip:   9.21 kB
dist/assets/factory-status-pZcXG11L.js                                   28.39 kB │ gzip:   6.00 kB
dist/assets/pcs-engineering-master-detail-BTrGW9Wp.js                    28.51 kB │ gzip:   8.35 kB
dist/assets/logistics-reconciliations-BQJ6agQN.js                        28.83 kB │ gzip:   8.85 kB
dist/assets/marker-plan-source-model-DWMaFZAg.js                         28.86 kB │ gzip:   8.45 kB
dist/assets/progress-cutting-exception-center-LIGEzdGF.js                29.08 kB │ gzip:   6.45 kB
dist/assets/material-reconciliations-DqhDBPLo.js                         29.27 kB │ gzip:   8.85 kB
dist/assets/handover-orders-DbSuGaGM.js                                  30.04 kB │ gzip:   8.25 kB
dist/assets/early-process-management-rmDvm77r.js                         30.06 kB │ gzip:   7.55 kB
dist/assets/pcs-config-workspace-CEuU6DNC.js                             30.75 kB │ gzip:   6.78 kB
dist/assets/capability-BD3Ec9nv.js                                       31.61 kB │ gzip:   6.67 kB
dist/assets/material-archives-Bqnx9lZm.js                                31.90 kB │ gzip:   7.92 kB
dist/assets/factory-performance-Ds8OFQKE.js                              32.27 kB │ gzip:   6.72 kB
dist/assets/garment-spu-replacements-2wW44IFo.js                         32.30 kB │ gzip:   9.07 kB
dist/assets/task-detail-DHTepIjY.js                                      32.45 kB │ gzip:   9.60 kB
dist/assets/dialogs-D8Uh01r2.js                                          32.55 kB │ gzip:   9.78 kB
dist/assets/pda-shell-Cy1s5FBO.js                                        32.91 kB │ gzip:   8.67 kB
dist/assets/process-warehouse-domain-DRwZ7LtA.js                         32.98 kB │ gzip:   7.51 kB
dist/assets/cut-piece-return-domain-DtWYaGhS.js                          33.09 kB │ gzip:   9.74 kB
dist/assets/pda-cutting-inbound-Da1cXbQa.js                              33.44 kB │ gzip:  10.01 kB
dist/assets/store-domain-settlement-seeds-DVvHmZTM.js                    33.63 kB │ gzip:   8.97 kB
dist/assets/pcs-pattern-library-DLR0hT8F.js                              33.64 kB │ gzip:   7.63 kB
dist/assets/warehouse-runtime-CAdChU7T.js                                33.70 kB │ gzip:   8.62 kB
dist/assets/payment-requests-BfVSYlOP.js                                 33.93 kB │ gzip:   8.90 kB
dist/assets/stage-orders-CayVBMXj.js                                     34.11 kB │ gzip:  10.44 kB
dist/assets/first-leg-logistics-BgSGS8Up.js                              34.45 kB │ gzip:   9.00 kB
dist/assets/pda-warehouse-stocktake-uKZbHDN0.js                          34.46 kB │ gzip:   8.63 kB
dist/assets/stage-order-detail-C2A71K9_.js                               34.49 kB │ gzip:   9.99 kB
dist/assets/work-orders-Cg-md5eN.js                                      34.50 kB │ gzip:  11.54 kB
dist/assets/work-order-detail-CmR3wvOF.js                                34.57 kB │ gzip:   9.39 kB
dist/assets/pda-post-finishing-flow-BiIUl-P6.js                          34.79 kB │ gzip:   9.28 kB
dist/assets/dispatch-acceptance-sla-CtDcr_TW.js                          34.91 kB │ gzip:   7.87 kB
dist/assets/pda-task-receive-detail-BsgCFwBI.js                          35.22 kB │ gzip:   8.42 kB
dist/assets/pending-receipts-CP21IcG_.js                                 35.27 kB │ gzip:  10.61 kB
dist/assets/wls-accessory-receipts-Zb60bUxY.js                           35.43 kB │ gzip:  10.68 kB
dist/assets/water-soluble-orders-bIXBBEWa.js                             35.86 kB │ gzip:  10.76 kB
dist/assets/pda-cutting-transfer-bag-repack-DQHUEF_I.js                  35.90 kB │ gzip:  10.08 kB
dist/assets/work-order-detail-D7BtGTFO.js                                36.11 kB │ gzip:   9.66 kB
dist/assets/pcs-technical-data-443zK5lj.js                               36.78 kB │ gzip:   9.80 kB
dist/assets/pcs-pattern-library-create-DWYqpZqz.js                       36.89 kB │ gzip:   8.61 kB
dist/assets/special-processes-BgIWo9Hm.js                                37.19 kB │ gzip:   9.50 kB
dist/assets/first-leg-carriers-CqhUVH0P.js                               37.35 kB │ gzip:   9.88 kB
dist/assets/third-party-factory-comprehensive-assessment-CUIIB3XO.js     37.39 kB │ gzip:  11.04 kB
dist/assets/pda-quality-uwuPX995.js                                      37.40 kB │ gzip:   9.77 kB
dist/assets/product-purchase-orders-dkcqiMYF.js                          37.56 kB │ gzip:   9.20 kB
dist/assets/cutting-statistics-ab-material-DLsAqabJ.js                   38.09 kB │ gzip:   8.61 kB
dist/assets/payment-requests-CsLVrA2t.js                                 38.14 kB │ gzip:   9.94 kB
dist/assets/warehouse-CVR2gL0c.js                                        38.50 kB │ gzip:  10.90 kB
dist/assets/fcs-handlers-BOfXxcZA.js                                     38.95 kB │ gzip:  11.68 kB
dist/assets/pda-cutting-handover-DeayUK2w.js                             38.97 kB │ gzip:  11.05 kB
dist/assets/first-leg-shipments-ZWIF3o67.js                              39.82 kB │ gzip:   9.86 kB
dist/assets/wait-handover-runtime-CSpcAikB.js                            41.22 kB │ gzip:  11.19 kB
dist/assets/print-styles-Vcc5Tpwb.js                                     41.87 kB │ gzip:   8.58 kB
dist/assets/pending-receipts-DmPd_lN8.js                                 43.19 kB │ gzip:  15.36 kB
dist/assets/pcs-material-archives-Cl45FiSs.js                            43.89 kB │ gzip:   9.60 kB
dist/assets/cutting-summary-qYnx6_W0.js                                  44.04 kB │ gzip:  11.49 kB
dist/assets/warehouse-D8mXTS8k.js                                        44.11 kB │ gzip:  11.17 kB
dist/assets/handover-orders-DY9nt64t.js                                  44.18 kB │ gzip:   8.79 kB
dist/assets/demand-domain-CqP4M4D7.js                                    44.54 kB │ gzip:   9.88 kB
dist/assets/warehouse-By7CBRCI.js                                        46.18 kB │ gzip:  10.74 kB
dist/assets/batches-Dfd0PBP2.js                                          46.41 kB │ gzip:   9.84 kB
dist/assets/dispatch-tenders-GdbXKlbz.js                                 47.24 kB │ gzip:  12.25 kB
dist/assets/dyeing-dNL7lZ7O.js                                           47.45 kB │ gzip:  10.18 kB
dist/assets/printing-IyvDSvxS.js                                         47.45 kB │ gzip:  10.18 kB
dist/assets/other-DmYfoyOI.js                                            47.46 kB │ gzip:  10.19 kB
dist/assets/settlement-linked-mock-factory-u0w98rnu.js                   47.63 kB │ gzip:  14.44 kB
dist/assets/sewing-CiGYJUZ9.js                                           48.47 kB │ gzip:  10.52 kB
dist/assets/progress-material-Briexdam.js                                48.72 kB │ gzip:   9.35 kB
dist/assets/material-inventory-CPw098p9.js                               48.95 kB │ gzip:  12.56 kB
dist/assets/pda-task-receive-B_Pq4CTm.js                                 49.14 kB │ gzip:  12.23 kB
dist/assets/supplier-confirmations-CiPLkw_I.js                           49.84 kB │ gzip:  12.86 kB
dist/assets/pda-cutting-execution-source-BMUVNqwF.js                     49.90 kB │ gzip:  13.49 kB
dist/assets/pda-onboarding-BgEryoN4.js                                   50.52 kB │ gzip:  10.77 kB
dist/assets/marker-plan-model-CFrO5LIP.js                                51.50 kB │ gzip:  14.70 kB
dist/assets/pda-handover-DqCc-trg.js                                     52.11 kB │ gzip:  13.86 kB
dist/assets/store-domain-progress-BabPwLam.js                            53.10 kB │ gzip:  11.77 kB
dist/assets/settlement-cutting-input-BT_-l-yG.js                         53.56 kB │ gzip:  11.03 kB
dist/assets/lace-factory-domain-CK--dX9N.js                              53.67 kB │ gzip:  13.39 kB
dist/assets/pcs-part-template-library-gYUfUX1I.js                        53.77 kB │ gzip:  11.06 kB
dist/assets/progress-urge-BtLjHH-y.js                                    56.35 kB │ gzip:  11.39 kB
dist/assets/pda-cutting-spreading-ZCBtQP7m.js                            56.56 kB │ gzip:  13.07 kB
dist/assets/warehouse-location-map-IgJlJH4t.js                           56.79 kB │ gzip:  16.84 kB
dist/assets/marker-plan-occupancy-aag0qNZr.js                            57.09 kB │ gzip:  16.02 kB
dist/assets/domain-snapshot-lafbMppH.js                                  59.32 kB │ gzip:  15.87 kB
dist/assets/cut-piece-release-GETECLNy.js                                60.06 kB │ gzip:  15.81 kB
dist/assets/pda-settlement-BpNh3r26.js                                   60.08 kB │ gzip:  13.66 kB
dist/assets/routes-fcs-DZKSsEhw.js                                       60.31 kB │ gzip:  12.62 kB
dist/assets/factory-profile-iXQbF6LG.js                                  61.11 kB │ gzip:  14.02 kB
dist/assets/pickup-management-list-DofWfiWG.js                           61.39 kB │ gzip:  17.10 kB
dist/assets/pcs-live-testing-CJBtqEbl.js                                 62.65 kB │ gzip:  15.76 kB
dist/assets/cutting-DFejtvkd.js                                          62.79 kB │ gzip:  12.94 kB
dist/assets/progress-handover-BiB13z0D.js                                63.78 kB │ gzip:  13.54 kB
dist/assets/production-object-overview-g0C4cse7.js                       64.69 kB │ gzip:  13.11 kB
dist/assets/pcs-video-testing-DPAb88-a.js                                64.82 kB │ gzip:  16.19 kB
dist/assets/production-object-overview-pvFay8Kg.js                       65.32 kB │ gzip:  15.34 kB
dist/assets/output-documents-Cn6EIxVp.js                                 65.92 kB │ gzip:  22.54 kB
dist/assets/pda-exec-CXfC37-3.js                                         66.88 kB │ gzip:  15.30 kB
dist/assets/pcs-sample-management-BrlqinWS.js                            67.47 kB │ gzip:  15.34 kB
dist/assets/core-DpE7yzxq.js                                             67.54 kB │ gzip:  12.55 kB
dist/assets/cutting-daily-production-report-D4_9tT7c.js                  68.05 kB │ gzip:  19.05 kB
dist/assets/pcs-channel-stores-BcR2_ICX.js                               69.22 kB │ gzip:  14.30 kB
dist/assets/context-DOVVKKDo.js                                          69.43 kB │ gzip:  21.33 kB
dist/assets/sewing-dispatch-rc0kZPPk.js                                  69.49 kB │ gzip:  18.07 kB
dist/assets/progress-exceptions-MoxGvdwd.js                              70.30 kB │ gzip:  13.27 kB
dist/assets/qc-records-u8Xd2xZ4.js                                       71.00 kB │ gzip:  15.94 kB
dist/assets/wait-handover-actions-Bx7GRUbH.js                            71.83 kB │ gzip:  18.16 kB
dist/assets/special-craft-fei-ticket-flow-Bd78KOBt.js                    72.43 kB │ gzip:  16.43 kB
dist/assets/transfer-bags-CSW1R6L4.js                                    72.79 kB │ gzip:  18.40 kB
dist/assets/factory-onboarding-DtaluXrR.js                               75.21 kB │ gzip:  12.66 kB
dist/assets/pda-handover-detail-BRjbh9VZ.js                              75.36 kB │ gzip:  18.43 kB
dist/assets/settlement-Xrbth_0m.js                                       75.54 kB │ gzip:  11.55 kB
dist/assets/dialogs-fXd94O0L.js                                          75.66 kB │ gzip:  18.69 kB
dist/assets/orders-domain-BXnlMoF5.js                                    76.23 kB │ gzip:  16.86 kB
dist/assets/pcs-independent-sampling-BlaC9dRl.js                         76.92 kB │ gzip:  19.56 kB
dist/assets/runtime-projections-zhxfxeoj.js                              78.01 kB │ gzip:  18.42 kB
dist/assets/transfer-bag-operations-Dc_fkz1U.js                          78.06 kB │ gzip:  19.27 kB
dist/assets/process-action-writeback-service-Jxfs30yP.js                 78.08 kB │ gzip:  17.83 kB
dist/assets/production-progress-Ccp7CKUO.js                              80.58 kB │ gzip:  20.32 kB
dist/assets/pda-warehouse-wait-process-BLpXiCn-.js                       87.24 kB │ gzip:  21.10 kB
dist/assets/events-BiidfSf_.js                                           90.02 kB │ gzip:  22.18 kB
dist/assets/factory-onboarding-flow-CVuDb2Qh.js                          90.59 kB │ gzip:  23.31 kB
dist/assets/dispatch-CGKRmFr2.js                                         91.34 kB │ gzip:  27.77 kB
dist/assets/cut-orders-5RwRlEd3.js                                       94.66 kB │ gzip:  24.39 kB
dist/assets/special-craft-task-orders-BoxoRrqM.js                        99.16 kB │ gzip:  26.80 kB
dist/assets/pcs-product-archives-DxN33-Cr.js                            106.20 kB │ gzip:  21.45 kB
dist/assets/index-D2r3pD4n.js                                           109.43 kB │ gzip:  39.84 kB
dist/assets/app-shared-CI7Lw1Ed.js                                      109.79 kB │ gzip:  26.87 kB
dist/assets/transfer-bag-return-model-Bquon8f8.js                       112.94 kB │ gzip:  26.62 kB
dist/assets/supplement-management-B7OouLhL.js                           113.22 kB │ gzip:  29.91 kB
dist/assets/unified-dispatch-workbench-C9P2PV3R.js                      117.95 kB │ gzip:  33.07 kB
dist/assets/statements-CFgtXOXg.js                                      119.48 kB │ gzip:  24.44 kB
dist/assets/events-DncAar8p.js                                          121.20 kB │ gzip:  31.26 kB
dist/assets/pcs-engineering-tasks-CAAzOO2P.js                           121.82 kB │ gzip:  27.76 kB
dist/assets/context-Cdk9E9ku.js                                         132.99 kB │ gzip:  34.39 kB
dist/assets/production-CKP9FpKy.js                                      133.88 kB │ gzip:  27.37 kB
dist/assets/process-domain-Dc-Ntu-G.js                                  138.94 kB │ gzip:  25.96 kB
dist/assets/generated-fei-tickets-BPrYORfu.js                           143.00 kB │ gzip:  36.15 kB
dist/assets/preparation-timing-p39Z-L3t.js                              145.93 kB │ gzip:  34.39 kB
dist/assets/marker-plan-XXMk4WeM.js                                     150.09 kB │ gzip:  35.39 kB
dist/assets/warehouse-hub-CuIuKaQr.js                                   152.71 kB │ gzip:  37.96 kB
dist/assets/marker-spreading-B5IKsJV8.js                                154.06 kB │ gzip:  37.71 kB
dist/assets/return-inbound-DSB8uhh1.js                                  183.42 kB │ gzip:  33.52 kB
dist/assets/fei-tickets-B6UN1XLZ.js                                     196.51 kB │ gzip:  43.85 kB
dist/assets/index--GzcKvNw.js                                           210.12 kB │ gzip:  66.49 kB
dist/assets/index-GDrCDaYJ.js                                           222.65 kB │ gzip:  52.13 kB
dist/assets/pcs-projects-BZ7tg-tk.js                                    232.17 kB │ gzip:  50.52 kB
dist/assets/pda-exec-detail-DxlYYfJO.js                                 233.98 kB │ gzip:  54.27 kB
dist/assets/print-preview-DLt0UyYB.js                                   257.70 kB │ gzip:  66.68 kB
dist/assets/production-timeliness-DhRfwS4s.js                           459.91 kB │ gzip: 115.02 kB
dist/assets/pda-_hhklh-R.js                                             511.79 kB │ gzip:  85.31 kB
dist/assets/production-source-shared-Bk3YLL-P.js                      2,918.65 kB │ gzip: 725.82 kB

(!) Some chunks are larger than 550 kB after minification. Consider:
- Using dynamic import() to code-split the application
- Use build.rollupOptions.output.manualChunks to improve chunking: https://rollupjs.org/configuration-options/#output-manualchunks
- Adjust chunk size limit for this warning via build.chunkSizeWarningLimit.
✓ built in 8.64s
