
> higoods-vanilla-clone@1.0.0 test:unit
> node --import tsx --test tests/unit/*.test.ts

✔ 浏览器存储封装保持读写删除语义 (0.766041ms)
✔ 浏览器存储不可用或抛错时保持静默降级 (0.185083ms)
(node:9040) ExperimentalWarning: localStorage is not available because --localstorage-file was not provided.
(Use `node --trace-warnings ...` to show where the warning was created)
✔ MIG-001/002/006: management entry and handlers belong to FCS; PFOS keeps execution (0.865208ms)
✔ MIG-003/007: prep and execution read the same early order identities, quantities and match status (4625.675584ms)
✔ MIG-004/009: migrated dialogs retain candidate fields, actual material image and task outputs (0.760708ms)
✔ MIG-011: management and execution use the same seven business display columns (8.513459ms)
✔ MIG-007: early dye/print creation and cancellation survive reload (4623.788ms)
✔ 解析带标签、小数和空格的长度数量 (0.931916ms)
✔ 解析卷数并对不合法文本返回 0 (0.2655ms)
✔ 证据文件标识把连续空白收口为单个连字符 (0.283875ms)
(node:9043) ExperimentalWarning: localStorage is not available because --localstorage-file was not provided.
(Use `node --trace-warnings ...` to show where the warning was created)
✔ 设计改款可成批生成染色和印花加工单，且完整投影来源与上下游 (2464.609833ms)
✔ 设计改款加工单生成幂等，重复请求不增加单据 (35.378958ms)
✔ 同一设计改款任务的不同颜色和 BOM 行分别生成加工单 (6.973625ms)
✔ 成批提交失败时染色与印花加工单一起回滚 (6.160833ms)
✔ 设计改款来源缺关键引用或来源未知时必须阻断 (0.2795ms)
(node:9044) ExperimentalWarning: localStorage is not available because --localstorage-file was not provided.
(Use `node --trace-warnings ...` to show where the warning was created)
✔ 设计改款加工单等待买手审核成果，绑定真实附件后才可安排，先染后印继续受前序交出约束 (906.474584ms)
✔ 专业成果没有真实附件时保持未绑定 (19.250583ms)
(node:9045) ExperimentalWarning: localStorage is not available because --localstorage-file was not provided.
(Use `node --trace-warnings ...` to show where the warning was created)
✔ 可打印不等于可建交出单，必须完成真实标签打印 (1.523042ms)
✔ 卷规格无效时不可建交出单，且不改变原可打印判定语义 (0.154208ms)
✔ 人工完成印花加工单不再自动填充操作人 (541.439541ms)
✔ 日报窗口含截止日7天，重点日均独立使用前6天 (0.461375ms)
✔ 未知采购不填0，未BOM不输出完整确定订单需求 (0.106959ms)
✔ 突变必须绝对量与比例同时达到阈值 (0.057209ms)
✔ 截止日突变示例与未完结日不判定 (0.053875ms)
✔ 共享商品按SPU去重而不按关联行累加销量 (0.086ms)
✔ 预选不产生确定用料；BOM需求保留物料归属 (0.123917ms)
✔ 同料BOM优先于预选，不重复关系及需量 (0.067042ms)
✔ 两个业务页具有独立容器、标准分页与证据边界 (22.371875ms)
✔ 未进入物料页面时 bridge 不加载业务；加载失败重试后首次渲染即已注册 (2.827166ms)
✔ click 分组顺序、短路、选择器范围保持原行为，重新注册替换旧处理器 (0.573958ms)
✔ 备料写入守卫读取实时角色与水位，阻断时不调用业务处理器 (0.319459ms)
✔ input/change/keyboard 原入口、筛选范围和 change 优先级完整保留 (0.282625ms)
✔ health groups are exhaustive and mutually exclusive in demo (0.775583ms)
✔ coverage and baseline use same inventory plus transit but distinct demand windows (0.0705ms)
✔ zero demand is unavailable rather than infinity and huge finite quotient stays finite (0.086584ms)
✔ date selects different consistent snapshot (0.085583ms)
✔ threshold changes alter classification without changing facts (0.061625ms)
✔ health view carries core P1 business sections and mock caveat (17.610208ms)
✔ AT16 rules do not substitute brand, size or packaging method (0.817083ms)
✔ AT24 equal priority conflict blocks resolution and identifies rules (0.701625ms)
✔ higher explicit priority resolves a lower priority overlap (0.113125ms)
✔ plans distinguish garments and parcels and add loss once (0.284708ms)
✔ AT18 white pendant stock only allocated once (0.099417ms)
✔ event duplicate and old revision do not add consumption; reprints are activity only (2.067834ms)
✔ conflicting same revision fails instead of silently choosing a payload (0.084875ms)
✔ AT17/19/20 panel states unresolved ASAYA, independent kit80 and unknown ribbon (0.27875ms)
✔ trigger distinct from target, existing supply produces explainable zero (1.278875ms)
✔ missing mapping or usage and incompatible raw unit block unsafe generation (0.362792ms)
✔ generation reserves remaining once and shared raw pool across target rules (1.30825ms)
✔ production does not increase stock; actual SKU and output bound partial receipts (0.294417ms)
✔ cancelled suggestion releases commitment and raw allocation (0.133667ms)
✔ AT05 committed greige is not available for a second allocation (1.117541ms)
✔ AT06 partial receipt reduces expected supply; checking and qualified never duplicate (0.6575ms)
✔ AT07 unmapped target preserves quantities but gives no target coverage (0.181791ms)
✔ §7.2 loss reduces future supply; rejected receipts never become usable (0.120375ms)
✔ §7.3 unit/yield/route and conservation gaps block deterministic supply (0.301833ms)
✔ §7.3 candidate comparison reports remaining shortage and respects arrival deadline (0.504958ms)
✔ §7.3 zero gap stays zero and nonfinite inputs cannot produce advice (0.166375ms)
✔ panel uses owned local handlers and discloses mock and missing images (1.767834ms)
✔ P2 coefficients and coverage exclude transit (11.635666ms)
✔ P2 coverage buckets have exclusive shared boundaries (1.034625ms)
✔ P2 partial receipts and completed batches count remaining only (0.214375ms)
✔ P2 latest overdue selected only if no future batch; today included (0.143416ms)
✔ P2 search transit and ETA filters compose (0.283833ms)
✔ P2 zero demand and missing BOM preserve distinct nulls; micro demand excluded (0.145ms)
✔ P2 standard table renders and limits initial rows to first page (10.603875ms)
✔ AT01/02 internal reservation stays in coverage while external reservation is deducted (12.510917ms)
✔ AT03 quality segments are not usable (0.775416ms)
✔ AT04 partial receipt leaves remaining supply only (0.658958ms)
✔ AT08/38 late supply never erases earlier shortage (0.418041ms)
✔ AT09 intermediate deficit determines net need rather than positive closing balance (0.343125ms)
✔ AT10 MOQ and pack rounding, zero stays zero (0.154667ms)
✔ AT11 horizon begins at cutoff and is not expanded by lead time (0.207458ms)
✔ AT12 forecast covered by confirmed demand is excluded before coefficient (0.148542ms)
✔ AT13 no demand has no numeric coverage (0.110416ms)
✔ AT14 cancelling demand does not change stock (0.147709ms)
✔ AT15 latest event revision only (0.408834ms)
✔ AT16/17 directory preserves bag sizes and ASAYA duplicated input is one unresolved SKU (0.096667ms)
✔ AT18 three brands draw from one shared pool (0.112917ms)
✔ AT19/20 kit capacity respects minimum and missing conversion (0.0575ms)
✔ AT21 inactive/unusable stock remains physically visible (0.10725ms)
✔ AT23 affected order identifiers are unique (0.088791ms)
✔ AT25/26 draft does not mutate active and invalidates trial (0.062208ms)
✔ AT26/28 publish requires role and exact trial; history retained (0.180125ms)
✔ AT31 risk cannot close with remaining shortage or skip verification (0.167917ms)
✔ AT37 invalid dates, unknown timezone, bad numeric values rejected (0.082625ms)
✔ duplicate supply chain does not double count and blocks deterministic advice (0.080541ms)
✔ warehouse catalogue includes 17 locations and two garment warehouses (0.034792ms)
✔ candidate comparison retains pre-arrival risk (0.271584ms)
✔ SKU-specific policy wins and duplicate rules block publish (0.1195ms)
✔ 路由标准化移除 query 与 hash，但不改动路径 (0.347417ms)
✔ 只匹配路由根或其子路径，不误匹配相似前缀 (0.099875ms)
✔ 可在多个合法根路径中匹配一个 (0.065375ms)
✔ 只把完整生产确认单打印路由识别为命中 (0.093792ms)
✔ 物流商新增字段保存回显并写入操作日志 (4.679916ms)
✔ 物流商数字字段非负校验与运输方式枚举校验 (0.28125ms)
✔ 渠道新增字段保存回显，条件计费字段按计费方式保留 (0.378375ms)
✔ 整柜渠道不要求新增计费字段，仍要求四箱型完整配置 (0.142291ms)
✔ 渠道数字字段非负与时效区间校验 (0.109833ms)
✔ 头程批次聚合展示总箱数、总重量、总体积与转运天数 (0.471042ms)
✔ 工序链按保存顺序生效，合法工序集合固定，非法或重复工序被拒 (3.97125ms)
✔ 坯布 SKU 必填，坯布库存为 0 时调拨资格被拒，补足后恢复 (0.365208ms)
✔ 采购单按勾选 SKU 生成明细，数量与枚举非法被拒 (0.1505ms)
✔ 调拨单可选择调出仓库与调入目标，同步生成加工单号链 (0.191917ms)
✔ 批量刷新库存更新全部监控行与刷新时间并写日志 (0.182ms)
✔ 手动添加监控 SKU 校验 SKU 必填与重复，添加后进入列表 (0.234625ms)
✔ 物料申报扩展字段保存回显，26 项特殊属性按数组保存 (2.264416ms)
✔ 报关扩展：法定第二计量单位与数值，不报关分支跳过必填校验 (0.162792ms)
✔ BOM 业务选项与价格/成本、工厂、布料字段保存回显 (0.608ms)
✔ 主体经营 9 项成本明细加调整重算总成本，数据缺失提醒可消除 (0.302166ms)
✔ 供应商从草稿到启用遵循状态机，名称唯一 (3.358208ms)
✔ 供货档案包装换算与快照版本 (0.423458ms)
✔ 物料全部有真实图片，采购补充信息可更新且不新增删除 (0.616ms)
✔ 成衣与样衣 SKU 只读列表数据完整 (0.138583ms)
✔ 仓库同步更新时间，单位字典唯一且不可删除只可启停 (0.571625ms)
✔ BOM 用量可修改，说明可保存，发布后可生成面辅料需求 (2.144167ms)
✔ 面辅料需求种子就绪且可按物料行下推采购单 (3.870125ms)
✔ 快递信息导入校验采购单存在、单号唯一、日期与数量合法 (0.828167ms)
✔ 国内签收、加入头程、状态推进与到仓自动签收 (1.935958ms)
✔ 供应商确认单需标签齐备，确认后回写采购单 (1.125791ms)
✔ 整柜渠道必须完整配置四个箱型，物流商可启停 (0.532583ms)
✔ 面辅料采购单可带原因关闭，关闭后不能再登记到货 (0.292334ms)
✔ 库存监控触发线与建议量公式，规则异常阻断建单 (2.221542ms)
✔ 建单数量不得超过建议量，调拨与采购资格分别阻断 (0.331584ms)
✔ 中转看板指标、分布与筛选跳转规则 (0.534416ms)
✔ 生产单校验与配料任务只读数据完整，系统设置结果为 8/6/10 (0.162791ms)
✔ 种子采购单按 SRM 生成器规律补齐单据级与明细级字段 (0.698167ms)
✔ 新建做货采购单保存采购专员、加急、首单、区域与明细字段并可回显 (1.27175ms)
✔ 未传新增字段时沿用默认值并保持既有命令兼容 (0.238709ms)
✔ 采购专员必填、做货必须选区域、重量非负均抛出中文 PmsDomainError (0.549125ms)
✔ 编辑采购单保存新增字段并回显，非法输入被阻断 (0.514417ms)
✔ BOM 状态与 bomMatched 一致，未发布 BOM 的做货明细为未匹配 (0.354458ms)
✔ 行采购金额使用 roundPmsQty 且汇总等于逐行金额之和 (0.260917ms)
✔ 采购建议按缺口公式与折扣计算，并计入有效 KOL 申请 (0.690375ms)
✔ KOL 草稿与已驳回不计入建议缺口 (0.086667ms)
✔ 建议转采购单后写回已转数量与部分生成状态 (2.071917ms)
✔ 面辅料需求按 BOM 用量与损耗扣减库存和采购中 (4.352417ms)
✔ 重复生成、草稿采购单与非做货采购单均被阻断 (0.168958ms)
✔ KOL 单条超量需要二次确认，超过申请量直接阻断 (0.282792ms)
✔ 驳回 KOL 需求后不再计入建议缺口 (0.113625ms)
✔ 关闭采购单必须填写原因且已关闭不可重复关闭 (0.144167ms)
✔ 主体经营明细总成本、毛利与毛利率公式 (3.209917ms)
✔ 面辅料对账：预计/实际双层公式，费用项与差异双重门禁 (2.234917ms)
✔ 面辅料费用项部分确认、批量确认与编辑失效 (0.478416ms)
✔ 请款草稿跨页创建、请款与付款上限、编辑范围 (0.573ms)
✔ 物流实际费用 12 列导入校验、不自动确认与确认后锁定 (0.416833ms)
✔ 请款单作废释放来源对账，已有付款不能作废 (0.198041ms)
✔ 供应商账单 9 列导入覆盖实际层且不自动确认 (0.25175ms)
✔ 金额大写按 RMB 规则输出并覆盖跨节零 (0.123875ms)
✔ 生成卷号按前缀、每卷米数、重量与起始序号生成并写入包装明细 (6.12875ms)
✔ 生成卷号时尾卷承载剩余数量，卷数按采购数量与每卷米数自动取整 (1.038958ms)
✔ 非法卷号参数被拒绝并抛出中文域错误 (1.415333ms)
✔ 生成标签后二维码内容包含卷号与箱规，参与打印 (0.904541ms)
✔ 箱规新增自动计算体积，重复箱号与非法尺寸被拒，删除后计数正确 (0.535458ms)
✔ 包装明细可新增与删除，非法输入被拒且删除后计数正确 (0.855041ms)
✔ 被包装明细引用的箱规不能删除 (0.647916ms)
✔ 供应商枚举与 SRM 完全一致，旧枚举不再出现 (0.682667ms)
✔ 种子字段满足 SRM 枚举且协同指标为数字 (0.126375ms)
✔ 新增字段保存并回显，成功命令写入操作日志 (2.108459ms)
✔ 编辑保存新增字段并保持状态机与事件名不变 (0.404875ms)
✔ 非法或缺失输入抛 PmsDomainError 且不写入数据 (1.258875ms)
✔ 详情与列表展示新增字段、SRM 枚举与协同指标 (16.183791ms)
(node:9078) ExperimentalWarning: localStorage is not available because --localstorage-file was not provided.
(Use `node --trace-warnings ...` to show where the warning was created)
✔ RETURN-010: only the acceptance week Sunday is skipped, for every starting weekday (0.58575ms)
✔ RETURN-004—010: both projections share counting dates and ceil targets (0.294584ms)
(node:9079) ExperimentalWarning: localStorage is not available because --localstorage-file was not provided.
(Use `node --trace-warnings ...` to show where the warning was created)
✔ 实际耗时跨周日仍按真实时间差；没有可靠时间不造耗时 (0.483375ms)
✔ 每任务都达成才结束；同一来源去重，作废明细不影响主表 (0.150084ms)
✔ 耗时页 Mock 至少覆盖九张生产单和全部节点，且下游事实不会越过未完成的前置节点 (949.492ms)
✔ 裁片放行按一张放行单内的多次放行展示并选取节点起止时间 (42.827208ms)
(node:9080) ExperimentalWarning: localStorage is not available because --localstorage-file was not provided.
(Use `node --trace-warnings ...` to show where the warning was created)
✔ EXC-001—004: a reference mark cannot change debt, strict kits or final task responsibility (2.33325ms)
(node:9081) ExperimentalWarning: localStorage is not available because --localstorage-file was not provided.
(Use `node --trace-warnings ...` to show where the warning was created)
✔ 派单新增主档工厂可登记承接关系，未知工厂仍阻断 (1.422584ms)
✔ 专属任务保留整单身份、数量和接收方，工艺分支保留全部前置关系 (1.433ms)
✔ 原生产单车缝任务仍可被 PPIC 分配与责任移交识别，SKU 总量完整 (5.177708ms)
(node:9082) ExperimentalWarning: localStorage is not available because --localstorage-file was not provided.
(Use `node --trace-warnings ...` to show where the warning was created)
✔ VERIFY-003: dispatch reads keep all documents and independent copies without projecting unrelated business views (555.276875ms)
(node:9088) ExperimentalWarning: localStorage is not available because --localstorage-file was not provided.
(Use `node --trace-warnings ...` to show where the warning was created)
✔ PERF-002/004: scoped receiving reads preserve direct receipts and allocations, without exposing mutable facts (10.9495ms)
✔ PERF-002/004: a synchronous relation read matches independent reads and releases its scope after errors (881.108709ms)
✔ PERF-004: batched print list reviews and handovers equal independently read facts (313.57825ms)
✔ PERF-004: scoped handovers keep canonical sorting and task point reads preserve identity (5.869708ms)
✔ PERF-004: reusing warehouse documents preserves each dye order source, quantity and receiver (170.506292ms)
(node:9092) ExperimentalWarning: localStorage is not available because --localstorage-file was not provided.
(Use `node --trace-warnings ...` to show where the warning was created)
✔ craft source selection preserves all previous source choices and isolated snapshots (15.081791ms)
✔ source eligibility is re-evaluated after a source order changes (0.114625ms)
(node:9109) ExperimentalWarning: localStorage is not available because --localstorage-file was not provided.
(Use `node --trace-warnings ...` to show where the warning was created)
✔ 验收数据至少包含 5 张染色和 5 张印花提前加工单，并覆盖全部匹配状态 (1822.821584ms)
✔ 印花专业成果把多张图片和多个文件统一保存在同一附件集合 (0.124959ms)
✔ 同一生产需求可手动选择具体专业任务，创建结果保存所选任务与全部成果附件 (116.730916ms)
✔ 创建提前加工单必须选择所属专业任务并明确加工厂 (0.500042ms)
✔ 计划加工数量包含损耗率，且染色印花投入与产出 SKU 必须不同 (0.125708ms)
✔ 专业成果未审核通过时不可创建提前加工单 (0.107834ms)
✔ 多个生产需求合并为一张生产单时，可匹配多张提前染色加工单 (53.792792ms)
✔ 等待技术包的提前单在技术包就绪后可由同一匹配服务自动重试 (17.188833ms)
✔ 合并生产单中只有部分需求有提前单时，只为未覆盖需求补建剩余数量 (96.232458ms)
✔ 已有提前单但正式 BOM 或 SKU 不一致时进入异常，且不重复补建同一工艺单 (88.531584ms)
✔ 取消后重建保留旧单，并建立双向替代关系 (25.374583ms)
✔ 没有提前加工单的需求仍保留正式加工单快照 (6.687375ms)
✔ BOM uses formally reduced quantity and leaves unsupported conversion unknown (0.689959ms)
✔ reuse retains one shared source instance and adds no duplicate processing duration (0.225583ms)
✔ a new rework/recheck round extends the dependency path two days and conserves qualified pieces (0.079417ms)
✔ date-only source is not coerced to a precise instant or exact deadline (0.083583ms)
✔ known order shipment can be timed without crediting an unknown production source (0.069625ms)
✔ waiting for actual fulfillment can be overall late while factory completion stays on time (0.060917ms)
✔ all six named cards render directly checkable evidence without changing production task facts (2.738583ms)
✔ all ten tasks have independent drill-down networks and one frozen aggregate snapshot (2.938833ms)
✔ 31-item dependency recursion proves 24 natural days and shows the actual sum/max formula (0.72375ms)
✔ improving procurement by ten days only improves whole-task timing by one day (0.156083ms)
✔ network rejects circular/missing dependencies and unknown is never zero time (0.238708ms)
✔ each complete standard mock network and live forecast agrees with the task summary (2.227292ms)
✔ quantity forecast finds a one-day risk before any actual deadline is missed (0.396084ms)
✔ all-natural-day clock includes Sundays, preserves timezones, equality is on time and one second is late (0.102584ms)
✔ already-overdue outranks forecast missing; historical completion stops the clock (0.092792ms)
✔ upstream two-day delay and local catch-up pressure are distinct from current-team fault (0.081042ms)
✔ manual forecast is local, propagates both earlier and later dates, and never relaxes baseline (0.729708ms)
✔ saving a manual forecast refreshes all affected node labels without pretending capacity was increased (0.618875ms)
✔ zero capacity and stale progress never forecast zero remaining duration (0.137375ms)
✔ stock and purchase coverage do not imply factory readiness or a new purchase gap (0.140666ms)
✔ stock-only task still has transfer; purchased material must move beyond warehouse entry (0.056916ms)
✔ batch schedule conserves shared capacity and 90 percent occurs at a real batch event (0.147625ms)
✔ customer cancellation without production allocation does not reduce any task (0.127292ms)
✔ excess shipment of one SKU cannot hide shortage of another (0.078167ms)
✔ duplicate, out-of-order and corrected quantity events conserve the effective sum (0.095041ms)
✔ shared work is counted once while merged source tasks preserve independent T0 and deadlines (0.10375ms)
✔ orders enter analysis only from actual shipment and have their own clock (0.151459ms)
✔ region and supply mode select rules together, unpublished candidate rules never apply (0.152375ms)
✔ filters share exact aggregate scope and date windows are left-closed right-open (0.366834ms)
✔ Chinese UI defaults and all scope options filter the intended task population (1.138ms)
✔ Chinese risk shortcut agrees with risk KPI and does not accidentally select completed or overdue tasks (0.362833ms)
✔ Chinese date-field labels use due date, start date and predicted completion respectively (0.190791ms)
✔ team and stage filters match applicable work nodes rather than only current task responsibility (0.1075ms)
✔ V3 team and factory must match the same node and empty all-scope still keeps a task (0.050875ms)
✔ V3 unknown shipment has no percentage and completed work without deadline is not on time (0.036958ms)
✔ 恢复预测保留不同工作和日期的顺序，只合并连续相同计算且不改写历史 (1.795291ms)
✔ 同一调拨动作按国家和供给方式命中不同预算，候选规则不参与匹配 (1.282084ms)
✔ 同优先级重叠命中必须冲突，明确更高优先级例外才可覆盖 (0.834334ms)
✔ 数量档边界不得跨档或用默认预算掩盖无规则 (0.1685ms)
✔ 子项七天而组上限五天阻断，网络不被截短也不在组外重复加预算 (0.290042ms)
✔ 并行分支取最大值，循环和缺失前置不得算成零天 (0.215667ms)
✔ 工厂实收映射须有明细与物流批次，入库不冒充到厂，重复事件不累加 (0.170792ms)
✔ 投入产出、单位或质量门槛不合规，不能放行下游 (0.089458ms)
✔ 新版本仅记录显式重算范围，不能顺延旧基线或考核截止 (0.424667ms)
✔ 默认演示配置没有阻断，会议候选必须以提示保留 (0.093708ms)
✔ 选定在途W19规则从1改3，本地路线24改26而原始/生效截止与实际事实不变 (4.405ms)
✔ 在途发布同层冲突、缺规则、缺映射或事件边界变化都不生成覆盖 (0.458167ms)
✔ 发布覆盖可从初始快照恢复且重复应用幂等，未选任务不受影响 (1.959458ms)
✔ 未完成调拨预算增加后，预测沿下游传播；已完成上游事实仍原样 (0.774875ms)
(node:9114) ExperimentalWarning: localStorage is not available because --localstorage-file was not provided.
(Use `node --trace-warnings ...` to show where the warning was created)
✔ 首次来源读取只创建当前存在的缺口，历史从本次观察开始 (1.023417ms)
✔ 事项键由任务、工作与类型生成，中文说明变化不新增事项 (0.327917ms)
✔ 缺款图形成独立事项，增加地址不等于款色对应核验通过 (0.254125ms)
✔ 登记责任期限不修改事实或关闭事项，只有后续来源读取确认恢复 (0.636416ms)
✔ 同一恢复事实重复核对不制造历史，缺口复现重新打开且保留期限 (0.270791ms)
✔ 任务或工作未返回、数量已知性字段消失均不是恢复证据 (0.269709ms)
✔ 来源身份变更不能在同一次读取中把旧缺口标为恢复 (0.203584ms)
✔ 未结构化来源审核项不因文字消失自动关闭 (0.196375ms)
✔ 本地持久化保留独立事项、责任、期限和恢复历史 (1.123834ms)
✔ 本地损坏记录不伪造历史、不覆盖旧内容、不允许假保存 (0.67875ms)
✔ 责任、期限、调整原因必填；存储失败给出未保存结果 (0.228ms)
✔ 数据待补按事项分页和筛选，提供独立登记及来源刷新入口 (1.925375ms)
✔ 事项按自身负责人和修复期限筛选，不借任务跟单替代 (0.214209ms)
✔ 空在途范围不展示历史演示日期压力图 (2.160459ms)
✔ 未知预算仍保留串并行和汇合箭头，位置不依赖日期 (6.767208ms)
✔ 下游未开工且前置未完的逾期归为等待；根卡点标出具体工作和全部后继 (0.933833ms)
✔ 取消和已完成不是当前卡点，数据缺口不当执行逾期 (0.525166ms)
✔ 已开工工作即使前置未完，也保留其来源责任逾期并提示核对 (0.44075ms)
✔ 卡点范围仍显示上游参照及所有受影响后继，不显示无关支路 (0.927458ms)
✔ 单据摘要默认展开来源核心字段，不只展示时效 (0.709167ms)
✔ 需求摘要指向已存在的需求列表，入口不冒称独立详情 (0.424333ms)
✔ 缺少单据不得生成虚构摘要或默认完成数 (0.342667ms)
✔ 已实收的有效结束满足前置，取消前置不会被视为供给完成 (0.578417ms)
✔ 质检不合格仍是放行卡点，不因检验时间存在变为可放行 (0.4855ms)
✔ 来源已有不合格检验结果但缺建立时间时，不因前置未完而隐藏本项卡点 (0.8335ms)
✔ 作废且不计时不等于前置已完成；来源已阻断是明确卡点 (2.660166ms)
✔ 已知工作预算齐备但范围未确认时，公式页不得称作全程标准 (1.830708ms)
✔ 暂停或受阻工作不因遗留结束时间而放行下游 (0.794833ms)
✔ 生产准备初始化按编号读取定义与完整目录逐值一致，保留不存在时的契约 (3.453708ms)
✔ 单定义读取的可编辑数组保持隔离，不污染其他任务读取 (0.655292ms)
▶ execution source relations retain full facts without unrelated cold initialization
  ✔ cold read resolves real runtime scope and leaves print/dye execution ledgers untouched (160.737125ms)
  ✔ scoped cold result equals original complete enumeration after the same actual ID resolution (1570.36825ms)
  ✔ production with print/dye uses all existing preparation facts and keeps unknown IDs unknown (56.093917ms)
  ✔ live explicit cross-order reference and cancellation facts survive scoped reading (23.041917ms)
  ✔ real persisted cancellation restores through the original validated path in a new process (977.371292ms)
  ✔ QC reads real fact quantities and renders explicit missing artwork without placeholder network dependency (125.509666ms)
✔ execution source relations retain full facts without unrelated cold initialization (3316.852667ms)
(node:9118) ExperimentalWarning: localStorage is not available because --localstorage-file was not provided.
(Use `node --trace-warnings ...` to show where the warning was created)
✔ production source time uses explicit Shanghai time and rejects date-only completion (0.624292ms)
✔ DDS tasks use demand identity and do not invent preparation, budgets, shipment quantities or orders (1.832166ms)
✔ source bindings require existing same-style preparation and published technical version (0.319542ms)
✔ reuse preserves its source/version and does not add past preparation duration (0.3195ms)
✔ explicit unneeded work is excluded but unconfirmed missing work remains a decision, never zero-day completion (0.228ms)
✔ explicit dependencies preserve parallel entries and repeated processes instead of serial sorting (0.572417ms)
✔ missing explicit predecessors do not become confirmed parallel roots (0.219625ms)
✔ missing predecessor and material SKU discontinuity block route certainty without fabricated edges (0.265291ms)
✔ cyclic source dependency stays a blocking issue and source objects remain unchanged (0.239416ms)
✔ read snapshot uses all current demand records without private Mock tasks or automatic same-style preparations (37.875417ms)
✔ continuous material SKU edges stay confirmed while an unconfirmed route remains pending (0.205458ms)
✔ unverified reuse does not fabricate a completed zero-day result (0.132334ms)
✔ binding writes only the DDS association key and is reflected by the next read (31.238917ms)
✔ execution source uses exact production-order identity, assigned factory and responsibility deadline (0.279333ms)
✔ only a unique exact technical entry binds execution to route; same-name and split executions stay independent (0.285875ms)
✔ preparation-only source cycles are blocked without depending on a technical pack branch (0.171375ms)
✔ source time and manual forecast stay separate from frozen rule examples and missing SLA (1.967709ms)
✔ cancelled execution is not a late blocker and unfinished status cannot borrow a stale completion timestamp (0.70725ms)
✔ document summaries are factual, compact strings; decisions without a document stay unbound (0.321708ms)
✔ formal preparation output connects the exact confirmation, route entry and production version (0.726959ms)
✔ technical object identity and its material photo are retained without using the style photo (0.374083ms)
✔ material transfer has serial dispatch, transport and receipt with separate responsibility and source identity (5.872ms)
✔ approval, sent quantities and delivery-note registration cannot prove physical handout or logistics delivery (0.7375ms)
✔ actual handout starts transportation but factory receipt never backfills logistics delivery or reception start (0.653041ms)
✔ receipt quantities require the same source line, target factory and unit; mixed units never close reception (0.682417ms)
✔ voided transfers keep evidence but no effective supply or transport completion (0.519917ms)
✔ a document handout timestamp does not complete unshipped or partially shipped source lines (0.3235ms)
✔ only preparation-bound purchase documents are included, and purchase completion never invents warehouse arrival (6.449208ms)
✔ quality is scoped to its recorded sample and does not establish shipment orders or whole-order completion (0.838041ms)
✔ current source snapshot exposes matching handover, quality and transfer documents, not generic placeholders alone (3.982042ms)
✔ only a real same-version production order becomes a root execution predecessor (0.359916ms)
✔ task lead blocker matches dependency analysis instead of blaming an unstarted downstream deadline (0.113584ms)
✔ failed inspection exposes the concrete unqualified quantity as blocker reason (0.118375ms)
✔ category sample images never stand in for a source style; a dedicated source image is retained (0.147375ms)
(node:9119) ExperimentalWarning: localStorage is not available because --localstorage-file was not provided.
(Use `node --trace-warnings ...` to show where the warning was created)
✔ 当前非 Mock 需求可保存显式工作映射，序列化后可恢复且不改来源事实 (73.254916ms)
✔ 未保存映射、规则空天数、事件范围变化与同级冲突分别给出真实阻断 (4.053709ms)
✔ 同一工作不得存两份口径，来源身份变化或未知数量不允许保存 (3.762084ms)
✔ 工作单位不换算、通配值不充当事实、里程碑不重复加预算 (3.819667ms)
✔ 来源任务发布单项预算后保持整体待定，刷新覆盖和已有截止均保留 (5.580375ms)
✔ 缺准备或实发范围时即使要求首次建基线也阻断，并且不写覆盖 (4.83875ms)
✔ 已确认的未来发货工作尚无实发事实也可建 T0+最长路径基线，缺进度只影响预测 (1.037291ms)
✔ 已发布后来源工作身份变化，不把旧映射预算套到新单据 (3.54925ms)
✔ 配置页面保存映射到本地，空天数发布被阻断，填写预算后实际发布当前来源任务 (20.0595ms)
✔ 查生产入口只在合法系统路由显示，并在打印与 PDA 路由隐藏 (0.634ms)
✔ 相似前缀和相似打印段不会被当成合法路由 (0.06725ms)
(node:9123) ExperimentalWarning: localStorage is not available because --localstorage-file was not provided.
(Use `node --trace-warnings ...` to show where the warning was created)
✔ PERF-001: runtime snapshot and all nine subsets preserve every production order value and caller isolation (18.924666ms)
✔ PERF-001: a subset read does not traverse or clone unrelated snapshot sections (0.197542ms)
✔ PERF-001: paper pattern binding strips and nested craft arrays remain isolated after mutation (0.290583ms)
✔ PERF-001: replacing or updating the bound snapshot is visible immediately without a stale cache (0.195792ms)
✔ PERF-001: missing production order keeps null and empty-list contracts (0.077375ms)
(node:9124) ExperimentalWarning: localStorage is not available because --localstorage-file was not provided.
(Use `node --trace-warnings ...` to show where the warning was created)
✔ VERIFY-003: scoped reads preserve pending/voided sources and defensive copies (13.13925ms)
✔ VERIFY-003: metadata lookup reflects registry changes and returns independent locations (14.481125ms)
✔ 并发调用复用同一个模块加载 Promise，成功后继续复用结果 (0.628792ms)
✔ 模块加载失败后清空缓存，下一次调用可以重试 (0.233209ms)
✔ 独立打印外壳只命中完整生产确认单打印路由 (0.455209ms)
✔ 既有固定打印路由仍使用独立打印外壳 (0.088541ms)
✔ 三个中央工厂在组织目录与执行工厂中身份一致且仅出现一次 (0.861667ms)
✔ 花边角色与采购映射归属TMF但供应方仍保留独立身份 (0.188416ms)
✔ 橡筋定长切割仍归SPF，不成为TMF织带截断任务 (0.176125ms)
✔ 旧浏览器组织记录迁移后不与权威TMF并存且保留已有联系人 (5.032791ms)
(node:9129) ExperimentalWarning: localStorage is not available because --localstorage-file was not provided.
(Use `node --trace-warnings ...` to show where the warning was created)
✔ N01～N05：通过现有 PMS 入口下达，每条采购链从零执行到仓库实收；交出不提前增加库存 (6.253333ms)
✔ B01/B03：短收保留在途和采购缺口；重复扫描、生成和刷新不双记 (1.739583ms)
✔ B02/B04：多收、错 SKU、错仓和无权限动作不改变任意下游数量；恢复后正常收齐 (2.605791ms)
✔ B23/B24：未开始跟随采购版本，已执行保留原计划和实物、挂出变更待处理 (2.556833ms)
✔ B21：保存失败不报成功、不留部分库存；成功后刷新读取同一采购和收货事实 (0.887917ms)
✔ 采购起点→两种规格需求→占用→发料→工厂实收：占用不扣实存，发出不冒充已收，采购实收不重复增加 (4.619583ms)
✔ B09：其他需求占用400米时不能再占650；释放50后恢复，错误发料不改变库存 (5.998792ms)
✔ 需求来源：同尺码不同成衣SKU分别保留，BOM适用范围生效，错误快照和重复工序阻断 (1.937917ms)
✔ 待打头条料不计合格产出；超公差实物记不良且照实扣下料当量，未实收不可截断 (4.389958ms)
(node:9130) ExperimentalWarning: localStorage is not available because --localstorage-file was not provided.
(Use `node --trace-warnings ...` to show where the warning was created)
✔ N01：400 条 50CM 和 600 条 70CM 分行计算，共 620 米；未增加 SKU (1.145ms)
✔ 缺少尺码数量、非整数条数、公差或测量条件时不猜测需求 (0.308958ms)
✔ B07：未选择打头、缺少端头方式或辅材不能确认；支持两端不同端头 (0.19925ms)
✔ N04/B08：硅胶按重量且必须有覆盖长度，不作为独立金属头计数 (0.094584ms)
✔ B18：打头只能承接对应截断条料，不能换 SKU、换长度或重新领连续料 (0.234208ms)
✔ N05：规格相同可以合并，但尺码、用途和需求身份不靠物理规格键代替 (0.085167ms)
✔ B14：修改后续版本端头要求不能污染生产单历史快照 (0.463208ms)
ℹ tests 354
ℹ suites 0
ℹ pass 354
ℹ fail 0
ℹ cancelled 0
ℹ skipped 0
ℹ todo 0
ℹ duration_ms 6674.522417
