{"scenario":"N02","scope":"业务动作完整链；不含PCS发布采用页面、纱线投入及辅材采购上游","purchaseReceived":1300,"productionReceived":1000,"warehouseContinuousM":30,"netCutM":1260,"lossM":10,"headUnit":"个","headReceived":2020,"headRemaining":15}
{"scenario":"N03","scope":"业务动作完整链；不含PCS发布采用页面、纱线投入及辅材采购上游","purchaseReceived":60,"productionReceived":100,"warehouseContinuousM":9,"netCutM":50,"lossM":1,"headUnit":"个","headReceived":202,"headRemaining":1}
{"scenario":"N04","scope":"业务动作完整链；不含PCS发布采用页面、纱线投入及辅材采购上游","purchaseReceived":100,"productionReceived":50,"warehouseContinuousM":34,"netCutM":65,"lossM":1,"headUnit":"kg","headReceived":0.2,"headRemaining":0.04}
(node:27765) ExperimentalWarning: localStorage is not available because --localstorage-file was not provided.
(Use `node --trace-warnings ...` to show where the warning was created)
✔ N01～N05：通过现有 PMS 入口下达，每条采购链从零执行到仓库实收；交出不提前增加库存 (5.503166ms)
✔ B01/B03：短收保留在途和采购缺口；重复扫描、生成和刷新不双记 (1.565166ms)
✔ B02/B04：多收、错 SKU、错仓和无权限动作不改变任意下游数量；恢复后正常收齐 (2.387334ms)
✔ B23/B24：未开始跟随采购版本，已执行保留原计划和实物、挂出变更待处理 (3.095792ms)
✔ B21：保存失败不报成功、不留部分库存；成功后刷新读取同一采购和收货事实 (0.806291ms)
✔ 采购→两种规格截断→拆包回仓→分配发料→生产实收：短收保留缺口，库存及采购不双记 (15.253708ms)
✔ B09：其他需求占用400米时不能再占650；释放50后恢复，错误发料不改变库存 (4.236375ms)
✔ 需求来源：同尺码不同成衣SKU分别保留，BOM适用范围生效，错误快照和重复工序阻断 (0.643208ms)
✔ 待打头条料不计合格产出；超公差实物记不良且照实扣下料当量，未实收不可截断 (14.430708ms)
✔ N04：采购100米→单端硅胶按kg实耗→回仓发料→生产实收50根，连续料剩34米 (16.529875ms)
✔ B15：截断后取消保留1000根在制和1260米当量，释放未发占用并只退连续余料 (15.353ms)
✔ 已回仓部分发料后取消：释放未发分配，冻结实存，已发在途保留且实收不恢复需求 (11.063459ms)
✔ N02规范数值：采购→实际加工→生产实收及米料/辅材退仓整链 (41.778042ms)
✔ N03规范数值：采购→实际加工→生产实收及米料/辅材退仓整链 (27.91475ms)
✔ N04规范数值：采购→实际加工→生产实收及米料/辅材退仓整链 (31.263792ms)
ℹ tests 15
ℹ suites 0
ℹ pass 15
ℹ fail 0
ℹ cancelled 0
ℹ skipped 0
ℹ todo 0
ℹ duration_ms 381.581208
