
> higoods-vanilla-clone@1.0.0 build
> npm run typecheck:engineering && npm test && vite build


> higoods-vanilla-clone@1.0.0 typecheck:engineering
> npm run typecheck:entrypoints && npm run typecheck:scopes


> higoods-vanilla-clone@1.0.0 typecheck:entrypoints
> tsc --project tsconfig.engineering.json


> higoods-vanilla-clone@1.0.0 typecheck:scopes
> node scripts/check-typescript-scope.mjs src/domain/ src/components/ui/ src/state/

TypeScript 全量既有错误：61
本次渐进检查范围：src/domain/、src/components/ui/、src/state/
范围内错误：0
范围外既有错误保留在全量 typecheck 中继续分批治理。

> higoods-vanilla-clone@1.0.0 test
> npm run test:unit


> higoods-vanilla-clone@1.0.0 test:unit
> node --import tsx --test tests/unit/*.test.ts

✔ 浏览器存储封装保持读写删除语义 (0.685833ms)
✔ 浏览器存储不可用或抛错时保持静默降级 (0.090209ms)
(node:14885) ExperimentalWarning: localStorage is not available because --localstorage-file was not provided.
(Use `node --trace-warnings ...` to show where the warning was created)
✔ MIG-001/002/006: management entry and handlers belong to FCS; PFOS keeps execution (0.911542ms)
✔ MIG-003/007: prep and execution read the same early order identities, quantities and match status (3589.909458ms)
✔ MIG-004/009: migrated dialogs retain candidate fields, actual material image and task outputs (0.745083ms)
✔ MIG-011: management and execution use the same seven business display columns (7.544208ms)
✔ MIG-007: early dye/print creation and cancellation survive reload (3522.764083ms)
✔ 解析带标签、小数和空格的长度数量 (0.436125ms)
✔ 解析卷数并对不合法文本返回 0 (0.11725ms)
✔ 证据文件标识把连续空白收口为单个连字符 (0.144375ms)
(node:14888) ExperimentalWarning: localStorage is not available because --localstorage-file was not provided.
(Use `node --trace-warnings ...` to show where the warning was created)
✔ 设计改款可成批生成染色和印花加工单，且完整投影来源与上下游 (1683.611917ms)
✔ 设计改款加工单生成幂等，重复请求不增加单据 (18.376708ms)
✔ 同一设计改款任务的不同颜色和 BOM 行分别生成加工单 (4.625583ms)
✔ 成批提交失败时染色与印花加工单一起回滚 (11.774958ms)
✔ 设计改款来源缺关键引用或来源未知时必须阻断 (0.17375ms)
(node:14889) ExperimentalWarning: localStorage is not available because --localstorage-file was not provided.
(Use `node --trace-warnings ...` to show where the warning was created)
✔ 设计改款加工单等待买手审核成果，绑定真实附件后才可安排，先染后印继续受前序交出约束 (654.401792ms)
✔ 专业成果没有真实附件时保持未绑定 (8.52825ms)
(node:14890) ExperimentalWarning: localStorage is not available because --localstorage-file was not provided.
(Use `node --trace-warnings ...` to show where the warning was created)
✔ 可打印不等于可建交出单，必须完成真实标签打印 (0.461ms)
✔ 卷规格无效时不可建交出单，且不改变原可打印判定语义 (0.240709ms)
✔ 人工完成印花加工单不再自动填充操作人 (396.21775ms)
✔ 日报窗口含截止日7天，重点日均独立使用前6天 (0.471666ms)
✔ 未知采购不填0，未BOM不输出完整确定订单需求 (0.103333ms)
✔ 突变必须绝对量与比例同时达到阈值 (0.056709ms)
✔ 截止日突变示例与未完结日不判定 (0.05475ms)
✔ 共享商品按SPU去重而不按关联行累加销量 (0.091125ms)
✔ 预选不产生确定用料；BOM需求保留物料归属 (0.125917ms)
✔ 同料BOM优先于预选，不重复关系及需量 (1.047791ms)
✔ 两个业务页具有独立容器、标准分页与证据边界 (25.008167ms)
✔ 未进入物料页面时 bridge 不加载业务；加载失败重试后首次渲染即已注册 (2.782916ms)
✔ click 分组顺序、短路、选择器范围保持原行为，重新注册替换旧处理器 (0.530208ms)
✔ 备料写入守卫读取实时角色与水位，阻断时不调用业务处理器 (0.327417ms)
✔ input/change/keyboard 原入口、筛选范围和 change 优先级完整保留 (0.289ms)
✔ health groups are exhaustive and mutually exclusive in demo (0.772084ms)
✔ coverage and baseline use same inventory plus transit but distinct demand windows (0.068209ms)
✔ zero demand is unavailable rather than infinity and huge finite quotient stays finite (0.08775ms)
✔ date selects different consistent snapshot (0.086875ms)
✔ threshold changes alter classification without changing facts (0.060542ms)
✔ health view carries core P1 business sections and mock caveat (13.209875ms)
✔ AT16 rules do not substitute brand, size or packaging method (0.406916ms)
✔ AT24 equal priority conflict blocks resolution and identifies rules (0.34325ms)
✔ higher explicit priority resolves a lower priority overlap (0.052167ms)
✔ plans distinguish garments and parcels and add loss once (0.145667ms)
✔ AT18 white pendant stock only allocated once (0.284125ms)
✔ event duplicate and old revision do not add consumption; reprints are activity only (0.251041ms)
✔ conflicting same revision fails instead of silently choosing a payload (0.118416ms)
✔ AT17/19/20 panel states unresolved ASAYA, independent kit80 and unknown ribbon (0.545916ms)
✔ trigger distinct from target, existing supply produces explainable zero (1.206334ms)
✔ missing mapping or usage and incompatible raw unit block unsafe generation (0.446375ms)
✔ generation reserves remaining once and shared raw pool across target rules (1.441667ms)
✔ production does not increase stock; actual SKU and output bound partial receipts (0.279625ms)
✔ cancelled suggestion releases commitment and raw allocation (0.126125ms)
✔ AT05 committed greige is not available for a second allocation (0.416375ms)
✔ AT06 partial receipt reduces expected supply; checking and qualified never duplicate (0.29525ms)
✔ AT07 unmapped target preserves quantities but gives no target coverage (0.077792ms)
✔ §7.2 loss reduces future supply; rejected receipts never become usable (0.054959ms)
✔ §7.3 unit/yield/route and conservation gaps block deterministic supply (0.091375ms)
✔ §7.3 candidate comparison reports remaining shortage and respects arrival deadline (0.121625ms)
✔ §7.3 zero gap stays zero and nonfinite inputs cannot produce advice (0.044708ms)
✔ panel uses owned local handlers and discloses mock and missing images (1.414334ms)
✔ P2 coefficients and coverage exclude transit (12.289708ms)
✔ P2 coverage buckets have exclusive shared boundaries (1.743792ms)
✔ P2 partial receipts and completed batches count remaining only (0.166542ms)
✔ P2 latest overdue selected only if no future batch; today included (0.152875ms)
✔ P2 search transit and ETA filters compose (0.316584ms)
✔ P2 zero demand and missing BOM preserve distinct nulls; micro demand excluded (0.186417ms)
✔ P2 standard table renders and limits initial rows to first page (12.231458ms)
✔ AT01/02 internal reservation stays in coverage while external reservation is deducted (11.531667ms)
✔ AT03 quality segments are not usable (0.146791ms)
✔ AT04 partial receipt leaves remaining supply only (0.954667ms)
✔ AT08/38 late supply never erases earlier shortage (0.436375ms)
✔ AT09 intermediate deficit determines net need rather than positive closing balance (0.337ms)
✔ AT10 MOQ and pack rounding, zero stays zero (0.272791ms)
✔ AT11 horizon begins at cutoff and is not expanded by lead time (0.398291ms)
✔ AT12 forecast covered by confirmed demand is excluded before coefficient (0.284ms)
✔ AT13 no demand has no numeric coverage (0.274375ms)
✔ AT14 cancelling demand does not change stock (0.777083ms)
✔ AT15 latest event revision only (0.814916ms)
✔ AT16/17 directory preserves bag sizes and ASAYA duplicated input is one unresolved SKU (0.180417ms)
✔ AT18 three brands draw from one shared pool (0.339083ms)
✔ AT19/20 kit capacity respects minimum and missing conversion (0.136667ms)
✔ AT21 inactive/unusable stock remains physically visible (0.213792ms)
✔ AT23 affected order identifiers are unique (0.188666ms)
✔ AT25/26 draft does not mutate active and invalidates trial (0.118375ms)
✔ AT26/28 publish requires role and exact trial; history retained (0.392375ms)
✔ AT31 risk cannot close with remaining shortage or skip verification (0.323ms)
✔ AT37 invalid dates, unknown timezone, bad numeric values rejected (0.198208ms)
✔ duplicate supply chain does not double count and blocks deterministic advice (0.200042ms)
✔ warehouse catalogue includes 17 locations and two garment warehouses (0.085792ms)
✔ candidate comparison retains pre-arrival risk (0.661333ms)
✔ SKU-specific policy wins and duplicate rules block publish (0.365416ms)
✔ 路由标准化移除 query 与 hash，但不改动路径 (0.351083ms)
✔ 只匹配路由根或其子路径，不误匹配相似前缀 (0.100958ms)
✔ 可在多个合法根路径中匹配一个 (0.071875ms)
✔ 只把完整生产确认单打印路由识别为命中 (0.096708ms)
✔ 物流商新增字段保存回显并写入操作日志 (2.584792ms)
✔ 物流商数字字段非负校验与运输方式枚举校验 (0.270833ms)
✔ 渠道新增字段保存回显，条件计费字段按计费方式保留 (0.387625ms)
✔ 整柜渠道不要求新增计费字段，仍要求四箱型完整配置 (0.12575ms)
✔ 渠道数字字段非负与时效区间校验 (0.109916ms)
✔ 头程批次聚合展示总箱数、总重量、总体积与转运天数 (0.419333ms)
✔ 工序链按保存顺序生效，合法工序集合固定，非法或重复工序被拒 (2.551166ms)
✔ 坯布 SKU 必填，坯布库存为 0 时调拨资格被拒，补足后恢复 (0.703834ms)
✔ 采购单按勾选 SKU 生成明细，数量与枚举非法被拒 (0.172042ms)
✔ 调拨单可选择调出仓库与调入目标，同步生成加工单号链 (0.195708ms)
✔ 批量刷新库存更新全部监控行与刷新时间并写日志 (0.190583ms)
✔ 手动添加监控 SKU 校验 SKU 必填与重复，添加后进入列表 (0.237ms)
✔ 物料申报扩展字段保存回显，26 项特殊属性按数组保存 (2.296959ms)
✔ 报关扩展：法定第二计量单位与数值，不报关分支跳过必填校验 (0.337125ms)
✔ BOM 业务选项与价格/成本、工厂、布料字段保存回显 (1.22125ms)
✔ 主体经营 9 项成本明细加调整重算总成本，数据缺失提醒可消除 (0.577792ms)
✔ 供应商从草稿到启用遵循状态机，名称唯一 (2.199125ms)
✔ 供货档案包装换算与快照版本 (0.420916ms)
✔ 物料全部有真实图片，采购补充信息可更新且不新增删除 (0.67825ms)
✔ 成衣与样衣 SKU 只读列表数据完整 (0.138208ms)
✔ 仓库同步更新时间，单位字典唯一且不可删除只可启停 (0.545875ms)
✔ BOM 用量可修改，说明可保存，发布后可生成面辅料需求 (1.9195ms)
✔ 面辅料需求种子就绪且可按物料行下推采购单 (3.834333ms)
✔ 快递信息导入校验采购单存在、单号唯一、日期与数量合法 (0.750917ms)
✔ 国内签收、加入头程、状态推进与到仓自动签收 (1.708583ms)
✔ 供应商确认单需标签齐备，确认后回写采购单 (0.988834ms)
✔ 整柜渠道必须完整配置四个箱型，物流商可启停 (0.54125ms)
✔ 面辅料采购单可带原因关闭，关闭后不能再登记到货 (0.319ms)
✔ 库存监控触发线与建议量公式，规则异常阻断建单 (3.403958ms)
✔ 建单数量不得超过建议量，调拨与采购资格分别阻断 (0.149084ms)
✔ 中转看板指标、分布与筛选跳转规则 (0.242333ms)
✔ 生产单校验与配料任务只读数据完整，系统设置结果为 8/6/10 (0.080125ms)
✔ 种子采购单按 SRM 生成器规律补齐单据级与明细级字段 (0.676959ms)
✔ 新建做货采购单保存采购专员、加急、首单、区域与明细字段并可回显 (1.048709ms)
✔ 未传新增字段时沿用默认值并保持既有命令兼容 (0.117375ms)
✔ 采购专员必填、做货必须选区域、重量非负均抛出中文 PmsDomainError (0.254583ms)
✔ 编辑采购单保存新增字段并回显，非法输入被阻断 (0.235791ms)
✔ BOM 状态与 bomMatched 一致，未发布 BOM 的做货明细为未匹配 (0.166834ms)
✔ 行采购金额使用 roundPmsQty 且汇总等于逐行金额之和 (0.127458ms)
✔ 采购建议按缺口公式与折扣计算，并计入有效 KOL 申请 (0.70725ms)
✔ KOL 草稿与已驳回不计入建议缺口 (0.10275ms)
✔ 建议转采购单后写回已转数量与部分生成状态 (1.196625ms)
✔ 面辅料需求按 BOM 用量与损耗扣减库存和采购中 (0.481083ms)
✔ 重复生成、草稿采购单与非做货采购单均被阻断 (0.105417ms)
✔ KOL 单条超量需要二次确认，超过申请量直接阻断 (0.260291ms)
✔ 驳回 KOL 需求后不再计入建议缺口 (0.097541ms)
✔ 关闭采购单必须填写原因且已关闭不可重复关闭 (0.131333ms)
✔ 主体经营明细总成本、毛利与毛利率公式 (1.744834ms)
✔ 面辅料对账：预计/实际双层公式，费用项与差异双重门禁 (4.334417ms)
✔ 面辅料费用项部分确认、批量确认与编辑失效 (0.931292ms)
✔ 请款草稿跨页创建、请款与付款上限、编辑范围 (1.159959ms)
✔ 物流实际费用 12 列导入校验、不自动确认与确认后锁定 (0.845584ms)
✔ 请款单作废释放来源对账，已有付款不能作废 (0.437375ms)
✔ 供应商账单 9 列导入覆盖实际层且不自动确认 (0.818ms)
✔ 金额大写按 RMB 规则输出并覆盖跨节零 (0.259334ms)
✔ 生成卷号按前缀、每卷米数、重量与起始序号生成并写入包装明细 (4.179042ms)
✔ 生成卷号时尾卷承载剩余数量，卷数按采购数量与每卷米数自动取整 (0.954292ms)
✔ 非法卷号参数被拒绝并抛出中文域错误 (0.640709ms)
✔ 生成标签后二维码内容包含卷号与箱规，参与打印 (0.57275ms)
✔ 箱规新增自动计算体积，重复箱号与非法尺寸被拒，删除后计数正确 (0.548125ms)
✔ 包装明细可新增与删除，非法输入被拒且删除后计数正确 (0.403042ms)
✔ 被包装明细引用的箱规不能删除 (0.201917ms)
✔ 供应商枚举与 SRM 完全一致，旧枚举不再出现 (0.672459ms)
✔ 种子字段满足 SRM 枚举且协同指标为数字 (0.119417ms)
✔ 新增字段保存并回显，成功命令写入操作日志 (4.044917ms)
✔ 编辑保存新增字段并保持状态机与事件名不变 (0.4385ms)
✔ 非法或缺失输入抛 PmsDomainError 且不写入数据 (0.437292ms)
✔ 详情与列表展示新增字段、SRM 枚举与协同指标 (14.563667ms)
(node:14912) ExperimentalWarning: localStorage is not available because --localstorage-file was not provided.
(Use `node --trace-warnings ...` to show where the warning was created)
✔ RETURN-010: only the acceptance week Sunday is skipped, for every starting weekday (0.575583ms)
✔ RETURN-004—010: both projections share counting dates and ceil targets (0.300292ms)
(node:14913) ExperimentalWarning: localStorage is not available because --localstorage-file was not provided.
(Use `node --trace-warnings ...` to show where the warning was created)
✔ 实际耗时跨周日仍按真实时间差；没有可靠时间不造耗时 (0.455375ms)
✔ 每任务都达成才结束；同一来源去重，作废明细不影响主表 (0.151458ms)
✔ 耗时页 Mock 至少覆盖九张生产单和全部节点，且下游事实不会越过未完成的前置节点 (638.690291ms)
✔ 裁片放行按一张放行单内的多次放行展示并选取节点起止时间 (40.24125ms)
(node:14914) ExperimentalWarning: localStorage is not available because --localstorage-file was not provided.
(Use `node --trace-warnings ...` to show where the warning was created)
✔ EXC-001—004: a reference mark cannot change debt, strict kits or final task responsibility (2.356709ms)
(node:14915) ExperimentalWarning: localStorage is not available because --localstorage-file was not provided.
(Use `node --trace-warnings ...` to show where the warning was created)
✔ 派单新增主档工厂可登记承接关系，未知工厂仍阻断 (1.464042ms)
✔ 专属任务保留整单身份、数量和接收方，工艺分支保留全部前置关系 (1.330708ms)
✔ 原生产单车缝任务仍可被 PPIC 分配与责任移交识别，SKU 总量完整 (6.023833ms)
(node:14916) ExperimentalWarning: localStorage is not available because --localstorage-file was not provided.
(Use `node --trace-warnings ...` to show where the warning was created)
✔ VERIFY-003: dispatch reads keep all documents and independent copies without projecting unrelated business views (434.026917ms)
(node:14917) ExperimentalWarning: localStorage is not available because --localstorage-file was not provided.
(Use `node --trace-warnings ...` to show where the warning was created)
✔ PERF-002/004: scoped receiving reads preserve direct receipts and allocations, without exposing mutable facts (17.03425ms)
✔ PERF-002/004: a synchronous relation read matches independent reads and releases its scope after errors (702.370375ms)
✔ PERF-004: batched print list reviews and handovers equal independently read facts (237.139167ms)
✔ PERF-004: scoped handovers keep canonical sorting and task point reads preserve identity (5.633084ms)
✔ PERF-004: reusing warehouse documents preserves each dye order source, quantity and receiver (155.576875ms)
(node:14918) ExperimentalWarning: localStorage is not available because --localstorage-file was not provided.
(Use `node --trace-warnings ...` to show where the warning was created)
✔ craft source selection preserves all previous source choices and isolated snapshots (13.781417ms)
✔ source eligibility is re-evaluated after a source order changes (0.292042ms)
(node:14920) ExperimentalWarning: localStorage is not available because --localstorage-file was not provided.
(Use `node --trace-warnings ...` to show where the warning was created)
✔ 验收数据至少包含 5 张染色和 5 张印花提前加工单，并覆盖全部匹配状态 (1247.127875ms)
✔ 印花专业成果把多张图片和多个文件统一保存在同一附件集合 (0.136083ms)
✔ 同一生产需求可手动选择具体专业任务，创建结果保存所选任务与全部成果附件 (120.578208ms)
✔ 创建提前加工单必须选择所属专业任务并明确加工厂 (0.906167ms)
✔ 计划加工数量包含损耗率，且染色印花投入与产出 SKU 必须不同 (0.279ms)
✔ 专业成果未审核通过时不可创建提前加工单 (0.3335ms)
✔ 多个生产需求合并为一张生产单时，可匹配多张提前染色加工单 (30.656125ms)
✔ 等待技术包的提前单在技术包就绪后可由同一匹配服务自动重试 (12.267792ms)
✔ 合并生产单中只有部分需求有提前单时，只为未覆盖需求补建剩余数量 (119.420625ms)
✔ 已有提前单但正式 BOM 或 SKU 不一致时进入异常，且不重复补建同一工艺单 (119.975375ms)
✔ 取消后重建保留旧单，并建立双向替代关系 (2.034666ms)
✔ 没有提前加工单的需求仍保留正式加工单快照 (8.6575ms)
✔ BOM uses formally reduced quantity and leaves unsupported conversion unknown (0.713083ms)
✔ reuse retains one shared source instance and adds no duplicate processing duration (0.230125ms)
✔ a new rework/recheck round extends the dependency path two days and conserves qualified pieces (0.087958ms)
✔ date-only source is not coerced to a precise instant or exact deadline (0.106875ms)
✔ known order shipment can be timed without crediting an unknown production source (0.079667ms)
✔ waiting for actual fulfillment can be overall late while factory completion stays on time (0.074041ms)
✔ all six named cards render directly checkable evidence without changing production task facts (7.578667ms)
✔ all ten tasks have independent drill-down networks and one frozen aggregate snapshot (1.564458ms)
✔ 31-item dependency recursion proves 24 natural days and shows the actual sum/max formula (0.421792ms)
✔ improving procurement by ten days only improves whole-task timing by one day (0.142584ms)
✔ network rejects circular/missing dependencies and unknown is never zero time (0.228625ms)
✔ each complete standard mock network and live forecast agrees with the task summary (2.513583ms)
✔ quantity forecast finds a one-day risk before any actual deadline is missed (0.414334ms)
✔ all-natural-day clock includes Sundays, preserves timezones, equality is on time and one second is late (0.103959ms)
✔ already-overdue outranks forecast missing; historical completion stops the clock (0.080625ms)
✔ upstream two-day delay and local catch-up pressure are distinct from current-team fault (0.084875ms)
✔ manual forecast is local, propagates both earlier and later dates, and never relaxes baseline (0.721792ms)
✔ saving a manual forecast refreshes all affected node labels without pretending capacity was increased (0.639958ms)
✔ zero capacity and stale progress never forecast zero remaining duration (0.138292ms)
✔ stock and purchase coverage do not imply factory readiness or a new purchase gap (0.184917ms)
✔ stock-only task still has transfer; purchased material must move beyond warehouse entry (0.074334ms)
✔ batch schedule conserves shared capacity and 90 percent occurs at a real batch event (0.14875ms)
✔ customer cancellation without production allocation does not reduce any task (0.115459ms)
✔ excess shipment of one SKU cannot hide shortage of another (0.073166ms)
✔ duplicate, out-of-order and corrected quantity events conserve the effective sum (0.090667ms)
✔ shared work is counted once while merged source tasks preserve independent T0 and deadlines (0.108709ms)
✔ orders enter analysis only from actual shipment and have their own clock (0.181667ms)
✔ region and supply mode select rules together, unpublished candidate rules never apply (0.163708ms)
✔ filters share exact aggregate scope and date windows are left-closed right-open (0.373167ms)
✔ Chinese UI defaults and all scope options filter the intended task population (1.418167ms)
✔ Chinese risk shortcut agrees with risk KPI and does not accidentally select completed or overdue tasks (0.527833ms)
✔ Chinese date-field labels use due date, start date and predicted completion respectively (0.428125ms)
✔ team and stage filters match applicable work nodes rather than only current task responsibility (0.237ms)
✔ V3 team and factory must match the same node and empty all-scope still keeps a task (0.074083ms)
✔ V3 unknown shipment has no percentage and completed work without deadline is not on time (0.047292ms)
✔ 恢复预测保留不同工作和日期的顺序，只合并连续相同计算且不改写历史 (1.901042ms)
✔ 同一调拨动作按国家和供给方式命中不同预算，候选规则不参与匹配 (0.660417ms)
✔ 同优先级重叠命中必须冲突，明确更高优先级例外才可覆盖 (0.438459ms)
✔ 数量档边界不得跨档或用默认预算掩盖无规则 (0.081667ms)
✔ 子项七天而组上限五天阻断，网络不被截短也不在组外重复加预算 (0.135375ms)
✔ 并行分支取最大值，循环和缺失前置不得算成零天 (0.14925ms)
✔ 工厂实收映射须有明细与物流批次，入库不冒充到厂，重复事件不累加 (0.158834ms)
✔ 投入产出、单位或质量门槛不合规，不能放行下游 (0.089334ms)
✔ 新版本仅记录显式重算范围，不能顺延旧基线或考核截止 (0.38775ms)
✔ 默认演示配置没有阻断，会议候选必须以提示保留 (0.091833ms)
✔ 选定在途W19规则从1改3，本地路线24改26而原始/生效截止与实际事实不变 (2.810792ms)
✔ 在途发布同层冲突、缺规则、缺映射或事件边界变化都不生成覆盖 (0.174542ms)
✔ 发布覆盖可从初始快照恢复且重复应用幂等，未选任务不受影响 (0.902917ms)
✔ 未完成调拨预算增加后，预测沿下游传播；已完成上游事实仍原样 (0.346208ms)
(node:14924) ExperimentalWarning: localStorage is not available because --localstorage-file was not provided.
(Use `node --trace-warnings ...` to show where the warning was created)
✔ 首次来源读取只创建当前存在的缺口，历史从本次观察开始 (1.006458ms)
✔ 事项键由任务、工作与类型生成，中文说明变化不新增事项 (0.312375ms)
✔ 缺款图形成独立事项，增加地址不等于款色对应核验通过 (0.257958ms)
✔ 登记责任期限不修改事实或关闭事项，只有后续来源读取确认恢复 (0.622417ms)
✔ 同一恢复事实重复核对不制造历史，缺口复现重新打开且保留期限 (0.274625ms)
✔ 任务或工作未返回、数量已知性字段消失均不是恢复证据 (0.258333ms)
✔ 来源身份变更不能在同一次读取中把旧缺口标为恢复 (0.205875ms)
✔ 未结构化来源审核项不因文字消失自动关闭 (0.204833ms)
✔ 本地持久化保留独立事项、责任、期限和恢复历史 (0.398666ms)
✔ 本地损坏记录不伪造历史、不覆盖旧内容、不允许假保存 (2.221875ms)
✔ 责任、期限、调整原因必填；存储失败给出未保存结果 (0.554583ms)
✔ 数据待补按事项分页和筛选，提供独立登记及来源刷新入口 (3.891125ms)
✔ 事项按自身负责人和修复期限筛选，不借任务跟单替代 (0.490333ms)
✔ 空在途范围不展示历史演示日期压力图 (4.865875ms)
✔ 未知预算仍保留串并行和汇合箭头，位置不依赖日期 (4.4035ms)
✔ 下游未开工且前置未完的逾期归为等待；根卡点标出具体工作和全部后继 (2.625875ms)
✔ 取消和已完成不是当前卡点，数据缺口不当执行逾期 (0.85625ms)
✔ 已开工工作即使前置未完，也保留其来源责任逾期并提示核对 (0.531083ms)
✔ 卡点范围仍显示上游参照及所有受影响后继，不显示无关支路 (1.024791ms)
✔ 单据摘要默认展开来源核心字段，不只展示时效 (0.760334ms)
✔ 需求摘要指向已存在的需求列表，入口不冒称独立详情 (0.437709ms)
✔ 缺少单据不得生成虚构摘要或默认完成数 (0.36675ms)
✔ 已实收的有效结束满足前置，取消前置不会被视为供给完成 (0.580875ms)
✔ 质检不合格仍是放行卡点，不因检验时间存在变为可放行 (0.539208ms)
✔ 来源已有不合格检验结果但缺建立时间时，不因前置未完而隐藏本项卡点 (0.84975ms)
✔ 作废且不计时不等于前置已完成；来源已阻断是明确卡点 (1.012083ms)
✔ 已知工作预算齐备但范围未确认时，公式页不得称作全程标准 (0.927708ms)
✔ 暂停或受阻工作不因遗留结束时间而放行下游 (0.767375ms)
✔ 生产准备初始化按编号读取定义与完整目录逐值一致，保留不存在时的契约 (2.731916ms)
✔ 单定义读取的可编辑数组保持隔离，不污染其他任务读取 (0.3695ms)
▶ execution source relations retain full facts without unrelated cold initialization
  ✔ cold read resolves real runtime scope and leaves print/dye execution ledgers untouched (142.980208ms)
  ✔ scoped cold result equals original complete enumeration after the same actual ID resolution (1220.67975ms)
  ✔ production with print/dye uses all existing preparation facts and keeps unknown IDs unknown (54.35625ms)
  ✔ live explicit cross-order reference and cancellation facts survive scoped reading (21.486417ms)
  ✔ real persisted cancellation restores through the original validated path in a new process (897.924917ms)
  ✔ QC reads real fact quantities and renders explicit missing artwork without placeholder network dependency (119.316458ms)
✔ execution source relations retain full facts without unrelated cold initialization (2765.635291ms)
(node:14928) ExperimentalWarning: localStorage is not available because --localstorage-file was not provided.
(Use `node --trace-warnings ...` to show where the warning was created)
✔ production source time uses explicit Shanghai time and rejects date-only completion (0.631042ms)
✔ DDS tasks use demand identity and do not invent preparation, budgets, shipment quantities or orders (2.219625ms)
✔ source bindings require existing same-style preparation and published technical version (0.335166ms)
✔ reuse preserves its source/version and does not add past preparation duration (0.346875ms)
✔ explicit unneeded work is excluded but unconfirmed missing work remains a decision, never zero-day completion (0.216708ms)
✔ explicit dependencies preserve parallel entries and repeated processes instead of serial sorting (0.591792ms)
✔ missing explicit predecessors do not become confirmed parallel roots (0.231292ms)
✔ missing predecessor and material SKU discontinuity block route certainty without fabricated edges (0.25425ms)
✔ cyclic source dependency stays a blocking issue and source objects remain unchanged (0.239291ms)
✔ read snapshot uses all current demand records without private Mock tasks or automatic same-style preparations (43.731125ms)
✔ continuous material SKU edges stay confirmed while an unconfirmed route remains pending (0.219042ms)
✔ unverified reuse does not fabricate a completed zero-day result (0.141167ms)
✔ binding writes only the DDS association key and is reflected by the next read (18.843834ms)
✔ execution source uses exact production-order identity, assigned factory and responsibility deadline (0.235333ms)
✔ only a unique exact technical entry binds execution to route; same-name and split executions stay independent (0.280375ms)
✔ preparation-only source cycles are blocked without depending on a technical pack branch (0.164083ms)
✔ source time and manual forecast stay separate from frozen rule examples and missing SLA (0.446208ms)
✔ cancelled execution is not a late blocker and unfinished status cannot borrow a stale completion timestamp (0.154125ms)
✔ document summaries are factual, compact strings; decisions without a document stay unbound (0.119667ms)
✔ formal preparation output connects the exact confirmation, route entry and production version (0.307458ms)
✔ technical object identity and its material photo are retained without using the style photo (0.126292ms)
✔ material transfer has serial dispatch, transport and receipt with separate responsibility and source identity (0.2735ms)
✔ approval, sent quantities and delivery-note registration cannot prove physical handout or logistics delivery (0.163166ms)
✔ actual handout starts transportation but factory receipt never backfills logistics delivery or reception start (0.111625ms)
✔ receipt quantities require the same source line, target factory and unit; mixed units never close reception (0.145625ms)
✔ voided transfers keep evidence but no effective supply or transport completion (0.100125ms)
✔ a document handout timestamp does not complete unshipped or partially shipped source lines (0.119292ms)
✔ only preparation-bound purchase documents are included, and purchase completion never invents warehouse arrival (0.134ms)
✔ quality is scoped to its recorded sample and does not establish shipment orders or whole-order completion (0.161708ms)
✔ current source snapshot exposes matching handover, quality and transfer documents, not generic placeholders alone (4.002958ms)
✔ only a real same-version production order becomes a root execution predecessor (0.425791ms)
✔ task lead blocker matches dependency analysis instead of blaming an unstarted downstream deadline (0.117667ms)
✔ failed inspection exposes the concrete unqualified quantity as blocker reason (0.123958ms)
✔ category sample images never stand in for a source style; a dedicated source image is retained (0.1625ms)
(node:14929) ExperimentalWarning: localStorage is not available because --localstorage-file was not provided.
(Use `node --trace-warnings ...` to show where the warning was created)
✔ 当前非 Mock 需求可保存显式工作映射，序列化后可恢复且不改来源事实 (68.227625ms)
✔ 未保存映射、规则空天数、事件范围变化与同级冲突分别给出真实阻断 (4.175833ms)
✔ 同一工作不得存两份口径，来源身份变化或未知数量不允许保存 (17.055208ms)
✔ 工作单位不换算、通配值不充当事实、里程碑不重复加预算 (3.839417ms)
✔ 来源任务发布单项预算后保持整体待定，刷新覆盖和已有截止均保留 (3.853708ms)
✔ 缺准备或实发范围时即使要求首次建基线也阻断，并且不写覆盖 (3.412709ms)
✔ 已确认的未来发货工作尚无实发事实也可建 T0+最长路径基线，缺进度只影响预测 (1.225208ms)
✔ 已发布后来源工作身份变化，不把旧映射预算套到新单据 (5.989459ms)
✔ 配置页面保存映射到本地，空天数发布被阻断，填写预算后实际发布当前来源任务 (8.927708ms)
✔ 查生产入口只在合法系统路由显示，并在打印与 PDA 路由隐藏 (0.555542ms)
✔ 相似前缀和相似打印段不会被当成合法路由 (0.076875ms)
(node:14932) ExperimentalWarning: localStorage is not available because --localstorage-file was not provided.
(Use `node --trace-warnings ...` to show where the warning was created)
✔ PERF-001: runtime snapshot and all nine subsets preserve every production order value and caller isolation (14.874417ms)
✔ PERF-001: a subset read does not traverse or clone unrelated snapshot sections (0.192167ms)
✔ PERF-001: paper pattern binding strips and nested craft arrays remain isolated after mutation (0.307334ms)
✔ PERF-001: replacing or updating the bound snapshot is visible immediately without a stale cache (0.164791ms)
✔ PERF-001: missing production order keeps null and empty-list contracts (0.081916ms)
(node:14933) ExperimentalWarning: localStorage is not available because --localstorage-file was not provided.
(Use `node --trace-warnings ...` to show where the warning was created)
✔ VERIFY-003: scoped reads preserve pending/voided sources and defensive copies (2.410542ms)
✔ VERIFY-003: metadata lookup reflects registry changes and returns independent locations (6.271333ms)
✔ 并发调用复用同一个模块加载 Promise，成功后继续复用结果 (1.325417ms)
✔ 模块加载失败后清空缓存，下一次调用可以重试 (0.592875ms)
✔ 独立打印外壳只命中完整生产确认单打印路由 (0.599625ms)
✔ 既有固定打印路由仍使用独立打印外壳 (0.09775ms)
✔ 36条基础采购演示经业务动作形成，共享PMS来源，重复载入不重置数量或伪造实收 (95.812042ms)
✔ 三个中央工厂在组织目录与执行工厂中身份一致且仅出现一次 (0.404375ms)
✔ 花边角色与采购映射归属TMF但供应方仍保留独立身份 (0.067333ms)
✔ 橡筋定长切割仍归SPF，不成为TMF织带截断任务 (0.08575ms)
✔ 旧浏览器组织记录迁移后不与权威TMF并存且保留已有联系人 (2.408834ms)
(node:14938) ExperimentalWarning: localStorage is not available because --localstorage-file was not provided.
(Use `node --trace-warnings ...` to show where the warning was created)
✔ 织带与绳子参考档案接入实际物料库，保留图片来源和未确认尺寸，不替换橡筋 (28.330666ms)
(node:14939) ExperimentalWarning: localStorage is not available because --localstorage-file was not provided.
(Use `node --trace-warnings ...` to show where the warning was created)
✔ N01～N05：通过现有 PMS 入口下达，每条采购链从零执行到仓库实收；交出不提前增加库存 (6.617208ms)
✔ B01/B03：短收保留在途和采购缺口；重复扫描、生成和刷新不双记 (1.802875ms)
✔ B02/B04：多收、错 SKU、错仓和无权限动作不改变任意下游数量；恢复后正常收齐 (2.72825ms)
✔ B23/B24：未开始跟随采购版本，已执行保留原计划和实物、挂出变更待处理 (2.717833ms)
✔ B21：保存失败不报成功、不留部分库存；成功后刷新读取同一采购和收货事实 (0.957167ms)
✔ 采购→两种规格截断→拆包回仓→分配发料→生产实收：短收保留缺口，库存及采购不双记 (18.997458ms)
✔ B09：其他需求占用400米时不能再占650；释放50后恢复，错误发料不改变库存 (4.845209ms)
✔ 需求来源：同尺码不同成衣SKU分别保留，BOM适用范围生效，错误快照和重复工序阻断 (0.4925ms)
✔ 待打头条料不计合格产出；超公差实物记不良且照实扣下料当量，未实收不可截断 (12.175833ms)
✔ N04：采购100米→单端硅胶按kg实耗→回仓发料→生产实收50根，连续料剩34米 (11.717833ms)
✔ B15：截断后取消保留1000根在制和1260米当量，释放未发占用并只退连续余料 (17.122833ms)
✔ 已回仓部分发料后取消：释放未发分配，冻结实存，已发在途保留且实收不恢复需求 (13.7955ms)
✔ 编辑器按尺码保留规格，截断打头不新建SKU，重复保存沿用节点身份 (1.53875ms)
✔ 前序印染产出SKU作为截断投入；保留独立橡筋工艺，移除打头后下游连接截断 (0.3435ms)
✔ 未明确打头、错误辅料BOM、无半成品和不合法前序不能生成可执行路线 (0.137667ms)
(node:14941) ExperimentalWarning: localStorage is not available because --localstorage-file was not provided.
(Use `node --trace-warnings ...` to show where the warning was created)
✔ N01：400 条 50CM 和 600 条 70CM 分行计算，共 620 米；未增加 SKU (1.283458ms)
✔ 缺少尺码数量、非整数条数、公差或测量条件时不猜测需求 (0.3175ms)
✔ B07：未选择打头、缺少端头方式或辅材不能确认；支持两端不同端头 (0.2135ms)
✔ N04/B08：硅胶按重量且必须有覆盖长度，不作为独立金属头计数 (0.098375ms)
✔ B18：打头只能承接对应截断条料，不能换 SKU、换长度或重新领连续料 (0.246458ms)
✔ N05：规格相同可以合并，但尺码、用途和需求身份不靠物理规格键代替 (0.088708ms)
✔ B14：修改后续版本端头要求不能污染生产单历史快照 (1.7ms)
ℹ tests 362
ℹ suites 0
ℹ pass 362
ℹ fail 0
ℹ cancelled 0
ℹ skipped 0
ℹ todo 0
ℹ duration_ms 5519.079667
vite v6.4.3 building for production...
transforming...
✓ 2649 modules transformed.
rendering chunks...
[plugin vite:reporter] 
(!) /Users/laoer/Documents/higoods/src/data/app-shell-config.ts is dynamically imported by /Users/laoer/Documents/higoods/src/router/routes.ts but also statically imported by /Users/laoer/Documents/higoods/src/components/shell.ts, /Users/laoer/Documents/higoods/src/state/store.ts, dynamic import will not move module into another chunk.

computing gzip size...
dist/index.html                                                           1.12 kB │ gzip:   0.61 kB
dist/assets/pcs-pattern-parse.worker-B3_rAVMB.js                         18.52 kB
dist/assets/source-views-23Nr_RHD.css                                    34.63 kB │ gzip:   7.04 kB
dist/assets/index-B8GzFigb.css                                          155.27 kB │ gzip:  25.43 kB
dist/assets/pcs-project-demo-seed-service-COOi2Kbg.js                     0.06 kB │ gzip:   0.08 kB
dist/assets/store-domain-quality-bootstrap-BxjPpKoS.js                    0.38 kB │ gzip:   0.25 kB
dist/assets/sample-warehouse-projection-BOylBrr1.js                       0.39 kB │ gzip:   0.25 kB
dist/assets/dialogs-78cDi7kF.js                                           0.58 kB │ gzip:   0.31 kB
dist/assets/tech-pack-C1hLcjyU.js                                         0.59 kB │ gzip:   0.32 kB
dist/assets/transfer-bag-handover-mock-C664wUfP.js                        0.63 kB │ gzip:   0.42 kB
dist/assets/pcs-reset-placeholder-Yn2GIynC.js                             0.72 kB │ gzip:   0.45 kB
dist/assets/badge-CQoV5Hhm.js                                             0.78 kB │ gzip:   0.42 kB
dist/assets/images-Q79qfJD0.js                                            0.80 kB │ gzip:   0.35 kB
dist/assets/placeholder-8wxRWJKH.js                                       0.81 kB │ gzip:   0.44 kB
dist/assets/pms-export-C5DiqcGG.js                                        0.83 kB │ gzip:   0.50 kB
dist/assets/trace-B40huTHV.js                                             0.85 kB │ gzip:   0.49 kB
dist/assets/execution-prep-projection-helpers-C5sxN0Rc.js                 0.90 kB │ gzip:   0.44 kB
dist/assets/runtime-DY769RIr.js                                           0.90 kB │ gzip:   0.61 kB
dist/assets/history-D2ZZVL-u.js                                           0.94 kB │ gzip:   0.60 kB
dist/assets/payment-sync-DEYOYStd.js                                      0.97 kB │ gzip:   0.62 kB
dist/assets/print-service-Cb4Z7TQ8.js                                     1.00 kB │ gzip:   0.50 kB
dist/assets/pda-sewing-self-return-mode-CVT5AEl1.js                       1.07 kB │ gzip:   0.54 kB
dist/assets/detail.adapter-KeWJyLBW.js                                    1.08 kB │ gzip:   0.68 kB
dist/assets/process-work-order-generation-service-D4EzP6XF.js             1.08 kB │ gzip:   0.66 kB
dist/assets/dialogs-CZXOgbmI.js                                           1.08 kB │ gzip:   0.49 kB
dist/assets/dyeing-material-receipts-CrwD134L.js                          1.11 kB │ gzip:   0.73 kB
dist/assets/pda-runtime-DooQu46h.js                                       1.12 kB │ gzip:   0.62 kB
dist/assets/overview-DkRU37Oe.js                                          1.25 kB │ gzip:   0.69 kB
dist/assets/process-work-order-source-view-u2QapGFO.js                    1.31 kB │ gzip:   0.58 kB
dist/assets/work-order-action-policy-B3qipFyP.js                          1.34 kB │ gzip:   0.68 kB
dist/assets/real-qr-0qnSuKZW.js                                           1.48 kB │ gzip:   0.83 kB
dist/assets/filter-bar-BicXsiXA.js                                        1.49 kB │ gzip:   0.81 kB
dist/assets/material-identity-CKNSwJiE.js                                 1.54 kB │ gzip:   0.85 kB
dist/assets/supplement-material-prep-demand-registry-DI-N3DvB.js          1.56 kB │ gzip:   0.75 kB
dist/assets/warehouse-shared-dDadn6DG.js                                  1.57 kB │ gzip:   0.51 kB
dist/assets/pda-cutting-wait-handover-actions-DlfzlWuH.js                 1.58 kB │ gzip:   0.62 kB
dist/assets/task-handover-domain-DW3fqZRG.js                              1.58 kB │ gzip:   0.77 kB
dist/assets/work-order-detail-_B-_Y3Cb.js                                 1.66 kB │ gzip:   0.78 kB
dist/assets/task-chain-pages-adapter-T9s9Zv2a.js                          1.72 kB │ gzip:   0.85 kB
dist/assets/production-contract-print-Df44yI6f.js                         1.73 kB │ gzip:   1.04 kB
dist/assets/real-barcode-DLJSbomk.js                                      1.81 kB │ gzip:   0.96 kB
dist/assets/wool-pda-scan-fgNh74aW.js                                     1.81 kB │ gzip:   1.00 kB
dist/assets/list-export-XtgJDkWO.js                                       1.86 kB │ gzip:   1.09 kB
dist/assets/toast-JTI_dJb4.js                                             1.87 kB │ gzip:   0.90 kB
dist/assets/kol-goto-fixed-total-ledger-yJqJcBmb.js                       1.93 kB │ gzip:   0.92 kB
dist/assets/printing-sheet-preview-V8Aatwrm.js                            1.94 kB │ gzip:   1.03 kB
dist/assets/table-AxvlV04E.js                                             2.04 kB │ gzip:   1.02 kB
dist/assets/pda-cutting-simple-cut-piece-handover-Ze1HUEal.js             2.14 kB │ gzip:   1.11 kB
dist/assets/binding-process-pda-scan-Cs9Mvlq9.js                          2.18 kB │ gzip:   1.13 kB
dist/assets/special-craft-pda-scope-BBQYUvl6.js                           2.22 kB │ gzip:   1.01 kB
dist/assets/helpers-BFKa6pUf.js                                           2.42 kB │ gzip:   1.21 kB
dist/assets/pms-excel-import-DnMCWv6B.js                                  2.66 kB │ gzip:   1.32 kB
dist/assets/shared-O0TaIznd.js                                            2.70 kB │ gzip:   1.02 kB
dist/assets/process-order-list-presentation-C837qHbH.js                   2.71 kB │ gzip:   1.27 kB
dist/assets/marker-plan-projection-DJTSSD3O.js                            2.77 kB │ gzip:   1.18 kB
dist/assets/post-finishing-spu-technical-parameters-Cesn1GMb.js           2.79 kB │ gzip:   1.28 kB
dist/assets/authorization-code-ZiCUjwgy.js                                2.87 kB │ gzip:   1.40 kB
dist/assets/process-order-task-relations-BnRDMwg1.js                      2.97 kB │ gzip:   1.29 kB
dist/assets/production-order-identity-Du6Ymlr1.js                         3.00 kB │ gzip:   1.24 kB
dist/assets/confirmation-print-9uzrEWUD.js                                3.00 kB │ gzip:   1.29 kB
dist/assets/product-skus-CEt6Fukj.js                                      3.03 kB │ gzip:   0.96 kB
dist/assets/progress-board-LDesqyHy.js                                    3.05 kB │ gzip:   1.45 kB
dist/assets/tabs-Hg4N7Pkl.js                                              3.09 kB │ gzip:   0.93 kB
dist/assets/pda-cutting-runtime-action-inputs-D15WdaUF.js                 3.15 kB │ gzip:   1.09 kB
dist/assets/trade-subjects-B1U82DIE.js                                    3.16 kB │ gzip:   1.12 kB
dist/assets/task-route-card-sdMA0VDp.js                                   3.27 kB │ gzip:   1.43 kB
dist/assets/wls-page-handlers-CjEcRa4I.js                                 3.31 kB │ gzip:   1.07 kB
dist/assets/task-delivery-card-BrAZZSjT.js                                3.33 kB │ gzip:   1.51 kB
dist/assets/cutting-mainline-Bzt8xbQN.js                                  3.41 kB │ gzip:   1.52 kB
dist/assets/transfer-bags-projection-Crnw2Zhf.js                          3.52 kB │ gzip:   1.48 kB
dist/assets/binding-process-warehouse-linkage-service-DVaX9vtX.js         3.63 kB │ gzip:   1.38 kB
dist/assets/fcs-route-links-BrHBsWPd.js                                   3.67 kB │ gzip:   1.20 kB
dist/assets/quality-chain-adapter-CT2UMB2k.js                             3.68 kB │ gzip:   1.66 kB
dist/assets/shared-ILpq3mWL.js                                            3.73 kB │ gzip:   1.70 kB
dist/assets/engineering-file-upload-KV9mAtma.js                           3.77 kB │ gzip:   1.71 kB
dist/assets/shared-Cq7JhbeM.js                                            3.91 kB │ gzip:   1.64 kB
dist/assets/transfer-bag-repack-mock-BQ6nKppA.js                          3.95 kB │ gzip:   1.82 kB
dist/assets/sewing-outsourcing-demo-2yrfTFQM.js                           3.95 kB │ gzip:   1.58 kB
dist/assets/dashboards-CJ2jS3-m.js                                        4.06 kB │ gzip:   2.00 kB
dist/assets/transit-simple-lists-B912w1cV.js                              4.13 kB │ gzip:   1.45 kB
dist/assets/pda-wool-warehouse-flows-BcI5tE9o.js                          4.37 kB │ gzip:   2.33 kB
dist/assets/form-BMcqcg6v.js                                              4.37 kB │ gzip:   1.39 kB
dist/assets/sewing-outsourcing-responsibility-B_kc3Sl8.js                 4.42 kB │ gzip:   1.96 kB
dist/assets/supplement-order-registry-CHnc7juB.js                         4.49 kB │ gzip:   1.76 kB
dist/assets/routes-pda-DfMPbBqr.js                                        4.65 kB │ gzip:   1.77 kB
dist/assets/preparation-material-receipt-sources-DIVX9EHq.js              4.68 kB │ gzip:   1.95 kB
dist/assets/layout.helpers-B_-L6Vnb.js                                    4.76 kB │ gzip:   1.73 kB
dist/assets/runtime-task-tenders-YGz6fHpq.js                              4.76 kB │ gzip:   1.94 kB
dist/assets/relations-CfZxXL2G.js                                         4.77 kB │ gzip:   2.17 kB
dist/assets/transit-dashboard-BrtX15PG.js                                 4.81 kB │ gzip:   2.02 kB
dist/assets/process-order-list-controller-BUsmU6ok.js                     4.84 kB │ gzip:   1.86 kB
dist/assets/result-list-B32V0TL2.js                                       4.94 kB │ gzip:   2.06 kB
dist/assets/store-domain-dispatch-process-BKlwMpFb.js                     5.01 kB │ gzip:   1.95 kB
dist/assets/process-work-order-quality-settlement-CXe3xxgL.js             5.33 kB │ gzip:   2.20 kB
dist/assets/dispatch-task-sheet-Du2vxDbP.js                               5.56 kB │ gzip:   2.65 kB
dist/assets/routes-pcs-C915nka-.js                                        5.62 kB │ gzip:   1.62 kB
dist/assets/process-order-three-axis-view-Bo9yn4Oy.js                     5.72 kB │ gzip:   2.30 kB
dist/assets/production-contract-center-BVgTmF8f.js                        5.77 kB │ gzip:   2.48 kB
dist/assets/pda-cutting-nav-context-BJCnsvHO.js                           5.95 kB │ gzip:   1.40 kB
dist/assets/fcs-pda-pickup-dispute-DTtn-7G-.js                            6.19 kB │ gzip:   2.19 kB
dist/assets/material-handover-onNg2CKw.js                                 6.21 kB │ gzip:   2.42 kB
dist/assets/pcs-project-technical-data-writeback-nbrRzBg5.js              6.25 kB │ gzip:   2.40 kB
dist/assets/warehouse-standard-o8c3wNWy.js                                6.26 kB │ gzip:   2.08 kB
dist/assets/fact-view-Cqr6QDBb.js                                         6.29 kB │ gzip:   2.07 kB
dist/assets/statistics-B36xeinR.js                                        6.31 kB │ gzip:   1.90 kB
dist/assets/craft-actions-BP6Bds7D.js                                     6.38 kB │ gzip:   2.89 kB
dist/assets/pda-notify-DjZP3L-J.js                                        6.49 kB │ gzip:   2.38 kB
dist/assets/pda-transfer-bag-detail-CrN7uY1d.js                           6.49 kB │ gzip:   2.34 kB
dist/assets/shared-BmcfL0NU.js                                            6.56 kB │ gzip:   2.32 kB
dist/assets/factory-receiving-links-DA8S_K6t.js                           6.57 kB │ gzip:   2.63 kB
dist/assets/workbench-BKw2Jo7v.js                                         6.58 kB │ gzip:   2.66 kB
dist/assets/sewing-outsourcing-supplement-tracking-BPM8eHnc.js            6.63 kB │ gzip:   2.89 kB
dist/assets/shared-aRyRlt5W.js                                            6.82 kB │ gzip:   2.51 kB
dist/assets/production-contract-master-template-CzjL7vXy.js               6.85 kB │ gzip:   2.74 kB
dist/assets/dye-work-order-times-CxLziefL.js                              7.12 kB │ gzip:   2.52 kB
dist/assets/pda-cutting-execution-unit-BA83yZk8.js                        7.15 kB │ gzip:   2.70 kB
dist/assets/overview.helpers-BP2F5Yu8.js                                  7.36 kB │ gzip:   2.88 kB
dist/assets/pda-notify-detail-Cc1c3Nah.js                                 7.38 kB │ gzip:   2.34 kB
dist/assets/pda-cutting-fei-ticket-numbering-gIrriU9r.js                  7.40 kB │ gzip:   2.46 kB
dist/assets/settlement-flow-boundaries-DbkSNas3.js                        7.43 kB │ gzip:   2.53 kB
dist/assets/pda-warehouse-CUkuOQnw.js                                     7.48 kB │ gzip:   2.98 kB
dist/assets/production-craft-dict-BTZG5q5N.js                             7.51 kB │ gzip:   2.82 kB
dist/assets/transit-warehouse-CGN4xIMS.js                                 7.54 kB │ gzip:   2.13 kB
dist/assets/sewing-outsourcing-return-tracking-D55EO5Ky.js                7.58 kB │ gzip:   2.84 kB
dist/assets/workbench-CxcqPnLT.js                                         7.61 kB │ gzip:   3.12 kB
dist/assets/pda-cutting-transfer-bag-recovery-CuEDKtUB.js                 7.70 kB │ gzip:   3.22 kB
dist/assets/pcs-material-archive-detail-Xqg-IrMd.js                       7.71 kB │ gzip:   2.70 kB
dist/assets/supplement-node-facts-xAukcIQk.js                             7.77 kB │ gzip:   2.85 kB
dist/assets/production-contracts-CSN016Y7.js                              8.06 kB │ gzip:   2.74 kB
dist/assets/pda-cutting-transfer-bag-scrap-EnccIuwx.js                    8.08 kB │ gzip:   3.34 kB
dist/assets/progress-exception-lifecycle-BJx0gSBY.js                      8.09 kB │ gzip:   2.70 kB
dist/assets/routes-pms-O6khV5IC.js                                        8.24 kB │ gzip:   2.08 kB
dist/assets/statistics-jdm-s6uc.js                                        8.41 kB │ gzip:   3.65 kB
dist/assets/milestone-configs-BdaRcqXS.js                                 8.42 kB │ gzip:   2.95 kB
dist/assets/bom-templates-Br7_yp-y.js                                     8.47 kB │ gzip:   1.81 kB
dist/assets/pre-settlement-ledger-repository-BPvHjL1G.js                  8.64 kB │ gzip:   2.95 kB
dist/assets/pcs-pattern-library-config-DHwY3WRs.js                        8.73 kB │ gzip:   2.37 kB
dist/assets/fei-ticket-numbering-CEPA3uun.js                              8.81 kB │ gzip:   3.08 kB
dist/assets/warehouses-zI9ocKIC.js                                        8.83 kB │ gzip:   2.08 kB
dist/assets/pda-cutting-shared-84gPiReZ.js                                8.83 kB │ gzip:   2.71 kB
dist/assets/bom-templates-B1RrJHKE.js                                     8.83 kB │ gzip:   3.67 kB
dist/assets/navigation-context-nhTwowmC.js                                8.87 kB │ gzip:   2.46 kB
dist/assets/yarn-shipments-BEoo05tM.js                                    8.92 kB │ gzip:   4.04 kB
dist/assets/list-Bp8oKsO6.js                                              9.04 kB │ gzip:   3.01 kB
dist/assets/pda-login-nJxz7Qhh.js                                         9.09 kB │ gzip:   3.51 kB
dist/assets/dye-work-order-online-domain-B6Y0944a.js                      9.53 kB │ gzip:   3.55 kB
dist/assets/sewing-pickup-slips-CtBKHLAr.js                               9.56 kB │ gzip:   3.59 kB
dist/assets/production-return-fulfillment-COm7jaXM.js                    10.02 kB │ gzip:   3.82 kB
dist/assets/purchase-suggestions-Duv_PHLl.js                             10.15 kB │ gzip:   3.10 kB
dist/assets/trade-subjects-BabRU7mp.js                                   10.22 kB │ gzip:   3.72 kB
dist/assets/tmf-material-purchases-BC9ibpL2.js                           10.61 kB │ gzip:   3.67 kB
dist/assets/settings-BYHClJvZ.js                                         10.68 kB │ gzip:   3.22 kB
dist/assets/product-skus-B4SWOi2g.js                                     10.70 kB │ gzip:   4.12 kB
dist/assets/pms-handlers-B5iGfOfc.js                                     10.71 kB │ gzip:   2.36 kB
dist/assets/transit-receipts-DnZetZxA.js                                 10.95 kB │ gzip:   4.01 kB
dist/assets/task-breakdown-B4BO2RTa.js                                   11.01 kB │ gzip:   4.04 kB
dist/assets/presentation-BKbyaglz.js                                     11.02 kB │ gzip:   4.53 kB
dist/assets/tasks-BHqsIlz6.js                                            11.26 kB │ gzip:   4.32 kB
dist/assets/material-transfers-DHPsD7dc.js                               11.28 kB │ gzip:   3.91 kB
dist/assets/pda-exec-link-DZdhIeX7.js                                    11.32 kB │ gzip:   3.69 kB
dist/assets/material-prep-BDc_94RM.js                                    11.40 kB │ gzip:   2.68 kB
dist/assets/dyeing-warehouse-view-Ch4ihr6m.js                            11.46 kB │ gzip:   3.94 kB
dist/assets/warehouses-ILTC6SnD.js                                       11.69 kB │ gzip:   4.22 kB
dist/assets/process-statistics-domain-DKN6XvVp.js                        12.19 kB │ gzip:   3.97 kB
dist/assets/pickup-management-runtime-BxbBRNbQ.js                        12.20 kB │ gzip:   4.71 kB
dist/assets/task-execution-adapter-C3DdeLxT.js                           12.22 kB │ gzip:   3.67 kB
dist/assets/bom-detail-3nOJTYXQ.js                                       12.33 kB │ gzip:   4.32 kB
dist/assets/wls-inbound-BnDzJjPE.js                                      12.36 kB │ gzip:   4.75 kB
dist/assets/returns-CgL8sL2k.js                                          12.40 kB │ gzip:   4.57 kB
dist/assets/handover-print-CCmf8vst.js                                   12.42 kB │ gzip:   4.48 kB
dist/assets/cut-piece-return-warehouse-Dk4Q4Dca.js                       12.43 kB │ gzip:   4.36 kB
dist/assets/meta-DoO-xbln.js                                             12.79 kB │ gzip:   2.87 kB
dist/assets/context-0fy6C_Bm.js                                          12.97 kB │ gzip:   4.57 kB
dist/assets/responsibility-transfers-PGxchMw_.js                         13.03 kB │ gzip:   4.87 kB
dist/assets/supplements-D8I-UDPt.js                                      13.14 kB │ gzip:   4.73 kB
dist/assets/handover-records-L12qYvss.js                                 13.14 kB │ gzip:   4.13 kB
dist/assets/wls-finished-inbound-XX_VhTYC.js                             13.20 kB │ gzip:   5.01 kB
dist/assets/pda-start-link-B8uwP95e.js                                   13.37 kB │ gzip:   4.73 kB
dist/assets/work-orders-DDUHdbvG.js                                      13.84 kB │ gzip:   4.66 kB
dist/assets/mobile-execution-task-index-CGeUfstl.js                      13.96 kB │ gzip:   3.70 kB
dist/assets/workbench-BaEE77Od.js                                        14.03 kB │ gzip:   4.05 kB
dist/assets/work-order-detail-Dui0hYAX.js                                14.13 kB │ gzip:   4.47 kB
dist/assets/routes-wls-B6I6miyr.js                                       14.25 kB │ gzip:   3.76 kB
dist/assets/post-finishing-qc-print-template-CDVfVaD4.js                 14.45 kB │ gzip:   4.45 kB
dist/assets/work-orders-CA7dH-qF.js                                      14.70 kB │ gzip:   4.77 kB
dist/assets/reports-Bmrr45oS.js                                          14.75 kB │ gzip:   3.54 kB
dist/assets/full-flow-print-CVCf-d9k.js                                  14.89 kB │ gzip:   4.83 kB
dist/assets/progress-handover-order-CfVviApM.js                          15.06 kB │ gzip:   4.30 kB
dist/assets/pcs-engineering-tech-pack-workspace-wewTCmaK.js              15.18 kB │ gzip:   5.42 kB
dist/assets/cut-order-release-integration-CyZOOTtM.js                    15.21 kB │ gzip:   5.39 kB
dist/assets/machines-CPpoh7vr.js                                         15.31 kB │ gzip:   5.01 kB
dist/assets/outbound-orders-Bl8QXM7p.js                                  15.34 kB │ gzip:   4.92 kB
dist/assets/pda-cutting-task-detail-B4FDvo8y.js                          15.50 kB │ gzip:   5.38 kB
dist/assets/simple-cut-piece-handover-fixtures-oee8Ja-J.js               15.90 kB │ gzip:   5.27 kB
dist/assets/process-web-status-actions-_89FnC5c.js                       15.97 kB │ gzip:   4.24 kB
dist/assets/cut-order-supplement-fixture-BOXPx5xG.js                     15.97 kB │ gzip:   4.83 kB
dist/assets/progress-cutting-detail-rKQDokMv.js                          15.99 kB │ gzip:   3.76 kB
dist/assets/pda-sewing-self-return-D5ioka3b.js                           15.99 kB │ gzip:   5.26 kB
dist/assets/garment-spu-replacement-4IGe8-OP.js                          16.01 kB │ gzip:   4.85 kB
dist/assets/handover-ledger-view-CZifot8g.js                             16.17 kB │ gzip:   4.45 kB
dist/assets/wls-garment-relabel-tasks-EQB8HNR5.js                        16.20 kB │ gzip:   5.30 kB
dist/assets/pda-notify-due-soon-CYsoWwbk.js                              16.49 kB │ gzip:   5.52 kB
dist/assets/material-requirements-4vtkKoU0.js                            16.65 kB │ gzip:   5.64 kB
dist/assets/material-purchase-orders-CEipTbZG.js                         16.71 kB │ gzip:   5.17 kB
dist/assets/suppliers-CF8Vrskm.js                                        16.77 kB │ gzip:   4.64 kB
dist/assets/events-Ca3T4QLK.js                                           16.92 kB │ gzip:   6.63 kB
dist/assets/sewing-cut-piece-return-workflow-DsXoZoNC.js                 17.18 kB │ gzip:   6.07 kB
dist/assets/warehouse-qDqKRZAF.js                                        17.25 kB │ gzip:   5.36 kB
dist/assets/production-confirmation-A9OdaLd7.js                          17.25 kB │ gzip:   5.89 kB
dist/assets/marker-spreading-projection-QLIFypEo.js                      17.48 kB │ gzip:   5.53 kB
dist/assets/sewing-cut-piece-responsibility-DnAXEseY.js                  17.53 kB │ gzip:   5.26 kB
dist/assets/process-mobile-task-binding-CHAu_Ru6.js                      17.56 kB │ gzip:   6.14 kB
dist/assets/pda-handlers-CTsNbRdm.js                                     17.63 kB │ gzip:   4.64 kB
dist/assets/bom-detail-CmLVAcM6.js                                       17.74 kB │ gzip:   5.73 kB
dist/assets/adjustments-xF3ypkVn.js                                      18.11 kB │ gzip:   5.47 kB
dist/assets/pda-warehouse-inbound-records-BsbeC9se.js                    18.16 kB │ gzip:   5.10 kB
dist/assets/purchase-demands-BwE5h9yt.js                                 18.27 kB │ gzip:   5.86 kB
dist/assets/base-orders-Bz09EO90.js                                      18.30 kB │ gzip:   6.90 kB
dist/assets/platform-process-result-view-BF6T7wVK.js                     18.53 kB │ gzip:   5.32 kB
dist/assets/store-domain-statement-source-adapter-CaJB6pY_.js            18.56 kB │ gzip:   5.31 kB
dist/assets/sewing-outsourcing-workbench-_GsqbGER.js                     18.65 kB │ gzip:   6.46 kB
dist/assets/pda-warehouse-outbound-records-DWVSSAbm.js                   18.65 kB │ gzip:   5.32 kB
dist/assets/task-orders-ZIgXYUM_.js                                      18.69 kB │ gzip:   6.31 kB
dist/assets/pda-warehouse-shared-DnWjwOQK.js                             18.73 kB │ gzip:   5.59 kB
dist/assets/process-water-soluble-orders-BZaIHk3o.js                     18.80 kB │ gzip:   5.72 kB
dist/assets/production-demand-early-process-work-orders-BXSJHCZx.js      18.82 kB │ gzip:   5.60 kB
dist/assets/product-purchase-orders-BzO6T1aS.js                          18.90 kB │ gzip:   5.54 kB
dist/assets/materials-BA_owAdW.js                                        18.93 kB │ gzip:   4.79 kB
dist/assets/kol-goto-pda-domain-v-x11bdO.js                              19.16 kB │ gzip:   6.51 kB
dist/assets/platform.adapter-CSk9bE8N.js                                 19.25 kB │ gzip:   6.09 kB
dist/assets/shared-BoQlm3yA.js                                           19.47 kB │ gzip:   5.27 kB
dist/assets/audit-records-e6iuMfLY.js                                    19.65 kB │ gzip:   6.34 kB
dist/assets/stage-display-zMLyCzGN.js                                    19.65 kB │ gzip:   6.95 kB
dist/assets/units-d4wQzbbp.js                                            19.68 kB │ gzip:   5.88 kB
dist/assets/factory-sample-verification-flow-BTSDRjZI.js                 19.86 kB │ gzip:   4.87 kB
dist/assets/material-purchase-tracking-BIRvBgLY.js                       20.16 kB │ gzip:   6.30 kB
dist/assets/index-DQ0jnu-K.js                                            20.17 kB │ gzip:   5.20 kB
dist/assets/pcs-engineering-master-list-CJHRIIO_.js                      20.37 kB │ gzip:   6.91 kB
dist/assets/deduction-analysis-8uQKaWlr.js                               20.56 kB │ gzip:   5.82 kB
dist/assets/fei-ticket-numbering-B3UW0Pn9.js                             20.61 kB │ gzip:   5.67 kB
dist/assets/order-list-columns-KMOrOmId.js                               20.62 kB │ gzip:   6.46 kB
dist/assets/overview.adapter-BjevH3fY.js                                 20.65 kB │ gzip:   6.53 kB
dist/assets/events-D9eSDOdM.js                                           21.11 kB │ gzip:   6.52 kB
dist/assets/work-order-detail-CruT1eD9.js                                21.13 kB │ gzip:   6.65 kB
dist/assets/pcs-engineering-master-view-model-ClGplUzc.js                21.18 kB │ gzip:   7.03 kB
dist/assets/suppliers-FoEYlaU_.js                                        21.38 kB │ gzip:   6.81 kB
dist/assets/cut-piece-returns-BVVBinPq.js                                21.55 kB │ gzip:   6.47 kB
dist/assets/cut-piece-handover-oVS-VErm.js                               21.75 kB │ gzip:   6.93 kB
dist/assets/tasks-Cygw9KLN.js                                            21.99 kB │ gzip:   6.96 kB
dist/assets/progress-cutting-overview-DBcFE4Kq.js                        22.02 kB │ gzip:   4.99 kB
dist/assets/material-issue-BaYk1Rqn.js                                   22.02 kB │ gzip:   5.16 kB
dist/assets/pms-purchase-orders-Bp5mr1oK.js                              22.06 kB │ gzip:   6.46 kB
dist/assets/pcs-project-detail-support-C1ZatEuL.js                       22.10 kB │ gzip:   6.80 kB
dist/assets/qc-workbench-BPNdWRdf.js                                     22.32 kB │ gzip:   6.88 kB
dist/assets/dye-work-order-online-view-ChAEV0Fm.js                       22.47 kB │ gzip:   7.73 kB
dist/assets/recheck-orders-CKmkVqO8.js                                   22.50 kB │ gzip:   7.05 kB
dist/assets/production-order-duration-DxI-73BS.js                        22.50 kB │ gzip:   8.55 kB
dist/assets/warehouse-location-map-model-BcZDnNxE.js                     22.52 kB │ gzip:   7.15 kB
dist/assets/subject-operations-B8TWlCsP.js                               22.57 kB │ gzip:   7.00 kB
dist/assets/material-statements-B5dmanxB.js                              22.71 kB │ gzip:   5.99 kB
dist/assets/progress-statistics-linkage-BDSzbuoG.js                      22.82 kB │ gzip:   6.52 kB
dist/assets/simple-cut-piece-handover-ui-DVqkN3Fb.js                     23.04 kB │ gzip:   8.89 kB
dist/assets/wls-accessory-receipts-D-MzbqmA.js                           23.10 kB │ gzip:   6.98 kB
dist/assets/purchase-suggestions-7dm2cA3y.js                             23.20 kB │ gzip:   7.25 kB
dist/assets/process-order-task-links-CEIMVOxg.js                         23.57 kB │ gzip:   6.43 kB
dist/assets/process-print-orders-CDd3lAXr.js                             23.59 kB │ gzip:   7.73 kB
dist/assets/qc-orders-B0ed0KKn.js                                        23.61 kB │ gzip:   7.31 kB
dist/assets/pcs-handlers-C6YyR0TF.js                                     23.63 kB │ gzip:   6.11 kB
dist/assets/process-dye-orders-CQDx-_Sy.js                               23.77 kB │ gzip:   7.81 kB
dist/assets/machine-associations-xONYxXC6.js                             24.42 kB │ gzip:   7.25 kB
dist/assets/fcs-production-tech-pack-snapshot-nJdTrTJ-.js                24.58 kB │ gzip:   6.16 kB
dist/assets/retired-process-history-B26N3-2W.js                          24.75 kB │ gzip:   6.40 kB
dist/assets/dialogs-BY1WGpwx.js                                          24.87 kB │ gzip:   6.15 kB
dist/assets/wls-fabric-demand-board-Rhht9-y4.js                          25.08 kB │ gzip:   6.86 kB
dist/assets/kol-demands-Dh1X6b3-.js                                      25.29 kB │ gzip:   7.34 kB
dist/assets/supplier-supply-archives-C7rO6oVL.js                         25.58 kB │ gzip:   7.42 kB
dist/assets/pda-warehouse-wait-handover-PT-gagzP.js                      25.61 kB │ gzip:   6.37 kB
dist/assets/sample-approval-suggestions-BoypcblG.js                      25.93 kB │ gzip:   7.97 kB
dist/assets/progress-milestone-config-Bx8I_nk8.js                        26.43 kB │ gzip:   5.64 kB
dist/assets/sample-warehouse-2VDm_W7k.js                                 26.63 kB │ gzip:   6.61 kB
dist/assets/marker-spreading-utils-BXCZQ2tw.js                           26.72 kB │ gzip:   7.83 kB
dist/assets/third-party-factory-rating-DJ2EZqNU.js                       27.03 kB │ gzip:   7.57 kB
dist/assets/warehouse-location-map-DqVTM89D.js                           27.06 kB │ gzip:   7.08 kB
dist/assets/pcs-channel-products-CmaAM-xb.js                             27.09 kB │ gzip:   7.17 kB
dist/assets/pcs-pattern-library-detail-B6um_-4l.js                       27.58 kB │ gzip:   6.56 kB
dist/assets/pda-wool-fact-execution-Dj-J3zZi.js                          27.84 kB │ gzip:   9.27 kB
dist/assets/warehouse-BuT0xxhR.js                                        28.08 kB │ gzip:   9.32 kB
dist/assets/material-purchase-orders-BaKc3w3R.js                         28.12 kB │ gzip:   8.26 kB
dist/assets/production-order-progress-tracking-U0gtt6_u.js               28.21 kB │ gzip:   9.21 kB
dist/assets/factory-status-pZcXG11L.js                                   28.39 kB │ gzip:   6.00 kB
dist/assets/pcs-engineering-master-detail-D2ELb26n.js                    28.51 kB │ gzip:   8.35 kB
dist/assets/logistics-reconciliations-B3Djtc8Q.js                        28.83 kB │ gzip:   8.85 kB
dist/assets/marker-plan-source-model-D3kr_rjv.js                         28.86 kB │ gzip:   8.45 kB
dist/assets/progress-cutting-exception-center-CqrP0h4F.js                29.08 kB │ gzip:   6.45 kB
dist/assets/material-reconciliations-BZPFo-JW.js                         29.27 kB │ gzip:   8.85 kB
dist/assets/handover-orders-DbSuGaGM.js                                  30.04 kB │ gzip:   8.25 kB
dist/assets/early-process-management-D4DHwHAr.js                         30.06 kB │ gzip:   7.56 kB
dist/assets/pcs-config-workspace-DB07Bz4C.js                             30.75 kB │ gzip:   6.77 kB
dist/assets/capability-BD3Ec9nv.js                                       31.61 kB │ gzip:   6.67 kB
dist/assets/material-archives-ZvNXt4B-.js                                31.90 kB │ gzip:   7.91 kB
dist/assets/factory-performance-Ds8OFQKE.js                              32.27 kB │ gzip:   6.72 kB
dist/assets/garment-spu-replacements-liuPKAEG.js                         32.30 kB │ gzip:   9.07 kB
dist/assets/task-detail-d8EhQUwv.js                                      32.45 kB │ gzip:   9.60 kB
dist/assets/dialogs-DLTSSWCm.js                                          32.55 kB │ gzip:   9.78 kB
dist/assets/pda-shell-Crl3PlXZ.js                                        32.91 kB │ gzip:   8.68 kB
dist/assets/process-warehouse-domain-zxxxaLzy.js                         32.98 kB │ gzip:   7.51 kB
dist/assets/cut-piece-return-domain-DtWYaGhS.js                          33.09 kB │ gzip:   9.74 kB
dist/assets/pda-cutting-inbound-i-cjA7Mo.js                              33.44 kB │ gzip:  10.01 kB
dist/assets/store-domain-settlement-seeds-DVvHmZTM.js                    33.63 kB │ gzip:   8.97 kB
dist/assets/pcs-pattern-library-BlhqkL0h.js                              33.64 kB │ gzip:   7.62 kB
dist/assets/warehouse-runtime-CAdChU7T.js                                33.70 kB │ gzip:   8.62 kB
dist/assets/payment-requests-978ObjDZ.js                                 33.93 kB │ gzip:   8.90 kB
dist/assets/stage-orders-DxFqTMeP.js                                     34.11 kB │ gzip:  10.44 kB
dist/assets/first-leg-logistics-BL42-hzF.js                              34.45 kB │ gzip:   9.00 kB
dist/assets/pda-warehouse-stocktake-D1gLb7H4.js                          34.46 kB │ gzip:   8.63 kB
dist/assets/stage-order-detail-CxgOE8MH.js                               34.49 kB │ gzip:   9.99 kB
dist/assets/work-orders-CFF-i20d.js                                      34.50 kB │ gzip:  11.55 kB
dist/assets/work-order-detail-Cf4Mot_b.js                                34.57 kB │ gzip:   9.39 kB
dist/assets/pda-post-finishing-flow-BQ1nt3Xx.js                          34.79 kB │ gzip:   9.27 kB
dist/assets/dispatch-acceptance-sla-CtDcr_TW.js                          34.91 kB │ gzip:   7.87 kB
dist/assets/pda-task-receive-detail-C9xjkyJw.js                          35.22 kB │ gzip:   8.42 kB
dist/assets/pending-receipts-CLDj17pB.js                                 35.27 kB │ gzip:  10.61 kB
dist/assets/water-soluble-orders-BDxVh4DH.js                             35.86 kB │ gzip:  10.76 kB
dist/assets/pda-cutting-transfer-bag-repack-DLGG1ng2.js                  35.90 kB │ gzip:  10.08 kB
dist/assets/work-order-detail-CtAzB-A7.js                                36.11 kB │ gzip:   9.66 kB
dist/assets/pcs-technical-data-443zK5lj.js                               36.78 kB │ gzip:   9.80 kB
dist/assets/pcs-pattern-library-create-Bs-rt1Ya.js                       36.89 kB │ gzip:   8.61 kB
dist/assets/special-processes-BzoWpJET.js                                37.19 kB │ gzip:   9.50 kB
dist/assets/first-leg-carriers-D1IlfTb7.js                               37.35 kB │ gzip:   9.88 kB
dist/assets/third-party-factory-comprehensive-assessment-D0ASl7JE.js     37.39 kB │ gzip:  11.03 kB
dist/assets/pda-quality-B3nLUF-A.js                                      37.40 kB │ gzip:   9.77 kB
dist/assets/product-purchase-orders-Cdx1R_-M.js                          37.56 kB │ gzip:   9.20 kB
dist/assets/cutting-statistics-ab-material-DLsAqabJ.js                   38.09 kB │ gzip:   8.61 kB
dist/assets/payment-requests-BY08yfkO.js                                 38.14 kB │ gzip:   9.94 kB
dist/assets/warehouse-BtDxY-0_.js                                        38.50 kB │ gzip:  10.90 kB
dist/assets/fcs-handlers-BLrfBniw.js                                     38.95 kB │ gzip:  11.65 kB
dist/assets/pda-cutting-handover-Cdfl1xvw.js                             38.97 kB │ gzip:  11.05 kB
dist/assets/first-leg-shipments-B4ABXZbZ.js                              39.82 kB │ gzip:   9.86 kB
dist/assets/wait-handover-runtime-Db2flGdt.js                            41.22 kB │ gzip:  11.19 kB
dist/assets/print-styles-Db6ZfBPf.js                                     41.87 kB │ gzip:   8.58 kB
dist/assets/pending-receipts-qDFFyYzt.js                                 43.19 kB │ gzip:  15.36 kB
dist/assets/pcs-material-archives-CbTpZURC.js                            43.89 kB │ gzip:   9.60 kB
dist/assets/cutting-summary-DdghwgVY.js                                  44.04 kB │ gzip:  11.49 kB
dist/assets/warehouse-CJLeGjcR.js                                        44.11 kB │ gzip:  11.17 kB
dist/assets/handover-orders-DY9nt64t.js                                  44.18 kB │ gzip:   8.79 kB
dist/assets/demand-domain-BRk9Vfeq.js                                    44.54 kB │ gzip:   9.88 kB
dist/assets/warehouse-DNTi60LB.js                                        46.18 kB │ gzip:  10.74 kB
dist/assets/batches-tlQMUay_.js                                          46.41 kB │ gzip:   9.84 kB
dist/assets/dispatch-tenders-GdbXKlbz.js                                 47.24 kB │ gzip:  12.25 kB
dist/assets/dyeing-dNL7lZ7O.js                                           47.45 kB │ gzip:  10.18 kB
dist/assets/printing-IyvDSvxS.js                                         47.45 kB │ gzip:  10.18 kB
dist/assets/other-DmYfoyOI.js                                            47.46 kB │ gzip:  10.19 kB
dist/assets/settlement-linked-mock-factory-u0w98rnu.js                   47.63 kB │ gzip:  14.44 kB
dist/assets/sewing-CiGYJUZ9.js                                           48.47 kB │ gzip:  10.52 kB
dist/assets/progress-material-3DGLVrAN.js                                48.72 kB │ gzip:   9.35 kB
dist/assets/material-inventory-BBF0Wu7y.js                               48.95 kB │ gzip:  12.56 kB
dist/assets/pda-task-receive-JDL8QsZR.js                                 49.14 kB │ gzip:  12.22 kB
dist/assets/supplier-confirmations-C27uwsxT.js                           49.84 kB │ gzip:  12.86 kB
dist/assets/pda-cutting-execution-source-DIQqHpGi.js                     49.90 kB │ gzip:  13.49 kB
dist/assets/pda-onboarding-TvOlIpKZ.js                                   50.52 kB │ gzip:  10.77 kB
dist/assets/marker-plan-model-CSOgAGsK.js                                51.50 kB │ gzip:  14.70 kB
dist/assets/pda-handover-Br5gX9Xx.js                                     52.11 kB │ gzip:  13.86 kB
dist/assets/store-domain-progress-BabPwLam.js                            53.10 kB │ gzip:  11.77 kB
dist/assets/settlement-cutting-input-B7WXQkIA.js                         53.56 kB │ gzip:  11.03 kB
dist/assets/lace-factory-domain-CK--dX9N.js                              53.67 kB │ gzip:  13.39 kB
dist/assets/pcs-part-template-library-gYUfUX1I.js                        53.77 kB │ gzip:  11.06 kB
dist/assets/progress-urge-CFLAim-p.js                                    56.35 kB │ gzip:  11.39 kB
dist/assets/pda-cutting-spreading-BTeo1PPp.js                            56.56 kB │ gzip:  13.08 kB
dist/assets/warehouse-location-map-BF0or7SU.js                           56.79 kB │ gzip:  16.84 kB
dist/assets/marker-plan-occupancy-MzhcaNL-.js                            57.09 kB │ gzip:  16.02 kB
dist/assets/domain-snapshot-Cb53R8-7.js                                  59.32 kB │ gzip:  15.87 kB
dist/assets/cut-piece-release-Wm9eHC9D.js                                60.06 kB │ gzip:  15.81 kB
dist/assets/pda-settlement-CODGwlWr.js                                   60.08 kB │ gzip:  13.66 kB
dist/assets/routes-fcs-e6CdHZLt.js                                       60.31 kB │ gzip:  12.62 kB
dist/assets/factory-profile-iXQbF6LG.js                                  61.11 kB │ gzip:  14.02 kB
dist/assets/pickup-management-list-B1x9Jkan.js                           61.39 kB │ gzip:  17.10 kB
dist/assets/pcs-live-testing-By5UdVAs.js                                 62.65 kB │ gzip:  15.76 kB
dist/assets/cutting-DFejtvkd.js                                          62.79 kB │ gzip:  12.94 kB
dist/assets/progress-handover-B2-SQRZq.js                                63.78 kB │ gzip:  13.54 kB
dist/assets/production-object-overview-g0C4cse7.js                       64.69 kB │ gzip:  13.11 kB
dist/assets/pcs-video-testing-Bz8eBAZZ.js                                64.82 kB │ gzip:  16.18 kB
dist/assets/production-object-overview-pvFay8Kg.js                       65.32 kB │ gzip:  15.34 kB
dist/assets/output-documents-BFOPk906.js                                 65.92 kB │ gzip:  22.54 kB
dist/assets/pda-exec-Dw-OG8xW.js                                         66.88 kB │ gzip:  15.30 kB
dist/assets/pcs-sample-management-BrlqinWS.js                            67.47 kB │ gzip:  15.34 kB
dist/assets/core-C3iq52PD.js                                             67.54 kB │ gzip:  12.55 kB
dist/assets/cutting-daily-production-report-BsHJlb65.js                  68.05 kB │ gzip:  19.05 kB
dist/assets/pcs-channel-stores-neVrjuAs.js                               69.22 kB │ gzip:  14.30 kB
dist/assets/context-BxZiGYsI.js                                          69.43 kB │ gzip:  21.33 kB
dist/assets/sewing-dispatch-V4D_3nqB.js                                  69.49 kB │ gzip:  18.07 kB
dist/assets/progress-exceptions-i7uduaTb.js                              70.30 kB │ gzip:  13.27 kB
dist/assets/qc-records-D9VKLjqT.js                                       71.00 kB │ gzip:  15.94 kB
dist/assets/wait-handover-actions-CYU1MAIO.js                            71.83 kB │ gzip:  18.16 kB
dist/assets/special-craft-fei-ticket-flow-BwrBHiCm.js                    72.43 kB │ gzip:  16.43 kB
dist/assets/transfer-bags-BpqcwEe4.js                                    72.79 kB │ gzip:  18.40 kB
dist/assets/factory-onboarding-DtaluXrR.js                               75.21 kB │ gzip:  12.66 kB
dist/assets/pda-handover-detail-3fwQA775.js                              75.36 kB │ gzip:  18.43 kB
dist/assets/settlement-CCWYhMBw.js                                       75.54 kB │ gzip:  11.55 kB
dist/assets/dialogs-eUlmpD17.js                                          75.66 kB │ gzip:  18.69 kB
dist/assets/orders-domain-DGcgi2aO.js                                    76.23 kB │ gzip:  16.86 kB
dist/assets/pcs-independent-sampling-CFG9sWh3.js                         76.92 kB │ gzip:  19.55 kB
dist/assets/runtime-projections-D94jjZZJ.js                              78.01 kB │ gzip:  18.43 kB
dist/assets/transfer-bag-operations-Dc_fkz1U.js                          78.06 kB │ gzip:  19.27 kB
dist/assets/process-action-writeback-service-QQxPeZYH.js                 78.08 kB │ gzip:  17.83 kB
dist/assets/production-progress-CyxLxDMB.js                              80.58 kB │ gzip:  20.32 kB
dist/assets/pda-warehouse-wait-process-BEm18hZx.js                       87.24 kB │ gzip:  21.11 kB
dist/assets/events-CaQJu_nK.js                                           90.02 kB │ gzip:  22.18 kB
dist/assets/factory-onboarding-flow-CVuDb2Qh.js                          90.59 kB │ gzip:  23.31 kB
dist/assets/dispatch-DKnYFcc9.js                                         91.34 kB │ gzip:  27.77 kB
dist/assets/cut-orders-BRRbVOVW.js                                       94.66 kB │ gzip:  24.40 kB
dist/assets/special-craft-task-orders-0o5pQmJv.js                        99.16 kB │ gzip:  26.80 kB
dist/assets/pcs-product-archives-CWZ7jL_4.js                            106.20 kB │ gzip:  21.45 kB
dist/assets/index-BoL4SJLF.js                                           109.43 kB │ gzip:  39.83 kB
dist/assets/app-shared-CI7Lw1Ed.js                                      109.79 kB │ gzip:  26.87 kB
dist/assets/transfer-bag-return-model-j3Pxv2hb.js                       112.94 kB │ gzip:  26.62 kB
dist/assets/supplement-management-CNi3ts53.js                           113.22 kB │ gzip:  29.91 kB
dist/assets/unified-dispatch-workbench-p-zuCl0a.js                      117.95 kB │ gzip:  33.07 kB
dist/assets/statements-B9hNN87n.js                                      119.48 kB │ gzip:  24.44 kB
dist/assets/events-CkAZqNzb.js                                          121.20 kB │ gzip:  31.26 kB
dist/assets/pcs-engineering-tasks-CAAzOO2P.js                           121.82 kB │ gzip:  27.76 kB
dist/assets/context-BnqEFHBV.js                                         132.99 kB │ gzip:  34.39 kB
dist/assets/production-D9nnQF1j.js                                      133.88 kB │ gzip:  27.37 kB
dist/assets/process-domain-Ce3udmkM.js                                  138.94 kB │ gzip:  25.96 kB
dist/assets/generated-fei-tickets-BPrYORfu.js                           143.00 kB │ gzip:  36.15 kB
dist/assets/preparation-timing-BXaT-ltp.js                              145.93 kB │ gzip:  34.38 kB
dist/assets/marker-plan-7n42VTQq.js                                     150.09 kB │ gzip:  35.39 kB
dist/assets/warehouse-hub-Bd4PfDNe.js                                   152.71 kB │ gzip:  37.95 kB
dist/assets/marker-spreading-DPzg3DuZ.js                                154.06 kB │ gzip:  37.72 kB
dist/assets/return-inbound-Dlq-cMz2.js                                  183.42 kB │ gzip:  33.52 kB
dist/assets/fei-tickets-BTzN9sa9.js                                     196.51 kB │ gzip:  43.85 kB
dist/assets/index--GzcKvNw.js                                           210.12 kB │ gzip:  66.49 kB
dist/assets/index-BDl1s9Aj.js                                           221.98 kB │ gzip:  52.00 kB
dist/assets/pcs-projects-DZGsx6VJ.js                                    232.17 kB │ gzip:  50.52 kB
dist/assets/pda-exec-detail-Batv_YlB.js                                 233.98 kB │ gzip:  54.27 kB
dist/assets/print-preview-BkqkH_D3.js                                   257.70 kB │ gzip:  66.68 kB
dist/assets/production-timeliness-DhRfwS4s.js                           459.91 kB │ gzip: 115.02 kB
dist/assets/pda-CxomJwYP.js                                             511.79 kB │ gzip:  85.32 kB
dist/assets/production-source-shared-Bk3YLL-P.js                      2,918.65 kB │ gzip: 725.82 kB

(!) Some chunks are larger than 550 kB after minification. Consider:
- Using dynamic import() to code-split the application
- Use build.rollupOptions.output.manualChunks to improve chunking: https://rollupjs.org/configuration-options/#output-manualchunks
- Adjust chunk size limit for this warning via build.chunkSizeWarningLimit.
✓ built in 8.72s
