
> higoods-vanilla-clone@1.0.0 build
> npm run typecheck:engineering && npm test && vite build


> higoods-vanilla-clone@1.0.0 typecheck:engineering
> npm run typecheck:entrypoints && npm run typecheck:scopes


> higoods-vanilla-clone@1.0.0 typecheck:entrypoints
> tsc --project tsconfig.engineering.json


> higoods-vanilla-clone@1.0.0 typecheck:scopes
> node scripts/check-typescript-scope.mjs src/domain/ src/components/ui/ src/state/

TypeScript 全量既有错误：61
本次渐进检查范围：src/domain/、src/components/ui/、src/state/
范围内错误：0
范围外既有错误保留在全量 typecheck 中继续分批治理。

> higoods-vanilla-clone@1.0.0 test
> npm run test:unit


> higoods-vanilla-clone@1.0.0 test:unit
> node --import tsx --test tests/unit/*.test.ts

✔ 浏览器存储封装保持读写删除语义 (0.381291ms)
✔ 浏览器存储不可用或抛错时保持静默降级 (0.081875ms)
(node:12785) ExperimentalWarning: localStorage is not available because --localstorage-file was not provided.
(Use `node --trace-warnings ...` to show where the warning was created)
✔ MIG-001/002/006: management entry and handlers belong to FCS; PFOS keeps execution (3.026167ms)
✔ MIG-003/007: prep and execution read the same early order identities, quantities and match status (4179.300959ms)
✔ MIG-004/009: migrated dialogs retain candidate fields, actual material image and task outputs (0.781791ms)
✔ MIG-011: management and execution use the same seven business display columns (7.885875ms)
✔ MIG-007: early dye/print creation and cancellation survive reload (4012.589792ms)
✔ 解析带标签、小数和空格的长度数量 (0.988666ms)
✔ 解析卷数并对不合法文本返回 0 (0.289958ms)
✔ 证据文件标识把连续空白收口为单个连字符 (0.3125ms)
(node:12788) ExperimentalWarning: localStorage is not available because --localstorage-file was not provided.
(Use `node --trace-warnings ...` to show where the warning was created)
✔ 设计改款可成批生成染色和印花加工单，且完整投影来源与上下游 (1970.948375ms)
✔ 设计改款加工单生成幂等，重复请求不增加单据 (16.805458ms)
✔ 同一设计改款任务的不同颜色和 BOM 行分别生成加工单 (13.89825ms)
✔ 成批提交失败时染色与印花加工单一起回滚 (11.569916ms)
✔ 设计改款来源缺关键引用或来源未知时必须阻断 (0.179958ms)
(node:12789) ExperimentalWarning: localStorage is not available because --localstorage-file was not provided.
(Use `node --trace-warnings ...` to show where the warning was created)
✔ 设计改款加工单等待买手审核成果，绑定真实附件后才可安排，先染后印继续受前序交出约束 (697.957292ms)
✔ 专业成果没有真实附件时保持未绑定 (8.940583ms)
(node:12790) ExperimentalWarning: localStorage is not available because --localstorage-file was not provided.
(Use `node --trace-warnings ...` to show where the warning was created)
✔ 可打印不等于可建交出单，必须完成真实标签打印 (1.557166ms)
✔ 卷规格无效时不可建交出单，且不改变原可打印判定语义 (0.234625ms)
✔ 人工完成印花加工单不再自动填充操作人 (454.681584ms)
✔ 日报窗口含截止日7天，重点日均独立使用前6天 (0.465167ms)
✔ 未知采购不填0，未BOM不输出完整确定订单需求 (0.125958ms)
✔ 突变必须绝对量与比例同时达到阈值 (0.06375ms)
✔ 截止日突变示例与未完结日不判定 (0.057375ms)
✔ 共享商品按SPU去重而不按关联行累加销量 (0.096417ms)
✔ 预选不产生确定用料；BOM需求保留物料归属 (1.205459ms)
✔ 同料BOM优先于预选，不重复关系及需量 (0.296125ms)
✔ 两个业务页具有独立容器、标准分页与证据边界 (18.802333ms)
✔ 未进入物料页面时 bridge 不加载业务；加载失败重试后首次渲染即已注册 (2.897583ms)
✔ click 分组顺序、短路、选择器范围保持原行为，重新注册替换旧处理器 (0.542ms)
✔ 备料写入守卫读取实时角色与水位，阻断时不调用业务处理器 (0.353709ms)
✔ input/change/keyboard 原入口、筛选范围和 change 优先级完整保留 (0.291959ms)
✔ health groups are exhaustive and mutually exclusive in demo (0.749375ms)
✔ coverage and baseline use same inventory plus transit but distinct demand windows (0.065125ms)
✔ zero demand is unavailable rather than infinity and huge finite quotient stays finite (0.08675ms)
✔ date selects different consistent snapshot (0.085792ms)
✔ threshold changes alter classification without changing facts (0.063958ms)
✔ health view carries core P1 business sections and mock caveat (15.349375ms)
✔ AT16 rules do not substitute brand, size or packaging method (1.004792ms)
✔ AT24 equal priority conflict blocks resolution and identifies rules (0.755416ms)
✔ higher explicit priority resolves a lower priority overlap (0.478625ms)
✔ plans distinguish garments and parcels and add loss once (0.425333ms)
✔ AT18 white pendant stock only allocated once (0.170416ms)
✔ event duplicate and old revision do not add consumption; reprints are activity only (0.232667ms)
✔ conflicting same revision fails instead of silently choosing a payload (4.504708ms)
✔ AT17/19/20 panel states unresolved ASAYA, independent kit80 and unknown ribbon (0.323458ms)
✔ trigger distinct from target, existing supply produces explainable zero (0.553041ms)
✔ missing mapping or usage and incompatible raw unit block unsafe generation (0.173333ms)
✔ generation reserves remaining once and shared raw pool across target rules (1.093167ms)
✔ production does not increase stock; actual SKU and output bound partial receipts (0.294667ms)
✔ cancelled suggestion releases commitment and raw allocation (0.130583ms)
✔ AT05 committed greige is not available for a second allocation (0.430584ms)
✔ AT06 partial receipt reduces expected supply; checking and qualified never duplicate (0.2975ms)
✔ AT07 unmapped target preserves quantities but gives no target coverage (0.07525ms)
✔ §7.2 loss reduces future supply; rejected receipts never become usable (0.0545ms)
✔ §7.3 unit/yield/route and conservation gaps block deterministic supply (0.093625ms)
✔ §7.3 candidate comparison reports remaining shortage and respects arrival deadline (0.122667ms)
✔ §7.3 zero gap stays zero and nonfinite inputs cannot produce advice (0.043958ms)
✔ panel uses owned local handlers and discloses mock and missing images (1.481125ms)
✔ P2 coefficients and coverage exclude transit (11.577834ms)
✔ P2 coverage buckets have exclusive shared boundaries (1.128416ms)
✔ P2 partial receipts and completed batches count remaining only (0.198167ms)
✔ P2 latest overdue selected only if no future batch; today included (0.29375ms)
✔ P2 search transit and ETA filters compose (0.378708ms)
✔ P2 zero demand and missing BOM preserve distinct nulls; micro demand excluded (0.156666ms)
✔ P2 standard table renders and limits initial rows to first page (10.857625ms)
✔ AT01/02 internal reservation stays in coverage while external reservation is deducted (11.477ms)
✔ AT03 quality segments are not usable (0.380416ms)
✔ AT04 partial receipt leaves remaining supply only (0.808917ms)
✔ AT08/38 late supply never erases earlier shortage (0.388791ms)
✔ AT09 intermediate deficit determines net need rather than positive closing balance (0.331292ms)
✔ AT10 MOQ and pack rounding, zero stays zero (0.25275ms)
✔ AT11 horizon begins at cutoff and is not expanded by lead time (0.419708ms)
✔ AT12 forecast covered by confirmed demand is excluded before coefficient (0.316958ms)
✔ AT13 no demand has no numeric coverage (0.184625ms)
✔ AT14 cancelling demand does not change stock (0.166959ms)
✔ AT15 latest event revision only (0.394625ms)
✔ AT16/17 directory preserves bag sizes and ASAYA duplicated input is one unresolved SKU (0.098791ms)
✔ AT18 three brands draw from one shared pool (0.111959ms)
✔ AT19/20 kit capacity respects minimum and missing conversion (0.072583ms)
✔ AT21 inactive/unusable stock remains physically visible (0.094459ms)
✔ AT23 affected order identifiers are unique (0.088459ms)
✔ AT25/26 draft does not mutate active and invalidates trial (0.05525ms)
✔ AT26/28 publish requires role and exact trial; history retained (0.1725ms)
✔ AT31 risk cannot close with remaining shortage or skip verification (0.1545ms)
✔ AT37 invalid dates, unknown timezone, bad numeric values rejected (0.08275ms)
✔ duplicate supply chain does not double count and blocks deterministic advice (0.076291ms)
✔ warehouse catalogue includes 17 locations and two garment warehouses (0.038292ms)
✔ candidate comparison retains pre-arrival risk (0.266792ms)
✔ SKU-specific policy wins and duplicate rules block publish (0.141ms)
✔ 路由标准化移除 query 与 hash，但不改动路径 (0.345042ms)
✔ 只匹配路由根或其子路径，不误匹配相似前缀 (0.117542ms)
✔ 可在多个合法根路径中匹配一个 (0.067959ms)
✔ 只把完整生产确认单打印路由识别为命中 (0.108541ms)
✔ 物流商新增字段保存回显并写入操作日志 (4.966958ms)
✔ 物流商数字字段非负校验与运输方式枚举校验 (0.532791ms)
✔ 渠道新增字段保存回显，条件计费字段按计费方式保留 (1.02775ms)
✔ 整柜渠道不要求新增计费字段，仍要求四箱型完整配置 (0.261375ms)
✔ 渠道数字字段非负与时效区间校验 (0.257542ms)
✔ 头程批次聚合展示总箱数、总重量、总体积与转运天数 (0.886167ms)
✔ 工序链按保存顺序生效，合法工序集合固定，非法或重复工序被拒 (2.463833ms)
✔ 坯布 SKU 必填，坯布库存为 0 时调拨资格被拒，补足后恢复 (0.679209ms)
✔ 采购单按勾选 SKU 生成明细，数量与枚举非法被拒 (0.314042ms)
✔ 调拨单可选择调出仓库与调入目标，同步生成加工单号链 (0.395417ms)
✔ 批量刷新库存更新全部监控行与刷新时间并写日志 (0.389917ms)
✔ 手动添加监控 SKU 校验 SKU 必填与重复，添加后进入列表 (0.479208ms)
✔ 物料申报扩展字段保存回显，26 项特殊属性按数组保存 (2.315166ms)
✔ 报关扩展：法定第二计量单位与数值，不报关分支跳过必填校验 (0.377917ms)
✔ BOM 业务选项与价格/成本、工厂、布料字段保存回显 (1.294541ms)
✔ 主体经营 9 项成本明细加调整重算总成本，数据缺失提醒可消除 (0.592709ms)
✔ 供应商从草稿到启用遵循状态机，名称唯一 (2.9255ms)
✔ 供货档案包装换算与快照版本 (0.185041ms)
✔ 物料全部有真实图片，采购补充信息可更新且不新增删除 (0.304542ms)
✔ 成衣与样衣 SKU 只读列表数据完整 (0.063ms)
✔ 仓库同步更新时间，单位字典唯一且不可删除只可启停 (0.262959ms)
✔ BOM 用量可修改，说明可保存，发布后可生成面辅料需求 (1.193916ms)
✔ 面辅料需求种子就绪且可按物料行下推采购单 (5.481083ms)
✔ 快递信息导入校验采购单存在、单号唯一、日期与数量合法 (0.471125ms)
✔ 国内签收、加入头程、状态推进与到仓自动签收 (0.875291ms)
✔ 供应商确认单需标签齐备，确认后回写采购单 (0.492292ms)
✔ 整柜渠道必须完整配置四个箱型，物流商可启停 (0.249375ms)
✔ 面辅料采购单可带原因关闭，关闭后不能再登记到货 (0.146084ms)
✔ 库存监控触发线与建议量公式，规则异常阻断建单 (1.78ms)
✔ 建单数量不得超过建议量，调拨与采购资格分别阻断 (0.140292ms)
✔ 中转看板指标、分布与筛选跳转规则 (0.229125ms)
✔ 生产单校验与配料任务只读数据完整，系统设置结果为 8/6/10 (0.084917ms)
✔ 种子采购单按 SRM 生成器规律补齐单据级与明细级字段 (1.537958ms)
✔ 新建做货采购单保存采购专员、加急、首单、区域与明细字段并可回显 (1.766458ms)
✔ 未传新增字段时沿用默认值并保持既有命令兼容 (0.395792ms)
✔ 采购专员必填、做货必须选区域、重量非负均抛出中文 PmsDomainError (0.575666ms)
✔ 编辑采购单保存新增字段并回显，非法输入被阻断 (0.604ms)
✔ BOM 状态与 bomMatched 一致，未发布 BOM 的做货明细为未匹配 (0.377375ms)
✔ 行采购金额使用 roundPmsQty 且汇总等于逐行金额之和 (0.260791ms)
✔ 采购建议按缺口公式与折扣计算，并计入有效 KOL 申请 (0.683375ms)
✔ KOL 草稿与已驳回不计入建议缺口 (0.0875ms)
✔ 建议转采购单后写回已转数量与部分生成状态 (2.114167ms)
✔ 面辅料需求按 BOM 用量与损耗扣减库存和采购中 (0.996834ms)
✔ 重复生成、草稿采购单与非做货采购单均被阻断 (0.251459ms)
✔ KOL 单条超量需要二次确认，超过申请量直接阻断 (0.538375ms)
✔ 驳回 KOL 需求后不再计入建议缺口 (0.232833ms)
✔ 关闭采购单必须填写原因且已关闭不可重复关闭 (0.285334ms)
✔ 主体经营明细总成本、毛利与毛利率公式 (2.986792ms)
✔ 面辅料对账：预计/实际双层公式，费用项与差异双重门禁 (3.613083ms)
✔ 面辅料费用项部分确认、批量确认与编辑失效 (0.486667ms)
✔ 请款草稿跨页创建、请款与付款上限、编辑范围 (0.585208ms)
✔ 物流实际费用 12 列导入校验、不自动确认与确认后锁定 (0.4145ms)
✔ 请款单作废释放来源对账，已有付款不能作废 (0.274083ms)
✔ 供应商账单 9 列导入覆盖实际层且不自动确认 (0.285417ms)
✔ 金额大写按 RMB 规则输出并覆盖跨节零 (0.1235ms)
✔ 生成卷号按前缀、每卷米数、重量与起始序号生成并写入包装明细 (5.363625ms)
✔ 生成卷号时尾卷承载剩余数量，卷数按采购数量与每卷米数自动取整 (0.977417ms)
✔ 非法卷号参数被拒绝并抛出中文域错误 (0.625625ms)
✔ 生成标签后二维码内容包含卷号与箱规，参与打印 (0.523833ms)
✔ 箱规新增自动计算体积，重复箱号与非法尺寸被拒，删除后计数正确 (0.514541ms)
✔ 包装明细可新增与删除，非法输入被拒且删除后计数正确 (0.425ms)
✔ 被包装明细引用的箱规不能删除 (0.204583ms)
✔ 供应商枚举与 SRM 完全一致，旧枚举不再出现 (0.69025ms)
✔ 种子字段满足 SRM 枚举且协同指标为数字 (0.120834ms)
✔ 新增字段保存并回显，成功命令写入操作日志 (1.111042ms)
✔ 编辑保存新增字段并保持状态机与事件名不变 (0.178666ms)
✔ 非法或缺失输入抛 PmsDomainError 且不写入数据 (0.204417ms)
✔ 详情与列表展示新增字段、SRM 枚举与协同指标 (13.196666ms)
(node:12812) ExperimentalWarning: localStorage is not available because --localstorage-file was not provided.
(Use `node --trace-warnings ...` to show where the warning was created)
✔ RETURN-010: only the acceptance week Sunday is skipped, for every starting weekday (0.574375ms)
✔ RETURN-004—010: both projections share counting dates and ceil targets (0.296167ms)
(node:12813) ExperimentalWarning: localStorage is not available because --localstorage-file was not provided.
(Use `node --trace-warnings ...` to show where the warning was created)
✔ 实际耗时跨周日仍按真实时间差；没有可靠时间不造耗时 (0.395667ms)
✔ 每任务都达成才结束；同一来源去重，作废明细不影响主表 (0.129875ms)
✔ 耗时页 Mock 至少覆盖九张生产单和全部节点，且下游事实不会越过未完成的前置节点 (757.063167ms)
✔ 裁片放行按一张放行单内的多次放行展示并选取节点起止时间 (31.930333ms)
(node:12814) ExperimentalWarning: localStorage is not available because --localstorage-file was not provided.
(Use `node --trace-warnings ...` to show where the warning was created)
✔ EXC-001—004: a reference mark cannot change debt, strict kits or final task responsibility (8.364666ms)
(node:12815) ExperimentalWarning: localStorage is not available because --localstorage-file was not provided.
(Use `node --trace-warnings ...` to show where the warning was created)
✔ 派单新增主档工厂可登记承接关系，未知工厂仍阻断 (1.547583ms)
✔ 专属任务保留整单身份、数量和接收方，工艺分支保留全部前置关系 (1.362625ms)
✔ 原生产单车缝任务仍可被 PPIC 分配与责任移交识别，SKU 总量完整 (2.483208ms)
(node:12816) ExperimentalWarning: localStorage is not available because --localstorage-file was not provided.
(Use `node --trace-warnings ...` to show where the warning was created)
✔ VERIFY-003: dispatch reads keep all documents and independent copies without projecting unrelated business views (518.810583ms)
(node:12817) ExperimentalWarning: localStorage is not available because --localstorage-file was not provided.
(Use `node --trace-warnings ...` to show where the warning was created)
✔ PERF-002/004: scoped receiving reads preserve direct receipts and allocations, without exposing mutable facts (13.833834ms)
✔ PERF-002/004: a synchronous relation read matches independent reads and releases its scope after errors (832.2015ms)
✔ PERF-004: batched print list reviews and handovers equal independently read facts (250.718208ms)
✔ PERF-004: scoped handovers keep canonical sorting and task point reads preserve identity (6.213125ms)
✔ PERF-004: reusing warehouse documents preserves each dye order source, quantity and receiver (173.322875ms)
(node:12818) ExperimentalWarning: localStorage is not available because --localstorage-file was not provided.
(Use `node --trace-warnings ...` to show where the warning was created)
✔ craft source selection preserves all previous source choices and isolated snapshots (15.251292ms)
✔ source eligibility is re-evaluated after a source order changes (0.118125ms)
(node:12819) ExperimentalWarning: localStorage is not available because --localstorage-file was not provided.
(Use `node --trace-warnings ...` to show where the warning was created)
✔ 验收数据至少包含 5 张染色和 5 张印花提前加工单，并覆盖全部匹配状态 (1571.746542ms)
✔ 印花专业成果把多张图片和多个文件统一保存在同一附件集合 (0.181583ms)
✔ 同一生产需求可手动选择具体专业任务，创建结果保存所选任务与全部成果附件 (124.471917ms)
✔ 创建提前加工单必须选择所属专业任务并明确加工厂 (0.556125ms)
✔ 计划加工数量包含损耗率，且染色印花投入与产出 SKU 必须不同 (0.1355ms)
✔ 专业成果未审核通过时不可创建提前加工单 (0.106041ms)
✔ 多个生产需求合并为一张生产单时，可匹配多张提前染色加工单 (52.565583ms)
✔ 等待技术包的提前单在技术包就绪后可由同一匹配服务自动重试 (21.238917ms)
✔ 合并生产单中只有部分需求有提前单时，只为未覆盖需求补建剩余数量 (137.81025ms)
✔ 已有提前单但正式 BOM 或 SKU 不一致时进入异常，且不重复补建同一工艺单 (104.231042ms)
✔ 取消后重建保留旧单，并建立双向替代关系 (2.107583ms)
✔ 没有提前加工单的需求仍保留正式加工单快照 (4.685375ms)
✔ BOM uses formally reduced quantity and leaves unsupported conversion unknown (0.736208ms)
✔ reuse retains one shared source instance and adds no duplicate processing duration (0.25025ms)
✔ a new rework/recheck round extends the dependency path two days and conserves qualified pieces (0.092667ms)
✔ date-only source is not coerced to a precise instant or exact deadline (0.092875ms)
✔ known order shipment can be timed without crediting an unknown production source (0.074541ms)
✔ waiting for actual fulfillment can be overall late while factory completion stays on time (0.06375ms)
✔ all six named cards render directly checkable evidence without changing production task facts (2.879333ms)
✔ all ten tasks have independent drill-down networks and one frozen aggregate snapshot (3.295375ms)
✔ 31-item dependency recursion proves 24 natural days and shows the actual sum/max formula (0.977041ms)
✔ improving procurement by ten days only improves whole-task timing by one day (0.383459ms)
✔ network rejects circular/missing dependencies and unknown is never zero time (0.676333ms)
✔ each complete standard mock network and live forecast agrees with the task summary (2.891416ms)
✔ quantity forecast finds a one-day risk before any actual deadline is missed (0.414417ms)
✔ all-natural-day clock includes Sundays, preserves timezones, equality is on time and one second is late (0.117291ms)
✔ already-overdue outranks forecast missing; historical completion stops the clock (0.084083ms)
✔ upstream two-day delay and local catch-up pressure are distinct from current-team fault (0.073916ms)
✔ manual forecast is local, propagates both earlier and later dates, and never relaxes baseline (0.740667ms)
✔ saving a manual forecast refreshes all affected node labels without pretending capacity was increased (0.604ms)
✔ zero capacity and stale progress never forecast zero remaining duration (0.148542ms)
✔ stock and purchase coverage do not imply factory readiness or a new purchase gap (0.153792ms)
✔ stock-only task still has transfer; purchased material must move beyond warehouse entry (0.058ms)
✔ batch schedule conserves shared capacity and 90 percent occurs at a real batch event (0.13525ms)
✔ customer cancellation without production allocation does not reduce any task (0.115667ms)
✔ excess shipment of one SKU cannot hide shortage of another (0.083959ms)
✔ duplicate, out-of-order and corrected quantity events conserve the effective sum (0.093166ms)
✔ shared work is counted once while merged source tasks preserve independent T0 and deadlines (0.109833ms)
✔ orders enter analysis only from actual shipment and have their own clock (0.154833ms)
✔ region and supply mode select rules together, unpublished candidate rules never apply (0.153166ms)
✔ filters share exact aggregate scope and date windows are left-closed right-open (0.368166ms)
✔ Chinese UI defaults and all scope options filter the intended task population (0.716625ms)
✔ Chinese risk shortcut agrees with risk KPI and does not accidentally select completed or overdue tasks (1.628333ms)
✔ Chinese date-field labels use due date, start date and predicted completion respectively (1.808125ms)
✔ team and stage filters match applicable work nodes rather than only current task responsibility (0.282292ms)
✔ V3 team and factory must match the same node and empty all-scope still keeps a task (0.118041ms)
✔ V3 unknown shipment has no percentage and completed work without deadline is not on time (0.084459ms)
✔ 恢复预测保留不同工作和日期的顺序，只合并连续相同计算且不改写历史 (4.569375ms)
✔ 同一调拨动作按国家和供给方式命中不同预算，候选规则不参与匹配 (0.691833ms)
✔ 同优先级重叠命中必须冲突，明确更高优先级例外才可覆盖 (0.441708ms)
✔ 数量档边界不得跨档或用默认预算掩盖无规则 (0.084708ms)
✔ 子项七天而组上限五天阻断，网络不被截短也不在组外重复加预算 (0.135542ms)
✔ 并行分支取最大值，循环和缺失前置不得算成零天 (0.138292ms)
✔ 工厂实收映射须有明细与物流批次，入库不冒充到厂，重复事件不累加 (0.148334ms)
✔ 投入产出、单位或质量门槛不合规，不能放行下游 (0.089166ms)
✔ 新版本仅记录显式重算范围，不能顺延旧基线或考核截止 (0.427917ms)
✔ 默认演示配置没有阻断，会议候选必须以提示保留 (0.097084ms)
✔ 选定在途W19规则从1改3，本地路线24改26而原始/生效截止与实际事实不变 (3.97325ms)
✔ 在途发布同层冲突、缺规则、缺映射或事件边界变化都不生成覆盖 (0.453208ms)
✔ 发布覆盖可从初始快照恢复且重复应用幂等，未选任务不受影响 (2.4755ms)
✔ 未完成调拨预算增加后，预测沿下游传播；已完成上游事实仍原样 (0.8345ms)
(node:12824) ExperimentalWarning: localStorage is not available because --localstorage-file was not provided.
(Use `node --trace-warnings ...` to show where the warning was created)
✔ 首次来源读取只创建当前存在的缺口，历史从本次观察开始 (1.557708ms)
✔ 事项键由任务、工作与类型生成，中文说明变化不新增事项 (0.318791ms)
✔ 缺款图形成独立事项，增加地址不等于款色对应核验通过 (0.261708ms)
✔ 登记责任期限不修改事实或关闭事项，只有后续来源读取确认恢复 (0.626875ms)
✔ 同一恢复事实重复核对不制造历史，缺口复现重新打开且保留期限 (0.276167ms)
✔ 任务或工作未返回、数量已知性字段消失均不是恢复证据 (0.253709ms)
✔ 来源身份变更不能在同一次读取中把旧缺口标为恢复 (0.208167ms)
✔ 未结构化来源审核项不因文字消失自动关闭 (0.203959ms)
✔ 本地持久化保留独立事项、责任、期限和恢复历史 (0.382542ms)
✔ 本地损坏记录不伪造历史、不覆盖旧内容、不允许假保存 (1.684041ms)
✔ 责任、期限、调整原因必填；存储失败给出未保存结果 (0.584334ms)
✔ 数据待补按事项分页和筛选，提供独立登记及来源刷新入口 (2.5685ms)
✔ 事项按自身负责人和修复期限筛选，不借任务跟单替代 (0.253791ms)
✔ 空在途范围不展示历史演示日期压力图 (2.243375ms)
✔ 未知预算仍保留串并行和汇合箭头，位置不依赖日期 (6.561792ms)
✔ 下游未开工且前置未完的逾期归为等待；根卡点标出具体工作和全部后继 (0.97075ms)
✔ 取消和已完成不是当前卡点，数据缺口不当执行逾期 (0.528292ms)
✔ 已开工工作即使前置未完，也保留其来源责任逾期并提示核对 (0.426125ms)
✔ 卡点范围仍显示上游参照及所有受影响后继，不显示无关支路 (0.972709ms)
✔ 单据摘要默认展开来源核心字段，不只展示时效 (0.719583ms)
✔ 需求摘要指向已存在的需求列表，入口不冒称独立详情 (0.424084ms)
✔ 缺少单据不得生成虚构摘要或默认完成数 (0.365875ms)
✔ 已实收的有效结束满足前置，取消前置不会被视为供给完成 (0.557125ms)
✔ 质检不合格仍是放行卡点，不因检验时间存在变为可放行 (0.483666ms)
✔ 来源已有不合格检验结果但缺建立时间时，不因前置未完而隐藏本项卡点 (0.822208ms)
✔ 作废且不计时不等于前置已完成；来源已阻断是明确卡点 (0.520583ms)
✔ 已知工作预算齐备但范围未确认时，公式页不得称作全程标准 (3.016791ms)
✔ 暂停或受阻工作不因遗留结束时间而放行下游 (2.203417ms)
✔ 生产准备初始化按编号读取定义与完整目录逐值一致，保留不存在时的契约 (1.77275ms)
✔ 单定义读取的可编辑数组保持隔离，不污染其他任务读取 (0.705292ms)
▶ execution source relations retain full facts without unrelated cold initialization
  ✔ cold read resolves real runtime scope and leaves print/dye execution ledgers untouched (184.818625ms)
  ✔ scoped cold result equals original complete enumeration after the same actual ID resolution (1431.111667ms)
  ✔ production with print/dye uses all existing preparation facts and keeps unknown IDs unknown (60.710667ms)
  ✔ live explicit cross-order reference and cancellation facts survive scoped reading (22.314084ms)
  ✔ real persisted cancellation restores through the original validated path in a new process (957.223875ms)
  ✔ QC reads real fact quantities and renders explicit missing artwork without placeholder network dependency (130.9835ms)
✔ execution source relations retain full facts without unrelated cold initialization (3142.367959ms)
(node:12828) ExperimentalWarning: localStorage is not available because --localstorage-file was not provided.
(Use `node --trace-warnings ...` to show where the warning was created)
✔ production source time uses explicit Shanghai time and rejects date-only completion (0.708667ms)
✔ DDS tasks use demand identity and do not invent preparation, budgets, shipment quantities or orders (2.063292ms)
✔ source bindings require existing same-style preparation and published technical version (0.347167ms)
✔ reuse preserves its source/version and does not add past preparation duration (0.363458ms)
✔ explicit unneeded work is excluded but unconfirmed missing work remains a decision, never zero-day completion (0.234458ms)
✔ explicit dependencies preserve parallel entries and repeated processes instead of serial sorting (0.59725ms)
✔ missing explicit predecessors do not become confirmed parallel roots (0.256083ms)
✔ missing predecessor and material SKU discontinuity block route certainty without fabricated edges (0.250208ms)
✔ cyclic source dependency stays a blocking issue and source objects remain unchanged (0.25375ms)
✔ read snapshot uses all current demand records without private Mock tasks or automatic same-style preparations (51.607792ms)
✔ continuous material SKU edges stay confirmed while an unconfirmed route remains pending (0.5465ms)
✔ unverified reuse does not fabricate a completed zero-day result (0.294083ms)
✔ binding writes only the DDS association key and is reflected by the next read (23.507917ms)
✔ execution source uses exact production-order identity, assigned factory and responsibility deadline (0.249459ms)
✔ only a unique exact technical entry binds execution to route; same-name and split executions stay independent (0.288708ms)
✔ preparation-only source cycles are blocked without depending on a technical pack branch (0.162625ms)
✔ source time and manual forecast stay separate from frozen rule examples and missing SLA (0.441583ms)
✔ cancelled execution is not a late blocker and unfinished status cannot borrow a stale completion timestamp (0.156916ms)
✔ document summaries are factual, compact strings; decisions without a document stay unbound (0.1125ms)
✔ formal preparation output connects the exact confirmation, route entry and production version (0.318083ms)
✔ technical object identity and its material photo are retained without using the style photo (0.118875ms)
✔ material transfer has serial dispatch, transport and receipt with separate responsibility and source identity (0.265625ms)
✔ approval, sent quantities and delivery-note registration cannot prove physical handout or logistics delivery (0.155084ms)
✔ actual handout starts transportation but factory receipt never backfills logistics delivery or reception start (0.109417ms)
✔ receipt quantities require the same source line, target factory and unit; mixed units never close reception (0.144792ms)
✔ voided transfers keep evidence but no effective supply or transport completion (0.096708ms)
✔ a document handout timestamp does not complete unshipped or partially shipped source lines (0.114791ms)
✔ only preparation-bound purchase documents are included, and purchase completion never invents warehouse arrival (0.127458ms)
✔ quality is scoped to its recorded sample and does not establish shipment orders or whole-order completion (0.155833ms)
✔ current source snapshot exposes matching handover, quality and transfer documents, not generic placeholders alone (9.124833ms)
✔ only a real same-version production order becomes a root execution predecessor (3.463833ms)
✔ task lead blocker matches dependency analysis instead of blaming an unstarted downstream deadline (0.344083ms)
✔ failed inspection exposes the concrete unqualified quantity as blocker reason (0.518958ms)
✔ category sample images never stand in for a source style; a dedicated source image is retained (0.412416ms)
(node:12829) ExperimentalWarning: localStorage is not available because --localstorage-file was not provided.
(Use `node --trace-warnings ...` to show where the warning was created)
✔ 当前非 Mock 需求可保存显式工作映射，序列化后可恢复且不改来源事实 (93.31575ms)
✔ 未保存映射、规则空天数、事件范围变化与同级冲突分别给出真实阻断 (4.473542ms)
✔ 同一工作不得存两份口径，来源身份变化或未知数量不允许保存 (3.770833ms)
✔ 工作单位不换算、通配值不充当事实、里程碑不重复加预算 (3.57425ms)
✔ 来源任务发布单项预算后保持整体待定，刷新覆盖和已有截止均保留 (4.436417ms)
✔ 缺准备或实发范围时即使要求首次建基线也阻断，并且不写覆盖 (11.912333ms)
✔ 已确认的未来发货工作尚无实发事实也可建 T0+最长路径基线，缺进度只影响预测 (4.337667ms)
✔ 已发布后来源工作身份变化，不把旧映射预算套到新单据 (5.187125ms)
✔ 配置页面保存映射到本地，空天数发布被阻断，填写预算后实际发布当前来源任务 (13.365ms)
✔ 查生产入口只在合法系统路由显示，并在打印与 PDA 路由隐藏 (0.593959ms)
✔ 相似前缀和相似打印段不会被当成合法路由 (0.071ms)
(node:12832) ExperimentalWarning: localStorage is not available because --localstorage-file was not provided.
(Use `node --trace-warnings ...` to show where the warning was created)
✔ PERF-001: runtime snapshot and all nine subsets preserve every production order value and caller isolation (14.703208ms)
✔ PERF-001: a subset read does not traverse or clone unrelated snapshot sections (0.191042ms)
✔ PERF-001: paper pattern binding strips and nested craft arrays remain isolated after mutation (0.301708ms)
✔ PERF-001: replacing or updating the bound snapshot is visible immediately without a stale cache (0.141917ms)
✔ PERF-001: missing production order keeps null and empty-list contracts (0.068417ms)
(node:12833) ExperimentalWarning: localStorage is not available because --localstorage-file was not provided.
(Use `node --trace-warnings ...` to show where the warning was created)
✔ VERIFY-003: scoped reads preserve pending/voided sources and defensive copies (2.460375ms)
✔ VERIFY-003: metadata lookup reflects registry changes and returns independent locations (4.718834ms)
✔ 并发调用复用同一个模块加载 Promise，成功后继续复用结果 (1.283167ms)
✔ 模块加载失败后清空缓存，下一次调用可以重试 (0.509292ms)
✔ 独立打印外壳只命中完整生产确认单打印路由 (0.470916ms)
✔ 既有固定打印路由仍使用独立打印外壳 (0.081916ms)
✔ 三个中央工厂在组织目录与执行工厂中身份一致且仅出现一次 (0.397125ms)
✔ 花边角色与采购映射归属TMF但供应方仍保留独立身份 (0.08225ms)
✔ 橡筋定长切割仍归SPF，不成为TMF织带截断任务 (0.085209ms)
✔ 旧浏览器组织记录迁移后不与权威TMF并存且保留已有联系人 (2.71675ms)
(node:12837) ExperimentalWarning: localStorage is not available because --localstorage-file was not provided.
(Use `node --trace-warnings ...` to show where the warning was created)
✔ 织带与绳子参考档案接入实际物料库，保留图片来源和未确认尺寸，不替换橡筋 (31.741084ms)
(node:12838) ExperimentalWarning: localStorage is not available because --localstorage-file was not provided.
(Use `node --trace-warnings ...` to show where the warning was created)
✔ N01～N05：通过现有 PMS 入口下达，每条采购链从零执行到仓库实收；交出不提前增加库存 (6.450583ms)
✔ B01/B03：短收保留在途和采购缺口；重复扫描、生成和刷新不双记 (1.809042ms)
✔ B02/B04：多收、错 SKU、错仓和无权限动作不改变任意下游数量；恢复后正常收齐 (5.457125ms)
✔ B23/B24：未开始跟随采购版本，已执行保留原计划和实物、挂出变更待处理 (6.690709ms)
✔ B21：保存失败不报成功、不留部分库存；成功后刷新读取同一采购和收货事实 (1.900875ms)
✔ 采购→两种规格截断→拆包回仓→分配发料→生产实收：短收保留缺口，库存及采购不双记 (19.407208ms)
✔ B09：其他需求占用400米时不能再占650；释放50后恢复，错误发料不改变库存 (5.081917ms)
✔ 需求来源：同尺码不同成衣SKU分别保留，BOM适用范围生效，错误快照和重复工序阻断 (0.564792ms)
✔ 待打头条料不计合格产出；超公差实物记不良且照实扣下料当量，未实收不可截断 (18.718542ms)
✔ N04：采购100米→单端硅胶按kg实耗→回仓发料→生产实收50根，连续料剩34米 (12.41575ms)
✔ B15：截断后取消保留1000根在制和1260米当量，释放未发占用并只退连续余料 (19.777042ms)
✔ 已回仓部分发料后取消：释放未发分配，冻结实存，已发在途保留且实收不恢复需求 (17.07025ms)
✔ 编辑器按尺码保留规格，截断打头不新建SKU，重复保存沿用节点身份 (1.616792ms)
✔ 前序印染产出SKU作为截断投入；保留独立橡筋工艺，移除打头后下游连接截断 (0.368958ms)
✔ 未明确打头、错误辅料BOM、无半成品和不合法前序不能生成可执行路线 (0.14675ms)
(node:12840) ExperimentalWarning: localStorage is not available because --localstorage-file was not provided.
(Use `node --trace-warnings ...` to show where the warning was created)
✔ N01：400 条 50CM 和 600 条 70CM 分行计算，共 620 米；未增加 SKU (1.25275ms)
✔ 缺少尺码数量、非整数条数、公差或测量条件时不猜测需求 (0.317625ms)
✔ B07：未选择打头、缺少端头方式或辅材不能确认；支持两端不同端头 (0.206041ms)
✔ N04/B08：硅胶按重量且必须有覆盖长度，不作为独立金属头计数 (0.093667ms)
✔ B18：打头只能承接对应截断条料，不能换 SKU、换长度或重新领连续料 (0.249ms)
✔ N05：规格相同可以合并，但尺码、用途和需求身份不靠物理规格键代替 (0.0865ms)
✔ B14：修改后续版本端头要求不能污染生产单历史快照 (0.427208ms)
ℹ tests 361
ℹ suites 0
ℹ pass 361
ℹ fail 0
ℹ cancelled 0
ℹ skipped 0
ℹ todo 0
ℹ duration_ms 6173.029167
vite v6.4.3 building for production...
transforming...
✓ 2647 modules transformed.
rendering chunks...
[plugin vite:reporter] 
(!) /Users/laoer/Documents/higoods/src/data/app-shell-config.ts is dynamically imported by /Users/laoer/Documents/higoods/src/router/routes.ts but also statically imported by /Users/laoer/Documents/higoods/src/components/shell.ts, /Users/laoer/Documents/higoods/src/state/store.ts, dynamic import will not move module into another chunk.

computing gzip size...
dist/index.html                                                           1.12 kB │ gzip:   0.61 kB
dist/assets/pcs-pattern-parse.worker-B3_rAVMB.js                         18.52 kB
dist/assets/source-views-23Nr_RHD.css                                    34.63 kB │ gzip:   7.04 kB
dist/assets/index-B8GzFigb.css                                          155.27 kB │ gzip:  25.43 kB
dist/assets/pcs-project-demo-seed-service-COOi2Kbg.js                     0.06 kB │ gzip:   0.08 kB
dist/assets/store-domain-quality-bootstrap-vselxcVL.js                    0.38 kB │ gzip:   0.25 kB
dist/assets/sample-warehouse-projection-y7XUderY.js                       0.39 kB │ gzip:   0.25 kB
dist/assets/dialogs-RlP1niFl.js                                           0.58 kB │ gzip:   0.31 kB
dist/assets/tech-pack-D0unMFMJ.js                                         0.59 kB │ gzip:   0.32 kB
dist/assets/transfer-bag-handover-mock-dA4FivoY.js                        0.63 kB │ gzip:   0.41 kB
dist/assets/pcs-reset-placeholder-Yn2GIynC.js                             0.72 kB │ gzip:   0.45 kB
dist/assets/badge-CQoV5Hhm.js                                             0.78 kB │ gzip:   0.42 kB
dist/assets/images-Q79qfJD0.js                                            0.80 kB │ gzip:   0.35 kB
dist/assets/placeholder-8wxRWJKH.js                                       0.81 kB │ gzip:   0.44 kB
dist/assets/pms-export-C5DiqcGG.js                                        0.83 kB │ gzip:   0.50 kB
dist/assets/trace-B40huTHV.js                                             0.85 kB │ gzip:   0.49 kB
dist/assets/execution-prep-projection-helpers-BQ3y7bOO.js                 0.90 kB │ gzip:   0.44 kB
dist/assets/runtime-DY769RIr.js                                           0.90 kB │ gzip:   0.61 kB
dist/assets/history-T7dKVaeP.js                                           0.94 kB │ gzip:   0.61 kB
dist/assets/payment-sync-Df5VsvIB.js                                      0.97 kB │ gzip:   0.62 kB
dist/assets/print-service-Cb4Z7TQ8.js                                     1.00 kB │ gzip:   0.50 kB
dist/assets/pda-sewing-self-return-mode-CVT5AEl1.js                       1.07 kB │ gzip:   0.54 kB
dist/assets/detail.adapter-DpLrclcc.js                                    1.08 kB │ gzip:   0.68 kB
dist/assets/process-work-order-generation-service-CEov0zWF.js             1.08 kB │ gzip:   0.66 kB
dist/assets/dialogs-Bn3XyBjV.js                                           1.08 kB │ gzip:   0.49 kB
dist/assets/dyeing-material-receipts-DwyOFX8J.js                          1.11 kB │ gzip:   0.73 kB
dist/assets/pda-runtime-CtfjW9Tw.js                                       1.12 kB │ gzip:   0.62 kB
dist/assets/overview-DkRU37Oe.js                                          1.25 kB │ gzip:   0.69 kB
dist/assets/process-work-order-source-view-di5aqv0_.js                    1.31 kB │ gzip:   0.58 kB
dist/assets/work-order-action-policy-B3qipFyP.js                          1.34 kB │ gzip:   0.68 kB
dist/assets/real-qr-0qnSuKZW.js                                           1.48 kB │ gzip:   0.83 kB
dist/assets/filter-bar-BicXsiXA.js                                        1.49 kB │ gzip:   0.81 kB
dist/assets/material-identity-CKNSwJiE.js                                 1.54 kB │ gzip:   0.85 kB
dist/assets/supplement-material-prep-demand-registry-DI-N3DvB.js          1.56 kB │ gzip:   0.75 kB
dist/assets/warehouse-shared-BCbHmJZy.js                                  1.57 kB │ gzip:   0.51 kB
dist/assets/pda-cutting-wait-handover-actions-CZGNdFv5.js                 1.58 kB │ gzip:   0.62 kB
dist/assets/task-handover-domain-Bg0m_h_G.js                              1.58 kB │ gzip:   0.77 kB
dist/assets/work-order-detail-EKo_YmrL.js                                 1.66 kB │ gzip:   0.77 kB
dist/assets/task-chain-pages-adapter-Byo-hX1M.js                          1.72 kB │ gzip:   0.85 kB
dist/assets/production-contract-print-Cxzg0vvV.js                         1.73 kB │ gzip:   1.04 kB
dist/assets/real-barcode-DLJSbomk.js                                      1.81 kB │ gzip:   0.96 kB
dist/assets/wool-pda-scan-DUK1_EaA.js                                     1.81 kB │ gzip:   1.00 kB
dist/assets/toast-JTI_dJb4.js                                             1.87 kB │ gzip:   0.90 kB
dist/assets/kol-goto-fixed-total-ledger-Dfnvu9HV.js                       1.93 kB │ gzip:   0.92 kB
dist/assets/printing-sheet-preview-DyON0gTL.js                            1.94 kB │ gzip:   1.02 kB
dist/assets/table-AxvlV04E.js                                             2.04 kB │ gzip:   1.02 kB
dist/assets/pda-cutting-simple-cut-piece-handover-TRIcdrnd.js             2.14 kB │ gzip:   1.11 kB
dist/assets/binding-process-pda-scan-BMLsk204.js                          2.18 kB │ gzip:   1.13 kB
dist/assets/special-craft-pda-scope-CmPateRN.js                           2.22 kB │ gzip:   1.01 kB
dist/assets/helpers-BFKa6pUf.js                                           2.42 kB │ gzip:   1.21 kB
dist/assets/pms-excel-import-DnMCWv6B.js                                  2.66 kB │ gzip:   1.32 kB
dist/assets/shared-O0TaIznd.js                                            2.70 kB │ gzip:   1.02 kB
dist/assets/process-order-list-presentation-C837qHbH.js                   2.71 kB │ gzip:   1.27 kB
dist/assets/marker-plan-projection-D2ysWPx6.js                            2.77 kB │ gzip:   1.18 kB
dist/assets/post-finishing-spu-technical-parameters-DaywL42K.js           2.79 kB │ gzip:   1.28 kB
dist/assets/authorization-code-CaTULMYs.js                                2.87 kB │ gzip:   1.40 kB
dist/assets/process-order-task-relations-BK3u1-8a.js                      2.97 kB │ gzip:   1.29 kB
dist/assets/production-order-identity-Ream4FmT.js                         3.00 kB │ gzip:   1.24 kB
dist/assets/confirmation-print-0KQ1Z2Nd.js                                3.00 kB │ gzip:   1.29 kB
dist/assets/product-skus-CEt6Fukj.js                                      3.03 kB │ gzip:   0.96 kB
dist/assets/progress-board-Cil248pv.js                                    3.05 kB │ gzip:   1.45 kB
dist/assets/tabs-Hg4N7Pkl.js                                              3.09 kB │ gzip:   0.93 kB
dist/assets/pda-cutting-runtime-action-inputs-NKKmkRSb.js                 3.15 kB │ gzip:   1.09 kB
dist/assets/trade-subjects-B1U82DIE.js                                    3.16 kB │ gzip:   1.12 kB
dist/assets/task-route-card-DdZuqNhW.js                                   3.27 kB │ gzip:   1.43 kB
dist/assets/wls-page-handlers-BtmjDZL-.js                                 3.28 kB │ gzip:   1.06 kB
dist/assets/task-delivery-card-_7yhBlxe.js                                3.33 kB │ gzip:   1.51 kB
dist/assets/cutting-mainline-B2sqY3lP.js                                  3.41 kB │ gzip:   1.53 kB
dist/assets/transfer-bags-projection-B0nrobCV.js                          3.52 kB │ gzip:   1.48 kB
dist/assets/binding-process-warehouse-linkage-service-CARlmEWR.js         3.63 kB │ gzip:   1.38 kB
dist/assets/fcs-route-links-BrHBsWPd.js                                   3.67 kB │ gzip:   1.20 kB
dist/assets/quality-chain-adapter-CRXEvZRF.js                             3.68 kB │ gzip:   1.66 kB
dist/assets/shared-DtFv-jva.js                                            3.73 kB │ gzip:   1.69 kB
dist/assets/engineering-file-upload-ca0R5kAM.js                           3.77 kB │ gzip:   1.71 kB
dist/assets/shared-CgL2lD9o.js                                            3.91 kB │ gzip:   1.64 kB
dist/assets/transfer-bag-repack-mock-BGmdqI-i.js                          3.95 kB │ gzip:   1.82 kB
dist/assets/sewing-outsourcing-demo-Cn9a13pB.js                           3.95 kB │ gzip:   1.58 kB
dist/assets/dashboards-BTbpuS5g.js                                        4.06 kB │ gzip:   2.00 kB
dist/assets/transit-simple-lists-e5C_ZK_J.js                              4.13 kB │ gzip:   1.45 kB
dist/assets/pda-wool-warehouse-flows-C6dbe6lg.js                          4.37 kB │ gzip:   2.33 kB
dist/assets/form-BMcqcg6v.js                                              4.37 kB │ gzip:   1.39 kB
dist/assets/sewing-outsourcing-responsibility-C1YKh8GU.js                 4.42 kB │ gzip:   1.96 kB
dist/assets/supplement-order-registry-CHnc7juB.js                         4.49 kB │ gzip:   1.76 kB
dist/assets/routes-pda-j4QHBA8X.js                                        4.65 kB │ gzip:   1.76 kB
dist/assets/preparation-material-receipt-sources-DOd6NzV9.js              4.68 kB │ gzip:   1.95 kB
dist/assets/layout.helpers-B_-L6Vnb.js                                    4.76 kB │ gzip:   1.73 kB
dist/assets/runtime-task-tenders-YGz6fHpq.js                              4.76 kB │ gzip:   1.94 kB
dist/assets/relations-D0CZlF1q.js                                         4.77 kB │ gzip:   2.17 kB
dist/assets/transit-dashboard-BxMTeJMA.js                                 4.81 kB │ gzip:   2.02 kB
dist/assets/process-order-list-controller-TpZOx7pY.js                     4.84 kB │ gzip:   1.86 kB
dist/assets/result-list-COqcN69u.js                                       4.94 kB │ gzip:   2.06 kB
dist/assets/store-domain-dispatch-process-CQ55W6io.js                     5.01 kB │ gzip:   1.95 kB
dist/assets/process-work-order-quality-settlement-C_cLyN0B.js             5.33 kB │ gzip:   2.20 kB
dist/assets/dispatch-task-sheet-BBSBduMV.js                               5.56 kB │ gzip:   2.65 kB
dist/assets/routes-pcs-DSl_-nSB.js                                        5.62 kB │ gzip:   1.62 kB
dist/assets/process-order-three-axis-view-DaSJlKDz.js                     5.72 kB │ gzip:   2.30 kB
dist/assets/production-contract-center-CjIAnZud.js                        5.77 kB │ gzip:   2.47 kB
dist/assets/pda-cutting-nav-context-DcHGelpm.js                           5.95 kB │ gzip:   1.40 kB
dist/assets/fcs-pda-pickup-dispute-CwGNCoff.js                            6.19 kB │ gzip:   2.19 kB
dist/assets/material-handover-BOWS0AV_.js                                 6.21 kB │ gzip:   2.42 kB
dist/assets/pcs-project-technical-data-writeback-ReH4ZfWD.js              6.25 kB │ gzip:   2.40 kB
dist/assets/warehouse-standard-o8c3wNWy.js                                6.26 kB │ gzip:   2.08 kB
dist/assets/fact-view-YmJ_9wK-.js                                         6.29 kB │ gzip:   2.07 kB
dist/assets/statistics-BmgDX4oP.js                                        6.31 kB │ gzip:   1.89 kB
dist/assets/craft-actions-BdFZzN2T.js                                     6.38 kB │ gzip:   2.89 kB
dist/assets/pda-notify-BNHrPXni.js                                        6.49 kB │ gzip:   2.38 kB
dist/assets/pda-transfer-bag-detail-BXWSQ1bY.js                           6.49 kB │ gzip:   2.34 kB
dist/assets/shared-DedbjVWj.js                                            6.56 kB │ gzip:   2.33 kB
dist/assets/factory-receiving-links-DLS5f39I.js                           6.57 kB │ gzip:   2.63 kB
dist/assets/workbench-CiWYgiNB.js                                         6.58 kB │ gzip:   2.66 kB
dist/assets/sewing-outsourcing-supplement-tracking-BKsf1g2Q.js            6.63 kB │ gzip:   2.89 kB
dist/assets/shared-rEvGXHQa.js                                            6.82 kB │ gzip:   2.51 kB
dist/assets/production-contract-master-template-CzjL7vXy.js               6.85 kB │ gzip:   2.74 kB
dist/assets/dye-work-order-times-CxLziefL.js                              7.12 kB │ gzip:   2.52 kB
dist/assets/pda-cutting-execution-unit-ljD8tjhQ.js                        7.15 kB │ gzip:   2.70 kB
dist/assets/overview.helpers-BP2F5Yu8.js                                  7.36 kB │ gzip:   2.88 kB
dist/assets/pda-notify-detail-DxqLHcva.js                                 7.38 kB │ gzip:   2.34 kB
dist/assets/pda-cutting-fei-ticket-numbering-BDYMXF3_.js                  7.40 kB │ gzip:   2.46 kB
dist/assets/settlement-flow-boundaries-DbkSNas3.js                        7.43 kB │ gzip:   2.53 kB
dist/assets/pda-warehouse-Ns3tjp7D.js                                     7.48 kB │ gzip:   2.99 kB
dist/assets/production-craft-dict-BdLo1vbU.js                             7.51 kB │ gzip:   2.82 kB
dist/assets/transit-warehouse-CGN4xIMS.js                                 7.54 kB │ gzip:   2.13 kB
dist/assets/sewing-outsourcing-return-tracking-UketYuMB.js                7.58 kB │ gzip:   2.84 kB
dist/assets/workbench--G1lFZ1w.js                                         7.61 kB │ gzip:   3.12 kB
dist/assets/pda-cutting-transfer-bag-recovery-CrkMkSYF.js                 7.70 kB │ gzip:   3.23 kB
dist/assets/pcs-material-archive-detail-CrS9fPy7.js                       7.71 kB │ gzip:   2.70 kB
dist/assets/supplement-node-facts-D5j4ENiK.js                             7.77 kB │ gzip:   2.85 kB
dist/assets/production-contracts-DU1atIjJ.js                              8.06 kB │ gzip:   2.74 kB
dist/assets/pda-cutting-transfer-bag-scrap-CBTQ4KC8.js                    8.08 kB │ gzip:   3.35 kB
dist/assets/progress-exception-lifecycle-BJx0gSBY.js                      8.09 kB │ gzip:   2.70 kB
dist/assets/routes-pms-Dlec7VuZ.js                                        8.16 kB │ gzip:   2.07 kB
dist/assets/statistics-B9WoxRZV.js                                        8.41 kB │ gzip:   3.65 kB
dist/assets/milestone-configs-CMV4DSfT.js                                 8.42 kB │ gzip:   2.95 kB
dist/assets/bom-templates-Br7_yp-y.js                                     8.47 kB │ gzip:   1.81 kB
dist/assets/pre-settlement-ledger-repository-CFCopdJr.js                  8.64 kB │ gzip:   2.95 kB
dist/assets/pcs-pattern-library-config-WjkYzao5.js                        8.73 kB │ gzip:   2.37 kB
dist/assets/fei-ticket-numbering-DW0uomN4.js                              8.81 kB │ gzip:   3.09 kB
dist/assets/warehouses-zI9ocKIC.js                                        8.83 kB │ gzip:   2.08 kB
dist/assets/pda-cutting-shared-C6nR48tL.js                                8.83 kB │ gzip:   2.71 kB
dist/assets/bom-templates-C1xYdT8c.js                                     8.83 kB │ gzip:   3.67 kB
dist/assets/navigation-context-nhTwowmC.js                                8.87 kB │ gzip:   2.46 kB
dist/assets/yarn-shipments-DzcKVmya.js                                    8.92 kB │ gzip:   4.04 kB
dist/assets/list-Cmubw6wv.js                                              9.04 kB │ gzip:   3.01 kB
dist/assets/pda-login-BQbtIyy6.js                                         9.09 kB │ gzip:   3.50 kB
dist/assets/dye-work-order-online-domain-BjeQ-5xG.js                      9.53 kB │ gzip:   3.55 kB
dist/assets/sewing-pickup-slips-C7abSfcd.js                               9.56 kB │ gzip:   3.59 kB
dist/assets/production-return-fulfillment-XZ8YBsGv.js                    10.02 kB │ gzip:   3.82 kB
dist/assets/purchase-suggestions-Duv_PHLl.js                             10.15 kB │ gzip:   3.10 kB
dist/assets/trade-subjects-CQwa7VXk.js                                   10.22 kB │ gzip:   3.72 kB
dist/assets/pms-handlers-CMoP87X2.js                                     10.64 kB │ gzip:   2.35 kB
dist/assets/settings-CLkNwWXv.js                                         10.68 kB │ gzip:   3.22 kB
dist/assets/product-skus-Kfw79u2M.js                                     10.70 kB │ gzip:   4.13 kB
dist/assets/transit-receipts-C_wZqdmm.js                                 10.95 kB │ gzip:   4.01 kB
dist/assets/task-breakdown-W0DJ_ZYY.js                                   11.01 kB │ gzip:   4.04 kB
dist/assets/presentation-8cvlyv38.js                                     11.02 kB │ gzip:   4.53 kB
dist/assets/tasks-CYtYL_6s.js                                            11.26 kB │ gzip:   4.32 kB
dist/assets/material-transfers-BZH84G9V.js                               11.28 kB │ gzip:   3.90 kB
dist/assets/pda-exec-link-CboALOtK.js                                    11.32 kB │ gzip:   3.69 kB
dist/assets/material-prep-DsDB7uKC.js                                    11.40 kB │ gzip:   2.68 kB
dist/assets/dyeing-warehouse-view-DsKPZ5N_.js                            11.46 kB │ gzip:   3.94 kB
dist/assets/warehouses-B2x9fRJE.js                                       11.69 kB │ gzip:   4.21 kB
dist/assets/process-statistics-domain-vcfUlPEe.js                        12.19 kB │ gzip:   3.97 kB
dist/assets/pickup-management-runtime-BCFwPtXd.js                        12.20 kB │ gzip:   4.71 kB
dist/assets/task-execution-adapter-D4k2tbju.js                           12.22 kB │ gzip:   3.67 kB
dist/assets/bom-detail-3nOJTYXQ.js                                       12.33 kB │ gzip:   4.32 kB
dist/assets/wls-inbound-CaPb5xZV.js                                      12.36 kB │ gzip:   4.75 kB
dist/assets/returns-Ciq4WVYl.js                                          12.40 kB │ gzip:   4.58 kB
dist/assets/handover-print-Bzs4Egxe.js                                   12.42 kB │ gzip:   4.48 kB
dist/assets/cut-piece-return-warehouse-CeJnCUDs.js                       12.43 kB │ gzip:   4.36 kB
dist/assets/meta-DoO-xbln.js                                             12.79 kB │ gzip:   2.87 kB
dist/assets/context-C1G3UkJp.js                                          12.97 kB │ gzip:   4.57 kB
dist/assets/responsibility-transfers-DuCENgnY.js                         13.03 kB │ gzip:   4.87 kB
dist/assets/supplements-BkC48N1-.js                                      13.14 kB │ gzip:   4.73 kB
dist/assets/handover-records-BbIAjJ0M.js                                 13.14 kB │ gzip:   4.13 kB
dist/assets/wls-finished-inbound-rI4qnlDI.js                             13.20 kB │ gzip:   5.01 kB
dist/assets/pda-start-link-CoF_CiKK.js                                   13.37 kB │ gzip:   4.73 kB
dist/assets/work-orders-kTGWueRE.js                                      13.84 kB │ gzip:   4.66 kB
dist/assets/mobile-execution-task-index-DVu3tFPt.js                      13.96 kB │ gzip:   3.70 kB
dist/assets/workbench-CSVJRDZ2.js                                        14.03 kB │ gzip:   4.05 kB
dist/assets/work-order-detail-yB7DiPJS.js                                14.13 kB │ gzip:   4.47 kB
dist/assets/routes-wls-CDqyxogK.js                                       14.21 kB │ gzip:   3.74 kB
dist/assets/post-finishing-qc-print-template-oO09Mve4.js                 14.45 kB │ gzip:   4.45 kB
dist/assets/work-orders-DswxgSGz.js                                      14.70 kB │ gzip:   4.77 kB
dist/assets/reports-CaY_qPCX.js                                          14.75 kB │ gzip:   3.54 kB
dist/assets/full-flow-print-CVYWhWFe.js                                  14.89 kB │ gzip:   4.83 kB
dist/assets/progress-handover-order-DetlsJyZ.js                          15.06 kB │ gzip:   4.30 kB
dist/assets/pcs-engineering-tech-pack-workspace-MQQ8IRIW.js              15.18 kB │ gzip:   5.42 kB
dist/assets/cut-order-release-integration-pdxDHjFo.js                    15.21 kB │ gzip:   5.39 kB
dist/assets/machines-C07HF_MX.js                                         15.31 kB │ gzip:   5.01 kB
dist/assets/outbound-orders-zVcNQ768.js                                  15.34 kB │ gzip:   4.92 kB
dist/assets/pda-cutting-task-detail-KNkSDQOB.js                          15.50 kB │ gzip:   5.38 kB
dist/assets/simple-cut-piece-handover-fixtures-DM5xYdz6.js               15.90 kB │ gzip:   5.27 kB
dist/assets/process-web-status-actions-Yxnnia4J.js                       15.97 kB │ gzip:   4.23 kB
dist/assets/cut-order-supplement-fixture-4bVtE3kj.js                     15.97 kB │ gzip:   4.83 kB
dist/assets/progress-cutting-detail-DgLxlwt2.js                          15.99 kB │ gzip:   3.76 kB
dist/assets/pda-sewing-self-return-DKBx9DOQ.js                           15.99 kB │ gzip:   5.27 kB
dist/assets/garment-spu-replacement-Cbb4KlZh.js                          16.01 kB │ gzip:   4.85 kB
dist/assets/handover-ledger-view-BVFaeRix.js                             16.17 kB │ gzip:   4.44 kB
dist/assets/wls-garment-relabel-tasks-D6FZ2S6f.js                        16.20 kB │ gzip:   5.30 kB
dist/assets/pda-notify-due-soon-BYGRCFX0.js                              16.49 kB │ gzip:   5.52 kB
dist/assets/material-requirements-y1tI4EjZ.js                            16.61 kB │ gzip:   5.62 kB
dist/assets/suppliers-CF8Vrskm.js                                        16.77 kB │ gzip:   4.64 kB
dist/assets/events-DSmMjTc4.js                                           16.92 kB │ gzip:   6.63 kB
dist/assets/sewing-cut-piece-return-workflow-JXDYuMoz.js                 17.18 kB │ gzip:   6.07 kB
dist/assets/warehouse-C7VVgn2c.js                                        17.25 kB │ gzip:   5.36 kB
dist/assets/production-confirmation-yY2yG3Fg.js                          17.25 kB │ gzip:   5.89 kB
dist/assets/marker-spreading-projection-Dg6G7tpo.js                      17.48 kB │ gzip:   5.53 kB
dist/assets/sewing-cut-piece-responsibility-C3k7Ni4V.js                  17.53 kB │ gzip:   5.26 kB
dist/assets/process-mobile-task-binding-BVpuObAU.js                      17.56 kB │ gzip:   6.14 kB
dist/assets/pda-handlers-DBwqJ19D.js                                     17.63 kB │ gzip:   4.65 kB
dist/assets/bom-detail-i1GuhWhh.js                                       17.74 kB │ gzip:   5.73 kB
dist/assets/adjustments-BPfRRNYL.js                                      18.11 kB │ gzip:   5.47 kB
dist/assets/pda-warehouse-inbound-records-Ohv1OUuR.js                    18.16 kB │ gzip:   5.09 kB
dist/assets/purchase-demands-BH7ydP_m.js                                 18.27 kB │ gzip:   5.86 kB
dist/assets/platform-process-result-view-DIVklFzl.js                     18.53 kB │ gzip:   5.32 kB
dist/assets/store-domain-statement-source-adapter-CRBzSpux.js            18.56 kB │ gzip:   5.31 kB
dist/assets/sewing-outsourcing-workbench-CqRds_wl.js                     18.65 kB │ gzip:   6.46 kB
dist/assets/pda-warehouse-outbound-records-iyeEeuJR.js                   18.65 kB │ gzip:   5.31 kB
dist/assets/task-orders-A2OFd7r_.js                                      18.69 kB │ gzip:   6.31 kB
dist/assets/pda-warehouse-shared-_MgnqlTN.js                             18.74 kB │ gzip:   5.59 kB
dist/assets/process-water-soluble-orders-D56E7DJH.js                     18.80 kB │ gzip:   5.72 kB
dist/assets/production-demand-early-process-work-orders-CzdouRHg.js      18.82 kB │ gzip:   5.60 kB
dist/assets/product-purchase-orders-BzO6T1aS.js                          18.90 kB │ gzip:   5.54 kB
dist/assets/materials-BA_owAdW.js                                        18.93 kB │ gzip:   4.79 kB
dist/assets/kol-goto-pda-domain-BaQsMTIL.js                              19.16 kB │ gzip:   6.51 kB
dist/assets/platform.adapter-DeoinjXK.js                                 19.25 kB │ gzip:   6.09 kB
dist/assets/shared-N6J_7NqM.js                                           19.47 kB │ gzip:   5.27 kB
dist/assets/audit-records-B8i-3Yjb.js                                    19.65 kB │ gzip:   6.34 kB
dist/assets/stage-display-Bw-X0Lp8.js                                    19.65 kB │ gzip:   6.94 kB
dist/assets/units-BwGGcXMs.js                                            19.68 kB │ gzip:   5.88 kB
dist/assets/factory-sample-verification-flow-3hk0oa4q.js                 19.86 kB │ gzip:   4.87 kB
dist/assets/material-purchase-tracking-CahvA5Qh.js                       20.12 kB │ gzip:   6.28 kB
dist/assets/index-CMCZ8Aw-.js                                            20.17 kB │ gzip:   5.20 kB
dist/assets/pcs-engineering-master-list-BNwq_lXK.js                      20.37 kB │ gzip:   6.91 kB
dist/assets/deduction-analysis-DvaAkFBR.js                               20.56 kB │ gzip:   5.82 kB
dist/assets/fei-ticket-numbering-BdhgHlkn.js                             20.61 kB │ gzip:   5.67 kB
dist/assets/order-list-columns-DQ_fMbMU.js                               20.62 kB │ gzip:   6.46 kB
dist/assets/overview.adapter-DG0J_hNT.js                                 20.65 kB │ gzip:   6.53 kB
dist/assets/events-DUimFZJg.js                                           21.11 kB │ gzip:   6.52 kB
dist/assets/work-order-detail-D3NppKfv.js                                21.13 kB │ gzip:   6.65 kB
dist/assets/pcs-engineering-master-view-model-Bk8QaYiL.js                21.18 kB │ gzip:   7.03 kB
dist/assets/suppliers-EmAfXfi_.js                                        21.38 kB │ gzip:   6.81 kB
dist/assets/material-purchase-orders-BWT7kiGl.js                         21.41 kB │ gzip:   6.83 kB
dist/assets/cut-piece-returns-lArts3RF.js                                21.55 kB │ gzip:   6.47 kB
dist/assets/cut-piece-handover-BijGIrJP.js                               21.75 kB │ gzip:   6.93 kB
dist/assets/tasks-DxIhwZwr.js                                            21.99 kB │ gzip:   6.96 kB
dist/assets/progress-cutting-overview-C8YAeqD6.js                        22.02 kB │ gzip:   4.99 kB
dist/assets/material-issue-DYmmTXY4.js                                   22.02 kB │ gzip:   5.17 kB
dist/assets/pms-purchase-orders-DWYzVtXQ.js                              22.06 kB │ gzip:   6.46 kB
dist/assets/pcs-project-detail-support-CfniLeJy.js                       22.10 kB │ gzip:   6.80 kB
dist/assets/wls-accessory-receipts-DJq2DBTX.js                           22.14 kB │ gzip:   6.67 kB
dist/assets/qc-workbench-CthOZjzq.js                                     22.32 kB │ gzip:   6.88 kB
dist/assets/dye-work-order-online-view-CTFq9B68.js                       22.47 kB │ gzip:   7.73 kB
dist/assets/recheck-orders-DUQcf22m.js                                   22.50 kB │ gzip:   7.05 kB
dist/assets/production-order-duration-CRcxBD8Z.js                        22.50 kB │ gzip:   8.55 kB
dist/assets/warehouse-location-map-model-CGJDFif6.js                     22.52 kB │ gzip:   7.15 kB
dist/assets/subject-operations-B49sDRmr.js                               22.57 kB │ gzip:   7.00 kB
dist/assets/material-statements-CRdS8AKK.js                              22.71 kB │ gzip:   5.99 kB
dist/assets/progress-statistics-linkage-DoElpA1Y.js                      22.82 kB │ gzip:   6.52 kB
dist/assets/simple-cut-piece-handover-ui-DUY8aRDB.js                     23.04 kB │ gzip:   8.89 kB
dist/assets/purchase-suggestions-B-TQgmy5.js                             23.20 kB │ gzip:   7.25 kB
dist/assets/process-order-task-links-CBvFEEup.js                         23.57 kB │ gzip:   6.43 kB
dist/assets/process-print-orders-DgBpOUnX.js                             23.59 kB │ gzip:   7.72 kB
dist/assets/qc-orders-DKobNDRi.js                                        23.61 kB │ gzip:   7.31 kB
dist/assets/pcs-handlers-BGhWdRRo.js                                     23.63 kB │ gzip:   6.11 kB
dist/assets/process-dye-orders-BO0N8kXt.js                               23.77 kB │ gzip:   7.80 kB
dist/assets/machine-associations-ogElQUfu.js                             24.42 kB │ gzip:   7.25 kB
dist/assets/fcs-production-tech-pack-snapshot-Dcyaal_U.js                24.58 kB │ gzip:   6.16 kB
dist/assets/retired-process-history-BKjlufLs.js                          24.75 kB │ gzip:   6.40 kB
dist/assets/dialogs-C8bQlvx-.js                                          24.87 kB │ gzip:   6.15 kB
dist/assets/wls-fabric-demand-board-Da4MSIf0.js                          25.08 kB │ gzip:   6.86 kB
dist/assets/kol-demands-qPyJxkRX.js                                      25.29 kB │ gzip:   7.35 kB
dist/assets/supplier-supply-archives-B9mtjZ7n.js                         25.58 kB │ gzip:   7.43 kB
dist/assets/pda-warehouse-wait-handover-D-dsAhMx.js                      25.61 kB │ gzip:   6.37 kB
dist/assets/sample-approval-suggestions-swM8RKx-.js                      25.93 kB │ gzip:   7.97 kB
dist/assets/progress-milestone-config-mLJR6X4a.js                        26.43 kB │ gzip:   5.64 kB
dist/assets/sample-warehouse-BzSyEh28.js                                 26.63 kB │ gzip:   6.61 kB
dist/assets/marker-spreading-utils-_ihfVIjK.js                           26.72 kB │ gzip:   7.83 kB
dist/assets/third-party-factory-rating-BnQ3ikL5.js                       27.03 kB │ gzip:   7.57 kB
dist/assets/warehouse-location-map-DgXPbSXQ.js                           27.06 kB │ gzip:   7.08 kB
dist/assets/pcs-channel-products-DHzO3YAy.js                             27.09 kB │ gzip:   7.17 kB
dist/assets/pcs-pattern-library-detail-BbHJgytP.js                       27.58 kB │ gzip:   6.56 kB
dist/assets/pda-wool-fact-execution-HTcTAUfv.js                          27.84 kB │ gzip:   9.27 kB
dist/assets/warehouse-DE9WpJEl.js                                        28.08 kB │ gzip:   9.32 kB
dist/assets/material-purchase-orders-GTgjHffe.js                         28.08 kB │ gzip:   8.24 kB
dist/assets/production-order-progress-tracking-CgatGR_e.js               28.21 kB │ gzip:   9.21 kB
dist/assets/factory-status-pZcXG11L.js                                   28.39 kB │ gzip:   6.00 kB
dist/assets/pcs-engineering-master-detail-BP7VItSb.js                    28.51 kB │ gzip:   8.35 kB
dist/assets/logistics-reconciliations-BXQuIsOM.js                        28.78 kB │ gzip:   8.84 kB
dist/assets/marker-plan-source-model-BKLQCf5W.js                         28.86 kB │ gzip:   8.45 kB
dist/assets/progress-cutting-exception-center-By9G-aQd.js                29.08 kB │ gzip:   6.45 kB
dist/assets/material-reconciliations-DzOSpow8.js                         29.23 kB │ gzip:   8.83 kB
dist/assets/handover-orders-BbSsw67V.js                                  30.04 kB │ gzip:   8.26 kB
dist/assets/early-process-management-DHb3D3JT.js                         30.06 kB │ gzip:   7.55 kB
dist/assets/pcs-config-workspace-JTkze9NM.js                             30.75 kB │ gzip:   6.78 kB
dist/assets/capability-BD3Ec9nv.js                                       31.61 kB │ gzip:   6.67 kB
dist/assets/material-archives-B3jgTpG_.js                                31.90 kB │ gzip:   7.92 kB
dist/assets/factory-performance-Ds8OFQKE.js                              32.27 kB │ gzip:   6.72 kB
dist/assets/garment-spu-replacements-D168Zbir.js                         32.30 kB │ gzip:   9.07 kB
dist/assets/task-detail-BDf6SbaD.js                                      32.45 kB │ gzip:   9.60 kB
dist/assets/dialogs-BDOCIxws.js                                          32.55 kB │ gzip:   9.78 kB
dist/assets/pda-shell-BwrtD1xe.js                                        32.91 kB │ gzip:   8.68 kB
dist/assets/process-warehouse-domain-DO_5Gtm7.js                         32.98 kB │ gzip:   7.51 kB
dist/assets/cut-piece-return-domain-DSSi6-xM.js                          33.09 kB │ gzip:   9.74 kB
dist/assets/pda-cutting-inbound-B2i62pTH.js                              33.44 kB │ gzip:  10.01 kB
dist/assets/store-domain-settlement-seeds-Bb7yO8u0.js                    33.63 kB │ gzip:   8.98 kB
dist/assets/pcs-pattern-library-DXJJ4Xox.js                              33.64 kB │ gzip:   7.62 kB
dist/assets/warehouse-runtime-C6-9GRUg.js                                33.70 kB │ gzip:   8.63 kB
dist/assets/payment-requests-FDZ9MJZf.js                                 33.93 kB │ gzip:   8.90 kB
dist/assets/stage-orders-d30hA0Wj.js                                     34.11 kB │ gzip:  10.44 kB
dist/assets/first-leg-logistics-mLNThaot.js                              34.45 kB │ gzip:   9.00 kB
dist/assets/pda-warehouse-stocktake-gjLMLJYz.js                          34.46 kB │ gzip:   8.63 kB
dist/assets/stage-order-detail-CMuSfMSD.js                               34.49 kB │ gzip:   9.99 kB
dist/assets/work-orders-DuVrvL3a.js                                      34.50 kB │ gzip:  11.54 kB
dist/assets/work-order-detail-4urGMhaT.js                                34.57 kB │ gzip:   9.38 kB
dist/assets/pda-post-finishing-flow-BjVL9bNu.js                          34.79 kB │ gzip:   9.28 kB
dist/assets/dispatch-acceptance-sla-Cu_3rEGC.js                          34.91 kB │ gzip:   7.87 kB
dist/assets/pda-task-receive-detail-CuDNxgLT.js                          35.22 kB │ gzip:   8.42 kB
dist/assets/pending-receipts-C0fr_Qev.js                                 35.27 kB │ gzip:  10.61 kB
dist/assets/water-soluble-orders-DNrA79YI.js                             35.86 kB │ gzip:  10.76 kB
dist/assets/pda-cutting-transfer-bag-repack-BzC24WLV.js                  35.90 kB │ gzip:  10.09 kB
dist/assets/work-order-detail-DXm4YwsL.js                                36.11 kB │ gzip:   9.66 kB
dist/assets/pcs-technical-data-BgGNFsUa.js                               36.78 kB │ gzip:   9.80 kB
dist/assets/pcs-pattern-library-create-BFCmLuZ8.js                       36.89 kB │ gzip:   8.61 kB
dist/assets/special-processes-gjds5C9e.js                                37.19 kB │ gzip:   9.50 kB
dist/assets/first-leg-carriers-DzMTFf35.js                               37.30 kB │ gzip:   9.87 kB
dist/assets/third-party-factory-comprehensive-assessment-BadAqh6x.js     37.39 kB │ gzip:  11.04 kB
dist/assets/pda-quality-b2JxX7Ou.js                                      37.40 kB │ gzip:   9.77 kB
dist/assets/product-purchase-orders-DTM-xVOH.js                          37.56 kB │ gzip:   9.20 kB
dist/assets/cutting-statistics-ab-material-DLsAqabJ.js                   38.09 kB │ gzip:   8.61 kB
dist/assets/payment-requests-CF67MxA_.js                                 38.09 kB │ gzip:   9.93 kB
dist/assets/warehouse-C1oFsFqI.js                                        38.50 kB │ gzip:  10.90 kB
dist/assets/fcs-handlers-C5CD97eY.js                                     38.84 kB │ gzip:  11.61 kB
dist/assets/pda-cutting-handover-DBCOgMXT.js                             38.97 kB │ gzip:  11.05 kB
dist/assets/first-leg-shipments-ChcDSmuN.js                              39.77 kB │ gzip:   9.84 kB
dist/assets/wait-handover-runtime-CWlBa1EQ.js                            41.22 kB │ gzip:  11.19 kB
dist/assets/print-styles-DXc_RfNm.js                                     41.87 kB │ gzip:   8.58 kB
dist/assets/pending-receipts-DMG59m0N.js                                 43.19 kB │ gzip:  15.36 kB
dist/assets/pcs-material-archives-Ekm9taLM.js                            43.89 kB │ gzip:   9.60 kB
dist/assets/cutting-summary-DMitfFCK.js                                  44.04 kB │ gzip:  11.49 kB
dist/assets/warehouse-BcEpr2wW.js                                        44.11 kB │ gzip:  11.17 kB
dist/assets/handover-orders-KPn4DL6M.js                                  44.18 kB │ gzip:   8.79 kB
dist/assets/demand-domain-Dr16Z5W3.js                                    44.54 kB │ gzip:   9.88 kB
dist/assets/warehouse-Q11m-oCo.js                                        46.18 kB │ gzip:  10.74 kB
dist/assets/batches-CWVI6JIG.js                                          46.41 kB │ gzip:   9.85 kB
dist/assets/dispatch-tenders-ChhOTgnP.js                                 47.24 kB │ gzip:  12.25 kB
dist/assets/dyeing-DpC1Nj3k.js                                           47.45 kB │ gzip:  10.17 kB
dist/assets/printing-B8G_71E0.js                                         47.45 kB │ gzip:  10.18 kB
dist/assets/other-B_zOkKEW.js                                            47.46 kB │ gzip:  10.19 kB
dist/assets/settlement-linked-mock-factory-ABHRe9mZ.js                   47.63 kB │ gzip:  14.44 kB
dist/assets/sewing-DsYHd7Wx.js                                           48.47 kB │ gzip:  10.52 kB
dist/assets/progress-material-Cia89jmE.js                                48.72 kB │ gzip:   9.35 kB
dist/assets/material-inventory-BTkNpsXs.js                               48.95 kB │ gzip:  12.56 kB
dist/assets/pda-task-receive-HDtePJ4N.js                                 49.14 kB │ gzip:  12.22 kB
dist/assets/supplier-confirmations-CiXyqe4F.js                           49.80 kB │ gzip:  12.84 kB
dist/assets/pda-cutting-execution-source-DtSRVv9E.js                     49.90 kB │ gzip:  13.49 kB
dist/assets/pda-onboarding-hUtFDuU_.js                                   50.52 kB │ gzip:  10.77 kB
dist/assets/marker-plan-model-CswY7n7K.js                                51.50 kB │ gzip:  14.70 kB
dist/assets/pda-handover-8sq0zr6C.js                                     52.11 kB │ gzip:  13.85 kB
dist/assets/store-domain-progress-BMJwoHdz.js                            53.10 kB │ gzip:  11.77 kB
dist/assets/settlement-cutting-input-CfDjd2cN.js                         53.56 kB │ gzip:  11.03 kB
dist/assets/lace-factory-domain-CK--dX9N.js                              53.67 kB │ gzip:  13.39 kB
dist/assets/pcs-part-template-library-DxZbipOB.js                        53.77 kB │ gzip:  11.06 kB
dist/assets/progress-urge-D4GOmVq3.js                                    56.35 kB │ gzip:  11.39 kB
dist/assets/pda-cutting-spreading-BAlcmoUD.js                            56.56 kB │ gzip:  13.07 kB
dist/assets/warehouse-location-map-BpbIWRPQ.js                           56.79 kB │ gzip:  16.84 kB
dist/assets/marker-plan-occupancy-B1ML3vIf.js                            57.09 kB │ gzip:  16.02 kB
dist/assets/domain-snapshot-BKtAjiRg.js                                  59.32 kB │ gzip:  15.87 kB
dist/assets/routes-fcs-DLyLuRXO.js                                       59.93 kB │ gzip:  12.50 kB
dist/assets/cut-piece-release-DyDz80CT.js                                60.06 kB │ gzip:  15.81 kB
dist/assets/pda-settlement-AJcDw3z9.js                                   60.08 kB │ gzip:  13.66 kB
dist/assets/factory-profile-cE7ErHK8.js                                  61.11 kB │ gzip:  14.02 kB
dist/assets/pickup-management-list-CXwT2DmE.js                           61.39 kB │ gzip:  17.10 kB
dist/assets/pcs-live-testing-BKECiUqu.js                                 62.65 kB │ gzip:  15.76 kB
dist/assets/cutting-BG8SVVka.js                                          62.79 kB │ gzip:  12.94 kB
dist/assets/progress-handover-Bzi5xEi3.js                                63.78 kB │ gzip:  13.54 kB
dist/assets/production-object-overview-DsQd30Ja.js                       64.69 kB │ gzip:  13.11 kB
dist/assets/pcs-video-testing-BB8oUZQz.js                                64.82 kB │ gzip:  16.19 kB
dist/assets/production-object-overview-8d-f1kqY.js                       65.32 kB │ gzip:  15.34 kB
dist/assets/output-documents-BvK-tKQJ.js                                 65.92 kB │ gzip:  22.54 kB
dist/assets/pda-exec-BR3AqM0e.js                                         66.88 kB │ gzip:  15.29 kB
dist/assets/pcs-sample-management-BVisr_EL.js                            67.47 kB │ gzip:  15.34 kB
dist/assets/core-CMpND6JK.js                                             67.54 kB │ gzip:  12.55 kB
dist/assets/cutting-daily-production-report-CmaPZbp8.js                  68.05 kB │ gzip:  19.05 kB
dist/assets/pcs-channel-stores-CRmrJgcH.js                               69.22 kB │ gzip:  14.30 kB
dist/assets/context-CkRyB1_e.js                                          69.43 kB │ gzip:  21.32 kB
dist/assets/sewing-dispatch-CqcLsMCG.js                                  69.49 kB │ gzip:  18.07 kB
dist/assets/progress-exceptions-BhNADH7Z.js                              70.30 kB │ gzip:  13.27 kB
dist/assets/qc-records--etQFLdW.js                                       71.00 kB │ gzip:  15.95 kB
dist/assets/wait-handover-actions-BXU_foUu.js                            71.83 kB │ gzip:  18.16 kB
dist/assets/special-craft-fei-ticket-flow-BreiJpxD.js                    72.43 kB │ gzip:  16.43 kB
dist/assets/transfer-bags-CXOfHJQD.js                                    72.79 kB │ gzip:  18.40 kB
dist/assets/factory-onboarding-c4VWYFAK.js                               75.21 kB │ gzip:  12.66 kB
dist/assets/pda-handover-detail-Bqzvq0RS.js                              75.36 kB │ gzip:  18.44 kB
dist/assets/settlement-Cs0Syqz1.js                                       75.54 kB │ gzip:  11.55 kB
dist/assets/dialogs-UHNP9tpH.js                                          75.66 kB │ gzip:  18.69 kB
dist/assets/orders-domain-DU-ZHePe.js                                    76.23 kB │ gzip:  16.86 kB
dist/assets/pcs-independent-sampling-DZfwIt2f.js                         76.92 kB │ gzip:  19.56 kB
dist/assets/runtime-projections-KOw0x4J2.js                              78.01 kB │ gzip:  18.43 kB
dist/assets/transfer-bag-operations-B3EC-htj.js                          78.06 kB │ gzip:  19.27 kB
dist/assets/process-action-writeback-service-CsvJ3Y6a.js                 78.08 kB │ gzip:  17.82 kB
dist/assets/production-progress-ujZKxv8B.js                              80.58 kB │ gzip:  20.32 kB
dist/assets/pda-warehouse-wait-process-D7jVf1OE.js                       87.24 kB │ gzip:  21.10 kB
dist/assets/events-CLR6LhUr.js                                           90.02 kB │ gzip:  22.18 kB
dist/assets/factory-onboarding-flow-DbRSY5RX.js                          90.59 kB │ gzip:  23.31 kB
dist/assets/dispatch-JB1gfQfR.js                                         91.34 kB │ gzip:  27.77 kB
dist/assets/cut-orders-CNGQu66G.js                                       94.66 kB │ gzip:  24.39 kB
dist/assets/special-craft-task-orders-CabrSWez.js                        99.16 kB │ gzip:  26.80 kB
dist/assets/pcs-product-archives-Bkl42mXz.js                            106.20 kB │ gzip:  21.44 kB
dist/assets/index-sYZevKgD.js                                           109.43 kB │ gzip:  39.84 kB
dist/assets/app-shared-CI7Lw1Ed.js                                      109.79 kB │ gzip:  26.87 kB
dist/assets/transfer-bag-return-model-Bo0LeP6v.js                       112.94 kB │ gzip:  26.62 kB
dist/assets/supplement-management-CkoDzm3O.js                           113.22 kB │ gzip:  29.91 kB
dist/assets/unified-dispatch-workbench-C4_-Tlxp.js                      117.95 kB │ gzip:  33.07 kB
dist/assets/statements-NVny6ZFN.js                                      119.48 kB │ gzip:  24.44 kB
dist/assets/events-BhDPg6cI.js                                          121.20 kB │ gzip:  31.26 kB
dist/assets/pcs-engineering-tasks-BmoOCWH5.js                           121.82 kB │ gzip:  27.76 kB
dist/assets/context-DmMBDUoV.js                                         132.99 kB │ gzip:  34.39 kB
dist/assets/production-DCI4a5KK.js                                      133.88 kB │ gzip:  27.37 kB
dist/assets/process-domain-ChZf5V9G.js                                  138.94 kB │ gzip:  25.95 kB
dist/assets/generated-fei-tickets-DD_LZZ0e.js                           143.00 kB │ gzip:  36.15 kB
dist/assets/preparation-timing-CODPilJU.js                              145.93 kB │ gzip:  34.39 kB
dist/assets/marker-plan-DVBjk3RP.js                                     150.09 kB │ gzip:  35.40 kB
dist/assets/warehouse-hub-MlsdscO9.js                                   152.71 kB │ gzip:  37.95 kB
dist/assets/marker-spreading-DnTHpoP0.js                                154.06 kB │ gzip:  37.72 kB
dist/assets/return-inbound-be-gBW-Y.js                                  185.16 kB │ gzip:  34.48 kB
dist/assets/fei-tickets-DE1d7Vcz.js                                     196.51 kB │ gzip:  43.85 kB
dist/assets/index--GzcKvNw.js                                           210.12 kB │ gzip:  66.49 kB
dist/assets/index-lGyZF3xR.js                                           221.48 kB │ gzip:  51.90 kB
dist/assets/pcs-projects-BTsyhuc0.js                                    232.17 kB │ gzip:  50.52 kB
dist/assets/pda-exec-detail-BJmWaqoP.js                                 233.98 kB │ gzip:  54.27 kB
dist/assets/print-preview-C7b--GRU.js                                   257.70 kB │ gzip:  66.68 kB
dist/assets/production-timeliness-BzQagnSI.js                           459.91 kB │ gzip: 115.02 kB
dist/assets/pda-CLAHgr2J.js                                             511.75 kB │ gzip:  85.30 kB
dist/assets/production-source-shared-aQPQewO4.js                      2,918.63 kB │ gzip: 725.81 kB

(!) Some chunks are larger than 550 kB after minification. Consider:
- Using dynamic import() to code-split the application
- Use build.rollupOptions.output.manualChunks to improve chunking: https://rollupjs.org/configuration-options/#output-manualchunks
- Adjust chunk size limit for this warning via build.chunkSizeWarningLimit.
✓ built in 8.72s
