
> higoods-vanilla-clone@1.0.0 build
> npm run typecheck:engineering && npm test && vite build


> higoods-vanilla-clone@1.0.0 typecheck:engineering
> npm run typecheck:entrypoints && npm run typecheck:scopes


> higoods-vanilla-clone@1.0.0 typecheck:entrypoints
> tsc --project tsconfig.engineering.json


> higoods-vanilla-clone@1.0.0 typecheck:scopes
> node scripts/check-typescript-scope.mjs src/domain/ src/components/ui/ src/state/

TypeScript 全量既有错误：61
本次渐进检查范围：src/domain/、src/components/ui/、src/state/
范围内错误：0
范围外既有错误保留在全量 typecheck 中继续分批治理。

> higoods-vanilla-clone@1.0.0 test
> npm run test:unit


> higoods-vanilla-clone@1.0.0 test:unit
> node --import tsx --test tests/unit/*.test.ts

✔ 浏览器存储封装保持读写删除语义 (0.759292ms)
✔ 浏览器存储不可用或抛错时保持静默降级 (0.129583ms)
(node:12114) ExperimentalWarning: localStorage is not available because --localstorage-file was not provided.
(Use `node --trace-warnings ...` to show where the warning was created)
✔ MIG-001/002/006: management entry and handlers belong to FCS; PFOS keeps execution (0.916125ms)
✔ MIG-003/007: prep and execution read the same early order identities, quantities and match status (3493.924291ms)
✔ MIG-004/009: migrated dialogs retain candidate fields, actual material image and task outputs (0.752917ms)
✔ MIG-011: management and execution use the same seven business display columns (7.662209ms)
✔ MIG-007: early dye/print creation and cancellation survive reload (3329.895ms)
✔ 解析带标签、小数和空格的长度数量 (0.947583ms)
✔ 解析卷数并对不合法文本返回 0 (0.310167ms)
✔ 证据文件标识把连续空白收口为单个连字符 (0.337834ms)
(node:12117) ExperimentalWarning: localStorage is not available because --localstorage-file was not provided.
(Use `node --trace-warnings ...` to show where the warning was created)
✔ 设计改款可成批生成染色和印花加工单，且完整投影来源与上下游 (1695.871708ms)
✔ 设计改款加工单生成幂等，重复请求不增加单据 (11.305791ms)
✔ 同一设计改款任务的不同颜色和 BOM 行分别生成加工单 (4.209375ms)
✔ 成批提交失败时染色与印花加工单一起回滚 (5.440041ms)
✔ 设计改款来源缺关键引用或来源未知时必须阻断 (0.161125ms)
(node:12118) ExperimentalWarning: localStorage is not available because --localstorage-file was not provided.
(Use `node --trace-warnings ...` to show where the warning was created)
✔ 设计改款加工单等待买手审核成果，绑定真实附件后才可安排，先染后印继续受前序交出约束 (582.831834ms)
✔ 专业成果没有真实附件时保持未绑定 (11.658417ms)
(node:12119) ExperimentalWarning: localStorage is not available because --localstorage-file was not provided.
(Use `node --trace-warnings ...` to show where the warning was created)
✔ 可打印不等于可建交出单，必须完成真实标签打印 (0.452458ms)
✔ 卷规格无效时不可建交出单，且不改变原可打印判定语义 (0.074167ms)
✔ 人工完成印花加工单不再自动填充操作人 (480.215875ms)
✔ 日报窗口含截止日7天，重点日均独立使用前6天 (0.463375ms)
✔ 未知采购不填0，未BOM不输出完整确定订单需求 (0.10125ms)
✔ 突变必须绝对量与比例同时达到阈值 (0.05975ms)
✔ 截止日突变示例与未完结日不判定 (0.058458ms)
✔ 共享商品按SPU去重而不按关联行累加销量 (0.088625ms)
✔ 预选不产生确定用料；BOM需求保留物料归属 (0.522791ms)
✔ 同料BOM优先于预选，不重复关系及需量 (0.082625ms)
✔ 两个业务页具有独立容器、标准分页与证据边界 (20.976375ms)
✔ 未进入物料页面时 bridge 不加载业务；加载失败重试后首次渲染即已注册 (6.262667ms)
✔ click 分组顺序、短路、选择器范围保持原行为，重新注册替换旧处理器 (1.283834ms)
✔ 备料写入守卫读取实时角色与水位，阻断时不调用业务处理器 (0.754333ms)
✔ input/change/keyboard 原入口、筛选范围和 change 优先级完整保留 (0.690917ms)
✔ health groups are exhaustive and mutually exclusive in demo (0.768208ms)
✔ coverage and baseline use same inventory plus transit but distinct demand windows (0.0675ms)
✔ zero demand is unavailable rather than infinity and huge finite quotient stays finite (0.087833ms)
✔ date selects different consistent snapshot (0.0865ms)
✔ threshold changes alter classification without changing facts (0.064333ms)
✔ health view carries core P1 business sections and mock caveat (13.853416ms)
✔ AT16 rules do not substitute brand, size or packaging method (1.030083ms)
✔ AT24 equal priority conflict blocks resolution and identifies rules (0.81775ms)
✔ higher explicit priority resolves a lower priority overlap (0.122167ms)
✔ plans distinguish garments and parcels and add loss once (0.282791ms)
✔ AT18 white pendant stock only allocated once (0.279542ms)
✔ event duplicate and old revision do not add consumption; reprints are activity only (0.248083ms)
✔ conflicting same revision fails instead of silently choosing a payload (0.124625ms)
✔ AT17/19/20 panel states unresolved ASAYA, independent kit80 and unknown ribbon (0.7065ms)
✔ trigger distinct from target, existing supply produces explainable zero (1.254084ms)
✔ missing mapping or usage and incompatible raw unit block unsafe generation (0.460208ms)
✔ generation reserves remaining once and shared raw pool across target rules (1.416833ms)
✔ production does not increase stock; actual SKU and output bound partial receipts (0.316042ms)
✔ cancelled suggestion releases commitment and raw allocation (0.146333ms)
✔ AT05 committed greige is not available for a second allocation (0.430625ms)
✔ AT06 partial receipt reduces expected supply; checking and qualified never duplicate (0.294833ms)
✔ AT07 unmapped target preserves quantities but gives no target coverage (0.073375ms)
✔ §7.2 loss reduces future supply; rejected receipts never become usable (0.052625ms)
✔ §7.3 unit/yield/route and conservation gaps block deterministic supply (0.088791ms)
✔ §7.3 candidate comparison reports remaining shortage and respects arrival deadline (0.117208ms)
✔ §7.3 zero gap stays zero and nonfinite inputs cannot produce advice (0.044542ms)
✔ panel uses owned local handlers and discloses mock and missing images (2.077ms)
✔ P2 coefficients and coverage exclude transit (7.563ms)
✔ P2 coverage buckets have exclusive shared boundaries (0.976167ms)
✔ P2 partial receipts and completed batches count remaining only (0.067208ms)
✔ P2 latest overdue selected only if no future batch; today included (0.058292ms)
✔ P2 search transit and ETA filters compose (0.130083ms)
✔ P2 zero demand and missing BOM preserve distinct nulls; micro demand excluded (0.063834ms)
✔ P2 standard table renders and limits initial rows to first page (7.310291ms)
✔ AT01/02 internal reservation stays in coverage while external reservation is deducted (10.442584ms)
✔ AT03 quality segments are not usable (0.14725ms)
✔ AT04 partial receipt leaves remaining supply only (0.173417ms)
✔ AT08/38 late supply never erases earlier shortage (0.721125ms)
✔ AT09 intermediate deficit determines net need rather than positive closing balance (0.127208ms)
✔ AT10 MOQ and pack rounding, zero stays zero (0.105334ms)
✔ AT11 horizon begins at cutoff and is not expanded by lead time (0.144833ms)
✔ AT12 forecast covered by confirmed demand is excluded before coefficient (0.111541ms)
✔ AT13 no demand has no numeric coverage (0.096875ms)
✔ AT14 cancelling demand does not change stock (0.134542ms)
✔ AT15 latest event revision only (0.376209ms)
✔ AT16/17 directory preserves bag sizes and ASAYA duplicated input is one unresolved SKU (0.078709ms)
✔ AT18 three brands draw from one shared pool (0.097709ms)
✔ AT19/20 kit capacity respects minimum and missing conversion (0.051375ms)
✔ AT21 inactive/unusable stock remains physically visible (0.08ms)
✔ AT23 affected order identifiers are unique (0.080458ms)
✔ AT25/26 draft does not mutate active and invalidates trial (0.054833ms)
✔ AT26/28 publish requires role and exact trial; history retained (0.161459ms)
✔ AT31 risk cannot close with remaining shortage or skip verification (0.141ms)
✔ AT37 invalid dates, unknown timezone, bad numeric values rejected (0.076708ms)
✔ duplicate supply chain does not double count and blocks deterministic advice (0.083334ms)
✔ warehouse catalogue includes 17 locations and two garment warehouses (0.040459ms)
✔ candidate comparison retains pre-arrival risk (0.286792ms)
✔ SKU-specific policy wins and duplicate rules block publish (0.13775ms)
✔ 路由标准化移除 query 与 hash，但不改动路径 (0.724583ms)
✔ 只匹配路由根或其子路径，不误匹配相似前缀 (0.215375ms)
✔ 可在多个合法根路径中匹配一个 (0.139042ms)
✔ 只把完整生产确认单打印路由识别为命中 (0.175ms)
✔ 物流商新增字段保存回显并写入操作日志 (2.662208ms)
✔ 物流商数字字段非负校验与运输方式枚举校验 (0.233584ms)
✔ 渠道新增字段保存回显，条件计费字段按计费方式保留 (0.349334ms)
✔ 整柜渠道不要求新增计费字段，仍要求四箱型完整配置 (0.117291ms)
✔ 渠道数字字段非负与时效区间校验 (0.10975ms)
✔ 头程批次聚合展示总箱数、总重量、总体积与转运天数 (0.403209ms)
✔ 工序链按保存顺序生效，合法工序集合固定，非法或重复工序被拒 (2.575458ms)
✔ 坯布 SKU 必填，坯布库存为 0 时调拨资格被拒，补足后恢复 (0.673916ms)
✔ 采购单按勾选 SKU 生成明细，数量与枚举非法被拒 (0.302333ms)
✔ 调拨单可选择调出仓库与调入目标，同步生成加工单号链 (0.411042ms)
✔ 批量刷新库存更新全部监控行与刷新时间并写日志 (0.379416ms)
✔ 手动添加监控 SKU 校验 SKU 必填与重复，添加后进入列表 (0.495542ms)
✔ 物料申报扩展字段保存回显，26 项特殊属性按数组保存 (2.365708ms)
✔ 报关扩展：法定第二计量单位与数值，不报关分支跳过必填校验 (0.379458ms)
✔ BOM 业务选项与价格/成本、工厂、布料字段保存回显 (1.2365ms)
✔ 主体经营 9 项成本明细加调整重算总成本，数据缺失提醒可消除 (0.618667ms)
✔ 供应商从草稿到启用遵循状态机，名称唯一 (3.042833ms)
✔ 供货档案包装换算与快照版本 (0.401458ms)
✔ 物料全部有真实图片，采购补充信息可更新且不新增删除 (0.622959ms)
✔ 成衣与样衣 SKU 只读列表数据完整 (0.137541ms)
✔ 仓库同步更新时间，单位字典唯一且不可删除只可启停 (0.751084ms)
✔ BOM 用量可修改，说明可保存，发布后可生成面辅料需求 (2.54775ms)
✔ 面辅料需求种子就绪且可按物料行下推采购单 (3.329125ms)
✔ 快递信息导入校验采购单存在、单号唯一、日期与数量合法 (0.378084ms)
✔ 国内签收、加入头程、状态推进与到仓自动签收 (0.820041ms)
✔ 供应商确认单需标签齐备，确认后回写采购单 (0.482833ms)
✔ 整柜渠道必须完整配置四个箱型，物流商可启停 (0.248041ms)
✔ 面辅料采购单可带原因关闭，关闭后不能再登记到货 (0.140542ms)
✔ 库存监控触发线与建议量公式，规则异常阻断建单 (2.001166ms)
✔ 建单数量不得超过建议量，调拨与采购资格分别阻断 (0.508125ms)
✔ 中转看板指标、分布与筛选跳转规则 (0.25525ms)
✔ 生产单校验与配料任务只读数据完整，系统设置结果为 8/6/10 (0.0815ms)
✔ 种子采购单按 SRM 生成器规律补齐单据级与明细级字段 (0.684959ms)
✔ 新建做货采购单保存采购专员、加急、首单、区域与明细字段并可回显 (1.547084ms)
✔ 未传新增字段时沿用默认值并保持既有命令兼容 (0.403458ms)
✔ 采购专员必填、做货必须选区域、重量非负均抛出中文 PmsDomainError (0.513792ms)
✔ 编辑采购单保存新增字段并回显，非法输入被阻断 (0.48125ms)
✔ BOM 状态与 bomMatched 一致，未发布 BOM 的做货明细为未匹配 (0.374375ms)
✔ 行采购金额使用 roundPmsQty 且汇总等于逐行金额之和 (0.983417ms)
✔ 采购建议按缺口公式与折扣计算，并计入有效 KOL 申请 (0.664583ms)
✔ KOL 草稿与已驳回不计入建议缺口 (0.084708ms)
✔ 建议转采购单后写回已转数量与部分生成状态 (2.835584ms)
✔ 面辅料需求按 BOM 用量与损耗扣减库存和采购中 (0.571417ms)
✔ 重复生成、草稿采购单与非做货采购单均被阻断 (0.116125ms)
✔ KOL 单条超量需要二次确认，超过申请量直接阻断 (0.2605ms)
✔ 驳回 KOL 需求后不再计入建议缺口 (0.110708ms)
✔ 关闭采购单必须填写原因且已关闭不可重复关闭 (0.138958ms)
✔ 主体经营明细总成本、毛利与毛利率公式 (1.718584ms)
✔ 面辅料对账：预计/实际双层公式，费用项与差异双重门禁 (3.471334ms)
✔ 面辅料费用项部分确认、批量确认与编辑失效 (0.47425ms)
✔ 请款草稿跨页创建、请款与付款上限、编辑范围 (0.571834ms)
✔ 物流实际费用 12 列导入校验、不自动确认与确认后锁定 (0.410708ms)
✔ 请款单作废释放来源对账，已有付款不能作废 (0.203958ms)
✔ 供应商账单 9 列导入覆盖实际层且不自动确认 (0.25175ms)
✔ 金额大写按 RMB 规则输出并覆盖跨节零 (0.124375ms)
✔ 生成卷号按前缀、每卷米数、重量与起始序号生成并写入包装明细 (4.224333ms)
✔ 生成卷号时尾卷承载剩余数量，卷数按采购数量与每卷米数自动取整 (0.522875ms)
✔ 非法卷号参数被拒绝并抛出中文域错误 (0.388625ms)
✔ 生成标签后二维码内容包含卷号与箱规，参与打印 (0.287709ms)
✔ 箱规新增自动计算体积，重复箱号与非法尺寸被拒，删除后计数正确 (0.247542ms)
✔ 包装明细可新增与删除，非法输入被拒且删除后计数正确 (0.211583ms)
✔ 被包装明细引用的箱规不能删除 (0.079708ms)
✔ 供应商枚举与 SRM 完全一致，旧枚举不再出现 (1.120958ms)
✔ 种子字段满足 SRM 枚举且协同指标为数字 (0.136625ms)
✔ 新增字段保存并回显，成功命令写入操作日志 (1.464208ms)
✔ 编辑保存新增字段并保持状态机与事件名不变 (0.188875ms)
✔ 非法或缺失输入抛 PmsDomainError 且不写入数据 (0.209958ms)
✔ 详情与列表展示新增字段、SRM 枚举与协同指标 (14.937916ms)
(node:12141) ExperimentalWarning: localStorage is not available because --localstorage-file was not provided.
(Use `node --trace-warnings ...` to show where the warning was created)
✔ RETURN-010: only the acceptance week Sunday is skipped, for every starting weekday (0.617917ms)
✔ RETURN-004—010: both projections share counting dates and ceil targets (0.303208ms)
(node:12142) ExperimentalWarning: localStorage is not available because --localstorage-file was not provided.
(Use `node --trace-warnings ...` to show where the warning was created)
✔ 实际耗时跨周日仍按真实时间差；没有可靠时间不造耗时 (0.428625ms)
✔ 每任务都达成才结束；同一来源去重，作废明细不影响主表 (0.140792ms)
✔ 耗时页 Mock 至少覆盖九张生产单和全部节点，且下游事实不会越过未完成的前置节点 (734.114792ms)
✔ 裁片放行按一张放行单内的多次放行展示并选取节点起止时间 (30.055375ms)
(node:12143) ExperimentalWarning: localStorage is not available because --localstorage-file was not provided.
(Use `node --trace-warnings ...` to show where the warning was created)
✔ EXC-001—004: a reference mark cannot change debt, strict kits or final task responsibility (2.28825ms)
(node:12144) ExperimentalWarning: localStorage is not available because --localstorage-file was not provided.
(Use `node --trace-warnings ...` to show where the warning was created)
✔ 派单新增主档工厂可登记承接关系，未知工厂仍阻断 (3.318083ms)
✔ 专属任务保留整单身份、数量和接收方，工艺分支保留全部前置关系 (1.362833ms)
✔ 原生产单车缝任务仍可被 PPIC 分配与责任移交识别，SKU 总量完整 (6.605041ms)
(node:12145) ExperimentalWarning: localStorage is not available because --localstorage-file was not provided.
(Use `node --trace-warnings ...` to show where the warning was created)
✔ VERIFY-003: dispatch reads keep all documents and independent copies without projecting unrelated business views (425.978167ms)
(node:12146) ExperimentalWarning: localStorage is not available because --localstorage-file was not provided.
(Use `node --trace-warnings ...` to show where the warning was created)
✔ PERF-002/004: scoped receiving reads preserve direct receipts and allocations, without exposing mutable facts (11.15825ms)
✔ PERF-002/004: a synchronous relation read matches independent reads and releases its scope after errors (683.458125ms)
✔ PERF-004: batched print list reviews and handovers equal independently read facts (227.070917ms)
✔ PERF-004: scoped handovers keep canonical sorting and task point reads preserve identity (5.793541ms)
✔ PERF-004: reusing warehouse documents preserves each dye order source, quantity and receiver (153.716417ms)
(node:12147) ExperimentalWarning: localStorage is not available because --localstorage-file was not provided.
(Use `node --trace-warnings ...` to show where the warning was created)
✔ craft source selection preserves all previous source choices and isolated snapshots (15.652208ms)
✔ source eligibility is re-evaluated after a source order changes (0.161083ms)
(node:12149) ExperimentalWarning: localStorage is not available because --localstorage-file was not provided.
(Use `node --trace-warnings ...` to show where the warning was created)
✔ 验收数据至少包含 5 张染色和 5 张印花提前加工单，并覆盖全部匹配状态 (1214.298209ms)
✔ 印花专业成果把多张图片和多个文件统一保存在同一附件集合 (0.141167ms)
✔ 同一生产需求可手动选择具体专业任务，创建结果保存所选任务与全部成果附件 (96.408584ms)
✔ 创建提前加工单必须选择所属专业任务并明确加工厂 (0.53475ms)
✔ 计划加工数量包含损耗率，且染色印花投入与产出 SKU 必须不同 (0.132916ms)
✔ 专业成果未审核通过时不可创建提前加工单 (0.107709ms)
✔ 多个生产需求合并为一张生产单时，可匹配多张提前染色加工单 (44.17075ms)
✔ 等待技术包的提前单在技术包就绪后可由同一匹配服务自动重试 (20.864792ms)
✔ 合并生产单中只有部分需求有提前单时，只为未覆盖需求补建剩余数量 (128.675292ms)
✔ 已有提前单但正式 BOM 或 SKU 不一致时进入异常，且不重复补建同一工艺单 (98.953458ms)
✔ 取消后重建保留旧单，并建立双向替代关系 (1.839458ms)
✔ 没有提前加工单的需求仍保留正式加工单快照 (4.421709ms)
✔ BOM uses formally reduced quantity and leaves unsupported conversion unknown (0.670875ms)
✔ reuse retains one shared source instance and adds no duplicate processing duration (0.227ms)
✔ a new rework/recheck round extends the dependency path two days and conserves qualified pieces (0.084958ms)
✔ date-only source is not coerced to a precise instant or exact deadline (0.082916ms)
✔ known order shipment can be timed without crediting an unknown production source (0.067958ms)
✔ waiting for actual fulfillment can be overall late while factory completion stays on time (0.060834ms)
✔ all six named cards render directly checkable evidence without changing production task facts (2.639583ms)
✔ all ten tasks have independent drill-down networks and one frozen aggregate snapshot (1.297167ms)
✔ 31-item dependency recursion proves 24 natural days and shows the actual sum/max formula (0.389125ms)
✔ improving procurement by ten days only improves whole-task timing by one day (0.132708ms)
✔ network rejects circular/missing dependencies and unknown is never zero time (0.209417ms)
✔ each complete standard mock network and live forecast agrees with the task summary (2.77625ms)
✔ quantity forecast finds a one-day risk before any actual deadline is missed (0.914167ms)
✔ all-natural-day clock includes Sundays, preserves timezones, equality is on time and one second is late (0.2185ms)
✔ already-overdue outranks forecast missing; historical completion stops the clock (0.168166ms)
✔ upstream two-day delay and local catch-up pressure are distinct from current-team fault (0.155792ms)
✔ manual forecast is local, propagates both earlier and later dates, and never relaxes baseline (1.621084ms)
✔ saving a manual forecast refreshes all affected node labels without pretending capacity was increased (2.190166ms)
✔ zero capacity and stale progress never forecast zero remaining duration (0.169959ms)
✔ stock and purchase coverage do not imply factory readiness or a new purchase gap (0.145917ms)
✔ stock-only task still has transfer; purchased material must move beyond warehouse entry (0.074167ms)
✔ batch schedule conserves shared capacity and 90 percent occurs at a real batch event (0.139959ms)
✔ customer cancellation without production allocation does not reduce any task (0.10475ms)
✔ excess shipment of one SKU cannot hide shortage of another (0.073167ms)
✔ duplicate, out-of-order and corrected quantity events conserve the effective sum (0.094958ms)
✔ shared work is counted once while merged source tasks preserve independent T0 and deadlines (0.106708ms)
✔ orders enter analysis only from actual shipment and have their own clock (0.152917ms)
✔ region and supply mode select rules together, unpublished candidate rules never apply (0.825875ms)
✔ filters share exact aggregate scope and date windows are left-closed right-open (0.818584ms)
✔ Chinese UI defaults and all scope options filter the intended task population (0.340625ms)
✔ Chinese risk shortcut agrees with risk KPI and does not accidentally select completed or overdue tasks (0.615167ms)
✔ Chinese date-field labels use due date, start date and predicted completion respectively (0.42775ms)
✔ team and stage filters match applicable work nodes rather than only current task responsibility (0.259583ms)
✔ V3 team and factory must match the same node and empty all-scope still keeps a task (0.113708ms)
✔ V3 unknown shipment has no percentage and completed work without deadline is not on time (0.0845ms)
✔ 恢复预测保留不同工作和日期的顺序，只合并连续相同计算且不改写历史 (7.014167ms)
✔ 同一调拨动作按国家和供给方式命中不同预算，候选规则不参与匹配 (0.660958ms)
✔ 同优先级重叠命中必须冲突，明确更高优先级例外才可覆盖 (0.411958ms)
✔ 数量档边界不得跨档或用默认预算掩盖无规则 (0.078417ms)
✔ 子项七天而组上限五天阻断，网络不被截短也不在组外重复加预算 (0.126042ms)
✔ 并行分支取最大值，循环和缺失前置不得算成零天 (0.132083ms)
✔ 工厂实收映射须有明细与物流批次，入库不冒充到厂，重复事件不累加 (0.162166ms)
✔ 投入产出、单位或质量门槛不合规，不能放行下游 (0.09ms)
✔ 新版本仅记录显式重算范围，不能顺延旧基线或考核截止 (0.393834ms)
✔ 默认演示配置没有阻断，会议候选必须以提示保留 (0.090417ms)
✔ 选定在途W19规则从1改3，本地路线24改26而原始/生效截止与实际事实不变 (4.489166ms)
✔ 在途发布同层冲突、缺规则、缺映射或事件边界变化都不生成覆盖 (0.417375ms)
✔ 发布覆盖可从初始快照恢复且重复应用幂等，未选任务不受影响 (0.939292ms)
✔ 未完成调拨预算增加后，预测沿下游传播；已完成上游事实仍原样 (0.338209ms)
(node:12153) ExperimentalWarning: localStorage is not available because --localstorage-file was not provided.
(Use `node --trace-warnings ...` to show where the warning was created)
✔ 首次来源读取只创建当前存在的缺口，历史从本次观察开始 (0.997625ms)
✔ 事项键由任务、工作与类型生成，中文说明变化不新增事项 (0.327708ms)
✔ 缺款图形成独立事项，增加地址不等于款色对应核验通过 (0.271708ms)
✔ 登记责任期限不修改事实或关闭事项，只有后续来源读取确认恢复 (0.620208ms)
✔ 同一恢复事实重复核对不制造历史，缺口复现重新打开且保留期限 (0.297083ms)
✔ 任务或工作未返回、数量已知性字段消失均不是恢复证据 (0.258833ms)
✔ 来源身份变更不能在同一次读取中把旧缺口标为恢复 (0.211458ms)
✔ 未结构化来源审核项不因文字消失自动关闭 (0.203584ms)
✔ 本地持久化保留独立事项、责任、期限和恢复历史 (0.396375ms)
✔ 本地损坏记录不伪造历史、不覆盖旧内容、不允许假保存 (1.777834ms)
✔ 责任、期限、调整原因必填；存储失败给出未保存结果 (0.251833ms)
✔ 数据待补按事项分页和筛选，提供独立登记及来源刷新入口 (1.8095ms)
✔ 事项按自身负责人和修复期限筛选，不借任务跟单替代 (0.213458ms)
✔ 空在途范围不展示历史演示日期压力图 (2.113292ms)
✔ 未知预算仍保留串并行和汇合箭头，位置不依赖日期 (4.187375ms)
✔ 下游未开工且前置未完的逾期归为等待；根卡点标出具体工作和全部后继 (1.270541ms)
✔ 取消和已完成不是当前卡点，数据缺口不当执行逾期 (0.515875ms)
✔ 已开工工作即使前置未完，也保留其来源责任逾期并提示核对 (0.396667ms)
✔ 卡点范围仍显示上游参照及所有受影响后继，不显示无关支路 (0.919167ms)
✔ 单据摘要默认展开来源核心字段，不只展示时效 (0.667208ms)
✔ 需求摘要指向已存在的需求列表，入口不冒称独立详情 (0.393458ms)
✔ 缺少单据不得生成虚构摘要或默认完成数 (0.333375ms)
✔ 已实收的有效结束满足前置，取消前置不会被视为供给完成 (0.505833ms)
✔ 质检不合格仍是放行卡点，不因检验时间存在变为可放行 (0.442542ms)
✔ 来源已有不合格检验结果但缺建立时间时，不因前置未完而隐藏本项卡点 (1.015542ms)
✔ 作废且不计时不等于前置已完成；来源已阻断是明确卡点 (0.606166ms)
✔ 已知工作预算齐备但范围未确认时，公式页不得称作全程标准 (7.017459ms)
✔ 暂停或受阻工作不因遗留结束时间而放行下游 (0.763833ms)
✔ 生产准备初始化按编号读取定义与完整目录逐值一致，保留不存在时的契约 (2.067958ms)
✔ 单定义读取的可编辑数组保持隔离，不污染其他任务读取 (0.326834ms)
▶ execution source relations retain full facts without unrelated cold initialization
  ✔ cold read resolves real runtime scope and leaves print/dye execution ledgers untouched (150.513584ms)
  ✔ scoped cold result equals original complete enumeration after the same actual ID resolution (1165.05475ms)
  ✔ production with print/dye uses all existing preparation facts and keeps unknown IDs unknown (51.091792ms)
  ✔ live explicit cross-order reference and cancellation facts survive scoped reading (20.367375ms)
  ✔ real persisted cancellation restores through the original validated path in a new process (891.113959ms)
  ✔ QC reads real fact quantities and renders explicit missing artwork without placeholder network dependency (117.434875ms)
✔ execution source relations retain full facts without unrelated cold initialization (2701.505292ms)
(node:12158) ExperimentalWarning: localStorage is not available because --localstorage-file was not provided.
(Use `node --trace-warnings ...` to show where the warning was created)
✔ production source time uses explicit Shanghai time and rejects date-only completion (0.592709ms)
✔ DDS tasks use demand identity and do not invent preparation, budgets, shipment quantities or orders (1.786125ms)
✔ source bindings require existing same-style preparation and published technical version (0.310375ms)
✔ reuse preserves its source/version and does not add past preparation duration (0.326791ms)
✔ explicit unneeded work is excluded but unconfirmed missing work remains a decision, never zero-day completion (0.214583ms)
✔ explicit dependencies preserve parallel entries and repeated processes instead of serial sorting (0.565208ms)
✔ missing explicit predecessors do not become confirmed parallel roots (0.225834ms)
✔ missing predecessor and material SKU discontinuity block route certainty without fabricated edges (0.250958ms)
✔ cyclic source dependency stays a blocking issue and source objects remain unchanged (0.238375ms)
✔ read snapshot uses all current demand records without private Mock tasks or automatic same-style preparations (44.038166ms)
✔ continuous material SKU edges stay confirmed while an unconfirmed route remains pending (0.221792ms)
✔ unverified reuse does not fabricate a completed zero-day result (0.145916ms)
✔ binding writes only the DDS association key and is reflected by the next read (21.13675ms)
✔ execution source uses exact production-order identity, assigned factory and responsibility deadline (0.237542ms)
✔ only a unique exact technical entry binds execution to route; same-name and split executions stay independent (0.278625ms)
✔ preparation-only source cycles are blocked without depending on a technical pack branch (0.156ms)
✔ source time and manual forecast stay separate from frozen rule examples and missing SLA (0.437083ms)
✔ cancelled execution is not a late blocker and unfinished status cannot borrow a stale completion timestamp (0.148542ms)
✔ document summaries are factual, compact strings; decisions without a document stay unbound (0.116209ms)
✔ formal preparation output connects the exact confirmation, route entry and production version (0.313042ms)
✔ technical object identity and its material photo are retained without using the style photo (0.119041ms)
✔ material transfer has serial dispatch, transport and receipt with separate responsibility and source identity (0.255417ms)
✔ approval, sent quantities and delivery-note registration cannot prove physical handout or logistics delivery (0.152792ms)
✔ actual handout starts transportation but factory receipt never backfills logistics delivery or reception start (0.10525ms)
✔ receipt quantities require the same source line, target factory and unit; mixed units never close reception (0.137583ms)
✔ voided transfers keep evidence but no effective supply or transport completion (0.176375ms)
✔ a document handout timestamp does not complete unshipped or partially shipped source lines (0.144125ms)
✔ only preparation-bound purchase documents are included, and purchase completion never invents warehouse arrival (0.131958ms)
✔ quality is scoped to its recorded sample and does not establish shipment orders or whole-order completion (0.158833ms)
✔ current source snapshot exposes matching handover, quality and transfer documents, not generic placeholders alone (3.764958ms)
✔ only a real same-version production order becomes a root execution predecessor (0.318209ms)
✔ task lead blocker matches dependency analysis instead of blaming an unstarted downstream deadline (0.099583ms)
✔ failed inspection exposes the concrete unqualified quantity as blocker reason (0.10775ms)
✔ category sample images never stand in for a source style; a dedicated source image is retained (0.144625ms)
(node:12159) ExperimentalWarning: localStorage is not available because --localstorage-file was not provided.
(Use `node --trace-warnings ...` to show where the warning was created)
✔ 当前非 Mock 需求可保存显式工作映射，序列化后可恢复且不改来源事实 (63.176625ms)
✔ 未保存映射、规则空天数、事件范围变化与同级冲突分别给出真实阻断 (4.0765ms)
✔ 同一工作不得存两份口径，来源身份变化或未知数量不允许保存 (3.791875ms)
✔ 工作单位不换算、通配值不充当事实、里程碑不重复加预算 (3.428167ms)
✔ 来源任务发布单项预算后保持整体待定，刷新覆盖和已有截止均保留 (3.859042ms)
✔ 缺准备或实发范围时即使要求首次建基线也阻断，并且不写覆盖 (3.413875ms)
✔ 已确认的未来发货工作尚无实发事实也可建 T0+最长路径基线，缺进度只影响预测 (1.143542ms)
✔ 已发布后来源工作身份变化，不把旧映射预算套到新单据 (3.629041ms)
✔ 配置页面保存映射到本地，空天数发布被阻断，填写预算后实际发布当前来源任务 (19.302667ms)
✔ 查生产入口只在合法系统路由显示，并在打印与 PDA 路由隐藏 (1.003958ms)
✔ 相似前缀和相似打印段不会被当成合法路由 (0.148791ms)
(node:12161) ExperimentalWarning: localStorage is not available because --localstorage-file was not provided.
(Use `node --trace-warnings ...` to show where the warning was created)
✔ PERF-001: runtime snapshot and all nine subsets preserve every production order value and caller isolation (20.146416ms)
✔ PERF-001: a subset read does not traverse or clone unrelated snapshot sections (0.506916ms)
✔ PERF-001: paper pattern binding strips and nested craft arrays remain isolated after mutation (0.387792ms)
✔ PERF-001: replacing or updating the bound snapshot is visible immediately without a stale cache (0.165292ms)
✔ PERF-001: missing production order keeps null and empty-list contracts (0.077708ms)
(node:12162) ExperimentalWarning: localStorage is not available because --localstorage-file was not provided.
(Use `node --trace-warnings ...` to show where the warning was created)
✔ VERIFY-003: scoped reads preserve pending/voided sources and defensive copies (2.378083ms)
✔ VERIFY-003: metadata lookup reflects registry changes and returns independent locations (5.553ms)
✔ 并发调用复用同一个模块加载 Promise，成功后继续复用结果 (0.637125ms)
✔ 模块加载失败后清空缓存，下一次调用可以重试 (0.230667ms)
✔ 独立打印外壳只命中完整生产确认单打印路由 (0.470292ms)
✔ 既有固定打印路由仍使用独立打印外壳 (0.08925ms)
✔ 三个中央工厂在组织目录与执行工厂中身份一致且仅出现一次 (0.414ms)
✔ 花边角色与采购映射归属TMF但供应方仍保留独立身份 (0.068584ms)
✔ 橡筋定长切割仍归SPF，不成为TMF织带截断任务 (0.0905ms)
✔ 旧浏览器组织记录迁移后不与权威TMF并存且保留已有联系人 (2.309709ms)
(node:12166) ExperimentalWarning: localStorage is not available because --localstorage-file was not provided.
(Use `node --trace-warnings ...` to show where the warning was created)
✔ N01～N05：通过现有 PMS 入口下达，每条采购链从零执行到仓库实收；交出不提前增加库存 (6.139666ms)
✔ B01/B03：短收保留在途和采购缺口；重复扫描、生成和刷新不双记 (1.710625ms)
✔ B02/B04：多收、错 SKU、错仓和无权限动作不改变任意下游数量；恢复后正常收齐 (2.668833ms)
✔ B23/B24：未开始跟随采购版本，已执行保留原计划和实物、挂出变更待处理 (2.573458ms)
✔ B21：保存失败不报成功、不留部分库存；成功后刷新读取同一采购和收货事实 (0.945458ms)
✔ 采购→两种规格截断→拆包回仓→分配发料→生产实收：短收保留缺口，库存及采购不双记 (19.036292ms)
✔ B09：其他需求占用400米时不能再占650；释放50后恢复，错误发料不改变库存 (4.88475ms)
✔ 需求来源：同尺码不同成衣SKU分别保留，BOM适用范围生效，错误快照和重复工序阻断 (0.508917ms)
✔ 待打头条料不计合格产出；超公差实物记不良且照实扣下料当量，未实收不可截断 (14.930791ms)
✔ N04：采购100米→单端硅胶按kg实耗→回仓发料→生产实收50根，连续料剩34米 (11.438708ms)
✔ B15：截断后取消保留1000根在制和1260米当量，释放未发占用并只退连续余料 (16.188833ms)
✔ 已回仓部分发料后取消：释放未发分配，冻结实存，已发在途保留且实收不恢复需求 (12.391ms)
✔ 编辑器按尺码保留规格，截断打头不新建SKU，重复保存沿用节点身份 (1.49275ms)
✔ 前序印染产出SKU作为截断投入；保留独立橡筋工艺，移除打头后下游连接截断 (0.331084ms)
✔ 未明确打头、错误辅料BOM、无半成品和不合法前序不能生成可执行路线 (0.131584ms)
(node:12168) ExperimentalWarning: localStorage is not available because --localstorage-file was not provided.
(Use `node --trace-warnings ...` to show where the warning was created)
✔ N01：400 条 50CM 和 600 条 70CM 分行计算，共 620 米；未增加 SKU (1.191209ms)
✔ 缺少尺码数量、非整数条数、公差或测量条件时不猜测需求 (0.301167ms)
✔ B07：未选择打头、缺少端头方式或辅材不能确认；支持两端不同端头 (0.194416ms)
✔ N04/B08：硅胶按重量且必须有覆盖长度，不作为独立金属头计数 (0.090959ms)
✔ B18：打头只能承接对应截断条料，不能换 SKU、换长度或重新领连续料 (0.242291ms)
✔ N05：规格相同可以合并，但尺码、用途和需求身份不靠物理规格键代替 (0.083708ms)
✔ B14：修改后续版本端头要求不能污染生产单历史快照 (0.403625ms)
ℹ tests 360
ℹ suites 0
ℹ pass 360
ℹ fail 0
ℹ cancelled 0
ℹ skipped 0
ℹ todo 0
ℹ duration_ms 5421.749667
vite v6.4.3 building for production...
transforming...
✓ 2646 modules transformed.
rendering chunks...
[plugin vite:reporter] 
(!) /Users/laoer/Documents/higoods/src/data/app-shell-config.ts is dynamically imported by /Users/laoer/Documents/higoods/src/router/routes.ts but also statically imported by /Users/laoer/Documents/higoods/src/components/shell.ts, /Users/laoer/Documents/higoods/src/state/store.ts, dynamic import will not move module into another chunk.

computing gzip size...
dist/index.html                                                           1.12 kB │ gzip:   0.61 kB
dist/assets/pcs-pattern-parse.worker-B3_rAVMB.js                         18.52 kB
dist/assets/source-views-23Nr_RHD.css                                    34.63 kB │ gzip:   7.04 kB
dist/assets/index-B8GzFigb.css                                          155.27 kB │ gzip:  25.43 kB
dist/assets/pcs-project-demo-seed-service-COOi2Kbg.js                     0.06 kB │ gzip:   0.08 kB
dist/assets/store-domain-quality-bootstrap-Cm62-4qQ.js                    0.38 kB │ gzip:   0.25 kB
dist/assets/sample-warehouse-projection-71GgLFV2.js                       0.39 kB │ gzip:   0.25 kB
dist/assets/dialogs-DHQ80Q2Q.js                                           0.58 kB │ gzip:   0.31 kB
dist/assets/tech-pack-3-vDujE8.js                                         0.59 kB │ gzip:   0.32 kB
dist/assets/transfer-bag-handover-mock-DwGEO_Qy.js                        0.63 kB │ gzip:   0.41 kB
dist/assets/pcs-reset-placeholder-Yn2GIynC.js                             0.72 kB │ gzip:   0.45 kB
dist/assets/badge-CQoV5Hhm.js                                             0.78 kB │ gzip:   0.42 kB
dist/assets/images-Q79qfJD0.js                                            0.80 kB │ gzip:   0.35 kB
dist/assets/placeholder-8wxRWJKH.js                                       0.81 kB │ gzip:   0.44 kB
dist/assets/pms-export-C5DiqcGG.js                                        0.83 kB │ gzip:   0.50 kB
dist/assets/trace-B40huTHV.js                                             0.85 kB │ gzip:   0.49 kB
dist/assets/execution-prep-projection-helpers-BnJuX10I.js                 0.90 kB │ gzip:   0.44 kB
dist/assets/runtime-DY769RIr.js                                           0.90 kB │ gzip:   0.61 kB
dist/assets/history-CNCN82x-.js                                           0.94 kB │ gzip:   0.61 kB
dist/assets/payment-sync-ChNBgpiQ.js                                      0.97 kB │ gzip:   0.62 kB
dist/assets/print-service-Cb4Z7TQ8.js                                     1.00 kB │ gzip:   0.50 kB
dist/assets/pda-sewing-self-return-mode-CVT5AEl1.js                       1.07 kB │ gzip:   0.54 kB
dist/assets/detail.adapter-BZYgP-RK.js                                    1.08 kB │ gzip:   0.68 kB
dist/assets/process-work-order-generation-service-5_R5pi6H.js             1.08 kB │ gzip:   0.65 kB
dist/assets/dialogs-CZneYmN2.js                                           1.08 kB │ gzip:   0.49 kB
dist/assets/dyeing-material-receipts-CUOaGMU8.js                          1.11 kB │ gzip:   0.73 kB
dist/assets/pda-runtime-D2drRHtt.js                                       1.12 kB │ gzip:   0.61 kB
dist/assets/overview-DkRU37Oe.js                                          1.25 kB │ gzip:   0.69 kB
dist/assets/process-work-order-source-view-DS_3fDyf.js                    1.31 kB │ gzip:   0.58 kB
dist/assets/work-order-action-policy-B3qipFyP.js                          1.34 kB │ gzip:   0.68 kB
dist/assets/real-qr-0qnSuKZW.js                                           1.48 kB │ gzip:   0.83 kB
dist/assets/filter-bar-BicXsiXA.js                                        1.49 kB │ gzip:   0.81 kB
dist/assets/material-identity-CKNSwJiE.js                                 1.54 kB │ gzip:   0.85 kB
dist/assets/supplement-material-prep-demand-registry-DI-N3DvB.js          1.56 kB │ gzip:   0.75 kB
dist/assets/warehouse-shared-BE7LJ44h.js                                  1.57 kB │ gzip:   0.51 kB
dist/assets/pda-cutting-wait-handover-actions-DnjzPBYB.js                 1.58 kB │ gzip:   0.62 kB
dist/assets/task-handover-domain-CqQrS03y.js                              1.58 kB │ gzip:   0.77 kB
dist/assets/work-order-detail-PSRgFhdF.js                                 1.66 kB │ gzip:   0.77 kB
dist/assets/task-chain-pages-adapter-BBMhv4Fv.js                          1.72 kB │ gzip:   0.84 kB
dist/assets/production-contract-print-BlVUPNQ8.js                         1.73 kB │ gzip:   1.04 kB
dist/assets/real-barcode-DLJSbomk.js                                      1.81 kB │ gzip:   0.96 kB
dist/assets/wool-pda-scan-D1WOCyzH.js                                     1.81 kB │ gzip:   1.00 kB
dist/assets/toast-JTI_dJb4.js                                             1.87 kB │ gzip:   0.90 kB
dist/assets/kol-goto-fixed-total-ledger-CRrRGQCh.js                       1.93 kB │ gzip:   0.92 kB
dist/assets/printing-sheet-preview-64QswOVh.js                            1.94 kB │ gzip:   1.02 kB
dist/assets/table-AxvlV04E.js                                             2.04 kB │ gzip:   1.02 kB
dist/assets/pda-cutting-simple-cut-piece-handover-BGpkhjPz.js             2.14 kB │ gzip:   1.12 kB
dist/assets/binding-process-pda-scan-CdelVISe.js                          2.18 kB │ gzip:   1.13 kB
dist/assets/special-craft-pda-scope-BmcJoiLz.js                           2.22 kB │ gzip:   1.01 kB
dist/assets/helpers-BFKa6pUf.js                                           2.42 kB │ gzip:   1.21 kB
dist/assets/pms-excel-import-DnMCWv6B.js                                  2.66 kB │ gzip:   1.32 kB
dist/assets/shared-O0TaIznd.js                                            2.70 kB │ gzip:   1.02 kB
dist/assets/process-order-list-presentation-C837qHbH.js                   2.71 kB │ gzip:   1.27 kB
dist/assets/marker-plan-projection-Dsi3DWd0.js                            2.77 kB │ gzip:   1.18 kB
dist/assets/post-finishing-spu-technical-parameters-9WXiXoas.js           2.79 kB │ gzip:   1.28 kB
dist/assets/authorization-code-ZLa_005X.js                                2.87 kB │ gzip:   1.40 kB
dist/assets/process-order-task-relations-9IFlK_9k.js                      2.97 kB │ gzip:   1.29 kB
dist/assets/production-order-identity-ataxhSRx.js                         3.00 kB │ gzip:   1.24 kB
dist/assets/confirmation-print-Br1Fklll.js                                3.00 kB │ gzip:   1.29 kB
dist/assets/product-skus-CEt6Fukj.js                                      3.03 kB │ gzip:   0.96 kB
dist/assets/progress-board-_u0KWjuE.js                                    3.05 kB │ gzip:   1.45 kB
dist/assets/tabs-Hg4N7Pkl.js                                              3.09 kB │ gzip:   0.93 kB
dist/assets/pda-cutting-runtime-action-inputs-Bq3VckBl.js                 3.15 kB │ gzip:   1.09 kB
dist/assets/trade-subjects-B1U82DIE.js                                    3.16 kB │ gzip:   1.12 kB
dist/assets/task-route-card-DHYcDrrG.js                                   3.27 kB │ gzip:   1.43 kB
dist/assets/wls-page-handlers-CnuXhJON.js                                 3.28 kB │ gzip:   1.06 kB
dist/assets/task-delivery-card-PH4pJCt3.js                                3.33 kB │ gzip:   1.51 kB
dist/assets/cutting-mainline-pjBt89-m.js                                  3.41 kB │ gzip:   1.53 kB
dist/assets/transfer-bags-projection-407-jafQ.js                          3.52 kB │ gzip:   1.48 kB
dist/assets/binding-process-warehouse-linkage-service-IwLIaJJh.js         3.63 kB │ gzip:   1.38 kB
dist/assets/fcs-route-links-BrHBsWPd.js                                   3.67 kB │ gzip:   1.20 kB
dist/assets/quality-chain-adapter-DpWy4o6K.js                             3.68 kB │ gzip:   1.66 kB
dist/assets/shared-BH4mHID7.js                                            3.73 kB │ gzip:   1.69 kB
dist/assets/engineering-file-upload-BmTrzzvn.js                           3.77 kB │ gzip:   1.70 kB
dist/assets/shared-BhlLGxML.js                                            3.91 kB │ gzip:   1.64 kB
dist/assets/transfer-bag-repack-mock-pxRMVfnq.js                          3.95 kB │ gzip:   1.81 kB
dist/assets/sewing-outsourcing-demo-C6hD40ur.js                           3.95 kB │ gzip:   1.58 kB
dist/assets/dashboards-q6BeMasL.js                                        4.06 kB │ gzip:   2.00 kB
dist/assets/transit-simple-lists-C1lgsqVA.js                              4.13 kB │ gzip:   1.45 kB
dist/assets/pda-wool-warehouse-flows-DnRyeiDT.js                          4.37 kB │ gzip:   2.33 kB
dist/assets/form-BMcqcg6v.js                                              4.37 kB │ gzip:   1.39 kB
dist/assets/sewing-outsourcing-responsibility-CztsNiQN.js                 4.42 kB │ gzip:   1.95 kB
dist/assets/supplement-order-registry-CHnc7juB.js                         4.49 kB │ gzip:   1.76 kB
dist/assets/routes-pda-CPCO7k7H.js                                        4.65 kB │ gzip:   1.76 kB
dist/assets/preparation-material-receipt-sources-w3g1ELLA.js              4.68 kB │ gzip:   1.95 kB
dist/assets/layout.helpers-B_-L6Vnb.js                                    4.76 kB │ gzip:   1.73 kB
dist/assets/runtime-task-tenders-YGz6fHpq.js                              4.76 kB │ gzip:   1.94 kB
dist/assets/relations-Cl3tjnid.js                                         4.77 kB │ gzip:   2.17 kB
dist/assets/transit-dashboard-B2H4Wds-.js                                 4.81 kB │ gzip:   2.02 kB
dist/assets/process-order-list-controller-DC4TZNWj.js                     4.84 kB │ gzip:   1.86 kB
dist/assets/result-list-DMl9Yf5J.js                                       4.94 kB │ gzip:   2.06 kB
dist/assets/store-domain-dispatch-process-CK8y_mFM.js                     5.01 kB │ gzip:   1.95 kB
dist/assets/process-work-order-quality-settlement-BC8i9Spx.js             5.33 kB │ gzip:   2.20 kB
dist/assets/dispatch-task-sheet-4LX7Vdaa.js                               5.56 kB │ gzip:   2.65 kB
dist/assets/routes-pcs-DDrwS3tN.js                                        5.62 kB │ gzip:   1.62 kB
dist/assets/process-order-three-axis-view-BQscTyjZ.js                     5.72 kB │ gzip:   2.30 kB
dist/assets/production-contract-center--06Lvd6K.js                        5.77 kB │ gzip:   2.47 kB
dist/assets/pda-cutting-nav-context-1f_25tjI.js                           5.95 kB │ gzip:   1.40 kB
dist/assets/fcs-pda-pickup-dispute-C0mBqz3o.js                            6.19 kB │ gzip:   2.19 kB
dist/assets/material-handover-mP55jzs-.js                                 6.21 kB │ gzip:   2.41 kB
dist/assets/pcs-project-technical-data-writeback-BRZA1SPy.js              6.25 kB │ gzip:   2.40 kB
dist/assets/warehouse-standard-o8c3wNWy.js                                6.26 kB │ gzip:   2.08 kB
dist/assets/fact-view-BMhL234f.js                                         6.29 kB │ gzip:   2.07 kB
dist/assets/statistics-BkZHL2tM.js                                        6.31 kB │ gzip:   1.89 kB
dist/assets/craft-actions-rCdI9_pI.js                                     6.38 kB │ gzip:   2.89 kB
dist/assets/pda-notify-CndZK-d6.js                                        6.49 kB │ gzip:   2.38 kB
dist/assets/pda-transfer-bag-detail-BFDHtDQy.js                           6.49 kB │ gzip:   2.34 kB
dist/assets/shared-C3p4-xfB.js                                            6.56 kB │ gzip:   2.32 kB
dist/assets/factory-receiving-links-BFAK8rtL.js                           6.57 kB │ gzip:   2.63 kB
dist/assets/workbench-Ddx1V8cJ.js                                         6.58 kB │ gzip:   2.66 kB
dist/assets/sewing-outsourcing-supplement-tracking-B2gaAul2.js            6.63 kB │ gzip:   2.89 kB
dist/assets/shared-DJEneIBn.js                                            6.82 kB │ gzip:   2.51 kB
dist/assets/production-contract-master-template-CzjL7vXy.js               6.85 kB │ gzip:   2.74 kB
dist/assets/dye-work-order-times-CxLziefL.js                              7.12 kB │ gzip:   2.52 kB
dist/assets/pda-cutting-execution-unit-AeyrJCRd.js                        7.15 kB │ gzip:   2.70 kB
dist/assets/overview.helpers-BP2F5Yu8.js                                  7.36 kB │ gzip:   2.88 kB
dist/assets/pda-notify-detail-BA7_tCA_.js                                 7.38 kB │ gzip:   2.34 kB
dist/assets/pda-cutting-fei-ticket-numbering-BrONKc_P.js                  7.40 kB │ gzip:   2.47 kB
dist/assets/settlement-flow-boundaries-DbkSNas3.js                        7.43 kB │ gzip:   2.53 kB
dist/assets/pda-warehouse-Bfz0yfEN.js                                     7.48 kB │ gzip:   2.99 kB
dist/assets/production-craft-dict-CnxAJDC-.js                             7.51 kB │ gzip:   2.82 kB
dist/assets/transit-warehouse-CGN4xIMS.js                                 7.54 kB │ gzip:   2.13 kB
dist/assets/sewing-outsourcing-return-tracking-Cv_M_2KL.js                7.58 kB │ gzip:   2.84 kB
dist/assets/workbench-CrB8WEsb.js                                         7.61 kB │ gzip:   3.12 kB
dist/assets/pda-cutting-transfer-bag-recovery-Z6SfdFxX.js                 7.70 kB │ gzip:   3.23 kB
dist/assets/pcs-material-archive-detail-C1FAJsH1.js                       7.71 kB │ gzip:   2.70 kB
dist/assets/supplement-node-facts-BEK8i5Qp.js                             7.77 kB │ gzip:   2.85 kB
dist/assets/production-contracts-CuvIc-zG.js                              8.06 kB │ gzip:   2.73 kB
dist/assets/pda-cutting-transfer-bag-scrap-tWsWBwDp.js                    8.08 kB │ gzip:   3.35 kB
dist/assets/progress-exception-lifecycle-BJx0gSBY.js                      8.09 kB │ gzip:   2.70 kB
dist/assets/routes-pms-DGG7bMA_.js                                        8.16 kB │ gzip:   2.06 kB
dist/assets/statistics-Dty2Dw5A.js                                        8.41 kB │ gzip:   3.65 kB
dist/assets/milestone-configs-DmKPZm5Q.js                                 8.42 kB │ gzip:   2.94 kB
dist/assets/bom-templates-Br7_yp-y.js                                     8.47 kB │ gzip:   1.81 kB
dist/assets/pre-settlement-ledger-repository-BAPaxezE.js                  8.64 kB │ gzip:   2.95 kB
dist/assets/pcs-pattern-library-config-dtPVBykJ.js                        8.73 kB │ gzip:   2.37 kB
dist/assets/fei-ticket-numbering-HmRMhJ22.js                              8.81 kB │ gzip:   3.09 kB
dist/assets/warehouses-zI9ocKIC.js                                        8.83 kB │ gzip:   2.08 kB
dist/assets/pda-cutting-shared-yKvznDH2.js                                8.83 kB │ gzip:   2.71 kB
dist/assets/bom-templates-CIDzQmu4.js                                     8.83 kB │ gzip:   3.67 kB
dist/assets/navigation-context-nhTwowmC.js                                8.87 kB │ gzip:   2.46 kB
dist/assets/yarn-shipments-Du-9WqnK.js                                    8.92 kB │ gzip:   4.04 kB
dist/assets/list-C75wDQfK.js                                              9.04 kB │ gzip:   3.01 kB
dist/assets/pda-login-DqdFxBPk.js                                         9.09 kB │ gzip:   3.51 kB
dist/assets/dye-work-order-online-domain-BLd3Wlpb.js                      9.53 kB │ gzip:   3.55 kB
dist/assets/sewing-pickup-slips-C1z3Ogqv.js                               9.56 kB │ gzip:   3.59 kB
dist/assets/production-return-fulfillment-CX47zDSY.js                    10.02 kB │ gzip:   3.82 kB
dist/assets/purchase-suggestions-Duv_PHLl.js                             10.15 kB │ gzip:   3.10 kB
dist/assets/trade-subjects-DJwgDbjH.js                                   10.22 kB │ gzip:   3.72 kB
dist/assets/pms-handlers-xFiGHOQY.js                                     10.64 kB │ gzip:   2.35 kB
dist/assets/settings-DrKO3Jwt.js                                         10.68 kB │ gzip:   3.22 kB
dist/assets/product-skus-DQFMK7rc.js                                     10.70 kB │ gzip:   4.13 kB
dist/assets/transit-receipts-DwgkY33h.js                                 10.95 kB │ gzip:   4.01 kB
dist/assets/task-breakdown-CS4b5yS1.js                                   11.01 kB │ gzip:   4.04 kB
dist/assets/presentation-BsVJ1vBr.js                                     11.02 kB │ gzip:   4.53 kB
dist/assets/tasks-Vbq2hsyV.js                                            11.26 kB │ gzip:   4.32 kB
dist/assets/material-transfers-CQuGXvo3.js                               11.28 kB │ gzip:   3.91 kB
dist/assets/pda-exec-link-BMqYIbXW.js                                    11.32 kB │ gzip:   3.69 kB
dist/assets/material-prep-BaXHwV7e.js                                    11.40 kB │ gzip:   2.68 kB
dist/assets/dyeing-warehouse-view-z4FzMvp9.js                            11.46 kB │ gzip:   3.93 kB
dist/assets/warehouses-BUxE420k.js                                       11.69 kB │ gzip:   4.22 kB
dist/assets/process-statistics-domain-B04sZt0O.js                        12.19 kB │ gzip:   3.97 kB
dist/assets/pickup-management-runtime-CV0WXlur.js                        12.20 kB │ gzip:   4.71 kB
dist/assets/task-execution-adapter-CN0HzKIA.js                           12.22 kB │ gzip:   3.67 kB
dist/assets/bom-detail-3nOJTYXQ.js                                       12.33 kB │ gzip:   4.32 kB
dist/assets/wls-inbound-1Ua8sZQC.js                                      12.36 kB │ gzip:   4.75 kB
dist/assets/returns-CrBsBoQ4.js                                          12.40 kB │ gzip:   4.57 kB
dist/assets/handover-print-C-4mOZ3h.js                                   12.42 kB │ gzip:   4.48 kB
dist/assets/cut-piece-return-warehouse-D66J5KGl.js                       12.43 kB │ gzip:   4.35 kB
dist/assets/meta-DoO-xbln.js                                             12.79 kB │ gzip:   2.87 kB
dist/assets/context-BFz7i4iu.js                                          12.97 kB │ gzip:   4.57 kB
dist/assets/responsibility-transfers-DM08dbwH.js                         13.03 kB │ gzip:   4.87 kB
dist/assets/supplements-DDe2nMdl.js                                      13.14 kB │ gzip:   4.73 kB
dist/assets/handover-records-CczNCa36.js                                 13.14 kB │ gzip:   4.14 kB
dist/assets/wls-finished-inbound-BgHF7VLG.js                             13.20 kB │ gzip:   5.01 kB
dist/assets/pda-start-link-B8OG3vcD.js                                   13.37 kB │ gzip:   4.73 kB
dist/assets/work-orders-QKmOGxcU.js                                      13.84 kB │ gzip:   4.66 kB
dist/assets/mobile-execution-task-index-DoGW3qrG.js                      13.96 kB │ gzip:   3.70 kB
dist/assets/workbench-DRG2CVwH.js                                        14.03 kB │ gzip:   4.04 kB
dist/assets/work-order-detail-C_ryN_Y8.js                                14.13 kB │ gzip:   4.46 kB
dist/assets/routes-wls-H9CaGvbF.js                                       14.21 kB │ gzip:   3.74 kB
dist/assets/post-finishing-qc-print-template-CK_JMAAO.js                 14.45 kB │ gzip:   4.45 kB
dist/assets/work-orders-Gxn1i575.js                                      14.70 kB │ gzip:   4.77 kB
dist/assets/reports-lQ99gOuO.js                                          14.75 kB │ gzip:   3.54 kB
dist/assets/full-flow-print-E2NkF6vx.js                                  14.89 kB │ gzip:   4.83 kB
dist/assets/progress-handover-order-CndRJc4A.js                          15.06 kB │ gzip:   4.30 kB
dist/assets/pcs-engineering-tech-pack-workspace-DWq4W7Vf.js              15.18 kB │ gzip:   5.42 kB
dist/assets/cut-order-release-integration-D8jKptU4.js                    15.21 kB │ gzip:   5.39 kB
dist/assets/machines-DF1XrqYc.js                                         15.31 kB │ gzip:   5.00 kB
dist/assets/outbound-orders-D0T3lx-5.js                                  15.34 kB │ gzip:   4.91 kB
dist/assets/pda-cutting-task-detail-S76fbhYe.js                          15.50 kB │ gzip:   5.38 kB
dist/assets/simple-cut-piece-handover-fixtures-JvQmv1L2.js               15.90 kB │ gzip:   5.28 kB
dist/assets/process-web-status-actions-B-p4TW9P.js                       15.97 kB │ gzip:   4.23 kB
dist/assets/cut-order-supplement-fixture-BCp8wjoe.js                     15.97 kB │ gzip:   4.83 kB
dist/assets/progress-cutting-detail-C5XgVJTO.js                          15.99 kB │ gzip:   3.76 kB
dist/assets/pda-sewing-self-return-D2rqc4DX.js                           15.99 kB │ gzip:   5.26 kB
dist/assets/garment-spu-replacement-D3zRD0EG.js                          16.01 kB │ gzip:   4.85 kB
dist/assets/handover-ledger-view-D8wv0t5e.js                             16.17 kB │ gzip:   4.44 kB
dist/assets/wls-garment-relabel-tasks-5J2KK0Z1.js                        16.20 kB │ gzip:   5.30 kB
dist/assets/pda-notify-due-soon-BM9Hwv0g.js                              16.49 kB │ gzip:   5.53 kB
dist/assets/material-requirements-D7oOUz8P.js                            16.61 kB │ gzip:   5.62 kB
dist/assets/suppliers-CF8Vrskm.js                                        16.77 kB │ gzip:   4.64 kB
dist/assets/events-N2Uvcuwy.js                                           16.92 kB │ gzip:   6.63 kB
dist/assets/sewing-cut-piece-return-workflow-BYTTjXsh.js                 17.18 kB │ gzip:   6.06 kB
dist/assets/warehouse-I_rwdrwV.js                                        17.25 kB │ gzip:   5.36 kB
dist/assets/production-confirmation-CHk_otJ_.js                          17.25 kB │ gzip:   5.89 kB
dist/assets/marker-spreading-projection-CTBD3xDw.js                      17.48 kB │ gzip:   5.53 kB
dist/assets/sewing-cut-piece-responsibility-aVbV6llO.js                  17.53 kB │ gzip:   5.25 kB
dist/assets/process-mobile-task-binding-DWQ_tv5r.js                      17.56 kB │ gzip:   6.14 kB
dist/assets/pda-handlers-BWZLua7J.js                                     17.63 kB │ gzip:   4.65 kB
dist/assets/bom-detail-BMiKBhJB.js                                       17.74 kB │ gzip:   5.73 kB
dist/assets/adjustments-B7uZ75sz.js                                      18.11 kB │ gzip:   5.47 kB
dist/assets/pda-warehouse-inbound-records-COA04duu.js                    18.16 kB │ gzip:   5.10 kB
dist/assets/purchase-demands-DavZb7uR.js                                 18.27 kB │ gzip:   5.86 kB
dist/assets/platform-process-result-view-WnzENmLQ.js                     18.53 kB │ gzip:   5.31 kB
dist/assets/store-domain-statement-source-adapter-f-DlRJC3.js            18.56 kB │ gzip:   5.31 kB
dist/assets/sewing-outsourcing-workbench-D5efssay.js                     18.65 kB │ gzip:   6.46 kB
dist/assets/pda-warehouse-outbound-records-BzmKQeR5.js                   18.65 kB │ gzip:   5.32 kB
dist/assets/task-orders-C8JgHqp1.js                                      18.69 kB │ gzip:   6.31 kB
dist/assets/pda-warehouse-shared-B4wceoRr.js                             18.74 kB │ gzip:   5.59 kB
dist/assets/process-water-soluble-orders-DfD01A45.js                     18.80 kB │ gzip:   5.72 kB
dist/assets/production-demand-early-process-work-orders-9dHy7O5M.js      18.82 kB │ gzip:   5.60 kB
dist/assets/product-purchase-orders-BzO6T1aS.js                          18.90 kB │ gzip:   5.54 kB
dist/assets/materials-BA_owAdW.js                                        18.93 kB │ gzip:   4.79 kB
dist/assets/kol-goto-pda-domain-CXj9rNPS.js                              19.16 kB │ gzip:   6.51 kB
dist/assets/platform.adapter-B1D1cGCd.js                                 19.25 kB │ gzip:   6.09 kB
dist/assets/shared-DFrWPz6S.js                                           19.47 kB │ gzip:   5.27 kB
dist/assets/audit-records-Bg7dNKl1.js                                    19.65 kB │ gzip:   6.34 kB
dist/assets/stage-display-CIJw7j-y.js                                    19.65 kB │ gzip:   6.94 kB
dist/assets/units-iXQt_dWp.js                                            19.68 kB │ gzip:   5.88 kB
dist/assets/factory-sample-verification-flow-C0LvPUoc.js                 19.86 kB │ gzip:   4.87 kB
dist/assets/material-purchase-tracking-CQbhaDBH.js                       20.12 kB │ gzip:   6.28 kB
dist/assets/index-mlpRK6DM.js                                            20.17 kB │ gzip:   5.20 kB
dist/assets/pcs-engineering-master-list-QvsgpbmT.js                      20.37 kB │ gzip:   6.91 kB
dist/assets/deduction-analysis-9v-LSawX.js                               20.56 kB │ gzip:   5.82 kB
dist/assets/fei-ticket-numbering-DF47Ni01.js                             20.61 kB │ gzip:   5.67 kB
dist/assets/order-list-columns-g1ILxs8H.js                               20.62 kB │ gzip:   6.45 kB
dist/assets/overview.adapter-BHMO2CJ8.js                                 20.65 kB │ gzip:   6.53 kB
dist/assets/events-CBOgVh_a.js                                           21.11 kB │ gzip:   6.52 kB
dist/assets/work-order-detail-Ch_fllmT.js                                21.13 kB │ gzip:   6.65 kB
dist/assets/pcs-engineering-master-view-model-DNyIu0vH.js                21.18 kB │ gzip:   7.03 kB
dist/assets/suppliers-B0WA8KLw.js                                        21.38 kB │ gzip:   6.81 kB
dist/assets/material-purchase-orders-BWT7kiGl.js                         21.41 kB │ gzip:   6.83 kB
dist/assets/cut-piece-returns-BeTFFu7M.js                                21.55 kB │ gzip:   6.47 kB
dist/assets/cut-piece-handover-B2rywi1O.js                               21.75 kB │ gzip:   6.93 kB
dist/assets/tasks-DcPPNHU1.js                                            21.99 kB │ gzip:   6.96 kB
dist/assets/progress-cutting-overview-CUwOsaKm.js                        22.02 kB │ gzip:   4.99 kB
dist/assets/material-issue-CD1L5q7i.js                                   22.02 kB │ gzip:   5.17 kB
dist/assets/pms-purchase-orders-CpjN7EU_.js                              22.06 kB │ gzip:   6.46 kB
dist/assets/pcs-project-detail-support-DtvsSNCA.js                       22.10 kB │ gzip:   6.80 kB
dist/assets/wls-accessory-receipts-CzAi0znj.js                           22.14 kB │ gzip:   6.67 kB
dist/assets/qc-workbench-VBOFpSaE.js                                     22.32 kB │ gzip:   6.88 kB
dist/assets/dye-work-order-online-view-DpWmxsGC.js                       22.47 kB │ gzip:   7.73 kB
dist/assets/recheck-orders-DGXxZD_G.js                                   22.50 kB │ gzip:   7.05 kB
dist/assets/production-order-duration-B5AHkgs8.js                        22.50 kB │ gzip:   8.55 kB
dist/assets/warehouse-location-map-model-DxXfyQTT.js                     22.52 kB │ gzip:   7.14 kB
dist/assets/subject-operations-CVLvlbzf.js                               22.57 kB │ gzip:   7.00 kB
dist/assets/material-statements-DhReikeI.js                              22.71 kB │ gzip:   5.99 kB
dist/assets/progress-statistics-linkage-agIiRr7c.js                      22.82 kB │ gzip:   6.52 kB
dist/assets/simple-cut-piece-handover-ui-CxLMwJZe.js                     23.04 kB │ gzip:   8.89 kB
dist/assets/purchase-suggestions-BcNcMUOg.js                             23.20 kB │ gzip:   7.25 kB
dist/assets/process-order-task-links-CXe67Psi.js                         23.57 kB │ gzip:   6.43 kB
dist/assets/process-print-orders-CS6VI_0B.js                             23.59 kB │ gzip:   7.73 kB
dist/assets/qc-orders-CxOtQelv.js                                        23.61 kB │ gzip:   7.31 kB
dist/assets/pcs-handlers-Cci0pSSw.js                                     23.63 kB │ gzip:   6.11 kB
dist/assets/process-dye-orders-mwQwhu2f.js                               23.77 kB │ gzip:   7.80 kB
dist/assets/machine-associations-BRn0fzpM.js                             24.42 kB │ gzip:   7.25 kB
dist/assets/fcs-production-tech-pack-snapshot-CgHjGfaC.js                24.58 kB │ gzip:   6.16 kB
dist/assets/retired-process-history-AzRPYy0k.js                          24.75 kB │ gzip:   6.40 kB
dist/assets/dialogs-AI0r6u-q.js                                          24.87 kB │ gzip:   6.14 kB
dist/assets/wls-fabric-demand-board-Iyug7Sht.js                          25.08 kB │ gzip:   6.86 kB
dist/assets/kol-demands-DjgJTntQ.js                                      25.29 kB │ gzip:   7.34 kB
dist/assets/supplier-supply-archives-C3hiEAH4.js                         25.58 kB │ gzip:   7.43 kB
dist/assets/pda-warehouse-wait-handover-CP2KUFL4.js                      25.61 kB │ gzip:   6.37 kB
dist/assets/sample-approval-suggestions-D5SJ8SDF.js                      25.93 kB │ gzip:   7.97 kB
dist/assets/progress-milestone-config-GHz0sqTF.js                        26.43 kB │ gzip:   5.64 kB
dist/assets/sample-warehouse-BgtbQDtM.js                                 26.63 kB │ gzip:   6.62 kB
dist/assets/marker-spreading-utils-D0QDjhzk.js                           26.72 kB │ gzip:   7.83 kB
dist/assets/third-party-factory-rating-B6R-HMT9.js                       27.03 kB │ gzip:   7.57 kB
dist/assets/warehouse-location-map-CiLSLyru.js                           27.06 kB │ gzip:   7.08 kB
dist/assets/pcs-channel-products-BLvmoLm7.js                             27.09 kB │ gzip:   7.17 kB
dist/assets/pcs-pattern-library-detail-plSgNvE1.js                       27.58 kB │ gzip:   6.56 kB
dist/assets/pda-wool-fact-execution-CBSjHfZF.js                          27.84 kB │ gzip:   9.27 kB
dist/assets/warehouse-Cr1_OSvA.js                                        28.08 kB │ gzip:   9.32 kB
dist/assets/material-purchase-orders-D6UBzWwu.js                         28.08 kB │ gzip:   8.24 kB
dist/assets/production-order-progress-tracking-CSNFDGTz.js               28.21 kB │ gzip:   9.21 kB
dist/assets/factory-status-pZcXG11L.js                                   28.39 kB │ gzip:   6.00 kB
dist/assets/pcs-engineering-master-detail-CEcEOVH2.js                    28.51 kB │ gzip:   8.35 kB
dist/assets/logistics-reconciliations-CnQjifTS.js                        28.78 kB │ gzip:   8.84 kB
dist/assets/marker-plan-source-model-DRiIXGMm.js                         28.86 kB │ gzip:   8.45 kB
dist/assets/progress-cutting-exception-center-BhXMaYp9.js                29.08 kB │ gzip:   6.45 kB
dist/assets/material-reconciliations-rbsgFJsV.js                         29.23 kB │ gzip:   8.83 kB
dist/assets/handover-orders-Bw19pHCd.js                                  30.04 kB │ gzip:   8.25 kB
dist/assets/early-process-management--bBZZXfN.js                         30.06 kB │ gzip:   7.55 kB
dist/assets/pcs-config-workspace-DMWRWlsS.js                             30.75 kB │ gzip:   6.77 kB
dist/assets/capability-BD3Ec9nv.js                                       31.61 kB │ gzip:   6.67 kB
dist/assets/material-archives-D4J3J223.js                                31.90 kB │ gzip:   7.92 kB
dist/assets/factory-performance-Ds8OFQKE.js                              32.27 kB │ gzip:   6.72 kB
dist/assets/garment-spu-replacements-I-a6RHtc.js                         32.30 kB │ gzip:   9.07 kB
dist/assets/task-detail-DHWpnqeo.js                                      32.45 kB │ gzip:   9.60 kB
dist/assets/dialogs-D2A2x50T.js                                          32.55 kB │ gzip:   9.78 kB
dist/assets/pda-shell-D5m160uf.js                                        32.91 kB │ gzip:   8.67 kB
dist/assets/process-warehouse-domain-oQgFNyvw.js                         32.98 kB │ gzip:   7.51 kB
dist/assets/cut-piece-return-domain-DCESnG_r.js                          33.09 kB │ gzip:   9.74 kB
dist/assets/pda-cutting-inbound-DOnu9Tdt.js                              33.44 kB │ gzip:  10.02 kB
dist/assets/store-domain-settlement-seeds-B2Ta7LFi.js                    33.63 kB │ gzip:   8.97 kB
dist/assets/pcs-pattern-library-C_31VJXp.js                              33.64 kB │ gzip:   7.62 kB
dist/assets/warehouse-runtime-UgsJKPpu.js                                33.70 kB │ gzip:   8.62 kB
dist/assets/payment-requests-FDZ9MJZf.js                                 33.93 kB │ gzip:   8.90 kB
dist/assets/stage-orders-CqRwfh0_.js                                     34.11 kB │ gzip:  10.44 kB
dist/assets/first-leg-logistics-mLNThaot.js                              34.45 kB │ gzip:   9.00 kB
dist/assets/pda-warehouse-stocktake-DckxoYPs.js                          34.46 kB │ gzip:   8.63 kB
dist/assets/stage-order-detail-DI6CqPYZ.js                               34.49 kB │ gzip:   9.99 kB
dist/assets/work-orders-DA0TCN1W.js                                      34.50 kB │ gzip:  11.54 kB
dist/assets/work-order-detail-7ZNV_Nwg.js                                34.57 kB │ gzip:   9.39 kB
dist/assets/pda-post-finishing-flow-Dv8HY7Tn.js                          34.79 kB │ gzip:   9.27 kB
dist/assets/dispatch-acceptance-sla-3k86Wab5.js                          34.91 kB │ gzip:   7.87 kB
dist/assets/pda-task-receive-detail-X_R8sYVM.js                          35.22 kB │ gzip:   8.43 kB
dist/assets/pending-receipts-DgnhYcgd.js                                 35.27 kB │ gzip:  10.60 kB
dist/assets/water-soluble-orders-SajjH5on.js                             35.86 kB │ gzip:  10.76 kB
dist/assets/pda-cutting-transfer-bag-repack-ho6iDSwd.js                  35.90 kB │ gzip:  10.09 kB
dist/assets/work-order-detail-XxJEFvL5.js                                36.11 kB │ gzip:   9.66 kB
dist/assets/pcs-technical-data-BYYcKiSZ.js                               36.78 kB │ gzip:   9.79 kB
dist/assets/pcs-pattern-library-create-dlAMetVI.js                       36.89 kB │ gzip:   8.61 kB
dist/assets/special-processes-CvT1RJ-R.js                                37.19 kB │ gzip:   9.50 kB
dist/assets/first-leg-carriers-2IeZ2Vz7.js                               37.30 kB │ gzip:   9.86 kB
dist/assets/third-party-factory-comprehensive-assessment-DQJI2ChN.js     37.39 kB │ gzip:  11.04 kB
dist/assets/pda-quality-3wpLL079.js                                      37.40 kB │ gzip:   9.77 kB
dist/assets/product-purchase-orders-CKSoCKqL.js                          37.56 kB │ gzip:   9.20 kB
dist/assets/cutting-statistics-ab-material-DLsAqabJ.js                   38.09 kB │ gzip:   8.61 kB
dist/assets/payment-requests-CSlXHTCm.js                                 38.09 kB │ gzip:   9.92 kB
dist/assets/warehouse-mumuEhcO.js                                        38.50 kB │ gzip:  10.90 kB
dist/assets/fcs-handlers-VR6smX_n.js                                     38.84 kB │ gzip:  11.64 kB
dist/assets/pda-cutting-handover-CZUcsFyl.js                             38.97 kB │ gzip:  11.05 kB
dist/assets/first-leg-shipments-DBhGcxSn.js                              39.77 kB │ gzip:   9.84 kB
dist/assets/wait-handover-runtime-k3HcvvmY.js                            41.22 kB │ gzip:  11.19 kB
dist/assets/print-styles-BRZ9iJL8.js                                     41.87 kB │ gzip:   8.57 kB
dist/assets/pending-receipts-pNmbnadi.js                                 43.19 kB │ gzip:  15.36 kB
dist/assets/pcs-material-archives-BJTIW0sM.js                            43.89 kB │ gzip:   9.60 kB
dist/assets/cutting-summary-dKP_VUZX.js                                  44.04 kB │ gzip:  11.50 kB
dist/assets/warehouse-Csv0L-ry.js                                        44.11 kB │ gzip:  11.17 kB
dist/assets/handover-orders-DTPsr0-k.js                                  44.18 kB │ gzip:   8.79 kB
dist/assets/demand-domain-gtNNkYv-.js                                    44.54 kB │ gzip:   9.88 kB
dist/assets/warehouse-CB-baEXy.js                                        46.18 kB │ gzip:  10.74 kB
dist/assets/batches-CauVFX4x.js                                          46.41 kB │ gzip:   9.85 kB
dist/assets/dispatch-tenders-D7nty3cD.js                                 47.24 kB │ gzip:  12.25 kB
dist/assets/dyeing-SBq0DdAD.js                                           47.45 kB │ gzip:  10.17 kB
dist/assets/printing-DHoKCIw8.js                                         47.45 kB │ gzip:  10.18 kB
dist/assets/other-uPXxZGiV.js                                            47.46 kB │ gzip:  10.19 kB
dist/assets/settlement-linked-mock-factory-E2Xuqyc4.js                   47.63 kB │ gzip:  14.44 kB
dist/assets/sewing-B2zUFTzN.js                                           48.47 kB │ gzip:  10.52 kB
dist/assets/progress-material-Lt8GdRFk.js                                48.72 kB │ gzip:   9.35 kB
dist/assets/material-inventory-C7lM1c3_.js                               48.95 kB │ gzip:  12.56 kB
dist/assets/pda-task-receive-D7vfotR7.js                                 49.14 kB │ gzip:  12.22 kB
dist/assets/supplier-confirmations-Dron2OTd.js                           49.80 kB │ gzip:  12.84 kB
dist/assets/pda-cutting-execution-source-Cu2oG7IC.js                     49.90 kB │ gzip:  13.49 kB
dist/assets/pda-onboarding-ECqrTwXj.js                                   50.52 kB │ gzip:  10.77 kB
dist/assets/marker-plan-model-OIEwSW9z.js                                51.50 kB │ gzip:  14.70 kB
dist/assets/pda-handover-D1tPuTOY.js                                     52.11 kB │ gzip:  13.86 kB
dist/assets/store-domain-progress-BSAj8yL3.js                            53.10 kB │ gzip:  11.77 kB
dist/assets/settlement-cutting-input-Bt4_iur2.js                         53.56 kB │ gzip:  11.03 kB
dist/assets/lace-factory-domain-CK--dX9N.js                              53.67 kB │ gzip:  13.39 kB
dist/assets/pcs-part-template-library-B6rMLluZ.js                        53.77 kB │ gzip:  11.06 kB
dist/assets/progress-urge-B5RMJWzF.js                                    56.35 kB │ gzip:  11.39 kB
dist/assets/pda-cutting-spreading-Cf_uyL_i.js                            56.56 kB │ gzip:  13.08 kB
dist/assets/warehouse-location-map-9C6d_EUF.js                           56.79 kB │ gzip:  16.84 kB
dist/assets/marker-plan-occupancy-BZfUSVTE.js                            57.09 kB │ gzip:  16.02 kB
dist/assets/domain-snapshot-CDKclAjV.js                                  59.32 kB │ gzip:  15.87 kB
dist/assets/routes-fcs-CAh1A_S9.js                                       59.93 kB │ gzip:  12.50 kB
dist/assets/cut-piece-release-C6tAU-3d.js                                60.06 kB │ gzip:  15.81 kB
dist/assets/pda-settlement-CRT9Cmiu.js                                   60.08 kB │ gzip:  13.66 kB
dist/assets/factory-profile-LBqNxrU9.js                                  61.11 kB │ gzip:  14.02 kB
dist/assets/pickup-management-list-BxIKqnfw.js                           61.39 kB │ gzip:  17.10 kB
dist/assets/pcs-live-testing-c94Fa7xa.js                                 62.65 kB │ gzip:  15.76 kB
dist/assets/cutting-DxyiUZ8i.js                                          62.79 kB │ gzip:  12.94 kB
dist/assets/progress-handover-BjyQE4d5.js                                63.78 kB │ gzip:  13.54 kB
dist/assets/production-object-overview-y0i-TIZs.js                       64.69 kB │ gzip:  13.11 kB
dist/assets/pcs-video-testing-Bgwa7ky5.js                                64.82 kB │ gzip:  16.18 kB
dist/assets/production-object-overview-DemHWuMw.js                       65.32 kB │ gzip:  15.33 kB
dist/assets/output-documents-CtNka3cz.js                                 65.92 kB │ gzip:  22.54 kB
dist/assets/pda-exec-B3uuo46L.js                                         66.88 kB │ gzip:  15.30 kB
dist/assets/pcs-sample-management-8SSiUSUf.js                            67.47 kB │ gzip:  15.34 kB
dist/assets/core-DoMJjcMg.js                                             67.54 kB │ gzip:  12.55 kB
dist/assets/cutting-daily-production-report-HVLF8REO.js                  68.05 kB │ gzip:  19.05 kB
dist/assets/pcs-channel-stores-Le3f4juh.js                               69.22 kB │ gzip:  14.30 kB
dist/assets/context-Bvky0PT1.js                                          69.43 kB │ gzip:  21.32 kB
dist/assets/sewing-dispatch-9tfHVpiG.js                                  69.49 kB │ gzip:  18.07 kB
dist/assets/progress-exceptions-D5gWdhNT.js                              70.30 kB │ gzip:  13.28 kB
dist/assets/qc-records-DunlPn52.js                                       71.00 kB │ gzip:  15.95 kB
dist/assets/wait-handover-actions-q52IHKQm.js                            71.83 kB │ gzip:  18.16 kB
dist/assets/special-craft-fei-ticket-flow-BHvFVzb3.js                    72.43 kB │ gzip:  16.43 kB
dist/assets/transfer-bags-DFeplmFH.js                                    72.79 kB │ gzip:  18.41 kB
dist/assets/factory-onboarding-DvUCNg8G.js                               75.21 kB │ gzip:  12.66 kB
dist/assets/pda-handover-detail-D3Iql4vU.js                              75.36 kB │ gzip:  18.44 kB
dist/assets/settlement-Cmf0APV_.js                                       75.54 kB │ gzip:  11.55 kB
dist/assets/dialogs-BmxCKqyK.js                                          75.66 kB │ gzip:  18.69 kB
dist/assets/orders-domain-C1ODzjOP.js                                    76.23 kB │ gzip:  16.86 kB
dist/assets/pcs-independent-sampling-7I21EWVh.js                         76.92 kB │ gzip:  19.55 kB
dist/assets/runtime-projections-DApKwrf5.js                              78.01 kB │ gzip:  18.42 kB
dist/assets/transfer-bag-operations-BVzCPH8h.js                          78.06 kB │ gzip:  19.27 kB
dist/assets/process-action-writeback-service-CJnnFLQ0.js                 78.08 kB │ gzip:  17.82 kB
dist/assets/production-progress-H7Q6UitD.js                              80.58 kB │ gzip:  20.32 kB
dist/assets/pda-warehouse-wait-process-BgOonTit.js                       87.24 kB │ gzip:  21.10 kB
dist/assets/events-CCsPgdm0.js                                           90.02 kB │ gzip:  22.17 kB
dist/assets/factory-onboarding-flow-BEN--0aZ.js                          90.59 kB │ gzip:  23.31 kB
dist/assets/dispatch-DOLs4OPc.js                                         91.34 kB │ gzip:  27.77 kB
dist/assets/cut-orders-DGwBNWVc.js                                       94.66 kB │ gzip:  24.39 kB
dist/assets/special-craft-task-orders-ZNgF1odr.js                        99.16 kB │ gzip:  26.80 kB
dist/assets/pcs-product-archives-Dp3lHVEE.js                            106.20 kB │ gzip:  21.44 kB
dist/assets/index-CNkjqCTu.js                                           109.43 kB │ gzip:  39.84 kB
dist/assets/app-shared-CI7Lw1Ed.js                                      109.79 kB │ gzip:  26.87 kB
dist/assets/transfer-bag-return-model-CIgFqb0g.js                       112.94 kB │ gzip:  26.62 kB
dist/assets/supplement-management-xFrwC4Hg.js                           113.22 kB │ gzip:  29.91 kB
dist/assets/unified-dispatch-workbench-B9hv4OxL.js                      117.95 kB │ gzip:  33.07 kB
dist/assets/statements-DxieaRlw.js                                      119.48 kB │ gzip:  24.44 kB
dist/assets/events-CYKO6Aoy.js                                          120.95 kB │ gzip:  31.17 kB
dist/assets/pcs-engineering-tasks-BwLFhZtb.js                           121.82 kB │ gzip:  27.76 kB
dist/assets/context-gZgjAO4k.js                                         132.99 kB │ gzip:  34.39 kB
dist/assets/production-NH6HHt2y.js                                      133.88 kB │ gzip:  27.37 kB
dist/assets/process-domain-DXEw5AjD.js                                  138.94 kB │ gzip:  25.95 kB
dist/assets/generated-fei-tickets-PFz6_yLB.js                           143.00 kB │ gzip:  36.14 kB
dist/assets/preparation-timing-IaHcWSkT.js                              145.93 kB │ gzip:  34.38 kB
dist/assets/marker-plan-Dz6Zwmpy.js                                     150.09 kB │ gzip:  35.39 kB
dist/assets/warehouse-hub-qUSwbMpe.js                                   152.71 kB │ gzip:  37.96 kB
dist/assets/marker-spreading-DXZ9toem.js                                154.06 kB │ gzip:  37.72 kB
dist/assets/return-inbound-ZoDvMhgP.js                                  185.16 kB │ gzip:  34.48 kB
dist/assets/fei-tickets-CfhWcxEM.js                                     196.51 kB │ gzip:  43.85 kB
dist/assets/index--GzcKvNw.js                                           210.12 kB │ gzip:  66.49 kB
dist/assets/index-BwUbYK_w.js                                           221.48 kB │ gzip:  51.92 kB
dist/assets/pcs-projects-BCdqv31V.js                                    232.17 kB │ gzip:  50.52 kB
dist/assets/pda-exec-detail-BLU-zW7f.js                                 233.98 kB │ gzip:  54.27 kB
dist/assets/print-preview-BEXP8hqY.js                                   257.70 kB │ gzip:  66.69 kB
dist/assets/production-timeliness-QnK4N4Fe.js                           459.91 kB │ gzip: 115.02 kB
dist/assets/pda-DZ1JtbR2.js                                             511.75 kB │ gzip:  85.30 kB
dist/assets/production-source-shared-Utsonn0r.js                      2,916.47 kB │ gzip: 725.03 kB

(!) Some chunks are larger than 550 kB after minification. Consider:
- Using dynamic import() to code-split the application
- Use build.rollupOptions.output.manualChunks to improve chunking: https://rollupjs.org/configuration-options/#output-manualchunks
- Adjust chunk size limit for this warning via build.chunkSizeWarningLimit.
✓ built in 8.75s
