
> higoods-vanilla-clone@1.0.0 build
> npm run typecheck:engineering && npm test && vite build


> higoods-vanilla-clone@1.0.0 typecheck:engineering
> npm run typecheck:entrypoints && npm run typecheck:scopes


> higoods-vanilla-clone@1.0.0 typecheck:entrypoints
> tsc --project tsconfig.engineering.json


> higoods-vanilla-clone@1.0.0 typecheck:scopes
> node scripts/check-typescript-scope.mjs src/domain/ src/components/ui/ src/state/

TypeScript 全量既有错误：61
本次渐进检查范围：src/domain/、src/components/ui/、src/state/
范围内错误：0
范围外既有错误保留在全量 typecheck 中继续分批治理。

> higoods-vanilla-clone@1.0.0 test
> npm run test:unit


> higoods-vanilla-clone@1.0.0 test:unit
> node --import tsx --test tests/unit/*.test.ts

✔ 浏览器存储封装保持读写删除语义 (0.364791ms)
✔ 浏览器存储不可用或抛错时保持静默降级 (0.082291ms)
(node:25199) ExperimentalWarning: localStorage is not available because --localstorage-file was not provided.
(Use `node --trace-warnings ...` to show where the warning was created)
✔ MIG-001/002/006: management entry and handlers belong to FCS; PFOS keeps execution (1.843208ms)
✔ MIG-003/007: prep and execution read the same early order identities, quantities and match status (3635.071375ms)
✔ MIG-004/009: migrated dialogs retain candidate fields, actual material image and task outputs (0.74725ms)
✔ MIG-011: management and execution use the same seven business display columns (8.186625ms)
✔ MIG-007: early dye/print creation and cancellation survive reload (3587.0245ms)
✔ 解析带标签、小数和空格的长度数量 (0.453709ms)
✔ 解析卷数并对不合法文本返回 0 (0.107541ms)
✔ 证据文件标识把连续空白收口为单个连字符 (0.137542ms)
(node:25202) ExperimentalWarning: localStorage is not available because --localstorage-file was not provided.
(Use `node --trace-warnings ...` to show where the warning was created)
✔ 设计改款可成批生成染色和印花加工单，且完整投影来源与上下游 (1781.093583ms)
✔ 设计改款加工单生成幂等，重复请求不增加单据 (14.959375ms)
✔ 同一设计改款任务的不同颜色和 BOM 行分别生成加工单 (4.451541ms)
✔ 成批提交失败时染色与印花加工单一起回滚 (7.613792ms)
✔ 设计改款来源缺关键引用或来源未知时必须阻断 (0.422834ms)
(node:25203) ExperimentalWarning: localStorage is not available because --localstorage-file was not provided.
(Use `node --trace-warnings ...` to show where the warning was created)
✔ 设计改款加工单等待买手审核成果，绑定真实附件后才可安排，先染后印继续受前序交出约束 (619.722125ms)
✔ 专业成果没有真实附件时保持未绑定 (8.741958ms)
(node:25204) ExperimentalWarning: localStorage is not available because --localstorage-file was not provided.
(Use `node --trace-warnings ...` to show where the warning was created)
✔ 可打印不等于可建交出单，必须完成真实标签打印 (0.445625ms)
✔ 卷规格无效时不可建交出单，且不改变原可打印判定语义 (0.066083ms)
✔ 人工完成印花加工单不再自动填充操作人 (391.958834ms)
✔ 日报窗口含截止日7天，重点日均独立使用前6天 (0.469417ms)
✔ 未知采购不填0，未BOM不输出完整确定订单需求 (0.099458ms)
✔ 突变必须绝对量与比例同时达到阈值 (0.057125ms)
✔ 截止日突变示例与未完结日不判定 (0.055583ms)
✔ 共享商品按SPU去重而不按关联行累加销量 (0.086208ms)
✔ 预选不产生确定用料；BOM需求保留物料归属 (0.1205ms)
✔ 同料BOM优先于预选，不重复关系及需量 (0.0605ms)
✔ 两个业务页具有独立容器、标准分页与证据边界 (20.581208ms)
✔ 未进入物料页面时 bridge 不加载业务；加载失败重试后首次渲染即已注册 (2.73225ms)
✔ click 分组顺序、短路、选择器范围保持原行为，重新注册替换旧处理器 (0.524042ms)
✔ 备料写入守卫读取实时角色与水位，阻断时不调用业务处理器 (0.3105ms)
✔ input/change/keyboard 原入口、筛选范围和 change 优先级完整保留 (0.283916ms)
✔ health groups are exhaustive and mutually exclusive in demo (1.840041ms)
✔ coverage and baseline use same inventory plus transit but distinct demand windows (0.17675ms)
✔ zero demand is unavailable rather than infinity and huge finite quotient stays finite (0.177666ms)
✔ date selects different consistent snapshot (0.181792ms)
✔ threshold changes alter classification without changing facts (0.1305ms)
✔ health view carries core P1 business sections and mock caveat (14.155542ms)
✔ AT16 rules do not substitute brand, size or packaging method (0.593375ms)
✔ AT24 equal priority conflict blocks resolution and identifies rules (0.37925ms)
✔ higher explicit priority resolves a lower priority overlap (0.055791ms)
✔ plans distinguish garments and parcels and add loss once (0.150167ms)
✔ AT18 white pendant stock only allocated once (0.862208ms)
✔ event duplicate and old revision do not add consumption; reprints are activity only (0.29275ms)
✔ conflicting same revision fails instead of silently choosing a payload (0.1215ms)
✔ AT17/19/20 panel states unresolved ASAYA, independent kit80 and unknown ribbon (0.488375ms)
✔ trigger distinct from target, existing supply produces explainable zero (1.126875ms)
✔ missing mapping or usage and incompatible raw unit block unsafe generation (0.380042ms)
✔ generation reserves remaining once and shared raw pool across target rules (1.42275ms)
✔ production does not increase stock; actual SKU and output bound partial receipts (0.319958ms)
✔ cancelled suggestion releases commitment and raw allocation (0.141417ms)
✔ AT05 committed greige is not available for a second allocation (0.433458ms)
✔ AT06 partial receipt reduces expected supply; checking and qualified never duplicate (0.299334ms)
✔ AT07 unmapped target preserves quantities but gives no target coverage (0.075334ms)
✔ §7.2 loss reduces future supply; rejected receipts never become usable (0.062584ms)
✔ §7.3 unit/yield/route and conservation gaps block deterministic supply (0.091583ms)
✔ §7.3 candidate comparison reports remaining shortage and respects arrival deadline (0.119041ms)
✔ §7.3 zero gap stays zero and nonfinite inputs cannot produce advice (0.042583ms)
✔ panel uses owned local handlers and discloses mock and missing images (3.490333ms)
✔ P2 coefficients and coverage exclude transit (11.862ms)
✔ P2 coverage buckets have exclusive shared boundaries (0.481125ms)
✔ P2 partial receipts and completed batches count remaining only (0.06575ms)
✔ P2 latest overdue selected only if no future batch; today included (0.5505ms)
✔ P2 search transit and ETA filters compose (0.283958ms)
✔ P2 zero demand and missing BOM preserve distinct nulls; micro demand excluded (0.137458ms)
✔ P2 standard table renders and limits initial rows to first page (9.423333ms)
✔ AT01/02 internal reservation stays in coverage while external reservation is deducted (12.592875ms)
✔ AT03 quality segments are not usable (0.147167ms)
✔ AT04 partial receipt leaves remaining supply only (0.173833ms)
✔ AT08/38 late supply never erases earlier shortage (0.142167ms)
✔ AT09 intermediate deficit determines net need rather than positive closing balance (0.868417ms)
✔ AT10 MOQ and pack rounding, zero stays zero (0.146833ms)
✔ AT11 horizon begins at cutoff and is not expanded by lead time (0.186125ms)
✔ AT12 forecast covered by confirmed demand is excluded before coefficient (0.129709ms)
✔ AT13 no demand has no numeric coverage (0.102042ms)
✔ AT14 cancelling demand does not change stock (0.146292ms)
✔ AT15 latest event revision only (0.404334ms)
✔ AT16/17 directory preserves bag sizes and ASAYA duplicated input is one unresolved SKU (0.080167ms)
✔ AT18 three brands draw from one shared pool (0.103583ms)
✔ AT19/20 kit capacity respects minimum and missing conversion (0.054709ms)
✔ AT21 inactive/unusable stock remains physically visible (0.098042ms)
✔ AT23 affected order identifiers are unique (0.087292ms)
✔ AT25/26 draft does not mutate active and invalidates trial (0.055333ms)
✔ AT26/28 publish requires role and exact trial; history retained (0.215667ms)
✔ AT31 risk cannot close with remaining shortage or skip verification (0.150042ms)
✔ AT37 invalid dates, unknown timezone, bad numeric values rejected (0.086375ms)
✔ duplicate supply chain does not double count and blocks deterministic advice (0.085ms)
✔ warehouse catalogue includes 17 locations and two garment warehouses (0.036083ms)
✔ candidate comparison retains pre-arrival risk (0.2845ms)
✔ SKU-specific policy wins and duplicate rules block publish (0.116833ms)
✔ 路由标准化移除 query 与 hash，但不改动路径 (0.729125ms)
✔ 只匹配路由根或其子路径，不误匹配相似前缀 (0.204375ms)
✔ 可在多个合法根路径中匹配一个 (0.139208ms)
✔ 只把完整生产确认单打印路由识别为命中 (0.189916ms)
✔ 物流商新增字段保存回显并写入操作日志 (5.854583ms)
✔ 物流商数字字段非负校验与运输方式枚举校验 (0.530458ms)
✔ 渠道新增字段保存回显，条件计费字段按计费方式保留 (0.754792ms)
✔ 整柜渠道不要求新增计费字段，仍要求四箱型完整配置 (0.250333ms)
✔ 渠道数字字段非负与时效区间校验 (0.270666ms)
✔ 头程批次聚合展示总箱数、总重量、总体积与转运天数 (0.926958ms)
✔ 工序链按保存顺序生效，合法工序集合固定，非法或重复工序被拒 (2.251333ms)
✔ 坯布 SKU 必填，坯布库存为 0 时调拨资格被拒，补足后恢复 (0.669708ms)
✔ 采购单按勾选 SKU 生成明细，数量与枚举非法被拒 (0.2985ms)
✔ 调拨单可选择调出仓库与调入目标，同步生成加工单号链 (0.373875ms)
✔ 批量刷新库存更新全部监控行与刷新时间并写日志 (0.384583ms)
✔ 手动添加监控 SKU 校验 SKU 必填与重复，添加后进入列表 (1.2545ms)
✔ 物料申报扩展字段保存回显，26 项特殊属性按数组保存 (2.173917ms)
✔ 报关扩展：法定第二计量单位与数值，不报关分支跳过必填校验 (0.291958ms)
✔ BOM 业务选项与价格/成本、工厂、布料字段保存回显 (1.1505ms)
✔ 主体经营 9 项成本明细加调整重算总成本，数据缺失提醒可消除 (0.560375ms)
✔ 供应商从草稿到启用遵循状态机，名称唯一 (2.098125ms)
✔ 供货档案包装换算与快照版本 (0.177209ms)
✔ 物料全部有真实图片，采购补充信息可更新且不新增删除 (0.302292ms)
✔ 成衣与样衣 SKU 只读列表数据完整 (0.066542ms)
✔ 仓库同步更新时间，单位字典唯一且不可删除只可启停 (0.25125ms)
✔ BOM 用量可修改，说明可保存，发布后可生成面辅料需求 (2.113542ms)
✔ 面辅料需求种子就绪且可按物料行下推采购单 (8.14725ms)
✔ 快递信息导入校验采购单存在、单号唯一、日期与数量合法 (0.8925ms)
✔ 国内签收、加入头程、状态推进与到仓自动签收 (1.811417ms)
✔ 供应商确认单需标签齐备，确认后回写采购单 (1.0375ms)
✔ 整柜渠道必须完整配置四个箱型，物流商可启停 (0.899333ms)
✔ 面辅料采购单可带原因关闭，关闭后不能再登记到货 (0.28625ms)
✔ 库存监控触发线与建议量公式，规则异常阻断建单 (2.285583ms)
✔ 建单数量不得超过建议量，调拨与采购资格分别阻断 (0.505625ms)
✔ 中转看板指标、分布与筛选跳转规则 (0.549ms)
✔ 生产单校验与配料任务只读数据完整，系统设置结果为 8/6/10 (0.177291ms)
✔ 种子采购单按 SRM 生成器规律补齐单据级与明细级字段 (0.656084ms)
✔ 新建做货采购单保存采购专员、加急、首单、区域与明细字段并可回显 (1.312416ms)
✔ 未传新增字段时沿用默认值并保持既有命令兼容 (0.236083ms)
✔ 采购专员必填、做货必须选区域、重量非负均抛出中文 PmsDomainError (0.494834ms)
✔ 编辑采购单保存新增字段并回显，非法输入被阻断 (0.545584ms)
✔ BOM 状态与 bomMatched 一致，未发布 BOM 的做货明细为未匹配 (0.358792ms)
✔ 行采购金额使用 roundPmsQty 且汇总等于逐行金额之和 (0.248625ms)
✔ 采购建议按缺口公式与折扣计算，并计入有效 KOL 申请 (1.604ms)
✔ KOL 草稿与已驳回不计入建议缺口 (0.229167ms)
✔ 建议转采购单后写回已转数量与部分生成状态 (2.335084ms)
✔ 面辅料需求按 BOM 用量与损耗扣减库存和采购中 (1.06275ms)
✔ 重复生成、草稿采购单与非做货采购单均被阻断 (0.241041ms)
✔ KOL 单条超量需要二次确认，超过申请量直接阻断 (0.679541ms)
✔ 驳回 KOL 需求后不再计入建议缺口 (0.259542ms)
✔ 关闭采购单必须填写原因且已关闭不可重复关闭 (1.218ms)
✔ 主体经营明细总成本、毛利与毛利率公式 (1.819167ms)
✔ 面辅料对账：预计/实际双层公式，费用项与差异双重门禁 (4.675125ms)
✔ 面辅料费用项部分确认、批量确认与编辑失效 (1.260083ms)
✔ 请款草稿跨页创建、请款与付款上限、编辑范围 (1.257208ms)
✔ 物流实际费用 12 列导入校验、不自动确认与确认后锁定 (0.923042ms)
✔ 请款单作废释放来源对账，已有付款不能作废 (0.456917ms)
✔ 供应商账单 9 列导入覆盖实际层且不自动确认 (0.311083ms)
✔ 金额大写按 RMB 规则输出并覆盖跨节零 (0.132ms)
✔ 生成卷号按前缀、每卷米数、重量与起始序号生成并写入包装明细 (4.668042ms)
✔ 生成卷号时尾卷承载剩余数量，卷数按采购数量与每卷米数自动取整 (0.933333ms)
✔ 非法卷号参数被拒绝并抛出中文域错误 (0.623041ms)
✔ 生成标签后二维码内容包含卷号与箱规，参与打印 (0.62875ms)
✔ 箱规新增自动计算体积，重复箱号与非法尺寸被拒，删除后计数正确 (0.505333ms)
✔ 包装明细可新增与删除，非法输入被拒且删除后计数正确 (0.406ms)
✔ 被包装明细引用的箱规不能删除 (0.210666ms)
✔ 供应商枚举与 SRM 完全一致，旧枚举不再出现 (0.823583ms)
✔ 种子字段满足 SRM 枚举且协同指标为数字 (0.122375ms)
✔ 新增字段保存并回显，成功命令写入操作日志 (3.530958ms)
✔ 编辑保存新增字段并保持状态机与事件名不变 (0.400042ms)
✔ 非法或缺失输入抛 PmsDomainError 且不写入数据 (0.439792ms)
✔ 详情与列表展示新增字段、SRM 枚举与协同指标 (42.199333ms)
(node:25231) ExperimentalWarning: localStorage is not available because --localstorage-file was not provided.
(Use `node --trace-warnings ...` to show where the warning was created)
✔ RETURN-010: only the acceptance week Sunday is skipped, for every starting weekday (0.551542ms)
✔ RETURN-004—010: both projections share counting dates and ceil targets (0.285ms)
(node:25232) ExperimentalWarning: localStorage is not available because --localstorage-file was not provided.
(Use `node --trace-warnings ...` to show where the warning was created)
✔ 实际耗时跨周日仍按真实时间差；没有可靠时间不造耗时 (0.589125ms)
✔ 每任务都达成才结束；同一来源去重，作废明细不影响主表 (0.159708ms)
✔ 耗时页 Mock 至少覆盖九张生产单和全部节点，且下游事实不会越过未完成的前置节点 (656.70175ms)
✔ 裁片放行按一张放行单内的多次放行展示并选取节点起止时间 (38.791625ms)
(node:25233) ExperimentalWarning: localStorage is not available because --localstorage-file was not provided.
(Use `node --trace-warnings ...` to show where the warning was created)
✔ EXC-001—004: a reference mark cannot change debt, strict kits or final task responsibility (4.550167ms)
(node:25234) ExperimentalWarning: localStorage is not available because --localstorage-file was not provided.
(Use `node --trace-warnings ...` to show where the warning was created)
✔ 派单新增主档工厂可登记承接关系，未知工厂仍阻断 (1.415958ms)
✔ 专属任务保留整单身份、数量和接收方，工艺分支保留全部前置关系 (1.313792ms)
✔ 原生产单车缝任务仍可被 PPIC 分配与责任移交识别，SKU 总量完整 (2.449709ms)
(node:25235) ExperimentalWarning: localStorage is not available because --localstorage-file was not provided.
(Use `node --trace-warnings ...` to show where the warning was created)
✔ VERIFY-003: dispatch reads keep all documents and independent copies without projecting unrelated business views (380.845875ms)
(node:25236) ExperimentalWarning: localStorage is not available because --localstorage-file was not provided.
(Use `node --trace-warnings ...` to show where the warning was created)
✔ PERF-002/004: scoped receiving reads preserve direct receipts and allocations, without exposing mutable facts (12.132875ms)
✔ PERF-002/004: a synchronous relation read matches independent reads and releases its scope after errors (663.465ms)
✔ PERF-004: batched print list reviews and handovers equal independently read facts (295.97725ms)
✔ PERF-004: scoped handovers keep canonical sorting and task point reads preserve identity (5.941625ms)
✔ PERF-004: reusing warehouse documents preserves each dye order source, quantity and receiver (158.818959ms)
(node:25237) ExperimentalWarning: localStorage is not available because --localstorage-file was not provided.
(Use `node --trace-warnings ...` to show where the warning was created)
✔ craft source selection preserves all previous source choices and isolated snapshots (20.019875ms)
✔ source eligibility is re-evaluated after a source order changes (0.120541ms)
(node:25239) ExperimentalWarning: localStorage is not available because --localstorage-file was not provided.
(Use `node --trace-warnings ...` to show where the warning was created)
✔ 验收数据至少包含 5 张染色和 5 张印花提前加工单，并覆盖全部匹配状态 (1299.787125ms)
✔ 印花专业成果把多张图片和多个文件统一保存在同一附件集合 (0.199333ms)
✔ 同一生产需求可手动选择具体专业任务，创建结果保存所选任务与全部成果附件 (102.958625ms)
✔ 创建提前加工单必须选择所属专业任务并明确加工厂 (0.903958ms)
✔ 计划加工数量包含损耗率，且染色印花投入与产出 SKU 必须不同 (0.738584ms)
✔ 专业成果未审核通过时不可创建提前加工单 (0.148375ms)
✔ 多个生产需求合并为一张生产单时，可匹配多张提前染色加工单 (38.797959ms)
✔ 等待技术包的提前单在技术包就绪后可由同一匹配服务自动重试 (16.064916ms)
✔ 合并生产单中只有部分需求有提前单时，只为未覆盖需求补建剩余数量 (104.773375ms)
✔ 已有提前单但正式 BOM 或 SKU 不一致时进入异常，且不重复补建同一工艺单 (116.836208ms)
✔ 取消后重建保留旧单，并建立双向替代关系 (3.011208ms)
✔ 没有提前加工单的需求仍保留正式加工单快照 (4.529125ms)
✔ BOM uses formally reduced quantity and leaves unsupported conversion unknown (1.32875ms)
✔ reuse retains one shared source instance and adds no duplicate processing duration (0.269167ms)
✔ a new rework/recheck round extends the dependency path two days and conserves qualified pieces (0.088958ms)
✔ date-only source is not coerced to a precise instant or exact deadline (0.109958ms)
✔ known order shipment can be timed without crediting an unknown production source (0.07675ms)
✔ waiting for actual fulfillment can be overall late while factory completion stays on time (0.06625ms)
✔ all six named cards render directly checkable evidence without changing production task facts (3.329208ms)
✔ all ten tasks have independent drill-down networks and one frozen aggregate snapshot (1.334542ms)
✔ 31-item dependency recursion proves 24 natural days and shows the actual sum/max formula (0.385041ms)
✔ improving procurement by ten days only improves whole-task timing by one day (0.1325ms)
✔ network rejects circular/missing dependencies and unknown is never zero time (0.211292ms)
✔ each complete standard mock network and live forecast agrees with the task summary (2.2645ms)
✔ quantity forecast finds a one-day risk before any actual deadline is missed (0.783083ms)
✔ all-natural-day clock includes Sundays, preserves timezones, equality is on time and one second is late (0.200792ms)
✔ already-overdue outranks forecast missing; historical completion stops the clock (0.16075ms)
✔ upstream two-day delay and local catch-up pressure are distinct from current-team fault (0.148917ms)
✔ manual forecast is local, propagates both earlier and later dates, and never relaxes baseline (1.495083ms)
✔ saving a manual forecast refreshes all affected node labels without pretending capacity was increased (2.182083ms)
✔ zero capacity and stale progress never forecast zero remaining duration (0.187459ms)
✔ stock and purchase coverage do not imply factory readiness or a new purchase gap (0.156834ms)
✔ stock-only task still has transfer; purchased material must move beyond warehouse entry (0.07025ms)
✔ batch schedule conserves shared capacity and 90 percent occurs at a real batch event (0.1415ms)
✔ customer cancellation without production allocation does not reduce any task (0.107583ms)
✔ excess shipment of one SKU cannot hide shortage of another (0.074042ms)
✔ duplicate, out-of-order and corrected quantity events conserve the effective sum (0.379208ms)
✔ shared work is counted once while merged source tasks preserve independent T0 and deadlines (0.258292ms)
✔ orders enter analysis only from actual shipment and have their own clock (0.693542ms)
✔ region and supply mode select rules together, unpublished candidate rules never apply (1.514584ms)
✔ filters share exact aggregate scope and date windows are left-closed right-open (5.364ms)
✔ Chinese UI defaults and all scope options filter the intended task population (0.411958ms)
✔ Chinese risk shortcut agrees with risk KPI and does not accidentally select completed or overdue tasks (0.808416ms)
✔ Chinese date-field labels use due date, start date and predicted completion respectively (0.662708ms)
✔ team and stage filters match applicable work nodes rather than only current task responsibility (0.414167ms)
✔ V3 team and factory must match the same node and empty all-scope still keeps a task (0.080958ms)
✔ V3 unknown shipment has no percentage and completed work without deadline is not on time (0.050667ms)
✔ 恢复预测保留不同工作和日期的顺序，只合并连续相同计算且不改写历史 (1.92225ms)
✔ 同一调拨动作按国家和供给方式命中不同预算，候选规则不参与匹配 (1.331417ms)
✔ 同优先级重叠命中必须冲突，明确更高优先级例外才可覆盖 (0.731541ms)
✔ 数量档边界不得跨档或用默认预算掩盖无规则 (0.1005ms)
✔ 子项七天而组上限五天阻断，网络不被截短也不在组外重复加预算 (0.142584ms)
✔ 并行分支取最大值，循环和缺失前置不得算成零天 (0.136833ms)
✔ 工厂实收映射须有明细与物流批次，入库不冒充到厂，重复事件不累加 (0.168625ms)
✔ 投入产出、单位或质量门槛不合规，不能放行下游 (0.093125ms)
✔ 新版本仅记录显式重算范围，不能顺延旧基线或考核截止 (0.427292ms)
✔ 默认演示配置没有阻断，会议候选必须以提示保留 (0.095625ms)
✔ 选定在途W19规则从1改3，本地路线24改26而原始/生效截止与实际事实不变 (5.386792ms)
✔ 在途发布同层冲突、缺规则、缺映射或事件边界变化都不生成覆盖 (0.410375ms)
✔ 发布覆盖可从初始快照恢复且重复应用幂等，未选任务不受影响 (1.995375ms)
✔ 未完成调拨预算增加后，预测沿下游传播；已完成上游事实仍原样 (0.785167ms)
(node:25243) ExperimentalWarning: localStorage is not available because --localstorage-file was not provided.
(Use `node --trace-warnings ...` to show where the warning was created)
✔ 首次来源读取只创建当前存在的缺口，历史从本次观察开始 (0.980667ms)
✔ 事项键由任务、工作与类型生成，中文说明变化不新增事项 (0.309083ms)
✔ 缺款图形成独立事项，增加地址不等于款色对应核验通过 (0.259167ms)
✔ 登记责任期限不修改事实或关闭事项，只有后续来源读取确认恢复 (0.610041ms)
✔ 同一恢复事实重复核对不制造历史，缺口复现重新打开且保留期限 (0.268708ms)
✔ 任务或工作未返回、数量已知性字段消失均不是恢复证据 (0.259125ms)
✔ 来源身份变更不能在同一次读取中把旧缺口标为恢复 (0.207ms)
✔ 未结构化来源审核项不因文字消失自动关闭 (0.203083ms)
✔ 本地持久化保留独立事项、责任、期限和恢复历史 (1.285541ms)
✔ 本地损坏记录不伪造历史、不覆盖旧内容、不允许假保存 (2.863584ms)
✔ 责任、期限、调整原因必填；存储失败给出未保存结果 (0.880333ms)
✔ 数据待补按事项分页和筛选，提供独立登记及来源刷新入口 (2.721791ms)
✔ 事项按自身负责人和修复期限筛选，不借任务跟单替代 (0.25175ms)
✔ 空在途范围不展示历史演示日期压力图 (2.175375ms)
✔ 未知预算仍保留串并行和汇合箭头，位置不依赖日期 (4.856791ms)
✔ 下游未开工且前置未完的逾期归为等待；根卡点标出具体工作和全部后继 (0.917167ms)
✔ 取消和已完成不是当前卡点，数据缺口不当执行逾期 (0.582708ms)
✔ 已开工工作即使前置未完，也保留其来源责任逾期并提示核对 (0.404042ms)
✔ 卡点范围仍显示上游参照及所有受影响后继，不显示无关支路 (2.02375ms)
✔ 单据摘要默认展开来源核心字段，不只展示时效 (1.645042ms)
✔ 需求摘要指向已存在的需求列表，入口不冒称独立详情 (0.585083ms)
✔ 缺少单据不得生成虚构摘要或默认完成数 (0.370458ms)
✔ 已实收的有效结束满足前置，取消前置不会被视为供给完成 (0.554709ms)
✔ 质检不合格仍是放行卡点，不因检验时间存在变为可放行 (0.506125ms)
✔ 来源已有不合格检验结果但缺建立时间时，不因前置未完而隐藏本项卡点 (0.895042ms)
✔ 作废且不计时不等于前置已完成；来源已阻断是明确卡点 (0.530375ms)
✔ 已知工作预算齐备但范围未确认时，公式页不得称作全程标准 (1.322375ms)
✔ 暂停或受阻工作不因遗留结束时间而放行下游 (0.708084ms)
✔ 生产准备初始化按编号读取定义与完整目录逐值一致，保留不存在时的契约 (2.987458ms)
✔ 单定义读取的可编辑数组保持隔离，不污染其他任务读取 (0.376708ms)
▶ execution source relations retain full facts without unrelated cold initialization
  ✔ cold read resolves real runtime scope and leaves print/dye execution ledgers untouched (148.016083ms)
  ✔ scoped cold result equals original complete enumeration after the same actual ID resolution (1305.98ms)
  ✔ production with print/dye uses all existing preparation facts and keeps unknown IDs unknown (54.756542ms)
  ✔ live explicit cross-order reference and cancellation facts survive scoped reading (22.507ms)
  ✔ real persisted cancellation restores through the original validated path in a new process (898.540542ms)
  ✔ QC reads real fact quantities and renders explicit missing artwork without placeholder network dependency (112.243791ms)
✔ execution source relations retain full facts without unrelated cold initialization (2825.275292ms)
(node:25247) ExperimentalWarning: localStorage is not available because --localstorage-file was not provided.
(Use `node --trace-warnings ...` to show where the warning was created)
✔ production source time uses explicit Shanghai time and rejects date-only completion (0.625625ms)
✔ DDS tasks use demand identity and do not invent preparation, budgets, shipment quantities or orders (1.81725ms)
✔ source bindings require existing same-style preparation and published technical version (0.319917ms)
✔ reuse preserves its source/version and does not add past preparation duration (0.329125ms)
✔ explicit unneeded work is excluded but unconfirmed missing work remains a decision, never zero-day completion (0.213792ms)
✔ explicit dependencies preserve parallel entries and repeated processes instead of serial sorting (0.567375ms)
✔ missing explicit predecessors do not become confirmed parallel roots (0.211791ms)
✔ missing predecessor and material SKU discontinuity block route certainty without fabricated edges (0.251084ms)
✔ cyclic source dependency stays a blocking issue and source objects remain unchanged (0.233833ms)
✔ read snapshot uses all current demand records without private Mock tasks or automatic same-style preparations (38.238792ms)
✔ continuous material SKU edges stay confirmed while an unconfirmed route remains pending (0.19875ms)
✔ unverified reuse does not fabricate a completed zero-day result (0.129709ms)
✔ binding writes only the DDS association key and is reflected by the next read (15.301375ms)
✔ execution source uses exact production-order identity, assigned factory and responsibility deadline (0.544834ms)
✔ only a unique exact technical entry binds execution to route; same-name and split executions stay independent (0.64725ms)
✔ preparation-only source cycles are blocked without depending on a technical pack branch (0.329542ms)
✔ source time and manual forecast stay separate from frozen rule examples and missing SLA (1.03725ms)
✔ cancelled execution is not a late blocker and unfinished status cannot borrow a stale completion timestamp (0.29825ms)
✔ document summaries are factual, compact strings; decisions without a document stay unbound (0.153ms)
✔ formal preparation output connects the exact confirmation, route entry and production version (0.424792ms)
✔ technical object identity and its material photo are retained without using the style photo (0.135417ms)
✔ material transfer has serial dispatch, transport and receipt with separate responsibility and source identity (0.291625ms)
✔ approval, sent quantities and delivery-note registration cannot prove physical handout or logistics delivery (0.169625ms)
✔ actual handout starts transportation but factory receipt never backfills logistics delivery or reception start (0.114584ms)
✔ receipt quantities require the same source line, target factory and unit; mixed units never close reception (0.156042ms)
✔ voided transfers keep evidence but no effective supply or transport completion (0.103791ms)
✔ a document handout timestamp does not complete unshipped or partially shipped source lines (0.123208ms)
✔ only preparation-bound purchase documents are included, and purchase completion never invents warehouse arrival (0.136833ms)
✔ quality is scoped to its recorded sample and does not establish shipment orders or whole-order completion (0.173458ms)
✔ current source snapshot exposes matching handover, quality and transfer documents, not generic placeholders alone (3.879625ms)
✔ only a real same-version production order becomes a root execution predecessor (0.327083ms)
✔ task lead blocker matches dependency analysis instead of blaming an unstarted downstream deadline (0.101708ms)
✔ failed inspection exposes the concrete unqualified quantity as blocker reason (0.109667ms)
✔ category sample images never stand in for a source style; a dedicated source image is retained (0.14675ms)
(node:25248) ExperimentalWarning: localStorage is not available because --localstorage-file was not provided.
(Use `node --trace-warnings ...` to show where the warning was created)
✔ 当前非 Mock 需求可保存显式工作映射，序列化后可恢复且不改来源事实 (46.691208ms)
✔ 未保存映射、规则空天数、事件范围变化与同级冲突分别给出真实阻断 (4.192541ms)
✔ 同一工作不得存两份口径，来源身份变化或未知数量不允许保存 (6.349791ms)
✔ 工作单位不换算、通配值不充当事实、里程碑不重复加预算 (3.632834ms)
✔ 来源任务发布单项预算后保持整体待定，刷新覆盖和已有截止均保留 (4.167708ms)
✔ 缺准备或实发范围时即使要求首次建基线也阻断，并且不写覆盖 (3.654875ms)
✔ 已确认的未来发货工作尚无实发事实也可建 T0+最长路径基线，缺进度只影响预测 (1.038291ms)
✔ 已发布后来源工作身份变化，不把旧映射预算套到新单据 (3.64775ms)
✔ 配置页面保存映射到本地，空天数发布被阻断，填写预算后实际发布当前来源任务 (12.509458ms)
✔ 查生产入口只在合法系统路由显示，并在打印与 PDA 路由隐藏 (0.630334ms)
✔ 相似前缀和相似打印段不会被当成合法路由 (0.075458ms)
(node:25251) ExperimentalWarning: localStorage is not available because --localstorage-file was not provided.
(Use `node --trace-warnings ...` to show where the warning was created)
✔ PERF-001: runtime snapshot and all nine subsets preserve every production order value and caller isolation (28.16ms)
✔ PERF-001: a subset read does not traverse or clone unrelated snapshot sections (0.210459ms)
✔ PERF-001: paper pattern binding strips and nested craft arrays remain isolated after mutation (1.843042ms)
✔ PERF-001: replacing or updating the bound snapshot is visible immediately without a stale cache (0.455459ms)
✔ PERF-001: missing production order keeps null and empty-list contracts (0.196667ms)
(node:25252) ExperimentalWarning: localStorage is not available because --localstorage-file was not provided.
(Use `node --trace-warnings ...` to show where the warning was created)
✔ VERIFY-003: scoped reads preserve pending/voided sources and defensive copies (2.267583ms)
✔ VERIFY-003: metadata lookup reflects registry changes and returns independent locations (4.649333ms)
✔ 并发调用复用同一个模块加载 Promise，成功后继续复用结果 (0.680625ms)
✔ 模块加载失败后清空缓存，下一次调用可以重试 (0.247958ms)
✔ 独立打印外壳只命中完整生产确认单打印路由 (0.501417ms)
✔ 既有固定打印路由仍使用独立打印外壳 (0.086042ms)
✔ 36条基础采购演示经业务动作形成，共享PMS来源，重复载入不重置数量或伪造实收 (81.373916ms)
✔ 三个中央工厂在组织目录与执行工厂中身份一致且仅出现一次 (0.417667ms)
✔ 花边角色与采购映射归属TMF但供应方仍保留独立身份 (0.067958ms)
✔ 橡筋定长切割仍归SPF，不成为TMF织带截断任务 (0.084834ms)
✔ 旧浏览器组织记录迁移后不与权威TMF并存且保留已有联系人 (2.415542ms)
✔ 连续织带实际650米交出→648+2实收→染色可用650，仓库和用料保持米制且无公斤换算 (12.895792ms)
✔ 连续长度口径不可用于纱线/码制，普通辅料仍要求实际称重 (1.046458ms)
(node:25258) ExperimentalWarning: localStorage is not available because --localstorage-file was not provided.
(Use `node --trace-warnings ...` to show where the warning was created)
✔ 织带与绳子参考档案接入实际物料库，保留图片来源和未确认尺寸，不替换橡筋 (39.112709ms)
(node:25259) ExperimentalWarning: localStorage is not available because --localstorage-file was not provided.
(Use `node --trace-warnings ...` to show where the warning was created)
✔ N01～N05：通过现有 PMS 入口下达，每条采购链从零执行到仓库实收；交出不提前增加库存 (6.281834ms)
✔ B01/B03：短收保留在途和采购缺口；重复扫描、生成和刷新不双记 (1.708875ms)
✔ B02/B04：多收、错 SKU、错仓和无权限动作不改变任意下游数量；恢复后正常收齐 (2.758916ms)
✔ B23/B24：未开始跟随采购版本，已执行保留原计划和实物、挂出变更待处理 (2.828333ms)
✔ B21：保存失败不报成功、不留部分库存；成功后刷新读取同一采购和收货事实 (0.963375ms)
✔ 采购→两种规格截断→拆包回仓→分配发料→生产实收：短收保留缺口，库存及采购不双记 (21.534167ms)
✔ B09：其他需求占用400米时不能再占650；释放50后恢复，错误发料不改变库存 (4.843834ms)
✔ 需求来源：同尺码不同成衣SKU分别保留，BOM适用范围生效，错误快照和重复工序阻断 (0.492416ms)
✔ 待打头条料不计合格产出；超公差实物记不良且照实扣下料当量，未实收不可截断 (16.824417ms)
✔ N04：采购100米→单端硅胶按kg实耗→回仓发料→生产实收50根，连续料剩34米 (20.49425ms)
✔ B15：截断后取消保留1000根在制和1260米当量，释放未发占用并只退连续余料 (19.55ms)
✔ 已回仓部分发料后取消：释放未发分配，冻结实存，已发在途保留且实收不恢复需求 (13.518167ms)
✔ N01采用路线按染色→印花关联原单，多尺码不重复列工序，不修改印染数量 (1.023416ms)
✔ 旧版本、错误SKU、码制单位、取消或变更待处理均不作为有效关联 (0.208417ms)
✔ 同号不同生产单或BOM不得关联，重复来源不静默选择，混合快照阻断 (0.231ms)
✔ 编辑器按尺码保留规格，截断打头不新建SKU，重复保存沿用节点身份 (1.700875ms)
✔ 前序印染产出SKU作为截断投入；保留独立橡筋工艺，移除打头后下游连接截断 (0.370833ms)
✔ 未明确打头、错误辅料BOM、无半成品和不合法前序不能生成可执行路线 (0.150042ms)
(node:25262) ExperimentalWarning: localStorage is not available because --localstorage-file was not provided.
(Use `node --trace-warnings ...` to show where the warning was created)
✔ N01：400 条 50CM 和 600 条 70CM 分行计算，共 620 米；未增加 SKU (1.225708ms)
✔ 缺少尺码数量、非整数条数、公差或测量条件时不猜测需求 (1.196291ms)
✔ B07：未选择打头、缺少端头方式或辅材不能确认；支持两端不同端头 (0.212083ms)
✔ N04/B08：硅胶按重量且必须有覆盖长度，不作为独立金属头计数 (0.096875ms)
✔ B18：打头只能承接对应截断条料，不能换 SKU、换长度或重新领连续料 (0.242792ms)
✔ N05：规格相同可以合并，但尺码、用途和需求身份不靠物理规格键代替 (0.088833ms)
✔ B14：修改后续版本端头要求不能污染生产单历史快照 (0.402583ms)
ℹ tests 367
ℹ suites 0
ℹ pass 367
ℹ fail 0
ℹ cancelled 0
ℹ skipped 0
ℹ todo 0
ℹ duration_ms 5582.854625
vite v6.4.3 building for production...
transforming...
✓ 2661 modules transformed.
rendering chunks...
[plugin vite:reporter] 
(!) /Users/laoer/Documents/higoods/src/data/app-shell-config.ts is dynamically imported by /Users/laoer/Documents/higoods/src/router/routes.ts but also statically imported by /Users/laoer/Documents/higoods/src/components/shell.ts, /Users/laoer/Documents/higoods/src/state/store.ts, dynamic import will not move module into another chunk.

computing gzip size...
dist/index.html                                                           1.12 kB │ gzip:   0.61 kB
dist/assets/pcs-pattern-parse.worker-B3_rAVMB.js                         18.52 kB
dist/assets/source-views-23Nr_RHD.css                                    34.63 kB │ gzip:   7.04 kB
dist/assets/index-DUNYGJdm.css                                          155.39 kB │ gzip:  25.44 kB
dist/assets/pcs-project-demo-seed-service-COOi2Kbg.js                     0.06 kB │ gzip:   0.08 kB
dist/assets/store-domain-quality-bootstrap-B527PWw4.js                    0.38 kB │ gzip:   0.25 kB
dist/assets/sample-warehouse-projection-BuyY3rgt.js                       0.39 kB │ gzip:   0.25 kB
dist/assets/dialogs-_5opuoLD.js                                           0.58 kB │ gzip:   0.30 kB
dist/assets/tech-pack-BUTlSU30.js                                         0.59 kB │ gzip:   0.32 kB
dist/assets/transfer-bag-handover-mock-BTRyENsS.js                        0.63 kB │ gzip:   0.41 kB
dist/assets/pcs-reset-placeholder-Yn2GIynC.js                             0.72 kB │ gzip:   0.45 kB
dist/assets/badge-CQoV5Hhm.js                                             0.78 kB │ gzip:   0.42 kB
dist/assets/images-Q79qfJD0.js                                            0.80 kB │ gzip:   0.35 kB
dist/assets/placeholder-8wxRWJKH.js                                       0.81 kB │ gzip:   0.44 kB
dist/assets/pms-export-C5DiqcGG.js                                        0.83 kB │ gzip:   0.50 kB
dist/assets/trace-B40huTHV.js                                             0.85 kB │ gzip:   0.49 kB
dist/assets/execution-prep-projection-helpers-DkXMZ7MK.js                 0.90 kB │ gzip:   0.44 kB
dist/assets/runtime-DY769RIr.js                                           0.90 kB │ gzip:   0.61 kB
dist/assets/history-URVpUJAV.js                                           0.94 kB │ gzip:   0.60 kB
dist/assets/payment-sync-6hGPqAPz.js                                      0.97 kB │ gzip:   0.62 kB
dist/assets/print-service-Cb4Z7TQ8.js                                     1.00 kB │ gzip:   0.50 kB
dist/assets/pda-sewing-self-return-mode-CVT5AEl1.js                       1.07 kB │ gzip:   0.54 kB
dist/assets/detail.adapter-B9b4GnJ2.js                                    1.08 kB │ gzip:   0.68 kB
dist/assets/process-work-order-generation-service-1tZs8pji.js             1.08 kB │ gzip:   0.65 kB
dist/assets/dialogs-B6WpwxUT.js                                           1.08 kB │ gzip:   0.49 kB
dist/assets/dyeing-material-receipts-mqTNjD1C.js                          1.11 kB │ gzip:   0.73 kB
dist/assets/pda-runtime-BGq_9dyy.js                                       1.12 kB │ gzip:   0.61 kB
dist/assets/overview-DkRU37Oe.js                                          1.25 kB │ gzip:   0.69 kB
dist/assets/process-work-order-source-view-93dpxw2x.js                    1.31 kB │ gzip:   0.58 kB
dist/assets/work-order-action-policy-B3qipFyP.js                          1.34 kB │ gzip:   0.68 kB
dist/assets/real-qr-0qnSuKZW.js                                           1.48 kB │ gzip:   0.83 kB
dist/assets/filter-bar-BicXsiXA.js                                        1.49 kB │ gzip:   0.81 kB
dist/assets/material-identity-CKNSwJiE.js                                 1.54 kB │ gzip:   0.85 kB
dist/assets/tmf-work-order-view-Dk7_TY4O.js                               1.55 kB │ gzip:   0.75 kB
dist/assets/supplement-material-prep-demand-registry-DI-N3DvB.js          1.56 kB │ gzip:   0.75 kB
dist/assets/warehouse-shared-BlYopO7Q.js                                  1.57 kB │ gzip:   0.51 kB
dist/assets/pda-cutting-wait-handover-actions-BtPXgqwj.js                 1.58 kB │ gzip:   0.62 kB
dist/assets/task-handover-domain-SvRTBieZ.js                              1.58 kB │ gzip:   0.77 kB
dist/assets/work-order-detail-CrbTcru_.js                                 1.66 kB │ gzip:   0.77 kB
dist/assets/task-chain-pages-adapter-CvmKNqnC.js                          1.72 kB │ gzip:   0.85 kB
dist/assets/production-contract-print-CrnwLnJ_.js                         1.73 kB │ gzip:   1.04 kB
dist/assets/real-barcode-DLJSbomk.js                                      1.81 kB │ gzip:   0.96 kB
dist/assets/wool-pda-scan-D-xkTfBd.js                                     1.81 kB │ gzip:   1.00 kB
dist/assets/list-export-m0X2m-P8.js                                       1.86 kB │ gzip:   1.09 kB
dist/assets/toast-JTI_dJb4.js                                             1.87 kB │ gzip:   0.90 kB
dist/assets/kol-goto-fixed-total-ledger--t345_iM.js                       1.93 kB │ gzip:   0.92 kB
dist/assets/printing-sheet-preview-LbZl1t1o.js                            1.94 kB │ gzip:   1.02 kB
dist/assets/table-AxvlV04E.js                                             2.04 kB │ gzip:   1.02 kB
dist/assets/pda-cutting-simple-cut-piece-handover-D38w3JmQ.js             2.14 kB │ gzip:   1.11 kB
dist/assets/binding-process-pda-scan-f14SBIsD.js                          2.18 kB │ gzip:   1.13 kB
dist/assets/special-craft-pda-scope-JQ374WT7.js                           2.22 kB │ gzip:   1.01 kB
dist/assets/helpers-BFKa6pUf.js                                           2.42 kB │ gzip:   1.21 kB
dist/assets/pms-excel-import-DnMCWv6B.js                                  2.66 kB │ gzip:   1.32 kB
dist/assets/shared-O0TaIznd.js                                            2.70 kB │ gzip:   1.02 kB
dist/assets/process-order-list-presentation-C837qHbH.js                   2.71 kB │ gzip:   1.27 kB
dist/assets/marker-plan-projection-BV-fczpT.js                            2.77 kB │ gzip:   1.18 kB
dist/assets/post-finishing-spu-technical-parameters-DRcs_ds8.js           2.79 kB │ gzip:   1.28 kB
dist/assets/authorization-code-DnLNtVq1.js                                2.87 kB │ gzip:   1.40 kB
dist/assets/process-order-task-relations-C4tRI0O4.js                      2.97 kB │ gzip:   1.29 kB
dist/assets/production-order-identity-C_DP53Qv.js                         3.00 kB │ gzip:   1.24 kB
dist/assets/confirmation-print-CfM7Lm28.js                                3.00 kB │ gzip:   1.28 kB
dist/assets/product-skus-CEt6Fukj.js                                      3.03 kB │ gzip:   0.96 kB
dist/assets/progress-board-Vmj-p2RT.js                                    3.05 kB │ gzip:   1.45 kB
dist/assets/tabs-Hg4N7Pkl.js                                              3.09 kB │ gzip:   0.93 kB
dist/assets/pda-cutting-runtime-action-inputs-CiaYjZh7.js                 3.15 kB │ gzip:   1.09 kB
dist/assets/trade-subjects-B1U82DIE.js                                    3.16 kB │ gzip:   1.12 kB
dist/assets/task-route-card-BjJ99YRB.js                                   3.27 kB │ gzip:   1.43 kB
dist/assets/wls-page-handlers-BvOk70Yu.js                                 3.31 kB │ gzip:   1.07 kB
dist/assets/task-delivery-card-DQYHWaOV.js                                3.33 kB │ gzip:   1.51 kB
dist/assets/cutting-mainline-DX22TLVe.js                                  3.41 kB │ gzip:   1.53 kB
dist/assets/transfer-bags-projection-BggGmyan.js                          3.52 kB │ gzip:   1.48 kB
dist/assets/binding-process-warehouse-linkage-service-20i0fyPX.js         3.63 kB │ gzip:   1.38 kB
dist/assets/fcs-route-links-BrHBsWPd.js                                   3.67 kB │ gzip:   1.20 kB
dist/assets/quality-chain-adapter-B4Z86OKW.js                             3.68 kB │ gzip:   1.66 kB
dist/assets/shared-CZaFROtI.js                                            3.73 kB │ gzip:   1.70 kB
dist/assets/engineering-file-upload-C9JG57S1.js                           3.77 kB │ gzip:   1.71 kB
dist/assets/shared-aHnpDh-2.js                                            3.91 kB │ gzip:   1.64 kB
dist/assets/transfer-bag-repack-mock-DZ2z-MDt.js                          3.95 kB │ gzip:   1.82 kB
dist/assets/sewing-outsourcing-demo-DM7Jw5gj.js                           3.95 kB │ gzip:   1.58 kB
dist/assets/dashboards-Dy9GkbM4.js                                        4.06 kB │ gzip:   2.00 kB
dist/assets/transit-simple-lists-Ek0ShCEL.js                              4.13 kB │ gzip:   1.45 kB
dist/assets/pda-wool-warehouse-flows-CAJMI2ja.js                          4.37 kB │ gzip:   2.33 kB
dist/assets/form-BMcqcg6v.js                                              4.37 kB │ gzip:   1.39 kB
dist/assets/sewing-outsourcing-responsibility-CnQQpxYO.js                 4.42 kB │ gzip:   1.96 kB
dist/assets/supplement-order-registry-CHnc7juB.js                         4.49 kB │ gzip:   1.76 kB
dist/assets/routes-pda-B2T9YRiO.js                                        4.65 kB │ gzip:   1.75 kB
dist/assets/preparation-material-receipt-sources-DAtEouRV.js              4.68 kB │ gzip:   1.95 kB
dist/assets/layout.helpers-B_-L6Vnb.js                                    4.76 kB │ gzip:   1.73 kB
dist/assets/runtime-task-tenders-YGz6fHpq.js                              4.76 kB │ gzip:   1.94 kB
dist/assets/relations-BJsogm7L.js                                         4.77 kB │ gzip:   2.17 kB
dist/assets/transit-dashboard-B6Zri6dg.js                                 4.81 kB │ gzip:   2.02 kB
dist/assets/process-order-list-controller-m75F7R8k.js                     4.84 kB │ gzip:   1.86 kB
dist/assets/result-list-ifFHf14J.js                                       4.94 kB │ gzip:   2.06 kB
dist/assets/store-domain-dispatch-process-pRi1bRi8.js                     5.01 kB │ gzip:   1.95 kB
dist/assets/process-work-order-quality-settlement-CpnpAQCi.js             5.33 kB │ gzip:   2.20 kB
dist/assets/dispatch-task-sheet-CPh8RXLq.js                               5.56 kB │ gzip:   2.65 kB
dist/assets/routes-pcs-BbrcsGfu.js                                        5.62 kB │ gzip:   1.62 kB
dist/assets/process-order-three-axis-view-BR48h1Dn.js                     5.72 kB │ gzip:   2.30 kB
dist/assets/production-contract-center-Cw1hhjXh.js                        5.77 kB │ gzip:   2.47 kB
dist/assets/pda-cutting-nav-context-DGhnLMvW.js                           5.95 kB │ gzip:   1.40 kB
dist/assets/fcs-pda-pickup-dispute-CswBXps1.js                            6.19 kB │ gzip:   2.19 kB
dist/assets/material-handover-Dc4_dLcY.js                                 6.21 kB │ gzip:   2.42 kB
dist/assets/pcs-project-technical-data-writeback-Bnmu_X4H.js              6.25 kB │ gzip:   2.40 kB
dist/assets/warehouse-standard-o8c3wNWy.js                                6.26 kB │ gzip:   2.08 kB
dist/assets/fact-view-Bh4-wqLg.js                                         6.29 kB │ gzip:   2.07 kB
dist/assets/statistics-BLIzTp6u.js                                        6.31 kB │ gzip:   1.89 kB
dist/assets/craft-actions-BNjWHrkh.js                                     6.38 kB │ gzip:   2.89 kB
dist/assets/pda-notify-B9mMzAR_.js                                        6.49 kB │ gzip:   2.38 kB
dist/assets/pda-transfer-bag-detail-BOho9nk4.js                           6.49 kB │ gzip:   2.34 kB
dist/assets/shared-DltPPOmA.js                                            6.56 kB │ gzip:   2.33 kB
dist/assets/factory-receiving-links-BYcMUgPQ.js                           6.57 kB │ gzip:   2.63 kB
dist/assets/workbench-B7Yd0EII.js                                         6.58 kB │ gzip:   2.66 kB
dist/assets/sewing-outsourcing-supplement-tracking-BeJMzlNy.js            6.63 kB │ gzip:   2.89 kB
dist/assets/shared-CeMd3oRA.js                                            6.82 kB │ gzip:   2.51 kB
dist/assets/production-contract-master-template-CzjL7vXy.js               6.85 kB │ gzip:   2.74 kB
dist/assets/dye-work-order-times-CxLziefL.js                              7.12 kB │ gzip:   2.52 kB
dist/assets/pda-cutting-execution-unit-CvWvwzfq.js                        7.15 kB │ gzip:   2.70 kB
dist/assets/overview.helpers-BP2F5Yu8.js                                  7.36 kB │ gzip:   2.88 kB
dist/assets/pda-notify-detail-C0ZUg6C4.js                                 7.38 kB │ gzip:   2.34 kB
dist/assets/pda-cutting-fei-ticket-numbering-D8NNjhCp.js                  7.40 kB │ gzip:   2.46 kB
dist/assets/settlement-flow-boundaries-DbkSNas3.js                        7.43 kB │ gzip:   2.53 kB
dist/assets/pda-warehouse-BrZNeoNC.js                                     7.48 kB │ gzip:   2.98 kB
dist/assets/production-craft-dict-CPawYuA_.js                             7.51 kB │ gzip:   2.82 kB
dist/assets/transit-warehouse-CGN4xIMS.js                                 7.54 kB │ gzip:   2.13 kB
dist/assets/sewing-outsourcing-return-tracking-3faGaINl.js                7.58 kB │ gzip:   2.84 kB
dist/assets/workbench-Dbxzngts.js                                         7.61 kB │ gzip:   3.12 kB
dist/assets/pda-cutting-transfer-bag-recovery-DHDmCARA.js                 7.70 kB │ gzip:   3.23 kB
dist/assets/pcs-material-archive-detail-BalK6nuf.js                       7.71 kB │ gzip:   2.70 kB
dist/assets/supplement-node-facts-BI4yhnue.js                             7.77 kB │ gzip:   2.85 kB
dist/assets/production-contracts-DNxTQfhc.js                              8.06 kB │ gzip:   2.74 kB
dist/assets/pda-cutting-transfer-bag-scrap-DSqBQQn7.js                    8.08 kB │ gzip:   3.35 kB
dist/assets/progress-exception-lifecycle-BJx0gSBY.js                      8.09 kB │ gzip:   2.70 kB
dist/assets/routes-pms-CJzMbTSV.js                                        8.31 kB │ gzip:   2.09 kB
dist/assets/statistics-Di73a00i.js                                        8.41 kB │ gzip:   3.65 kB
dist/assets/milestone-configs-BbHkQyyi.js                                 8.42 kB │ gzip:   2.95 kB
dist/assets/bom-templates-Br7_yp-y.js                                     8.47 kB │ gzip:   1.81 kB
dist/assets/pre-settlement-ledger-repository-dQH08qiI.js                  8.64 kB │ gzip:   2.95 kB
dist/assets/pcs-pattern-library-config-D4WTL25e.js                        8.73 kB │ gzip:   2.37 kB
dist/assets/fei-ticket-numbering-m-Uwkbv4.js                              8.81 kB │ gzip:   3.09 kB
dist/assets/warehouses-zI9ocKIC.js                                        8.83 kB │ gzip:   2.08 kB
dist/assets/pda-cutting-shared-Dm--8Izm.js                                8.83 kB │ gzip:   2.71 kB
dist/assets/bom-templates-BJK7-78A.js                                     8.83 kB │ gzip:   3.67 kB
dist/assets/navigation-context-nhTwowmC.js                                8.87 kB │ gzip:   2.46 kB
dist/assets/yarn-shipments-C9sHb8ez.js                                    8.92 kB │ gzip:   4.04 kB
dist/assets/list-BpD16x-j.js                                              9.04 kB │ gzip:   3.02 kB
dist/assets/pda-login-9cFCDzpI.js                                         9.09 kB │ gzip:   3.51 kB
dist/assets/dye-work-order-online-domain-DSwVyzGB.js                      9.53 kB │ gzip:   3.55 kB
dist/assets/production-receipts-IzDaFlxV.js                               9.53 kB │ gzip:   3.84 kB
dist/assets/sewing-pickup-slips-DvtyPtGL.js                               9.56 kB │ gzip:   3.59 kB
dist/assets/production-return-fulfillment-ADieRq2j.js                    10.02 kB │ gzip:   3.82 kB
dist/assets/purchase-suggestions-Duv_PHLl.js                             10.15 kB │ gzip:   3.10 kB
dist/assets/trade-subjects-aCsJeNAq.js                                   10.22 kB │ gzip:   3.72 kB
dist/assets/settings-CTR06PZY.js                                         10.68 kB │ gzip:   3.22 kB
dist/assets/product-skus-DEkyoz86.js                                     10.70 kB │ gzip:   4.13 kB
dist/assets/pms-handlers-CHI-dzkC.js                                     10.79 kB │ gzip:   2.38 kB
dist/assets/transit-receipts-U-Zo9eZ2.js                                 10.95 kB │ gzip:   4.01 kB
dist/assets/task-breakdown-Dm7gSRXc.js                                   11.01 kB │ gzip:   4.05 kB
dist/assets/presentation-CYnursfJ.js                                     11.02 kB │ gzip:   4.53 kB
dist/assets/tasks-Bb8_R08d.js                                            11.26 kB │ gzip:   4.32 kB
dist/assets/material-transfers-MSEAvW4i.js                               11.28 kB │ gzip:   3.91 kB
dist/assets/pda-exec-link-CKuI1VWZ.js                                    11.32 kB │ gzip:   3.69 kB
dist/assets/material-prep-OOi_EAss.js                                    11.40 kB │ gzip:   2.68 kB
dist/assets/dyeing-warehouse-view-oyIS3qWO.js                            11.46 kB │ gzip:   3.94 kB
dist/assets/warehouses-PAN9GGSP.js                                       11.69 kB │ gzip:   4.22 kB
dist/assets/process-statistics-domain-CCfpk2qU.js                        12.19 kB │ gzip:   3.97 kB
dist/assets/pickup-management-runtime-CogEsuUI.js                        12.20 kB │ gzip:   4.71 kB
dist/assets/task-execution-adapter-Ci2JxnVA.js                           12.22 kB │ gzip:   3.67 kB
dist/assets/bom-detail-3nOJTYXQ.js                                       12.33 kB │ gzip:   4.32 kB
dist/assets/wls-inbound-D72Ogxom.js                                      12.36 kB │ gzip:   4.75 kB
dist/assets/returns-CeM1XkeC.js                                          12.40 kB │ gzip:   4.57 kB
dist/assets/handover-print-C9QNGi8A.js                                   12.42 kB │ gzip:   4.48 kB
dist/assets/cut-piece-return-warehouse-30vfvI6c.js                       12.43 kB │ gzip:   4.36 kB
dist/assets/meta-DoO-xbln.js                                             12.79 kB │ gzip:   2.87 kB
dist/assets/context-DUfwzrSa.js                                          12.97 kB │ gzip:   4.57 kB
dist/assets/responsibility-transfers-m33tP6A2.js                         13.03 kB │ gzip:   4.87 kB
dist/assets/supplements-BdgfO43G.js                                      13.14 kB │ gzip:   4.73 kB
dist/assets/handover-records-DPT7EASX.js                                 13.14 kB │ gzip:   4.13 kB
dist/assets/wls-finished-inbound-LFrdY2L9.js                             13.20 kB │ gzip:   5.01 kB
dist/assets/pda-start-link-BE3b48Gi.js                                   13.37 kB │ gzip:   4.73 kB
dist/assets/work-orders-CifiAYkW.js                                      13.44 kB │ gzip:   5.25 kB
dist/assets/work-orders-9pWb-vE4.js                                      13.84 kB │ gzip:   4.66 kB
dist/assets/mobile-execution-task-index-BFLhtI8C.js                      13.96 kB │ gzip:   3.70 kB
dist/assets/workbench-TAN2vG93.js                                        14.03 kB │ gzip:   4.05 kB
dist/assets/work-order-detail-CSHkzOl5.js                                14.13 kB │ gzip:   4.47 kB
dist/assets/routes-wls-ZYDPou4n.js                                       14.25 kB │ gzip:   3.76 kB
dist/assets/post-finishing-qc-print-template-YEOTA0GX.js                 14.45 kB │ gzip:   4.45 kB
dist/assets/work-orders-C3Fsv3ZQ.js                                      14.70 kB │ gzip:   4.77 kB
dist/assets/reports-CVOxAOxW.js                                          14.75 kB │ gzip:   3.54 kB
dist/assets/full-flow-print-Cb9CQDn9.js                                  14.89 kB │ gzip:   4.84 kB
dist/assets/progress-handover-order-B-kVWAmF.js                          15.06 kB │ gzip:   4.30 kB
dist/assets/pcs-engineering-tech-pack-workspace-qOC2B0Of.js              15.18 kB │ gzip:   5.42 kB
dist/assets/cut-order-release-integration-DHC6UIS0.js                    15.21 kB │ gzip:   5.39 kB
dist/assets/machines-CkL1VYfm.js                                         15.31 kB │ gzip:   5.01 kB
dist/assets/outbound-orders-BQcAU4Y-.js                                  15.34 kB │ gzip:   4.92 kB
dist/assets/pda-cutting-task-detail-BLfmL2be.js                          15.50 kB │ gzip:   5.38 kB
dist/assets/simple-cut-piece-handover-fixtures-BcmgxGVU.js               15.90 kB │ gzip:   5.27 kB
dist/assets/process-web-status-actions-DGvQzS6H.js                       15.97 kB │ gzip:   4.23 kB
dist/assets/cut-order-supplement-fixture-Cuh3IoMH.js                     15.97 kB │ gzip:   4.83 kB
dist/assets/progress-cutting-detail-DJC9G74y.js                          15.99 kB │ gzip:   3.76 kB
dist/assets/pda-sewing-self-return-CkciPrTt.js                           15.99 kB │ gzip:   5.27 kB
dist/assets/garment-spu-replacement-CQo5OnAg.js                          16.01 kB │ gzip:   4.85 kB
dist/assets/output-stock-BON4zS4K.js                                     16.11 kB │ gzip:   6.19 kB
dist/assets/handover-ledger-view-CjUdaN3e.js                             16.17 kB │ gzip:   4.44 kB
dist/assets/wls-garment-relabel-tasks-BBTqXc6K.js                        16.20 kB │ gzip:   5.31 kB
dist/assets/pda-notify-due-soon-DmidIupm.js                              16.49 kB │ gzip:   5.52 kB
dist/assets/material-requirements-Ceagw5th.js                            16.70 kB │ gzip:   5.66 kB
dist/assets/material-purchase-orders-DXDB4vG4.js                         16.71 kB │ gzip:   5.18 kB
dist/assets/suppliers-CF8Vrskm.js                                        16.77 kB │ gzip:   4.64 kB
dist/assets/events-DG4zcID5.js                                           16.92 kB │ gzip:   6.62 kB
dist/assets/sewing-cut-piece-return-workflow-DpPPy1UQ.js                 17.18 kB │ gzip:   6.07 kB
dist/assets/warehouse-CuG8wbF6.js                                        17.25 kB │ gzip:   5.36 kB
dist/assets/production-confirmation-C_8Z79XI.js                          17.25 kB │ gzip:   5.89 kB
dist/assets/marker-spreading-projection-DY_ELkfi.js                      17.48 kB │ gzip:   5.53 kB
dist/assets/sewing-cut-piece-responsibility-BsyXkIcs.js                  17.53 kB │ gzip:   5.26 kB
dist/assets/process-mobile-task-binding-DjnXx-BV.js                      17.56 kB │ gzip:   6.14 kB
dist/assets/pda-handlers-yXb19YDU.js                                     17.63 kB │ gzip:   4.65 kB
dist/assets/bom-detail-CJYmdL25.js                                       17.74 kB │ gzip:   5.73 kB
dist/assets/adjustments-hOgl1UtW.js                                      18.11 kB │ gzip:   5.47 kB
dist/assets/pda-warehouse-inbound-records-DgIT0ZuM.js                    18.16 kB │ gzip:   5.10 kB
dist/assets/purchase-demands-C81qR42Y.js                                 18.27 kB │ gzip:   5.86 kB
dist/assets/base-orders-6fjtAe7L.js                                      18.30 kB │ gzip:   6.90 kB
dist/assets/platform-process-result-view-DqLO6zkm.js                     18.53 kB │ gzip:   5.32 kB
dist/assets/store-domain-statement-source-adapter-CuhSa2Te.js            18.56 kB │ gzip:   5.31 kB
dist/assets/sewing-outsourcing-workbench-DpdrC-NG.js                     18.65 kB │ gzip:   6.46 kB
dist/assets/pda-warehouse-outbound-records-B79aeIuU.js                   18.65 kB │ gzip:   5.32 kB
dist/assets/task-orders-m7ta3sl7.js                                      18.69 kB │ gzip:   6.31 kB
dist/assets/pda-warehouse-shared-BcOtNDdo.js                             18.73 kB │ gzip:   5.59 kB
dist/assets/material-preparation-DIILNyJ1.js                             18.77 kB │ gzip:   6.92 kB
dist/assets/process-water-soluble-orders-CoeKq8gT.js                     18.80 kB │ gzip:   5.72 kB
dist/assets/production-demand-early-process-work-orders-CrKDdZLQ.js      18.82 kB │ gzip:   5.60 kB
dist/assets/product-purchase-orders-BzO6T1aS.js                          18.90 kB │ gzip:   5.54 kB
dist/assets/materials-BA_owAdW.js                                        18.93 kB │ gzip:   4.79 kB
dist/assets/kol-goto-pda-domain-DS3Cx0vz.js                              19.16 kB │ gzip:   6.51 kB
dist/assets/platform.adapter-CtmOxd82.js                                 19.25 kB │ gzip:   6.08 kB
dist/assets/shared-DdIbPE33.js                                           19.47 kB │ gzip:   5.27 kB
dist/assets/audit-records-CtCZpjPx.js                                    19.65 kB │ gzip:   6.34 kB
dist/assets/stage-display-BmIo0mDC.js                                    19.65 kB │ gzip:   6.95 kB
dist/assets/units-DipdO61O.js                                            19.68 kB │ gzip:   5.88 kB
dist/assets/factory-sample-verification-flow-COxplr6I.js                 19.86 kB │ gzip:   4.87 kB
dist/assets/index-C2j6CeW5.js                                            20.17 kB │ gzip:   5.20 kB
dist/assets/material-purchase-tracking-D876LTbB.js                       20.21 kB │ gzip:   6.32 kB
dist/assets/pcs-engineering-master-list-BfGbTYNf.js                      20.37 kB │ gzip:   6.92 kB
dist/assets/deduction-analysis-UqbmwMx3.js                               20.56 kB │ gzip:   5.82 kB
dist/assets/fei-ticket-numbering-CxvC7ojg.js                             20.61 kB │ gzip:   5.67 kB
dist/assets/order-list-columns-BNIRQxoa.js                               20.62 kB │ gzip:   6.46 kB
dist/assets/overview.adapter-oNYOKRvI.js                                 20.65 kB │ gzip:   6.53 kB
dist/assets/events-BxR1u9cH.js                                           21.11 kB │ gzip:   6.52 kB
dist/assets/work-order-detail-CrlcSIvM.js                                21.13 kB │ gzip:   6.65 kB
dist/assets/pcs-engineering-master-view-model-B_AQKPHL.js                21.18 kB │ gzip:   7.03 kB
dist/assets/suppliers-DpiT_aCy.js                                        21.38 kB │ gzip:   6.81 kB
dist/assets/cut-piece-returns-CACje29f.js                                21.55 kB │ gzip:   6.47 kB
dist/assets/cut-piece-handover-DXokfOwQ.js                               21.75 kB │ gzip:   6.93 kB
dist/assets/tasks-DqBetAbX.js                                            21.99 kB │ gzip:   6.96 kB
dist/assets/progress-cutting-overview-DaAs0zeH.js                        22.02 kB │ gzip:   5.00 kB
dist/assets/material-issue-BPMteHaL.js                                   22.02 kB │ gzip:   5.17 kB
dist/assets/pms-purchase-orders-DEB4D3KR.js                              22.06 kB │ gzip:   6.46 kB
dist/assets/pcs-project-detail-support-Cu4fuxHG.js                       22.10 kB │ gzip:   6.80 kB
dist/assets/qc-workbench-CkHawVkH.js                                     22.32 kB │ gzip:   6.88 kB
dist/assets/dye-work-order-online-view-Byu2mCLz.js                       22.47 kB │ gzip:   7.73 kB
dist/assets/recheck-orders-CJCzq2Cs.js                                   22.50 kB │ gzip:   7.05 kB
dist/assets/production-order-duration-DIWUQr9w.js                        22.50 kB │ gzip:   8.55 kB
dist/assets/warehouse-location-map-model-jZP6_R3j.js                     22.52 kB │ gzip:   7.14 kB
dist/assets/subject-operations-D1VNdDne.js                               22.57 kB │ gzip:   7.00 kB
dist/assets/material-statements-zt2vwrNF.js                              22.71 kB │ gzip:   5.99 kB
dist/assets/progress-statistics-linkage-ucqZE4kQ.js                      22.82 kB │ gzip:   6.52 kB
dist/assets/simple-cut-piece-handover-ui-P2qDnhpW.js                     23.04 kB │ gzip:   8.89 kB
dist/assets/purchase-suggestions-BdN9I8sh.js                             23.20 kB │ gzip:   7.25 kB
dist/assets/process-order-task-links-CB1qBlaM.js                         23.57 kB │ gzip:   6.43 kB
dist/assets/process-print-orders-BMpRFx4Y.js                             23.59 kB │ gzip:   7.72 kB
dist/assets/qc-orders-CiJegDD1.js                                        23.61 kB │ gzip:   7.31 kB
dist/assets/pcs-handlers-DDl-FjVm.js                                     23.63 kB │ gzip:   6.11 kB
dist/assets/process-dye-orders-C7nQtl4R.js                               23.77 kB │ gzip:   7.80 kB
dist/assets/machine-associations-DlALgxSx.js                             24.42 kB │ gzip:   7.25 kB
dist/assets/fcs-production-tech-pack-snapshot-DK3lyS9D.js                24.58 kB │ gzip:   6.16 kB
dist/assets/retired-process-history-Big4E8iN.js                          24.75 kB │ gzip:   6.40 kB
dist/assets/dialogs-m0m1cNX2.js                                          24.87 kB │ gzip:   6.15 kB
dist/assets/wls-fabric-demand-board-DC_S4q5m.js                          25.08 kB │ gzip:   6.86 kB
dist/assets/kol-demands-CC5vZqr_.js                                      25.29 kB │ gzip:   7.35 kB
dist/assets/supplier-supply-archives-CoKuWHmu.js                         25.58 kB │ gzip:   7.42 kB
dist/assets/pda-warehouse-wait-handover-Bqo0ZVHK.js                      25.61 kB │ gzip:   6.37 kB
dist/assets/sample-approval-suggestions-ygePooag.js                      25.93 kB │ gzip:   7.97 kB
dist/assets/progress-milestone-config-BhJ8E9eM.js                        26.43 kB │ gzip:   5.64 kB
dist/assets/sample-warehouse-BAFQ75Uh.js                                 26.63 kB │ gzip:   6.61 kB
dist/assets/marker-spreading-utils-BZs67Wqx.js                           26.72 kB │ gzip:   7.83 kB
dist/assets/third-party-factory-rating-Ba1JmsbR.js                       27.03 kB │ gzip:   7.57 kB
dist/assets/warehouse-location-map-CLKkRrDQ.js                           27.06 kB │ gzip:   7.09 kB
dist/assets/pcs-channel-products-CySQ7GEa.js                             27.09 kB │ gzip:   7.17 kB
dist/assets/pcs-pattern-library-detail-V50rJfyj.js                       27.58 kB │ gzip:   6.56 kB
dist/assets/pda-wool-fact-execution-CJ1ZVetS.js                          27.84 kB │ gzip:   9.27 kB
dist/assets/warehouse-DXRf28bD.js                                        28.08 kB │ gzip:   9.32 kB
dist/assets/material-purchase-orders-IamvIY-V.js                         28.17 kB │ gzip:   8.28 kB
dist/assets/work-order-detail-D_hw0Z__.js                                28.20 kB │ gzip:   9.58 kB
dist/assets/production-order-progress-tracking-Cw-sAn99.js               28.21 kB │ gzip:   9.21 kB
dist/assets/factory-status-pZcXG11L.js                                   28.39 kB │ gzip:   6.00 kB
dist/assets/pcs-engineering-master-detail-C-rgJFeQ.js                    28.51 kB │ gzip:   8.35 kB
dist/assets/marker-plan-source-model-DzOmPy84.js                         28.86 kB │ gzip:   8.45 kB
dist/assets/logistics-reconciliations-p8Ftb4lp.js                        28.87 kB │ gzip:   8.87 kB
dist/assets/progress-cutting-exception-center-6L35ceiY.js                29.08 kB │ gzip:   6.45 kB
dist/assets/material-reconciliations-CxKBIaSv.js                         29.32 kB │ gzip:   8.87 kB
dist/assets/handover-orders-CB-MgZZv.js                                  30.04 kB │ gzip:   8.26 kB
dist/assets/early-process-management-B5tLSx0M.js                         30.06 kB │ gzip:   7.55 kB
dist/assets/pcs-config-workspace-CGYQHsnW.js                             30.75 kB │ gzip:   6.78 kB
dist/assets/capability-BD3Ec9nv.js                                       31.61 kB │ gzip:   6.67 kB
dist/assets/material-archives-x7PeOrsW.js                                31.90 kB │ gzip:   7.91 kB
dist/assets/factory-performance-Ds8OFQKE.js                              32.27 kB │ gzip:   6.72 kB
dist/assets/garment-spu-replacements-DzC52305.js                         32.30 kB │ gzip:   9.07 kB
dist/assets/task-detail-DRUJjsir.js                                      32.45 kB │ gzip:   9.60 kB
dist/assets/dialogs-8R87tGFh.js                                          32.55 kB │ gzip:   9.78 kB
dist/assets/pda-shell-Db1y_hmi.js                                        32.91 kB │ gzip:   8.67 kB
dist/assets/process-warehouse-domain-N6bgwoor.js                         32.98 kB │ gzip:   7.51 kB
dist/assets/cut-piece-return-domain-D1pfYH_i.js                          33.09 kB │ gzip:   9.74 kB
dist/assets/pda-cutting-inbound-C8O-N6r4.js                              33.44 kB │ gzip:  10.02 kB
dist/assets/store-domain-settlement-seeds-BGBbr5MI.js                    33.63 kB │ gzip:   8.98 kB
dist/assets/pcs-pattern-library-CHVs1rY4.js                              33.64 kB │ gzip:   7.62 kB
dist/assets/warehouse-runtime-DNUcD2K0.js                                33.70 kB │ gzip:   8.63 kB
dist/assets/payment-requests-B8X3kK4M.js                                 33.93 kB │ gzip:   8.90 kB
dist/assets/stage-orders-E8E745q8.js                                     34.11 kB │ gzip:  10.44 kB
dist/assets/first-leg-logistics-Di_GA1oy.js                              34.45 kB │ gzip:   9.00 kB
dist/assets/pda-warehouse-stocktake-D2TDIsY_.js                          34.46 kB │ gzip:   8.62 kB
dist/assets/stage-order-detail-0tCbc_vc.js                               34.49 kB │ gzip:   9.99 kB
dist/assets/work-orders-K4hFqQVU.js                                      34.50 kB │ gzip:  11.54 kB
dist/assets/work-order-detail-D9vod2u9.js                                34.57 kB │ gzip:   9.39 kB
dist/assets/pda-post-finishing-flow-C-1tmtPo.js                          34.79 kB │ gzip:   9.27 kB
dist/assets/dispatch-acceptance-sla-C3h1wXoF.js                          34.91 kB │ gzip:   7.87 kB
dist/assets/pda-task-receive-detail-Dl6M-7dP.js                          35.22 kB │ gzip:   8.42 kB
dist/assets/pending-receipts-DBMCJqK0.js                                 35.27 kB │ gzip:  10.61 kB
dist/assets/water-soluble-orders-Kj49wjJf.js                             35.86 kB │ gzip:  10.76 kB
dist/assets/pda-cutting-transfer-bag-repack-CR76I98K.js                  35.90 kB │ gzip:  10.08 kB
dist/assets/work-order-detail-ZfD9-Sl4.js                                36.11 kB │ gzip:   9.66 kB
dist/assets/pcs-technical-data-s99ePJ_r.js                               36.78 kB │ gzip:   9.80 kB
dist/assets/pcs-pattern-library-create-CDGOvbFP.js                       36.89 kB │ gzip:   8.61 kB
dist/assets/special-processes-CHvyC4gO.js                                37.19 kB │ gzip:   9.50 kB
dist/assets/first-leg-carriers-CEHv0kir.js                               37.39 kB │ gzip:   9.90 kB
dist/assets/third-party-factory-comprehensive-assessment-_dB6L0V2.js     37.39 kB │ gzip:  11.04 kB
dist/assets/pda-quality-CcEMGZ9j.js                                      37.40 kB │ gzip:   9.76 kB
dist/assets/product-purchase-orders-DTPEGo5O.js                          37.56 kB │ gzip:   9.20 kB
dist/assets/cutting-statistics-ab-material-DLsAqabJ.js                   38.09 kB │ gzip:   8.61 kB
dist/assets/payment-requests-C4uKc7iP.js                                 38.18 kB │ gzip:   9.96 kB
dist/assets/warehouse-BA0PChA4.js                                        38.50 kB │ gzip:  10.90 kB
dist/assets/fcs-handlers-DQBOXtbb.js                                     38.95 kB │ gzip:  11.66 kB
dist/assets/pda-cutting-handover-BRo_7qvR.js                             38.97 kB │ gzip:  11.06 kB
dist/assets/first-leg-shipments-CYbt46H4.js                              39.86 kB │ gzip:   9.88 kB
dist/assets/wait-handover-runtime-dI78SVUa.js                            41.22 kB │ gzip:  11.19 kB
dist/assets/tmf-material-purchases-ByIvs-Zq.js                           41.86 kB │ gzip:  11.70 kB
dist/assets/print-styles-Dd8qJ59O.js                                     41.87 kB │ gzip:   8.58 kB
dist/assets/pending-receipts-CrhAGI7z.js                                 43.58 kB │ gzip:  15.49 kB
dist/assets/pcs-material-archives-U9loY_x4.js                            43.89 kB │ gzip:   9.60 kB
dist/assets/cutting-summary-CdVsrAdd.js                                  44.04 kB │ gzip:  11.49 kB
dist/assets/warehouse-ij6_giaK.js                                        44.11 kB │ gzip:  11.17 kB
dist/assets/handover-orders-CBUEfbrN.js                                  44.18 kB │ gzip:   8.79 kB
dist/assets/demand-domain-D46vQiyy.js                                    44.54 kB │ gzip:   9.88 kB
dist/assets/warehouse-BZLZG2Er.js                                        46.18 kB │ gzip:  10.74 kB
dist/assets/batches-BxcxGzVe.js                                          46.41 kB │ gzip:   9.84 kB
dist/assets/wls-accessory-receipts-BtGznHjB.js                           46.93 kB │ gzip:  12.42 kB
dist/assets/dispatch-tenders-BgpbFVor.js                                 47.24 kB │ gzip:  12.25 kB
dist/assets/dyeing-C5kzWdKe.js                                           47.45 kB │ gzip:  10.18 kB
dist/assets/printing-CQTrW19K.js                                         47.45 kB │ gzip:  10.18 kB
dist/assets/other-CjAnDc5C.js                                            47.46 kB │ gzip:  10.20 kB
dist/assets/settlement-linked-mock-factory-4QLJRfh1.js                   47.63 kB │ gzip:  14.44 kB
dist/assets/sewing-Bo8YDUQd.js                                           48.47 kB │ gzip:  10.52 kB
dist/assets/progress-material-6CF6p3LZ.js                                48.72 kB │ gzip:   9.35 kB
dist/assets/material-inventory-DlmhfFfj.js                               48.95 kB │ gzip:  12.56 kB
dist/assets/pda-task-receive-deOlsYt7.js                                 49.14 kB │ gzip:  12.22 kB
dist/assets/supplier-confirmations-D1Rnvw50.js                           49.89 kB │ gzip:  12.88 kB
dist/assets/pda-cutting-execution-source-D9jhuQ7P.js                     49.90 kB │ gzip:  13.49 kB
dist/assets/pda-onboarding-D58_48uB.js                                   50.52 kB │ gzip:  10.77 kB
dist/assets/marker-plan-model-BlJYjpNU.js                                51.50 kB │ gzip:  14.70 kB
dist/assets/pda-handover-M07gnJD6.js                                     52.11 kB │ gzip:  13.86 kB
dist/assets/store-domain-progress-aRfAnyzK.js                            53.10 kB │ gzip:  11.77 kB
dist/assets/settlement-cutting-input-B0PM_PKq.js                         53.56 kB │ gzip:  11.03 kB
dist/assets/lace-factory-domain-CK--dX9N.js                              53.67 kB │ gzip:  13.39 kB
dist/assets/pcs-part-template-library-B4kuhk9i.js                        53.77 kB │ gzip:  11.06 kB
dist/assets/progress-urge-CYgfJ9Qo.js                                    56.35 kB │ gzip:  11.39 kB
dist/assets/pda-cutting-spreading-CqyorS_M.js                            56.56 kB │ gzip:  13.08 kB
dist/assets/warehouse-location-map-BTRi5bFc.js                           56.79 kB │ gzip:  16.84 kB
dist/assets/marker-plan-occupancy-DIuwn3ED.js                            57.09 kB │ gzip:  16.02 kB
dist/assets/domain-snapshot-hKSRAJzp.js                                  59.32 kB │ gzip:  15.87 kB
dist/assets/cut-piece-release-DfzIa1-Z.js                                60.06 kB │ gzip:  15.81 kB
dist/assets/pda-settlement-Dq1hpD9B.js                                   60.08 kB │ gzip:  13.66 kB
dist/assets/routes-fcs-D_z3J1qg.js                                       60.85 kB │ gzip:  12.71 kB
dist/assets/factory-profile-DGDl2k0V.js                                  61.11 kB │ gzip:  14.02 kB
dist/assets/pickup-management-list-Cxrrc791.js                           61.39 kB │ gzip:  17.10 kB
dist/assets/pcs-live-testing-Cbw8l-HA.js                                 62.65 kB │ gzip:  15.76 kB
dist/assets/cutting-Bfb79Le7.js                                          62.79 kB │ gzip:  12.94 kB
dist/assets/progress-handover-mbF0tWwS.js                                63.78 kB │ gzip:  13.54 kB
dist/assets/production-object-overview-C3gjhtYA.js                       64.69 kB │ gzip:  13.11 kB
dist/assets/pcs-video-testing-BtwB3Q0B.js                                64.82 kB │ gzip:  16.19 kB
dist/assets/production-object-overview-D-POT-Qk.js                       65.32 kB │ gzip:  15.34 kB
dist/assets/output-documents-D8zYh4Gx.js                                 65.92 kB │ gzip:  22.54 kB
dist/assets/pda-exec-ndUD4jNJ.js                                         66.88 kB │ gzip:  15.30 kB
dist/assets/pcs-sample-management-DgSBxDL8.js                            67.47 kB │ gzip:  15.34 kB
dist/assets/core-DEHZmwFN.js                                             67.54 kB │ gzip:  12.55 kB
dist/assets/cutting-daily-production-report-Cl0hsqo2.js                  68.05 kB │ gzip:  19.04 kB
dist/assets/pcs-channel-stores-Bwfs2m_j.js                               69.22 kB │ gzip:  14.30 kB
dist/assets/context-zmePV2s9.js                                          69.43 kB │ gzip:  21.33 kB
dist/assets/sewing-dispatch-_N4NUahN.js                                  69.49 kB │ gzip:  18.07 kB
dist/assets/progress-exceptions-A-JtZiM9.js                              70.30 kB │ gzip:  13.28 kB
dist/assets/qc-records-BxGYHSxo.js                                       71.00 kB │ gzip:  15.95 kB
dist/assets/wait-handover-actions-BNbiVajw.js                            71.83 kB │ gzip:  18.16 kB
dist/assets/special-craft-fei-ticket-flow-DowXj-bF.js                    72.43 kB │ gzip:  16.43 kB
dist/assets/transfer-bags-CmZGgsu_.js                                    72.79 kB │ gzip:  18.40 kB
dist/assets/factory-onboarding-CORSiL5H.js                               75.21 kB │ gzip:  12.66 kB
dist/assets/pda-handover-detail-Cye2OHkx.js                              75.36 kB │ gzip:  18.43 kB
dist/assets/settlement-BjtwjSbF.js                                       75.54 kB │ gzip:  11.55 kB
dist/assets/dialogs-XXpPyED2.js                                          75.66 kB │ gzip:  18.69 kB
dist/assets/orders-domain-Y_psiJC8.js                                    76.23 kB │ gzip:  16.86 kB
dist/assets/pcs-independent-sampling-BtG7Oh7i.js                         76.92 kB │ gzip:  19.55 kB
dist/assets/runtime-projections-CUBFiCRv.js                              78.01 kB │ gzip:  18.43 kB
dist/assets/transfer-bag-operations-iICuBxF5.js                          78.06 kB │ gzip:  19.27 kB
dist/assets/process-action-writeback-service-CpM8o40k.js                 78.08 kB │ gzip:  17.82 kB
dist/assets/production-progress-bsVigB5h.js                              80.58 kB │ gzip:  20.32 kB
dist/assets/pda-warehouse-wait-process-lDI_l-dM.js                       87.24 kB │ gzip:  21.10 kB
dist/assets/events-DZBPsfFV.js                                           90.02 kB │ gzip:  22.18 kB
dist/assets/factory-onboarding-flow-CTseIWeV.js                          90.59 kB │ gzip:  23.31 kB
dist/assets/dispatch-CdDTyaCZ.js                                         91.34 kB │ gzip:  27.77 kB
dist/assets/cut-orders-DiFmIXsA.js                                       94.66 kB │ gzip:  24.39 kB
dist/assets/special-craft-task-orders-DtwflJuF.js                        99.16 kB │ gzip:  26.80 kB
dist/assets/pcs-product-archives-B_vRyJl7.js                            106.20 kB │ gzip:  21.44 kB
dist/assets/index-BeudIrGi.js                                           109.43 kB │ gzip:  39.84 kB
dist/assets/app-shared-CI7Lw1Ed.js                                      109.79 kB │ gzip:  26.87 kB
dist/assets/transfer-bag-return-model-25cBegXq.js                       112.94 kB │ gzip:  26.62 kB
dist/assets/supplement-management-r6SisAZ9.js                           113.22 kB │ gzip:  29.91 kB
dist/assets/unified-dispatch-workbench-Dds8nMLu.js                      117.95 kB │ gzip:  33.06 kB
dist/assets/statements-CVa5gzlb.js                                      119.48 kB │ gzip:  24.44 kB
dist/assets/events-Ce68b-dd.js                                          121.20 kB │ gzip:  31.26 kB
dist/assets/pcs-engineering-tasks-B9vq4x3k.js                           121.82 kB │ gzip:  27.76 kB
dist/assets/context-oIiwilvt.js                                         132.99 kB │ gzip:  34.39 kB
dist/assets/production-CYiqHSrE.js                                      133.88 kB │ gzip:  27.38 kB
dist/assets/process-domain-5Lur1ExU.js                                  138.94 kB │ gzip:  25.96 kB
dist/assets/generated-fei-tickets-_r5rNYkM.js                           143.00 kB │ gzip:  36.15 kB
dist/assets/preparation-timing-DNSGek2k.js                              145.93 kB │ gzip:  34.39 kB
dist/assets/marker-plan-R5xrqoZl.js                                     150.09 kB │ gzip:  35.40 kB
dist/assets/warehouse-hub-CyZwUiw9.js                                   152.71 kB │ gzip:  37.96 kB
dist/assets/marker-spreading-yVp30_Ue.js                                154.06 kB │ gzip:  37.72 kB
dist/assets/return-inbound-D-4BAl_2.js                                  183.42 kB │ gzip:  33.52 kB
dist/assets/fei-tickets-nzyFwt0u.js                                     196.51 kB │ gzip:  43.85 kB
dist/assets/index--GzcKvNw.js                                           210.12 kB │ gzip:  66.49 kB
dist/assets/index-BvFsuXBe.js                                           223.14 kB │ gzip:  52.23 kB
dist/assets/pcs-projects-BvkQna3u.js                                    232.17 kB │ gzip:  50.52 kB
dist/assets/pda-exec-detail-Du1rJ-ui.js                                 233.98 kB │ gzip:  54.27 kB
dist/assets/print-preview-BL2e-3wz.js                                   257.70 kB │ gzip:  66.69 kB
dist/assets/production-timeliness-CLDEnvrG.js                           459.91 kB │ gzip: 115.02 kB
dist/assets/pda-D_fsk6WT.js                                             511.79 kB │ gzip:  85.32 kB
dist/assets/production-source-shared-BRIXbvXu.js                      2,937.64 kB │ gzip: 731.60 kB

(!) Some chunks are larger than 550 kB after minification. Consider:
- Using dynamic import() to code-split the application
- Use build.rollupOptions.output.manualChunks to improve chunking: https://rollupjs.org/configuration-options/#output-manualchunks
- Adjust chunk size limit for this warning via build.chunkSizeWarningLimit.
✓ built in 8.81s
