
> higoods-vanilla-clone@1.0.0 build
> npm run typecheck:engineering && npm test && vite build


> higoods-vanilla-clone@1.0.0 typecheck:engineering
> npm run typecheck:entrypoints && npm run typecheck:scopes


> higoods-vanilla-clone@1.0.0 typecheck:entrypoints
> tsc --project tsconfig.engineering.json


> higoods-vanilla-clone@1.0.0 typecheck:scopes
> node scripts/check-typescript-scope.mjs src/domain/ src/components/ui/ src/state/

TypeScript 全量既有错误：61
本次渐进检查范围：src/domain/、src/components/ui/、src/state/
范围内错误：0
范围外既有错误保留在全量 typecheck 中继续分批治理。

> higoods-vanilla-clone@1.0.0 test
> npm run test:unit


> higoods-vanilla-clone@1.0.0 test:unit
> node --import tsx --test tests/unit/*.test.ts

✔ 浏览器存储封装保持读写删除语义 (0.387292ms)
✔ 浏览器存储不可用或抛错时保持静默降级 (0.082125ms)
(node:31820) ExperimentalWarning: localStorage is not available because --localstorage-file was not provided.
(Use `node --trace-warnings ...` to show where the warning was created)
✔ MIG-001/002/006: management entry and handlers belong to FCS; PFOS keeps execution (1.84175ms)
✔ MIG-003/007: prep and execution read the same early order identities, quantities and match status (4085.819625ms)
✔ MIG-004/009: migrated dialogs retain candidate fields, actual material image and task outputs (0.763417ms)
✔ MIG-011: management and execution use the same seven business display columns (7.502083ms)
✔ MIG-007: early dye/print creation and cancellation survive reload (4251.850958ms)
✔ 解析带标签、小数和空格的长度数量 (0.431791ms)
✔ 解析卷数并对不合法文本返回 0 (0.106333ms)
✔ 证据文件标识把连续空白收口为单个连字符 (0.164042ms)
(node:31823) ExperimentalWarning: localStorage is not available because --localstorage-file was not provided.
(Use `node --trace-warnings ...` to show where the warning was created)
✔ 设计改款可成批生成染色和印花加工单，且完整投影来源与上下游 (2314.165333ms)
✔ 设计改款加工单生成幂等，重复请求不增加单据 (16.333542ms)
✔ 同一设计改款任务的不同颜色和 BOM 行分别生成加工单 (6.04525ms)
✔ 成批提交失败时染色与印花加工单一起回滚 (6.207958ms)
✔ 设计改款来源缺关键引用或来源未知时必须阻断 (0.187667ms)
(node:31824) ExperimentalWarning: localStorage is not available because --localstorage-file was not provided.
(Use `node --trace-warnings ...` to show where the warning was created)
✔ 设计改款加工单等待买手审核成果，绑定真实附件后才可安排，先染后印继续受前序交出约束 (792.194584ms)
✔ 专业成果没有真实附件时保持未绑定 (14.015167ms)
(node:31825) ExperimentalWarning: localStorage is not available because --localstorage-file was not provided.
(Use `node --trace-warnings ...` to show where the warning was created)
✔ 可打印不等于可建交出单，必须完成真实标签打印 (0.453583ms)
✔ 卷规格无效时不可建交出单，且不改变原可打印判定语义 (0.066708ms)
✔ 人工完成印花加工单不再自动填充操作人 (458.7125ms)
✔ 日报窗口含截止日7天，重点日均独立使用前6天 (0.500084ms)
✔ 未知采购不填0，未BOM不输出完整确定订单需求 (0.117208ms)
✔ 突变必须绝对量与比例同时达到阈值 (0.06525ms)
✔ 截止日突变示例与未完结日不判定 (0.062959ms)
✔ 共享商品按SPU去重而不按关联行累加销量 (0.0935ms)
✔ 预选不产生确定用料；BOM需求保留物料归属 (0.133666ms)
✔ 同料BOM优先于预选，不重复关系及需量 (0.107291ms)
✔ 两个业务页具有独立容器、标准分页与证据边界 (40.025667ms)
✔ 未进入物料页面时 bridge 不加载业务；加载失败重试后首次渲染即已注册 (7.960125ms)
✔ click 分组顺序、短路、选择器范围保持原行为，重新注册替换旧处理器 (0.68625ms)
✔ 备料写入守卫读取实时角色与水位，阻断时不调用业务处理器 (0.320209ms)
✔ input/change/keyboard 原入口、筛选范围和 change 优先级完整保留 (0.3305ms)
✔ health groups are exhaustive and mutually exclusive in demo (0.827834ms)
✔ coverage and baseline use same inventory plus transit but distinct demand windows (0.078042ms)
✔ zero demand is unavailable rather than infinity and huge finite quotient stays finite (0.088834ms)
✔ date selects different consistent snapshot (0.090208ms)
✔ threshold changes alter classification without changing facts (0.067209ms)
✔ health view carries core P1 business sections and mock caveat (14.914208ms)
✔ AT16 rules do not substitute brand, size or packaging method (0.429042ms)
✔ AT24 equal priority conflict blocks resolution and identifies rules (0.354ms)
✔ higher explicit priority resolves a lower priority overlap (0.055708ms)
✔ plans distinguish garments and parcels and add loss once (0.135208ms)
✔ AT18 white pendant stock only allocated once (0.0785ms)
✔ event duplicate and old revision do not add consumption; reprints are activity only (0.707542ms)
✔ conflicting same revision fails instead of silently choosing a payload (0.053375ms)
✔ AT17/19/20 panel states unresolved ASAYA, independent kit80 and unknown ribbon (0.24025ms)
✔ trigger distinct from target, existing supply produces explainable zero (1.217708ms)
✔ missing mapping or usage and incompatible raw unit block unsafe generation (0.374833ms)
✔ generation reserves remaining once and shared raw pool across target rules (1.452333ms)
✔ production does not increase stock; actual SKU and output bound partial receipts (0.306792ms)
✔ cancelled suggestion releases commitment and raw allocation (0.185833ms)
✔ AT05 committed greige is not available for a second allocation (0.44725ms)
✔ AT06 partial receipt reduces expected supply; checking and qualified never duplicate (0.324042ms)
✔ AT07 unmapped target preserves quantities but gives no target coverage (0.071667ms)
✔ §7.2 loss reduces future supply; rejected receipts never become usable (0.051625ms)
✔ §7.3 unit/yield/route and conservation gaps block deterministic supply (0.0895ms)
✔ §7.3 candidate comparison reports remaining shortage and respects arrival deadline (0.121083ms)
✔ §7.3 zero gap stays zero and nonfinite inputs cannot produce advice (0.042917ms)
✔ panel uses owned local handlers and discloses mock and missing images (1.763875ms)
✔ P2 coefficients and coverage exclude transit (11.275708ms)
✔ P2 coverage buckets have exclusive shared boundaries (1.019333ms)
✔ P2 partial receipts and completed batches count remaining only (0.162959ms)
✔ P2 latest overdue selected only if no future batch; today included (0.138333ms)
✔ P2 search transit and ETA filters compose (0.438583ms)
✔ P2 zero demand and missing BOM preserve distinct nulls; micro demand excluded (0.171ms)
✔ P2 standard table renders and limits initial rows to first page (10.895125ms)
✔ AT01/02 internal reservation stays in coverage while external reservation is deducted (13.31625ms)
✔ AT03 quality segments are not usable (0.377459ms)
✔ AT04 partial receipt leaves remaining supply only (0.482458ms)
✔ AT08/38 late supply never erases earlier shortage (0.189417ms)
✔ AT09 intermediate deficit determines net need rather than positive closing balance (0.144958ms)
✔ AT10 MOQ and pack rounding, zero stays zero (0.125792ms)
✔ AT11 horizon begins at cutoff and is not expanded by lead time (0.147125ms)
✔ AT12 forecast covered by confirmed demand is excluded before coefficient (0.120792ms)
✔ AT13 no demand has no numeric coverage (0.105208ms)
✔ AT14 cancelling demand does not change stock (0.14175ms)
✔ AT15 latest event revision only (0.419084ms)
✔ AT16/17 directory preserves bag sizes and ASAYA duplicated input is one unresolved SKU (0.094667ms)
✔ AT18 three brands draw from one shared pool (0.110333ms)
✔ AT19/20 kit capacity respects minimum and missing conversion (0.056208ms)
✔ AT21 inactive/unusable stock remains physically visible (0.105916ms)
✔ AT23 affected order identifiers are unique (0.094125ms)
✔ AT25/26 draft does not mutate active and invalidates trial (0.057958ms)
✔ AT26/28 publish requires role and exact trial; history retained (0.188375ms)
✔ AT31 risk cannot close with remaining shortage or skip verification (0.156875ms)
✔ AT37 invalid dates, unknown timezone, bad numeric values rejected (0.083542ms)
✔ duplicate supply chain does not double count and blocks deterministic advice (0.088292ms)
✔ warehouse catalogue includes 17 locations and two garment warehouses (0.040292ms)
✔ candidate comparison retains pre-arrival risk (0.29925ms)
✔ SKU-specific policy wins and duplicate rules block publish (0.140875ms)
✔ 路由标准化移除 query 与 hash，但不改动路径 (0.729916ms)
✔ 只匹配路由根或其子路径，不误匹配相似前缀 (0.180167ms)
✔ 可在多个合法根路径中匹配一个 (0.080125ms)
✔ 只把完整生产确认单打印路由识别为命中 (0.103458ms)
✔ 物流商新增字段保存回显并写入操作日志 (4.88725ms)
✔ 物流商数字字段非负校验与运输方式枚举校验 (0.508542ms)
✔ 渠道新增字段保存回显，条件计费字段按计费方式保留 (0.84125ms)
✔ 整柜渠道不要求新增计费字段，仍要求四箱型完整配置 (0.278167ms)
✔ 渠道数字字段非负与时效区间校验 (0.238333ms)
✔ 头程批次聚合展示总箱数、总重量、总体积与转运天数 (0.879792ms)
✔ 工序链按保存顺序生效，合法工序集合固定，非法或重复工序被拒 (2.46125ms)
✔ 坯布 SKU 必填，坯布库存为 0 时调拨资格被拒，补足后恢复 (0.731708ms)
✔ 采购单按勾选 SKU 生成明细，数量与枚举非法被拒 (0.316417ms)
✔ 调拨单可选择调出仓库与调入目标，同步生成加工单号链 (0.411792ms)
✔ 批量刷新库存更新全部监控行与刷新时间并写日志 (0.37925ms)
✔ 手动添加监控 SKU 校验 SKU 必填与重复，添加后进入列表 (0.4975ms)
✔ 物料申报扩展字段保存回显，26 项特殊属性按数组保存 (2.140292ms)
✔ 报关扩展：法定第二计量单位与数值，不报关分支跳过必填校验 (0.34675ms)
✔ BOM 业务选项与价格/成本、工厂、布料字段保存回显 (1.245166ms)
✔ 主体经营 9 项成本明细加调整重算总成本，数据缺失提醒可消除 (0.6315ms)
✔ 供应商从草稿到启用遵循状态机，名称唯一 (2.515583ms)
✔ 供货档案包装换算与快照版本 (0.223833ms)
✔ 物料全部有真实图片，采购补充信息可更新且不新增删除 (0.320125ms)
✔ 成衣与样衣 SKU 只读列表数据完整 (0.06825ms)
✔ 仓库同步更新时间，单位字典唯一且不可删除只可启停 (0.267792ms)
✔ BOM 用量可修改，说明可保存，发布后可生成面辅料需求 (1.201208ms)
✔ 面辅料需求种子就绪且可按物料行下推采购单 (3.87675ms)
✔ 快递信息导入校验采购单存在、单号唯一、日期与数量合法 (0.872541ms)
✔ 国内签收、加入头程、状态推进与到仓自动签收 (1.632ms)
✔ 供应商确认单需标签齐备，确认后回写采购单 (0.607083ms)
✔ 整柜渠道必须完整配置四个箱型，物流商可启停 (0.308334ms)
✔ 面辅料采购单可带原因关闭，关闭后不能再登记到货 (0.16425ms)
✔ 库存监控触发线与建议量公式，规则异常阻断建单 (2.058792ms)
✔ 建单数量不得超过建议量，调拨与采购资格分别阻断 (0.324375ms)
✔ 中转看板指标、分布与筛选跳转规则 (0.524291ms)
✔ 生产单校验与配料任务只读数据完整，系统设置结果为 8/6/10 (0.174416ms)
✔ 种子采购单按 SRM 生成器规律补齐单据级与明细级字段 (1.686958ms)
✔ 新建做货采购单保存采购专员、加急、首单、区域与明细字段并可回显 (2.569583ms)
✔ 未传新增字段时沿用默认值并保持既有命令兼容 (0.241208ms)
✔ 采购专员必填、做货必须选区域、重量非负均抛出中文 PmsDomainError (0.477708ms)
✔ 编辑采购单保存新增字段并回显，非法输入被阻断 (0.456042ms)
✔ BOM 状态与 bomMatched 一致，未发布 BOM 的做货明细为未匹配 (0.308ms)
✔ 行采购金额使用 roundPmsQty 且汇总等于逐行金额之和 (0.242375ms)
✔ 采购建议按缺口公式与折扣计算，并计入有效 KOL 申请 (0.666833ms)
✔ KOL 草稿与已驳回不计入建议缺口 (0.090958ms)
✔ 建议转采购单后写回已转数量与部分生成状态 (2.936459ms)
✔ 面辅料需求按 BOM 用量与损耗扣减库存和采购中 (0.966583ms)
✔ 重复生成、草稿采购单与非做货采购单均被阻断 (0.211959ms)
✔ KOL 单条超量需要二次确认，超过申请量直接阻断 (1.892209ms)
✔ 驳回 KOL 需求后不再计入建议缺口 (0.190709ms)
✔ 关闭采购单必须填写原因且已关闭不可重复关闭 (0.179625ms)
✔ 主体经营明细总成本、毛利与毛利率公式 (2.903084ms)
✔ 面辅料对账：预计/实际双层公式，费用项与差异双重门禁 (3.683708ms)
✔ 面辅料费用项部分确认、批量确认与编辑失效 (0.486958ms)
✔ 请款草稿跨页创建、请款与付款上限、编辑范围 (0.561666ms)
✔ 物流实际费用 12 列导入校验、不自动确认与确认后锁定 (0.407417ms)
✔ 请款单作废释放来源对账，已有付款不能作废 (0.189958ms)
✔ 供应商账单 9 列导入覆盖实际层且不自动确认 (0.238458ms)
✔ 金额大写按 RMB 规则输出并覆盖跨节零 (0.113625ms)
✔ 生成卷号按前缀、每卷米数、重量与起始序号生成并写入包装明细 (4.999458ms)
✔ 生成卷号时尾卷承载剩余数量，卷数按采购数量与每卷米数自动取整 (1.017375ms)
✔ 非法卷号参数被拒绝并抛出中文域错误 (0.67275ms)
✔ 生成标签后二维码内容包含卷号与箱规，参与打印 (0.60075ms)
✔ 箱规新增自动计算体积，重复箱号与非法尺寸被拒，删除后计数正确 (0.618ms)
✔ 包装明细可新增与删除，非法输入被拒且删除后计数正确 (0.43775ms)
✔ 被包装明细引用的箱规不能删除 (0.265083ms)
✔ 供应商枚举与 SRM 完全一致，旧枚举不再出现 (0.780125ms)
✔ 种子字段满足 SRM 枚举且协同指标为数字 (0.129375ms)
✔ 新增字段保存并回显，成功命令写入操作日志 (1.248042ms)
✔ 编辑保存新增字段并保持状态机与事件名不变 (0.210041ms)
✔ 非法或缺失输入抛 PmsDomainError 且不写入数据 (0.312042ms)
✔ 详情与列表展示新增字段、SRM 枚举与协同指标 (22.139417ms)
(node:31847) ExperimentalWarning: localStorage is not available because --localstorage-file was not provided.
(Use `node --trace-warnings ...` to show where the warning was created)
✔ RETURN-010: only the acceptance week Sunday is skipped, for every starting weekday (2.832542ms)
✔ RETURN-004—010: both projections share counting dates and ceil targets (3.169792ms)
(node:31848) ExperimentalWarning: localStorage is not available because --localstorage-file was not provided.
(Use `node --trace-warnings ...` to show where the warning was created)
✔ 实际耗时跨周日仍按真实时间差；没有可靠时间不造耗时 (0.429375ms)
✔ 每任务都达成才结束；同一来源去重，作废明细不影响主表 (0.145167ms)
✔ 耗时页 Mock 至少覆盖九张生产单和全部节点，且下游事实不会越过未完成的前置节点 (700.441541ms)
✔ 裁片放行按一张放行单内的多次放行展示并选取节点起止时间 (50.650959ms)
(node:31849) ExperimentalWarning: localStorage is not available because --localstorage-file was not provided.
(Use `node --trace-warnings ...` to show where the warning was created)
✔ EXC-001—004: a reference mark cannot change debt, strict kits or final task responsibility (14.680917ms)
(node:31850) ExperimentalWarning: localStorage is not available because --localstorage-file was not provided.
(Use `node --trace-warnings ...` to show where the warning was created)
✔ 派单新增主档工厂可登记承接关系，未知工厂仍阻断 (2.947375ms)
✔ 专属任务保留整单身份、数量和接收方，工艺分支保留全部前置关系 (8.655125ms)
✔ 原生产单车缝任务仍可被 PPIC 分配与责任移交识别，SKU 总量完整 (8.114833ms)
(node:31851) ExperimentalWarning: localStorage is not available because --localstorage-file was not provided.
(Use `node --trace-warnings ...` to show where the warning was created)
✔ VERIFY-003: dispatch reads keep all documents and independent copies without projecting unrelated business views (435.13975ms)
(node:31852) ExperimentalWarning: localStorage is not available because --localstorage-file was not provided.
(Use `node --trace-warnings ...` to show where the warning was created)
✔ PERF-002/004: scoped receiving reads preserve direct receipts and allocations, without exposing mutable facts (18.954584ms)
✔ PERF-002/004: a synchronous relation read matches independent reads and releases its scope after errors (702.445083ms)
✔ PERF-004: batched print list reviews and handovers equal independently read facts (306.73425ms)
✔ PERF-004: scoped handovers keep canonical sorting and task point reads preserve identity (5.773833ms)
✔ PERF-004: reusing warehouse documents preserves each dye order source, quantity and receiver (165.20775ms)
(node:31853) ExperimentalWarning: localStorage is not available because --localstorage-file was not provided.
(Use `node --trace-warnings ...` to show where the warning was created)
✔ craft source selection preserves all previous source choices and isolated snapshots (17.357125ms)
✔ source eligibility is re-evaluated after a source order changes (0.116833ms)
(node:31854) ExperimentalWarning: localStorage is not available because --localstorage-file was not provided.
(Use `node --trace-warnings ...` to show where the warning was created)
✔ 验收数据至少包含 5 张染色和 5 张印花提前加工单，并覆盖全部匹配状态 (1409.225458ms)
✔ 印花专业成果把多张图片和多个文件统一保存在同一附件集合 (0.298666ms)
✔ 同一生产需求可手动选择具体专业任务，创建结果保存所选任务与全部成果附件 (113.66ms)
✔ 创建提前加工单必须选择所属专业任务并明确加工厂 (0.523ms)
✔ 计划加工数量包含损耗率，且染色印花投入与产出 SKU 必须不同 (0.137083ms)
✔ 专业成果未审核通过时不可创建提前加工单 (0.107083ms)
✔ 多个生产需求合并为一张生产单时，可匹配多张提前染色加工单 (35.691291ms)
✔ 等待技术包的提前单在技术包就绪后可由同一匹配服务自动重试 (20.77375ms)
✔ 合并生产单中只有部分需求有提前单时，只为未覆盖需求补建剩余数量 (105.317792ms)
✔ 已有提前单但正式 BOM 或 SKU 不一致时进入异常，且不重复补建同一工艺单 (105.5475ms)
✔ 取消后重建保留旧单，并建立双向替代关系 (2.08325ms)
✔ 没有提前加工单的需求仍保留正式加工单快照 (6.762625ms)
✔ BOM uses formally reduced quantity and leaves unsupported conversion unknown (0.792834ms)
✔ reuse retains one shared source instance and adds no duplicate processing duration (0.238458ms)
✔ a new rework/recheck round extends the dependency path two days and conserves qualified pieces (0.093917ms)
✔ date-only source is not coerced to a precise instant or exact deadline (0.095542ms)
✔ known order shipment can be timed without crediting an unknown production source (0.076375ms)
✔ waiting for actual fulfillment can be overall late while factory completion stays on time (0.066375ms)
✔ all six named cards render directly checkable evidence without changing production task facts (2.78775ms)
✔ all ten tasks have independent drill-down networks and one frozen aggregate snapshot (1.408459ms)
✔ 31-item dependency recursion proves 24 natural days and shows the actual sum/max formula (0.394083ms)
✔ improving procurement by ten days only improves whole-task timing by one day (0.148083ms)
✔ network rejects circular/missing dependencies and unknown is never zero time (0.210208ms)
✔ each complete standard mock network and live forecast agrees with the task summary (2.149625ms)
✔ quantity forecast finds a one-day risk before any actual deadline is missed (0.754959ms)
✔ all-natural-day clock includes Sundays, preserves timezones, equality is on time and one second is late (0.202875ms)
✔ already-overdue outranks forecast missing; historical completion stops the clock (0.157375ms)
✔ upstream two-day delay and local catch-up pressure are distinct from current-team fault (0.150625ms)
✔ manual forecast is local, propagates both earlier and later dates, and never relaxes baseline (1.48625ms)
✔ saving a manual forecast refreshes all affected node labels without pretending capacity was increased (1.199084ms)
✔ zero capacity and stale progress never forecast zero remaining duration (3.299041ms)
✔ stock and purchase coverage do not imply factory readiness or a new purchase gap (0.221459ms)
✔ stock-only task still has transfer; purchased material must move beyond warehouse entry (0.082958ms)
✔ batch schedule conserves shared capacity and 90 percent occurs at a real batch event (0.177667ms)
✔ customer cancellation without production allocation does not reduce any task (0.116875ms)
✔ excess shipment of one SKU cannot hide shortage of another (0.092916ms)
✔ duplicate, out-of-order and corrected quantity events conserve the effective sum (0.10175ms)
✔ shared work is counted once while merged source tasks preserve independent T0 and deadlines (0.136ms)
✔ orders enter analysis only from actual shipment and have their own clock (0.176417ms)
✔ region and supply mode select rules together, unpublished candidate rules never apply (0.178167ms)
✔ filters share exact aggregate scope and date windows are left-closed right-open (0.40725ms)
✔ Chinese UI defaults and all scope options filter the intended task population (1.761334ms)
✔ Chinese risk shortcut agrees with risk KPI and does not accidentally select completed or overdue tasks (0.583542ms)
✔ Chinese date-field labels use due date, start date and predicted completion respectively (0.40875ms)
✔ team and stage filters match applicable work nodes rather than only current task responsibility (0.244291ms)
✔ V3 team and factory must match the same node and empty all-scope still keeps a task (0.115042ms)
✔ V3 unknown shipment has no percentage and completed work without deadline is not on time (0.087125ms)
✔ 恢复预测保留不同工作和日期的顺序，只合并连续相同计算且不改写历史 (4.1385ms)
✔ 同一调拨动作按国家和供给方式命中不同预算，候选规则不参与匹配 (0.632958ms)
✔ 同优先级重叠命中必须冲突，明确更高优先级例外才可覆盖 (0.40575ms)
✔ 数量档边界不得跨档或用默认预算掩盖无规则 (0.078333ms)
✔ 子项七天而组上限五天阻断，网络不被截短也不在组外重复加预算 (0.130709ms)
✔ 并行分支取最大值，循环和缺失前置不得算成零天 (0.131042ms)
✔ 工厂实收映射须有明细与物流批次，入库不冒充到厂，重复事件不累加 (0.154167ms)
✔ 投入产出、单位或质量门槛不合规，不能放行下游 (0.088042ms)
✔ 新版本仅记录显式重算范围，不能顺延旧基线或考核截止 (0.393666ms)
✔ 默认演示配置没有阻断，会议候选必须以提示保留 (0.095541ms)
✔ 选定在途W19规则从1改3，本地路线24改26而原始/生效截止与实际事实不变 (2.938292ms)
✔ 在途发布同层冲突、缺规则、缺映射或事件边界变化都不生成覆盖 (0.174416ms)
✔ 发布覆盖可从初始快照恢复且重复应用幂等，未选任务不受影响 (1.54525ms)
✔ 未完成调拨预算增加后，预测沿下游传播；已完成上游事实仍原样 (0.76625ms)
(node:31862) ExperimentalWarning: localStorage is not available because --localstorage-file was not provided.
(Use `node --trace-warnings ...` to show where the warning was created)
✔ 首次来源读取只创建当前存在的缺口，历史从本次观察开始 (2.285625ms)
✔ 事项键由任务、工作与类型生成，中文说明变化不新增事项 (0.807ms)
✔ 缺款图形成独立事项，增加地址不等于款色对应核验通过 (0.328ms)
✔ 登记责任期限不修改事实或关闭事项，只有后续来源读取确认恢复 (0.661041ms)
✔ 同一恢复事实重复核对不制造历史，缺口复现重新打开且保留期限 (0.286375ms)
✔ 任务或工作未返回、数量已知性字段消失均不是恢复证据 (0.255459ms)
✔ 来源身份变更不能在同一次读取中把旧缺口标为恢复 (0.206167ms)
✔ 未结构化来源审核项不因文字消失自动关闭 (0.190667ms)
✔ 本地持久化保留独立事项、责任、期限和恢复历史 (0.398875ms)
✔ 本地损坏记录不伪造历史、不覆盖旧内容、不允许假保存 (3.401709ms)
✔ 责任、期限、调整原因必填；存储失败给出未保存结果 (0.381958ms)
✔ 数据待补按事项分页和筛选，提供独立登记及来源刷新入口 (1.999417ms)
✔ 事项按自身负责人和修复期限筛选，不借任务跟单替代 (0.237584ms)
✔ 空在途范围不展示历史演示日期压力图 (2.246208ms)
✔ 未知预算仍保留串并行和汇合箭头，位置不依赖日期 (9.691542ms)
✔ 下游未开工且前置未完的逾期归为等待；根卡点标出具体工作和全部后继 (1.985917ms)
✔ 取消和已完成不是当前卡点，数据缺口不当执行逾期 (1.137333ms)
✔ 已开工工作即使前置未完，也保留其来源责任逾期并提示核对 (0.821666ms)
✔ 卡点范围仍显示上游参照及所有受影响后继，不显示无关支路 (1.019459ms)
✔ 单据摘要默认展开来源核心字段，不只展示时效 (0.7175ms)
✔ 需求摘要指向已存在的需求列表，入口不冒称独立详情 (0.422292ms)
✔ 缺少单据不得生成虚构摘要或默认完成数 (0.330167ms)
✔ 已实收的有效结束满足前置，取消前置不会被视为供给完成 (0.548666ms)
✔ 质检不合格仍是放行卡点，不因检验时间存在变为可放行 (0.485292ms)
✔ 来源已有不合格检验结果但缺建立时间时，不因前置未完而隐藏本项卡点 (0.815458ms)
✔ 作废且不计时不等于前置已完成；来源已阻断是明确卡点 (1.190625ms)
✔ 已知工作预算齐备但范围未确认时，公式页不得称作全程标准 (1.198416ms)
✔ 暂停或受阻工作不因遗留结束时间而放行下游 (0.723125ms)
✔ 生产准备初始化按编号读取定义与完整目录逐值一致，保留不存在时的契约 (2.389875ms)
✔ 单定义读取的可编辑数组保持隔离，不污染其他任务读取 (1.732083ms)
▶ execution source relations retain full facts without unrelated cold initialization
  ✔ cold read resolves real runtime scope and leaves print/dye execution ledgers untouched (131.507125ms)
  ✔ scoped cold result equals original complete enumeration after the same actual ID resolution (1287.813708ms)
  ✔ production with print/dye uses all existing preparation facts and keeps unknown IDs unknown (57.925208ms)
  ✔ live explicit cross-order reference and cancellation facts survive scoped reading (21.459584ms)
  ✔ real persisted cancellation restores through the original validated path in a new process (902.555792ms)
  ✔ QC reads real fact quantities and renders explicit missing artwork without placeholder network dependency (111.448792ms)
✔ execution source relations retain full facts without unrelated cold initialization (2873.977167ms)
(node:31877) ExperimentalWarning: localStorage is not available because --localstorage-file was not provided.
(Use `node --trace-warnings ...` to show where the warning was created)
✔ production source time uses explicit Shanghai time and rejects date-only completion (0.604875ms)
✔ DDS tasks use demand identity and do not invent preparation, budgets, shipment quantities or orders (2.319959ms)
✔ source bindings require existing same-style preparation and published technical version (0.93625ms)
✔ reuse preserves its source/version and does not add past preparation duration (1.004708ms)
✔ explicit unneeded work is excluded but unconfirmed missing work remains a decision, never zero-day completion (0.510292ms)
✔ explicit dependencies preserve parallel entries and repeated processes instead of serial sorting (1.769542ms)
✔ missing explicit predecessors do not become confirmed parallel roots (2.2565ms)
✔ missing predecessor and material SKU discontinuity block route certainty without fabricated edges (1.497125ms)
✔ cyclic source dependency stays a blocking issue and source objects remain unchanged (0.621208ms)
✔ read snapshot uses all current demand records without private Mock tasks or automatic same-style preparations (54.741833ms)
✔ continuous material SKU edges stay confirmed while an unconfirmed route remains pending (1.711375ms)
✔ unverified reuse does not fabricate a completed zero-day result (0.179916ms)
✔ binding writes only the DDS association key and is reflected by the next read (12.587458ms)
✔ execution source uses exact production-order identity, assigned factory and responsibility deadline (0.25125ms)
✔ only a unique exact technical entry binds execution to route; same-name and split executions stay independent (0.289875ms)
✔ preparation-only source cycles are blocked without depending on a technical pack branch (0.159625ms)
✔ source time and manual forecast stay separate from frozen rule examples and missing SLA (0.447125ms)
✔ cancelled execution is not a late blocker and unfinished status cannot borrow a stale completion timestamp (0.151042ms)
✔ document summaries are factual, compact strings; decisions without a document stay unbound (0.111709ms)
✔ formal preparation output connects the exact confirmation, route entry and production version (0.309416ms)
✔ technical object identity and its material photo are retained without using the style photo (0.125ms)
✔ material transfer has serial dispatch, transport and receipt with separate responsibility and source identity (0.340084ms)
✔ approval, sent quantities and delivery-note registration cannot prove physical handout or logistics delivery (0.179625ms)
✔ actual handout starts transportation but factory receipt never backfills logistics delivery or reception start (0.116542ms)
✔ receipt quantities require the same source line, target factory and unit; mixed units never close reception (0.142334ms)
✔ voided transfers keep evidence but no effective supply or transport completion (0.099417ms)
✔ a document handout timestamp does not complete unshipped or partially shipped source lines (0.116291ms)
✔ only preparation-bound purchase documents are included, and purchase completion never invents warehouse arrival (0.1275ms)
✔ quality is scoped to its recorded sample and does not establish shipment orders or whole-order completion (0.154959ms)
✔ current source snapshot exposes matching handover, quality and transfer documents, not generic placeholders alone (4.009167ms)
✔ only a real same-version production order becomes a root execution predecessor (0.356834ms)
✔ task lead blocker matches dependency analysis instead of blaming an unstarted downstream deadline (0.109417ms)
✔ failed inspection exposes the concrete unqualified quantity as blocker reason (0.117584ms)
✔ category sample images never stand in for a source style; a dedicated source image is retained (0.505375ms)
(node:31878) ExperimentalWarning: localStorage is not available because --localstorage-file was not provided.
(Use `node --trace-warnings ...` to show where the warning was created)
✔ 当前非 Mock 需求可保存显式工作映射，序列化后可恢复且不改来源事实 (58.96325ms)
✔ 未保存映射、规则空天数、事件范围变化与同级冲突分别给出真实阻断 (4.24ms)
✔ 同一工作不得存两份口径，来源身份变化或未知数量不允许保存 (3.815708ms)
✔ 工作单位不换算、通配值不充当事实、里程碑不重复加预算 (5.204333ms)
✔ 来源任务发布单项预算后保持整体待定，刷新覆盖和已有截止均保留 (3.986334ms)
✔ 缺准备或实发范围时即使要求首次建基线也阻断，并且不写覆盖 (7.140833ms)
✔ 已确认的未来发货工作尚无实发事实也可建 T0+最长路径基线，缺进度只影响预测 (2.072292ms)
✔ 已发布后来源工作身份变化，不把旧映射预算套到新单据 (18.463292ms)
✔ 配置页面保存映射到本地，空天数发布被阻断，填写预算后实际发布当前来源任务 (21.783875ms)
✔ 查生产入口只在合法系统路由显示，并在打印与 PDA 路由隐藏 (0.543333ms)
✔ 相似前缀和相似打印段不会被当成合法路由 (0.06675ms)
(node:31882) ExperimentalWarning: localStorage is not available because --localstorage-file was not provided.
(Use `node --trace-warnings ...` to show where the warning was created)
✔ PERF-001: runtime snapshot and all nine subsets preserve every production order value and caller isolation (22.797875ms)
✔ PERF-001: a subset read does not traverse or clone unrelated snapshot sections (0.201125ms)
✔ PERF-001: paper pattern binding strips and nested craft arrays remain isolated after mutation (0.316834ms)
✔ PERF-001: replacing or updating the bound snapshot is visible immediately without a stale cache (0.159625ms)
✔ PERF-001: missing production order keeps null and empty-list contracts (0.072958ms)
(node:31883) ExperimentalWarning: localStorage is not available because --localstorage-file was not provided.
(Use `node --trace-warnings ...` to show where the warning was created)
✔ VERIFY-003: scoped reads preserve pending/voided sources and defensive copies (2.409916ms)
✔ VERIFY-003: metadata lookup reflects registry changes and returns independent locations (7.821916ms)
✔ 并发调用复用同一个模块加载 Promise，成功后继续复用结果 (0.630209ms)
✔ 模块加载失败后清空缓存，下一次调用可以重试 (0.228ms)
✔ 独立打印外壳只命中完整生产确认单打印路由 (0.492209ms)
✔ 既有固定打印路由仍使用独立打印外壳 (0.088458ms)
✔ 36条基础采购演示经业务动作形成，共享PMS来源，重复载入不重置数量或伪造实收 (92.424458ms)
✔ 三个中央工厂在组织目录与执行工厂中身份一致且仅出现一次 (0.435166ms)
✔ 花边角色与采购映射归属TMF但供应方仍保留独立身份 (0.073875ms)
✔ 橡筋定长切割仍归SPF，不成为TMF织带截断任务 (0.099791ms)
✔ 旧浏览器组织记录迁移后不与权威TMF并存且保留已有联系人 (2.874125ms)
✔ 连续织带实际650米交出→648+2实收→染色可用650，仓库和用料保持米制且无公斤换算 (8.29375ms)
✔ 连续长度口径不可用于纱线/码制，普通辅料仍要求实际称重 (1.44575ms)
(node:31889) ExperimentalWarning: localStorage is not available because --localstorage-file was not provided.
(Use `node --trace-warnings ...` to show where the warning was created)
✔ 织带与绳子参考档案接入实际物料库，保留图片来源和未确认尺寸，不替换橡筋 (35.540416ms)
✔ 正式生产路线只关联相邻同BOM同SKU的染色→印花，不生成数量或修改来源 (1.680541ms)
✔ 跨单/版本/工序/用途/SKU/单位、缺工厂与已有其他接收单都不能接续 (0.561417ms)
{"scenario":"N02","scope":"业务动作主链含纱线重量账；不含PCS发布采用页面、纱线/辅材采购上游","purchaseReceived":1300,"productionReceived":1000,"warehouseContinuousM":30,"netCutM":1260,"lossM":10,"headUnit":"个","headReceived":2020,"headRemaining":15}
{"scenario":"N03","scope":"业务动作主链含纱线重量账；不含PCS发布采用页面、纱线/辅材采购上游","purchaseReceived":60,"productionReceived":100,"warehouseContinuousM":9,"netCutM":50,"lossM":1,"headUnit":"个","headReceived":202,"headRemaining":1}
{"scenario":"N04","scope":"业务动作主链含纱线重量账；不含PCS发布采用页面、纱线/辅材采购上游","purchaseReceived":100,"productionReceived":50,"warehouseContinuousM":34,"netCutM":65,"lossM":1,"headUnit":"kg","headReceived":0.2,"headRemaining":0.04}
{"scenario":"N05","mergedBatch":"FULL-N05-MERGED","purchaseReceivedM":120,"mergedIssuedM":102,"mergedProducedPieces":200,"productionReceivedByOrder":[100,100],"warehouseContinuousM":19,"lossM":1,"returnedM":1}
{"scenario":"N01","rawReceivedKg":12,"consumedKg":10,"returnedKg":1,"factoryRemainingKg":1,"semiFinishedReceivedM":1000}
{"scenario":"N02","rawReceivedKg":12,"consumedKg":10,"returnedKg":1,"factoryRemainingKg":1,"semiFinishedReceivedM":1300}
{"scenario":"N03","rawReceivedKg":12,"consumedKg":10,"returnedKg":1,"factoryRemainingKg":1,"semiFinishedReceivedM":60}
{"scenario":"N04","rawReceivedKg":12,"consumedKg":10,"returnedKg":1,"factoryRemainingKg":1,"semiFinishedReceivedM":100}
{"scenario":"N05","rawReceivedKg":12,"consumedKg":10,"returnedKg":1,"factoryRemainingKg":1,"semiFinishedReceivedM":120}
(node:31891) ExperimentalWarning: localStorage is not available because --localstorage-file was not provided.
(Use `node --trace-warnings ...` to show where the warning was created)
✔ N01～N05：通过现有 PMS 入口下达，每条采购链从零执行到仓库实收；交出不提前增加库存 (6.582375ms)
✔ B01/B03：短收保留在途和采购缺口；重复扫描、生成和刷新不双记 (1.829708ms)
✔ B02/B04：多收、错 SKU、错仓和无权限动作不改变任意下游数量；恢复后正常收齐 (2.75125ms)
✔ B23/B24：未开始跟随采购版本，已执行保留原计划和实物、挂出变更待处理 (2.684958ms)
✔ B21：保存失败不报成功、不留部分库存；成功后刷新读取同一采购和收货事实 (0.98825ms)
✔ 采购→两种规格截断→拆包回仓→分配发料→生产实收：短收保留缺口，库存及采购不双记 (20.663ms)
✔ B09：其他需求占用400米时不能再占650；释放50后恢复，错误发料不改变库存 (4.925542ms)
✔ 需求来源：同尺码不同成衣SKU分别保留，BOM适用范围生效，错误快照和重复工序阻断 (0.785375ms)
✔ 待打头条料不计合格产出；超公差实物记不良且照实扣下料当量，未实收不可截断 (18.193625ms)
✔ N04：采购100米→单端硅胶按kg实耗→回仓发料→生产实收50根，连续料剩34米 (19.647208ms)
✔ B15：截断后取消保留1000根在制和1260米当量，释放未发占用并只退连续余料 (18.446875ms)
✔ 已回仓部分发料后取消：释放未发分配，冻结实存，已发在途保留且实收不恢复需求 (13.1375ms)
✔ N02规范数值：采购→实际加工→生产实收及米料/辅材退仓整链 (52.654ms)
✔ N03规范数值：采购→实际加工→生产实收及米料/辅材退仓整链 (37.042042ms)
✔ N04规范数值：采购→实际加工→生产实收及米料/辅材退仓整链 (41.670166ms)
✔ N05合并批：120米采购→一次102米发料/实收→合并200条产出按两生产单分包→各实收100，剩19米 (59.242125ms)
✔ N01～N05基础原料重量账：源仓实收→发出→工厂实收→耗用/余料→原仓实收，与米制产出独立 (156.06375ms)
✔ PMS采购实际仓库实收与原料库存一次保存；分批、刷新、原料使用和退回均不重复履约 (141.278667ms)
✔ 历史手工到货及不支持的单位不能直接变成投入料可用库存 (0.331667ms)
✔ N01采用路线按染色→印花关联原单，多尺码不重复列工序，不修改印染数量 (2.031833ms)
✔ 旧版本、错误SKU、码制单位、取消或变更待处理均不作为有效关联 (0.605417ms)
✔ 同号不同生产单或BOM不得关联，重复来源不静默选择，混合快照阻断 (0.573709ms)
✔ 编辑器按尺码保留规格，截断打头不新建SKU，重复保存沿用节点身份 (1.639709ms)
✔ 前序印染产出SKU作为截断投入；保留独立橡筋工艺，移除打头后下游连接截断 (0.357667ms)
✔ 未明确打头、错误辅料BOM、无半成品和不合法前序不能生成可执行路线 (0.1425ms)
(node:31895) ExperimentalWarning: localStorage is not available because --localstorage-file was not provided.
(Use `node --trace-warnings ...` to show where the warning was created)
✔ N01：400 条 50CM 和 600 条 70CM 分行计算，共 620 米；未增加 SKU (1.245542ms)
✔ 缺少尺码数量、非整数条数、公差或测量条件时不猜测需求 (1.1405ms)
✔ B07：未选择打头、缺少端头方式或辅材不能确认；支持两端不同端头 (0.208042ms)
✔ N04/B08：硅胶按重量且必须有覆盖长度，不作为独立金属头计数 (0.098041ms)
✔ B18：打头只能承接对应截断条料，不能换 SKU、换长度或重新领连续料 (0.250416ms)
✔ N05：规格相同可以合并，但尺码、用途和需求身份不靠物理规格键代替 (0.091208ms)
✔ B14：修改后续版本端头要求不能污染生产单历史快照 (0.409375ms)
ℹ tests 376
ℹ suites 0
ℹ pass 376
ℹ fail 0
ℹ cancelled 0
ℹ skipped 0
ℹ todo 0
ℹ duration_ms 6361.97775
vite v6.4.3 building for production...
transforming...
✓ 2663 modules transformed.
rendering chunks...
[plugin vite:reporter] 
(!) /Users/laoer/Documents/higoods/src/data/app-shell-config.ts is dynamically imported by /Users/laoer/Documents/higoods/src/router/routes.ts but also statically imported by /Users/laoer/Documents/higoods/src/components/shell.ts, /Users/laoer/Documents/higoods/src/state/store.ts, dynamic import will not move module into another chunk.

[plugin vite:reporter] 
(!) /Users/laoer/Documents/higoods/src/data/fcs/printing-task-domain.ts is dynamically imported by /Users/laoer/Documents/higoods/src/data/fcs/dyeing-task-domain.ts, /Users/laoer/Documents/higoods/src/data/fcs/tmf-upstream-process-orders.ts but also statically imported by /Users/laoer/Documents/higoods/src/data/fcs/cutting/material-prep.ts, /Users/laoer/Documents/higoods/src/data/fcs/cutting/supplement-node-facts.ts, /Users/laoer/Documents/higoods/src/data/fcs/design-revision-material-transfer.ts, /Users/laoer/Documents/higoods/src/data/fcs/design-revision-process-work-order-adapter.ts, /Users/laoer/Documents/higoods/src/data/fcs/factory-receiving-links.ts, /Users/laoer/Documents/higoods/src/data/fcs/factory-receiving-source-sync.ts, /Users/laoer/Documents/higoods/src/data/fcs/mobile-execution-task-index.ts, /Users/laoer/Documents/higoods/src/data/fcs/pda-start-link.ts, /Users/laoer/Documents/higoods/src/data/fcs/printing-factory-demos.ts, /Users/laoer/Documents/higoods/src/data/fcs/printing-material-receipts.ts, /Users/laoer/Documents/higoods/src/data/fcs/printing-statistics.ts, /Users/laoer/Documents/higoods/src/data/fcs/printing-warehouse-view.ts, /Users/laoer/Documents/higoods/src/data/fcs/printing-work-order-business.ts, /Users/laoer/Documents/higoods/src/data/fcs/process-action-writeback-service.ts, /Users/laoer/Documents/higoods/src/data/fcs/process-execution-writeback.ts, /Users/laoer/Documents/higoods/src/data/fcs/process-mobile-task-binding.ts, /Users/laoer/Documents/higoods/src/data/fcs/process-warehouse-linkage-service.ts, /Users/laoer/Documents/higoods/src/data/fcs/process-web-status-actions.ts, /Users/laoer/Documents/higoods/src/data/fcs/process-work-order-domain.ts, /Users/laoer/Documents/higoods/src/data/fcs/process-work-order-generation-service.ts, /Users/laoer/Documents/higoods/src/data/fcs/production-demand-early-process-work-orders.ts, /Users/laoer/Documents/higoods/src/data/fcs/production-object-overview.ts, /Users/laoer/Documents/higoods/src/data/fcs/production-process-work-order-service.ts, /Users/laoer/Documents/higoods/src/data/fcs/task-print-cards.ts, /Users/laoer/Documents/higoods/src/pages/pda-exec-detail.ts, /Users/laoer/Documents/higoods/src/pages/pda-exec.ts, /Users/laoer/Documents/higoods/src/pages/pda-task-receive.ts, /Users/laoer/Documents/higoods/src/pages/print/templates/printing-work-order-template.ts, /Users/laoer/Documents/higoods/src/pages/process-factory/cutting/production-order-overview-projection.ts, /Users/laoer/Documents/higoods/src/pages/process-factory/dyeing/pending-receipts.ts, /Users/laoer/Documents/higoods/src/pages/process-factory/printing/dashboards.ts, /Users/laoer/Documents/higoods/src/pages/process-factory/printing/dialogs.ts, /Users/laoer/Documents/higoods/src/pages/process-factory/printing/dispatch.ts, /Users/laoer/Documents/higoods/src/pages/process-factory/printing/events.ts, /Users/laoer/Documents/higoods/src/pages/process-factory/printing/presentation.ts, /Users/laoer/Documents/higoods/src/pages/process-factory/printing/shared.ts, /Users/laoer/Documents/higoods/src/pages/process-factory/printing/statistics.ts, /Users/laoer/Documents/higoods/src/pages/process-factory/printing/work-order-detail.ts, /Users/laoer/Documents/higoods/src/pages/process-print-orders.ts, /Users/laoer/Documents/higoods/src/pages/process-work-orders/early-process-management.ts, /Users/laoer/Documents/higoods/src/runtime/fcs/cutting/pickup-management-runtime.ts, dynamic import will not move module into another chunk.

computing gzip size...
dist/index.html                                                           1.12 kB │ gzip:   0.61 kB
dist/assets/pcs-pattern-parse.worker-B3_rAVMB.js                         18.52 kB
dist/assets/source-views-23Nr_RHD.css                                    34.63 kB │ gzip:   7.04 kB
dist/assets/index-DUNYGJdm.css                                          155.39 kB │ gzip:  25.44 kB
dist/assets/pcs-project-demo-seed-service-COOi2Kbg.js                     0.06 kB │ gzip:   0.08 kB
dist/assets/store-domain-quality-bootstrap-nCkAjtAX.js                    0.38 kB │ gzip:   0.25 kB
dist/assets/sample-warehouse-projection-BhTw6JKs.js                       0.39 kB │ gzip:   0.25 kB
dist/assets/dialogs-DxmVZq7z.js                                           0.58 kB │ gzip:   0.31 kB
dist/assets/tech-pack-CTY-Yyl2.js                                         0.59 kB │ gzip:   0.32 kB
dist/assets/transfer-bag-handover-mock-Csr6kVPy.js                        0.63 kB │ gzip:   0.42 kB
dist/assets/pcs-reset-placeholder-swRbvlI2.js                             0.72 kB │ gzip:   0.45 kB
dist/assets/badge-CC0tex6e.js                                             0.78 kB │ gzip:   0.42 kB
dist/assets/images-Q79qfJD0.js                                            0.80 kB │ gzip:   0.35 kB
dist/assets/placeholder-kZDmpYn0.js                                       0.82 kB │ gzip:   0.44 kB
dist/assets/pms-export-BN5qBS03.js                                        0.83 kB │ gzip:   0.50 kB
dist/assets/trace-BeiVcS6C.js                                             0.85 kB │ gzip:   0.49 kB
dist/assets/execution-prep-projection-helpers-B1rUQGpq.js                 0.90 kB │ gzip:   0.44 kB
dist/assets/runtime-DY769RIr.js                                           0.90 kB │ gzip:   0.61 kB
dist/assets/history-CNRmhV5E.js                                           0.94 kB │ gzip:   0.60 kB
dist/assets/payment-sync-CGWXsVLi.js                                      0.97 kB │ gzip:   0.62 kB
dist/assets/print-service-Cb4Z7TQ8.js                                     1.00 kB │ gzip:   0.50 kB
dist/assets/pda-sewing-self-return-mode-CVT5AEl1.js                       1.07 kB │ gzip:   0.54 kB
dist/assets/detail.adapter-BIn2l-SW.js                                    1.08 kB │ gzip:   0.68 kB
dist/assets/process-work-order-generation-service-tvNaskZl.js             1.08 kB │ gzip:   0.66 kB
dist/assets/dialogs-Dey-6Vq7.js                                           1.08 kB │ gzip:   0.49 kB
dist/assets/dyeing-material-receipts-BHC6Xt9e.js                          1.11 kB │ gzip:   0.73 kB
dist/assets/pda-runtime-Cl7uQxlQ.js                                       1.12 kB │ gzip:   0.62 kB
dist/assets/overview-CKj9GsRg.js                                          1.25 kB │ gzip:   0.69 kB
dist/assets/process-work-order-source-view-DtbJLcS-.js                    1.31 kB │ gzip:   0.58 kB
dist/assets/work-order-action-policy-f8pvVlLm.js                          1.34 kB │ gzip:   0.68 kB
dist/assets/real-qr-DWtdUMxB.js                                           1.48 kB │ gzip:   0.83 kB
dist/assets/filter-bar-Bev02-5D.js                                        1.49 kB │ gzip:   0.81 kB
dist/assets/material-identity-Cp9hxXAf.js                                 1.55 kB │ gzip:   0.85 kB
dist/assets/tmf-work-order-view-sTN38pos.js                               1.56 kB │ gzip:   0.75 kB
dist/assets/supplement-material-prep-demand-registry-DI-N3DvB.js          1.56 kB │ gzip:   0.75 kB
dist/assets/warehouse-shared-BVvadw5L.js                                  1.57 kB │ gzip:   0.51 kB
dist/assets/pda-cutting-wait-handover-actions-D2wCfnpe.js                 1.58 kB │ gzip:   0.62 kB
dist/assets/task-handover-domain-nUi69l9C.js                              1.58 kB │ gzip:   0.77 kB
dist/assets/work-order-detail-Eya2lWB7.js                                 1.66 kB │ gzip:   0.77 kB
dist/assets/task-chain-pages-adapter-jWIWD_6q.js                          1.72 kB │ gzip:   0.84 kB
dist/assets/production-contract-print-B-kxN8dM.js                         1.73 kB │ gzip:   1.04 kB
dist/assets/real-barcode-Dgxx8GJt.js                                      1.81 kB │ gzip:   0.96 kB
dist/assets/wool-pda-scan-gXUVlPRc.js                                     1.81 kB │ gzip:   1.00 kB
dist/assets/tmf-upstream-receiving-Cm9yvWdn.js                            1.84 kB │ gzip:   1.14 kB
dist/assets/list-export-Bg_OnS0J.js                                       1.86 kB │ gzip:   1.09 kB
dist/assets/toast-DwUjlX6P.js                                             1.87 kB │ gzip:   0.90 kB
dist/assets/kol-goto-fixed-total-ledger-enXWx3TP.js                       1.93 kB │ gzip:   0.92 kB
dist/assets/printing-sheet-preview-U_xQoAn_.js                            1.94 kB │ gzip:   1.02 kB
dist/assets/table-DuHr46xs.js                                             2.04 kB │ gzip:   1.03 kB
dist/assets/pda-cutting-simple-cut-piece-handover-CzLR9QuJ.js             2.14 kB │ gzip:   1.11 kB
dist/assets/binding-process-pda-scan-BFeB4Qf6.js                          2.18 kB │ gzip:   1.13 kB
dist/assets/special-craft-pda-scope-C8AAKa31.js                           2.22 kB │ gzip:   1.02 kB
dist/assets/helpers-BFKa6pUf.js                                           2.42 kB │ gzip:   1.21 kB
dist/assets/pms-excel-import-DnMCWv6B.js                                  2.66 kB │ gzip:   1.32 kB
dist/assets/shared-CgdVFI12.js                                            2.70 kB │ gzip:   1.02 kB
dist/assets/process-order-list-presentation-NgCbXDYT.js                   2.71 kB │ gzip:   1.27 kB
dist/assets/marker-plan-projection--9Kj3H6w.js                            2.77 kB │ gzip:   1.18 kB
dist/assets/post-finishing-spu-technical-parameters-DiVL-0nR.js           2.79 kB │ gzip:   1.28 kB
dist/assets/authorization-code--AWvfqOD.js                                2.87 kB │ gzip:   1.40 kB
dist/assets/process-order-task-relations-fn0j__J0.js                      2.97 kB │ gzip:   1.29 kB
dist/assets/production-order-identity-0jMnbefL.js                         3.00 kB │ gzip:   1.24 kB
dist/assets/confirmation-print-Rqahphn2.js                                3.00 kB │ gzip:   1.29 kB
dist/assets/product-skus-CEt6Fukj.js                                      3.03 kB │ gzip:   0.96 kB
dist/assets/progress-board-UY9ndQqS.js                                    3.05 kB │ gzip:   1.45 kB
dist/assets/tabs-BI_L_fra.js                                              3.09 kB │ gzip:   0.93 kB
dist/assets/tmf-upstream-process-orders-NiFlty-C.js                       3.14 kB │ gzip:   1.51 kB
dist/assets/pda-cutting-runtime-action-inputs-BcsZWGzC.js                 3.15 kB │ gzip:   1.09 kB
dist/assets/trade-subjects-B1U82DIE.js                                    3.16 kB │ gzip:   1.12 kB
dist/assets/task-route-card-CGnHDCY1.js                                   3.27 kB │ gzip:   1.43 kB
dist/assets/wls-page-handlers-D5qnmb4f.js                                 3.31 kB │ gzip:   1.07 kB
dist/assets/task-delivery-card-Drom1MCB.js                                3.33 kB │ gzip:   1.51 kB
dist/assets/cutting-mainline-_VCtnr08.js                                  3.41 kB │ gzip:   1.53 kB
dist/assets/transfer-bags-projection-CLtRk8nA.js                          3.52 kB │ gzip:   1.48 kB
dist/assets/binding-process-warehouse-linkage-service-DJXdVtJU.js         3.63 kB │ gzip:   1.39 kB
dist/assets/fcs-route-links-BrHBsWPd.js                                   3.67 kB │ gzip:   1.20 kB
dist/assets/quality-chain-adapter-CY-kC0kA.js                             3.68 kB │ gzip:   1.66 kB
dist/assets/shared-CmFC1vnP.js                                            3.73 kB │ gzip:   1.69 kB
dist/assets/engineering-file-upload-By6WTlZR.js                           3.77 kB │ gzip:   1.71 kB
dist/assets/shared-Dz4_KT7b.js                                            3.92 kB │ gzip:   1.64 kB
dist/assets/transfer-bag-repack-mock-C_1OG86c.js                          3.95 kB │ gzip:   1.81 kB
dist/assets/sewing-outsourcing-demo-ClbnCV8i.js                           3.95 kB │ gzip:   1.58 kB
dist/assets/dashboards-DqFUxIcg.js                                        4.07 kB │ gzip:   2.00 kB
dist/assets/transit-simple-lists-Ckm_zs8-.js                              4.10 kB │ gzip:   1.44 kB
dist/assets/pda-wool-warehouse-flows-D3w-jwol.js                          4.37 kB │ gzip:   2.33 kB
dist/assets/form-BrRXbEA8.js                                              4.37 kB │ gzip:   1.38 kB
dist/assets/sewing-outsourcing-responsibility-cNQFHCSG.js                 4.42 kB │ gzip:   1.96 kB
dist/assets/supplement-order-registry-CHnc7juB.js                         4.49 kB │ gzip:   1.76 kB
dist/assets/preparation-material-receipt-sources-C60iAVfK.js              4.68 kB │ gzip:   1.95 kB
dist/assets/routes-pda-D-o4taP2.js                                        4.74 kB │ gzip:   1.79 kB
dist/assets/layout.helpers-DAAOo-dH.js                                    4.76 kB │ gzip:   1.73 kB
dist/assets/runtime-task-tenders-YGz6fHpq.js                              4.76 kB │ gzip:   1.94 kB
dist/assets/relations-sficfure.js                                         4.77 kB │ gzip:   2.17 kB
dist/assets/process-order-list-controller-Ixdly2ds.js                     4.81 kB │ gzip:   1.86 kB
dist/assets/transit-dashboard-Bg3-Dxtw.js                                 4.81 kB │ gzip:   2.02 kB
dist/assets/result-list-DacEOK_u.js                                       4.94 kB │ gzip:   2.06 kB
dist/assets/store-domain-dispatch-process-CN_SmvjB.js                     5.01 kB │ gzip:   1.95 kB
dist/assets/process-work-order-quality-settlement-xyaealai.js             5.33 kB │ gzip:   2.20 kB
dist/assets/dispatch-task-sheet-BVa16xyc.js                               5.56 kB │ gzip:   2.65 kB
dist/assets/routes-pcs-BohyOhwm.js                                        5.62 kB │ gzip:   1.61 kB
dist/assets/process-order-three-axis-view-CC3Gn8Z4.js                     5.72 kB │ gzip:   2.30 kB
dist/assets/production-contract-center-fijb7MsO.js                        5.77 kB │ gzip:   2.47 kB
dist/assets/pda-cutting-nav-context-DpSOYcHM.js                           5.95 kB │ gzip:   1.40 kB
dist/assets/fcs-pda-pickup-dispute-CWroRzmv.js                            6.19 kB │ gzip:   2.18 kB
dist/assets/material-handover-DBVqkbQ2.js                                 6.21 kB │ gzip:   2.42 kB
dist/assets/pcs-project-technical-data-writeback-_EEYzlAe.js              6.25 kB │ gzip:   2.40 kB
dist/assets/warehouse-standard-Bpk9vvtz.js                                6.27 kB │ gzip:   2.08 kB
dist/assets/fact-view-CdBY75B2.js                                         6.29 kB │ gzip:   2.07 kB
dist/assets/statistics-Bkkr7HYD.js                                        6.31 kB │ gzip:   1.90 kB
dist/assets/craft-actions-DmIA_ptW.js                                     6.38 kB │ gzip:   2.89 kB
dist/assets/pda-notify-yKY_IR9a.js                                        6.49 kB │ gzip:   2.38 kB
dist/assets/pda-transfer-bag-detail-CKMaX6C7.js                           6.50 kB │ gzip:   2.34 kB
dist/assets/shared-DtsTzrX3.js                                            6.53 kB │ gzip:   2.32 kB
dist/assets/workbench-Ct6sMeyB.js                                         6.55 kB │ gzip:   2.65 kB
dist/assets/factory-receiving-links-CFDRPg7s.js                           6.57 kB │ gzip:   2.63 kB
dist/assets/sewing-outsourcing-supplement-tracking-BojOWvRO.js            6.63 kB │ gzip:   2.89 kB
dist/assets/shared-jc955AAu.js                                            6.78 kB │ gzip:   2.50 kB
dist/assets/production-contract-master-template-Cvx8jJVd.js               6.85 kB │ gzip:   2.74 kB
dist/assets/dye-work-order-times-CxLziefL.js                              7.12 kB │ gzip:   2.52 kB
dist/assets/pda-cutting-execution-unit-CWF-i621.js                        7.16 kB │ gzip:   2.70 kB
dist/assets/overview.helpers-BP2F5Yu8.js                                  7.36 kB │ gzip:   2.88 kB
dist/assets/pda-notify-detail-BgJjVoG_.js                                 7.38 kB │ gzip:   2.34 kB
dist/assets/pda-cutting-fei-ticket-numbering-D_TmJL1B.js                  7.40 kB │ gzip:   2.46 kB
dist/assets/settlement-flow-boundaries-DbkSNas3.js                        7.43 kB │ gzip:   2.53 kB
dist/assets/pda-warehouse-DlvxsPo-.js                                     7.48 kB │ gzip:   2.98 kB
dist/assets/production-craft-dict-BPz47CkY.js                             7.51 kB │ gzip:   2.82 kB
dist/assets/transit-warehouse-CGN4xIMS.js                                 7.54 kB │ gzip:   2.13 kB
dist/assets/sewing-outsourcing-return-tracking-CMkBGPkd.js                7.58 kB │ gzip:   2.84 kB
dist/assets/workbench-CjWoSekv.js                                         7.61 kB │ gzip:   3.12 kB
dist/assets/pda-cutting-transfer-bag-recovery-BxES9dDi.js                 7.70 kB │ gzip:   3.23 kB
dist/assets/pcs-material-archive-detail-Cr-BIucH.js                       7.71 kB │ gzip:   2.70 kB
dist/assets/supplement-node-facts-fc8JHztr.js                             7.77 kB │ gzip:   2.85 kB
dist/assets/production-contracts-Cgz6GheD.js                              8.06 kB │ gzip:   2.74 kB
dist/assets/pda-cutting-transfer-bag-scrap-BRUfK4TJ.js                    8.08 kB │ gzip:   3.35 kB
dist/assets/progress-exception-lifecycle-BJx0gSBY.js                      8.09 kB │ gzip:   2.70 kB
dist/assets/routes-pms-C5bVWBp-.js                                        8.16 kB │ gzip:   2.09 kB
dist/assets/statistics-Drw-X2sp.js                                        8.38 kB │ gzip:   3.63 kB
dist/assets/milestone-configs-CpXQnKUc.js                                 8.42 kB │ gzip:   2.95 kB
dist/assets/bom-templates-Br7_yp-y.js                                     8.47 kB │ gzip:   1.81 kB
dist/assets/pre-settlement-ledger-repository-991ErTyq.js                  8.64 kB │ gzip:   2.95 kB
dist/assets/pcs-pattern-library-config-C58ny-il.js                        8.73 kB │ gzip:   2.37 kB
dist/assets/bom-templates-Bc2mtCDv.js                                     8.80 kB │ gzip:   3.66 kB
dist/assets/fei-ticket-numbering-Dud_gjU4.js                              8.81 kB │ gzip:   3.08 kB
dist/assets/warehouses-zI9ocKIC.js                                        8.83 kB │ gzip:   2.08 kB
dist/assets/pda-cutting-shared-C1PLxvkp.js                                8.83 kB │ gzip:   2.71 kB
dist/assets/navigation-context-DPMAQPpj.js                                8.87 kB │ gzip:   2.46 kB
dist/assets/yarn-shipments-Bu6o0mR_.js                                    8.92 kB │ gzip:   4.04 kB
dist/assets/list-pmAsePzH.js                                              9.04 kB │ gzip:   3.01 kB
dist/assets/pda-login-b-fL9brG.js                                         9.18 kB │ gzip:   3.54 kB
dist/assets/dye-work-order-online-domain-FAfyUc5C.js                      9.53 kB │ gzip:   3.55 kB
dist/assets/production-receipts-moXtc9bV.js                               9.53 kB │ gzip:   3.84 kB
dist/assets/sewing-pickup-slips-XsfLi-WS.js                               9.56 kB │ gzip:   3.59 kB
dist/assets/production-return-fulfillment-Ddpj7MFK.js                    10.02 kB │ gzip:   3.82 kB
dist/assets/purchase-suggestions-Duv_PHLl.js                             10.15 kB │ gzip:   3.10 kB
dist/assets/trade-subjects-uyb9ZMuZ.js                                   10.19 kB │ gzip:   3.70 kB
dist/assets/pms-handlers-3_54_il3.js                                     10.63 kB │ gzip:   2.37 kB
dist/assets/settings-CY5JSJxl.js                                         10.65 kB │ gzip:   3.21 kB
dist/assets/product-skus-CNHHvytm.js                                     10.67 kB │ gzip:   4.11 kB
dist/assets/transit-receipts-DVWA8LsF.js                                 10.92 kB │ gzip:   3.99 kB
dist/assets/task-breakdown-B3O6sA_X.js                                   11.01 kB │ gzip:   4.05 kB
dist/assets/presentation-CIJyyeiq.js                                     11.02 kB │ gzip:   4.53 kB
dist/assets/tasks-Bl2GYt6w.js                                            11.26 kB │ gzip:   4.32 kB
dist/assets/material-transfers-mzpCySfu.js                               11.28 kB │ gzip:   3.91 kB
dist/assets/pda-exec-link-NjOoswYh.js                                    11.32 kB │ gzip:   3.69 kB
dist/assets/material-prep-DVJHLHz1.js                                    11.40 kB │ gzip:   2.68 kB
dist/assets/dyeing-warehouse-view-SLvECqm0.js                            11.46 kB │ gzip:   3.93 kB
dist/assets/warehouses-Cdq-FohM.js                                       11.67 kB │ gzip:   4.20 kB
dist/assets/process-statistics-domain-BXC1xi0w.js                        12.19 kB │ gzip:   3.97 kB
dist/assets/pickup-management-runtime-CuQoSReS.js                        12.20 kB │ gzip:   4.71 kB
dist/assets/task-execution-adapter-D0OtXeDB.js                           12.22 kB │ gzip:   3.67 kB
dist/assets/wls-inbound-COJiRYqq.js                                      12.33 kB │ gzip:   4.73 kB
dist/assets/bom-detail-3nOJTYXQ.js                                       12.33 kB │ gzip:   4.32 kB
dist/assets/returns-DzFcnvk1.js                                          12.40 kB │ gzip:   4.57 kB
dist/assets/handover-print-CT6DcYwA.js                                   12.42 kB │ gzip:   4.48 kB
dist/assets/cut-piece-return-warehouse-D8G1GWgr.js                       12.43 kB │ gzip:   4.36 kB
dist/assets/meta-maKxDuKW.js                                             12.80 kB │ gzip:   2.87 kB
dist/assets/context-YKDitf0s.js                                          12.97 kB │ gzip:   4.57 kB
dist/assets/responsibility-transfers-C1RLq7MZ.js                         13.03 kB │ gzip:   4.87 kB
dist/assets/handover-records-Zi_NGu2O.js                                 13.11 kB │ gzip:   4.12 kB
dist/assets/supplements-CLxDCLFY.js                                      13.14 kB │ gzip:   4.73 kB
dist/assets/wls-finished-inbound-BlD8W71H.js                             13.17 kB │ gzip:   4.99 kB
dist/assets/pda-start-link-CixCXUGd.js                                   13.37 kB │ gzip:   4.73 kB
dist/assets/work-orders-j3nkqSgx.js                                      13.45 kB │ gzip:   5.24 kB
dist/assets/work-orders-BKO6fZzv.js                                      13.84 kB │ gzip:   4.66 kB
dist/assets/mobile-execution-task-index-DbQojUk0.js                      13.96 kB │ gzip:   3.70 kB
dist/assets/workbench-D-fc9tez.js                                        14.03 kB │ gzip:   4.05 kB
dist/assets/work-order-detail-Bk9xCR78.js                                14.13 kB │ gzip:   4.47 kB
dist/assets/routes-wls-DHVMVQLL.js                                       14.25 kB │ gzip:   3.76 kB
dist/assets/post-finishing-qc-print-template-Dog7QScj.js                 14.45 kB │ gzip:   4.45 kB
dist/assets/work-orders-C0YJ19tJ.js                                      14.68 kB │ gzip:   4.75 kB
dist/assets/reports-7UAL5s8r.js                                          14.75 kB │ gzip:   3.54 kB
dist/assets/full-flow-print-BP9tRpA9.js                                  14.89 kB │ gzip:   4.83 kB
dist/assets/progress-handover-order-DnzY4otD.js                          15.07 kB │ gzip:   4.30 kB
dist/assets/pcs-engineering-tech-pack-workspace-BeqcxAAD.js              15.18 kB │ gzip:   5.42 kB
dist/assets/cut-order-release-integration-BS5PUx7n.js                    15.22 kB │ gzip:   5.38 kB
dist/assets/machines-DVL74Eav.js                                         15.31 kB │ gzip:   5.01 kB
dist/assets/outbound-orders-CT46LPp6.js                                  15.34 kB │ gzip:   4.92 kB
dist/assets/pda-cutting-task-detail-CSh6Rh54.js                          15.50 kB │ gzip:   5.38 kB
dist/assets/simple-cut-piece-handover-fixtures-UKgmZh07.js               15.90 kB │ gzip:   5.27 kB
dist/assets/process-web-status-actions-Yj2boF-e.js                       15.97 kB │ gzip:   4.24 kB
dist/assets/cut-order-supplement-fixture-DIGUb5Qv.js                     15.97 kB │ gzip:   4.83 kB
dist/assets/progress-cutting-detail-C1SVNCWt.js                          15.99 kB │ gzip:   3.76 kB
dist/assets/pda-sewing-self-return-vI9zFNIV.js                           15.99 kB │ gzip:   5.27 kB
dist/assets/garment-spu-replacement-CmPIcVoH.js                          16.01 kB │ gzip:   4.85 kB
dist/assets/output-stock-k2JPdTYZ.js                                     16.11 kB │ gzip:   6.19 kB
dist/assets/wls-garment-relabel-tasks-BLdqbPZf.js                        16.16 kB │ gzip:   5.30 kB
dist/assets/handover-ledger-view-Dz2ewhEu.js                             16.17 kB │ gzip:   4.44 kB
dist/assets/pda-notify-due-soon-CK_TNPzj.js                              16.49 kB │ gzip:   5.52 kB
dist/assets/material-requirements-B4XdfyBG.js                            16.67 kB │ gzip:   5.64 kB
dist/assets/suppliers-CF8Vrskm.js                                        16.77 kB │ gzip:   4.64 kB
dist/assets/events-dolb1qqt.js                                           16.93 kB │ gzip:   6.63 kB
dist/assets/sewing-cut-piece-return-workflow-B-GR-4k2.js                 17.18 kB │ gzip:   6.07 kB
dist/assets/warehouse-CwWWG34_.js                                        17.25 kB │ gzip:   5.36 kB
dist/assets/production-confirmation-BFEmhD9h.js                          17.25 kB │ gzip:   5.89 kB
dist/assets/marker-spreading-projection-D7-2vcDw.js                      17.48 kB │ gzip:   5.53 kB
dist/assets/sewing-cut-piece-responsibility-Bp7uwNNK.js                  17.53 kB │ gzip:   5.25 kB
dist/assets/process-mobile-task-binding-BvrJ3tz3.js                      17.56 kB │ gzip:   6.14 kB
dist/assets/bom-detail-B9jhsGaK.js                                       17.72 kB │ gzip:   5.71 kB
dist/assets/pda-handlers-DgUwLhLR.js                                     17.73 kB │ gzip:   4.69 kB
dist/assets/material-purchase-orders-BNdsFANo.js                         17.77 kB │ gzip:   5.36 kB
dist/assets/adjustments-C4kYInes.js                                      18.11 kB │ gzip:   5.47 kB
dist/assets/pda-warehouse-inbound-records-Cxls1jO_.js                    18.15 kB │ gzip:   5.10 kB
dist/assets/purchase-demands-DfOW5K2U.js                                 18.25 kB │ gzip:   5.84 kB
dist/assets/platform-process-result-view-B7EnO6xx.js                     18.53 kB │ gzip:   5.32 kB
dist/assets/store-domain-statement-source-adapter-jANqYFSS.js            18.56 kB │ gzip:   5.31 kB
dist/assets/sewing-outsourcing-workbench-ik8puDKV.js                     18.65 kB │ gzip:   6.46 kB
dist/assets/pda-warehouse-outbound-records-BI_3cPvS.js                   18.66 kB │ gzip:   5.32 kB
dist/assets/task-orders-C197xvYY.js                                      18.69 kB │ gzip:   6.31 kB
dist/assets/pda-warehouse-shared-C9Ym_GDm.js                             18.74 kB │ gzip:   5.59 kB
dist/assets/process-water-soluble-orders-Ez_-uaTY.js                     18.80 kB │ gzip:   5.72 kB
dist/assets/production-demand-early-process-work-orders-BRvDUAN0.js      18.82 kB │ gzip:   5.60 kB
dist/assets/product-purchase-orders-BzO6T1aS.js                          18.90 kB │ gzip:   5.54 kB
dist/assets/materials-BA_owAdW.js                                        18.93 kB │ gzip:   4.79 kB
dist/assets/kol-goto-pda-domain-Dzh8QObG.js                              19.16 kB │ gzip:   6.51 kB
dist/assets/platform.adapter-DbxtlJ9g.js                                 19.25 kB │ gzip:   6.09 kB
dist/assets/shared-TpNZWJbY.js                                           19.48 kB │ gzip:   5.27 kB
dist/assets/audit-records-BCHc3Xai.js                                    19.65 kB │ gzip:   6.34 kB
dist/assets/stage-display-D0FoYjXa.js                                    19.66 kB │ gzip:   6.94 kB
dist/assets/units-pMhd_Jz5.js                                            19.66 kB │ gzip:   5.86 kB
dist/assets/factory-sample-verification-flow-DHD1_B82.js                 19.86 kB │ gzip:   4.87 kB
dist/assets/index-BTLwbf0L.js                                            20.17 kB │ gzip:   5.20 kB
dist/assets/material-purchase-tracking-JqK5TLaE.js                       20.18 kB │ gzip:   6.30 kB
dist/assets/pcs-engineering-master-list-BFPXdPCb.js                      20.34 kB │ gzip:   6.91 kB
dist/assets/deduction-analysis-BwHONJWd.js                               20.56 kB │ gzip:   5.82 kB
dist/assets/fei-ticket-numbering-DujWR5-Z.js                             20.61 kB │ gzip:   5.67 kB
dist/assets/order-list-columns-DTxV1xP9.js                               20.62 kB │ gzip:   6.45 kB
dist/assets/overview.adapter-qX-x-Y58.js                                 20.65 kB │ gzip:   6.53 kB
dist/assets/events-DdMlPsWf.js                                           21.11 kB │ gzip:   6.52 kB
dist/assets/work-order-detail-B2yu4wse.js                                21.13 kB │ gzip:   6.65 kB
dist/assets/pcs-engineering-master-view-model-Br0IbWzi.js                21.18 kB │ gzip:   7.03 kB
dist/assets/suppliers-Dcyz-tge.js                                        21.35 kB │ gzip:   6.79 kB
dist/assets/cut-piece-returns-DGa00kL3.js                                21.55 kB │ gzip:   6.47 kB
dist/assets/cut-piece-handover-DlYl1RGT.js                               21.75 kB │ gzip:   6.93 kB
dist/assets/tasks-f-ok15cc.js                                            22.00 kB │ gzip:   6.96 kB
dist/assets/progress-cutting-overview-DxRbi0MO.js                        22.02 kB │ gzip:   4.99 kB
dist/assets/material-issue-D9dhD3Cw.js                                   22.02 kB │ gzip:   5.17 kB
dist/assets/pms-purchase-orders-DMAUs23D.js                              22.04 kB │ gzip:   6.44 kB
dist/assets/pcs-project-detail-support-CNDhvxLq.js                       22.10 kB │ gzip:   6.80 kB
dist/assets/qc-workbench-8-QrnvKL.js                                     22.32 kB │ gzip:   6.88 kB
dist/assets/dye-work-order-online-view-BV-WlV9K.js                       22.47 kB │ gzip:   7.73 kB
dist/assets/recheck-orders-LrzKmxBS.js                                   22.50 kB │ gzip:   7.05 kB
dist/assets/production-order-duration-DTHm4W1d.js                        22.50 kB │ gzip:   8.55 kB
dist/assets/warehouse-location-map-model-CyJP_D9r.js                     22.52 kB │ gzip:   7.15 kB
dist/assets/subject-operations-afkHwgyG.js                               22.54 kB │ gzip:   6.98 kB
dist/assets/material-statements-BlwVUPOx.js                              22.71 kB │ gzip:   5.99 kB
dist/assets/progress-statistics-linkage-DcizZ0KV.js                      22.82 kB │ gzip:   6.52 kB
dist/assets/simple-cut-piece-handover-ui-BnJ8W7OO.js                     23.04 kB │ gzip:   8.89 kB
dist/assets/purchase-suggestions-C_xRtcuD.js                             23.18 kB │ gzip:   7.23 kB
dist/assets/material-preparation-nMV7dZ65.js                             23.48 kB │ gzip:   8.24 kB
dist/assets/process-order-task-links-f4VF6Iyw.js                         23.57 kB │ gzip:   6.43 kB
dist/assets/process-print-orders-rYP3d2O8.js                             23.59 kB │ gzip:   7.73 kB
dist/assets/pcs-handlers-C2gJL0Ag.js                                     23.59 kB │ gzip:   6.10 kB
dist/assets/qc-orders-066e0ojO.js                                        23.61 kB │ gzip:   7.31 kB
dist/assets/process-dye-orders-Bw0qHGRl.js                               23.77 kB │ gzip:   7.80 kB
dist/assets/machine-associations-Cf0axdqG.js                             24.42 kB │ gzip:   7.25 kB
dist/assets/fcs-production-tech-pack-snapshot-BYO2bw1c.js                24.58 kB │ gzip:   6.16 kB
dist/assets/retired-process-history-D_QnNnj7.js                          24.75 kB │ gzip:   6.40 kB
dist/assets/dialogs-oOmq3ipq.js                                          24.87 kB │ gzip:   6.15 kB
dist/assets/wls-fabric-demand-board-wHp8F9Fo.js                          25.05 kB │ gzip:   6.84 kB
dist/assets/kol-demands-DYy0ELqT.js                                      25.26 kB │ gzip:   7.33 kB
dist/assets/supplier-supply-archives-CIhd1mB6.js                         25.55 kB │ gzip:   7.41 kB
dist/assets/pda-warehouse-wait-handover-DtYgymkf.js                      25.61 kB │ gzip:   6.37 kB
dist/assets/sample-approval-suggestions-BMmAYn6g.js                      25.93 kB │ gzip:   7.97 kB
dist/assets/base-orders-oGYkQDRq.js                                      26.41 kB │ gzip:   9.29 kB
dist/assets/progress-milestone-config-uZ5vAsn9.js                        26.43 kB │ gzip:   5.64 kB
dist/assets/sample-warehouse-CPzX9yfD.js                                 26.63 kB │ gzip:   6.61 kB
dist/assets/marker-spreading-utils-C05-xtP5.js                           26.72 kB │ gzip:   7.83 kB
dist/assets/third-party-factory-rating-E7sJamEo.js                       27.03 kB │ gzip:   7.57 kB
dist/assets/warehouse-location-map-CeZOZwp0.js                           27.07 kB │ gzip:   7.08 kB
dist/assets/pcs-channel-products-FfC0-oFP.js                             27.09 kB │ gzip:   7.17 kB
dist/assets/pcs-pattern-library-detail-Bd8raByw.js                       27.58 kB │ gzip:   6.56 kB
dist/assets/pda-wool-fact-execution-CL-UFMkK.js                          27.84 kB │ gzip:   9.27 kB
dist/assets/warehouse-DLCkta2S.js                                        28.08 kB │ gzip:   9.32 kB
dist/assets/material-purchase-orders-D8YHztue.js                         28.14 kB │ gzip:   8.25 kB
dist/assets/production-order-progress-tracking-BTt8rmu3.js               28.21 kB │ gzip:   9.21 kB
dist/assets/factory-status-CfqmQP93.js                                   28.39 kB │ gzip:   6.00 kB
dist/assets/pcs-engineering-master-detail-jqeCQvK8.js                    28.47 kB │ gzip:   8.35 kB
dist/assets/marker-plan-source-model-DzC9yb9y.js                         28.86 kB │ gzip:   8.45 kB
dist/assets/logistics-reconciliations-BAB38s8B.js                        28.87 kB │ gzip:   8.87 kB
dist/assets/progress-cutting-exception-center-C3nTODVs.js                29.09 kB │ gzip:   6.45 kB
dist/assets/material-reconciliations-BAK682GU.js                         29.32 kB │ gzip:   8.86 kB
dist/assets/handover-orders-MWOyu9Fb.js                                  30.04 kB │ gzip:   8.26 kB
dist/assets/early-process-management-BMuSOuAV.js                         30.06 kB │ gzip:   7.55 kB
dist/assets/pcs-config-workspace-CDoUFtVL.js                             30.75 kB │ gzip:   6.78 kB
dist/assets/work-order-detail-Diu0PtdW.js                                31.39 kB │ gzip:  10.20 kB
dist/assets/capability-Cty_3hYu.js                                       31.61 kB │ gzip:   6.67 kB
dist/assets/material-archives-D0KRR8Hi.js                                31.87 kB │ gzip:   7.90 kB
dist/assets/garment-spu-replacements-DARXcDbr.js                         32.27 kB │ gzip:   9.07 kB
dist/assets/factory-performance-Bp24oZUm.js                              32.27 kB │ gzip:   6.72 kB
dist/assets/task-detail-ReZ8hxE6.js                                      32.45 kB │ gzip:   9.60 kB
dist/assets/dialogs-C2cgpG8W.js                                          32.55 kB │ gzip:   9.78 kB
dist/assets/pda-shell-DQ4SuCVe.js                                        32.92 kB │ gzip:   8.68 kB
dist/assets/process-warehouse-domain-BD3oRGVY.js                         32.98 kB │ gzip:   7.51 kB
dist/assets/cut-piece-return-domain-DuMphezk.js                          33.09 kB │ gzip:   9.74 kB
dist/assets/pda-cutting-inbound-BO5EjHD5.js                              33.44 kB │ gzip:  10.01 kB
dist/assets/store-domain-settlement-seeds-DmfgVRiS.js                    33.63 kB │ gzip:   8.98 kB
dist/assets/pcs-pattern-library-CJ5yFf6G.js                              33.64 kB │ gzip:   7.63 kB
dist/assets/warehouse-runtime-Dig5QKgW.js                                33.70 kB │ gzip:   8.62 kB
dist/assets/payment-requests-DJTZZx6d.js                                 33.93 kB │ gzip:   8.90 kB
dist/assets/stage-orders-DnUmpacJ.js                                     34.10 kB │ gzip:  10.44 kB
dist/assets/first-leg-logistics-DMlOnI79.js                              34.45 kB │ gzip:   9.00 kB
dist/assets/pda-warehouse-stocktake-DJmsNlDL.js                          34.46 kB │ gzip:   8.63 kB
dist/assets/stage-order-detail-k2I1lPEJ.js                               34.49 kB │ gzip:   9.99 kB
dist/assets/work-orders-Biu5qQEu.js                                      34.50 kB │ gzip:  11.54 kB
dist/assets/work-order-detail-BIl4pUFt.js                                34.57 kB │ gzip:   9.39 kB
dist/assets/pda-post-finishing-flow-XihgS0dX.js                          34.79 kB │ gzip:   9.27 kB
dist/assets/dispatch-acceptance-sla-Dquml3n6.js                          34.91 kB │ gzip:   7.87 kB
dist/assets/pda-task-receive-detail-DV_fdWM5.js                          35.23 kB │ gzip:   8.42 kB
dist/assets/pending-receipts-IWGEhK4W.js                                 35.27 kB │ gzip:  10.60 kB
dist/assets/water-soluble-orders-kE0C8Mmn.js                             35.86 kB │ gzip:  10.76 kB
dist/assets/pda-cutting-transfer-bag-repack-C1hKh0-E.js                  35.91 kB │ gzip:  10.09 kB
dist/assets/work-order-detail-CClQhP3L.js                                36.09 kB │ gzip:   9.65 kB
dist/assets/pcs-technical-data-D7mcLT7d.js                               36.78 kB │ gzip:   9.80 kB
dist/assets/pcs-pattern-library-create-Bnpwh8se.js                       36.89 kB │ gzip:   8.61 kB
dist/assets/special-processes-Cgv-VpU4.js                                37.19 kB │ gzip:   9.50 kB
dist/assets/first-leg-carriers-CHnNnQxt.js                               37.37 kB │ gzip:   9.88 kB
dist/assets/third-party-factory-comprehensive-assessment-BqWF5dHt.js     37.40 kB │ gzip:  11.03 kB
dist/assets/pda-quality-MwWq1orh.js                                      37.40 kB │ gzip:   9.76 kB
dist/assets/product-purchase-orders-oKTax_7E.js                          37.53 kB │ gzip:   9.18 kB
dist/assets/cutting-statistics-ab-material-CnjOMv8X.js                   38.09 kB │ gzip:   8.61 kB
dist/assets/payment-requests-BcTlWPeb.js                                 38.16 kB │ gzip:   9.94 kB
dist/assets/warehouse-BfOah4Ov.js                                        38.49 kB │ gzip:  10.90 kB
dist/assets/pda-cutting-handover-DUelTOwJ.js                             38.97 kB │ gzip:  11.05 kB
dist/assets/fcs-handlers-N9DX44v5.js                                     39.00 kB │ gzip:  11.68 kB
dist/assets/first-leg-shipments-Cx94jGts.js                              39.84 kB │ gzip:   9.85 kB
dist/assets/wait-handover-runtime-Dx4c-Qrh.js                            41.22 kB │ gzip:  11.19 kB
dist/assets/print-styles-Nh-Xh1OW.js                                     41.87 kB │ gzip:   8.58 kB
dist/assets/pending-receipts-egje5HuJ.js                                 43.69 kB │ gzip:  15.55 kB
dist/assets/pcs-material-archives-CUDnokOi.js                            43.89 kB │ gzip:   9.61 kB
dist/assets/cutting-summary-C21N9xlP.js                                  44.04 kB │ gzip:  11.50 kB
dist/assets/warehouse-DIA_iVfG.js                                        44.12 kB │ gzip:  11.17 kB
dist/assets/handover-orders-B5amU-qL.js                                  44.18 kB │ gzip:   8.79 kB
dist/assets/demand-domain-TBT860Jj.js                                    44.55 kB │ gzip:   9.87 kB
dist/assets/warehouse-xVmTv0Te.js                                        46.18 kB │ gzip:  10.75 kB
dist/assets/batches-DGonizzM.js                                          46.41 kB │ gzip:   9.84 kB
dist/assets/wls-accessory-receipts-CpycWUHM.js                           46.93 kB │ gzip:  12.42 kB
dist/assets/dispatch-tenders-iB_Bg3_w.js                                 47.24 kB │ gzip:  12.25 kB
dist/assets/dyeing-BCjgxlom.js                                           47.45 kB │ gzip:  10.17 kB
dist/assets/printing-HB5wriRy.js                                         47.45 kB │ gzip:  10.18 kB
dist/assets/other-DthY8hiu.js                                            47.46 kB │ gzip:  10.19 kB
dist/assets/settlement-linked-mock-factory-CcYchu9O.js                   47.63 kB │ gzip:  14.44 kB
dist/assets/sewing-B1OIdrUm.js                                           48.48 kB │ gzip:  10.52 kB
dist/assets/progress-material-BY33i4IR.js                                48.72 kB │ gzip:   9.35 kB
dist/assets/material-inventory-DSleBOOu.js                               48.92 kB │ gzip:  12.54 kB
dist/assets/pda-task-receive-BmsiWVLP.js                                 49.14 kB │ gzip:  12.23 kB
dist/assets/supplier-confirmations-DTZ_h9jx.js                           49.86 kB │ gzip:  12.86 kB
dist/assets/pda-cutting-execution-source-C3WWNUX8.js                     49.90 kB │ gzip:  13.49 kB
dist/assets/pda-onboarding-BQmJ-3MG.js                                   50.52 kB │ gzip:  10.77 kB
dist/assets/marker-plan-model-DP3o046J.js                                51.50 kB │ gzip:  14.70 kB
dist/assets/pda-handover-BH2C_U7z.js                                     52.12 kB │ gzip:  13.86 kB
dist/assets/tmf-material-purchases-Bgtrhfic.js                           52.47 kB │ gzip:  14.29 kB
dist/assets/store-domain-progress-DDrvRxtb.js                            53.10 kB │ gzip:  11.77 kB
dist/assets/settlement-cutting-input-DT6D5ks1.js                         53.56 kB │ gzip:  11.03 kB
dist/assets/lace-factory-domain-B_p-Mfe5.js                              53.67 kB │ gzip:  13.39 kB
dist/assets/pcs-part-template-library-Bbfj7Ump.js                        53.77 kB │ gzip:  11.06 kB
dist/assets/progress-urge-0DMVemth.js                                    56.35 kB │ gzip:  11.40 kB
dist/assets/pda-cutting-spreading-DEdvehhj.js                            56.56 kB │ gzip:  13.07 kB
dist/assets/warehouse-location-map-DLgO0G4U.js                           56.80 kB │ gzip:  16.84 kB
dist/assets/marker-plan-occupancy-rDuZt3s1.js                            57.09 kB │ gzip:  16.02 kB
dist/assets/domain-snapshot-CEejqaQb.js                                  59.31 kB │ gzip:  15.87 kB
dist/assets/cut-piece-release-BjRO1VNr.js                                60.06 kB │ gzip:  15.81 kB
dist/assets/pda-settlement-B341I4Ya.js                                   60.08 kB │ gzip:  13.66 kB
dist/assets/routes-fcs-CotJtrIe.js                                       60.95 kB │ gzip:  12.73 kB
dist/assets/factory-profile-CcwLT6JQ.js                                  61.12 kB │ gzip:  14.02 kB
dist/assets/pickup-management-list-BJJicu1-.js                           61.39 kB │ gzip:  17.10 kB
dist/assets/pcs-live-testing-PphTGX8A.js                                 62.65 kB │ gzip:  15.76 kB
dist/assets/cutting-DrveDn9Y.js                                          62.79 kB │ gzip:  12.94 kB
dist/assets/progress-handover-B9HsT608.js                                63.79 kB │ gzip:  13.54 kB
dist/assets/production-object-overview-xlroKWsH.js                       64.69 kB │ gzip:  13.11 kB
dist/assets/pcs-video-testing-CbXeLbVW.js                                64.82 kB │ gzip:  16.19 kB
dist/assets/production-object-overview-D1AysIBl.js                       65.32 kB │ gzip:  15.33 kB
dist/assets/output-documents-CLAuZQWk.js                                 65.92 kB │ gzip:  22.55 kB
dist/assets/pda-exec-Dia6JwmZ.js                                         66.88 kB │ gzip:  15.29 kB
dist/assets/pcs-sample-management-B1o249qk.js                            67.47 kB │ gzip:  15.34 kB
dist/assets/core-H3ufHkUb.js                                             67.54 kB │ gzip:  12.56 kB
dist/assets/cutting-daily-production-report-DAojgUxO.js                  68.05 kB │ gzip:  19.04 kB
dist/assets/pcs-channel-stores-BXVhVR4H.js                               69.22 kB │ gzip:  14.30 kB
dist/assets/context-D2thDYgY.js                                          69.43 kB │ gzip:  21.32 kB
dist/assets/sewing-dispatch-CnZMFCMh.js                                  69.49 kB │ gzip:  18.07 kB
dist/assets/progress-exceptions-DPcpwpv9.js                              70.30 kB │ gzip:  13.27 kB
dist/assets/qc-records-DGsHz4dx.js                                       71.00 kB │ gzip:  15.94 kB
dist/assets/wait-handover-actions-CHc2ui06.js                            71.83 kB │ gzip:  18.16 kB
dist/assets/special-craft-fei-ticket-flow-RrxPty2h.js                    72.43 kB │ gzip:  16.43 kB
dist/assets/transfer-bags-Cuc6iww8.js                                    72.79 kB │ gzip:  18.41 kB
dist/assets/factory-onboarding-XJaqEF-x.js                               75.21 kB │ gzip:  12.66 kB
dist/assets/pda-handover-detail-C-z6OdHc.js                              75.36 kB │ gzip:  18.44 kB
dist/assets/settlement-Bg9J40Fd.js                                       75.54 kB │ gzip:  11.55 kB
dist/assets/dialogs-Dy5T-m56.js                                          75.66 kB │ gzip:  18.69 kB
dist/assets/orders-domain-6SdqDvjO.js                                    76.24 kB │ gzip:  16.86 kB
dist/assets/pcs-independent-sampling-DTKKcXwR.js                         76.90 kB │ gzip:  19.54 kB
dist/assets/runtime-projections-g5ouAJZf.js                              78.01 kB │ gzip:  18.43 kB
dist/assets/transfer-bag-operations-B8Ry-eA8.js                          78.06 kB │ gzip:  19.27 kB
dist/assets/process-action-writeback-service-DjiQVjs0.js                 78.08 kB │ gzip:  17.82 kB
dist/assets/production-progress-BGrror26.js                              80.58 kB │ gzip:  20.32 kB
dist/assets/pda-warehouse-wait-process-pI17BTUi.js                       87.24 kB │ gzip:  21.11 kB
dist/assets/events-mTlUb-vN.js                                           90.02 kB │ gzip:  22.18 kB
dist/assets/factory-onboarding-flow-DjpBVdqb.js                          90.59 kB │ gzip:  23.31 kB
dist/assets/dispatch-CS_YFZwI.js                                         91.34 kB │ gzip:  27.77 kB
dist/assets/cut-orders-CqnlE8We.js                                       94.66 kB │ gzip:  24.39 kB
dist/assets/special-craft-task-orders-6Y58iV2Q.js                        99.16 kB │ gzip:  26.80 kB
dist/assets/pcs-product-archives-Bcu24Pvf.js                            106.20 kB │ gzip:  21.44 kB
dist/assets/index-sdUZRg8y.js                                           109.43 kB │ gzip:  39.84 kB
dist/assets/app-shared-CooFOp8A.js                                      110.93 kB │ gzip:  27.57 kB
dist/assets/transfer-bag-return-model-BIkc8rtQ.js                       112.94 kB │ gzip:  26.62 kB
dist/assets/supplement-management-Da2LuZfS.js                           113.22 kB │ gzip:  29.91 kB
dist/assets/unified-dispatch-workbench-ByDYPuhL.js                      117.95 kB │ gzip:  33.07 kB
dist/assets/statements-_jQKAgEs.js                                      119.48 kB │ gzip:  24.43 kB
dist/assets/events-DKQBfuhO.js                                          121.20 kB │ gzip:  31.26 kB
dist/assets/pcs-engineering-tasks-CgrP9VoC.js                           121.82 kB │ gzip:  27.76 kB
dist/assets/context-BJ0NHpQp.js                                         132.99 kB │ gzip:  34.39 kB
dist/assets/production-Cz0eca2l.js                                      133.89 kB │ gzip:  27.38 kB
dist/assets/process-domain-rSwD4zGH.js                                  138.94 kB │ gzip:  25.96 kB
dist/assets/generated-fei-tickets-CqVXatxV.js                           143.00 kB │ gzip:  36.14 kB
dist/assets/preparation-timing-Bb7lEApP.js                              145.93 kB │ gzip:  34.38 kB
dist/assets/marker-plan-Bm4UqKTV.js                                     150.09 kB │ gzip:  35.39 kB
dist/assets/warehouse-hub-BgCs81u-.js                                   152.72 kB │ gzip:  37.96 kB
dist/assets/marker-spreading-QvIvO2bY.js                                154.06 kB │ gzip:  37.71 kB
dist/assets/return-inbound-JCT34E7W.js                                  183.42 kB │ gzip:  33.52 kB
dist/assets/fei-tickets-HEHcflz6.js                                     196.51 kB │ gzip:  43.85 kB
dist/assets/index--GzcKvNw.js                                           210.12 kB │ gzip:  66.49 kB
dist/assets/index-B4MEqIMo.js                                           222.43 kB │ gzip:  51.83 kB
dist/assets/pcs-projects-B-c6xq0X.js                                    232.17 kB │ gzip:  50.51 kB
dist/assets/pda-exec-detail-BiTfO1Kk.js                                 233.98 kB │ gzip:  54.27 kB
dist/assets/print-preview-54BYz7aK.js                                   257.70 kB │ gzip:  66.69 kB
dist/assets/production-timeliness-C6H4-Ij3.js                           459.91 kB │ gzip: 115.02 kB
dist/assets/pda-BJe6XNbp.js                                             511.79 kB │ gzip:  85.31 kB
dist/assets/production-source-shared-DRkwP-qp.js                      2,942.58 kB │ gzip: 733.30 kB

(!) Some chunks are larger than 550 kB after minification. Consider:
- Using dynamic import() to code-split the application
- Use build.rollupOptions.output.manualChunks to improve chunking: https://rollupjs.org/configuration-options/#output-manualchunks
- Adjust chunk size limit for this warning via build.chunkSizeWarningLimit.
✓ built in 8.69s
