
> higoods-vanilla-clone@1.0.0 build
> npm run typecheck:engineering && npm test && vite build


> higoods-vanilla-clone@1.0.0 typecheck:engineering
> npm run typecheck:entrypoints && npm run typecheck:scopes


> higoods-vanilla-clone@1.0.0 typecheck:entrypoints
> tsc --project tsconfig.engineering.json


> higoods-vanilla-clone@1.0.0 typecheck:scopes
> node scripts/check-typescript-scope.mjs src/domain/ src/components/ui/ src/state/

TypeScript 全量既有错误：64
本次渐进检查范围：src/domain/、src/components/ui/、src/state/
范围内错误：0
范围外既有错误保留在全量 typecheck 中继续分批治理。

> higoods-vanilla-clone@1.0.0 test
> npm run test:unit


> higoods-vanilla-clone@1.0.0 test:unit
> node --import tsx --test tests/unit/*.test.ts

✔ 浏览器存储封装保持读写删除语义 (0.688667ms)
✔ 浏览器存储不可用或抛错时保持静默降级 (0.202ms)
(node:51167) ExperimentalWarning: localStorage is not available because --localstorage-file was not provided.
(Use `node --trace-warnings ...` to show where the warning was created)
✔ MIG-001/002/006: management entry and handlers belong to FCS; PFOS keeps execution (1.466708ms)
✔ MIG-003/007: prep and execution read the same early order identities, quantities and match status (3633.68825ms)
✔ MIG-004/009: migrated dialogs retain candidate fields, actual material image and task outputs (0.82225ms)
✔ MIG-011: management and execution use the same seven business display columns (8.060083ms)
✔ MIG-007: early dye/print creation and cancellation survive reload (3343.97475ms)
✔ 解析带标签、小数和空格的长度数量 (0.446083ms)
✔ 解析卷数并对不合法文本返回 0 (0.111791ms)
✔ 证据文件标识把连续空白收口为单个连字符 (0.1435ms)
(node:51170) ExperimentalWarning: localStorage is not available because --localstorage-file was not provided.
(Use `node --trace-warnings ...` to show where the warning was created)
✔ 设计改款可成批生成染色和印花加工单，且完整投影来源与上下游 (1791.8535ms)
✔ 设计改款加工单生成幂等，重复请求不增加单据 (13.959417ms)
✔ 同一设计改款任务的不同颜色和 BOM 行分别生成加工单 (4.601166ms)
✔ 成批提交失败时染色与印花加工单一起回滚 (5.095583ms)
✔ 设计改款来源缺关键引用或来源未知时必须阻断 (0.181792ms)
(node:51171) ExperimentalWarning: localStorage is not available because --localstorage-file was not provided.
(Use `node --trace-warnings ...` to show where the warning was created)
✔ 设计改款加工单等待买手审核成果，绑定真实附件后才可安排，先染后印继续受前序交出约束 (646.5985ms)
✔ 专业成果没有真实附件时保持未绑定 (9.853792ms)
(node:51172) ExperimentalWarning: localStorage is not available because --localstorage-file was not provided.
(Use `node --trace-warnings ...` to show where the warning was created)
✔ 可打印不等于可建交出单，必须完成真实标签打印 (0.461417ms)
✔ 卷规格无效时不可建交出单，且不改变原可打印判定语义 (0.068125ms)
✔ 人工完成印花加工单不再自动填充操作人 (394.912875ms)
✔ 日报窗口含截止日7天，重点日均独立使用前6天 (0.463208ms)
✔ 未知采购不填0，未BOM不输出完整确定订单需求 (0.102625ms)
✔ 突变必须绝对量与比例同时达到阈值 (0.057666ms)
✔ 截止日突变示例与未完结日不判定 (0.058417ms)
✔ 共享商品按SPU去重而不按关联行累加销量 (0.091209ms)
✔ 预选不产生确定用料；BOM需求保留物料归属 (0.120583ms)
✔ 同料BOM优先于预选，不重复关系及需量 (0.065208ms)
✔ 两个业务页具有独立容器、标准分页与证据边界 (16.539792ms)
✔ 未进入物料页面时 bridge 不加载业务；加载失败重试后首次渲染即已注册 (2.860541ms)
✔ click 分组顺序、短路、选择器范围保持原行为，重新注册替换旧处理器 (0.560875ms)
✔ 备料写入守卫读取实时角色与水位，阻断时不调用业务处理器 (0.332042ms)
✔ input/change/keyboard 原入口、筛选范围和 change 优先级完整保留 (0.278584ms)
✔ health groups are exhaustive and mutually exclusive in demo (0.86775ms)
✔ coverage and baseline use same inventory plus transit but distinct demand windows (0.074292ms)
✔ zero demand is unavailable rather than infinity and huge finite quotient stays finite (0.092125ms)
✔ date selects different consistent snapshot (0.091083ms)
✔ threshold changes alter classification without changing facts (0.065625ms)
✔ health view carries core P1 business sections and mock caveat (17.689834ms)
✔ AT16 rules do not substitute brand, size or packaging method (1.073ms)
✔ AT24 equal priority conflict blocks resolution and identifies rules (0.791792ms)
✔ higher explicit priority resolves a lower priority overlap (0.206208ms)
✔ plans distinguish garments and parcels and add loss once (0.298833ms)
✔ AT18 white pendant stock only allocated once (0.3475ms)
✔ event duplicate and old revision do not add consumption; reprints are activity only (1.273917ms)
✔ conflicting same revision fails instead of silently choosing a payload (0.191708ms)
✔ AT17/19/20 panel states unresolved ASAYA, independent kit80 and unknown ribbon (0.533333ms)
✔ trigger distinct from target, existing supply produces explainable zero (0.552458ms)
✔ missing mapping or usage and incompatible raw unit block unsafe generation (0.167916ms)
✔ generation reserves remaining once and shared raw pool across target rules (2.347084ms)
✔ production does not increase stock; actual SKU and output bound partial receipts (0.158417ms)
✔ cancelled suggestion releases commitment and raw allocation (0.066541ms)
✔ AT05 committed greige is not available for a second allocation (0.422458ms)
✔ AT06 partial receipt reduces expected supply; checking and qualified never duplicate (0.29375ms)
✔ AT07 unmapped target preserves quantities but gives no target coverage (0.075667ms)
✔ §7.2 loss reduces future supply; rejected receipts never become usable (0.054208ms)
✔ §7.3 unit/yield/route and conservation gaps block deterministic supply (0.09075ms)
✔ §7.3 candidate comparison reports remaining shortage and respects arrival deadline (0.122125ms)
✔ §7.3 zero gap stays zero and nonfinite inputs cannot produce advice (0.044958ms)
✔ panel uses owned local handlers and discloses mock and missing images (1.545917ms)
✔ P2 coefficients and coverage exclude transit (7.072458ms)
✔ P2 coverage buckets have exclusive shared boundaries (1.018875ms)
✔ P2 partial receipts and completed batches count remaining only (0.151583ms)
✔ P2 latest overdue selected only if no future batch; today included (0.122292ms)
✔ P2 search transit and ETA filters compose (0.2685ms)
✔ P2 zero demand and missing BOM preserve distinct nulls; micro demand excluded (0.129292ms)
✔ P2 standard table renders and limits initial rows to first page (9.490375ms)
✔ AT01/02 internal reservation stays in coverage while external reservation is deducted (11.827417ms)
✔ AT03 quality segments are not usable (1.011625ms)
✔ AT04 partial receipt leaves remaining supply only (0.552584ms)
✔ AT08/38 late supply never erases earlier shortage (0.482291ms)
✔ AT09 intermediate deficit determines net need rather than positive closing balance (0.330833ms)
✔ AT10 MOQ and pack rounding, zero stays zero (0.233042ms)
✔ AT11 horizon begins at cutoff and is not expanded by lead time (0.314292ms)
✔ AT12 forecast covered by confirmed demand is excluded before coefficient (0.243625ms)
✔ AT13 no demand has no numeric coverage (0.205167ms)
✔ AT14 cancelling demand does not change stock (0.830333ms)
✔ AT15 latest event revision only (0.889833ms)
✔ AT16/17 directory preserves bag sizes and ASAYA duplicated input is one unresolved SKU (0.105417ms)
✔ AT18 three brands draw from one shared pool (0.160583ms)
✔ AT19/20 kit capacity respects minimum and missing conversion (0.063542ms)
✔ AT21 inactive/unusable stock remains physically visible (0.104167ms)
✔ AT23 affected order identifiers are unique (0.084583ms)
✔ AT25/26 draft does not mutate active and invalidates trial (0.062125ms)
✔ AT26/28 publish requires role and exact trial; history retained (0.187083ms)
✔ AT31 risk cannot close with remaining shortage or skip verification (0.164708ms)
✔ AT37 invalid dates, unknown timezone, bad numeric values rejected (0.0835ms)
✔ duplicate supply chain does not double count and blocks deterministic advice (0.077375ms)
✔ warehouse catalogue includes 17 locations and two garment warehouses (0.036125ms)
✔ candidate comparison retains pre-arrival risk (0.31425ms)
✔ SKU-specific policy wins and duplicate rules block publish (0.125208ms)
✔ 路由标准化移除 query 与 hash，但不改动路径 (0.71425ms)
✔ 只匹配路由根或其子路径，不误匹配相似前缀 (0.208542ms)
✔ 可在多个合法根路径中匹配一个 (0.137416ms)
✔ 只把完整生产确认单打印路由识别为命中 (0.177125ms)
(node:51183) ExperimentalWarning: localStorage is not available because --localstorage-file was not provided.
(Use `node --trace-warnings ...` to show where the warning was created)
✔ 物流商新增字段保存回显并写入操作日志 (2.346084ms)
✔ 物流商数字字段非负校验与运输方式枚举校验 (0.235292ms)
✔ 渠道新增字段保存回显，条件计费字段按计费方式保留 (0.363042ms)
✔ 整柜渠道不要求新增计费字段，仍要求四箱型完整配置 (0.10825ms)
✔ 渠道数字字段非负与时效区间校验 (0.119167ms)
✔ 头程批次聚合展示总箱数、总重量、总体积与转运天数 (0.408708ms)
✔ 工序链按保存顺序生效，合法工序集合固定，非法或重复工序被拒 (1.865541ms)
✔ 坯布 SKU 必填，坯布库存为 0 时调拨资格被拒，补足后恢复 (0.322834ms)
✔ 采购单按勾选 SKU 生成明细，数量与枚举非法被拒 (0.149125ms)
✔ 调拨单可选择调出仓库与调入目标，同步生成加工单号链 (0.233041ms)
✔ 批量刷新库存更新全部监控行与刷新时间并写日志 (0.176166ms)
✔ 手动添加监控 SKU 校验 SKU 必填与重复，添加后进入列表 (0.226209ms)
✔ 物料申报扩展字段保存回显，26 项特殊属性按数组保存 (1.5645ms)
✔ 报关扩展：法定第二计量单位与数值，不报关分支跳过必填校验 (0.152666ms)
✔ BOM 业务选项与价格/成本、工厂、布料字段保存回显 (0.60875ms)
✔ 主体经营 9 项成本明细加调整重算总成本，数据缺失提醒可消除 (0.299167ms)
✔ 供应商从草稿到启用遵循状态机，名称唯一 (1.693708ms)
✔ 供货档案包装换算与快照版本 (0.183209ms)
✔ 物料全部有真实图片，采购补充信息可更新且不新增删除 (0.296875ms)
✔ 成衣与样衣 SKU 只读列表数据完整 (0.063334ms)
✔ 仓库同步更新时间，单位字典唯一且不可删除只可启停 (0.252625ms)
✔ BOM 用量可修改，说明可保存，发布后可生成面辅料需求 (1.2325ms)
(node:51187) ExperimentalWarning: localStorage is not available because --localstorage-file was not provided.
(Use `node --trace-warnings ...` to show where the warning was created)
✔ 面辅料需求种子就绪且可按物料行下推采购单 (4.746375ms)
✔ 快递信息导入校验采购单存在、单号唯一、日期与数量合法 (0.390208ms)
✔ 国内签收、加入头程、状态推进与到仓自动签收 (0.847042ms)
✔ 供应商确认单需标签齐备，确认后回写采购单 (0.542625ms)
✔ 整柜渠道必须完整配置四个箱型，物流商可启停 (0.254833ms)
✔ 面辅料采购单可带原因关闭，关闭后不能再登记到货 (0.152333ms)
✔ 库存监控触发线与建议量公式，规则异常阻断建单 (1.624417ms)
✔ 建单数量不得超过建议量，调拨与采购资格分别阻断 (0.153917ms)
✔ 中转看板指标、分布与筛选跳转规则 (0.245459ms)
✔ 生产单校验与配料任务只读数据完整，系统设置结果为 8/6/10 (0.075417ms)
✔ 种子采购单按 SRM 生成器规律补齐单据级与明细级字段 (0.730917ms)
✔ 新建做货采购单保存采购专员、加急、首单、区域与明细字段并可回显 (1.066291ms)
✔ 未传新增字段时沿用默认值并保持既有命令兼容 (0.103458ms)
✔ 采购专员必填、做货必须选区域、重量非负均抛出中文 PmsDomainError (0.240042ms)
✔ 编辑采购单保存新增字段并回显，非法输入被阻断 (0.223667ms)
✔ BOM 状态与 bomMatched 一致，未发布 BOM 的做货明细为未匹配 (0.173875ms)
✔ 行采购金额使用 roundPmsQty 且汇总等于逐行金额之和 (0.13225ms)
✔ 采购建议按缺口公式与折扣计算，并计入有效 KOL 申请 (0.667917ms)
✔ KOL 草稿与已驳回不计入建议缺口 (0.085ms)
✔ 建议转采购单后写回已转数量与部分生成状态 (1.966625ms)
✔ 面辅料需求按 BOM 用量与损耗扣减库存和采购中 (1.044125ms)
✔ 重复生成、草稿采购单与非做货采购单均被阻断 (0.225875ms)
✔ KOL 单条超量需要二次确认，超过申请量直接阻断 (0.5115ms)
✔ 驳回 KOL 需求后不再计入建议缺口 (0.724ms)
✔ 关闭采购单必须填写原因且已关闭不可重复关闭 (0.280209ms)
(node:51191) ExperimentalWarning: localStorage is not available because --localstorage-file was not provided.
(Use `node --trace-warnings ...` to show where the warning was created)
✔ 主体经营明细总成本、毛利与毛利率公式 (1.325ms)
✔ 面辅料对账：预计/实际双层公式，费用项与差异双重门禁 (5.065583ms)
✔ 面辅料费用项部分确认、批量确认与编辑失效 (0.712583ms)
✔ 请款草稿跨页创建、请款与付款上限、编辑范围 (0.650125ms)
✔ 物流实际费用 12 列导入校验、不自动确认与确认后锁定 (0.437083ms)
✔ 请款单作废释放来源对账，已有付款不能作废 (0.202416ms)
✔ 供应商账单 9 列导入覆盖实际层且不自动确认 (0.266292ms)
✔ 金额大写按 RMB 规则输出并覆盖跨节零 (0.135208ms)
(node:51192) ExperimentalWarning: localStorage is not available because --localstorage-file was not provided.
(Use `node --trace-warnings ...` to show where the warning was created)
✔ 生成卷号按前缀、每卷米数、重量与起始序号生成并写入包装明细 (1.898542ms)
✔ 生成卷号时尾卷承载剩余数量，卷数按采购数量与每卷米数自动取整 (0.451667ms)
✔ 非法卷号参数被拒绝并抛出中文域错误 (0.298959ms)
✔ 生成标签后二维码内容包含卷号与箱规，参与打印 (0.23675ms)
✔ 箱规新增自动计算体积，重复箱号与非法尺寸被拒，删除后计数正确 (0.235042ms)
✔ 包装明细可新增与删除，非法输入被拒且删除后计数正确 (0.184ms)
✔ 被包装明细引用的箱规不能删除 (0.069625ms)
✔ 供应商枚举与 SRM 完全一致，旧枚举不再出现 (0.705917ms)
✔ 种子字段满足 SRM 枚举且协同指标为数字 (0.129792ms)
✔ 新增字段保存并回显，成功命令写入操作日志 (1.142208ms)
✔ 编辑保存新增字段并保持状态机与事件名不变 (0.1915ms)
✔ 非法或缺失输入抛 PmsDomainError 且不写入数据 (0.211458ms)
✔ 详情与列表展示新增字段、SRM 枚举与协同指标 (13.12925ms)
(node:51194) ExperimentalWarning: localStorage is not available because --localstorage-file was not provided.
(Use `node --trace-warnings ...` to show where the warning was created)
✔ RETURN-010: only the acceptance week Sunday is skipped, for every starting weekday (0.533125ms)
✔ RETURN-004—010: both projections share counting dates and ceil targets (0.2785ms)
(node:51195) ExperimentalWarning: localStorage is not available because --localstorage-file was not provided.
(Use `node --trace-warnings ...` to show where the warning was created)
✔ 实际耗时跨周日仍按真实时间差；没有可靠时间不造耗时 (0.423875ms)
✔ 每任务都达成才结束；同一来源去重，作废明细不影响主表 (0.141709ms)
✔ 耗时页 Mock 至少覆盖九张生产单和全部节点，且下游事实不会越过未完成的前置节点 (746.56525ms)
✔ 裁片放行按一张放行单内的多次放行展示并选取节点起止时间 (35.870292ms)
(node:51196) ExperimentalWarning: localStorage is not available because --localstorage-file was not provided.
(Use `node --trace-warnings ...` to show where the warning was created)
✔ EXC-001—004: a reference mark cannot change debt, strict kits or final task responsibility (2.32ms)
(node:51197) ExperimentalWarning: localStorage is not available because --localstorage-file was not provided.
(Use `node --trace-warnings ...` to show where the warning was created)
✔ 派单新增主档工厂可登记承接关系，未知工厂仍阻断 (1.642625ms)
✔ 专属任务保留整单身份、数量和接收方，工艺分支保留全部前置关系 (1.339875ms)
✔ 原生产单车缝任务仍可被 PPIC 分配与责任移交识别，SKU 总量完整 (3.196625ms)
(node:51198) ExperimentalWarning: localStorage is not available because --localstorage-file was not provided.
(Use `node --trace-warnings ...` to show where the warning was created)
✔ VERIFY-003: dispatch reads keep all documents and independent copies without projecting unrelated business views (399.696667ms)
(node:51199) ExperimentalWarning: localStorage is not available because --localstorage-file was not provided.
(Use `node --trace-warnings ...` to show where the warning was created)
✔ PERF-002/004: scoped receiving reads preserve direct receipts and allocations, without exposing mutable facts (14.334459ms)
✔ PERF-002/004: a synchronous relation read matches independent reads and releases its scope after errors (695.514625ms)
✔ PERF-004: batched print list reviews and handovers equal independently read facts (337.45175ms)
✔ PERF-004: scoped handovers keep canonical sorting and task point reads preserve identity (17.751708ms)
✔ PERF-004: reusing warehouse documents preserves each dye order source, quantity and receiver (191.223792ms)
(node:51200) ExperimentalWarning: localStorage is not available because --localstorage-file was not provided.
(Use `node --trace-warnings ...` to show where the warning was created)
✔ craft source selection preserves all previous source choices and isolated snapshots (13.433416ms)
✔ source eligibility is re-evaluated after a source order changes (0.113167ms)
(node:51202) ExperimentalWarning: localStorage is not available because --localstorage-file was not provided.
(Use `node --trace-warnings ...` to show where the warning was created)
✔ 验收数据至少包含 5 张染色和 5 张印花提前加工单，并覆盖全部匹配状态 (1167.412333ms)
✔ 印花专业成果把多张图片和多个文件统一保存在同一附件集合 (0.13125ms)
✔ 同一生产需求可手动选择具体专业任务，创建结果保存所选任务与全部成果附件 (98.768667ms)
✔ 创建提前加工单必须选择所属专业任务并明确加工厂 (0.974583ms)
✔ 计划加工数量包含损耗率，且染色印花投入与产出 SKU 必须不同 (0.272083ms)
✔ 专业成果未审核通过时不可创建提前加工单 (0.215291ms)
✔ 多个生产需求合并为一张生产单时，可匹配多张提前染色加工单 (38.887833ms)
✔ 等待技术包的提前单在技术包就绪后可由同一匹配服务自动重试 (13.663709ms)
✔ 合并生产单中只有部分需求有提前单时，只为未覆盖需求补建剩余数量 (127.928625ms)
✔ 已有提前单但正式 BOM 或 SKU 不一致时进入异常，且不重复补建同一工艺单 (98.79325ms)
✔ 取消后重建保留旧单，并建立双向替代关系 (2.0285ms)
✔ 没有提前加工单的需求仍保留正式加工单快照 (9.798458ms)
✔ BOM uses formally reduced quantity and leaves unsupported conversion unknown (0.654417ms)
✔ reuse retains one shared source instance and adds no duplicate processing duration (0.21775ms)
✔ a new rework/recheck round extends the dependency path two days and conserves qualified pieces (0.086459ms)
✔ date-only source is not coerced to a precise instant or exact deadline (0.094667ms)
✔ known order shipment can be timed without crediting an unknown production source (0.069417ms)
✔ waiting for actual fulfillment can be overall late while factory completion stays on time (0.05975ms)
✔ all six named cards render directly checkable evidence without changing production task facts (3.773875ms)
✔ all ten tasks have independent drill-down networks and one frozen aggregate snapshot (2.6795ms)
✔ 31-item dependency recursion proves 24 natural days and shows the actual sum/max formula (0.580125ms)
✔ improving procurement by ten days only improves whole-task timing by one day (0.1565ms)
✔ network rejects circular/missing dependencies and unknown is never zero time (0.476416ms)
✔ each complete standard mock network and live forecast agrees with the task summary (1.638375ms)
✔ quantity forecast finds a one-day risk before any actual deadline is missed (0.354958ms)
✔ all-natural-day clock includes Sundays, preserves timezones, equality is on time and one second is late (0.094416ms)
✔ already-overdue outranks forecast missing; historical completion stops the clock (0.077708ms)
✔ upstream two-day delay and local catch-up pressure are distinct from current-team fault (0.070041ms)
✔ manual forecast is local, propagates both earlier and later dates, and never relaxes baseline (0.731542ms)
✔ saving a manual forecast refreshes all affected node labels without pretending capacity was increased (0.59825ms)
✔ zero capacity and stale progress never forecast zero remaining duration (0.155584ms)
✔ stock and purchase coverage do not imply factory readiness or a new purchase gap (0.155916ms)
✔ stock-only task still has transfer; purchased material must move beyond warehouse entry (0.065792ms)
✔ batch schedule conserves shared capacity and 90 percent occurs at a real batch event (0.146ms)
✔ customer cancellation without production allocation does not reduce any task (0.111292ms)
✔ excess shipment of one SKU cannot hide shortage of another (0.074042ms)
✔ duplicate, out-of-order and corrected quantity events conserve the effective sum (0.111291ms)
✔ shared work is counted once while merged source tasks preserve independent T0 and deadlines (0.107583ms)
✔ orders enter analysis only from actual shipment and have their own clock (0.155958ms)
✔ region and supply mode select rules together, unpublished candidate rules never apply (0.150416ms)
✔ filters share exact aggregate scope and date windows are left-closed right-open (1.314791ms)
✔ Chinese UI defaults and all scope options filter the intended task population (1.128666ms)
✔ Chinese risk shortcut agrees with risk KPI and does not accidentally select completed or overdue tasks (1.457542ms)
✔ Chinese date-field labels use due date, start date and predicted completion respectively (3.807334ms)
✔ team and stage filters match applicable work nodes rather than only current task responsibility (0.374583ms)
✔ V3 team and factory must match the same node and empty all-scope still keeps a task (0.19ms)
✔ V3 unknown shipment has no percentage and completed work without deadline is not on time (0.129042ms)
✔ 恢复预测保留不同工作和日期的顺序，只合并连续相同计算且不改写历史 (3.527042ms)
✔ 同一调拨动作按国家和供给方式命中不同预算，候选规则不参与匹配 (0.613333ms)
✔ 同优先级重叠命中必须冲突，明确更高优先级例外才可覆盖 (0.39725ms)
✔ 数量档边界不得跨档或用默认预算掩盖无规则 (0.079625ms)
✔ 子项七天而组上限五天阻断，网络不被截短也不在组外重复加预算 (0.125125ms)
✔ 并行分支取最大值，循环和缺失前置不得算成零天 (0.12975ms)
✔ 工厂实收映射须有明细与物流批次，入库不冒充到厂，重复事件不累加 (0.146834ms)
✔ 投入产出、单位或质量门槛不合规，不能放行下游 (0.084458ms)
✔ 新版本仅记录显式重算范围，不能顺延旧基线或考核截止 (0.381959ms)
✔ 默认演示配置没有阻断，会议候选必须以提示保留 (0.106209ms)
✔ 选定在途W19规则从1改3，本地路线24改26而原始/生效截止与实际事实不变 (3.481792ms)
✔ 在途发布同层冲突、缺规则、缺映射或事件边界变化都不生成覆盖 (0.17825ms)
✔ 发布覆盖可从初始快照恢复且重复应用幂等，未选任务不受影响 (0.958083ms)
✔ 未完成调拨预算增加后，预测沿下游传播；已完成上游事实仍原样 (0.38125ms)
(node:51206) ExperimentalWarning: localStorage is not available because --localstorage-file was not provided.
(Use `node --trace-warnings ...` to show where the warning was created)
✔ 首次来源读取只创建当前存在的缺口，历史从本次观察开始 (1.981542ms)
✔ 事项键由任务、工作与类型生成，中文说明变化不新增事项 (0.844875ms)
✔ 缺款图形成独立事项，增加地址不等于款色对应核验通过 (0.663583ms)
✔ 登记责任期限不修改事实或关闭事项，只有后续来源读取确认恢复 (1.425833ms)
✔ 同一恢复事实重复核对不制造历史，缺口复现重新打开且保留期限 (0.729292ms)
✔ 任务或工作未返回、数量已知性字段消失均不是恢复证据 (0.56775ms)
✔ 来源身份变更不能在同一次读取中把旧缺口标为恢复 (0.272833ms)
✔ 未结构化来源审核项不因文字消失自动关闭 (0.213208ms)
✔ 本地持久化保留独立事项、责任、期限和恢复历史 (0.446125ms)
✔ 本地损坏记录不伪造历史、不覆盖旧内容、不允许假保存 (1.195792ms)
✔ 责任、期限、调整原因必填；存储失败给出未保存结果 (0.236542ms)
✔ 数据待补按事项分页和筛选，提供独立登记及来源刷新入口 (1.785958ms)
✔ 事项按自身负责人和修复期限筛选，不借任务跟单替代 (0.207833ms)
✔ 空在途范围不展示历史演示日期压力图 (2.119958ms)
✔ 未知预算仍保留串并行和汇合箭头，位置不依赖日期 (4.206709ms)
✔ 下游未开工且前置未完的逾期归为等待；根卡点标出具体工作和全部后继 (2.695083ms)
✔ 取消和已完成不是当前卡点，数据缺口不当执行逾期 (2.065208ms)
✔ 已开工工作即使前置未完，也保留其来源责任逾期并提示核对 (1.108208ms)
✔ 卡点范围仍显示上游参照及所有受影响后继，不显示无关支路 (1.926209ms)
✔ 单据摘要默认展开来源核心字段，不只展示时效 (0.779375ms)
✔ 需求摘要指向已存在的需求列表，入口不冒称独立详情 (0.424833ms)
✔ 缺少单据不得生成虚构摘要或默认完成数 (0.3465ms)
✔ 已实收的有效结束满足前置，取消前置不会被视为供给完成 (0.558875ms)
✔ 质检不合格仍是放行卡点，不因检验时间存在变为可放行 (0.47625ms)
✔ 来源已有不合格检验结果但缺建立时间时，不因前置未完而隐藏本项卡点 (0.810458ms)
✔ 作废且不计时不等于前置已完成；来源已阻断是明确卡点 (0.55775ms)
✔ 已知工作预算齐备但范围未确认时，公式页不得称作全程标准 (1.363666ms)
✔ 暂停或受阻工作不因遗留结束时间而放行下游 (0.732875ms)
✔ 生产准备初始化按编号读取定义与完整目录逐值一致，保留不存在时的契约 (2.166334ms)
✔ 单定义读取的可编辑数组保持隔离，不污染其他任务读取 (0.73425ms)
▶ execution source relations retain full facts without unrelated cold initialization
  ✔ cold read resolves real runtime scope and leaves print/dye execution ledgers untouched (132.583334ms)
  ✔ scoped cold result equals original complete enumeration after the same actual ID resolution (1349.575666ms)
  ✔ production with print/dye uses all existing preparation facts and keeps unknown IDs unknown (77.2915ms)
  ✔ live explicit cross-order reference and cancellation facts survive scoped reading (29.862125ms)
  ✔ real persisted cancellation restores through the original validated path in a new process (952.536625ms)
  ✔ QC reads real fact quantities and renders explicit missing artwork without placeholder network dependency (125.66375ms)
✔ execution source relations retain full facts without unrelated cold initialization (2995.36275ms)
(node:51211) ExperimentalWarning: localStorage is not available because --localstorage-file was not provided.
(Use `node --trace-warnings ...` to show where the warning was created)
✔ production source time uses explicit Shanghai time and rejects date-only completion (0.64425ms)
✔ DDS tasks use demand identity and do not invent preparation, budgets, shipment quantities or orders (1.9375ms)
✔ source bindings require existing same-style preparation and published technical version (0.348541ms)
✔ reuse preserves its source/version and does not add past preparation duration (0.341708ms)
✔ explicit unneeded work is excluded but unconfirmed missing work remains a decision, never zero-day completion (0.249875ms)
✔ explicit dependencies preserve parallel entries and repeated processes instead of serial sorting (0.61075ms)
✔ missing explicit predecessors do not become confirmed parallel roots (0.23475ms)
✔ missing predecessor and material SKU discontinuity block route certainty without fabricated edges (0.26625ms)
✔ cyclic source dependency stays a blocking issue and source objects remain unchanged (0.244833ms)
✔ read snapshot uses all current demand records without private Mock tasks or automatic same-style preparations (47.626583ms)
✔ continuous material SKU edges stay confirmed while an unconfirmed route remains pending (0.986875ms)
✔ unverified reuse does not fabricate a completed zero-day result (0.417042ms)
✔ binding writes only the DDS association key and is reflected by the next read (16.846417ms)
✔ execution source uses exact production-order identity, assigned factory and responsibility deadline (0.232167ms)
✔ only a unique exact technical entry binds execution to route; same-name and split executions stay independent (0.277583ms)
✔ preparation-only source cycles are blocked without depending on a technical pack branch (0.153417ms)
✔ source time and manual forecast stay separate from frozen rule examples and missing SLA (0.432333ms)
✔ cancelled execution is not a late blocker and unfinished status cannot borrow a stale completion timestamp (0.148208ms)
✔ document summaries are factual, compact strings; decisions without a document stay unbound (0.114167ms)
✔ formal preparation output connects the exact confirmation, route entry and production version (0.300958ms)
✔ technical object identity and its material photo are retained without using the style photo (0.121583ms)
✔ material transfer has serial dispatch, transport and receipt with separate responsibility and source identity (0.255542ms)
✔ approval, sent quantities and delivery-note registration cannot prove physical handout or logistics delivery (0.152917ms)
✔ actual handout starts transportation but factory receipt never backfills logistics delivery or reception start (0.104667ms)
✔ receipt quantities require the same source line, target factory and unit; mixed units never close reception (0.138834ms)
✔ voided transfers keep evidence but no effective supply or transport completion (0.094625ms)
✔ a document handout timestamp does not complete unshipped or partially shipped source lines (0.115167ms)
✔ only preparation-bound purchase documents are included, and purchase completion never invents warehouse arrival (0.121417ms)
✔ quality is scoped to its recorded sample and does not establish shipment orders or whole-order completion (0.156084ms)
✔ current source snapshot exposes matching handover, quality and transfer documents, not generic placeholders alone (5.628042ms)
✔ only a real same-version production order becomes a root execution predecessor (0.365625ms)
✔ task lead blocker matches dependency analysis instead of blaming an unstarted downstream deadline (0.110042ms)
✔ failed inspection exposes the concrete unqualified quantity as blocker reason (0.115375ms)
✔ category sample images never stand in for a source style; a dedicated source image is retained (0.140458ms)
(node:51212) ExperimentalWarning: localStorage is not available because --localstorage-file was not provided.
(Use `node --trace-warnings ...` to show where the warning was created)
✔ 当前非 Mock 需求可保存显式工作映射，序列化后可恢复且不改来源事实 (38.128083ms)
✔ 未保存映射、规则空天数、事件范围变化与同级冲突分别给出真实阻断 (9.984708ms)
✔ 同一工作不得存两份口径，来源身份变化或未知数量不允许保存 (11.960333ms)
✔ 工作单位不换算、通配值不充当事实、里程碑不重复加预算 (4.325541ms)
✔ 来源任务发布单项预算后保持整体待定，刷新覆盖和已有截止均保留 (6.23525ms)
✔ 缺准备或实发范围时即使要求首次建基线也阻断，并且不写覆盖 (3.495958ms)
✔ 已确认的未来发货工作尚无实发事实也可建 T0+最长路径基线，缺进度只影响预测 (1.063125ms)
✔ 已发布后来源工作身份变化，不把旧映射预算套到新单据 (3.901667ms)
✔ 配置页面保存映射到本地，空天数发布被阻断，填写预算后实际发布当前来源任务 (13.86775ms)
✔ 查生产入口只在合法系统路由显示，并在打印与 PDA 路由隐藏 (0.5505ms)
✔ 相似前缀和相似打印段不会被当成合法路由 (0.075625ms)
(node:51214) ExperimentalWarning: localStorage is not available because --localstorage-file was not provided.
(Use `node --trace-warnings ...` to show where the warning was created)
✔ PERF-001: runtime snapshot and all nine subsets preserve every production order value and caller isolation (23.176542ms)
✔ PERF-001: a subset read does not traverse or clone unrelated snapshot sections (0.189875ms)
✔ PERF-001: paper pattern binding strips and nested craft arrays remain isolated after mutation (0.288375ms)
✔ PERF-001: replacing or updating the bound snapshot is visible immediately without a stale cache (0.151375ms)
✔ PERF-001: missing production order keeps null and empty-list contracts (0.068625ms)
(node:51215) ExperimentalWarning: localStorage is not available because --localstorage-file was not provided.
(Use `node --trace-warnings ...` to show where the warning was created)
✔ VERIFY-003: scoped reads preserve pending/voided sources and defensive copies (3.279042ms)
✔ VERIFY-003: metadata lookup reflects registry changes and returns independent locations (4.947542ms)
✔ 并发调用复用同一个模块加载 Promise，成功后继续复用结果 (0.648583ms)
✔ 模块加载失败后清空缓存，下一次调用可以重试 (0.23225ms)
✔ 独立打印外壳只命中完整生产确认单打印路由 (0.4875ms)
✔ 既有固定打印路由仍使用独立打印外壳 (0.090958ms)
(node:51218) ExperimentalWarning: localStorage is not available because --localstorage-file was not provided.
(Use `node --trace-warnings ...` to show where the warning was created)
✔ 36条基础采购演示经业务动作形成，共享PMS来源，重复载入不重置数量或伪造实收 (90.53225ms)
✔ 三个中央工厂在组织目录与执行工厂中身份一致且仅出现一次 (0.406875ms)
✔ 花边角色与采购映射归属TMF但供应方仍保留独立身份 (0.069792ms)
✔ 橡筋定长切割仍归SPF，不成为TMF织带截断任务 (0.0825ms)
✔ 旧浏览器组织记录迁移后不与权威TMF并存且保留已有联系人 (2.156ms)
(node:51220) ExperimentalWarning: localStorage is not available because --localstorage-file was not provided.
(Use `node --trace-warnings ...` to show where the warning was created)
✔ 连续织带实际650米交出→648+2实收→染色可用650，仓库和用料保持米制且无公斤换算 (8.551042ms)
✔ 连续长度口径不可用于纱线/码制，普通辅料仍要求实际称重 (0.593458ms)
✔ 原生连续辅料染色650→640：实际工厂实收及用料驱动加工，使用真实织带实拍替代产出图 (413.851583ms)
(node:51221) ExperimentalWarning: localStorage is not available because --localstorage-file was not provided.
(Use `node --trace-warnings ...` to show where the warning was created)
✔ 织带与绳子参考档案接入实际物料库，保留图片来源和未确认尺寸，不替换橡筋 (32.374958ms)
✔ 同分钟新建不同幅宽织带和绳径主档不共用SPU身份，SKU保持各自父档归属 (64.196666ms)
✔ TMF半成品SKU按SPU→潘通色号→颜色→花型生成，长度和端头不进入SKU (0.329459ms)
(node:51222) ExperimentalWarning: localStorage is not available because --localstorage-file was not provided.
(Use `node --trace-warnings ...` to show where the warning was created)
✔ TMF发布采用链：技术包发布门禁→审核发布→启用→生产单采用→生成织带加工需求 (356.135042ms)
✔ TMF发布门禁：含织带截断工序但规格未补齐的采用版本不能发布 (10.998333ms)
✔ 正式生产路线只关联相邻同BOM同SKU的染色→印花，不生成数量或修改来源 (1.682666ms)
✔ 跨单/版本/工序/用途/SKU/单位、缺工厂与已有其他接收单都不能接续 (0.49225ms)
✔ 印花连续辅料仅接同版本同BOM的直接截断节点，不修改SKU和数量 (1.804791ms)
✔ TMF V1 原型范围、工厂身份和现场默认参数已冻结 (0.608375ms)
✔ TMF 风险动作默认要求主管与二次确认，采购行身份不可丢失 (0.064125ms)
{"scenario":"N02","scope":"业务动作主链含纱线重量账；含端头辅材采购实收；不含PCS发布采用页面、纱线采购上游","purchaseReceived":1300,"productionReceived":1000,"warehouseContinuousM":30,"netCutM":1260,"lossM":10,"headUnit":"个","headReceived":2020,"headRemaining":15}
{"scenario":"N03","scope":"业务动作主链含纱线重量账；含端头辅材采购实收；不含PCS发布采用页面、纱线采购上游","purchaseReceived":60,"productionReceived":100,"warehouseContinuousM":9,"netCutM":50,"lossM":1,"headUnit":"个","headReceived":202,"headRemaining":1}
{"scenario":"N04","scope":"业务动作主链含纱线重量账；含端头辅材采购实收；不含PCS发布采用页面、纱线采购上游","purchaseReceived":100,"productionReceived":50,"warehouseContinuousM":34,"netCutM":65,"lossM":1,"headUnit":"kg","headReceived":0.2,"headRemaining":0.04}
{"scenario":"B06","scope":"规范数量动作链；塑料头从仓库实收事实开始，补购基础生产未虚构纱线配方；不代表全部页面验收","continuous":9,"productionReceived":1000,"scrapped":100,"scrappedMeters":120,"loss":11,"metalRemaining":15,"plasticRemaining":2}
{"scenario":"N05","mergedBatch":"FULL-N05-MERGED","purchaseReceivedM":120,"mergedIssuedM":102,"mergedProducedPieces":200,"productionReceivedByOrder":[100,100],"warehouseContinuousM":19,"lossM":1,"returnedM":1}
{"scenario":"B17","mergedBatch":"FULL-B17-MERGED","purchaseReceivedM":120,"mergedIssuedM":102,"mergedProducedPieces":200,"productionReceivedByOrder":[100,100],"warehouseContinuousM":19,"lossM":1,"returnedM":1}
{"scenario":"N01","rawReceivedKg":12,"consumedKg":10,"returnedKg":1,"factoryRemainingKg":1,"semiFinishedReceivedM":1000}
{"scenario":"N02","rawReceivedKg":12,"consumedKg":10,"returnedKg":1,"factoryRemainingKg":1,"semiFinishedReceivedM":1300}
{"scenario":"N03","rawReceivedKg":12,"consumedKg":10,"returnedKg":1,"factoryRemainingKg":1,"semiFinishedReceivedM":60}
{"scenario":"N04","rawReceivedKg":12,"consumedKg":10,"returnedKg":1,"factoryRemainingKg":1,"semiFinishedReceivedM":100}
{"scenario":"N05","rawReceivedKg":12,"consumedKg":10,"returnedKg":1,"factoryRemainingKg":1,"semiFinishedReceivedM":120}
{"scenario":"PRINTBACK-source-fixture","nativePrint":{"inputM":650,"outputM":630,"lossM":20,"outputImage":"MISSING_BLOCKED"},"sourceDispatched":630,"actualReceived":630,"cutMeters":620,"lossMeters":2,"returnedMeters":8,"baseLeftMeters":350,"scope":"原生印花650→630已独立重放；下游630米交出仍为专项夹具，不替代缺图正式交出或N01完整上游"}
{"scenario":"B09-downstream-recovery","basePhysicalM":350,"otherReservedM":350,"baseAvailableM":0,"processedReturnM":8,"productionPieces":[400,600],"scope":"含实际占用失败、释放、发料及印花回料后全链；原生印染20米损耗未执行，不是完整B09通过"}
{"scenario":"B05-cut-recovery","received":[400,600],"frozenPieces":10,"frozenLengthMm":500,"continuous":2.5,"cutLoss":2.5,"upstreamScope":"印花630米已交出为外部专项夹具，不冒充原生印染20米损耗或全N01"}
(node:51225) ExperimentalWarning: localStorage is not available because --localstorage-file was not provided.
(Use `node --trace-warnings ...` to show where the warning was created)
✔ N01～N05：通过现有 PMS 入口下达，每条采购链从零执行到仓库实收；交出不提前增加库存 (9.378416ms)
✔ MOCK-007：规范场景使用同一采购行、基础单和生产需求身份，不复制孤立页面 Mock (1.55325ms)
✔ MOCK-009：重置只重载隔离的运行态，不清除用户浏览器数据 (0.228541ms)
✔ B01/B03：短收保留在途和采购缺口；重复扫描、生成和刷新不双记 (0.469792ms)
✔ B02/B04：多收、错 SKU、错仓和无权限动作不改变任意下游数量；恢复后正常收齐 (1.264041ms)
✔ 采购追加：未开始同步计划，已执行保留原计划和实物并处理变更 (1.387208ms)
✔ B21：保存失败不报成功、不留部分库存；成功后刷新读取同一采购和收货事实 (0.977334ms)
✔ 采购→两种规格截断→拆包回仓→分配发料→生产实收：短收保留缺口，库存及采购不双记 (25.3205ms)
✔ B09：其他需求占用400米时不能再占650；释放50后恢复，错误发料不改变库存 (4.857417ms)
✔ 需求来源：同尺码不同成衣SKU分别保留，BOM适用范围生效，错误快照和重复工序阻断 (0.550125ms)
✔ 待打头条料不计合格产出；超公差实物记不良且照实扣下料当量，未实收不可截断 (31.933584ms)
✔ N04：采购100米→单端硅胶按kg实耗→回仓发料→生产实收50根，连续料剩34米 (24.067583ms)
✔ B15：截断后取消保留1000根在制和1260米当量，释放未发占用并只退连续余料 (28.032875ms)
✔ 已回仓部分发料后取消：释放未发分配，冻结实存，已发在途保留且实收不恢复需求 (18.565916ms)
✔ N02规范数值：采购→实际加工→生产实收及米料/辅材退仓整链 (74.353875ms)
✔ N03规范数值：采购→实际加工→生产实收及米料/辅材退仓整链 (55.797583ms)
✔ N04规范数值：采购→实际加工→生产实收及米料/辅材退仓整链 (59.527959ms)
✔ B06规范恢复：误装100根报废→补购100米并补做→生产实收1000根，三套实物账守恒 (115.285ms)
✔ N05合并批：120米采购→102米合并投入→两生产单各实收100，B17独立副本拆100为40+60 (80.441458ms)
✔ B17合并批：120米采购→102米合并投入→两生产单各实收100，B17独立副本拆100为40+60 (98.452458ms)
✔ N01～N05基础原料重量账：源仓实收→发出→工厂实收→耗用/余料→原仓实收，与米制产出独立 (227.394292ms)
✔ 主生产单暂停/取消直接限制织带执行，已发实收保留且取消处置释放未发占用 (58.717041ms)
✔ 冷启动及旧标签页均读取已保存主单限制，损坏来源不默许执行 (0.293292ms)
✔ 印花交出按两种长度分配，原单分次实收唯一记账，随后截断/回仓/领料守恒 (940.279584ms)
✔ 主单离页保存保留其他页取消及新增单，同单并发编辑和存储失败不覆盖 (1.839833ms)
✔ 技术包换版后旧规格冻结，已交出的仓库及生产在途可实收且不改旧长度 (60.862458ms)
✔ 未发料换版释放旧占用，新需求从备料至生产实收，旧预览和已执行重算阻断 (91.938833ms)
✔ 已加工换版：旧200条冻结并释放未发分配，新550/700mm需求实收1000条，旧预览失效且库存守恒 (117.761375ms)
✔ B05实际410/590错配：短条余量冻结，连续余料8米补10条700mm至两规格生产实收 (292.748625ms)
✔ 加工计划时间独立保存：明确时区、并发版本阻断、实际节点不倒推开完工且库存不变 (32.821417ms)
✔ 加工单费用按技术包需求计价：单位、币种和版本可追溯，库存与实收不被费用动作改变 (25.660875ms)
✔ 实际接单开工完工：分批实收开工、逐规格和余料门禁，完工不等于仓收或生产满足 (112.464ms)
✔ B23未执行采购1000减900：版本留痕、旧预览阻断、重接单后900实际生产实收 (54.269958ms)
✔ B24实收1000退100：仓库交出与TMF分次实收独立，原收保留且净900后减量 (91.567542ms)
✔ 采购取消门禁：无执行事实可取消，已收货或已生产必须先处置不能直接结案 (46.991042ms)
(node:51226) ExperimentalWarning: localStorage is not available because --localstorage-file was not provided.
(Use `node --trace-warnings ...` to show where the warning was created)
✔ PMS采购实际仓库实收与原料库存一次保存；分批、刷新、原料使用和退回均不重复履约 (137.672709ms)
✔ 历史手工到货及不支持的单位不能直接变成投入料可用库存 (0.354625ms)
✔ 首次实收前供应商确认与关闭可刷新恢复，保存失败和损坏存储不会覆盖状态 (0.396791ms)
✔ N01采用路线按染色→印花关联原单，多尺码不重复列工序，不修改印染数量 (1.485125ms)
✔ 旧版本、错误SKU、码制单位、取消或变更待处理均不作为有效关联 (0.433917ms)
✔ 同号不同生产单或BOM不得关联，重复来源不静默选择，混合快照阻断 (0.431583ms)
✔ 编辑器按尺码保留规格，截断打头不新建SKU，重复保存沿用节点身份 (1.579958ms)
✔ 无印染要求时 TMF 路线只生成截断节点，不凭空生成染色或印花节点 (0.112167ms)
✔ 前序印染产出SKU作为截断投入；保留独立橡筋工艺，移除打头后下游连接截断 (0.34575ms)
✔ 未明确打头、错误辅料BOM、无半成品和不合法前序不能生成可执行路线 (0.142ms)
(node:51229) ExperimentalWarning: localStorage is not available because --localstorage-file was not provided.
(Use `node --trace-warnings ...` to show where the warning was created)
✔ N01：400 条 50CM 和 600 条 70CM 分行计算，共 620 米；未增加 SKU (2.513458ms)
✔ 缺少尺码数量、非整数条数、公差或测量条件时不猜测需求 (0.558916ms)
✔ B07：未选择打头、缺少端头方式或辅材不能确认；支持两端不同端头 (0.231791ms)
✔ N04/B08：硅胶按重量且必须有覆盖长度，不作为独立金属头计数 (0.096125ms)
✔ B18：打头只能承接对应截断条料，不能换 SKU、换长度或重新领连续料 (0.357542ms)
✔ N05：规格相同可以合并，但尺码、用途和需求身份不靠物理规格键代替 (0.116125ms)
✔ B14：修改后续版本端头要求不能污染生产单历史快照 (0.402125ms)
✔ 发布门禁：含织带截断工序的技术包必须规格完整且规格仍关联当前 BOM (0.148625ms)
ℹ tests 405
ℹ suites 0
ℹ pass 405
ℹ fail 0
ℹ cancelled 0
ℹ skipped 0
ℹ todo 0
ℹ duration_ms 7489.810625
vite v6.4.3 building for production...
transforming...
✓ 2676 modules transformed.
rendering chunks...
[plugin vite:reporter] 
(!) /Users/laoer/Documents/higoods/src/data/app-shell-config.ts is dynamically imported by /Users/laoer/Documents/higoods/src/router/routes.ts but also statically imported by /Users/laoer/Documents/higoods/src/components/shell.ts, /Users/laoer/Documents/higoods/src/state/store.ts, dynamic import will not move module into another chunk.

[plugin vite:reporter] 
(!) /Users/laoer/Documents/higoods/src/data/fcs/printing-task-domain.ts is dynamically imported by /Users/laoer/Documents/higoods/src/data/fcs/dyeing-task-domain.ts, /Users/laoer/Documents/higoods/src/data/fcs/tmf-upstream-process-orders.ts, /Users/laoer/Documents/higoods/src/data/pms/tmf-material-purchases.ts, /Users/laoer/Documents/higoods/src/pages/process-factory/accessory/webbing/work-order-detail.ts, /Users/laoer/Documents/higoods/src/pages/process-factory/accessory/webbing/work-order-detail.ts but also statically imported by /Users/laoer/Documents/higoods/src/data/fcs/cutting/material-prep.ts, /Users/laoer/Documents/higoods/src/data/fcs/cutting/supplement-node-facts.ts, /Users/laoer/Documents/higoods/src/data/fcs/design-revision-material-transfer.ts, /Users/laoer/Documents/higoods/src/data/fcs/design-revision-process-work-order-adapter.ts, /Users/laoer/Documents/higoods/src/data/fcs/factory-receiving-links.ts, /Users/laoer/Documents/higoods/src/data/fcs/factory-receiving-source-sync.ts, /Users/laoer/Documents/higoods/src/data/fcs/mobile-execution-task-index.ts, /Users/laoer/Documents/higoods/src/data/fcs/pda-start-link.ts, /Users/laoer/Documents/higoods/src/data/fcs/printing-factory-demos.ts, /Users/laoer/Documents/higoods/src/data/fcs/printing-material-receipts.ts, /Users/laoer/Documents/higoods/src/data/fcs/printing-statistics.ts, /Users/laoer/Documents/higoods/src/data/fcs/printing-warehouse-view.ts, /Users/laoer/Documents/higoods/src/data/fcs/printing-work-order-business.ts, /Users/laoer/Documents/higoods/src/data/fcs/process-action-writeback-service.ts, /Users/laoer/Documents/higoods/src/data/fcs/process-execution-writeback.ts, /Users/laoer/Documents/higoods/src/data/fcs/process-mobile-task-binding.ts, /Users/laoer/Documents/higoods/src/data/fcs/process-warehouse-linkage-service.ts, /Users/laoer/Documents/higoods/src/data/fcs/process-web-status-actions.ts, /Users/laoer/Documents/higoods/src/data/fcs/process-work-order-domain.ts, /Users/laoer/Documents/higoods/src/data/fcs/process-work-order-generation-service.ts, /Users/laoer/Documents/higoods/src/data/fcs/production-demand-early-process-work-orders.ts, /Users/laoer/Documents/higoods/src/data/fcs/production-object-overview.ts, /Users/laoer/Documents/higoods/src/data/fcs/production-process-work-order-service.ts, /Users/laoer/Documents/higoods/src/data/fcs/task-print-cards.ts, /Users/laoer/Documents/higoods/src/pages/pda-exec-detail.ts, /Users/laoer/Documents/higoods/src/pages/pda-exec.ts, /Users/laoer/Documents/higoods/src/pages/pda-task-receive.ts, /Users/laoer/Documents/higoods/src/pages/print/templates/printing-work-order-template.ts, /Users/laoer/Documents/higoods/src/pages/process-factory/cutting/production-order-overview-projection.ts, /Users/laoer/Documents/higoods/src/pages/process-factory/dyeing/pending-receipts.ts, /Users/laoer/Documents/higoods/src/pages/process-factory/printing/dashboards.ts, /Users/laoer/Documents/higoods/src/pages/process-factory/printing/dialogs.ts, /Users/laoer/Documents/higoods/src/pages/process-factory/printing/dispatch.ts, /Users/laoer/Documents/higoods/src/pages/process-factory/printing/events.ts, /Users/laoer/Documents/higoods/src/pages/process-factory/printing/presentation.ts, /Users/laoer/Documents/higoods/src/pages/process-factory/printing/shared.ts, /Users/laoer/Documents/higoods/src/pages/process-factory/printing/statistics.ts, /Users/laoer/Documents/higoods/src/pages/process-factory/printing/work-order-detail.ts, /Users/laoer/Documents/higoods/src/pages/process-print-orders.ts, /Users/laoer/Documents/higoods/src/pages/process-work-orders/early-process-management.ts, /Users/laoer/Documents/higoods/src/runtime/fcs/cutting/pickup-management-runtime.ts, dynamic import will not move module into another chunk.

computing gzip size...
dist/index.html                                                           1.12 kB │ gzip:   0.61 kB
dist/assets/pcs-pattern-parse.worker-B3_rAVMB.js                         18.52 kB
dist/assets/source-views-23Nr_RHD.css                                    34.63 kB │ gzip:   7.04 kB
dist/assets/index-DUNYGJdm.css                                          155.39 kB │ gzip:  25.44 kB
dist/assets/pcs-project-demo-seed-service-COOi2Kbg.js                     0.06 kB │ gzip:   0.08 kB
dist/assets/store-domain-quality-bootstrap-DSubphqS.js                    0.38 kB │ gzip:   0.25 kB
dist/assets/sample-warehouse-projection-hIA1L680.js                       0.39 kB │ gzip:   0.25 kB
dist/assets/dialogs-BtVNBzNQ.js                                           0.58 kB │ gzip:   0.31 kB
dist/assets/tech-pack-qCzN1QLi.js                                         0.59 kB │ gzip:   0.32 kB
dist/assets/transfer-bag-handover-mock-BdbHCbYE.js                        0.63 kB │ gzip:   0.41 kB
dist/assets/pcs-reset-placeholder-CnFT5Fwx.js                             0.72 kB │ gzip:   0.45 kB
dist/assets/badge-DpSDBBWm.js                                             0.78 kB │ gzip:   0.42 kB
dist/assets/images-Q79qfJD0.js                                            0.80 kB │ gzip:   0.35 kB
dist/assets/placeholder-CAfSYrvc.js                                       0.82 kB │ gzip:   0.44 kB
dist/assets/pms-export-CQMeskbB.js                                        0.83 kB │ gzip:   0.50 kB
dist/assets/trace-DvlTXuTj.js                                             0.85 kB │ gzip:   0.49 kB
dist/assets/execution-prep-projection-helpers-D8HhmYud.js                 0.90 kB │ gzip:   0.44 kB
dist/assets/runtime-DY769RIr.js                                           0.90 kB │ gzip:   0.61 kB
dist/assets/history-BsHNd034.js                                           0.94 kB │ gzip:   0.61 kB
dist/assets/payment-sync-C0a5njx2.js                                      0.97 kB │ gzip:   0.62 kB
dist/assets/print-service-Chq61wbl.js                                     1.04 kB │ gzip:   0.52 kB
dist/assets/pda-sewing-self-return-mode-CVT5AEl1.js                       1.07 kB │ gzip:   0.54 kB
dist/assets/detail.adapter-SQ_2r86k.js                                    1.08 kB │ gzip:   0.68 kB
dist/assets/process-work-order-generation-service-DX7anO8V.js             1.08 kB │ gzip:   0.66 kB
dist/assets/dialogs-HnpEvidK.js                                           1.08 kB │ gzip:   0.49 kB
dist/assets/dyeing-material-receipts-CqBmXNyd.js                          1.11 kB │ gzip:   0.73 kB
dist/assets/pda-runtime-STBcdf1t.js                                       1.12 kB │ gzip:   0.62 kB
dist/assets/overview-BYxkozyb.js                                          1.25 kB │ gzip:   0.69 kB
dist/assets/process-work-order-source-view-D9NrCdgr.js                    1.31 kB │ gzip:   0.58 kB
dist/assets/work-order-action-policy-CjMt7QiT.js                          1.34 kB │ gzip:   0.68 kB
dist/assets/real-qr-DhycaUX5.js                                           1.48 kB │ gzip:   0.83 kB
dist/assets/filter-bar-CVKqoh5L.js                                        1.49 kB │ gzip:   0.81 kB
dist/assets/material-identity-BsUybM6t.js                                 1.55 kB │ gzip:   0.85 kB
dist/assets/supplement-material-prep-demand-registry-DI-N3DvB.js          1.56 kB │ gzip:   0.75 kB
dist/assets/warehouse-shared-CwZpmNi9.js                                  1.57 kB │ gzip:   0.51 kB
dist/assets/pda-cutting-wait-handover-actions-BNuNZtul.js                 1.58 kB │ gzip:   0.62 kB
dist/assets/task-handover-domain-COMemIYB.js                              1.58 kB │ gzip:   0.77 kB
dist/assets/work-order-detail-CphXrF-7.js                                 1.66 kB │ gzip:   0.77 kB
dist/assets/task-chain-pages-adapter-IE4JGU4a.js                          1.72 kB │ gzip:   0.85 kB
dist/assets/production-contract-print-PEM_2Chb.js                         1.73 kB │ gzip:   1.05 kB
dist/assets/tmf-work-order-view-A3gGnLTN.js                               1.79 kB │ gzip:   0.88 kB
dist/assets/real-barcode-DTxJLzjM.js                                      1.81 kB │ gzip:   0.97 kB
dist/assets/wool-pda-scan-BWjy9ir2.js                                     1.81 kB │ gzip:   1.00 kB
dist/assets/tmf-upstream-receiving-DyZC_JYJ.js                            1.84 kB │ gzip:   1.14 kB
dist/assets/list-export-CgioiAnA.js                                       1.86 kB │ gzip:   1.09 kB
dist/assets/toast-B-kkA5Xp.js                                             1.87 kB │ gzip:   0.90 kB
dist/assets/kol-goto-fixed-total-ledger-BJ-OxGVK.js                       1.93 kB │ gzip:   0.92 kB
dist/assets/printing-sheet-preview-hoCAphIJ.js                            1.94 kB │ gzip:   1.02 kB
dist/assets/table-CzEVmLji.js                                             2.04 kB │ gzip:   1.03 kB
dist/assets/pda-cutting-simple-cut-piece-handover-CtI6w3nb.js             2.14 kB │ gzip:   1.11 kB
dist/assets/binding-process-pda-scan-uKs5HdKO.js                          2.18 kB │ gzip:   1.13 kB
dist/assets/special-craft-pda-scope-C1fB2cj2.js                           2.22 kB │ gzip:   1.01 kB
dist/assets/helpers-BFKa6pUf.js                                           2.42 kB │ gzip:   1.21 kB
dist/assets/pms-excel-import-DnMCWv6B.js                                  2.66 kB │ gzip:   1.32 kB
dist/assets/shared-BTFSu4d4.js                                            2.70 kB │ gzip:   1.03 kB
dist/assets/process-order-list-presentation-DJ0niscL.js                   2.71 kB │ gzip:   1.27 kB
dist/assets/marker-plan-projection-C3bNBJqd.js                            2.77 kB │ gzip:   1.19 kB
dist/assets/post-finishing-spu-technical-parameters-Cq7IN49k.js           2.79 kB │ gzip:   1.28 kB
dist/assets/authorization-code-CBzMdyHy.js                                2.87 kB │ gzip:   1.41 kB
dist/assets/process-order-task-relations-BAp64B5P.js                      2.97 kB │ gzip:   1.29 kB
dist/assets/production-order-identity-C6ab3R7n.js                         3.00 kB │ gzip:   1.24 kB
dist/assets/product-skus-CEt6Fukj.js                                      3.03 kB │ gzip:   0.96 kB
dist/assets/progress-board-WK0n1LyV.js                                    3.05 kB │ gzip:   1.45 kB
dist/assets/tabs-aotrSXS3.js                                              3.09 kB │ gzip:   0.93 kB
dist/assets/confirmation-print-8nQPVc-4.js                                3.09 kB │ gzip:   1.32 kB
dist/assets/pda-cutting-runtime-action-inputs-CdOimFB5.js                 3.15 kB │ gzip:   1.09 kB
dist/assets/trade-subjects-B1U82DIE.js                                    3.16 kB │ gzip:   1.12 kB
dist/assets/wls-page-handlers-CBY_e7qD.js                                 3.31 kB │ gzip:   1.07 kB
dist/assets/tmf-upstream-process-orders-DtqBs6-H.js                       3.35 kB │ gzip:   1.59 kB
dist/assets/task-route-card-yNad7uVK.js                                   3.35 kB │ gzip:   1.47 kB
dist/assets/cutting-mainline-DzcTlsO8.js                                  3.41 kB │ gzip:   1.53 kB
dist/assets/task-delivery-card-DSlpQ2HH.js                                3.41 kB │ gzip:   1.54 kB
dist/assets/transfer-bags-projection-B8AVmj40.js                          3.52 kB │ gzip:   1.49 kB
dist/assets/binding-process-warehouse-linkage-service-C56U1cJC.js         3.63 kB │ gzip:   1.38 kB
dist/assets/fcs-route-links-CAuCe2WN.js                                   3.67 kB │ gzip:   1.20 kB
dist/assets/quality-chain-adapter-VOOJfGzU.js                             3.68 kB │ gzip:   1.66 kB
dist/assets/shared-B_P8z2R7.js                                            3.73 kB │ gzip:   1.70 kB
dist/assets/engineering-file-upload-CuiXFSN0.js                           3.77 kB │ gzip:   1.71 kB
dist/assets/shared-DzCZv56X.js                                            3.92 kB │ gzip:   1.64 kB
dist/assets/transfer-bag-repack-mock-CFtKVWCp.js                          3.95 kB │ gzip:   1.82 kB
dist/assets/sewing-outsourcing-demo-DWtrsdW7.js                           3.95 kB │ gzip:   1.58 kB
dist/assets/dashboards-okjv9-XH.js                                        4.07 kB │ gzip:   2.00 kB
dist/assets/transit-simple-lists-BcP_DEky.js                              4.10 kB │ gzip:   1.44 kB
dist/assets/pda-wool-warehouse-flows-C6Zrx_FO.js                          4.37 kB │ gzip:   2.33 kB
dist/assets/form-DqCwEjy3.js                                              4.37 kB │ gzip:   1.39 kB
dist/assets/sewing-outsourcing-responsibility-xM6YEUkl.js                 4.42 kB │ gzip:   1.96 kB
dist/assets/supplement-order-registry-CHnc7juB.js                         4.49 kB │ gzip:   1.76 kB
dist/assets/preparation-material-receipt-sources-BCYJ2iMe.js              4.68 kB │ gzip:   1.95 kB
dist/assets/routes-pda-XMDTcbgL.js                                        4.74 kB │ gzip:   1.80 kB
dist/assets/layout.helpers-lhKbdsQj.js                                    4.76 kB │ gzip:   1.73 kB
dist/assets/runtime-task-tenders-YGz6fHpq.js                              4.76 kB │ gzip:   1.94 kB
dist/assets/relations-CxMm76Bo.js                                         4.77 kB │ gzip:   2.17 kB
dist/assets/process-order-list-controller-CGRdugPt.js                     4.81 kB │ gzip:   1.86 kB
dist/assets/transit-dashboard-DmeedJ9F.js                                 4.81 kB │ gzip:   2.02 kB
dist/assets/result-list-BZAAm0iA.js                                       4.94 kB │ gzip:   2.06 kB
dist/assets/store-domain-dispatch-process-RthGbGqh.js                     5.01 kB │ gzip:   1.95 kB
dist/assets/process-work-order-quality-settlement-C3bWIDf3.js             5.33 kB │ gzip:   2.20 kB
dist/assets/dispatch-task-sheet-DYlRRkW7.js                               5.56 kB │ gzip:   2.65 kB
dist/assets/routes-pcs-CggVsmzK.js                                        5.62 kB │ gzip:   1.62 kB
dist/assets/process-order-three-axis-view-BwKNgH5W.js                     5.72 kB │ gzip:   2.30 kB
dist/assets/production-contract-center-BunCPj6u.js                        5.77 kB │ gzip:   2.48 kB
dist/assets/pda-cutting-nav-context-t0cYfECd.js                           5.95 kB │ gzip:   1.40 kB
dist/assets/fcs-pda-pickup-dispute-BMa-2mLl.js                            6.19 kB │ gzip:   2.19 kB
dist/assets/material-handover-Cx4NXK0J.js                                 6.21 kB │ gzip:   2.42 kB
dist/assets/warehouse-standard-XhL2t2ju.js                                6.27 kB │ gzip:   2.08 kB
dist/assets/fact-view-DxYiNOw2.js                                         6.29 kB │ gzip:   2.08 kB
dist/assets/statistics-D7FFxHaq.js                                        6.31 kB │ gzip:   1.90 kB
dist/assets/craft-actions-B2Ht9VnR.js                                     6.38 kB │ gzip:   2.89 kB
dist/assets/pcs-project-technical-data-writeback-CSV9U9ok.js              6.41 kB │ gzip:   2.48 kB
dist/assets/pda-notify-D1YTyTyS.js                                        6.49 kB │ gzip:   2.38 kB
dist/assets/pda-transfer-bag-detail-BFfipHwU.js                           6.50 kB │ gzip:   2.34 kB
dist/assets/workbench-DR4DvR8-.js                                         6.55 kB │ gzip:   2.65 kB
dist/assets/factory-receiving-links-BisqhSiG.js                           6.57 kB │ gzip:   2.63 kB
dist/assets/sewing-outsourcing-supplement-tracking-CFG19EN6.js            6.63 kB │ gzip:   2.89 kB
dist/assets/shared-BJpEmAK8.js                                            6.78 kB │ gzip:   2.50 kB
dist/assets/production-contract-master-template-DAp_1w8Y.js               6.85 kB │ gzip:   2.74 kB
dist/assets/dye-work-order-times-CxLziefL.js                              7.12 kB │ gzip:   2.52 kB
dist/assets/pda-cutting-execution-unit-Bb-KGi9t.js                        7.16 kB │ gzip:   2.70 kB
dist/assets/shared-Br53fLBs.js                                            7.22 kB │ gzip:   2.53 kB
dist/assets/overview.helpers-BP2F5Yu8.js                                  7.36 kB │ gzip:   2.88 kB
dist/assets/pda-notify-detail-CNK1r7AQ.js                                 7.38 kB │ gzip:   2.34 kB
dist/assets/pda-cutting-fei-ticket-numbering-nbzhUL9P.js                  7.40 kB │ gzip:   2.46 kB
dist/assets/settlement-flow-boundaries-DbkSNas3.js                        7.43 kB │ gzip:   2.53 kB
dist/assets/pda-warehouse-CMPPuMuQ.js                                     7.48 kB │ gzip:   2.98 kB
dist/assets/production-craft-dict-CgGT-SwO.js                             7.51 kB │ gzip:   2.82 kB
dist/assets/transit-warehouse-CGN4xIMS.js                                 7.54 kB │ gzip:   2.13 kB
dist/assets/sewing-outsourcing-return-tracking-D18gFD3E.js                7.58 kB │ gzip:   2.84 kB
dist/assets/workbench-CJLuTwdG.js                                         7.61 kB │ gzip:   3.12 kB
dist/assets/pda-cutting-transfer-bag-recovery-Cs9mCfjz.js                 7.70 kB │ gzip:   3.23 kB
dist/assets/pcs-material-archive-detail-Cd8lh2u_.js                       7.71 kB │ gzip:   2.70 kB
dist/assets/supplement-node-facts-BT-N9kbl.js                             7.77 kB │ gzip:   2.85 kB
dist/assets/production-contracts-BhOb_v-p.js                              8.06 kB │ gzip:   2.74 kB
dist/assets/pda-cutting-transfer-bag-scrap-ClUAWcCY.js                    8.08 kB │ gzip:   3.35 kB
dist/assets/progress-exception-lifecycle-BJx0gSBY.js                      8.09 kB │ gzip:   2.70 kB
dist/assets/routes-pms-1jAKV7PV.js                                        8.16 kB │ gzip:   2.10 kB
dist/assets/statistics-3BZ4afLa.js                                        8.38 kB │ gzip:   3.63 kB
dist/assets/milestone-configs-CnFa4uIe.js                                 8.42 kB │ gzip:   2.95 kB
dist/assets/bom-templates-Br7_yp-y.js                                     8.47 kB │ gzip:   1.81 kB
dist/assets/pre-settlement-ledger-repository-CXtjQz3U.js                  8.64 kB │ gzip:   2.96 kB
dist/assets/pcs-pattern-library-config-Cog0QesU.js                        8.73 kB │ gzip:   2.37 kB
dist/assets/bom-templates-DRQ24_Nk.js                                     8.80 kB │ gzip:   3.66 kB
dist/assets/fei-ticket-numbering-BXxJzZ3h.js                              8.81 kB │ gzip:   3.09 kB
dist/assets/warehouses-zI9ocKIC.js                                        8.83 kB │ gzip:   2.08 kB
dist/assets/pda-cutting-shared-CVQ4e1lh.js                                8.83 kB │ gzip:   2.71 kB
dist/assets/navigation-context-D9UcmbyJ.js                                8.87 kB │ gzip:   2.46 kB
dist/assets/yarn-shipments-k5j_SEJ4.js                                    8.92 kB │ gzip:   4.04 kB
dist/assets/list-wzVbrraD.js                                              9.04 kB │ gzip:   3.02 kB
dist/assets/pda-login-C9HuQJbo.js                                         9.18 kB │ gzip:   3.55 kB
dist/assets/dye-work-order-online-domain-DaAZTZ0o.js                      9.53 kB │ gzip:   3.55 kB
dist/assets/production-receipts-BYesWen5.js                               9.53 kB │ gzip:   3.85 kB
dist/assets/sewing-pickup-slips-tt5NeJFY.js                               9.56 kB │ gzip:   3.59 kB
dist/assets/production-return-fulfillment-DnlcCzBS.js                    10.02 kB │ gzip:   3.82 kB
dist/assets/purchase-suggestions-Duv_PHLl.js                             10.15 kB │ gzip:   3.10 kB
dist/assets/trade-subjects-BOK69VH1.js                                   10.19 kB │ gzip:   3.70 kB
dist/assets/pms-handlers-URAeeF4z.js                                     10.63 kB │ gzip:   2.39 kB
dist/assets/settings-5YhTNmQF.js                                         10.65 kB │ gzip:   3.20 kB
dist/assets/product-skus-CdI3FgrF.js                                     10.67 kB │ gzip:   4.11 kB
dist/assets/transit-receipts-Dg9Giez8.js                                 10.92 kB │ gzip:   3.99 kB
dist/assets/task-breakdown-Dtgwnth5.js                                   11.01 kB │ gzip:   4.04 kB
dist/assets/presentation-DMUJ2fTA.js                                     11.02 kB │ gzip:   4.53 kB
dist/assets/tasks-Bb9g3L-i.js                                            11.26 kB │ gzip:   4.32 kB
dist/assets/material-transfers-BuSx4LsL.js                               11.28 kB │ gzip:   3.91 kB
dist/assets/pda-exec-link-CkCM8ktq.js                                    11.32 kB │ gzip:   3.69 kB
dist/assets/material-prep-BlwTuesW.js                                    11.40 kB │ gzip:   2.68 kB
dist/assets/dyeing-warehouse-view-CXl8OUwP.js                            11.46 kB │ gzip:   3.94 kB
dist/assets/warehouses-CYru3Ujq.js                                       11.67 kB │ gzip:   4.20 kB
dist/assets/process-statistics-domain-5vCvnhUK.js                        12.19 kB │ gzip:   3.97 kB
dist/assets/pickup-management-runtime-BzDuZPec.js                        12.20 kB │ gzip:   4.71 kB
dist/assets/task-execution-adapter-GEhIp4UF.js                           12.22 kB │ gzip:   3.67 kB
dist/assets/wls-inbound-B1y-izNP.js                                      12.33 kB │ gzip:   4.74 kB
dist/assets/bom-detail-3nOJTYXQ.js                                       12.33 kB │ gzip:   4.32 kB
dist/assets/returns-DFOpmJqe.js                                          12.40 kB │ gzip:   4.57 kB
dist/assets/handover-print-IWH1FSiu.js                                   12.42 kB │ gzip:   4.48 kB
dist/assets/cut-piece-return-warehouse-CvXgB5dF.js                       12.43 kB │ gzip:   4.36 kB
dist/assets/meta-Cv7qImyB.js                                             12.80 kB │ gzip:   2.87 kB
dist/assets/context-BteqD7QI.js                                          12.97 kB │ gzip:   4.57 kB
dist/assets/responsibility-transfers-70Pnppe3.js                         13.03 kB │ gzip:   4.87 kB
dist/assets/handover-records-DQQgdUK0.js                                 13.11 kB │ gzip:   4.11 kB
dist/assets/supplements-5IRuW0wf.js                                      13.14 kB │ gzip:   4.73 kB
dist/assets/wls-finished-inbound-BukUUvWB.js                             13.17 kB │ gzip:   4.99 kB
dist/assets/pda-start-link-CP1Qh_d7.js                                   13.37 kB │ gzip:   4.73 kB
dist/assets/work-orders-B4_bo7_3.js                                      13.84 kB │ gzip:   4.67 kB
dist/assets/mobile-execution-task-index-Ik6Tz1Pf.js                      13.96 kB │ gzip:   3.70 kB
dist/assets/workbench-DBsjh6s6.js                                        14.03 kB │ gzip:   4.05 kB
dist/assets/work-order-detail-P90V6wC2.js                                14.13 kB │ gzip:   4.47 kB
dist/assets/post-finishing-qc-print-template-BfKwIZ4H.js                 14.45 kB │ gzip:   4.45 kB
dist/assets/work-orders-Df23sgCl.js                                      14.68 kB │ gzip:   4.75 kB
dist/assets/reports-COTTn3n1.js                                          14.75 kB │ gzip:   3.54 kB
dist/assets/full-flow-print-DaBebfVl.js                                  14.89 kB │ gzip:   4.83 kB
dist/assets/progress-handover-order-CsoThOGw.js                          15.07 kB │ gzip:   4.30 kB
dist/assets/pcs-engineering-tech-pack-workspace-BBRLwbx0.js              15.18 kB │ gzip:   5.42 kB
dist/assets/cut-order-release-integration-DZJXnsxE.js                    15.22 kB │ gzip:   5.39 kB
dist/assets/machines-DjVWC5Tg.js                                         15.31 kB │ gzip:   5.01 kB
dist/assets/outbound-orders-CjMSm3WM.js                                  15.34 kB │ gzip:   4.92 kB
dist/assets/pda-cutting-task-detail-D-3lKpan.js                          15.50 kB │ gzip:   5.38 kB
dist/assets/simple-cut-piece-handover-fixtures-Bu0RSWj1.js               15.90 kB │ gzip:   5.27 kB
dist/assets/process-web-status-actions-ozmQFsEZ.js                       15.97 kB │ gzip:   4.24 kB
dist/assets/cut-order-supplement-fixture-C_ak1pW7.js                     15.97 kB │ gzip:   4.83 kB
dist/assets/progress-cutting-detail-a1ZgU2hP.js                          15.99 kB │ gzip:   3.77 kB
dist/assets/pda-sewing-self-return-BuVojVSi.js                           15.99 kB │ gzip:   5.27 kB
dist/assets/garment-spu-replacement-BlulwsWV.js                          16.01 kB │ gzip:   4.85 kB
dist/assets/wls-garment-relabel-tasks-Brt_UmJy.js                        16.16 kB │ gzip:   5.30 kB
dist/assets/handover-ledger-view-7U6Hx1FA.js                             16.17 kB │ gzip:   4.45 kB
dist/assets/pda-notify-due-soon-Do0qQPPv.js                              16.49 kB │ gzip:   5.52 kB
dist/assets/material-requirements-xNA8w_3u.js                            16.76 kB │ gzip:   5.66 kB
dist/assets/suppliers-CF8Vrskm.js                                        16.77 kB │ gzip:   4.64 kB
dist/assets/events-cTJD0vbA.js                                           16.93 kB │ gzip:   6.62 kB
dist/assets/sewing-cut-piece-return-workflow-Ynu-HwjE.js                 17.18 kB │ gzip:   6.07 kB
dist/assets/warehouse-gvD_7ljK.js                                        17.25 kB │ gzip:   5.36 kB
dist/assets/production-confirmation-C3bAtinN.js                          17.25 kB │ gzip:   5.89 kB
dist/assets/output-stock-SIK8jW1O.js                                     17.37 kB │ gzip:   6.52 kB
dist/assets/marker-spreading-projection-CJjx5YQz.js                      17.48 kB │ gzip:   5.53 kB
dist/assets/sewing-cut-piece-responsibility-CIw7t0qS.js                  17.53 kB │ gzip:   5.26 kB
dist/assets/process-mobile-task-binding-wRx2vfKG.js                      17.56 kB │ gzip:   6.14 kB
dist/assets/bom-detail-ndeuvXnt.js                                       17.72 kB │ gzip:   5.71 kB
dist/assets/pda-handlers-B-NG3DIG.js                                     17.73 kB │ gzip:   4.69 kB
dist/assets/adjustments-DydmBBB-.js                                      18.11 kB │ gzip:   5.47 kB
dist/assets/pda-warehouse-inbound-records-3Np7yXY8.js                    18.15 kB │ gzip:   5.10 kB
dist/assets/purchase-demands-BjkR02-g.js                                 18.25 kB │ gzip:   5.84 kB
dist/assets/platform-process-result-view-5B6xWOuW.js                     18.53 kB │ gzip:   5.32 kB
dist/assets/store-domain-statement-source-adapter-kAUn4Mmg.js            18.56 kB │ gzip:   5.31 kB
dist/assets/sewing-outsourcing-workbench-BykOHqUp.js                     18.65 kB │ gzip:   6.46 kB
dist/assets/pda-warehouse-outbound-records-B0Pb63vl.js                   18.66 kB │ gzip:   5.32 kB
dist/assets/task-orders-Ct7cLov1.js                                      18.69 kB │ gzip:   6.31 kB
dist/assets/pda-warehouse-shared-C75yJR1P.js                             18.74 kB │ gzip:   5.59 kB
dist/assets/process-water-soluble-orders-BZDdHylj.js                     18.80 kB │ gzip:   5.73 kB
dist/assets/production-demand-early-process-work-orders-B5Et1Dh7.js      18.82 kB │ gzip:   5.60 kB
dist/assets/product-purchase-orders-DpqUVHxw.js                          18.90 kB │ gzip:   5.54 kB
dist/assets/materials-BA_owAdW.js                                        18.93 kB │ gzip:   4.79 kB
dist/assets/kol-goto-pda-domain-DNRb65k0.js                              19.16 kB │ gzip:   6.51 kB
dist/assets/platform.adapter-lwgZ6QLg.js                                 19.25 kB │ gzip:   6.08 kB
dist/assets/shared-DeGqep80.js                                           19.48 kB │ gzip:   5.27 kB
dist/assets/audit-records-wnWbbUX5.js                                    19.65 kB │ gzip:   6.34 kB
dist/assets/stage-display-BfLdt9cG.js                                    19.66 kB │ gzip:   6.95 kB
dist/assets/units-CydcgVOW.js                                            19.66 kB │ gzip:   5.86 kB
dist/assets/factory-sample-verification-flow-B8qdB7PZ.js                 19.86 kB │ gzip:   4.87 kB
dist/assets/index-koggEzcm.js                                            20.17 kB │ gzip:   5.20 kB
dist/assets/material-purchase-tracking-44TMOlrt.js                       20.23 kB │ gzip:   6.32 kB
dist/assets/pcs-engineering-master-list-DUdEYaiR.js                      20.34 kB │ gzip:   6.91 kB
dist/assets/deduction-analysis-C0QeOrnB.js                               20.56 kB │ gzip:   5.82 kB
dist/assets/fei-ticket-numbering-Bibg7pL7.js                             20.61 kB │ gzip:   5.68 kB
dist/assets/order-list-columns-C7CGGscy.js                               20.62 kB │ gzip:   6.46 kB
dist/assets/overview.adapter-BGSiDdfd.js                                 20.65 kB │ gzip:   6.53 kB
dist/assets/events-Mpc9L6wq.js                                           21.11 kB │ gzip:   6.52 kB
dist/assets/work-order-detail-CqdCzHNh.js                                21.13 kB │ gzip:   6.65 kB
dist/assets/pcs-engineering-master-view-model-bwmnshdE.js                21.18 kB │ gzip:   7.03 kB
dist/assets/suppliers-_XcRkn21.js                                        21.35 kB │ gzip:   6.79 kB
dist/assets/cut-piece-returns-rBYksLKX.js                                21.55 kB │ gzip:   6.47 kB
dist/assets/cut-piece-handover-5s4v_c6g.js                               21.75 kB │ gzip:   6.93 kB
dist/assets/tasks-uyS8rICb.js                                            22.00 kB │ gzip:   6.97 kB
dist/assets/progress-cutting-overview-DS0UTJOk.js                        22.02 kB │ gzip:   5.00 kB
dist/assets/material-issue-Cf4b8fri.js                                   22.02 kB │ gzip:   5.17 kB
dist/assets/pms-purchase-orders-BbVTyTW2.js                              22.04 kB │ gzip:   6.45 kB
dist/assets/routes-wls-B9OhuUQk.js                                       22.10 kB │ gzip:   7.14 kB
dist/assets/pcs-project-detail-support-Bvk8inSE.js                       22.10 kB │ gzip:   6.81 kB
dist/assets/qc-workbench-U8_THEIr.js                                     22.32 kB │ gzip:   6.88 kB
dist/assets/dye-work-order-online-view-QB3T5l5z.js                       22.47 kB │ gzip:   7.73 kB
dist/assets/recheck-orders-jALeh_y9.js                                   22.50 kB │ gzip:   7.05 kB
dist/assets/production-order-duration-DCUk2hIk.js                        22.50 kB │ gzip:   8.55 kB
dist/assets/warehouse-location-map-model-Da5qtcCi.js                     22.52 kB │ gzip:   7.15 kB
dist/assets/subject-operations-D448G_kC.js                               22.54 kB │ gzip:   6.98 kB
dist/assets/material-statements-Ove-ppNx.js                              22.71 kB │ gzip:   5.99 kB
dist/assets/progress-statistics-linkage-Bih7sr11.js                      22.82 kB │ gzip:   6.52 kB
dist/assets/simple-cut-piece-handover-ui-B5HU1HNH.js                     23.04 kB │ gzip:   8.89 kB
dist/assets/purchase-suggestions-DfulXJFb.js                             23.18 kB │ gzip:   7.23 kB
dist/assets/material-purchase-orders-BFVVS4kk.js                         23.29 kB │ gzip:   7.29 kB
dist/assets/process-order-task-links-BVGYaxsV.js                         23.57 kB │ gzip:   6.44 kB
dist/assets/process-print-orders-dtS41rsL.js                             23.59 kB │ gzip:   7.73 kB
dist/assets/pcs-handlers-BwGsWH-d.js                                     23.59 kB │ gzip:   6.10 kB
dist/assets/qc-orders-DEWbupYu.js                                        23.61 kB │ gzip:   7.31 kB
dist/assets/process-dye-orders-BkzwlisM.js                               23.77 kB │ gzip:   7.80 kB
dist/assets/machine-associations-DEM4Ykng.js                             24.42 kB │ gzip:   7.25 kB
dist/assets/fcs-production-tech-pack-snapshot-BiF6n1RK.js                24.58 kB │ gzip:   6.16 kB
dist/assets/material-preparation-B6NiYuS9.js                             24.59 kB │ gzip:   8.61 kB
dist/assets/retired-process-history-Oh7tIMDP.js                          24.75 kB │ gzip:   6.40 kB
dist/assets/dialogs-CrBXFWc-.js                                          24.87 kB │ gzip:   6.15 kB
dist/assets/wls-fabric-demand-board-D1AqNG9n.js                          25.05 kB │ gzip:   6.85 kB
dist/assets/kol-demands-TQgvvIU4.js                                      25.26 kB │ gzip:   7.33 kB
dist/assets/supplier-supply-archives-By_5xuaL.js                         25.55 kB │ gzip:   7.41 kB
dist/assets/pda-warehouse-wait-handover-BnGuzY1v.js                      25.61 kB │ gzip:   6.37 kB
dist/assets/sample-approval-suggestions-MhyqUTGV.js                      25.93 kB │ gzip:   7.97 kB
dist/assets/work-orders-Bf1xHwax.js                                      26.04 kB │ gzip:   8.93 kB
dist/assets/progress-milestone-config-B16EWERk.js                        26.43 kB │ gzip:   5.64 kB
dist/assets/sample-warehouse-C0ScJwTs.js                                 26.63 kB │ gzip:   6.62 kB
dist/assets/marker-spreading-utils-B5QbLBpD.js                           26.72 kB │ gzip:   7.83 kB
dist/assets/third-party-factory-rating-OLRSZgw6.js                       27.03 kB │ gzip:   7.57 kB
dist/assets/warehouse-location-map-v5flon21.js                           27.07 kB │ gzip:   7.08 kB
dist/assets/pcs-channel-products-Cq89-jbr.js                             27.09 kB │ gzip:   7.17 kB
dist/assets/pcs-pattern-library-detail-BMoWy3g5.js                       27.58 kB │ gzip:   6.56 kB
dist/assets/pda-wool-fact-execution-CRHX5taw.js                          27.84 kB │ gzip:   9.27 kB
dist/assets/warehouse-Det20jKK.js                                        28.08 kB │ gzip:   9.32 kB
dist/assets/production-order-progress-tracking-D098lUot.js               28.21 kB │ gzip:   9.21 kB
dist/assets/factory-status-CT5mQnLH.js                                   28.39 kB │ gzip:   6.00 kB
dist/assets/pcs-engineering-master-detail-Cn9RuX13.js                    28.47 kB │ gzip:   8.35 kB
dist/assets/marker-plan-source-model-CvSfIbo2.js                         28.86 kB │ gzip:   8.45 kB
dist/assets/logistics-reconciliations-BFVOQ3Ag.js                        28.87 kB │ gzip:   8.87 kB
dist/assets/progress-cutting-exception-center-AkEOs78t.js                29.09 kB │ gzip:   6.45 kB
dist/assets/material-reconciliations-CbHUDvME.js                         29.32 kB │ gzip:   8.86 kB
dist/assets/handover-orders-DM1KcUo0.js                                  30.04 kB │ gzip:   8.26 kB
dist/assets/early-process-management-CEuaFJPN.js                         30.06 kB │ gzip:   7.55 kB
dist/assets/pcs-config-workspace-hY0tqF_7.js                             30.75 kB │ gzip:   6.78 kB
dist/assets/base-orders-Da3fBOnR.js                                      31.09 kB │ gzip:  10.46 kB
dist/assets/capability-RtDdLRN7.js                                       31.61 kB │ gzip:   6.67 kB
dist/assets/material-archives-CEV6r9v-.js                                31.87 kB │ gzip:   7.90 kB
dist/assets/garment-spu-replacements-Dmie9_w2.js                         32.27 kB │ gzip:   9.07 kB
dist/assets/factory-performance-D00U5XB0.js                              32.27 kB │ gzip:   6.72 kB
dist/assets/task-detail-vFsRpyXA.js                                      32.45 kB │ gzip:   9.60 kB
dist/assets/dialogs-C-Lx-Tyh.js                                          32.55 kB │ gzip:   9.79 kB
dist/assets/pda-shell-io8cnoXw.js                                        32.92 kB │ gzip:   8.67 kB
dist/assets/process-warehouse-domain-BCwo-5OI.js                         32.98 kB │ gzip:   7.51 kB
dist/assets/cut-piece-return-domain-RTBqg9Xn.js                          33.09 kB │ gzip:   9.74 kB
dist/assets/pda-cutting-inbound-bMjpv_qH.js                              33.44 kB │ gzip:  10.02 kB
dist/assets/store-domain-settlement-seeds-Cq85e-vf.js                    33.63 kB │ gzip:   8.98 kB
dist/assets/pcs-pattern-library-a3ERzyS9.js                              33.64 kB │ gzip:   7.62 kB
dist/assets/warehouse-runtime-B29ZVu_V.js                                33.70 kB │ gzip:   8.63 kB
dist/assets/payment-requests-D_m7cyVk.js                                 34.01 kB │ gzip:   8.92 kB
dist/assets/stage-orders-B2gxMVn-.js                                     34.10 kB │ gzip:  10.44 kB
dist/assets/pda-warehouse-stocktake-BWg8tNT6.js                          34.46 kB │ gzip:   8.63 kB
dist/assets/stage-order-detail-BRZX365R.js                               34.49 kB │ gzip:   9.99 kB
dist/assets/work-orders-CWc3IaW6.js                                      34.50 kB │ gzip:  11.54 kB
dist/assets/first-leg-logistics-CAXER-C9.js                              34.57 kB │ gzip:   9.04 kB
dist/assets/work-order-detail-CsIt_XRh.js                                34.57 kB │ gzip:   9.39 kB
dist/assets/pda-post-finishing-flow-CP3Etp-r.js                          34.79 kB │ gzip:   9.27 kB
dist/assets/dispatch-acceptance-sla-CiVmgDiH.js                          34.91 kB │ gzip:   7.87 kB
dist/assets/pda-task-receive-detail-Bc1M5bwC.js                          35.23 kB │ gzip:   8.42 kB
dist/assets/pending-receipts-CMcMF1q-.js                                 35.27 kB │ gzip:  10.60 kB
dist/assets/water-soluble-orders-DO4Mg36b.js                             35.86 kB │ gzip:  10.76 kB
dist/assets/pda-cutting-transfer-bag-repack-CxStQAag.js                  35.91 kB │ gzip:  10.09 kB
dist/assets/work-order-detail-D5Vc08_5.js                                36.09 kB │ gzip:   9.65 kB
dist/assets/pcs-technical-data-C5CabwHw.js                               36.78 kB │ gzip:   9.80 kB
dist/assets/pcs-pattern-library-create-CK1d6Bwk.js                       36.89 kB │ gzip:   8.61 kB
dist/assets/special-processes-Dd4QGNOP.js                                37.19 kB │ gzip:   9.50 kB
dist/assets/first-leg-carriers-YB6JcVM6.js                               37.37 kB │ gzip:   9.89 kB
dist/assets/third-party-factory-comprehensive-assessment-DNV4Vo4s.js     37.40 kB │ gzip:  11.03 kB
dist/assets/pda-quality-BYDjo8lh.js                                      37.40 kB │ gzip:   9.77 kB
dist/assets/product-purchase-orders-C5XgmLHI.js                          37.53 kB │ gzip:   9.18 kB
dist/assets/cutting-statistics-ab-material-CDiqGnDG.js                   38.09 kB │ gzip:   8.61 kB
dist/assets/payment-requests-B2rJLczU.js                                 38.16 kB │ gzip:   9.94 kB
dist/assets/warehouse-Dfd1jbmb.js                                        38.49 kB │ gzip:  10.90 kB
dist/assets/material-purchase-orders-CoCWorbz.js                         38.92 kB │ gzip:  11.68 kB
dist/assets/pda-cutting-handover-BQDdnc4R.js                             38.97 kB │ gzip:  11.05 kB
dist/assets/fcs-handlers-D7bY18Rt.js                                     39.23 kB │ gzip:  11.76 kB
dist/assets/first-leg-shipments-CcxfY2AY.js                              39.84 kB │ gzip:   9.86 kB
dist/assets/wait-handover-runtime-hK1m8CwN.js                            41.22 kB │ gzip:  11.19 kB
dist/assets/print-styles-CpwrLb9V.js                                     41.87 kB │ gzip:   8.58 kB
dist/assets/pending-receipts-hQia_WHj.js                                 43.69 kB │ gzip:  15.55 kB
dist/assets/cutting-summary-upe2oEGo.js                                  44.04 kB │ gzip:  11.49 kB
dist/assets/warehouse-Cj7SnEJV.js                                        44.12 kB │ gzip:  11.17 kB
dist/assets/handover-orders-7H4rZLlG.js                                  44.18 kB │ gzip:   8.79 kB
dist/assets/demand-domain-u9P_xuMT.js                                    44.55 kB │ gzip:   9.88 kB
dist/assets/pcs-material-archives-CQWD0DNk.js                            45.95 kB │ gzip:  10.31 kB
dist/assets/warehouse-BiZnKl9W.js                                        46.18 kB │ gzip:  10.74 kB
dist/assets/batches-C3qVZ7Du.js                                          46.41 kB │ gzip:   9.85 kB
dist/assets/dispatch-tenders-ogiXVC9Q.js                                 47.24 kB │ gzip:  12.25 kB
dist/assets/dyeing-tWP5Bn9L.js                                           47.45 kB │ gzip:  10.18 kB
dist/assets/printing-DbGW7b1Z.js                                         47.45 kB │ gzip:  10.18 kB
dist/assets/other-Bt2pcKda.js                                            47.46 kB │ gzip:  10.20 kB
dist/assets/settlement-linked-mock-factory-rm7iLnh5.js                   47.63 kB │ gzip:  14.44 kB
dist/assets/sewing-OF6Niufd.js                                           48.48 kB │ gzip:  10.52 kB
dist/assets/progress-material-jr4x2Z0S.js                                48.72 kB │ gzip:   9.35 kB
dist/assets/material-inventory-BzuIEjNH.js                               48.92 kB │ gzip:  12.54 kB
dist/assets/pda-task-receive-vf_Nfhot.js                                 49.14 kB │ gzip:  12.23 kB
dist/assets/pda-cutting-execution-source-BChjzyha.js                     49.90 kB │ gzip:  13.50 kB
dist/assets/supplier-confirmations-EaxCrc1r.js                           49.92 kB │ gzip:  12.89 kB
dist/assets/pda-onboarding-DvcxXa3E.js                                   50.52 kB │ gzip:  10.77 kB
dist/assets/marker-plan-model-CYzgTSFZ.js                                51.50 kB │ gzip:  14.71 kB
dist/assets/pda-handover-Dl4g9tWn.js                                     52.12 kB │ gzip:  13.86 kB
dist/assets/store-domain-progress-D74hVUAG.js                            53.10 kB │ gzip:  11.77 kB
dist/assets/work-order-detail-zf4M03ny.js                                53.51 kB │ gzip:  16.76 kB
dist/assets/settlement-cutting-input-3xQDHfjU.js                         53.56 kB │ gzip:  11.04 kB
dist/assets/lace-factory-domain-DYqou2P5.js                              53.67 kB │ gzip:  13.40 kB
dist/assets/pcs-part-template-library-DR3IZkik.js                        53.77 kB │ gzip:  11.07 kB
dist/assets/progress-urge-CiGYHONN.js                                    56.35 kB │ gzip:  11.40 kB
dist/assets/pda-cutting-spreading-Cy5xnAJt.js                            56.56 kB │ gzip:  13.08 kB
dist/assets/warehouse-location-map-DFmcZq1-.js                           56.80 kB │ gzip:  16.84 kB
dist/assets/marker-plan-occupancy-D60YP4YZ.js                            57.09 kB │ gzip:  16.02 kB
dist/assets/wls-accessory-receipts-Bxh5tZ7-.js                           58.26 kB │ gzip:  14.77 kB
dist/assets/domain-snapshot-DYjQDYPI.js                                  59.32 kB │ gzip:  15.87 kB
dist/assets/cut-piece-release-CxfCQ6uQ.js                                60.06 kB │ gzip:  15.81 kB
dist/assets/pda-settlement-BER1uQuk.js                                   60.08 kB │ gzip:  13.66 kB
dist/assets/routes-fcs-B955OXHR.js                                       60.98 kB │ gzip:  12.76 kB
dist/assets/factory-profile-DcIZ6WrI.js                                  61.12 kB │ gzip:  14.02 kB
dist/assets/pickup-management-list-DEte0jel.js                           61.39 kB │ gzip:  17.10 kB
dist/assets/pcs-live-testing-BVZGN0t6.js                                 62.65 kB │ gzip:  15.76 kB
dist/assets/cutting-EV8NUYmT.js                                          62.79 kB │ gzip:  12.95 kB
dist/assets/progress-handover-CXlt_PSa.js                                63.79 kB │ gzip:  13.54 kB
dist/assets/production-object-overview-CXEmAe3X.js                       64.69 kB │ gzip:  13.12 kB
dist/assets/pcs-video-testing-DyPqkNsd.js                                64.82 kB │ gzip:  16.19 kB
dist/assets/production-object-overview-4vBp1dOi.js                       65.32 kB │ gzip:  15.34 kB
dist/assets/output-documents-G9rS86cv.js                                 66.15 kB │ gzip:  22.60 kB
dist/assets/pda-exec-Zn6UGTsO.js                                         66.88 kB │ gzip:  15.30 kB
dist/assets/pcs-sample-management-CIANgjed.js                            67.47 kB │ gzip:  15.34 kB
dist/assets/core-CvUqB2OP.js                                             67.54 kB │ gzip:  12.56 kB
dist/assets/cutting-daily-production-report-Dnl2Vwb2.js                  68.05 kB │ gzip:  19.05 kB
dist/assets/pcs-channel-stores-DJnchZXh.js                               69.22 kB │ gzip:  14.30 kB
dist/assets/context-C5E4JtiZ.js                                          69.43 kB │ gzip:  21.32 kB
dist/assets/sewing-dispatch-DbPENy4-.js                                  69.49 kB │ gzip:  18.07 kB
dist/assets/progress-exceptions-6rJA8rkg.js                              70.30 kB │ gzip:  13.27 kB
dist/assets/qc-records-6ohePIaL.js                                       71.00 kB │ gzip:  15.95 kB
dist/assets/wait-handover-actions-BQayCxAE.js                            71.83 kB │ gzip:  18.17 kB
dist/assets/special-craft-fei-ticket-flow-BCtPjwTm.js                    72.43 kB │ gzip:  16.43 kB
dist/assets/transfer-bags-gjRrsuGN.js                                    72.79 kB │ gzip:  18.41 kB
dist/assets/factory-onboarding-DsoD96KU.js                               75.21 kB │ gzip:  12.66 kB
dist/assets/pda-handover-detail-DwKcOSES.js                              75.36 kB │ gzip:  18.44 kB
dist/assets/settlement-D1kD1h84.js                                       75.54 kB │ gzip:  11.55 kB
dist/assets/dialogs-CpKNYFyJ.js                                          75.66 kB │ gzip:  18.69 kB
dist/assets/orders-domain-xsNl_NVn.js                                    76.24 kB │ gzip:  16.87 kB
dist/assets/pcs-independent-sampling-uIiVmM9W.js                         76.90 kB │ gzip:  19.54 kB
dist/assets/runtime-projections-CiYvEjjg.js                              78.01 kB │ gzip:  18.43 kB
dist/assets/transfer-bag-operations-DEmnyC-6.js                          78.06 kB │ gzip:  19.27 kB
dist/assets/process-action-writeback-service-DgJjurbh.js                 78.08 kB │ gzip:  17.83 kB
dist/assets/production-progress-BTRYmUJq.js                              80.58 kB │ gzip:  20.32 kB
dist/assets/pda-warehouse-wait-process-DFF2ivdT.js                       87.24 kB │ gzip:  21.10 kB
dist/assets/events-Bxa_-A-x.js                                           90.02 kB │ gzip:  22.18 kB
dist/assets/factory-onboarding-flow-BcLnLo2r.js                          90.59 kB │ gzip:  23.32 kB
dist/assets/dispatch-Bql9Mx9G.js                                         91.34 kB │ gzip:  27.77 kB
dist/assets/tmf-material-purchases-B83ZSF72.js                           92.20 kB │ gzip:  25.11 kB
dist/assets/cut-orders-B6_Ul-HQ.js                                       94.66 kB │ gzip:  24.39 kB
dist/assets/special-craft-task-orders-CXerNQdw.js                        99.16 kB │ gzip:  26.80 kB
dist/assets/pcs-product-archives-DktALyRx.js                            106.20 kB │ gzip:  21.44 kB
dist/assets/index-_kbFmjhM.js                                           109.43 kB │ gzip:  39.84 kB
dist/assets/app-shared-D1TZKv6B.js                                      111.01 kB │ gzip:  27.61 kB
dist/assets/transfer-bag-return-model-B3NH-Sj5.js                       112.94 kB │ gzip:  26.62 kB
dist/assets/supplement-management-DJPMc5F-.js                           113.22 kB │ gzip:  29.91 kB
dist/assets/unified-dispatch-workbench-DrO_K66F.js                      117.95 kB │ gzip:  33.07 kB
dist/assets/statements-De_QDYUC.js                                      119.48 kB │ gzip:  24.44 kB
dist/assets/events-HmAcU2pE.js                                          121.20 kB │ gzip:  31.26 kB
dist/assets/pcs-engineering-tasks-y5eUxN7A.js                           121.82 kB │ gzip:  27.76 kB
dist/assets/context-DXgfrJ4Z.js                                         132.99 kB │ gzip:  34.40 kB
dist/assets/production-roCbhD0i.js                                      133.89 kB │ gzip:  27.38 kB
dist/assets/process-domain-CQEsWfOr.js                                  138.94 kB │ gzip:  25.96 kB
dist/assets/generated-fei-tickets-DRUW_-gY.js                           143.00 kB │ gzip:  36.15 kB
dist/assets/preparation-timing-Ciqrghm6.js                              145.93 kB │ gzip:  34.39 kB
dist/assets/marker-plan-Ck3rQyPW.js                                     150.09 kB │ gzip:  35.40 kB
dist/assets/warehouse-hub-DlciXq20.js                                   152.72 kB │ gzip:  37.96 kB
dist/assets/marker-spreading-BF52NG_z.js                                154.06 kB │ gzip:  37.72 kB
dist/assets/return-inbound-OGWxCDZ3.js                                  183.42 kB │ gzip:  33.52 kB
dist/assets/fei-tickets-CYQLhc2e.js                                     196.51 kB │ gzip:  43.85 kB
dist/assets/index--GzcKvNw.js                                           210.12 kB │ gzip:  66.49 kB
dist/assets/index-BoTCUaVC.js                                           222.77 kB │ gzip:  51.97 kB
dist/assets/pcs-projects-DeIjZUQH.js                                    232.17 kB │ gzip:  50.52 kB
dist/assets/pda-exec-detail-CDJkvLSG.js                                 233.98 kB │ gzip:  54.26 kB
dist/assets/print-preview-C2bZQ1XH.js                                   274.25 kB │ gzip:  72.09 kB
dist/assets/production-timeliness-DKktgLw1.js                           459.91 kB │ gzip: 115.02 kB
dist/assets/pda-GJYtxtPK.js                                             511.97 kB │ gzip:  85.41 kB
dist/assets/production-source-shared-N9l0z4J7.js                      2,957.08 kB │ gzip: 737.86 kB

(!) Some chunks are larger than 550 kB after minification. Consider:
- Using dynamic import() to code-split the application
- Use build.rollupOptions.output.manualChunks to improve chunking: https://rollupjs.org/configuration-options/#output-manualchunks
- Adjust chunk size limit for this warning via build.chunkSizeWarningLimit.
✓ built in 8.87s
