[
  {
    id: 'UPSTREAM-PRINT',
    qty: 650,
    unit: '米',
    source: {
      sourceType: 'PRODUCTION_ORDER',
      productionOrderId: 'UPSTREAM-BROWSER-PROD',
      productionOrderNo: 'UPSTREAM-BROWSER-PROD',
      techPackVersionId: 'UPSTREAM-BROWSER-PROD-TECH-V1',
      techPackVersionLabel: 'V1',
      processEntryId: 'PRINT',
      routeObjectKey: 'BOM:BOM-WB',
      bomItemId: 'BOM-WB'
    }
  }
]
[
  {
    id: 'PWO-PRINT-001',
    missing: false,
    taskId: false,
    key: false,
    source: false,
    qty: [ 100, 100, 'Yard', 'Yard' ],
    task: false,
    nodes: false,
    view: false,
    quantities: [ 0, 0, 0, 0 ]
  },
  {
    id: 'PWO-PRINT-002',
    missing: false,
    taskId: false,
    key: false,
    source: false,
    qty: [ 100, 100, 'Yard', 'Yard' ],
    task: false,
    nodes: false,
    view: false,
    quantities: [ 0, 0, 0, 0 ]
  },
  {
    id: 'PWO-PRINT-003',
    missing: false,
    taskId: false,
    key: false,
    source: false,
    qty: [ 5200, 5200, '米', '米' ],
    task: false,
    nodes: false,
    view: false,
    quantities: [ 0, 0, 0, 0 ]
  },
  {
    id: 'PWO-PRINT-004',
    missing: false,
    taskId: false,
    key: false,
    source: false,
    qty: [ 3600, 3600, 'Yard', 'Yard' ],
    task: false,
    nodes: false,
    view: false,
    quantities: [ 872, 420, 0, 0 ]
  },
  {
    id: 'PWO-PRINT-005',
    missing: false,
    taskId: false,
    key: false,
    source: false,
    qty: [ 4100, 4100, '米', '米' ],
    task: false,
    nodes: false,
    view: false,
    quantities: [ 832, 832, 796, 7 ]
  },
  {
    id: 'PWO-PRINT-006',
    missing: false,
    taskId: false,
    key: false,
    source: false,
    qty: [ 2800, 2800, '公斤', '公斤' ],
    task: false,
    nodes: false,
    view: false,
    quantities: [ 1060, 1060, 1044, 9 ]
  },
  {
    id: 'PWO-PRINT-007',
    missing: false,
    taskId: false,
    key: false,
    source: false,
    qty: [ 468, 468, '米', '米' ],
    task: false,
    nodes: false,
    view: false,
    quantities: [ 0, 482, 468, 0 ]
  },
  {
    id: 'PWO-PRINT-009',
    missing: false,
    taskId: false,
    key: false,
    source: false,
    qty: [ 1010, 1010, '米', '米' ],
    task: false,
    nodes: false,
    view: false,
    quantities: [ 0, 1016, 620, 0 ]
  },
  {
    id: 'PWO-PRINT-010',
    missing: false,
    taskId: false,
    key: false,
    source: false,
    qty: [ 740, 740, '米', '米' ],
    task: false,
    nodes: false,
    view: false,
    quantities: [ 0, 750, 742, 0 ]
  },
  {
    id: 'PWO-PRINT-008',
    missing: false,
    taskId: false,
    key: false,
    source: false,
    qty: [ 624, 624, '米', '米' ],
    task: false,
    nodes: false,
    view: false,
    quantities: [ 636, 636, 624, 5 ]
  },
  {
    id: 'PWO-PRINT-011',
    missing: false,
    taskId: false,
    key: false,
    source: false,
    qty: [ 910, 910, '米', '米' ],
    task: false,
    nodes: false,
    view: false,
    quantities: [ 0, 0, 0, 0 ]
  },
  {
    id: 'PWO-PRINT-012',
    missing: false,
    taskId: false,
    key: false,
    source: false,
    qty: [ 960, 960, '米', '米' ],
    task: false,
    nodes: false,
    view: false,
    quantities: [ 0, 0, 0, 0 ]
  },
  {
    id: 'PWO-PRINT-DEMO-01-1',
    missing: false,
    taskId: false,
    key: false,
    source: false,
    qty: [ 100, 100, 'Yard', 'Yard' ],
    task: false,
    nodes: false,
    view: false,
    quantities: [ 0, 0, 0, 0 ]
  },
  {
    id: 'PWO-PRINT-DEMO-01-2',
    missing: false,
    taskId: false,
    key: false,
    source: false,
    qty: [ 100, 100, 'Yard', 'Yard' ],
    task: false,
    nodes: false,
    view: false,
    quantities: [ 100, 0, 0, 0 ]
  },
  {
    id: 'PWO-PRINT-DEMO-01-3',
    missing: false,
    taskId: false,
    key: false,
    source: false,
    qty: [ 100, 100, 'Yard', 'Yard' ],
    task: false,
    nodes: false,
    view: false,
    quantities: [ 100, 100, 0, 0 ]
  },
  {
    id: 'PWO-PRINT-DEMO-01-4',
    missing: false,
    taskId: false,
    key: false,
    source: false,
    qty: [ 100, 100, 'Yard', 'Yard' ],
    task: false,
    nodes: false,
    view: false,
    quantities: [ 100, 100, 98, 2 ]
  },
  {
    id: 'PWO-PRINT-DEMO-01-5',
    missing: false,
    taskId: false,
    key: false,
    source: false,
    qty: [ 100, 100, 'Yard', 'Yard' ],
    task: false,
    nodes: false,
    view: false,
    quantities: [ 100, 100, 98, 2 ]
  },
  {
    id: 'PWO-PRINT-DEMO-02-1',
    missing: false,
    taskId: false,
    key: false,
    source: false,
    qty: [ 110, 110, 'Yard', 'Yard' ],
    task: false,
    nodes: false,
    view: false,
    quantities: [ 0, 0, 0, 0 ]
  },
  {
    id: 'PWO-PRINT-DEMO-02-2',
    missing: false,
    taskId: false,
    key: false,
    source: false,
    qty: [ 110, 110, 'Yard', 'Yard' ],
    task: false,
    nodes: false,
    view: false,
    quantities: [ 110, 0, 0, 0 ]
  },
  {
    id: 'PWO-PRINT-DEMO-02-3',
    missing: false,
    taskId: false,
    key: false,
    source: false,
    qty: [ 110, 110, 'Yard', 'Yard' ],
    task: false,
    nodes: false,
    view: false,
    quantities: [ 110, 110, 0, 0 ]
  },
  {
    id: 'PWO-PRINT-DEMO-02-4',
    missing: false,
    taskId: false,
    key: false,
    source: false,
    qty: [ 110, 110, 'Yard', 'Yard' ],
    task: false,
    nodes: false,
    view: false,
    quantities: [ 110, 110, 108, 2 ]
  },
  {
    id: 'PWO-PRINT-DEMO-02-5',
    missing: false,
    taskId: false,
    key: false,
    source: false,
    qty: [ 110, 110, 'Yard', 'Yard' ],
    task: false,
    nodes: false,
    view: false,
    quantities: [ 110, 110, 108, 2 ]
  },
  {
    id: 'PWO-PRINT-DEMO-03-1',
    missing: false,
    taskId: false,
    key: false,
    source: false,
    qty: [ 120, 120, 'Yard', 'Yard' ],
    task: false,
    nodes: false,
    view: false,
    quantities: [ 0, 0, 0, 0 ]
  },
  {
    id: 'PWO-PRINT-DEMO-03-2',
    missing: false,
    taskId: false,
    key: false,
    source: false,
    qty: [ 120, 120, 'Yard', 'Yard' ],
    task: false,
    nodes: false,
    view: false,
    quantities: [ 120, 0, 0, 0 ]
  },
  {
    id: 'PWO-PRINT-DEMO-03-3',
    missing: false,
    taskId: false,
    key: false,
    source: false,
    qty: [ 120, 120, 'Yard', 'Yard' ],
    task: false,
    nodes: false,
    view: false,
    quantities: [ 120, 120, 0, 0 ]
  },
  {
    id: 'PWO-PRINT-DEMO-03-4',
    missing: false,
    taskId: false,
    key: false,
    source: false,
    qty: [ 120, 120, 'Yard', 'Yard' ],
    task: false,
    nodes: false,
    view: false,
    quantities: [ 120, 120, 118, 2 ]
  },
  {
    id: 'PWO-PRINT-DEMO-03-5',
    missing: false,
    taskId: false,
    key: false,
    source: false,
    qty: [ 120, 120, 'Yard', 'Yard' ],
    task: false,
    nodes: false,
    view: false,
    quantities: [ 120, 120, 118, 2 ]
  },
  {
    id: 'PWO-PRINT-DEMO-04-1',
    missing: false,
    taskId: false,
    key: false,
    source: false,
    qty: [ 130, 130, 'Yard', 'Yard' ],
    task: false,
    nodes: false,
    view: false,
    quantities: [ 0, 0, 0, 0 ]
  },
  {
    id: 'PWO-PRINT-DEMO-04-2',
    missing: false,
    taskId: false,
    key: false,
    source: false,
    qty: [ 130, 130, 'Yard', 'Yard' ],
    task: false,
    nodes: false,
    view: false,
    quantities: [ 130, 0, 0, 0 ]
  },
  {
    id: 'PWO-PRINT-DEMO-04-3',
    missing: false,
    taskId: false,
    key: false,
    source: false,
    qty: [ 130, 130, 'Yard', 'Yard' ],
    task: false,
    nodes: false,
    view: false,
    quantities: [ 130, 130, 0, 0 ]
  },
  {
    id: 'PWO-PRINT-DEMO-04-4',
    missing: false,
    taskId: false,
    key: false,
    source: false,
    qty: [ 130, 130, 'Yard', 'Yard' ],
    task: false,
    nodes: false,
    view: false,
    quantities: [ 130, 130, 128, 2 ]
  },
  {
    id: 'PWO-PRINT-DEMO-04-5',
    missing: false,
    taskId: false,
    key: false,
    source: false,
    qty: [ 130, 130, 'Yard', 'Yard' ],
    task: false,
    nodes: false,
    view: false,
    quantities: [ 130, 130, 128, 2 ]
  },
  {
    id: 'PWO-PRINT-DEMO-05-1',
    missing: false,
    taskId: false,
    key: false,
    source: false,
    qty: [ 140, 140, 'Yard', 'Yard' ],
    task: false,
    nodes: false,
    view: false,
    quantities: [ 0, 0, 0, 0 ]
  },
  {
    id: 'PWO-PRINT-DEMO-05-2',
    missing: false,
    taskId: false,
    key: false,
    source: false,
    qty: [ 140, 140, 'Yard', 'Yard' ],
    task: false,
    nodes: false,
    view: false,
    quantities: [ 140, 0, 0, 0 ]
  },
  {
    id: 'PWO-PRINT-DEMO-05-3',
    missing: false,
    taskId: false,
    key: false,
    source: false,
    qty: [ 140, 140, 'Yard', 'Yard' ],
    task: false,
    nodes: false,
    view: false,
    quantities: [ 140, 140, 0, 0 ]
  },
  {
    id: 'PWO-PRINT-DEMO-05-4',
    missing: false,
    taskId: false,
    key: false,
    source: false,
    qty: [ 140, 140, 'Yard', 'Yard' ],
    task: false,
    nodes: false,
    view: false,
    quantities: [ 140, 140, 138, 2 ]
  },
  {
    id: 'PWO-PRINT-DEMO-05-5',
    missing: false,
    taskId: false,
    key: false,
    source: false,
    qty: [ 140, 140, 'Yard', 'Yard' ],
    task: false,
    nodes: false,
    view: false,
    quantities: [ 140, 140, 138, 2 ]
  },
  {
    id: 'PWO-PRINT-DEMO-06-1',
    missing: false,
    taskId: false,
    key: false,
    source: false,
    qty: [ 150, 150, 'Yard', 'Yard' ],
    task: false,
    nodes: false,
    view: false,
    quantities: [ 0, 0, 0, 0 ]
  },
  {
    id: 'PWO-PRINT-DEMO-06-2',
    missing: false,
    taskId: false,
    key: false,
    source: false,
    qty: [ 150, 150, 'Yard', 'Yard' ],
    task: false,
    nodes: false,
    view: false,
    quantities: [ 150, 0, 0, 0 ]
  },
  {
    id: 'PWO-PRINT-DEMO-06-3',
    missing: false,
    taskId: false,
    key: false,
    source: false,
    qty: [ 150, 150, 'Yard', 'Yard' ],
    task: false,
    nodes: false,
    view: false,
    quantities: [ 150, 150, 0, 0 ]
  },
  {
    id: 'PWO-PRINT-DEMO-06-4',
    missing: false,
    taskId: false,
    key: false,
    source: false,
    qty: [ 150, 150, 'Yard', 'Yard' ],
    task: false,
    nodes: false,
    view: false,
    quantities: [ 150, 150, 148, 2 ]
  },
  {
    id: 'PWO-PRINT-DEMO-06-5',
    missing: false,
    taskId: false,
    key: false,
    source: false,
    qty: [ 150, 150, 'Yard', 'Yard' ],
    task: false,
    nodes: false,
    view: false,
    quantities: [ 150, 150, 148, 2 ]
  },
  {
    id: 'PWO-PRINT-DEMO-07-1',
    missing: false,
    taskId: false,
    key: false,
    source: false,
    qty: [ 160, 160, 'Yard', 'Yard' ],
    task: false,
    nodes: false,
    view: false,
    quantities: [ 0, 0, 0, 0 ]
  },
  {
    id: 'PWO-PRINT-DEMO-07-2',
    missing: false,
    taskId: false,
    key: false,
    source: false,
    qty: [ 160, 160, 'Yard', 'Yard' ],
    task: false,
    nodes: false,
    view: false,
    quantities: [ 160, 0, 0, 0 ]
  },
  {
    id: 'PWO-PRINT-DEMO-07-3',
    missing: false,
    taskId: false,
    key: false,
    source: false,
    qty: [ 160, 160, 'Yard', 'Yard' ],
    task: false,
    nodes: false,
    view: false,
    quantities: [ 160, 160, 0, 0 ]
  },
  {
    id: 'PWO-PRINT-DEMO-07-4',
    missing: false,
    taskId: false,
    key: false,
    source: false,
    qty: [ 160, 160, 'Yard', 'Yard' ],
    task: false,
    nodes: false,
    view: false,
    quantities: [ 160, 160, 158, 2 ]
  },
  {
    id: 'PWO-PRINT-DEMO-07-5',
    missing: false,
    taskId: false,
    key: false,
    source: false,
    qty: [ 160, 160, 'Yard', 'Yard' ],
    task: false,
    nodes: false,
    view: false,
    quantities: [ 160, 160, 158, 2 ]
  },
  {
    id: 'PWO-PRINT-DEMO-08-1',
    missing: false,
    taskId: false,
    key: false,
    source: false,
    qty: [ 170, 170, 'Yard', 'Yard' ],
    task: false,
    nodes: false,
    view: false,
    quantities: [ 0, 0, 0, 0 ]
  },
  {
    id: 'PWO-PRINT-DEMO-08-2',
    missing: false,
    taskId: false,
    key: false,
    source: false,
    qty: [ 170, 170, 'Yard', 'Yard' ],
    task: false,
    nodes: false,
    view: false,
    quantities: [ 170, 0, 0, 0 ]
  },
  {
    id: 'PWO-PRINT-DEMO-08-3',
    missing: false,
    taskId: false,
    key: false,
    source: false,
    qty: [ 170, 170, 'Yard', 'Yard' ],
    task: false,
    nodes: false,
    view: false,
    quantities: [ 170, 170, 0, 0 ]
  },
  {
    id: 'PWO-PRINT-DEMO-08-4',
    missing: false,
    taskId: false,
    key: false,
    source: false,
    qty: [ 170, 170, 'Yard', 'Yard' ],
    task: false,
    nodes: false,
    view: false,
    quantities: [ 170, 170, 168, 2 ]
  },
  {
    id: 'PWO-PRINT-DEMO-08-5',
    missing: false,
    taskId: false,
    key: false,
    source: false,
    qty: [ 170, 170, 'Yard', 'Yard' ],
    task: false,
    nodes: false,
    view: false,
    quantities: [ 170, 170, 168, 2 ]
  },
  {
    id: 'PWO-PRINT-DEMO-09-1',
    missing: false,
    taskId: false,
    key: false,
    source: false,
    qty: [ 180, 180, 'Yard', 'Yard' ],
    task: false,
    nodes: false,
    view: false,
    quantities: [ 0, 0, 0, 0 ]
  },
  {
    id: 'PWO-PRINT-DEMO-09-2',
    missing: false,
    taskId: false,
    key: false,
    source: false,
    qty: [ 180, 180, 'Yard', 'Yard' ],
    task: false,
    nodes: false,
    view: false,
    quantities: [ 180, 0, 0, 0 ]
  },
  {
    id: 'PWO-PRINT-DEMO-09-3',
    missing: false,
    taskId: false,
    key: false,
    source: false,
    qty: [ 180, 180, 'Yard', 'Yard' ],
    task: false,
    nodes: false,
    view: false,
    quantities: [ 180, 180, 0, 0 ]
  },
  {
    id: 'PWO-PRINT-DEMO-09-4',
    missing: false,
    taskId: false,
    key: false,
    source: false,
    qty: [ 180, 180, 'Yard', 'Yard' ],
    task: false,
    nodes: false,
    view: false,
    quantities: [ 180, 180, 178, 2 ]
  },
  {
    id: 'PWO-PRINT-DEMO-09-5',
    missing: false,
    taskId: false,
    key: false,
    source: false,
    qty: [ 180, 180, 'Yard', 'Yard' ],
    task: false,
    nodes: false,
    view: false,
    quantities: [ 180, 180, 178, 2 ]
  },
  {
    id: 'PWO-PRINT-DEMO-10-1',
    missing: false,
    taskId: false,
    key: false,
    source: false,
    qty: [ 190, 190, 'Yard', 'Yard' ],
    task: false,
    nodes: false,
    view: false,
    quantities: [ 0, 0, 0, 0 ]
  },
  {
    id: 'PWO-PRINT-DEMO-10-2',
    missing: false,
    taskId: false,
    key: false,
    source: false,
    qty: [ 190, 190, 'Yard', 'Yard' ],
    task: false,
    nodes: false,
    view: false,
    quantities: [ 190, 0, 0, 0 ]
  },
  {
    id: 'PWO-PRINT-DEMO-10-3',
    missing: false,
    taskId: false,
    key: false,
    source: false,
    qty: [ 190, 190, 'Yard', 'Yard' ],
    task: false,
    nodes: false,
    view: false,
    quantities: [ 190, 190, 0, 0 ]
  },
  {
    id: 'PWO-PRINT-DEMO-10-4',
    missing: false,
    taskId: false,
    key: false,
    source: false,
    qty: [ 190, 190, 'Yard', 'Yard' ],
    task: false,
    nodes: false,
    view: false,
    quantities: [ 190, 190, 188, 2 ]
  },
  {
    id: 'PWO-PRINT-DEMO-10-5',
    missing: false,
    taskId: false,
    key: false,
    source: false,
    qty: [ 190, 190, 'Yard', 'Yard' ],
    task: false,
    nodes: false,
    view: false,
    quantities: [ 190, 190, 188, 2 ]
  },
  {
    id: 'UPSTREAM-PRINT',
    missing: false,
    taskId: false,
    key: false,
    source: false,
    qty: [ 650, 650, '米', '米' ],
    task: false,
    nodes: true,
    view: false,
    quantities: [ 0, 0, 0, 0 ]
  }
]
已保存的印花记录损坏或与原来源不一致，未覆盖原记录，请联系负责人。原加工单、卷或冻结来源不一致
node:internal/modules/run_main:107
    triggerUncaughtException(
    ^

page.waitForFunction: Timeout 10000ms exceeded.
    at /Users/laoer/Documents/higoods/output/playwright/tmf-webbing/upstream-sources-check.mjs:78:13 {
  log: [],
  name: 'TimeoutError'
}

Node.js v26.8.2
