
> higoods-vanilla-clone@1.0.0 build
> npm run typecheck:engineering && npm test && vite build


> higoods-vanilla-clone@1.0.0 typecheck:engineering
> npm run typecheck:entrypoints && npm run typecheck:scopes


> higoods-vanilla-clone@1.0.0 typecheck:entrypoints
> tsc --project tsconfig.engineering.json


> higoods-vanilla-clone@1.0.0 typecheck:scopes
> node scripts/check-typescript-scope.mjs src/domain/ src/components/ui/ src/state/

TypeScript 全量既有错误：61
本次渐进检查范围：src/domain/、src/components/ui/、src/state/
范围内错误：0
范围外既有错误保留在全量 typecheck 中继续分批治理。

> higoods-vanilla-clone@1.0.0 test
> npm run test:unit


> higoods-vanilla-clone@1.0.0 test:unit
> node --import tsx --test tests/unit/*.test.ts

✔ 浏览器存储封装保持读写删除语义 (0.432958ms)
✔ 浏览器存储不可用或抛错时保持静默降级 (0.081541ms)
(node:26311) ExperimentalWarning: localStorage is not available because --localstorage-file was not provided.
(Use `node --trace-warnings ...` to show where the warning was created)
✔ MIG-001/002/006: management entry and handlers belong to FCS; PFOS keeps execution (0.910708ms)
✔ MIG-003/007: prep and execution read the same early order identities, quantities and match status (3500.12025ms)
✔ MIG-004/009: migrated dialogs retain candidate fields, actual material image and task outputs (0.745917ms)
✔ MIG-011: management and execution use the same seven business display columns (12.217334ms)
✔ MIG-007: early dye/print creation and cancellation survive reload (3552.212208ms)
✔ 解析带标签、小数和空格的长度数量 (0.435417ms)
✔ 解析卷数并对不合法文本返回 0 (0.102958ms)
✔ 证据文件标识把连续空白收口为单个连字符 (0.146666ms)
(node:26314) ExperimentalWarning: localStorage is not available because --localstorage-file was not provided.
(Use `node --trace-warnings ...` to show where the warning was created)
✔ 设计改款可成批生成染色和印花加工单，且完整投影来源与上下游 (1810.616625ms)
✔ 设计改款加工单生成幂等，重复请求不增加单据 (14.775166ms)
✔ 同一设计改款任务的不同颜色和 BOM 行分别生成加工单 (16.603042ms)
✔ 成批提交失败时染色与印花加工单一起回滚 (5.181625ms)
✔ 设计改款来源缺关键引用或来源未知时必须阻断 (0.166708ms)
(node:26315) ExperimentalWarning: localStorage is not available because --localstorage-file was not provided.
(Use `node --trace-warnings ...` to show where the warning was created)
✔ 设计改款加工单等待买手审核成果，绑定真实附件后才可安排，先染后印继续受前序交出约束 (648.062708ms)
✔ 专业成果没有真实附件时保持未绑定 (7.5285ms)
(node:26316) ExperimentalWarning: localStorage is not available because --localstorage-file was not provided.
(Use `node --trace-warnings ...` to show where the warning was created)
✔ 可打印不等于可建交出单，必须完成真实标签打印 (0.466541ms)
✔ 卷规格无效时不可建交出单，且不改变原可打印判定语义 (0.070958ms)
✔ 人工完成印花加工单不再自动填充操作人 (384.81275ms)
✔ 日报窗口含截止日7天，重点日均独立使用前6天 (1.049625ms)
✔ 未知采购不填0，未BOM不输出完整确定订单需求 (0.254417ms)
✔ 突变必须绝对量与比例同时达到阈值 (0.152791ms)
✔ 截止日突变示例与未完结日不判定 (0.121917ms)
✔ 共享商品按SPU去重而不按关联行累加销量 (0.18525ms)
✔ 预选不产生确定用料；BOM需求保留物料归属 (0.280333ms)
✔ 同料BOM优先于预选，不重复关系及需量 (0.141042ms)
✔ 两个业务页具有独立容器、标准分页与证据边界 (25.294333ms)
✔ 未进入物料页面时 bridge 不加载业务；加载失败重试后首次渲染即已注册 (7.05325ms)
✔ click 分组顺序、短路、选择器范围保持原行为，重新注册替换旧处理器 (0.556208ms)
✔ 备料写入守卫读取实时角色与水位，阻断时不调用业务处理器 (0.309125ms)
✔ input/change/keyboard 原入口、筛选范围和 change 优先级完整保留 (0.298625ms)
✔ health groups are exhaustive and mutually exclusive in demo (0.780542ms)
✔ coverage and baseline use same inventory plus transit but distinct demand windows (0.089166ms)
✔ zero demand is unavailable rather than infinity and huge finite quotient stays finite (0.1365ms)
✔ date selects different consistent snapshot (0.0985ms)
✔ threshold changes alter classification without changing facts (0.070958ms)
✔ health view carries core P1 business sections and mock caveat (13.724083ms)
✔ AT16 rules do not substitute brand, size or packaging method (0.90775ms)
✔ AT24 equal priority conflict blocks resolution and identifies rules (0.819041ms)
✔ higher explicit priority resolves a lower priority overlap (0.921167ms)
✔ plans distinguish garments and parcels and add loss once (0.185792ms)
✔ AT18 white pendant stock only allocated once (0.08575ms)
✔ event duplicate and old revision do not add consumption; reprints are activity only (0.121542ms)
✔ conflicting same revision fails instead of silently choosing a payload (0.055875ms)
✔ AT17/19/20 panel states unresolved ASAYA, independent kit80 and unknown ribbon (0.247208ms)
✔ trigger distinct from target, existing supply produces explainable zero (1.210792ms)
✔ missing mapping or usage and incompatible raw unit block unsafe generation (0.367958ms)
✔ generation reserves remaining once and shared raw pool across target rules (1.341333ms)
✔ production does not increase stock; actual SKU and output bound partial receipts (0.287791ms)
✔ cancelled suggestion releases commitment and raw allocation (0.127833ms)
✔ AT05 committed greige is not available for a second allocation (0.460167ms)
✔ AT06 partial receipt reduces expected supply; checking and qualified never duplicate (0.311542ms)
✔ AT07 unmapped target preserves quantities but gives no target coverage (0.087292ms)
✔ §7.2 loss reduces future supply; rejected receipts never become usable (0.072667ms)
✔ §7.3 unit/yield/route and conservation gaps block deterministic supply (0.38875ms)
✔ §7.3 candidate comparison reports remaining shortage and respects arrival deadline (0.312916ms)
✔ §7.3 zero gap stays zero and nonfinite inputs cannot produce advice (0.102708ms)
✔ panel uses owned local handlers and discloses mock and missing images (2.599917ms)
✔ P2 coefficients and coverage exclude transit (11.461916ms)
✔ P2 coverage buckets have exclusive shared boundaries (0.47425ms)
✔ P2 partial receipts and completed batches count remaining only (1.643458ms)
✔ P2 latest overdue selected only if no future batch; today included (0.142791ms)
✔ P2 search transit and ETA filters compose (0.272458ms)
✔ P2 zero demand and missing BOM preserve distinct nulls; micro demand excluded (0.184875ms)
✔ P2 standard table renders and limits initial rows to first page (9.884916ms)
✔ AT01/02 internal reservation stays in coverage while external reservation is deducted (13.299125ms)
✔ AT03 quality segments are not usable (0.434292ms)
✔ AT04 partial receipt leaves remaining supply only (0.438709ms)
✔ AT08/38 late supply never erases earlier shortage (0.555041ms)
✔ AT09 intermediate deficit determines net need rather than positive closing balance (0.467792ms)
✔ AT10 MOQ and pack rounding, zero stays zero (0.458916ms)
✔ AT11 horizon begins at cutoff and is not expanded by lead time (0.638792ms)
✔ AT12 forecast covered by confirmed demand is excluded before coefficient (0.330042ms)
✔ AT13 no demand has no numeric coverage (0.483458ms)
✔ AT14 cancelling demand does not change stock (0.803459ms)
✔ AT15 latest event revision only (0.812042ms)
✔ AT16/17 directory preserves bag sizes and ASAYA duplicated input is one unresolved SKU (0.172792ms)
✔ AT18 three brands draw from one shared pool (0.3055ms)
✔ AT19/20 kit capacity respects minimum and missing conversion (0.135458ms)
✔ AT21 inactive/unusable stock remains physically visible (0.200167ms)
✔ AT23 affected order identifiers are unique (0.312625ms)
✔ AT25/26 draft does not mutate active and invalidates trial (0.079041ms)
✔ AT26/28 publish requires role and exact trial; history retained (0.201917ms)
✔ AT31 risk cannot close with remaining shortage or skip verification (0.161334ms)
✔ AT37 invalid dates, unknown timezone, bad numeric values rejected (0.089625ms)
✔ duplicate supply chain does not double count and blocks deterministic advice (0.082125ms)
✔ warehouse catalogue includes 17 locations and two garment warehouses (0.040583ms)
✔ candidate comparison retains pre-arrival risk (0.268166ms)
✔ SKU-specific policy wins and duplicate rules block publish (0.121375ms)
✔ 路由标准化移除 query 与 hash，但不改动路径 (0.347375ms)
✔ 只匹配路由根或其子路径，不误匹配相似前缀 (0.114583ms)
✔ 可在多个合法根路径中匹配一个 (0.0715ms)
✔ 只把完整生产确认单打印路由识别为命中 (0.101709ms)
✔ 物流商新增字段保存回显并写入操作日志 (3.296958ms)
✔ 物流商数字字段非负校验与运输方式枚举校验 (0.248625ms)
✔ 渠道新增字段保存回显，条件计费字段按计费方式保留 (0.371958ms)
✔ 整柜渠道不要求新增计费字段，仍要求四箱型完整配置 (0.133084ms)
✔ 渠道数字字段非负与时效区间校验 (0.109125ms)
✔ 头程批次聚合展示总箱数、总重量、总体积与转运天数 (0.415333ms)
✔ 工序链按保存顺序生效，合法工序集合固定，非法或重复工序被拒 (2.442834ms)
✔ 坯布 SKU 必填，坯布库存为 0 时调拨资格被拒，补足后恢复 (0.670959ms)
✔ 采购单按勾选 SKU 生成明细，数量与枚举非法被拒 (0.302917ms)
✔ 调拨单可选择调出仓库与调入目标，同步生成加工单号链 (0.391ms)
✔ 批量刷新库存更新全部监控行与刷新时间并写日志 (0.368333ms)
✔ 手动添加监控 SKU 校验 SKU 必填与重复，添加后进入列表 (0.497458ms)
✔ 物料申报扩展字段保存回显，26 项特殊属性按数组保存 (2.179583ms)
✔ 报关扩展：法定第二计量单位与数值，不报关分支跳过必填校验 (0.32925ms)
✔ BOM 业务选项与价格/成本、工厂、布料字段保存回显 (1.213625ms)
✔ 主体经营 9 项成本明细加调整重算总成本，数据缺失提醒可消除 (0.615541ms)
✔ 供应商从草稿到启用遵循状态机，名称唯一 (3.569209ms)
✔ 供货档案包装换算与快照版本 (0.429209ms)
✔ 物料全部有真实图片，采购补充信息可更新且不新增删除 (0.632416ms)
✔ 成衣与样衣 SKU 只读列表数据完整 (0.145125ms)
✔ 仓库同步更新时间，单位字典唯一且不可删除只可启停 (0.856166ms)
✔ BOM 用量可修改，说明可保存，发布后可生成面辅料需求 (3.187125ms)
✔ 面辅料需求种子就绪且可按物料行下推采购单 (4.378333ms)
✔ 快递信息导入校验采购单存在、单号唯一、日期与数量合法 (0.788542ms)
✔ 国内签收、加入头程、状态推进与到仓自动签收 (1.8845ms)
✔ 供应商确认单需标签齐备，确认后回写采购单 (1.230625ms)
✔ 整柜渠道必须完整配置四个箱型，物流商可启停 (0.595125ms)
✔ 面辅料采购单可带原因关闭，关闭后不能再登记到货 (0.324542ms)
✔ 库存监控触发线与建议量公式，规则异常阻断建单 (2.114875ms)
✔ 建单数量不得超过建议量，调拨与采购资格分别阻断 (0.323291ms)
✔ 中转看板指标、分布与筛选跳转规则 (0.493542ms)
✔ 生产单校验与配料任务只读数据完整，系统设置结果为 8/6/10 (0.17ms)
✔ 种子采购单按 SRM 生成器规律补齐单据级与明细级字段 (0.702416ms)
✔ 新建做货采购单保存采购专员、加急、首单、区域与明细字段并可回显 (1.278791ms)
✔ 未传新增字段时沿用默认值并保持既有命令兼容 (0.241583ms)
✔ 采购专员必填、做货必须选区域、重量非负均抛出中文 PmsDomainError (0.537334ms)
✔ 编辑采购单保存新增字段并回显，非法输入被阻断 (0.431125ms)
✔ BOM 状态与 bomMatched 一致，未发布 BOM 的做货明细为未匹配 (0.216ms)
✔ 行采购金额使用 roundPmsQty 且汇总等于逐行金额之和 (0.133584ms)
✔ 采购建议按缺口公式与折扣计算，并计入有效 KOL 申请 (0.689ms)
✔ KOL 草稿与已驳回不计入建议缺口 (0.089042ms)
✔ 建议转采购单后写回已转数量与部分生成状态 (1.126584ms)
✔ 面辅料需求按 BOM 用量与损耗扣减库存和采购中 (0.458042ms)
✔ 重复生成、草稿采购单与非做货采购单均被阻断 (0.101625ms)
✔ KOL 单条超量需要二次确认，超过申请量直接阻断 (0.255583ms)
✔ 驳回 KOL 需求后不再计入建议缺口 (0.751042ms)
✔ 关闭采购单必须填写原因且已关闭不可重复关闭 (0.175625ms)
✔ 主体经营明细总成本、毛利与毛利率公式 (3.570917ms)
✔ 面辅料对账：预计/实际双层公式，费用项与差异双重门禁 (4.387625ms)
✔ 面辅料费用项部分确认、批量确认与编辑失效 (1.306917ms)
✔ 请款草稿跨页创建、请款与付款上限、编辑范围 (0.847833ms)
✔ 物流实际费用 12 列导入校验、不自动确认与确认后锁定 (0.4505ms)
✔ 请款单作废释放来源对账，已有付款不能作废 (0.201584ms)
✔ 供应商账单 9 列导入覆盖实际层且不自动确认 (0.260292ms)
✔ 金额大写按 RMB 规则输出并覆盖跨节零 (0.118084ms)
✔ 生成卷号按前缀、每卷米数、重量与起始序号生成并写入包装明细 (4.842167ms)
✔ 生成卷号时尾卷承载剩余数量，卷数按采购数量与每卷米数自动取整 (1.089916ms)
✔ 非法卷号参数被拒绝并抛出中文域错误 (0.695084ms)
✔ 生成标签后二维码内容包含卷号与箱规，参与打印 (0.574417ms)
✔ 箱规新增自动计算体积，重复箱号与非法尺寸被拒，删除后计数正确 (0.620208ms)
✔ 包装明细可新增与删除，非法输入被拒且删除后计数正确 (0.293542ms)
✔ 被包装明细引用的箱规不能删除 (0.0935ms)
✔ 供应商枚举与 SRM 完全一致，旧枚举不再出现 (0.682834ms)
✔ 种子字段满足 SRM 枚举且协同指标为数字 (0.116084ms)
✔ 新增字段保存并回显，成功命令写入操作日志 (1.841375ms)
✔ 编辑保存新增字段并保持状态机与事件名不变 (0.401333ms)
✔ 非法或缺失输入抛 PmsDomainError 且不写入数据 (0.437334ms)
✔ 详情与列表展示新增字段、SRM 枚举与协同指标 (20.786708ms)
(node:26338) ExperimentalWarning: localStorage is not available because --localstorage-file was not provided.
(Use `node --trace-warnings ...` to show where the warning was created)
✔ RETURN-010: only the acceptance week Sunday is skipped, for every starting weekday (0.5565ms)
✔ RETURN-004—010: both projections share counting dates and ceil targets (0.284084ms)
(node:26339) ExperimentalWarning: localStorage is not available because --localstorage-file was not provided.
(Use `node --trace-warnings ...` to show where the warning was created)
✔ 实际耗时跨周日仍按真实时间差；没有可靠时间不造耗时 (0.444708ms)
✔ 每任务都达成才结束；同一来源去重，作废明细不影响主表 (0.147167ms)
✔ 耗时页 Mock 至少覆盖九张生产单和全部节点，且下游事实不会越过未完成的前置节点 (646.736167ms)
✔ 裁片放行按一张放行单内的多次放行展示并选取节点起止时间 (49.025167ms)
(node:26340) ExperimentalWarning: localStorage is not available because --localstorage-file was not provided.
(Use `node --trace-warnings ...` to show where the warning was created)
✔ EXC-001—004: a reference mark cannot change debt, strict kits or final task responsibility (2.406625ms)
(node:26341) ExperimentalWarning: localStorage is not available because --localstorage-file was not provided.
(Use `node --trace-warnings ...` to show where the warning was created)
✔ 派单新增主档工厂可登记承接关系，未知工厂仍阻断 (1.429084ms)
✔ 专属任务保留整单身份、数量和接收方，工艺分支保留全部前置关系 (1.303667ms)
✔ 原生产单车缝任务仍可被 PPIC 分配与责任移交识别，SKU 总量完整 (2.457125ms)
(node:26342) ExperimentalWarning: localStorage is not available because --localstorage-file was not provided.
(Use `node --trace-warnings ...` to show where the warning was created)
✔ VERIFY-003: dispatch reads keep all documents and independent copies without projecting unrelated business views (424.4235ms)
(node:26343) ExperimentalWarning: localStorage is not available because --localstorage-file was not provided.
(Use `node --trace-warnings ...` to show where the warning was created)
✔ PERF-002/004: scoped receiving reads preserve direct receipts and allocations, without exposing mutable facts (12.0325ms)
✔ PERF-002/004: a synchronous relation read matches independent reads and releases its scope after errors (726.397459ms)
✔ PERF-004: batched print list reviews and handovers equal independently read facts (284.530083ms)
✔ PERF-004: scoped handovers keep canonical sorting and task point reads preserve identity (5.630583ms)
✔ PERF-004: reusing warehouse documents preserves each dye order source, quantity and receiver (156.476292ms)
(node:26344) ExperimentalWarning: localStorage is not available because --localstorage-file was not provided.
(Use `node --trace-warnings ...` to show where the warning was created)
✔ craft source selection preserves all previous source choices and isolated snapshots (15.523875ms)
✔ source eligibility is re-evaluated after a source order changes (0.293834ms)
(node:26345) ExperimentalWarning: localStorage is not available because --localstorage-file was not provided.
(Use `node --trace-warnings ...` to show where the warning was created)
✔ 验收数据至少包含 5 张染色和 5 张印花提前加工单，并覆盖全部匹配状态 (1329.512542ms)
✔ 印花专业成果把多张图片和多个文件统一保存在同一附件集合 (0.138541ms)
✔ 同一生产需求可手动选择具体专业任务，创建结果保存所选任务与全部成果附件 (90.955083ms)
✔ 创建提前加工单必须选择所属专业任务并明确加工厂 (0.5455ms)
✔ 计划加工数量包含损耗率，且染色印花投入与产出 SKU 必须不同 (0.13575ms)
✔ 专业成果未审核通过时不可创建提前加工单 (0.112333ms)
✔ 多个生产需求合并为一张生产单时，可匹配多张提前染色加工单 (26.202458ms)
✔ 等待技术包的提前单在技术包就绪后可由同一匹配服务自动重试 (42.855167ms)
✔ 合并生产单中只有部分需求有提前单时，只为未覆盖需求补建剩余数量 (121.35475ms)
✔ 已有提前单但正式 BOM 或 SKU 不一致时进入异常，且不重复补建同一工艺单 (100.415167ms)
✔ 取消后重建保留旧单，并建立双向替代关系 (1.997916ms)
✔ 没有提前加工单的需求仍保留正式加工单快照 (4.81925ms)
✔ BOM uses formally reduced quantity and leaves unsupported conversion unknown (0.696792ms)
✔ reuse retains one shared source instance and adds no duplicate processing duration (0.218ms)
✔ a new rework/recheck round extends the dependency path two days and conserves qualified pieces (0.082375ms)
✔ date-only source is not coerced to a precise instant or exact deadline (0.109417ms)
✔ known order shipment can be timed without crediting an unknown production source (0.072042ms)
✔ waiting for actual fulfillment can be overall late while factory completion stays on time (0.063583ms)
✔ all six named cards render directly checkable evidence without changing production task facts (2.957ms)
✔ all ten tasks have independent drill-down networks and one frozen aggregate snapshot (2.6445ms)
✔ 31-item dependency recursion proves 24 natural days and shows the actual sum/max formula (0.797417ms)
✔ improving procurement by ten days only improves whole-task timing by one day (0.272708ms)
✔ network rejects circular/missing dependencies and unknown is never zero time (0.430708ms)
✔ each complete standard mock network and live forecast agrees with the task summary (2.056833ms)
✔ quantity forecast finds a one-day risk before any actual deadline is missed (0.40575ms)
✔ all-natural-day clock includes Sundays, preserves timezones, equality is on time and one second is late (0.10475ms)
✔ already-overdue outranks forecast missing; historical completion stops the clock (0.081167ms)
✔ upstream two-day delay and local catch-up pressure are distinct from current-team fault (0.0775ms)
✔ manual forecast is local, propagates both earlier and later dates, and never relaxes baseline (0.776625ms)
✔ saving a manual forecast refreshes all affected node labels without pretending capacity was increased (0.629333ms)
✔ zero capacity and stale progress never forecast zero remaining duration (0.146917ms)
✔ stock and purchase coverage do not imply factory readiness or a new purchase gap (0.180667ms)
✔ stock-only task still has transfer; purchased material must move beyond warehouse entry (0.058625ms)
✔ batch schedule conserves shared capacity and 90 percent occurs at a real batch event (0.148333ms)
✔ customer cancellation without production allocation does not reduce any task (0.105667ms)
✔ excess shipment of one SKU cannot hide shortage of another (0.072708ms)
✔ duplicate, out-of-order and corrected quantity events conserve the effective sum (0.096083ms)
✔ shared work is counted once while merged source tasks preserve independent T0 and deadlines (0.116333ms)
✔ orders enter analysis only from actual shipment and have their own clock (0.1565ms)
✔ region and supply mode select rules together, unpublished candidate rules never apply (0.151792ms)
✔ filters share exact aggregate scope and date windows are left-closed right-open (0.364333ms)
✔ Chinese UI defaults and all scope options filter the intended task population (0.752792ms)
✔ Chinese risk shortcut agrees with risk KPI and does not accidentally select completed or overdue tasks (0.880167ms)
✔ Chinese date-field labels use due date, start date and predicted completion respectively (0.654458ms)
✔ team and stage filters match applicable work nodes rather than only current task responsibility (0.290625ms)
✔ V3 team and factory must match the same node and empty all-scope still keeps a task (0.120625ms)
✔ V3 unknown shipment has no percentage and completed work without deadline is not on time (0.090542ms)
✔ 恢复预测保留不同工作和日期的顺序，只合并连续相同计算且不改写历史 (2.562625ms)
✔ 同一调拨动作按国家和供给方式命中不同预算，候选规则不参与匹配 (1.242125ms)
✔ 同优先级重叠命中必须冲突，明确更高优先级例外才可覆盖 (0.868709ms)
✔ 数量档边界不得跨档或用默认预算掩盖无规则 (0.13675ms)
✔ 子项七天而组上限五天阻断，网络不被截短也不在组外重复加预算 (0.159333ms)
✔ 并行分支取最大值，循环和缺失前置不得算成零天 (0.154416ms)
✔ 工厂实收映射须有明细与物流批次，入库不冒充到厂，重复事件不累加 (0.172292ms)
✔ 投入产出、单位或质量门槛不合规，不能放行下游 (0.090333ms)
✔ 新版本仅记录显式重算范围，不能顺延旧基线或考核截止 (0.441ms)
✔ 默认演示配置没有阻断，会议候选必须以提示保留 (0.098334ms)
✔ 选定在途W19规则从1改3，本地路线24改26而原始/生效截止与实际事实不变 (5.700875ms)
✔ 在途发布同层冲突、缺规则、缺映射或事件边界变化都不生成覆盖 (0.205666ms)
✔ 发布覆盖可从初始快照恢复且重复应用幂等，未选任务不受影响 (0.96225ms)
✔ 未完成调拨预算增加后，预测沿下游传播；已完成上游事实仍原样 (0.362459ms)
(node:26350) ExperimentalWarning: localStorage is not available because --localstorage-file was not provided.
(Use `node --trace-warnings ...` to show where the warning was created)
✔ 首次来源读取只创建当前存在的缺口，历史从本次观察开始 (1.055833ms)
✔ 事项键由任务、工作与类型生成，中文说明变化不新增事项 (0.325833ms)
✔ 缺款图形成独立事项，增加地址不等于款色对应核验通过 (0.3105ms)
✔ 登记责任期限不修改事实或关闭事项，只有后续来源读取确认恢复 (0.625375ms)
✔ 同一恢复事实重复核对不制造历史，缺口复现重新打开且保留期限 (0.275458ms)
✔ 任务或工作未返回、数量已知性字段消失均不是恢复证据 (0.265667ms)
✔ 来源身份变更不能在同一次读取中把旧缺口标为恢复 (0.445917ms)
✔ 未结构化来源审核项不因文字消失自动关闭 (0.262667ms)
✔ 本地持久化保留独立事项、责任、期限和恢复历史 (0.431542ms)
✔ 本地损坏记录不伪造历史、不覆盖旧内容、不允许假保存 (0.698875ms)
✔ 责任、期限、调整原因必填；存储失败给出未保存结果 (0.244ms)
✔ 数据待补按事项分页和筛选，提供独立登记及来源刷新入口 (1.860042ms)
✔ 事项按自身负责人和修复期限筛选，不借任务跟单替代 (0.209833ms)
✔ 空在途范围不展示历史演示日期压力图 (2.150875ms)
✔ 未知预算仍保留串并行和汇合箭头，位置不依赖日期 (6.152125ms)
✔ 下游未开工且前置未完的逾期归为等待；根卡点标出具体工作和全部后继 (1.393ms)
✔ 取消和已完成不是当前卡点，数据缺口不当执行逾期 (0.518917ms)
✔ 已开工工作即使前置未完，也保留其来源责任逾期并提示核对 (0.400375ms)
✔ 卡点范围仍显示上游参照及所有受影响后继，不显示无关支路 (0.914458ms)
✔ 单据摘要默认展开来源核心字段，不只展示时效 (0.691666ms)
✔ 需求摘要指向已存在的需求列表，入口不冒称独立详情 (0.410667ms)
✔ 缺少单据不得生成虚构摘要或默认完成数 (0.330959ms)
✔ 已实收的有效结束满足前置，取消前置不会被视为供给完成 (0.540416ms)
✔ 质检不合格仍是放行卡点，不因检验时间存在变为可放行 (0.460167ms)
✔ 来源已有不合格检验结果但缺建立时间时，不因前置未完而隐藏本项卡点 (0.825292ms)
✔ 作废且不计时不等于前置已完成；来源已阻断是明确卡点 (1.961083ms)
✔ 已知工作预算齐备但范围未确认时，公式页不得称作全程标准 (2.591958ms)
✔ 暂停或受阻工作不因遗留结束时间而放行下游 (1.583334ms)
✔ 生产准备初始化按编号读取定义与完整目录逐值一致，保留不存在时的契约 (1.841ms)
✔ 单定义读取的可编辑数组保持隔离，不污染其他任务读取 (0.351708ms)
▶ execution source relations retain full facts without unrelated cold initialization
  ✔ cold read resolves real runtime scope and leaves print/dye execution ledgers untouched (144.479209ms)
  ✔ scoped cold result equals original complete enumeration after the same actual ID resolution (1241.383583ms)
  ✔ production with print/dye uses all existing preparation facts and keeps unknown IDs unknown (50.915083ms)
  ✔ live explicit cross-order reference and cancellation facts survive scoped reading (20.222083ms)
  ✔ real persisted cancellation restores through the original validated path in a new process (907.296542ms)
  ✔ QC reads real fact quantities and renders explicit missing artwork without placeholder network dependency (117.426834ms)
✔ execution source relations retain full facts without unrelated cold initialization (2805.815666ms)
(node:26354) ExperimentalWarning: localStorage is not available because --localstorage-file was not provided.
(Use `node --trace-warnings ...` to show where the warning was created)
✔ production source time uses explicit Shanghai time and rejects date-only completion (0.608417ms)
✔ DDS tasks use demand identity and do not invent preparation, budgets, shipment quantities or orders (1.980042ms)
✔ source bindings require existing same-style preparation and published technical version (0.340875ms)
✔ reuse preserves its source/version and does not add past preparation duration (0.334417ms)
✔ explicit unneeded work is excluded but unconfirmed missing work remains a decision, never zero-day completion (0.22975ms)
✔ explicit dependencies preserve parallel entries and repeated processes instead of serial sorting (0.627833ms)
✔ missing explicit predecessors do not become confirmed parallel roots (0.235375ms)
✔ missing predecessor and material SKU discontinuity block route certainty without fabricated edges (0.259208ms)
✔ cyclic source dependency stays a blocking issue and source objects remain unchanged (0.24925ms)
✔ read snapshot uses all current demand records without private Mock tasks or automatic same-style preparations (44.275083ms)
✔ continuous material SKU edges stay confirmed while an unconfirmed route remains pending (0.219834ms)
✔ unverified reuse does not fabricate a completed zero-day result (0.139459ms)
✔ binding writes only the DDS association key and is reflected by the next read (21.368625ms)
✔ execution source uses exact production-order identity, assigned factory and responsibility deadline (0.226125ms)
✔ only a unique exact technical entry binds execution to route; same-name and split executions stay independent (0.296334ms)
✔ preparation-only source cycles are blocked without depending on a technical pack branch (0.158083ms)
✔ source time and manual forecast stay separate from frozen rule examples and missing SLA (0.442125ms)
✔ cancelled execution is not a late blocker and unfinished status cannot borrow a stale completion timestamp (0.147833ms)
✔ document summaries are factual, compact strings; decisions without a document stay unbound (0.110833ms)
✔ formal preparation output connects the exact confirmation, route entry and production version (0.302708ms)
✔ technical object identity and its material photo are retained without using the style photo (0.113334ms)
✔ material transfer has serial dispatch, transport and receipt with separate responsibility and source identity (0.256541ms)
✔ approval, sent quantities and delivery-note registration cannot prove physical handout or logistics delivery (0.150666ms)
✔ actual handout starts transportation but factory receipt never backfills logistics delivery or reception start (0.104583ms)
✔ receipt quantities require the same source line, target factory and unit; mixed units never close reception (0.143459ms)
✔ voided transfers keep evidence but no effective supply or transport completion (0.090917ms)
✔ a document handout timestamp does not complete unshipped or partially shipped source lines (0.113792ms)
✔ only preparation-bound purchase documents are included, and purchase completion never invents warehouse arrival (1.880792ms)
✔ quality is scoped to its recorded sample and does not establish shipment orders or whole-order completion (0.70075ms)
✔ current source snapshot exposes matching handover, quality and transfer documents, not generic placeholders alone (6.473916ms)
✔ only a real same-version production order becomes a root execution predecessor (0.376708ms)
✔ task lead blocker matches dependency analysis instead of blaming an unstarted downstream deadline (0.125167ms)
✔ failed inspection exposes the concrete unqualified quantity as blocker reason (0.119291ms)
✔ category sample images never stand in for a source style; a dedicated source image is retained (0.155041ms)
(node:26355) ExperimentalWarning: localStorage is not available because --localstorage-file was not provided.
(Use `node --trace-warnings ...` to show where the warning was created)
✔ 当前非 Mock 需求可保存显式工作映射，序列化后可恢复且不改来源事实 (61.237084ms)
✔ 未保存映射、规则空天数、事件范围变化与同级冲突分别给出真实阻断 (4.306167ms)
✔ 同一工作不得存两份口径，来源身份变化或未知数量不允许保存 (8.140333ms)
✔ 工作单位不换算、通配值不充当事实、里程碑不重复加预算 (7.980208ms)
✔ 来源任务发布单项预算后保持整体待定，刷新覆盖和已有截止均保留 (3.963083ms)
✔ 缺准备或实发范围时即使要求首次建基线也阻断，并且不写覆盖 (3.449667ms)
✔ 已确认的未来发货工作尚无实发事实也可建 T0+最长路径基线，缺进度只影响预测 (1.011708ms)
✔ 已发布后来源工作身份变化，不把旧映射预算套到新单据 (3.556708ms)
✔ 配置页面保存映射到本地，空天数发布被阻断，填写预算后实际发布当前来源任务 (11.742875ms)
✔ 查生产入口只在合法系统路由显示，并在打印与 PDA 路由隐藏 (0.564125ms)
✔ 相似前缀和相似打印段不会被当成合法路由 (0.067ms)
(node:26358) ExperimentalWarning: localStorage is not available because --localstorage-file was not provided.
(Use `node --trace-warnings ...` to show where the warning was created)
✔ PERF-001: runtime snapshot and all nine subsets preserve every production order value and caller isolation (19.803917ms)
✔ PERF-001: a subset read does not traverse or clone unrelated snapshot sections (0.189625ms)
✔ PERF-001: paper pattern binding strips and nested craft arrays remain isolated after mutation (0.278083ms)
✔ PERF-001: replacing or updating the bound snapshot is visible immediately without a stale cache (0.146667ms)
✔ PERF-001: missing production order keeps null and empty-list contracts (0.066709ms)
(node:26359) ExperimentalWarning: localStorage is not available because --localstorage-file was not provided.
(Use `node --trace-warnings ...` to show where the warning was created)
✔ VERIFY-003: scoped reads preserve pending/voided sources and defensive copies (6.571375ms)
✔ VERIFY-003: metadata lookup reflects registry changes and returns independent locations (5.007125ms)
✔ 并发调用复用同一个模块加载 Promise，成功后继续复用结果 (0.623958ms)
✔ 模块加载失败后清空缓存，下一次调用可以重试 (0.223791ms)
✔ 独立打印外壳只命中完整生产确认单打印路由 (0.517208ms)
✔ 既有固定打印路由仍使用独立打印外壳 (0.094083ms)
✔ 36条基础采购演示经业务动作形成，共享PMS来源，重复载入不重置数量或伪造实收 (77.585583ms)
✔ 三个中央工厂在组织目录与执行工厂中身份一致且仅出现一次 (0.440291ms)
✔ 花边角色与采购映射归属TMF但供应方仍保留独立身份 (0.071666ms)
✔ 橡筋定长切割仍归SPF，不成为TMF织带截断任务 (0.087625ms)
✔ 旧浏览器组织记录迁移后不与权威TMF并存且保留已有联系人 (2.522334ms)
✔ 连续织带实际650米交出→648+2实收→染色可用650，仓库和用料保持米制且无公斤换算 (8.130125ms)
✔ 连续长度口径不可用于纱线/码制，普通辅料仍要求实际称重 (1.351625ms)
(node:26365) ExperimentalWarning: localStorage is not available because --localstorage-file was not provided.
(Use `node --trace-warnings ...` to show where the warning was created)
✔ 织带与绳子参考档案接入实际物料库，保留图片来源和未确认尺寸，不替换橡筋 (37.068667ms)
(node:26366) ExperimentalWarning: localStorage is not available because --localstorage-file was not provided.
(Use `node --trace-warnings ...` to show where the warning was created)
✔ N01～N05：通过现有 PMS 入口下达，每条采购链从零执行到仓库实收；交出不提前增加库存 (10.383791ms)
✔ B01/B03：短收保留在途和采购缺口；重复扫描、生成和刷新不双记 (1.82425ms)
✔ B02/B04：多收、错 SKU、错仓和无权限动作不改变任意下游数量；恢复后正常收齐 (2.72475ms)
✔ B23/B24：未开始跟随采购版本，已执行保留原计划和实物、挂出变更待处理 (2.78125ms)
✔ B21：保存失败不报成功、不留部分库存；成功后刷新读取同一采购和收货事实 (0.916083ms)
✔ 采购→两种规格截断→拆包回仓→分配发料→生产实收：短收保留缺口，库存及采购不双记 (21.696167ms)
✔ B09：其他需求占用400米时不能再占650；释放50后恢复，错误发料不改变库存 (5.517667ms)
✔ 需求来源：同尺码不同成衣SKU分别保留，BOM适用范围生效，错误快照和重复工序阻断 (0.539291ms)
✔ 待打头条料不计合格产出；超公差实物记不良且照实扣下料当量，未实收不可截断 (18.452375ms)
✔ N04：采购100米→单端硅胶按kg实耗→回仓发料→生产实收50根，连续料剩34米 (19.885542ms)
✔ B15：截断后取消保留1000根在制和1260米当量，释放未发占用并只退连续余料 (17.969917ms)
✔ 已回仓部分发料后取消：释放未发分配，冻结实存，已发在途保留且实收不恢复需求 (12.77875ms)
✔ N01采用路线按染色→印花关联原单，多尺码不重复列工序，不修改印染数量 (1.000542ms)
✔ 旧版本、错误SKU、码制单位、取消或变更待处理均不作为有效关联 (0.205875ms)
✔ 同号不同生产单或BOM不得关联，重复来源不静默选择，混合快照阻断 (0.239833ms)
✔ 编辑器按尺码保留规格，截断打头不新建SKU，重复保存沿用节点身份 (3.191709ms)
✔ 前序印染产出SKU作为截断投入；保留独立橡筋工艺，移除打头后下游连接截断 (0.9255ms)
✔ 未明确打头、错误辅料BOM、无半成品和不合法前序不能生成可执行路线 (0.509084ms)
(node:26369) ExperimentalWarning: localStorage is not available because --localstorage-file was not provided.
(Use `node --trace-warnings ...` to show where the warning was created)
✔ N01：400 条 50CM 和 600 条 70CM 分行计算，共 620 米；未增加 SKU (1.141417ms)
✔ 缺少尺码数量、非整数条数、公差或测量条件时不猜测需求 (0.304667ms)
✔ B07：未选择打头、缺少端头方式或辅材不能确认；支持两端不同端头 (0.189125ms)
✔ N04/B08：硅胶按重量且必须有覆盖长度，不作为独立金属头计数 (0.090584ms)
✔ B18：打头只能承接对应截断条料，不能换 SKU、换长度或重新领连续料 (1.140541ms)
✔ N05：规格相同可以合并，但尺码、用途和需求身份不靠物理规格键代替 (0.1105ms)
✔ B14：修改后续版本端头要求不能污染生产单历史快照 (0.393417ms)
ℹ tests 367
ℹ suites 0
ℹ pass 367
ℹ fail 0
ℹ cancelled 0
ℹ skipped 0
ℹ todo 0
ℹ duration_ms 5578.549459
vite v6.4.3 building for production...
transforming...
✓ 2662 modules transformed.
rendering chunks...
[plugin vite:reporter] 
(!) /Users/laoer/Documents/higoods/src/data/app-shell-config.ts is dynamically imported by /Users/laoer/Documents/higoods/src/router/routes.ts but also statically imported by /Users/laoer/Documents/higoods/src/components/shell.ts, /Users/laoer/Documents/higoods/src/state/store.ts, dynamic import will not move module into another chunk.

computing gzip size...
dist/index.html                                                           1.12 kB │ gzip:   0.61 kB
dist/assets/pcs-pattern-parse.worker-B3_rAVMB.js                         18.52 kB
dist/assets/source-views-23Nr_RHD.css                                    34.63 kB │ gzip:   7.04 kB
dist/assets/index-DUNYGJdm.css                                          155.39 kB │ gzip:  25.44 kB
dist/assets/pcs-project-demo-seed-service-COOi2Kbg.js                     0.06 kB │ gzip:   0.08 kB
dist/assets/store-domain-quality-bootstrap-CrBLcc2R.js                    0.38 kB │ gzip:   0.25 kB
dist/assets/sample-warehouse-projection-Bn0imS32.js                       0.39 kB │ gzip:   0.25 kB
dist/assets/dialogs-CVUFp4ue.js                                           0.58 kB │ gzip:   0.31 kB
dist/assets/tech-pack-Da2IKmv5.js                                         0.59 kB │ gzip:   0.32 kB
dist/assets/transfer-bag-handover-mock-CNgnjZIe.js                        0.63 kB │ gzip:   0.41 kB
dist/assets/pcs-reset-placeholder-Yn2GIynC.js                             0.72 kB │ gzip:   0.45 kB
dist/assets/badge-CQoV5Hhm.js                                             0.78 kB │ gzip:   0.42 kB
dist/assets/images-Q79qfJD0.js                                            0.80 kB │ gzip:   0.35 kB
dist/assets/placeholder-8wxRWJKH.js                                       0.81 kB │ gzip:   0.44 kB
dist/assets/pms-export-C5DiqcGG.js                                        0.83 kB │ gzip:   0.50 kB
dist/assets/trace-B40huTHV.js                                             0.85 kB │ gzip:   0.49 kB
dist/assets/execution-prep-projection-helpers-CFHeNM2L.js                 0.90 kB │ gzip:   0.44 kB
dist/assets/runtime-DY769RIr.js                                           0.90 kB │ gzip:   0.61 kB
dist/assets/history-snq_HGXZ.js                                           0.94 kB │ gzip:   0.61 kB
dist/assets/payment-sync-B48uxTJN.js                                      0.97 kB │ gzip:   0.62 kB
dist/assets/print-service-Cb4Z7TQ8.js                                     1.00 kB │ gzip:   0.50 kB
dist/assets/pda-sewing-self-return-mode-CVT5AEl1.js                       1.07 kB │ gzip:   0.54 kB
dist/assets/detail.adapter-CeCc1isV.js                                    1.08 kB │ gzip:   0.68 kB
dist/assets/process-work-order-generation-service-L-0iISy2.js             1.08 kB │ gzip:   0.65 kB
dist/assets/dialogs-CugUIW47.js                                           1.08 kB │ gzip:   0.49 kB
dist/assets/dyeing-material-receipts-BgpreVNo.js                          1.11 kB │ gzip:   0.73 kB
dist/assets/pda-runtime-D-ZhMbJy.js                                       1.12 kB │ gzip:   0.62 kB
dist/assets/overview-DkRU37Oe.js                                          1.25 kB │ gzip:   0.69 kB
dist/assets/process-work-order-source-view-ByxiMIcy.js                    1.31 kB │ gzip:   0.58 kB
dist/assets/work-order-action-policy-B3qipFyP.js                          1.34 kB │ gzip:   0.68 kB
dist/assets/real-qr-0qnSuKZW.js                                           1.48 kB │ gzip:   0.83 kB
dist/assets/filter-bar-BicXsiXA.js                                        1.49 kB │ gzip:   0.81 kB
dist/assets/material-identity-CKNSwJiE.js                                 1.54 kB │ gzip:   0.85 kB
dist/assets/tmf-work-order-view-GfDvPnAI.js                               1.56 kB │ gzip:   0.75 kB
dist/assets/supplement-material-prep-demand-registry-DI-N3DvB.js          1.56 kB │ gzip:   0.75 kB
dist/assets/warehouse-shared-5vNwTxE3.js                                  1.57 kB │ gzip:   0.51 kB
dist/assets/pda-cutting-wait-handover-actions-Dcqd2ks8.js                 1.58 kB │ gzip:   0.62 kB
dist/assets/task-handover-domain-BcmfW7Br.js                              1.58 kB │ gzip:   0.77 kB
dist/assets/work-order-detail-B4ow6Dac.js                                 1.66 kB │ gzip:   0.77 kB
dist/assets/task-chain-pages-adapter-CuOH6mmZ.js                          1.72 kB │ gzip:   0.84 kB
dist/assets/production-contract-print-DJgTK0P2.js                         1.73 kB │ gzip:   1.04 kB
dist/assets/real-barcode-DLJSbomk.js                                      1.81 kB │ gzip:   0.96 kB
dist/assets/wool-pda-scan-DbNUKhFP.js                                     1.81 kB │ gzip:   1.00 kB
dist/assets/tmf-upstream-receiving-BXXj8-Fo.js                            1.84 kB │ gzip:   1.14 kB
dist/assets/list-export-DMRyl7VA.js                                       1.86 kB │ gzip:   1.09 kB
dist/assets/toast-JTI_dJb4.js                                             1.87 kB │ gzip:   0.90 kB
dist/assets/kol-goto-fixed-total-ledger-CU9uUHtA.js                       1.93 kB │ gzip:   0.92 kB
dist/assets/printing-sheet-preview-BkWAesme.js                            1.94 kB │ gzip:   1.03 kB
dist/assets/table-AxvlV04E.js                                             2.04 kB │ gzip:   1.02 kB
dist/assets/pda-cutting-simple-cut-piece-handover-DG_Ztt24.js             2.14 kB │ gzip:   1.12 kB
dist/assets/binding-process-pda-scan-BUzIeP1F.js                          2.18 kB │ gzip:   1.13 kB
dist/assets/special-craft-pda-scope-BENXQV2I.js                           2.22 kB │ gzip:   1.01 kB
dist/assets/helpers-BFKa6pUf.js                                           2.42 kB │ gzip:   1.21 kB
dist/assets/pms-excel-import-DnMCWv6B.js                                  2.66 kB │ gzip:   1.32 kB
dist/assets/shared-O0TaIznd.js                                            2.70 kB │ gzip:   1.02 kB
dist/assets/process-order-list-presentation-C837qHbH.js                   2.71 kB │ gzip:   1.27 kB
dist/assets/marker-plan-projection-BTyhejiz.js                            2.77 kB │ gzip:   1.18 kB
dist/assets/post-finishing-spu-technical-parameters-l87qSXcr.js           2.79 kB │ gzip:   1.28 kB
dist/assets/authorization-code-BS1HjlWX.js                                2.87 kB │ gzip:   1.40 kB
dist/assets/process-order-task-relations-Dz2-UPeW.js                      2.97 kB │ gzip:   1.29 kB
dist/assets/production-order-identity-CAlmP0lW.js                         3.00 kB │ gzip:   1.24 kB
dist/assets/confirmation-print-D80QUO7N.js                                3.00 kB │ gzip:   1.29 kB
dist/assets/product-skus-CEt6Fukj.js                                      3.03 kB │ gzip:   0.96 kB
dist/assets/progress-board-BMman9TB.js                                    3.05 kB │ gzip:   1.45 kB
dist/assets/tabs-Hg4N7Pkl.js                                              3.09 kB │ gzip:   0.93 kB
dist/assets/pda-cutting-runtime-action-inputs-BqgY71YH.js                 3.15 kB │ gzip:   1.09 kB
dist/assets/trade-subjects-B1U82DIE.js                                    3.16 kB │ gzip:   1.12 kB
dist/assets/tmf-upstream-process-orders-D4ghVlY7.js                       3.16 kB │ gzip:   1.53 kB
dist/assets/task-route-card-BILHC9I-.js                                   3.27 kB │ gzip:   1.43 kB
dist/assets/wls-page-handlers-blOl9odo.js                                 3.31 kB │ gzip:   1.07 kB
dist/assets/task-delivery-card-BuDaSQu2.js                                3.33 kB │ gzip:   1.51 kB
dist/assets/cutting-mainline-CpQ10Isn.js                                  3.41 kB │ gzip:   1.53 kB
dist/assets/transfer-bags-projection-CwwVib3J.js                          3.52 kB │ gzip:   1.49 kB
dist/assets/binding-process-warehouse-linkage-service-C1oJ925p.js         3.63 kB │ gzip:   1.38 kB
dist/assets/fcs-route-links-BrHBsWPd.js                                   3.67 kB │ gzip:   1.20 kB
dist/assets/quality-chain-adapter-C96qt1EC.js                             3.68 kB │ gzip:   1.66 kB
dist/assets/shared-CJmX0Fkg.js                                            3.73 kB │ gzip:   1.69 kB
dist/assets/engineering-file-upload-mO6cagaF.js                           3.77 kB │ gzip:   1.71 kB
dist/assets/shared-BOT-1dOo.js                                            3.91 kB │ gzip:   1.64 kB
dist/assets/transfer-bag-repack-mock-D7_87Ixu.js                          3.95 kB │ gzip:   1.82 kB
dist/assets/sewing-outsourcing-demo-DN4gMly1.js                           3.95 kB │ gzip:   1.58 kB
dist/assets/dashboards-DlxL89ps.js                                        4.06 kB │ gzip:   2.00 kB
dist/assets/transit-simple-lists-BvRTYxxh.js                              4.13 kB │ gzip:   1.45 kB
dist/assets/pda-wool-warehouse-flows-D4hGTW1s.js                          4.37 kB │ gzip:   2.33 kB
dist/assets/form-BMcqcg6v.js                                              4.37 kB │ gzip:   1.39 kB
dist/assets/sewing-outsourcing-responsibility-CCzFeyfG.js                 4.42 kB │ gzip:   1.95 kB
dist/assets/supplement-order-registry-CHnc7juB.js                         4.49 kB │ gzip:   1.76 kB
dist/assets/preparation-material-receipt-sources-DSgq8ifu.js              4.68 kB │ gzip:   1.95 kB
dist/assets/routes-pda-CKwd8DWi.js                                        4.74 kB │ gzip:   1.80 kB
dist/assets/layout.helpers-B_-L6Vnb.js                                    4.76 kB │ gzip:   1.73 kB
dist/assets/runtime-task-tenders-YGz6fHpq.js                              4.76 kB │ gzip:   1.94 kB
dist/assets/relations-DRrXwlGZ.js                                         4.77 kB │ gzip:   2.17 kB
dist/assets/transit-dashboard-D3VyTD_g.js                                 4.81 kB │ gzip:   2.02 kB
dist/assets/process-order-list-controller-J6Q_9VQs.js                     4.84 kB │ gzip:   1.86 kB
dist/assets/result-list-xj6StlqS.js                                       4.94 kB │ gzip:   2.06 kB
dist/assets/store-domain-dispatch-process-EyNqNPCS.js                     5.01 kB │ gzip:   1.95 kB
dist/assets/process-work-order-quality-settlement-BPRmFk0r.js             5.33 kB │ gzip:   2.20 kB
dist/assets/dispatch-task-sheet-DXtF6kXR.js                               5.56 kB │ gzip:   2.65 kB
dist/assets/routes-pcs-NPM6e0s9.js                                        5.62 kB │ gzip:   1.62 kB
dist/assets/process-order-three-axis-view-XOhua0Yz.js                     5.72 kB │ gzip:   2.29 kB
dist/assets/production-contract-center-CdlbUPxv.js                        5.77 kB │ gzip:   2.47 kB
dist/assets/pda-cutting-nav-context-BANU-WrW.js                           5.95 kB │ gzip:   1.40 kB
dist/assets/fcs-pda-pickup-dispute-BUqRbreH.js                            6.19 kB │ gzip:   2.19 kB
dist/assets/material-handover-6aTDq26G.js                                 6.21 kB │ gzip:   2.42 kB
dist/assets/pcs-project-technical-data-writeback-CBiK0vgn.js              6.25 kB │ gzip:   2.40 kB
dist/assets/warehouse-standard-o8c3wNWy.js                                6.26 kB │ gzip:   2.08 kB
dist/assets/fact-view-B2VNNPHr.js                                         6.29 kB │ gzip:   2.07 kB
dist/assets/statistics-C-DrOJUa.js                                        6.31 kB │ gzip:   1.90 kB
dist/assets/craft-actions-Djx73vh1.js                                     6.38 kB │ gzip:   2.89 kB
dist/assets/pda-notify-cOLY6tkG.js                                        6.49 kB │ gzip:   2.38 kB
dist/assets/pda-transfer-bag-detail-IFuNdIhs.js                           6.49 kB │ gzip:   2.34 kB
dist/assets/shared-DeS3Qf8b.js                                            6.56 kB │ gzip:   2.33 kB
dist/assets/factory-receiving-links-B5Yo_LPY.js                           6.57 kB │ gzip:   2.63 kB
dist/assets/workbench-XoTZjSM0.js                                         6.58 kB │ gzip:   2.66 kB
dist/assets/sewing-outsourcing-supplement-tracking-Q0RvR8F_.js            6.63 kB │ gzip:   2.89 kB
dist/assets/shared-Dy0BsJpp.js                                            6.82 kB │ gzip:   2.51 kB
dist/assets/production-contract-master-template-CzjL7vXy.js               6.85 kB │ gzip:   2.74 kB
dist/assets/dye-work-order-times-CxLziefL.js                              7.12 kB │ gzip:   2.52 kB
dist/assets/pda-cutting-execution-unit-C5AeizeC.js                        7.15 kB │ gzip:   2.70 kB
dist/assets/overview.helpers-BP2F5Yu8.js                                  7.36 kB │ gzip:   2.88 kB
dist/assets/pda-notify-detail-ZilFD43G.js                                 7.38 kB │ gzip:   2.34 kB
dist/assets/pda-cutting-fei-ticket-numbering-dbib4TdT.js                  7.40 kB │ gzip:   2.47 kB
dist/assets/settlement-flow-boundaries-DbkSNas3.js                        7.43 kB │ gzip:   2.53 kB
dist/assets/pda-warehouse-B1IRSbRO.js                                     7.48 kB │ gzip:   2.99 kB
dist/assets/production-craft-dict-CGLbZsC_.js                             7.51 kB │ gzip:   2.82 kB
dist/assets/transit-warehouse-CGN4xIMS.js                                 7.54 kB │ gzip:   2.13 kB
dist/assets/sewing-outsourcing-return-tracking-B6vBdKMd.js                7.58 kB │ gzip:   2.84 kB
dist/assets/workbench-BZSYlTgK.js                                         7.61 kB │ gzip:   3.12 kB
dist/assets/pda-cutting-transfer-bag-recovery-BknV9EnU.js                 7.70 kB │ gzip:   3.23 kB
dist/assets/pcs-material-archive-detail-DyrwwPsC.js                       7.71 kB │ gzip:   2.70 kB
dist/assets/supplement-node-facts-D8IC6qMr.js                             7.77 kB │ gzip:   2.85 kB
dist/assets/production-contracts-BcSC-KjA.js                              8.06 kB │ gzip:   2.74 kB
dist/assets/pda-cutting-transfer-bag-scrap-DuoY_XG0.js                    8.08 kB │ gzip:   3.35 kB
dist/assets/progress-exception-lifecycle-BJx0gSBY.js                      8.09 kB │ gzip:   2.70 kB
dist/assets/routes-pms-cAlj8hZp.js                                        8.31 kB │ gzip:   2.10 kB
dist/assets/statistics-CjpkDfPt.js                                        8.41 kB │ gzip:   3.65 kB
dist/assets/milestone-configs-BlYMiXPg.js                                 8.42 kB │ gzip:   2.95 kB
dist/assets/bom-templates-Br7_yp-y.js                                     8.47 kB │ gzip:   1.81 kB
dist/assets/pre-settlement-ledger-repository-C9GIO-Jh.js                  8.64 kB │ gzip:   2.95 kB
dist/assets/pcs-pattern-library-config-JlyNPe5e.js                        8.73 kB │ gzip:   2.37 kB
dist/assets/fei-ticket-numbering-_vdPoBCw.js                              8.81 kB │ gzip:   3.09 kB
dist/assets/warehouses-zI9ocKIC.js                                        8.83 kB │ gzip:   2.08 kB
dist/assets/pda-cutting-shared-CtdC3IQ6.js                                8.83 kB │ gzip:   2.71 kB
dist/assets/bom-templates-DgMBM32G.js                                     8.83 kB │ gzip:   3.67 kB
dist/assets/navigation-context-nhTwowmC.js                                8.87 kB │ gzip:   2.46 kB
dist/assets/yarn-shipments-LDJN0XtE.js                                    8.92 kB │ gzip:   4.04 kB
dist/assets/list-pMt6r-CY.js                                              9.04 kB │ gzip:   3.01 kB
dist/assets/pda-login-_kaoZbsQ.js                                         9.18 kB │ gzip:   3.55 kB
dist/assets/dye-work-order-online-domain-Nxbx_sk1.js                      9.53 kB │ gzip:   3.55 kB
dist/assets/production-receipts-D6V3UI2N.js                               9.56 kB │ gzip:   3.86 kB
dist/assets/sewing-pickup-slips-WSFc6Le6.js                               9.56 kB │ gzip:   3.59 kB
dist/assets/production-return-fulfillment-CeSzUYPV.js                    10.02 kB │ gzip:   3.82 kB
dist/assets/purchase-suggestions-Duv_PHLl.js                             10.15 kB │ gzip:   3.10 kB
dist/assets/trade-subjects-Db0nXRkl.js                                   10.22 kB │ gzip:   3.72 kB
dist/assets/settings-Dslg0YVW.js                                         10.68 kB │ gzip:   3.22 kB
dist/assets/product-skus-B9QZ9eVm.js                                     10.70 kB │ gzip:   4.13 kB
dist/assets/pms-handlers-DXPz0iFU.js                                     10.79 kB │ gzip:   2.38 kB
dist/assets/transit-receipts-DY1jYfYJ.js                                 10.95 kB │ gzip:   4.01 kB
dist/assets/task-breakdown-hPYzJUtQ.js                                   11.01 kB │ gzip:   4.04 kB
dist/assets/presentation-01ZfdJsI.js                                     11.02 kB │ gzip:   4.53 kB
dist/assets/tasks-B4dnfHvl.js                                            11.26 kB │ gzip:   4.32 kB
dist/assets/material-transfers-DIKVaVZl.js                               11.28 kB │ gzip:   3.91 kB
dist/assets/pda-exec-link-BIs3s_cL.js                                    11.32 kB │ gzip:   3.69 kB
dist/assets/material-prep-BbXFCO4H.js                                    11.40 kB │ gzip:   2.68 kB
dist/assets/dyeing-warehouse-view-Cw_lbyLG.js                            11.46 kB │ gzip:   3.94 kB
dist/assets/warehouses-D3cSkUbE.js                                       11.69 kB │ gzip:   4.22 kB
dist/assets/process-statistics-domain-BIlDMWHw.js                        12.19 kB │ gzip:   3.97 kB
dist/assets/pickup-management-runtime-BdITPYt8.js                        12.20 kB │ gzip:   4.71 kB
dist/assets/task-execution-adapter-H3aOnCbf.js                           12.22 kB │ gzip:   3.67 kB
dist/assets/bom-detail-3nOJTYXQ.js                                       12.33 kB │ gzip:   4.32 kB
dist/assets/wls-inbound-SvsWaSQI.js                                      12.36 kB │ gzip:   4.75 kB
dist/assets/returns-BZxrovwf.js                                          12.40 kB │ gzip:   4.57 kB
dist/assets/handover-print-CbuBFaI5.js                                   12.42 kB │ gzip:   4.48 kB
dist/assets/cut-piece-return-warehouse-BYpmBxYn.js                       12.43 kB │ gzip:   4.36 kB
dist/assets/meta-DoO-xbln.js                                             12.79 kB │ gzip:   2.87 kB
dist/assets/context-DZ2bMy5P.js                                          12.97 kB │ gzip:   4.57 kB
dist/assets/responsibility-transfers-DCjPq2e6.js                         13.03 kB │ gzip:   4.87 kB
dist/assets/supplements-Cqkprh5I.js                                      13.14 kB │ gzip:   4.74 kB
dist/assets/handover-records-CcH0sT71.js                                 13.14 kB │ gzip:   4.14 kB
dist/assets/wls-finished-inbound-C6If4Aqh.js                             13.20 kB │ gzip:   5.01 kB
dist/assets/pda-start-link-Cs_EjzcZ.js                                   13.37 kB │ gzip:   4.73 kB
dist/assets/work-orders-C9QbFUd0.js                                      13.45 kB │ gzip:   5.25 kB
dist/assets/work-orders-BaCsF-zU.js                                      13.84 kB │ gzip:   4.66 kB
dist/assets/mobile-execution-task-index-DN9VvOHq.js                      13.96 kB │ gzip:   3.70 kB
dist/assets/workbench-DNW0DWEN.js                                        14.03 kB │ gzip:   4.05 kB
dist/assets/work-order-detail-DD1WSYxO.js                                14.13 kB │ gzip:   4.47 kB
dist/assets/routes-wls-Cwhp-DrZ.js                                       14.25 kB │ gzip:   3.75 kB
dist/assets/post-finishing-qc-print-template-JJQHoZ77.js                 14.45 kB │ gzip:   4.45 kB
dist/assets/work-orders-D7b04ZFA.js                                      14.70 kB │ gzip:   4.77 kB
dist/assets/reports-BqEdJifu.js                                          14.75 kB │ gzip:   3.54 kB
dist/assets/full-flow-print-CkMiQmZJ.js                                  14.89 kB │ gzip:   4.83 kB
dist/assets/progress-handover-order-Bozk-y5U.js                          15.06 kB │ gzip:   4.30 kB
dist/assets/pcs-engineering-tech-pack-workspace-JqWRs7L_.js              15.18 kB │ gzip:   5.42 kB
dist/assets/cut-order-release-integration-DQrP3puZ.js                    15.21 kB │ gzip:   5.39 kB
dist/assets/machines-0MXFcNG1.js                                         15.31 kB │ gzip:   5.01 kB
dist/assets/outbound-orders-qMHibvY_.js                                  15.34 kB │ gzip:   4.92 kB
dist/assets/pda-cutting-task-detail-CyJFePEJ.js                          15.50 kB │ gzip:   5.39 kB
dist/assets/simple-cut-piece-handover-fixtures-Bg0Bg54f.js               15.90 kB │ gzip:   5.28 kB
dist/assets/process-web-status-actions-BWw8VgWW.js                       15.97 kB │ gzip:   4.24 kB
dist/assets/cut-order-supplement-fixture-B5L1s_d7.js                     15.97 kB │ gzip:   4.83 kB
dist/assets/progress-cutting-detail-mUV4qeSU.js                          15.99 kB │ gzip:   3.76 kB
dist/assets/pda-sewing-self-return-BMK1wE8t.js                           15.99 kB │ gzip:   5.27 kB
dist/assets/garment-spu-replacement-DDwV__4a.js                          16.01 kB │ gzip:   4.85 kB
dist/assets/output-stock-PkhWw9jG.js                                     16.11 kB │ gzip:   6.19 kB
dist/assets/handover-ledger-view-DI-I54kC.js                             16.17 kB │ gzip:   4.45 kB
dist/assets/wls-garment-relabel-tasks-BW0ImlFo.js                        16.20 kB │ gzip:   5.31 kB
dist/assets/pda-notify-due-soon-BAy_Iu4H.js                              16.49 kB │ gzip:   5.53 kB
dist/assets/material-requirements-kTUp2yJD.js                            16.70 kB │ gzip:   5.66 kB
dist/assets/material-purchase-orders-D24372Is.js                         16.71 kB │ gzip:   5.18 kB
dist/assets/suppliers-CF8Vrskm.js                                        16.77 kB │ gzip:   4.64 kB
dist/assets/events-Nt8R0mgu.js                                           16.92 kB │ gzip:   6.63 kB
dist/assets/sewing-cut-piece-return-workflow-XgzomzFq.js                 17.18 kB │ gzip:   6.07 kB
dist/assets/warehouse-CO_ofyaC.js                                        17.25 kB │ gzip:   5.36 kB
dist/assets/production-confirmation-DkHeiSSg.js                          17.25 kB │ gzip:   5.89 kB
dist/assets/marker-spreading-projection-pHCx5hvl.js                      17.48 kB │ gzip:   5.53 kB
dist/assets/sewing-cut-piece-responsibility-DMpyABJ8.js                  17.53 kB │ gzip:   5.25 kB
dist/assets/process-mobile-task-binding-B32KGWcy.js                      17.56 kB │ gzip:   6.14 kB
dist/assets/pda-handlers-DE3XQrVK.js                                     17.72 kB │ gzip:   4.68 kB
dist/assets/bom-detail-BKKhszer.js                                       17.74 kB │ gzip:   5.73 kB
dist/assets/adjustments-5Borx4LH.js                                      18.11 kB │ gzip:   5.47 kB
dist/assets/pda-warehouse-inbound-records-PVMgCuvy.js                    18.16 kB │ gzip:   5.10 kB
dist/assets/purchase-demands-MSligbGH.js                                 18.27 kB │ gzip:   5.86 kB
dist/assets/base-orders-Drk4mpDX.js                                      18.30 kB │ gzip:   6.91 kB
dist/assets/platform-process-result-view-mIA3WIt2.js                     18.53 kB │ gzip:   5.32 kB
dist/assets/store-domain-statement-source-adapter-DO3CzYFW.js            18.56 kB │ gzip:   5.31 kB
dist/assets/sewing-outsourcing-workbench-Bxn15PCO.js                     18.65 kB │ gzip:   6.46 kB
dist/assets/pda-warehouse-outbound-records-CRKEDAu8.js                   18.65 kB │ gzip:   5.32 kB
dist/assets/task-orders-CDDNPwFK.js                                      18.69 kB │ gzip:   6.31 kB
dist/assets/pda-warehouse-shared-aA-oI9qA.js                             18.73 kB │ gzip:   5.59 kB
dist/assets/process-water-soluble-orders-DriBLCXc.js                     18.80 kB │ gzip:   5.72 kB
dist/assets/production-demand-early-process-work-orders-Dsi59yjS.js      18.82 kB │ gzip:   5.60 kB
dist/assets/product-purchase-orders-BzO6T1aS.js                          18.90 kB │ gzip:   5.54 kB
dist/assets/materials-BA_owAdW.js                                        18.93 kB │ gzip:   4.79 kB
dist/assets/kol-goto-pda-domain-DEtp1dOn.js                              19.16 kB │ gzip:   6.51 kB
dist/assets/platform.adapter-CJAFfMEr.js                                 19.25 kB │ gzip:   6.09 kB
dist/assets/shared-X8NqYY2Z.js                                           19.47 kB │ gzip:   5.27 kB
dist/assets/audit-records-CimU_I71.js                                    19.65 kB │ gzip:   6.34 kB
dist/assets/stage-display-BlTmkee-.js                                    19.65 kB │ gzip:   6.95 kB
dist/assets/units-B1GtEHQs.js                                            19.68 kB │ gzip:   5.88 kB
dist/assets/factory-sample-verification-flow-CY_o2S3B.js                 19.86 kB │ gzip:   4.87 kB
dist/assets/index-BmXJr977.js                                            20.17 kB │ gzip:   5.20 kB
dist/assets/material-purchase-tracking-DXQhbqbr.js                       20.21 kB │ gzip:   6.32 kB
dist/assets/material-preparation-CbX-hFas.js                             20.28 kB │ gzip:   7.49 kB
dist/assets/pcs-engineering-master-list-CfLeyZF5.js                      20.37 kB │ gzip:   6.92 kB
dist/assets/deduction-analysis-DVHHtr1D.js                               20.56 kB │ gzip:   5.82 kB
dist/assets/fei-ticket-numbering-ByxbKECt.js                             20.61 kB │ gzip:   5.67 kB
dist/assets/order-list-columns-3h0NvF2j.js                               20.62 kB │ gzip:   6.46 kB
dist/assets/overview.adapter-BO2GxPex.js                                 20.65 kB │ gzip:   6.53 kB
dist/assets/events-nxDofZuQ.js                                           21.11 kB │ gzip:   6.53 kB
dist/assets/work-order-detail-gINpY_XR.js                                21.13 kB │ gzip:   6.65 kB
dist/assets/pcs-engineering-master-view-model-C8tqCVQ5.js                21.18 kB │ gzip:   7.03 kB
dist/assets/suppliers-Cjdc3q31.js                                        21.38 kB │ gzip:   6.82 kB
dist/assets/cut-piece-returns-zBBLAXI_.js                                21.55 kB │ gzip:   6.47 kB
dist/assets/cut-piece-handover-DY8XlURg.js                               21.75 kB │ gzip:   6.93 kB
dist/assets/tasks-CP1Spqgs.js                                            21.99 kB │ gzip:   6.96 kB
dist/assets/progress-cutting-overview-DYIehI8L.js                        22.02 kB │ gzip:   5.00 kB
dist/assets/material-issue-3bt1mOqF.js                                   22.02 kB │ gzip:   5.17 kB
dist/assets/pms-purchase-orders-BHdDrz8F.js                              22.06 kB │ gzip:   6.46 kB
dist/assets/pcs-project-detail-support-Bt7RaLHU.js                       22.10 kB │ gzip:   6.80 kB
dist/assets/qc-workbench-DtsYh5ge.js                                     22.32 kB │ gzip:   6.88 kB
dist/assets/dye-work-order-online-view-DjcFGzfU.js                       22.47 kB │ gzip:   7.73 kB
dist/assets/recheck-orders-B0o8PXKv.js                                   22.50 kB │ gzip:   7.05 kB
dist/assets/production-order-duration-Bv6KjV3k.js                        22.50 kB │ gzip:   8.55 kB
dist/assets/warehouse-location-map-model-B5UsWOE_.js                     22.52 kB │ gzip:   7.15 kB
dist/assets/subject-operations-DC-0JLn7.js                               22.57 kB │ gzip:   7.00 kB
dist/assets/material-statements-Ro807Dsa.js                              22.71 kB │ gzip:   5.99 kB
dist/assets/progress-statistics-linkage-BLglpdpb.js                      22.82 kB │ gzip:   6.52 kB
dist/assets/simple-cut-piece-handover-ui-Crmr4Lh_.js                     23.04 kB │ gzip:   8.90 kB
dist/assets/purchase-suggestions-D8iDJEuJ.js                             23.20 kB │ gzip:   7.25 kB
dist/assets/process-order-task-links-BUj8lHxV.js                         23.57 kB │ gzip:   6.43 kB
dist/assets/process-print-orders-DVQ6noqF.js                             23.59 kB │ gzip:   7.73 kB
dist/assets/qc-orders-CyzWUUqL.js                                        23.61 kB │ gzip:   7.31 kB
dist/assets/pcs-handlers-Dv56BnaU.js                                     23.63 kB │ gzip:   6.11 kB
dist/assets/process-dye-orders-D90BlBZS.js                               23.77 kB │ gzip:   7.81 kB
dist/assets/machine-associations-BY3hDO-7.js                             24.42 kB │ gzip:   7.25 kB
dist/assets/fcs-production-tech-pack-snapshot-Cz594K56.js                24.58 kB │ gzip:   6.16 kB
dist/assets/retired-process-history-eraV6qxh.js                          24.75 kB │ gzip:   6.40 kB
dist/assets/dialogs-C6l4zxiy.js                                          24.87 kB │ gzip:   6.15 kB
dist/assets/wls-fabric-demand-board-CLOQlowO.js                          25.08 kB │ gzip:   6.86 kB
dist/assets/kol-demands-xqwEnVEr.js                                      25.29 kB │ gzip:   7.35 kB
dist/assets/work-order-detail-seOMUE1Q.js                                25.32 kB │ gzip:   8.54 kB
dist/assets/supplier-supply-archives-B3KuIw7S.js                         25.58 kB │ gzip:   7.42 kB
dist/assets/pda-warehouse-wait-handover-C3d4qrd8.js                      25.61 kB │ gzip:   6.38 kB
dist/assets/sample-approval-suggestions-DHg4csqM.js                      25.93 kB │ gzip:   7.97 kB
dist/assets/progress-milestone-config-CgglnjQL.js                        26.43 kB │ gzip:   5.64 kB
dist/assets/sample-warehouse-Dx1QqfsX.js                                 26.63 kB │ gzip:   6.62 kB
dist/assets/marker-spreading-utils-GERHHnAh.js                           26.72 kB │ gzip:   7.83 kB
dist/assets/third-party-factory-rating-CWu0CzfJ.js                       27.03 kB │ gzip:   7.57 kB
dist/assets/warehouse-location-map-CuvO_56q.js                           27.06 kB │ gzip:   7.08 kB
dist/assets/pcs-channel-products-C96RIZmi.js                             27.09 kB │ gzip:   7.17 kB
dist/assets/pcs-pattern-library-detail-DnHGcHwi.js                       27.58 kB │ gzip:   6.56 kB
dist/assets/pda-wool-fact-execution-D1QvWp-j.js                          27.84 kB │ gzip:   9.27 kB
dist/assets/warehouse-BirAyEyy.js                                        28.08 kB │ gzip:   9.32 kB
dist/assets/material-purchase-orders-C-PgMRt6.js                         28.17 kB │ gzip:   8.28 kB
dist/assets/production-order-progress-tracking--HGGGj34.js               28.21 kB │ gzip:   9.21 kB
dist/assets/factory-status-pZcXG11L.js                                   28.39 kB │ gzip:   6.00 kB
dist/assets/pcs-engineering-master-detail-CTojqz0_.js                    28.51 kB │ gzip:   8.35 kB
dist/assets/marker-plan-source-model-Ba-Dk8Kz.js                         28.86 kB │ gzip:   8.45 kB
dist/assets/logistics-reconciliations-DtBYhvLV.js                        28.87 kB │ gzip:   8.87 kB
dist/assets/progress-cutting-exception-center-PxV4AwWQ.js                29.08 kB │ gzip:   6.46 kB
dist/assets/material-reconciliations-BZXojPN9.js                         29.32 kB │ gzip:   8.87 kB
dist/assets/handover-orders-B5M2GCYX.js                                  30.04 kB │ gzip:   8.25 kB
dist/assets/early-process-management-DxUaiOQs.js                         30.06 kB │ gzip:   7.55 kB
dist/assets/pcs-config-workspace-8nQBoaCw.js                             30.75 kB │ gzip:   6.78 kB
dist/assets/capability-BD3Ec9nv.js                                       31.61 kB │ gzip:   6.67 kB
dist/assets/material-archives-DirxsYGz.js                                31.90 kB │ gzip:   7.92 kB
dist/assets/factory-performance-Ds8OFQKE.js                              32.27 kB │ gzip:   6.72 kB
dist/assets/garment-spu-replacements-CVXxS-RY.js                         32.30 kB │ gzip:   9.07 kB
dist/assets/task-detail-C82RmN7W.js                                      32.45 kB │ gzip:   9.60 kB
dist/assets/dialogs-DrA88KAt.js                                          32.55 kB │ gzip:   9.78 kB
dist/assets/pda-shell-S4KpFvLi.js                                        32.91 kB │ gzip:   8.68 kB
dist/assets/process-warehouse-domain-12TBRMe6.js                         32.98 kB │ gzip:   7.51 kB
dist/assets/cut-piece-return-domain-bI-btYu6.js                          33.09 kB │ gzip:   9.74 kB
dist/assets/pda-cutting-inbound-gbZtMsnV.js                              33.44 kB │ gzip:  10.02 kB
dist/assets/store-domain-settlement-seeds-FcKKEJqn.js                    33.63 kB │ gzip:   8.98 kB
dist/assets/pcs-pattern-library-5XZQ1ALu.js                              33.64 kB │ gzip:   7.63 kB
dist/assets/warehouse-runtime-BHRlqAGQ.js                                33.70 kB │ gzip:   8.62 kB
dist/assets/payment-requests-BwpVWo6R.js                                 33.93 kB │ gzip:   8.90 kB
dist/assets/stage-orders-C_1L1Nu6.js                                     34.11 kB │ gzip:  10.44 kB
dist/assets/first-leg-logistics-BzSNFQCX.js                              34.45 kB │ gzip:   9.00 kB
dist/assets/pda-warehouse-stocktake-Bx5IwAeP.js                          34.46 kB │ gzip:   8.63 kB
dist/assets/stage-order-detail-B8Euytn2.js                               34.49 kB │ gzip:   9.99 kB
dist/assets/work-orders-BWVH-DHn.js                                      34.50 kB │ gzip:  11.54 kB
dist/assets/work-order-detail-DQ2e-qO4.js                                34.57 kB │ gzip:   9.39 kB
dist/assets/pda-post-finishing-flow-CpfyoBMz.js                          34.79 kB │ gzip:   9.27 kB
dist/assets/dispatch-acceptance-sla-Ck1m_gom.js                          34.91 kB │ gzip:   7.87 kB
dist/assets/pda-task-receive-detail-BXOh4QsR.js                          35.22 kB │ gzip:   8.43 kB
dist/assets/pending-receipts-C9fD88ca.js                                 35.27 kB │ gzip:  10.61 kB
dist/assets/water-soluble-orders-UA8744EP.js                             35.86 kB │ gzip:  10.76 kB
dist/assets/pda-cutting-transfer-bag-repack-GRmJ_u3i.js                  35.90 kB │ gzip:  10.09 kB
dist/assets/work-order-detail-Cup_c1Yg.js                                36.11 kB │ gzip:   9.66 kB
dist/assets/pcs-technical-data-DQta2Pw3.js                               36.78 kB │ gzip:   9.80 kB
dist/assets/pcs-pattern-library-create-B16O7mUY.js                       36.89 kB │ gzip:   8.61 kB
dist/assets/special-processes-DANwauy3.js                                37.19 kB │ gzip:   9.50 kB
dist/assets/first-leg-carriers-C6cLOQw_.js                               37.39 kB │ gzip:   9.90 kB
dist/assets/third-party-factory-comprehensive-assessment-Bx8SdaAh.js     37.39 kB │ gzip:  11.04 kB
dist/assets/pda-quality-989yU5ML.js                                      37.40 kB │ gzip:   9.77 kB
dist/assets/product-purchase-orders-CE3FKe9D.js                          37.56 kB │ gzip:   9.20 kB
dist/assets/cutting-statistics-ab-material-DLsAqabJ.js                   38.09 kB │ gzip:   8.61 kB
dist/assets/payment-requests-COgLfh1q.js                                 38.18 kB │ gzip:   9.96 kB
dist/assets/warehouse-CqY1P1ey.js                                        38.50 kB │ gzip:  10.90 kB
dist/assets/pda-cutting-handover-CFG3AX0R.js                             38.97 kB │ gzip:  11.06 kB
dist/assets/fcs-handlers-7ucybhE8.js                                     39.00 kB │ gzip:  11.69 kB
dist/assets/first-leg-shipments-CY09lOMc.js                              39.86 kB │ gzip:   9.88 kB
dist/assets/wait-handover-runtime-CQc_RhIZ.js                            41.22 kB │ gzip:  11.19 kB
dist/assets/print-styles-d7PLSw44.js                                     41.87 kB │ gzip:   8.58 kB
dist/assets/pending-receipts-tz46KACl.js                                 43.69 kB │ gzip:  15.55 kB
dist/assets/pcs-material-archives-BZbjJCqF.js                            43.89 kB │ gzip:   9.60 kB
dist/assets/cutting-summary-kc-Qc2qn.js                                  44.04 kB │ gzip:  11.50 kB
dist/assets/warehouse-BtHeQt0G.js                                        44.11 kB │ gzip:  11.17 kB
dist/assets/tmf-material-purchases-m8lqxH_l.js                           44.18 kB │ gzip:  12.50 kB
dist/assets/handover-orders-TTrL6qnt.js                                  44.18 kB │ gzip:   8.79 kB
dist/assets/demand-domain--yWPH40P.js                                    44.54 kB │ gzip:   9.88 kB
dist/assets/warehouse-faLEqkJD.js                                        46.18 kB │ gzip:  10.75 kB
dist/assets/batches-BkksFrSJ.js                                          46.41 kB │ gzip:   9.85 kB
dist/assets/wls-accessory-receipts-CJPnDqpu.js                           46.93 kB │ gzip:  12.43 kB
dist/assets/dispatch-tenders-0fyetNnt.js                                 47.24 kB │ gzip:  12.25 kB
dist/assets/dyeing-vIWmTYOb.js                                           47.45 kB │ gzip:  10.18 kB
dist/assets/printing-BPA8G_Zu.js                                         47.45 kB │ gzip:  10.18 kB
dist/assets/other-BDs9n3Oq.js                                            47.46 kB │ gzip:  10.19 kB
dist/assets/settlement-linked-mock-factory-BbMRwpbV.js                   47.63 kB │ gzip:  14.44 kB
dist/assets/sewing-DOg_xlfp.js                                           48.47 kB │ gzip:  10.52 kB
dist/assets/progress-material-ByWpvEXY.js                                48.72 kB │ gzip:   9.35 kB
dist/assets/material-inventory-EzW6f7qX.js                               48.95 kB │ gzip:  12.56 kB
dist/assets/pda-task-receive-CZO6RciK.js                                 49.14 kB │ gzip:  12.23 kB
dist/assets/supplier-confirmations-CQZlkyue.js                           49.89 kB │ gzip:  12.88 kB
dist/assets/pda-cutting-execution-source-xm6SP0MF.js                     49.90 kB │ gzip:  13.49 kB
dist/assets/pda-onboarding-CeTlbIz0.js                                   50.52 kB │ gzip:  10.77 kB
dist/assets/marker-plan-model-RwYIPu_E.js                                51.50 kB │ gzip:  14.71 kB
dist/assets/pda-handover-DrQH8xXM.js                                     52.11 kB │ gzip:  13.87 kB
dist/assets/store-domain-progress-KKXGZ-3l.js                            53.10 kB │ gzip:  11.77 kB
dist/assets/settlement-cutting-input-D-cSbGnV.js                         53.56 kB │ gzip:  11.04 kB
dist/assets/lace-factory-domain-CK--dX9N.js                              53.67 kB │ gzip:  13.39 kB
dist/assets/pcs-part-template-library-ps-xckyS.js                        53.77 kB │ gzip:  11.06 kB
dist/assets/progress-urge-BCcdKQVK.js                                    56.35 kB │ gzip:  11.40 kB
dist/assets/pda-cutting-spreading-DYV5FZOO.js                            56.56 kB │ gzip:  13.08 kB
dist/assets/warehouse-location-map-DG5KBjMv.js                           56.79 kB │ gzip:  16.84 kB
dist/assets/marker-plan-occupancy-DJExqY38.js                            57.09 kB │ gzip:  16.02 kB
dist/assets/domain-snapshot-73bknoEq.js                                  59.32 kB │ gzip:  15.88 kB
dist/assets/cut-piece-release-CYkaWqvY.js                                60.06 kB │ gzip:  15.81 kB
dist/assets/pda-settlement-BkIy74Dd.js                                   60.08 kB │ gzip:  13.67 kB
dist/assets/routes-fcs-BJQNrhS6.js                                       60.99 kB │ gzip:  12.76 kB
dist/assets/factory-profile-Am2fxqY3.js                                  61.11 kB │ gzip:  14.02 kB
dist/assets/pickup-management-list-DxsaXyVz.js                           61.39 kB │ gzip:  17.11 kB
dist/assets/pcs-live-testing-CeidTswh.js                                 62.65 kB │ gzip:  15.76 kB
dist/assets/cutting-dE-ki_ut.js                                          62.79 kB │ gzip:  12.94 kB
dist/assets/progress-handover-CwoKvA3v.js                                63.78 kB │ gzip:  13.54 kB
dist/assets/production-object-overview-C1vbgr8L.js                       64.69 kB │ gzip:  13.11 kB
dist/assets/pcs-video-testing-BINic2O1.js                                64.82 kB │ gzip:  16.19 kB
dist/assets/production-object-overview-BLAEJMNj.js                       65.32 kB │ gzip:  15.34 kB
dist/assets/output-documents-Dh0asSfA.js                                 65.92 kB │ gzip:  22.54 kB
dist/assets/pda-exec-CTkd7O93.js                                         66.88 kB │ gzip:  15.30 kB
dist/assets/pcs-sample-management-Bx9ezvWf.js                            67.47 kB │ gzip:  15.34 kB
dist/assets/core-DM_i8Pxt.js                                             67.54 kB │ gzip:  12.55 kB
dist/assets/cutting-daily-production-report-C5LH9eXn.js                  68.05 kB │ gzip:  19.05 kB
dist/assets/pcs-channel-stores-D5GChb6R.js                               69.22 kB │ gzip:  14.30 kB
dist/assets/context-CS3HSRJs.js                                          69.43 kB │ gzip:  21.32 kB
dist/assets/sewing-dispatch-BqxqTlv6.js                                  69.49 kB │ gzip:  18.07 kB
dist/assets/progress-exceptions-CjamZBh_.js                              70.30 kB │ gzip:  13.28 kB
dist/assets/qc-records-CJaMeD_T.js                                       71.00 kB │ gzip:  15.95 kB
dist/assets/wait-handover-actions-BkZ7NFnK.js                            71.83 kB │ gzip:  18.16 kB
dist/assets/special-craft-fei-ticket-flow-C82RF_2J.js                    72.43 kB │ gzip:  16.43 kB
dist/assets/transfer-bags-DcTRd_HG.js                                    72.79 kB │ gzip:  18.41 kB
dist/assets/factory-onboarding-CtZj3wRT.js                               75.21 kB │ gzip:  12.66 kB
dist/assets/pda-handover-detail-Dui1q84N.js                              75.36 kB │ gzip:  18.44 kB
dist/assets/settlement-D5Y5yxqI.js                                       75.54 kB │ gzip:  11.55 kB
dist/assets/dialogs-BlC2Qi_h.js                                          75.66 kB │ gzip:  18.69 kB
dist/assets/orders-domain-CVRQDtti.js                                    76.23 kB │ gzip:  16.86 kB
dist/assets/pcs-independent-sampling--7IJxceY.js                         76.92 kB │ gzip:  19.55 kB
dist/assets/runtime-projections-D4Iuhf1z.js                              78.01 kB │ gzip:  18.43 kB
dist/assets/transfer-bag-operations-DuPzq-kY.js                          78.06 kB │ gzip:  19.27 kB
dist/assets/process-action-writeback-service-DDtBn1De.js                 78.08 kB │ gzip:  17.83 kB
dist/assets/production-progress-BTmnZfSO.js                              80.58 kB │ gzip:  20.32 kB
dist/assets/pda-warehouse-wait-process-DvQus8xo.js                       87.24 kB │ gzip:  21.11 kB
dist/assets/events-D03Rnv4Q.js                                           90.02 kB │ gzip:  22.18 kB
dist/assets/factory-onboarding-flow-CRtdTE54.js                          90.59 kB │ gzip:  23.31 kB
dist/assets/dispatch-B1o6pBof.js                                         91.34 kB │ gzip:  27.77 kB
dist/assets/cut-orders-BqWAPRkh.js                                       94.66 kB │ gzip:  24.39 kB
dist/assets/special-craft-task-orders-8gQaSLb9.js                        99.16 kB │ gzip:  26.80 kB
dist/assets/pcs-product-archives-CwXSPbGe.js                            106.20 kB │ gzip:  21.44 kB
dist/assets/index-CNlfsPdg.js                                           109.43 kB │ gzip:  39.84 kB
dist/assets/app-shared-CI7Lw1Ed.js                                      109.79 kB │ gzip:  26.87 kB
dist/assets/transfer-bag-return-model-Bar-Yr1T.js                       112.94 kB │ gzip:  26.62 kB
dist/assets/supplement-management-DSx_g75U.js                           113.22 kB │ gzip:  29.91 kB
dist/assets/unified-dispatch-workbench-C27tGT-X.js                      117.95 kB │ gzip:  33.07 kB
dist/assets/statements-CN09R3Ax.js                                      119.48 kB │ gzip:  24.44 kB
dist/assets/events-D7jhVrPE.js                                          121.20 kB │ gzip:  31.26 kB
dist/assets/pcs-engineering-tasks-DeGpkj-V.js                           121.82 kB │ gzip:  27.76 kB
dist/assets/context-B3HyfJAK.js                                         132.99 kB │ gzip:  34.40 kB
dist/assets/production-B4BOX-nn.js                                      133.88 kB │ gzip:  27.38 kB
dist/assets/process-domain-BP_UhgV_.js                                  138.94 kB │ gzip:  25.96 kB
dist/assets/generated-fei-tickets-7T07dN91.js                           143.00 kB │ gzip:  36.15 kB
dist/assets/preparation-timing-nN-UNIWi.js                              145.93 kB │ gzip:  34.39 kB
dist/assets/marker-plan-B1KmOXAI.js                                     150.09 kB │ gzip:  35.40 kB
dist/assets/warehouse-hub-55pfYbEX.js                                   152.71 kB │ gzip:  37.97 kB
dist/assets/marker-spreading-B01lOGYt.js                                154.06 kB │ gzip:  37.72 kB
dist/assets/return-inbound-Dh_mXv4d.js                                  183.42 kB │ gzip:  33.52 kB
dist/assets/fei-tickets-DOs0P2IX.js                                     196.51 kB │ gzip:  43.85 kB
dist/assets/index--GzcKvNw.js                                           210.12 kB │ gzip:  66.49 kB
dist/assets/index-X136YEN2.js                                           223.27 kB │ gzip:  52.32 kB
dist/assets/pcs-projects-4dKWmUsf.js                                    232.17 kB │ gzip:  50.52 kB
dist/assets/pda-exec-detail-rVGIKGsl.js                                 233.98 kB │ gzip:  54.28 kB
dist/assets/print-preview-DWrSJ2KL.js                                   257.70 kB │ gzip:  66.69 kB
dist/assets/production-timeliness-CD7e7L9-.js                           459.91 kB │ gzip: 115.02 kB
dist/assets/pda-BVPqQq_m.js                                             511.79 kB │ gzip:  85.31 kB
dist/assets/production-source-shared-jFgrrgFY.js                      2,938.85 kB │ gzip: 732.04 kB

(!) Some chunks are larger than 550 kB after minification. Consider:
- Using dynamic import() to code-split the application
- Use build.rollupOptions.output.manualChunks to improve chunking: https://rollupjs.org/configuration-options/#output-manualchunks
- Adjust chunk size limit for this warning via build.chunkSizeWarningLimit.
✓ built in 8.78s
