
> higoods-vanilla-clone@1.0.0 build
> npm run typecheck:engineering && npm test && vite build


> higoods-vanilla-clone@1.0.0 typecheck:engineering
> npm run typecheck:entrypoints && npm run typecheck:scopes


> higoods-vanilla-clone@1.0.0 typecheck:entrypoints
> tsc --project tsconfig.engineering.json


> higoods-vanilla-clone@1.0.0 typecheck:scopes
> node scripts/check-typescript-scope.mjs src/domain/ src/components/ui/ src/state/

TypeScript 全量既有错误：61
本次渐进检查范围：src/domain/、src/components/ui/、src/state/
范围内错误：0
范围外既有错误保留在全量 typecheck 中继续分批治理。

> higoods-vanilla-clone@1.0.0 test
> npm run test:unit


> higoods-vanilla-clone@1.0.0 test:unit
> node --import tsx --test tests/unit/*.test.ts

✔ 浏览器存储封装保持读写删除语义 (0.5395ms)
✔ 浏览器存储不可用或抛错时保持静默降级 (0.09025ms)
(node:20867) ExperimentalWarning: localStorage is not available because --localstorage-file was not provided.
(Use `node --trace-warnings ...` to show where the warning was created)
✔ MIG-001/002/006: management entry and handlers belong to FCS; PFOS keeps execution (2.344291ms)
✔ MIG-003/007: prep and execution read the same early order identities, quantities and match status (3444.36125ms)
✔ MIG-004/009: migrated dialogs retain candidate fields, actual material image and task outputs (0.784875ms)
✔ MIG-011: management and execution use the same seven business display columns (8.147708ms)
✔ MIG-007: early dye/print creation and cancellation survive reload (3303.353583ms)
✔ 解析带标签、小数和空格的长度数量 (1.504041ms)
✔ 解析卷数并对不合法文本返回 0 (0.296334ms)
✔ 证据文件标识把连续空白收口为单个连字符 (0.36025ms)
(node:20870) ExperimentalWarning: localStorage is not available because --localstorage-file was not provided.
(Use `node --trace-warnings ...` to show where the warning was created)
✔ 设计改款可成批生成染色和印花加工单，且完整投影来源与上下游 (1690.226458ms)
✔ 设计改款加工单生成幂等，重复请求不增加单据 (19.04425ms)
✔ 同一设计改款任务的不同颜色和 BOM 行分别生成加工单 (6.4625ms)
✔ 成批提交失败时染色与印花加工单一起回滚 (12.517333ms)
✔ 设计改款来源缺关键引用或来源未知时必须阻断 (0.182666ms)
(node:20871) ExperimentalWarning: localStorage is not available because --localstorage-file was not provided.
(Use `node --trace-warnings ...` to show where the warning was created)
✔ 设计改款加工单等待买手审核成果，绑定真实附件后才可安排，先染后印继续受前序交出约束 (637.417208ms)
✔ 专业成果没有真实附件时保持未绑定 (8.626084ms)
(node:20872) ExperimentalWarning: localStorage is not available because --localstorage-file was not provided.
(Use `node --trace-warnings ...` to show where the warning was created)
✔ 可打印不等于可建交出单，必须完成真实标签打印 (0.470792ms)
✔ 卷规格无效时不可建交出单，且不改变原可打印判定语义 (0.06875ms)
✔ 人工完成印花加工单不再自动填充操作人 (387.518584ms)
✔ 日报窗口含截止日7天，重点日均独立使用前6天 (0.478625ms)
✔ 未知采购不填0，未BOM不输出完整确定订单需求 (0.107166ms)
✔ 突变必须绝对量与比例同时达到阈值 (0.062625ms)
✔ 截止日突变示例与未完结日不判定 (0.053375ms)
✔ 共享商品按SPU去重而不按关联行累加销量 (0.091875ms)
✔ 预选不产生确定用料；BOM需求保留物料归属 (0.120583ms)
✔ 同料BOM优先于预选，不重复关系及需量 (0.063834ms)
✔ 两个业务页具有独立容器、标准分页与证据边界 (20.736167ms)
✔ 未进入物料页面时 bridge 不加载业务；加载失败重试后首次渲染即已注册 (2.963084ms)
✔ click 分组顺序、短路、选择器范围保持原行为，重新注册替换旧处理器 (0.526709ms)
✔ 备料写入守卫读取实时角色与水位，阻断时不调用业务处理器 (0.345375ms)
✔ input/change/keyboard 原入口、筛选范围和 change 优先级完整保留 (0.288792ms)
✔ health groups are exhaustive and mutually exclusive in demo (0.762667ms)
✔ coverage and baseline use same inventory plus transit but distinct demand windows (0.069625ms)
✔ zero demand is unavailable rather than infinity and huge finite quotient stays finite (0.089916ms)
✔ date selects different consistent snapshot (0.0845ms)
✔ threshold changes alter classification without changing facts (0.060125ms)
✔ health view carries core P1 business sections and mock caveat (21.247875ms)
✔ AT16 rules do not substitute brand, size or packaging method (0.856959ms)
✔ AT24 equal priority conflict blocks resolution and identifies rules (0.699583ms)
✔ higher explicit priority resolves a lower priority overlap (0.257083ms)
✔ plans distinguish garments and parcels and add loss once (0.346042ms)
✔ AT18 white pendant stock only allocated once (0.451667ms)
✔ event duplicate and old revision do not add consumption; reprints are activity only (0.956ms)
✔ conflicting same revision fails instead of silently choosing a payload (0.16725ms)
✔ AT17/19/20 panel states unresolved ASAYA, independent kit80 and unknown ribbon (0.55225ms)
✔ trigger distinct from target, existing supply produces explainable zero (1.3745ms)
✔ missing mapping or usage and incompatible raw unit block unsafe generation (0.242333ms)
✔ generation reserves remaining once and shared raw pool across target rules (1.296167ms)
✔ production does not increase stock; actual SKU and output bound partial receipts (0.307125ms)
✔ cancelled suggestion releases commitment and raw allocation (0.132292ms)
✔ AT05 committed greige is not available for a second allocation (0.434917ms)
✔ AT06 partial receipt reduces expected supply; checking and qualified never duplicate (0.295084ms)
✔ AT07 unmapped target preserves quantities but gives no target coverage (0.073667ms)
✔ §7.2 loss reduces future supply; rejected receipts never become usable (0.05375ms)
✔ §7.3 unit/yield/route and conservation gaps block deterministic supply (0.09ms)
✔ §7.3 candidate comparison reports remaining shortage and respects arrival deadline (0.121042ms)
✔ §7.3 zero gap stays zero and nonfinite inputs cannot produce advice (0.044167ms)
✔ panel uses owned local handlers and discloses mock and missing images (1.418083ms)
✔ P2 coefficients and coverage exclude transit (8.984666ms)
✔ P2 coverage buckets have exclusive shared boundaries (0.96725ms)
✔ P2 partial receipts and completed batches count remaining only (0.140375ms)
✔ P2 latest overdue selected only if no future batch; today included (0.121459ms)
✔ P2 search transit and ETA filters compose (0.258875ms)
✔ P2 zero demand and missing BOM preserve distinct nulls; micro demand excluded (0.136667ms)
✔ P2 standard table renders and limits initial rows to first page (6.0315ms)
✔ AT01/02 internal reservation stays in coverage while external reservation is deducted (11.303ms)
✔ AT03 quality segments are not usable (0.816167ms)
✔ AT04 partial receipt leaves remaining supply only (0.4605ms)
✔ AT08/38 late supply never erases earlier shortage (0.195167ms)
✔ AT09 intermediate deficit determines net need rather than positive closing balance (0.142542ms)
✔ AT10 MOQ and pack rounding, zero stays zero (0.131334ms)
✔ AT11 horizon begins at cutoff and is not expanded by lead time (0.151291ms)
✔ AT12 forecast covered by confirmed demand is excluded before coefficient (0.120042ms)
✔ AT13 no demand has no numeric coverage (0.097791ms)
✔ AT14 cancelling demand does not change stock (0.142459ms)
✔ AT15 latest event revision only (0.396208ms)
✔ AT16/17 directory preserves bag sizes and ASAYA duplicated input is one unresolved SKU (0.080667ms)
✔ AT18 three brands draw from one shared pool (0.106708ms)
✔ AT19/20 kit capacity respects minimum and missing conversion (0.054542ms)
✔ AT21 inactive/unusable stock remains physically visible (0.098959ms)
✔ AT23 affected order identifiers are unique (0.091083ms)
✔ AT25/26 draft does not mutate active and invalidates trial (0.060167ms)
✔ AT26/28 publish requires role and exact trial; history retained (0.175416ms)
✔ AT31 risk cannot close with remaining shortage or skip verification (0.158ms)
✔ AT37 invalid dates, unknown timezone, bad numeric values rejected (0.075333ms)
✔ duplicate supply chain does not double count and blocks deterministic advice (0.075625ms)
✔ warehouse catalogue includes 17 locations and two garment warehouses (0.034ms)
✔ candidate comparison retains pre-arrival risk (0.272958ms)
✔ SKU-specific policy wins and duplicate rules block publish (0.119166ms)
✔ 路由标准化移除 query 与 hash，但不改动路径 (0.343791ms)
✔ 只匹配路由根或其子路径，不误匹配相似前缀 (0.106125ms)
✔ 可在多个合法根路径中匹配一个 (0.070417ms)
✔ 只把完整生产确认单打印路由识别为命中 (0.100125ms)
✔ 物流商新增字段保存回显并写入操作日志 (3.265875ms)
✔ 物流商数字字段非负校验与运输方式枚举校验 (0.23925ms)
✔ 渠道新增字段保存回显，条件计费字段按计费方式保留 (0.357666ms)
✔ 整柜渠道不要求新增计费字段，仍要求四箱型完整配置 (0.110166ms)
✔ 渠道数字字段非负与时效区间校验 (0.110959ms)
✔ 头程批次聚合展示总箱数、总重量、总体积与转运天数 (0.40425ms)
✔ 工序链按保存顺序生效，合法工序集合固定，非法或重复工序被拒 (4.401416ms)
✔ 坯布 SKU 必填，坯布库存为 0 时调拨资格被拒，补足后恢复 (0.341625ms)
✔ 采购单按勾选 SKU 生成明细，数量与枚举非法被拒 (0.147209ms)
✔ 调拨单可选择调出仓库与调入目标，同步生成加工单号链 (0.192583ms)
✔ 批量刷新库存更新全部监控行与刷新时间并写日志 (0.180375ms)
✔ 手动添加监控 SKU 校验 SKU 必填与重复，添加后进入列表 (0.232ms)
✔ 物料申报扩展字段保存回显，26 项特殊属性按数组保存 (3.1525ms)
✔ 报关扩展：法定第二计量单位与数值，不报关分支跳过必填校验 (0.150375ms)
✔ BOM 业务选项与价格/成本、工厂、布料字段保存回显 (0.606917ms)
✔ 主体经营 9 项成本明细加调整重算总成本，数据缺失提醒可消除 (0.296292ms)
✔ 供应商从草稿到启用遵循状态机，名称唯一 (2.016625ms)
✔ 供货档案包装换算与快照版本 (0.171792ms)
✔ 物料全部有真实图片，采购补充信息可更新且不新增删除 (0.291583ms)
✔ 成衣与样衣 SKU 只读列表数据完整 (0.06125ms)
✔ 仓库同步更新时间，单位字典唯一且不可删除只可启停 (0.243459ms)
✔ BOM 用量可修改，说明可保存，发布后可生成面辅料需求 (1.174959ms)
✔ 面辅料需求种子就绪且可按物料行下推采购单 (4.034583ms)
✔ 快递信息导入校验采购单存在、单号唯一、日期与数量合法 (0.772458ms)
✔ 国内签收、加入头程、状态推进与到仓自动签收 (2.0225ms)
✔ 供应商确认单需标签齐备，确认后回写采购单 (1.035792ms)
✔ 整柜渠道必须完整配置四个箱型，物流商可启停 (0.526625ms)
✔ 面辅料采购单可带原因关闭，关闭后不能再登记到货 (0.310333ms)
✔ 库存监控触发线与建议量公式，规则异常阻断建单 (1.405084ms)
✔ 建单数量不得超过建议量，调拨与采购资格分别阻断 (0.139ms)
✔ 中转看板指标、分布与筛选跳转规则 (0.235625ms)
✔ 生产单校验与配料任务只读数据完整，系统设置结果为 8/6/10 (0.073916ms)
✔ 种子采购单按 SRM 生成器规律补齐单据级与明细级字段 (0.666292ms)
✔ 新建做货采购单保存采购专员、加急、首单、区域与明细字段并可回显 (2.277083ms)
✔ 未传新增字段时沿用默认值并保持既有命令兼容 (0.122458ms)
✔ 采购专员必填、做货必须选区域、重量非负均抛出中文 PmsDomainError (0.257333ms)
✔ 编辑采购单保存新增字段并回显，非法输入被阻断 (0.234208ms)
✔ BOM 状态与 bomMatched 一致，未发布 BOM 的做货明细为未匹配 (0.169584ms)
✔ 行采购金额使用 roundPmsQty 且汇总等于逐行金额之和 (0.117167ms)
✔ 采购建议按缺口公式与折扣计算，并计入有效 KOL 申请 (1.225208ms)
✔ KOL 草稿与已驳回不计入建议缺口 (0.212125ms)
✔ 建议转采购单后写回已转数量与部分生成状态 (2.406917ms)
✔ 面辅料需求按 BOM 用量与损耗扣减库存和采购中 (1.223959ms)
✔ 重复生成、草稿采购单与非做货采购单均被阻断 (0.396041ms)
✔ KOL 单条超量需要二次确认，超过申请量直接阻断 (0.534291ms)
✔ 驳回 KOL 需求后不再计入建议缺口 (0.284875ms)
✔ 关闭采购单必须填写原因且已关闭不可重复关闭 (0.309334ms)
✔ 主体经营明细总成本、毛利与毛利率公式 (1.978875ms)
✔ 面辅料对账：预计/实际双层公式，费用项与差异双重门禁 (3.336625ms)
✔ 面辅料费用项部分确认、批量确认与编辑失效 (0.475542ms)
✔ 请款草稿跨页创建、请款与付款上限、编辑范围 (0.563167ms)
✔ 物流实际费用 12 列导入校验、不自动确认与确认后锁定 (0.396541ms)
✔ 请款单作废释放来源对账，已有付款不能作废 (0.184834ms)
✔ 供应商账单 9 列导入覆盖实际层且不自动确认 (0.236167ms)
✔ 金额大写按 RMB 规则输出并覆盖跨节零 (0.132917ms)
✔ 生成卷号按前缀、每卷米数、重量与起始序号生成并写入包装明细 (4.185292ms)
✔ 生成卷号时尾卷承载剩余数量，卷数按采购数量与每卷米数自动取整 (0.974667ms)
✔ 非法卷号参数被拒绝并抛出中文域错误 (0.892708ms)
✔ 生成标签后二维码内容包含卷号与箱规，参与打印 (0.564583ms)
✔ 箱规新增自动计算体积，重复箱号与非法尺寸被拒，删除后计数正确 (0.481208ms)
✔ 包装明细可新增与删除，非法输入被拒且删除后计数正确 (0.421292ms)
✔ 被包装明细引用的箱规不能删除 (0.163541ms)
✔ 供应商枚举与 SRM 完全一致，旧枚举不再出现 (1.072458ms)
✔ 种子字段满足 SRM 枚举且协同指标为数字 (0.136875ms)
✔ 新增字段保存并回显，成功命令写入操作日志 (2.810292ms)
✔ 编辑保存新增字段并保持状态机与事件名不变 (0.353792ms)
✔ 非法或缺失输入抛 PmsDomainError 且不写入数据 (0.436375ms)
✔ 详情与列表展示新增字段、SRM 枚举与协同指标 (14.845833ms)
(node:20894) ExperimentalWarning: localStorage is not available because --localstorage-file was not provided.
(Use `node --trace-warnings ...` to show where the warning was created)
✔ RETURN-010: only the acceptance week Sunday is skipped, for every starting weekday (0.563625ms)
✔ RETURN-004—010: both projections share counting dates and ceil targets (0.285125ms)
(node:20895) ExperimentalWarning: localStorage is not available because --localstorage-file was not provided.
(Use `node --trace-warnings ...` to show where the warning was created)
✔ 实际耗时跨周日仍按真实时间差；没有可靠时间不造耗时 (0.449125ms)
✔ 每任务都达成才结束；同一来源去重，作废明细不影响主表 (0.150916ms)
✔ 耗时页 Mock 至少覆盖九张生产单和全部节点，且下游事实不会越过未完成的前置节点 (630.203084ms)
✔ 裁片放行按一张放行单内的多次放行展示并选取节点起止时间 (37.579291ms)
(node:20896) ExperimentalWarning: localStorage is not available because --localstorage-file was not provided.
(Use `node --trace-warnings ...` to show where the warning was created)
✔ EXC-001—004: a reference mark cannot change debt, strict kits or final task responsibility (2.292ms)
(node:20897) ExperimentalWarning: localStorage is not available because --localstorage-file was not provided.
(Use `node --trace-warnings ...` to show where the warning was created)
✔ 派单新增主档工厂可登记承接关系，未知工厂仍阻断 (1.538042ms)
✔ 专属任务保留整单身份、数量和接收方，工艺分支保留全部前置关系 (1.361917ms)
✔ 原生产单车缝任务仍可被 PPIC 分配与责任移交识别，SKU 总量完整 (5.576ms)
(node:20898) ExperimentalWarning: localStorage is not available because --localstorage-file was not provided.
(Use `node --trace-warnings ...` to show where the warning was created)
✔ VERIFY-003: dispatch reads keep all documents and independent copies without projecting unrelated business views (420.60525ms)
(node:20899) ExperimentalWarning: localStorage is not available because --localstorage-file was not provided.
(Use `node --trace-warnings ...` to show where the warning was created)
✔ PERF-002/004: scoped receiving reads preserve direct receipts and allocations, without exposing mutable facts (15.062041ms)
✔ PERF-002/004: a synchronous relation read matches independent reads and releases its scope after errors (683.885958ms)
✔ PERF-004: batched print list reviews and handovers equal independently read facts (225.110417ms)
✔ PERF-004: scoped handovers keep canonical sorting and task point reads preserve identity (5.165792ms)
✔ PERF-004: reusing warehouse documents preserves each dye order source, quantity and receiver (152.705709ms)
(node:20900) ExperimentalWarning: localStorage is not available because --localstorage-file was not provided.
(Use `node --trace-warnings ...` to show where the warning was created)
✔ craft source selection preserves all previous source choices and isolated snapshots (8.300458ms)
✔ source eligibility is re-evaluated after a source order changes (0.113667ms)
(node:20902) ExperimentalWarning: localStorage is not available because --localstorage-file was not provided.
(Use `node --trace-warnings ...` to show where the warning was created)
✔ 验收数据至少包含 5 张染色和 5 张印花提前加工单，并覆盖全部匹配状态 (1234.204417ms)
✔ 印花专业成果把多张图片和多个文件统一保存在同一附件集合 (0.137209ms)
✔ 同一生产需求可手动选择具体专业任务，创建结果保存所选任务与全部成果附件 (101.155459ms)
✔ 创建提前加工单必须选择所属专业任务并明确加工厂 (0.52725ms)
✔ 计划加工数量包含损耗率，且染色印花投入与产出 SKU 必须不同 (0.1315ms)
✔ 专业成果未审核通过时不可创建提前加工单 (0.104125ms)
✔ 多个生产需求合并为一张生产单时，可匹配多张提前染色加工单 (30.800375ms)
✔ 等待技术包的提前单在技术包就绪后可由同一匹配服务自动重试 (11.492333ms)
✔ 合并生产单中只有部分需求有提前单时，只为未覆盖需求补建剩余数量 (120.497875ms)
✔ 已有提前单但正式 BOM 或 SKU 不一致时进入异常，且不重复补建同一工艺单 (108.78125ms)
✔ 取消后重建保留旧单，并建立双向替代关系 (2.00525ms)
✔ 没有提前加工单的需求仍保留正式加工单快照 (5.183083ms)
✔ BOM uses formally reduced quantity and leaves unsupported conversion unknown (0.683292ms)
✔ reuse retains one shared source instance and adds no duplicate processing duration (0.229417ms)
✔ a new rework/recheck round extends the dependency path two days and conserves qualified pieces (0.086875ms)
✔ date-only source is not coerced to a precise instant or exact deadline (0.093584ms)
✔ known order shipment can be timed without crediting an unknown production source (0.076583ms)
✔ waiting for actual fulfillment can be overall late while factory completion stays on time (0.067583ms)
✔ all six named cards render directly checkable evidence without changing production task facts (2.792083ms)
✔ all ten tasks have independent drill-down networks and one frozen aggregate snapshot (1.353083ms)
✔ 31-item dependency recursion proves 24 natural days and shows the actual sum/max formula (0.392167ms)
✔ improving procurement by ten days only improves whole-task timing by one day (0.131917ms)
✔ network rejects circular/missing dependencies and unknown is never zero time (0.2025ms)
✔ each complete standard mock network and live forecast agrees with the task summary (2.464708ms)
✔ quantity forecast finds a one-day risk before any actual deadline is missed (0.788375ms)
✔ all-natural-day clock includes Sundays, preserves timezones, equality is on time and one second is late (0.199417ms)
✔ already-overdue outranks forecast missing; historical completion stops the clock (0.160708ms)
✔ upstream two-day delay and local catch-up pressure are distinct from current-team fault (0.146292ms)
✔ manual forecast is local, propagates both earlier and later dates, and never relaxes baseline (1.612291ms)
✔ saving a manual forecast refreshes all affected node labels without pretending capacity was increased (1.499125ms)
✔ zero capacity and stale progress never forecast zero remaining duration (0.400541ms)
✔ stock and purchase coverage do not imply factory readiness or a new purchase gap (0.335667ms)
✔ stock-only task still has transfer; purchased material must move beyond warehouse entry (0.153125ms)
✔ batch schedule conserves shared capacity and 90 percent occurs at a real batch event (0.310166ms)
✔ customer cancellation without production allocation does not reduce any task (0.360958ms)
✔ excess shipment of one SKU cannot hide shortage of another (0.250708ms)
✔ duplicate, out-of-order and corrected quantity events conserve the effective sum (0.241292ms)
✔ shared work is counted once while merged source tasks preserve independent T0 and deadlines (0.241584ms)
✔ orders enter analysis only from actual shipment and have their own clock (0.342458ms)
✔ region and supply mode select rules together, unpublished candidate rules never apply (0.338875ms)
✔ filters share exact aggregate scope and date windows are left-closed right-open (5.987125ms)
✔ Chinese UI defaults and all scope options filter the intended task population (0.728042ms)
✔ Chinese risk shortcut agrees with risk KPI and does not accidentally select completed or overdue tasks (0.292625ms)
✔ Chinese date-field labels use due date, start date and predicted completion respectively (0.201875ms)
✔ team and stage filters match applicable work nodes rather than only current task responsibility (0.117125ms)
✔ V3 team and factory must match the same node and empty all-scope still keeps a task (0.056875ms)
✔ V3 unknown shipment has no percentage and completed work without deadline is not on time (0.04125ms)
✔ 恢复预测保留不同工作和日期的顺序，只合并连续相同计算且不改写历史 (1.91275ms)
✔ 同一调拨动作按国家和供给方式命中不同预算，候选规则不参与匹配 (1.14025ms)
✔ 同优先级重叠命中必须冲突，明确更高优先级例外才可覆盖 (0.475875ms)
✔ 数量档边界不得跨档或用默认预算掩盖无规则 (0.088584ms)
✔ 子项七天而组上限五天阻断，网络不被截短也不在组外重复加预算 (0.138708ms)
✔ 并行分支取最大值，循环和缺失前置不得算成零天 (0.133791ms)
✔ 工厂实收映射须有明细与物流批次，入库不冒充到厂，重复事件不累加 (0.155084ms)
✔ 投入产出、单位或质量门槛不合规，不能放行下游 (0.088041ms)
✔ 新版本仅记录显式重算范围，不能顺延旧基线或考核截止 (0.413209ms)
✔ 默认演示配置没有阻断，会议候选必须以提示保留 (0.092084ms)
✔ 选定在途W19规则从1改3，本地路线24改26而原始/生效截止与实际事实不变 (5.26675ms)
✔ 在途发布同层冲突、缺规则、缺映射或事件边界变化都不生成覆盖 (0.380916ms)
✔ 发布覆盖可从初始快照恢复且重复应用幂等，未选任务不受影响 (1.94725ms)
✔ 未完成调拨预算增加后，预测沿下游传播；已完成上游事实仍原样 (0.768917ms)
(node:20906) ExperimentalWarning: localStorage is not available because --localstorage-file was not provided.
(Use `node --trace-warnings ...` to show where the warning was created)
✔ 首次来源读取只创建当前存在的缺口，历史从本次观察开始 (1.095625ms)
✔ 事项键由任务、工作与类型生成，中文说明变化不新增事项 (0.327792ms)
✔ 缺款图形成独立事项，增加地址不等于款色对应核验通过 (0.26475ms)
✔ 登记责任期限不修改事实或关闭事项，只有后续来源读取确认恢复 (0.63725ms)
✔ 同一恢复事实重复核对不制造历史，缺口复现重新打开且保留期限 (0.278542ms)
✔ 任务或工作未返回、数量已知性字段消失均不是恢复证据 (0.254ms)
✔ 来源身份变更不能在同一次读取中把旧缺口标为恢复 (0.200334ms)
✔ 未结构化来源审核项不因文字消失自动关闭 (0.196208ms)
✔ 本地持久化保留独立事项、责任、期限和恢复历史 (0.37875ms)
✔ 本地损坏记录不伪造历史、不覆盖旧内容、不允许假保存 (2.694333ms)
✔ 责任、期限、调整原因必填；存储失败给出未保存结果 (0.754ms)
✔ 数据待补按事项分页和筛选，提供独立登记及来源刷新入口 (5.423833ms)
✔ 事项按自身负责人和修复期限筛选，不借任务跟单替代 (0.749375ms)
✔ 空在途范围不展示历史演示日期压力图 (2.216875ms)
✔ 未知预算仍保留串并行和汇合箭头，位置不依赖日期 (7.135875ms)
✔ 下游未开工且前置未完的逾期归为等待；根卡点标出具体工作和全部后继 (2.093625ms)
✔ 取消和已完成不是当前卡点，数据缺口不当执行逾期 (1.808792ms)
✔ 已开工工作即使前置未完，也保留其来源责任逾期并提示核对 (0.563917ms)
✔ 卡点范围仍显示上游参照及所有受影响后继，不显示无关支路 (1.043208ms)
✔ 单据摘要默认展开来源核心字段，不只展示时效 (0.744542ms)
✔ 需求摘要指向已存在的需求列表，入口不冒称独立详情 (0.438042ms)
✔ 缺少单据不得生成虚构摘要或默认完成数 (0.367833ms)
✔ 已实收的有效结束满足前置，取消前置不会被视为供给完成 (0.59325ms)
✔ 质检不合格仍是放行卡点，不因检验时间存在变为可放行 (0.49375ms)
✔ 来源已有不合格检验结果但缺建立时间时，不因前置未完而隐藏本项卡点 (0.803917ms)
✔ 作废且不计时不等于前置已完成；来源已阻断是明确卡点 (0.523834ms)
✔ 已知工作预算齐备但范围未确认时，公式页不得称作全程标准 (5.340708ms)
✔ 暂停或受阻工作不因遗留结束时间而放行下游 (1.760166ms)
✔ 生产准备初始化按编号读取定义与完整目录逐值一致，保留不存在时的契约 (1.814375ms)
✔ 单定义读取的可编辑数组保持隔离，不污染其他任务读取 (0.347791ms)
▶ execution source relations retain full facts without unrelated cold initialization
  ✔ cold read resolves real runtime scope and leaves print/dye execution ledgers untouched (163.847667ms)
  ✔ scoped cold result equals original complete enumeration after the same actual ID resolution (1212.280875ms)
  ✔ production with print/dye uses all existing preparation facts and keeps unknown IDs unknown (53.527583ms)
  ✔ live explicit cross-order reference and cancellation facts survive scoped reading (21.135167ms)
  ✔ real persisted cancellation restores through the original validated path in a new process (895.309208ms)
  ✔ QC reads real fact quantities and renders explicit missing artwork without placeholder network dependency (117.745709ms)
✔ execution source relations retain full facts without unrelated cold initialization (2772.836708ms)
(node:20911) ExperimentalWarning: localStorage is not available because --localstorage-file was not provided.
(Use `node --trace-warnings ...` to show where the warning was created)
✔ production source time uses explicit Shanghai time and rejects date-only completion (0.646375ms)
✔ DDS tasks use demand identity and do not invent preparation, budgets, shipment quantities or orders (1.935333ms)
✔ source bindings require existing same-style preparation and published technical version (0.332958ms)
✔ reuse preserves its source/version and does not add past preparation duration (0.547167ms)
✔ explicit unneeded work is excluded but unconfirmed missing work remains a decision, never zero-day completion (0.254ms)
✔ explicit dependencies preserve parallel entries and repeated processes instead of serial sorting (0.617334ms)
✔ missing explicit predecessors do not become confirmed parallel roots (0.234208ms)
✔ missing predecessor and material SKU discontinuity block route certainty without fabricated edges (0.248667ms)
✔ cyclic source dependency stays a blocking issue and source objects remain unchanged (0.25625ms)
✔ read snapshot uses all current demand records without private Mock tasks or automatic same-style preparations (45.095292ms)
✔ continuous material SKU edges stay confirmed while an unconfirmed route remains pending (0.236666ms)
✔ unverified reuse does not fabricate a completed zero-day result (0.132875ms)
✔ binding writes only the DDS association key and is reflected by the next read (17.86225ms)
✔ execution source uses exact production-order identity, assigned factory and responsibility deadline (0.243666ms)
✔ only a unique exact technical entry binds execution to route; same-name and split executions stay independent (0.292917ms)
✔ preparation-only source cycles are blocked without depending on a technical pack branch (0.171042ms)
✔ source time and manual forecast stay separate from frozen rule examples and missing SLA (0.44675ms)
✔ cancelled execution is not a late blocker and unfinished status cannot borrow a stale completion timestamp (0.151959ms)
✔ document summaries are factual, compact strings; decisions without a document stay unbound (0.116875ms)
✔ formal preparation output connects the exact confirmation, route entry and production version (0.313542ms)
✔ technical object identity and its material photo are retained without using the style photo (0.122583ms)
✔ material transfer has serial dispatch, transport and receipt with separate responsibility and source identity (0.263416ms)
✔ approval, sent quantities and delivery-note registration cannot prove physical handout or logistics delivery (0.157167ms)
✔ actual handout starts transportation but factory receipt never backfills logistics delivery or reception start (0.109459ms)
✔ receipt quantities require the same source line, target factory and unit; mixed units never close reception (0.145333ms)
✔ voided transfers keep evidence but no effective supply or transport completion (0.097917ms)
✔ a document handout timestamp does not complete unshipped or partially shipped source lines (0.118ms)
✔ only preparation-bound purchase documents are included, and purchase completion never invents warehouse arrival (0.129916ms)
✔ quality is scoped to its recorded sample and does not establish shipment orders or whole-order completion (0.162458ms)
✔ current source snapshot exposes matching handover, quality and transfer documents, not generic placeholders alone (5.23875ms)
✔ only a real same-version production order becomes a root execution predecessor (0.359708ms)
✔ task lead blocker matches dependency analysis instead of blaming an unstarted downstream deadline (0.112ms)
✔ failed inspection exposes the concrete unqualified quantity as blocker reason (0.116834ms)
✔ category sample images never stand in for a source style; a dedicated source image is retained (0.150083ms)
(node:20912) ExperimentalWarning: localStorage is not available because --localstorage-file was not provided.
(Use `node --trace-warnings ...` to show where the warning was created)
✔ 当前非 Mock 需求可保存显式工作映射，序列化后可恢复且不改来源事实 (52.991166ms)
✔ 未保存映射、规则空天数、事件范围变化与同级冲突分别给出真实阻断 (4.260583ms)
✔ 同一工作不得存两份口径，来源身份变化或未知数量不允许保存 (11.941792ms)
✔ 工作单位不换算、通配值不充当事实、里程碑不重复加预算 (8.517ms)
✔ 来源任务发布单项预算后保持整体待定，刷新覆盖和已有截止均保留 (6.855666ms)
✔ 缺准备或实发范围时即使要求首次建基线也阻断，并且不写覆盖 (3.635084ms)
✔ 已确认的未来发货工作尚无实发事实也可建 T0+最长路径基线，缺进度只影响预测 (1.030917ms)
✔ 已发布后来源工作身份变化，不把旧映射预算套到新单据 (3.575875ms)
✔ 配置页面保存映射到本地，空天数发布被阻断，填写预算后实际发布当前来源任务 (15.9705ms)
✔ 查生产入口只在合法系统路由显示，并在打印与 PDA 路由隐藏 (1.064917ms)
✔ 相似前缀和相似打印段不会被当成合法路由 (0.153166ms)
(node:20914) ExperimentalWarning: localStorage is not available because --localstorage-file was not provided.
(Use `node --trace-warnings ...` to show where the warning was created)
✔ PERF-001: runtime snapshot and all nine subsets preserve every production order value and caller isolation (16.179792ms)
✔ PERF-001: a subset read does not traverse or clone unrelated snapshot sections (0.212083ms)
✔ PERF-001: paper pattern binding strips and nested craft arrays remain isolated after mutation (0.312583ms)
✔ PERF-001: replacing or updating the bound snapshot is visible immediately without a stale cache (0.177375ms)
✔ PERF-001: missing production order keeps null and empty-list contracts (0.07625ms)
(node:20915) ExperimentalWarning: localStorage is not available because --localstorage-file was not provided.
(Use `node --trace-warnings ...` to show where the warning was created)
✔ VERIFY-003: scoped reads preserve pending/voided sources and defensive copies (2.381542ms)
✔ VERIFY-003: metadata lookup reflects registry changes and returns independent locations (5.009208ms)
✔ 并发调用复用同一个模块加载 Promise，成功后继续复用结果 (0.65825ms)
✔ 模块加载失败后清空缓存，下一次调用可以重试 (0.24125ms)
✔ 独立打印外壳只命中完整生产确认单打印路由 (0.518292ms)
✔ 既有固定打印路由仍使用独立打印外壳 (0.088458ms)
✔ 36条基础采购演示经业务动作形成，共享PMS来源，重复载入不重置数量或伪造实收 (72.305083ms)
✔ 三个中央工厂在组织目录与执行工厂中身份一致且仅出现一次 (0.428292ms)
✔ 花边角色与采购映射归属TMF但供应方仍保留独立身份 (0.073417ms)
✔ 橡筋定长切割仍归SPF，不成为TMF织带截断任务 (0.083583ms)
✔ 旧浏览器组织记录迁移后不与权威TMF并存且保留已有联系人 (2.452625ms)
(node:20921) ExperimentalWarning: localStorage is not available because --localstorage-file was not provided.
(Use `node --trace-warnings ...` to show where the warning was created)
✔ 织带与绳子参考档案接入实际物料库，保留图片来源和未确认尺寸，不替换橡筋 (26.71475ms)
(node:20922) ExperimentalWarning: localStorage is not available because --localstorage-file was not provided.
(Use `node --trace-warnings ...` to show where the warning was created)
✔ N01～N05：通过现有 PMS 入口下达，每条采购链从零执行到仓库实收；交出不提前增加库存 (6.276958ms)
✔ B01/B03：短收保留在途和采购缺口；重复扫描、生成和刷新不双记 (1.766417ms)
✔ B02/B04：多收、错 SKU、错仓和无权限动作不改变任意下游数量；恢复后正常收齐 (2.840042ms)
✔ B23/B24：未开始跟随采购版本，已执行保留原计划和实物、挂出变更待处理 (2.879ms)
✔ B21：保存失败不报成功、不留部分库存；成功后刷新读取同一采购和收货事实 (0.950709ms)
✔ 采购→两种规格截断→拆包回仓→分配发料→生产实收：短收保留缺口，库存及采购不双记 (26.021625ms)
✔ B09：其他需求占用400米时不能再占650；释放50后恢复，错误发料不改变库存 (6.282417ms)
✔ 需求来源：同尺码不同成衣SKU分别保留，BOM适用范围生效，错误快照和重复工序阻断 (0.564459ms)
✔ 待打头条料不计合格产出；超公差实物记不良且照实扣下料当量，未实收不可截断 (20.658083ms)
✔ N04：采购100米→单端硅胶按kg实耗→回仓发料→生产实收50根，连续料剩34米 (14.355333ms)
✔ B15：截断后取消保留1000根在制和1260米当量，释放未发占用并只退连续余料 (20.067958ms)
✔ 已回仓部分发料后取消：释放未发分配，冻结实存，已发在途保留且实收不恢复需求 (17.183ms)
✔ 编辑器按尺码保留规格，截断打头不新建SKU，重复保存沿用节点身份 (1.510708ms)
✔ 前序印染产出SKU作为截断投入；保留独立橡筋工艺，移除打头后下游连接截断 (0.349125ms)
✔ 未明确打头、错误辅料BOM、无半成品和不合法前序不能生成可执行路线 (0.126833ms)
(node:20924) ExperimentalWarning: localStorage is not available because --localstorage-file was not provided.
(Use `node --trace-warnings ...` to show where the warning was created)
✔ N01：400 条 50CM 和 600 条 70CM 分行计算，共 620 米；未增加 SKU (1.232208ms)
✔ 缺少尺码数量、非整数条数、公差或测量条件时不猜测需求 (0.307959ms)
✔ B07：未选择打头、缺少端头方式或辅材不能确认；支持两端不同端头 (0.196458ms)
✔ N04/B08：硅胶按重量且必须有覆盖长度，不作为独立金属头计数 (0.09625ms)
✔ B18：打头只能承接对应截断条料，不能换 SKU、换长度或重新领连续料 (0.239291ms)
✔ N05：规格相同可以合并，但尺码、用途和需求身份不靠物理规格键代替 (0.084292ms)
✔ B14：修改后续版本端头要求不能污染生产单历史快照 (0.410291ms)
ℹ tests 362
ℹ suites 0
ℹ pass 362
ℹ fail 0
ℹ cancelled 0
ℹ skipped 0
ℹ todo 0
ℹ duration_ms 5485.591875
vite v6.4.3 building for production...
transforming...
✓ 2659 modules transformed.
rendering chunks...
[plugin vite:reporter] 
(!) /Users/laoer/Documents/higoods/src/data/app-shell-config.ts is dynamically imported by /Users/laoer/Documents/higoods/src/router/routes.ts but also statically imported by /Users/laoer/Documents/higoods/src/components/shell.ts, /Users/laoer/Documents/higoods/src/state/store.ts, dynamic import will not move module into another chunk.

computing gzip size...
dist/index.html                                                           1.12 kB │ gzip:   0.61 kB
dist/assets/pcs-pattern-parse.worker-B3_rAVMB.js                         18.52 kB
dist/assets/source-views-23Nr_RHD.css                                    34.63 kB │ gzip:   7.04 kB
dist/assets/index-DUNYGJdm.css                                          155.39 kB │ gzip:  25.44 kB
dist/assets/pcs-project-demo-seed-service-COOi2Kbg.js                     0.06 kB │ gzip:   0.08 kB
dist/assets/store-domain-quality-bootstrap-B7sXoyBE.js                    0.38 kB │ gzip:   0.25 kB
dist/assets/sample-warehouse-projection-TBltSVq4.js                       0.39 kB │ gzip:   0.25 kB
dist/assets/dialogs-Dmct7Q5K.js                                           0.58 kB │ gzip:   0.31 kB
dist/assets/tech-pack-DCQwgRI6.js                                         0.59 kB │ gzip:   0.32 kB
dist/assets/transfer-bag-handover-mock-uuf-6_ER.js                        0.63 kB │ gzip:   0.41 kB
dist/assets/pcs-reset-placeholder-Yn2GIynC.js                             0.72 kB │ gzip:   0.45 kB
dist/assets/badge-CQoV5Hhm.js                                             0.78 kB │ gzip:   0.42 kB
dist/assets/images-Q79qfJD0.js                                            0.80 kB │ gzip:   0.35 kB
dist/assets/placeholder-8wxRWJKH.js                                       0.81 kB │ gzip:   0.44 kB
dist/assets/pms-export-C5DiqcGG.js                                        0.83 kB │ gzip:   0.50 kB
dist/assets/trace-B40huTHV.js                                             0.85 kB │ gzip:   0.49 kB
dist/assets/execution-prep-projection-helpers-D7jtvglU.js                 0.90 kB │ gzip:   0.44 kB
dist/assets/runtime-DY769RIr.js                                           0.90 kB │ gzip:   0.61 kB
dist/assets/history-B6ZRH5sA.js                                           0.94 kB │ gzip:   0.60 kB
dist/assets/payment-sync-CqIJZ8Qp.js                                      0.97 kB │ gzip:   0.62 kB
dist/assets/print-service-Cb4Z7TQ8.js                                     1.00 kB │ gzip:   0.50 kB
dist/assets/pda-sewing-self-return-mode-CVT5AEl1.js                       1.07 kB │ gzip:   0.54 kB
dist/assets/detail.adapter-C-2MJM4X.js                                    1.08 kB │ gzip:   0.68 kB
dist/assets/process-work-order-generation-service-Cha4QKSZ.js             1.08 kB │ gzip:   0.65 kB
dist/assets/dialogs-C_I-Um11.js                                           1.08 kB │ gzip:   0.49 kB
dist/assets/dyeing-material-receipts-BnRpI2Y-.js                          1.11 kB │ gzip:   0.73 kB
dist/assets/pda-runtime-Cw3ULYyH.js                                       1.12 kB │ gzip:   0.62 kB
dist/assets/overview-DkRU37Oe.js                                          1.25 kB │ gzip:   0.69 kB
dist/assets/process-work-order-source-view-C3OTfl7G.js                    1.31 kB │ gzip:   0.58 kB
dist/assets/work-order-action-policy-B3qipFyP.js                          1.34 kB │ gzip:   0.68 kB
dist/assets/real-qr-0qnSuKZW.js                                           1.48 kB │ gzip:   0.83 kB
dist/assets/filter-bar-BicXsiXA.js                                        1.49 kB │ gzip:   0.81 kB
dist/assets/material-identity-CKNSwJiE.js                                 1.54 kB │ gzip:   0.85 kB
dist/assets/tmf-work-order-view-DZZ42xpc.js                               1.55 kB │ gzip:   0.75 kB
dist/assets/supplement-material-prep-demand-registry-DI-N3DvB.js          1.56 kB │ gzip:   0.75 kB
dist/assets/warehouse-shared-BlS9E-UL.js                                  1.57 kB │ gzip:   0.51 kB
dist/assets/pda-cutting-wait-handover-actions-Bl4mAERy.js                 1.58 kB │ gzip:   0.62 kB
dist/assets/task-handover-domain-DZ8MiN3w.js                              1.58 kB │ gzip:   0.77 kB
dist/assets/work-order-detail-ZFLqtcxZ.js                                 1.66 kB │ gzip:   0.77 kB
dist/assets/task-chain-pages-adapter-Ccdv8sLN.js                          1.72 kB │ gzip:   0.84 kB
dist/assets/production-contract-print-EJocEbn4.js                         1.73 kB │ gzip:   1.04 kB
dist/assets/real-barcode-DLJSbomk.js                                      1.81 kB │ gzip:   0.96 kB
dist/assets/wool-pda-scan-D1fjN4vF.js                                     1.81 kB │ gzip:   1.00 kB
dist/assets/list-export-DsEwRRCf.js                                       1.86 kB │ gzip:   1.09 kB
dist/assets/toast-JTI_dJb4.js                                             1.87 kB │ gzip:   0.90 kB
dist/assets/kol-goto-fixed-total-ledger-Dyc_3Pa6.js                       1.93 kB │ gzip:   0.92 kB
dist/assets/printing-sheet-preview-LZ0CQNWt.js                            1.94 kB │ gzip:   1.02 kB
dist/assets/table-AxvlV04E.js                                             2.04 kB │ gzip:   1.02 kB
dist/assets/pda-cutting-simple-cut-piece-handover-CO4Gd5d4.js             2.14 kB │ gzip:   1.12 kB
dist/assets/binding-process-pda-scan-DQU7jpFN.js                          2.18 kB │ gzip:   1.13 kB
dist/assets/special-craft-pda-scope-CZF63vI-.js                           2.22 kB │ gzip:   1.01 kB
dist/assets/helpers-BFKa6pUf.js                                           2.42 kB │ gzip:   1.21 kB
dist/assets/pms-excel-import-DnMCWv6B.js                                  2.66 kB │ gzip:   1.32 kB
dist/assets/shared-O0TaIznd.js                                            2.70 kB │ gzip:   1.02 kB
dist/assets/process-order-list-presentation-C837qHbH.js                   2.71 kB │ gzip:   1.27 kB
dist/assets/marker-plan-projection-C-xmndwZ.js                            2.77 kB │ gzip:   1.18 kB
dist/assets/post-finishing-spu-technical-parameters-BEXO6Akj.js           2.79 kB │ gzip:   1.28 kB
dist/assets/authorization-code-CiK87SBe.js                                2.87 kB │ gzip:   1.40 kB
dist/assets/process-order-task-relations-BVsJ9Zid.js                      2.97 kB │ gzip:   1.29 kB
dist/assets/production-order-identity-juW-dqSN.js                         3.00 kB │ gzip:   1.24 kB
dist/assets/confirmation-print-BiyaJEyI.js                                3.00 kB │ gzip:   1.28 kB
dist/assets/product-skus-CEt6Fukj.js                                      3.03 kB │ gzip:   0.96 kB
dist/assets/progress-board-BkQ6-HId.js                                    3.05 kB │ gzip:   1.45 kB
dist/assets/tabs-Hg4N7Pkl.js                                              3.09 kB │ gzip:   0.93 kB
dist/assets/pda-cutting-runtime-action-inputs-1rLktVhx.js                 3.15 kB │ gzip:   1.09 kB
dist/assets/trade-subjects-B1U82DIE.js                                    3.16 kB │ gzip:   1.12 kB
dist/assets/task-route-card-c1jEp-1d.js                                   3.27 kB │ gzip:   1.43 kB
dist/assets/wls-page-handlers-CAYNB3rp.js                                 3.31 kB │ gzip:   1.07 kB
dist/assets/task-delivery-card-DWCHO-wO.js                                3.33 kB │ gzip:   1.51 kB
dist/assets/cutting-mainline-D_8eMu0e.js                                  3.41 kB │ gzip:   1.53 kB
dist/assets/transfer-bags-projection-DEFegMBc.js                          3.52 kB │ gzip:   1.49 kB
dist/assets/binding-process-warehouse-linkage-service-BXICy87T.js         3.63 kB │ gzip:   1.38 kB
dist/assets/fcs-route-links-BrHBsWPd.js                                   3.67 kB │ gzip:   1.20 kB
dist/assets/quality-chain-adapter-cwqETF_0.js                             3.68 kB │ gzip:   1.66 kB
dist/assets/shared-BdLsazeX.js                                            3.73 kB │ gzip:   1.69 kB
dist/assets/engineering-file-upload-DRd48yaW.js                           3.77 kB │ gzip:   1.71 kB
dist/assets/shared-ClKpLMLm.js                                            3.91 kB │ gzip:   1.64 kB
dist/assets/transfer-bag-repack-mock-Cob9RDkz.js                          3.95 kB │ gzip:   1.82 kB
dist/assets/sewing-outsourcing-demo-B3gw90lU.js                           3.95 kB │ gzip:   1.58 kB
dist/assets/dashboards-ByAb9NO1.js                                        4.06 kB │ gzip:   2.00 kB
dist/assets/transit-simple-lists-DFkEvVkJ.js                              4.13 kB │ gzip:   1.45 kB
dist/assets/pda-wool-warehouse-flows-B1zqdIix.js                          4.37 kB │ gzip:   2.34 kB
dist/assets/form-BMcqcg6v.js                                              4.37 kB │ gzip:   1.39 kB
dist/assets/sewing-outsourcing-responsibility-CaePk8qf.js                 4.42 kB │ gzip:   1.96 kB
dist/assets/supplement-order-registry-CHnc7juB.js                         4.49 kB │ gzip:   1.76 kB
dist/assets/routes-pda-Dy_D5HNt.js                                        4.65 kB │ gzip:   1.76 kB
dist/assets/preparation-material-receipt-sources-DVA_8jKr.js              4.68 kB │ gzip:   1.95 kB
dist/assets/layout.helpers-B_-L6Vnb.js                                    4.76 kB │ gzip:   1.73 kB
dist/assets/runtime-task-tenders-YGz6fHpq.js                              4.76 kB │ gzip:   1.94 kB
dist/assets/relations-CLn5P-aR.js                                         4.77 kB │ gzip:   2.17 kB
dist/assets/transit-dashboard-B6NCN4vZ.js                                 4.81 kB │ gzip:   2.03 kB
dist/assets/process-order-list-controller-0hsc0btC.js                     4.84 kB │ gzip:   1.86 kB
dist/assets/result-list-DL-UtTr3.js                                       4.94 kB │ gzip:   2.06 kB
dist/assets/store-domain-dispatch-process-CmIEv2gD.js                     5.01 kB │ gzip:   1.95 kB
dist/assets/process-work-order-quality-settlement-D5fhybPk.js             5.33 kB │ gzip:   2.20 kB
dist/assets/dispatch-task-sheet-D86WUff1.js                               5.56 kB │ gzip:   2.65 kB
dist/assets/routes-pcs-SrnuDBE2.js                                        5.62 kB │ gzip:   1.62 kB
dist/assets/process-order-three-axis-view-Bb4CKOu_.js                     5.72 kB │ gzip:   2.30 kB
dist/assets/production-contract-center-BVpBirsy.js                        5.77 kB │ gzip:   2.47 kB
dist/assets/pda-cutting-nav-context-wVIoafDo.js                           5.95 kB │ gzip:   1.40 kB
dist/assets/fcs-pda-pickup-dispute-DC0GR9sz.js                            6.19 kB │ gzip:   2.18 kB
dist/assets/material-handover-BYvml8lB.js                                 6.21 kB │ gzip:   2.42 kB
dist/assets/pcs-project-technical-data-writeback-D9bctafQ.js              6.25 kB │ gzip:   2.40 kB
dist/assets/warehouse-standard-o8c3wNWy.js                                6.26 kB │ gzip:   2.08 kB
dist/assets/fact-view-BASoNx32.js                                         6.29 kB │ gzip:   2.07 kB
dist/assets/statistics-USwNrlqW.js                                        6.31 kB │ gzip:   1.90 kB
dist/assets/craft-actions-DLV2ZzeG.js                                     6.38 kB │ gzip:   2.89 kB
dist/assets/pda-notify-CdsQ1VnU.js                                        6.49 kB │ gzip:   2.38 kB
dist/assets/pda-transfer-bag-detail-DTRCSLfb.js                           6.49 kB │ gzip:   2.34 kB
dist/assets/shared-VbNq4FMA.js                                            6.56 kB │ gzip:   2.33 kB
dist/assets/factory-receiving-links-DVRkNsDV.js                           6.57 kB │ gzip:   2.63 kB
dist/assets/workbench-BFCccQL4.js                                         6.58 kB │ gzip:   2.66 kB
dist/assets/sewing-outsourcing-supplement-tracking-7ZxG_On7.js            6.63 kB │ gzip:   2.89 kB
dist/assets/shared-CQJv3kGq.js                                            6.82 kB │ gzip:   2.51 kB
dist/assets/production-contract-master-template-CzjL7vXy.js               6.85 kB │ gzip:   2.74 kB
dist/assets/dye-work-order-times-CxLziefL.js                              7.12 kB │ gzip:   2.52 kB
dist/assets/pda-cutting-execution-unit-B13_wo4U.js                        7.15 kB │ gzip:   2.70 kB
dist/assets/overview.helpers-BP2F5Yu8.js                                  7.36 kB │ gzip:   2.88 kB
dist/assets/pda-notify-detail-BNsMB51Y.js                                 7.38 kB │ gzip:   2.34 kB
dist/assets/pda-cutting-fei-ticket-numbering-CM-3Vu2O.js                  7.40 kB │ gzip:   2.47 kB
dist/assets/settlement-flow-boundaries-DbkSNas3.js                        7.43 kB │ gzip:   2.53 kB
dist/assets/pda-warehouse-DtYeLHvo.js                                     7.48 kB │ gzip:   2.99 kB
dist/assets/production-craft-dict-CHpdke7s.js                             7.51 kB │ gzip:   2.82 kB
dist/assets/transit-warehouse-CGN4xIMS.js                                 7.54 kB │ gzip:   2.13 kB
dist/assets/sewing-outsourcing-return-tracking-DyiirCyU.js                7.58 kB │ gzip:   2.84 kB
dist/assets/workbench-DFSEvIPv.js                                         7.61 kB │ gzip:   3.12 kB
dist/assets/pda-cutting-transfer-bag-recovery-C82mt6Sm.js                 7.70 kB │ gzip:   3.23 kB
dist/assets/pcs-material-archive-detail-DJtsxR5d.js                       7.71 kB │ gzip:   2.70 kB
dist/assets/supplement-node-facts-Bl2Pkl0-.js                             7.77 kB │ gzip:   2.85 kB
dist/assets/production-contracts-mLUeyVyu.js                              8.06 kB │ gzip:   2.74 kB
dist/assets/pda-cutting-transfer-bag-scrap-DJfYDxg0.js                    8.08 kB │ gzip:   3.35 kB
dist/assets/progress-exception-lifecycle-BJx0gSBY.js                      8.09 kB │ gzip:   2.70 kB
dist/assets/routes-pms-DNBDXnxK.js                                        8.31 kB │ gzip:   2.10 kB
dist/assets/statistics-B0K1ZL-X.js                                        8.41 kB │ gzip:   3.65 kB
dist/assets/milestone-configs-CkN9lAG0.js                                 8.42 kB │ gzip:   2.95 kB
dist/assets/bom-templates-Br7_yp-y.js                                     8.47 kB │ gzip:   1.81 kB
dist/assets/pre-settlement-ledger-repository-D1v4WWJn.js                  8.64 kB │ gzip:   2.95 kB
dist/assets/pcs-pattern-library-config-DUOxIr3_.js                        8.73 kB │ gzip:   2.37 kB
dist/assets/fei-ticket-numbering-CxzNutV1.js                              8.81 kB │ gzip:   3.09 kB
dist/assets/warehouses-zI9ocKIC.js                                        8.83 kB │ gzip:   2.08 kB
dist/assets/pda-cutting-shared-Dec5uGlS.js                                8.83 kB │ gzip:   2.71 kB
dist/assets/bom-templates-f3XnxLfi.js                                     8.83 kB │ gzip:   3.67 kB
dist/assets/navigation-context-nhTwowmC.js                                8.87 kB │ gzip:   2.46 kB
dist/assets/yarn-shipments-CzumpApC.js                                    8.92 kB │ gzip:   4.04 kB
dist/assets/list-c_wCAWNk.js                                              9.04 kB │ gzip:   3.01 kB
dist/assets/pda-login-C5FZS5qj.js                                         9.09 kB │ gzip:   3.51 kB
dist/assets/dye-work-order-online-domain-DWFImop7.js                      9.53 kB │ gzip:   3.55 kB
dist/assets/production-receipts-BeVjLp_0.js                               9.53 kB │ gzip:   3.84 kB
dist/assets/sewing-pickup-slips-DYSMvXO4.js                               9.56 kB │ gzip:   3.59 kB
dist/assets/production-return-fulfillment-BV93PWhO.js                    10.02 kB │ gzip:   3.82 kB
dist/assets/purchase-suggestions-Duv_PHLl.js                             10.15 kB │ gzip:   3.10 kB
dist/assets/trade-subjects-DI2Reg3y.js                                   10.22 kB │ gzip:   3.72 kB
dist/assets/settings-HFy0Xsio.js                                         10.68 kB │ gzip:   3.22 kB
dist/assets/product-skus-479G34Zr.js                                     10.70 kB │ gzip:   4.12 kB
dist/assets/pms-handlers-D_jyJ6iT.js                                     10.79 kB │ gzip:   2.38 kB
dist/assets/transit-receipts-C4tFaa_t.js                                 10.95 kB │ gzip:   4.01 kB
dist/assets/task-breakdown-CEutqVef.js                                   11.01 kB │ gzip:   4.04 kB
dist/assets/presentation-DsaTzNDN.js                                     11.02 kB │ gzip:   4.53 kB
dist/assets/tasks-Byfg_ARy.js                                            11.26 kB │ gzip:   4.32 kB
dist/assets/material-transfers-D5lztj3r.js                               11.28 kB │ gzip:   3.91 kB
dist/assets/pda-exec-link-BtvkUu1_.js                                    11.32 kB │ gzip:   3.69 kB
dist/assets/material-prep-DatUOEav.js                                    11.40 kB │ gzip:   2.68 kB
dist/assets/dyeing-warehouse-view-DH3-J83O.js                            11.46 kB │ gzip:   3.94 kB
dist/assets/warehouses-BAoqEbBY.js                                       11.69 kB │ gzip:   4.22 kB
dist/assets/process-statistics-domain-By3m1kJ3.js                        12.19 kB │ gzip:   3.97 kB
dist/assets/pickup-management-runtime-DquVg7TW.js                        12.20 kB │ gzip:   4.71 kB
dist/assets/task-execution-adapter-Be-RDsMu.js                           12.22 kB │ gzip:   3.67 kB
dist/assets/bom-detail-3nOJTYXQ.js                                       12.33 kB │ gzip:   4.32 kB
dist/assets/wls-inbound-DTRNiqkX.js                                      12.36 kB │ gzip:   4.75 kB
dist/assets/returns-D5ZUjcaj.js                                          12.40 kB │ gzip:   4.57 kB
dist/assets/handover-print-DtyeQ-YL.js                                   12.42 kB │ gzip:   4.48 kB
dist/assets/cut-piece-return-warehouse-Dye13lgC.js                       12.43 kB │ gzip:   4.36 kB
dist/assets/meta-DoO-xbln.js                                             12.79 kB │ gzip:   2.87 kB
dist/assets/context-Cl3PMl4j.js                                          12.97 kB │ gzip:   4.57 kB
dist/assets/responsibility-transfers-BG7dg0B8.js                         13.03 kB │ gzip:   4.87 kB
dist/assets/material-preparation-Cn4290yw.js                             13.14 kB │ gzip:   5.30 kB
dist/assets/supplements-CQX3Oq--.js                                      13.14 kB │ gzip:   4.73 kB
dist/assets/handover-records-IeQi2sdP.js                                 13.14 kB │ gzip:   4.13 kB
dist/assets/wls-finished-inbound-BlXUtV8w.js                             13.20 kB │ gzip:   5.01 kB
dist/assets/pda-start-link-BXy-EVvz.js                                   13.37 kB │ gzip:   4.73 kB
dist/assets/work-orders-BYHSN3RA.js                                      13.45 kB │ gzip:   5.25 kB
dist/assets/work-orders-CKdr3TTB.js                                      13.84 kB │ gzip:   4.66 kB
dist/assets/mobile-execution-task-index-lL1YkLws.js                      13.96 kB │ gzip:   3.70 kB
dist/assets/workbench-rLqZyuXD.js                                        14.03 kB │ gzip:   4.05 kB
dist/assets/work-order-detail-D5YFN4-d.js                                14.13 kB │ gzip:   4.47 kB
dist/assets/output-stock-3cdxKBc8.js                                     14.14 kB │ gzip:   5.58 kB
dist/assets/routes-wls-nxBF_yiQ.js                                       14.25 kB │ gzip:   3.76 kB
dist/assets/post-finishing-qc-print-template-Boc2b11I.js                 14.45 kB │ gzip:   4.45 kB
dist/assets/work-orders-CNt71gxF.js                                      14.70 kB │ gzip:   4.77 kB
dist/assets/reports-CUnUGLvf.js                                          14.75 kB │ gzip:   3.54 kB
dist/assets/full-flow-print-C5cDZd--.js                                  14.89 kB │ gzip:   4.83 kB
dist/assets/progress-handover-order-DR2PnQEM.js                          15.06 kB │ gzip:   4.29 kB
dist/assets/pcs-engineering-tech-pack-workspace-X7h_q3CU.js              15.18 kB │ gzip:   5.42 kB
dist/assets/cut-order-release-integration-DdATDiN7.js                    15.21 kB │ gzip:   5.39 kB
dist/assets/machines-o686ORfg.js                                         15.31 kB │ gzip:   5.00 kB
dist/assets/outbound-orders-nTHdIXQs.js                                  15.34 kB │ gzip:   4.92 kB
dist/assets/pda-cutting-task-detail-8JfCZa9E.js                          15.50 kB │ gzip:   5.38 kB
dist/assets/simple-cut-piece-handover-fixtures-CPeorABc.js               15.90 kB │ gzip:   5.28 kB
dist/assets/process-web-status-actions-Bg0z91HK.js                       15.97 kB │ gzip:   4.23 kB
dist/assets/cut-order-supplement-fixture-CQSkJWpd.js                     15.97 kB │ gzip:   4.83 kB
dist/assets/progress-cutting-detail-hST0cvyJ.js                          15.99 kB │ gzip:   3.76 kB
dist/assets/pda-sewing-self-return-CjG06mhD.js                           15.99 kB │ gzip:   5.27 kB
dist/assets/garment-spu-replacement-Diqmx49C.js                          16.01 kB │ gzip:   4.85 kB
dist/assets/handover-ledger-view-DPang3y4.js                             16.17 kB │ gzip:   4.45 kB
dist/assets/wls-garment-relabel-tasks-DRRCQ4mU.js                        16.20 kB │ gzip:   5.30 kB
dist/assets/pda-notify-due-soon-3vqOkS2V.js                              16.49 kB │ gzip:   5.53 kB
dist/assets/material-requirements-DaiMMVN8.js                            16.70 kB │ gzip:   5.66 kB
dist/assets/material-purchase-orders-C8b1YXl8.js                         16.71 kB │ gzip:   5.18 kB
dist/assets/suppliers-CF8Vrskm.js                                        16.77 kB │ gzip:   4.64 kB
dist/assets/events-DvFhgPsX.js                                           16.92 kB │ gzip:   6.63 kB
dist/assets/sewing-cut-piece-return-workflow-O7mcK8Dh.js                 17.18 kB │ gzip:   6.07 kB
dist/assets/warehouse-DiIxeti2.js                                        17.25 kB │ gzip:   5.36 kB
dist/assets/production-confirmation-DPPBebnh.js                          17.25 kB │ gzip:   5.89 kB
dist/assets/marker-spreading-projection-DfZZKfzL.js                      17.48 kB │ gzip:   5.53 kB
dist/assets/sewing-cut-piece-responsibility-Czla9pLT.js                  17.53 kB │ gzip:   5.25 kB
dist/assets/process-mobile-task-binding-BMMMRIpY.js                      17.56 kB │ gzip:   6.14 kB
dist/assets/pda-handlers-6vWX1be0.js                                     17.63 kB │ gzip:   4.66 kB
dist/assets/bom-detail-D5uVJSwi.js                                       17.74 kB │ gzip:   5.73 kB
dist/assets/adjustments-CcEx8fJK.js                                      18.11 kB │ gzip:   5.47 kB
dist/assets/pda-warehouse-inbound-records-YmjzGCHX.js                    18.16 kB │ gzip:   5.10 kB
dist/assets/purchase-demands-BVk3cynl.js                                 18.27 kB │ gzip:   5.86 kB
dist/assets/base-orders-DtiKW0Pt.js                                      18.30 kB │ gzip:   6.90 kB
dist/assets/platform-process-result-view-C03kPBLx.js                     18.53 kB │ gzip:   5.32 kB
dist/assets/store-domain-statement-source-adapter-BPdIHB09.js            18.56 kB │ gzip:   5.31 kB
dist/assets/sewing-outsourcing-workbench-DsyRnYu_.js                     18.65 kB │ gzip:   6.46 kB
dist/assets/pda-warehouse-outbound-records-BM6q074E.js                   18.65 kB │ gzip:   5.32 kB
dist/assets/task-orders-Dt-fy_TN.js                                      18.69 kB │ gzip:   6.31 kB
dist/assets/pda-warehouse-shared-DBZN_hTG.js                             18.73 kB │ gzip:   5.59 kB
dist/assets/process-water-soluble-orders-DUFZmbUy.js                     18.80 kB │ gzip:   5.72 kB
dist/assets/production-demand-early-process-work-orders-CkIu4sZS.js      18.82 kB │ gzip:   5.60 kB
dist/assets/product-purchase-orders-BzO6T1aS.js                          18.90 kB │ gzip:   5.54 kB
dist/assets/materials-BA_owAdW.js                                        18.93 kB │ gzip:   4.79 kB
dist/assets/kol-goto-pda-domain-iS89zjfd.js                              19.16 kB │ gzip:   6.51 kB
dist/assets/platform.adapter-CnQz4SA4.js                                 19.25 kB │ gzip:   6.08 kB
dist/assets/shared-D5k-RLro.js                                           19.47 kB │ gzip:   5.27 kB
dist/assets/audit-records-Txr3zrzC.js                                    19.65 kB │ gzip:   6.34 kB
dist/assets/stage-display-D-uIaLeE.js                                    19.65 kB │ gzip:   6.94 kB
dist/assets/units-D1w8nzIo.js                                            19.68 kB │ gzip:   5.88 kB
dist/assets/factory-sample-verification-flow-Dp7gh4Yh.js                 19.86 kB │ gzip:   4.88 kB
dist/assets/index-DD3XZ2-G.js                                            20.17 kB │ gzip:   5.20 kB
dist/assets/material-purchase-tracking-OJeoLHQ3.js                       20.21 kB │ gzip:   6.32 kB
dist/assets/pcs-engineering-master-list-Djr0ha35.js                      20.37 kB │ gzip:   6.91 kB
dist/assets/deduction-analysis-Dn8kGTzx.js                               20.56 kB │ gzip:   5.82 kB
dist/assets/fei-ticket-numbering-CkiPvgsZ.js                             20.61 kB │ gzip:   5.67 kB
dist/assets/order-list-columns-BzFXrczE.js                               20.62 kB │ gzip:   6.46 kB
dist/assets/overview.adapter-BtitY-sS.js                                 20.65 kB │ gzip:   6.53 kB
dist/assets/events-DPAFWtZT.js                                           21.11 kB │ gzip:   6.52 kB
dist/assets/work-order-detail-BPwHh47_.js                                21.13 kB │ gzip:   6.65 kB
dist/assets/pcs-engineering-master-view-model-ClBcTrNN.js                21.18 kB │ gzip:   7.03 kB
dist/assets/suppliers-DVI5XKQW.js                                        21.38 kB │ gzip:   6.81 kB
dist/assets/cut-piece-returns-CzqTX30t.js                                21.55 kB │ gzip:   6.47 kB
dist/assets/cut-piece-handover-DnppYH-q.js                               21.75 kB │ gzip:   6.93 kB
dist/assets/tasks-D9MDzKqz.js                                            21.99 kB │ gzip:   6.96 kB
dist/assets/progress-cutting-overview-C0DiqggO.js                        22.02 kB │ gzip:   4.99 kB
dist/assets/material-issue-C2H4l9MS.js                                   22.02 kB │ gzip:   5.17 kB
dist/assets/pms-purchase-orders-BLsHaPFS.js                              22.06 kB │ gzip:   6.46 kB
dist/assets/pcs-project-detail-support-CtoY6UPC.js                       22.10 kB │ gzip:   6.80 kB
dist/assets/qc-workbench-j9EOoQbh.js                                     22.32 kB │ gzip:   6.88 kB
dist/assets/dye-work-order-online-view-B6viaSz8.js                       22.47 kB │ gzip:   7.73 kB
dist/assets/recheck-orders-DA_xjawL.js                                   22.50 kB │ gzip:   7.05 kB
dist/assets/production-order-duration-CStLPXd4.js                        22.50 kB │ gzip:   8.55 kB
dist/assets/warehouse-location-map-model-BjW1Hk7b.js                     22.52 kB │ gzip:   7.15 kB
dist/assets/subject-operations-BsvAGqEc.js                               22.57 kB │ gzip:   7.00 kB
dist/assets/work-order-detail-D552E4eF.js                                22.64 kB │ gzip:   7.70 kB
dist/assets/material-statements-BzTJEhiB.js                              22.71 kB │ gzip:   5.99 kB
dist/assets/progress-statistics-linkage-B-XMslxG.js                      22.82 kB │ gzip:   6.52 kB
dist/assets/simple-cut-piece-handover-ui-DrHiAJUl.js                     23.04 kB │ gzip:   8.89 kB
dist/assets/purchase-suggestions-BlOFuUm7.js                             23.20 kB │ gzip:   7.25 kB
dist/assets/process-order-task-links-CBqBCDDu.js                         23.57 kB │ gzip:   6.43 kB
dist/assets/process-print-orders-Chu4usvP.js                             23.59 kB │ gzip:   7.73 kB
dist/assets/qc-orders-Nx0dsOum.js                                        23.61 kB │ gzip:   7.31 kB
dist/assets/pcs-handlers-DrM_f46l.js                                     23.63 kB │ gzip:   6.11 kB
dist/assets/process-dye-orders-CQW6lobW.js                               23.77 kB │ gzip:   7.80 kB
dist/assets/machine-associations-qsdLlV80.js                             24.42 kB │ gzip:   7.24 kB
dist/assets/fcs-production-tech-pack-snapshot-CI2WXc3-.js                24.58 kB │ gzip:   6.16 kB
dist/assets/retired-process-history-Dm3jmavk.js                          24.75 kB │ gzip:   6.40 kB
dist/assets/dialogs-1DUApYLj.js                                          24.87 kB │ gzip:   6.15 kB
dist/assets/wls-fabric-demand-board-DWMBYwt2.js                          25.08 kB │ gzip:   6.86 kB
dist/assets/kol-demands-C5xioldE.js                                      25.29 kB │ gzip:   7.34 kB
dist/assets/supplier-supply-archives-DVGKS7TQ.js                         25.58 kB │ gzip:   7.42 kB
dist/assets/pda-warehouse-wait-handover-PYtoXsBA.js                      25.61 kB │ gzip:   6.37 kB
dist/assets/sample-approval-suggestions-CXU5hZ_D.js                      25.93 kB │ gzip:   7.97 kB
dist/assets/progress-milestone-config-B22G2lQx.js                        26.43 kB │ gzip:   5.64 kB
dist/assets/sample-warehouse-BoEvwi-j.js                                 26.63 kB │ gzip:   6.61 kB
dist/assets/marker-spreading-utils-GxpcuBPS.js                           26.72 kB │ gzip:   7.83 kB
dist/assets/third-party-factory-rating-DyM3SPlQ.js                       27.03 kB │ gzip:   7.57 kB
dist/assets/warehouse-location-map-DDdrHR5f.js                           27.06 kB │ gzip:   7.08 kB
dist/assets/pcs-channel-products-6GxaeV4i.js                             27.09 kB │ gzip:   7.17 kB
dist/assets/pcs-pattern-library-detail-BW5wmqtO.js                       27.58 kB │ gzip:   6.56 kB
dist/assets/pda-wool-fact-execution-DwIBDXAl.js                          27.84 kB │ gzip:   9.27 kB
dist/assets/warehouse-C2MsGhyl.js                                        28.08 kB │ gzip:   9.32 kB
dist/assets/material-purchase-orders-VqhM9Trv.js                         28.17 kB │ gzip:   8.27 kB
dist/assets/production-order-progress-tracking-CKgAaT1W.js               28.21 kB │ gzip:   9.21 kB
dist/assets/factory-status-pZcXG11L.js                                   28.39 kB │ gzip:   6.00 kB
dist/assets/pcs-engineering-master-detail-BXC2RRTY.js                    28.51 kB │ gzip:   8.35 kB
dist/assets/marker-plan-source-model-BOQj6W7v.js                         28.86 kB │ gzip:   8.45 kB
dist/assets/logistics-reconciliations-D2vlxilJ.js                        28.87 kB │ gzip:   8.87 kB
dist/assets/progress-cutting-exception-center-D-cZ34ff.js                29.08 kB │ gzip:   6.45 kB
dist/assets/material-reconciliations-BeESCQAP.js                         29.32 kB │ gzip:   8.86 kB
dist/assets/handover-orders-DBtErw4B.js                                  30.04 kB │ gzip:   8.26 kB
dist/assets/early-process-management-ByHs-Sue.js                         30.06 kB │ gzip:   7.55 kB
dist/assets/pcs-config-workspace-BVzdS8md.js                             30.75 kB │ gzip:   6.77 kB
dist/assets/capability-BD3Ec9nv.js                                       31.61 kB │ gzip:   6.67 kB
dist/assets/material-archives-DCERLkWw.js                                31.90 kB │ gzip:   7.91 kB
dist/assets/factory-performance-Ds8OFQKE.js                              32.27 kB │ gzip:   6.72 kB
dist/assets/garment-spu-replacements-CDQZcrjY.js                         32.30 kB │ gzip:   9.07 kB
dist/assets/task-detail-__C5TFg0.js                                      32.45 kB │ gzip:   9.60 kB
dist/assets/dialogs-V4tJcBzY.js                                          32.55 kB │ gzip:   9.78 kB
dist/assets/pda-shell-BFsu8Ccs.js                                        32.91 kB │ gzip:   8.67 kB
dist/assets/process-warehouse-domain-joHt0sZ2.js                         32.98 kB │ gzip:   7.51 kB
dist/assets/cut-piece-return-domain-BdyBTu6O.js                          33.09 kB │ gzip:   9.74 kB
dist/assets/pda-cutting-inbound-DDiyOgwX.js                              33.44 kB │ gzip:  10.02 kB
dist/assets/store-domain-settlement-seeds-C5E0fM9_.js                    33.63 kB │ gzip:   8.97 kB
dist/assets/pcs-pattern-library-PlT9IIz3.js                              33.64 kB │ gzip:   7.62 kB
dist/assets/warehouse-runtime-DR7zj4w1.js                                33.70 kB │ gzip:   8.62 kB
dist/assets/payment-requests-Cf3rZ6kV.js                                 33.93 kB │ gzip:   8.90 kB
dist/assets/stage-orders-BELETy5K.js                                     34.11 kB │ gzip:  10.44 kB
dist/assets/first-leg-logistics-nlmUusn0.js                              34.45 kB │ gzip:   9.00 kB
dist/assets/pda-warehouse-stocktake-4B2Ehu9k.js                          34.46 kB │ gzip:   8.63 kB
dist/assets/stage-order-detail-BXFlmx1r.js                               34.49 kB │ gzip:   9.99 kB
dist/assets/work-orders-Cy2FvFxD.js                                      34.50 kB │ gzip:  11.54 kB
dist/assets/work-order-detail-DQJfEyzx.js                                34.57 kB │ gzip:   9.39 kB
dist/assets/pda-post-finishing-flow-Bi0R2n7M.js                          34.79 kB │ gzip:   9.27 kB
dist/assets/dispatch-acceptance-sla-DGrLXDIi.js                          34.91 kB │ gzip:   7.87 kB
dist/assets/pda-task-receive-detail-GH5uiD3a.js                          35.22 kB │ gzip:   8.43 kB
dist/assets/pending-receipts-CiNtXGdg.js                                 35.27 kB │ gzip:  10.60 kB
dist/assets/water-soluble-orders-CMhw7uLD.js                             35.86 kB │ gzip:  10.76 kB
dist/assets/pda-cutting-transfer-bag-repack-vqZ1YJ_l.js                  35.90 kB │ gzip:  10.09 kB
dist/assets/work-order-detail-DrEShfQN.js                                36.11 kB │ gzip:   9.66 kB
dist/assets/tmf-material-purchases-BTIe0d3W.js                           36.71 kB │ gzip:  10.48 kB
dist/assets/pcs-technical-data-qj1jJNVJ.js                               36.78 kB │ gzip:   9.80 kB
dist/assets/pcs-pattern-library-create-B0KdrxPT.js                       36.89 kB │ gzip:   8.61 kB
dist/assets/special-processes-CG3Iblb_.js                                37.19 kB │ gzip:   9.50 kB
dist/assets/first-leg-carriers-CD7Ldaeb.js                               37.39 kB │ gzip:   9.90 kB
dist/assets/third-party-factory-comprehensive-assessment-YiDdnu8i.js     37.39 kB │ gzip:  11.04 kB
dist/assets/pda-quality-JWLi0lbl.js                                      37.40 kB │ gzip:   9.77 kB
dist/assets/product-purchase-orders-BEvIqL17.js                          37.56 kB │ gzip:   9.20 kB
dist/assets/cutting-statistics-ab-material-DLsAqabJ.js                   38.09 kB │ gzip:   8.61 kB
dist/assets/payment-requests-D7lHOokw.js                                 38.18 kB │ gzip:   9.96 kB
dist/assets/warehouse-zAETKwwU.js                                        38.50 kB │ gzip:  10.90 kB
dist/assets/fcs-handlers-BNNHy1C8.js                                     38.95 kB │ gzip:  11.67 kB
dist/assets/pda-cutting-handover-BclaJt3K.js                             38.97 kB │ gzip:  11.05 kB
dist/assets/first-leg-shipments-DFTPY_cK.js                              39.86 kB │ gzip:   9.87 kB
dist/assets/wait-handover-runtime-MiSbU1x8.js                            41.22 kB │ gzip:  11.19 kB
dist/assets/print-styles-mVw8sp7y.js                                     41.87 kB │ gzip:   8.58 kB
dist/assets/pending-receipts-DO28wj9k.js                                 43.19 kB │ gzip:  15.36 kB
dist/assets/pcs-material-archives-DWkyAZLa.js                            43.89 kB │ gzip:   9.60 kB
dist/assets/cutting-summary-BgsUrFQu.js                                  44.04 kB │ gzip:  11.49 kB
dist/assets/warehouse-D0KUOcDB.js                                        44.11 kB │ gzip:  11.17 kB
dist/assets/handover-orders-DRWsYg_m.js                                  44.18 kB │ gzip:   8.79 kB
dist/assets/demand-domain-UpcvP7-m.js                                    44.54 kB │ gzip:   9.88 kB
dist/assets/warehouse-KSWu4-5K.js                                        46.18 kB │ gzip:  10.74 kB
dist/assets/batches-NEcLsjk4.js                                          46.41 kB │ gzip:   9.85 kB
dist/assets/wls-accessory-receipts-BLG5JH5B.js                           46.93 kB │ gzip:  12.42 kB
dist/assets/dispatch-tenders-DMKc2lAI.js                                 47.24 kB │ gzip:  12.25 kB
dist/assets/dyeing-Bcl5toiV.js                                           47.45 kB │ gzip:  10.17 kB
dist/assets/printing-Bi_bCNH4.js                                         47.45 kB │ gzip:  10.18 kB
dist/assets/other-DH_7-JGx.js                                            47.46 kB │ gzip:  10.19 kB
dist/assets/settlement-linked-mock-factory-BrPBDwPA.js                   47.63 kB │ gzip:  14.44 kB
dist/assets/sewing-gxvgLfwa.js                                           48.47 kB │ gzip:  10.52 kB
dist/assets/progress-material-UK4rlKIw.js                                48.72 kB │ gzip:   9.35 kB
dist/assets/material-inventory-CMwRe2So.js                               48.95 kB │ gzip:  12.55 kB
dist/assets/pda-task-receive-VhfNGtZC.js                                 49.14 kB │ gzip:  12.22 kB
dist/assets/supplier-confirmations-ChCPuvff.js                           49.89 kB │ gzip:  12.88 kB
dist/assets/pda-cutting-execution-source-TDVQ858b.js                     49.90 kB │ gzip:  13.49 kB
dist/assets/pda-onboarding-DakSdZjb.js                                   50.52 kB │ gzip:  10.77 kB
dist/assets/marker-plan-model-DVKUb6zA.js                                51.50 kB │ gzip:  14.70 kB
dist/assets/pda-handover-CDV-fsWT.js                                     52.11 kB │ gzip:  13.87 kB
dist/assets/store-domain-progress-C_0LuYmF.js                            53.10 kB │ gzip:  11.77 kB
dist/assets/settlement-cutting-input-x0obqe26.js                         53.56 kB │ gzip:  11.04 kB
dist/assets/lace-factory-domain-CK--dX9N.js                              53.67 kB │ gzip:  13.39 kB
dist/assets/pcs-part-template-library-B7Udm38J.js                        53.77 kB │ gzip:  11.06 kB
dist/assets/progress-urge-CZo-oJQi.js                                    56.35 kB │ gzip:  11.39 kB
dist/assets/pda-cutting-spreading-DxFyTmju.js                            56.56 kB │ gzip:  13.08 kB
dist/assets/warehouse-location-map-DhWss4Le.js                           56.79 kB │ gzip:  16.84 kB
dist/assets/marker-plan-occupancy-Bz6q9HpN.js                            57.09 kB │ gzip:  16.02 kB
dist/assets/domain-snapshot-CvzDOj-K.js                                  59.32 kB │ gzip:  15.88 kB
dist/assets/cut-piece-release-bvM9VBP0.js                                60.06 kB │ gzip:  15.81 kB
dist/assets/pda-settlement-CTpBr2GC.js                                   60.08 kB │ gzip:  13.66 kB
dist/assets/routes-fcs-Cin_eIJD.js                                       60.85 kB │ gzip:  12.72 kB
dist/assets/factory-profile-wqWBF4uK.js                                  61.11 kB │ gzip:  14.02 kB
dist/assets/pickup-management-list-DGdljN-a.js                           61.39 kB │ gzip:  17.10 kB
dist/assets/pcs-live-testing-DhgY6Bqx.js                                 62.65 kB │ gzip:  15.76 kB
dist/assets/cutting-CWX2Hu2-.js                                          62.79 kB │ gzip:  12.94 kB
dist/assets/progress-handover-B0xwnJbd.js                                63.78 kB │ gzip:  13.54 kB
dist/assets/production-object-overview-CbThU0hc.js                       64.69 kB │ gzip:  13.11 kB
dist/assets/pcs-video-testing-BWnKfxhA.js                                64.82 kB │ gzip:  16.19 kB
dist/assets/production-object-overview-mQl-UjoE.js                       65.32 kB │ gzip:  15.34 kB
dist/assets/output-documents-C7THkoJd.js                                 65.92 kB │ gzip:  22.54 kB
dist/assets/pda-exec-DHTzMJ5M.js                                         66.88 kB │ gzip:  15.30 kB
dist/assets/pcs-sample-management-DaQx2TbO.js                            67.47 kB │ gzip:  15.34 kB
dist/assets/core-B2JS4-M2.js                                             67.54 kB │ gzip:  12.55 kB
dist/assets/cutting-daily-production-report-B0XLSjM2.js                  68.05 kB │ gzip:  19.05 kB
dist/assets/pcs-channel-stores-Ki3wvm-Z.js                               69.22 kB │ gzip:  14.30 kB
dist/assets/context-CvZxUw3i.js                                          69.43 kB │ gzip:  21.32 kB
dist/assets/sewing-dispatch-Cgee-c-T.js                                  69.49 kB │ gzip:  18.07 kB
dist/assets/progress-exceptions-BzwhKUCd.js                              70.30 kB │ gzip:  13.27 kB
dist/assets/qc-records-6UihlZX_.js                                       71.00 kB │ gzip:  15.95 kB
dist/assets/wait-handover-actions-RZYwUTMI.js                            71.83 kB │ gzip:  18.16 kB
dist/assets/special-craft-fei-ticket-flow-CmQX2LPJ.js                    72.43 kB │ gzip:  16.43 kB
dist/assets/transfer-bags-afyrcdu6.js                                    72.79 kB │ gzip:  18.41 kB
dist/assets/factory-onboarding-Dxg5zAkw.js                               75.21 kB │ gzip:  12.66 kB
dist/assets/pda-handover-detail-CXb7EKB0.js                              75.36 kB │ gzip:  18.44 kB
dist/assets/settlement-D9hyaWFm.js                                       75.54 kB │ gzip:  11.55 kB
dist/assets/dialogs-DHIu7hwG.js                                          75.66 kB │ gzip:  18.69 kB
dist/assets/orders-domain-DyA8xfcT.js                                    76.23 kB │ gzip:  16.86 kB
dist/assets/pcs-independent-sampling-D1dwX2JW.js                         76.92 kB │ gzip:  19.55 kB
dist/assets/runtime-projections-CeLk_19Z.js                              78.01 kB │ gzip:  18.43 kB
dist/assets/transfer-bag-operations-bF9gemdk.js                          78.06 kB │ gzip:  19.27 kB
dist/assets/process-action-writeback-service-2Ra-NOH9.js                 78.08 kB │ gzip:  17.82 kB
dist/assets/production-progress-DXG5pa3j.js                              80.58 kB │ gzip:  20.32 kB
dist/assets/pda-warehouse-wait-process-CJBnyGQF.js                       87.24 kB │ gzip:  21.10 kB
dist/assets/events-C29FM_ow.js                                           90.02 kB │ gzip:  22.18 kB
dist/assets/factory-onboarding-flow-Bf6W8h5W.js                          90.59 kB │ gzip:  23.31 kB
dist/assets/dispatch-fT0Ca_mO.js                                         91.34 kB │ gzip:  27.77 kB
dist/assets/cut-orders-C-WWD6_K.js                                       94.66 kB │ gzip:  24.39 kB
dist/assets/special-craft-task-orders-Bdg92u7d.js                        99.16 kB │ gzip:  26.80 kB
dist/assets/pcs-product-archives-CDKdcenE.js                            106.20 kB │ gzip:  21.44 kB
dist/assets/index-oaBLg3gf.js                                           109.43 kB │ gzip:  39.84 kB
dist/assets/app-shared-CI7Lw1Ed.js                                      109.79 kB │ gzip:  26.87 kB
dist/assets/transfer-bag-return-model-DgsJpkt6.js                       112.94 kB │ gzip:  26.62 kB
dist/assets/supplement-management-BA9oSD9T.js                           113.22 kB │ gzip:  29.91 kB
dist/assets/unified-dispatch-workbench-MiTJMZ3v.js                      117.95 kB │ gzip:  33.06 kB
dist/assets/statements-v3inJFQI.js                                      119.48 kB │ gzip:  24.44 kB
dist/assets/events-dNHl_nkQ.js                                          121.20 kB │ gzip:  31.26 kB
dist/assets/pcs-engineering-tasks-D7b_Oxts.js                           121.82 kB │ gzip:  27.76 kB
dist/assets/context-iOYhULPk.js                                         132.99 kB │ gzip:  34.39 kB
dist/assets/production-0S7Vis1e.js                                      133.88 kB │ gzip:  27.38 kB
dist/assets/process-domain-CReog7Ha.js                                  138.94 kB │ gzip:  25.96 kB
dist/assets/generated-fei-tickets-Mhg7ElWK.js                           143.00 kB │ gzip:  36.15 kB
dist/assets/preparation-timing-B_HqhgcV.js                              145.93 kB │ gzip:  34.39 kB
dist/assets/marker-plan-DhWyG0OH.js                                     150.09 kB │ gzip:  35.40 kB
dist/assets/warehouse-hub-D3EEc25_.js                                   152.71 kB │ gzip:  37.96 kB
dist/assets/marker-spreading-BZ0mEDdq.js                                154.06 kB │ gzip:  37.71 kB
dist/assets/return-inbound-_swvJUWI.js                                  183.42 kB │ gzip:  33.52 kB
dist/assets/fei-tickets-BHJH0mo_.js                                     196.51 kB │ gzip:  43.84 kB
dist/assets/index--GzcKvNw.js                                           210.12 kB │ gzip:  66.49 kB
dist/assets/index-rcYjfpvZ.js                                           223.14 kB │ gzip:  52.26 kB
dist/assets/pcs-projects-BOS_qpmU.js                                    232.17 kB │ gzip:  50.52 kB
dist/assets/pda-exec-detail-Cxe76TsU.js                                 233.98 kB │ gzip:  54.28 kB
dist/assets/print-preview-DVU_HAzP.js                                   257.70 kB │ gzip:  66.68 kB
dist/assets/production-timeliness-DDKWmXVY.js                           459.91 kB │ gzip: 115.02 kB
dist/assets/pda-CDCxwuCW.js                                             511.79 kB │ gzip:  85.31 kB
dist/assets/production-source-shared-BbFiaYEj.js                      2,920.02 kB │ gzip: 726.30 kB

(!) Some chunks are larger than 550 kB after minification. Consider:
- Using dynamic import() to code-split the application
- Use build.rollupOptions.output.manualChunks to improve chunking: https://rollupjs.org/configuration-options/#output-manualchunks
- Adjust chunk size limit for this warning via build.chunkSizeWarningLimit.
✓ built in 8.62s
