
> higoods-vanilla-clone@1.0.0 build
> npm run typecheck:engineering && npm test && vite build


> higoods-vanilla-clone@1.0.0 typecheck:engineering
> npm run typecheck:entrypoints && npm run typecheck:scopes


> higoods-vanilla-clone@1.0.0 typecheck:entrypoints
> tsc --project tsconfig.engineering.json


> higoods-vanilla-clone@1.0.0 typecheck:scopes
> node scripts/check-typescript-scope.mjs src/domain/ src/components/ui/ src/state/

TypeScript 全量既有错误：63
本次渐进检查范围：src/domain/、src/components/ui/、src/state/
范围内错误：0
范围外既有错误保留在全量 typecheck 中继续分批治理。

> higoods-vanilla-clone@1.0.0 test
> npm run test:unit


> higoods-vanilla-clone@1.0.0 test:unit
> node --import tsx --test tests/unit/*.test.ts

✔ 浏览器存储封装保持读写删除语义 (0.833791ms)
✔ 浏览器存储不可用或抛错时保持静默降级 (0.189041ms)
(node:20955) ExperimentalWarning: localStorage is not available because --localstorage-file was not provided.
(Use `node --trace-warnings ...` to show where the warning was created)
✔ MIG-001/002/006: management entry and handlers belong to FCS; PFOS keeps execution (1.013875ms)
✔ MIG-003/007: prep and execution read the same early order identities, quantities and match status (3496.807917ms)
✔ MIG-004/009: migrated dialogs retain candidate fields, actual material image and task outputs (0.712542ms)
✔ MIG-011: management and execution use the same seven business display columns (7.246208ms)
✔ MIG-007: early dye/print creation and cancellation survive reload (3307.806709ms)
✔ 解析带标签、小数和空格的长度数量 (0.853708ms)
✔ 解析卷数并对不合法文本返回 0 (0.221583ms)
✔ 证据文件标识把连续空白收口为单个连字符 (0.278792ms)
(node:20958) ExperimentalWarning: localStorage is not available because --localstorage-file was not provided.
(Use `node --trace-warnings ...` to show where the warning was created)
✔ 设计改款可成批生成染色和印花加工单，且完整投影来源与上下游 (1773.770333ms)
✔ 设计改款加工单生成幂等，重复请求不增加单据 (13.562ms)
✔ 同一设计改款任务的不同颜色和 BOM 行分别生成加工单 (7.023083ms)
✔ 成批提交失败时染色与印花加工单一起回滚 (8.792792ms)
✔ 设计改款来源缺关键引用或来源未知时必须阻断 (0.171708ms)
(node:20959) ExperimentalWarning: localStorage is not available because --localstorage-file was not provided.
(Use `node --trace-warnings ...` to show where the warning was created)
✔ 设计改款加工单等待买手审核成果，绑定真实附件后才可安排，先染后印继续受前序交出约束 (608.989208ms)
✔ 专业成果没有真实附件时保持未绑定 (7.8315ms)
(node:20960) ExperimentalWarning: localStorage is not available because --localstorage-file was not provided.
(Use `node --trace-warnings ...` to show where the warning was created)
✔ 可打印不等于可建交出单，必须完成真实标签打印 (0.439958ms)
✔ 卷规格无效时不可建交出单，且不改变原可打印判定语义 (0.06425ms)
✔ 人工完成印花加工单不再自动填充操作人 (334.923041ms)
✔ 日报窗口含截止日7天，重点日均独立使用前6天 (0.471083ms)
✔ 未知采购不填0，未BOM不输出完整确定订单需求 (0.101958ms)
✔ 突变必须绝对量与比例同时达到阈值 (0.056167ms)
✔ 截止日突变示例与未完结日不判定 (0.055958ms)
✔ 共享商品按SPU去重而不按关联行累加销量 (0.088417ms)
✔ 预选不产生确定用料；BOM需求保留物料归属 (0.123291ms)
✔ 同料BOM优先于预选，不重复关系及需量 (0.063ms)
✔ 两个业务页具有独立容器、标准分页与证据边界 (24.863209ms)
✔ 未进入物料页面时 bridge 不加载业务；加载失败重试后首次渲染即已注册 (3.064875ms)
✔ click 分组顺序、短路、选择器范围保持原行为，重新注册替换旧处理器 (0.528209ms)
✔ 备料写入守卫读取实时角色与水位，阻断时不调用业务处理器 (0.33675ms)
✔ input/change/keyboard 原入口、筛选范围和 change 优先级完整保留 (0.280917ms)
✔ health groups are exhaustive and mutually exclusive in demo (0.796375ms)
✔ coverage and baseline use same inventory plus transit but distinct demand windows (0.159917ms)
✔ zero demand is unavailable rather than infinity and huge finite quotient stays finite (0.196292ms)
✔ date selects different consistent snapshot (0.191625ms)
✔ threshold changes alter classification without changing facts (0.134292ms)
✔ health view carries core P1 business sections and mock caveat (19.268583ms)
✔ AT16 rules do not substitute brand, size or packaging method (0.779583ms)
✔ AT24 equal priority conflict blocks resolution and identifies rules (0.648958ms)
✔ higher explicit priority resolves a lower priority overlap (0.104917ms)
✔ plans distinguish garments and parcels and add loss once (0.268042ms)
✔ AT18 white pendant stock only allocated once (0.143375ms)
✔ event duplicate and old revision do not add consumption; reprints are activity only (0.223875ms)
✔ conflicting same revision fails instead of silently choosing a payload (0.117167ms)
✔ AT17/19/20 panel states unresolved ASAYA, independent kit80 and unknown ribbon (0.36825ms)
✔ trigger distinct from target, existing supply produces explainable zero (0.574125ms)
✔ missing mapping or usage and incompatible raw unit block unsafe generation (0.168042ms)
✔ generation reserves remaining once and shared raw pool across target rules (1.042584ms)
✔ production does not increase stock; actual SKU and output bound partial receipts (0.157333ms)
✔ cancelled suggestion releases commitment and raw allocation (0.068583ms)
✔ AT05 committed greige is not available for a second allocation (0.448792ms)
✔ AT06 partial receipt reduces expected supply; checking and qualified never duplicate (0.307083ms)
✔ AT07 unmapped target preserves quantities but gives no target coverage (0.078041ms)
✔ §7.2 loss reduces future supply; rejected receipts never become usable (0.057125ms)
✔ §7.3 unit/yield/route and conservation gaps block deterministic supply (0.094417ms)
✔ §7.3 candidate comparison reports remaining shortage and respects arrival deadline (0.12325ms)
✔ §7.3 zero gap stays zero and nonfinite inputs cannot produce advice (0.049042ms)
✔ panel uses owned local handlers and discloses mock and missing images (2.014542ms)
✔ P2 coefficients and coverage exclude transit (12.314875ms)
✔ P2 coverage buckets have exclusive shared boundaries (1.476083ms)
✔ P2 partial receipts and completed batches count remaining only (0.15425ms)
✔ P2 latest overdue selected only if no future batch; today included (0.126583ms)
✔ P2 search transit and ETA filters compose (0.297708ms)
✔ P2 zero demand and missing BOM preserve distinct nulls; micro demand excluded (0.142125ms)
✔ P2 standard table renders and limits initial rows to first page (9.558792ms)
✔ AT01/02 internal reservation stays in coverage while external reservation is deducted (11.254334ms)
✔ AT03 quality segments are not usable (0.584667ms)
✔ AT04 partial receipt leaves remaining supply only (0.274125ms)
✔ AT08/38 late supply never erases earlier shortage (0.219125ms)
✔ AT09 intermediate deficit determines net need rather than positive closing balance (0.160833ms)
✔ AT10 MOQ and pack rounding, zero stays zero (0.131083ms)
✔ AT11 horizon begins at cutoff and is not expanded by lead time (0.151167ms)
✔ AT12 forecast covered by confirmed demand is excluded before coefficient (0.116041ms)
✔ AT13 no demand has no numeric coverage (0.101709ms)
✔ AT14 cancelling demand does not change stock (0.141334ms)
✔ AT15 latest event revision only (0.383334ms)
✔ AT16/17 directory preserves bag sizes and ASAYA duplicated input is one unresolved SKU (0.09775ms)
✔ AT18 three brands draw from one shared pool (0.105083ms)
✔ AT19/20 kit capacity respects minimum and missing conversion (0.055958ms)
✔ AT21 inactive/unusable stock remains physically visible (0.087334ms)
✔ AT23 affected order identifiers are unique (0.097958ms)
✔ AT25/26 draft does not mutate active and invalidates trial (0.062167ms)
✔ AT26/28 publish requires role and exact trial; history retained (0.179791ms)
✔ AT31 risk cannot close with remaining shortage or skip verification (0.156708ms)
✔ AT37 invalid dates, unknown timezone, bad numeric values rejected (0.07925ms)
✔ duplicate supply chain does not double count and blocks deterministic advice (0.07575ms)
✔ warehouse catalogue includes 17 locations and two garment warehouses (0.034084ms)
✔ candidate comparison retains pre-arrival risk (0.27225ms)
✔ SKU-specific policy wins and duplicate rules block publish (0.120875ms)
✔ 路由标准化移除 query 与 hash，但不改动路径 (0.713416ms)
✔ 只匹配路由根或其子路径，不误匹配相似前缀 (0.225708ms)
✔ 可在多个合法根路径中匹配一个 (0.138ms)
✔ 只把完整生产确认单打印路由识别为命中 (0.191625ms)
(node:20971) ExperimentalWarning: localStorage is not available because --localstorage-file was not provided.
(Use `node --trace-warnings ...` to show where the warning was created)
✔ 物流商新增字段保存回显并写入操作日志 (5.176333ms)
✔ 物流商数字字段非负校验与运输方式枚举校验 (1.916875ms)
✔ 渠道新增字段保存回显，条件计费字段按计费方式保留 (0.861083ms)
✔ 整柜渠道不要求新增计费字段，仍要求四箱型完整配置 (0.173708ms)
✔ 渠道数字字段非负与时效区间校验 (0.123458ms)
✔ 头程批次聚合展示总箱数、总重量、总体积与转运天数 (0.58575ms)
✔ 工序链按保存顺序生效，合法工序集合固定，非法或重复工序被拒 (2.535125ms)
✔ 坯布 SKU 必填，坯布库存为 0 时调拨资格被拒，补足后恢复 (0.6855ms)
✔ 采购单按勾选 SKU 生成明细，数量与枚举非法被拒 (0.305208ms)
✔ 调拨单可选择调出仓库与调入目标，同步生成加工单号链 (0.253167ms)
✔ 批量刷新库存更新全部监控行与刷新时间并写日志 (0.195292ms)
✔ 手动添加监控 SKU 校验 SKU 必填与重复，添加后进入列表 (0.247375ms)
✔ 物料申报扩展字段保存回显，26 项特殊属性按数组保存 (1.541541ms)
✔ 报关扩展：法定第二计量单位与数值，不报关分支跳过必填校验 (0.157167ms)
✔ BOM 业务选项与价格/成本、工厂、布料字段保存回显 (0.601916ms)
✔ 主体经营 9 项成本明细加调整重算总成本，数据缺失提醒可消除 (0.300209ms)
✔ 供应商从草稿到启用遵循状态机，名称唯一 (2.223875ms)
✔ 供货档案包装换算与快照版本 (0.374917ms)
✔ 物料全部有真实图片，采购补充信息可更新且不新增删除 (0.597834ms)
✔ 成衣与样衣 SKU 只读列表数据完整 (0.131333ms)
✔ 仓库同步更新时间，单位字典唯一且不可删除只可启停 (0.517708ms)
✔ BOM 用量可修改，说明可保存，发布后可生成面辅料需求 (2.693ms)
(node:20975) ExperimentalWarning: localStorage is not available because --localstorage-file was not provided.
(Use `node --trace-warnings ...` to show where the warning was created)
✔ 面辅料需求种子就绪且可按物料行下推采购单 (1.678542ms)
✔ 快递信息导入校验采购单存在、单号唯一、日期与数量合法 (0.37025ms)
✔ 国内签收、加入头程、状态推进与到仓自动签收 (0.807416ms)
✔ 供应商确认单需标签齐备，确认后回写采购单 (0.514209ms)
✔ 整柜渠道必须完整配置四个箱型，物流商可启停 (0.249083ms)
✔ 面辅料采购单可带原因关闭，关闭后不能再登记到货 (0.145667ms)
✔ 库存监控触发线与建议量公式，规则异常阻断建单 (1.798459ms)
✔ 建单数量不得超过建议量，调拨与采购资格分别阻断 (0.13475ms)
✔ 中转看板指标、分布与筛选跳转规则 (0.231792ms)
✔ 生产单校验与配料任务只读数据完整，系统设置结果为 8/6/10 (0.076416ms)
✔ 种子采购单按 SRM 生成器规律补齐单据级与明细级字段 (1.352625ms)
✔ 新建做货采购单保存采购专员、加急、首单、区域与明细字段并可回显 (2.868208ms)
✔ 未传新增字段时沿用默认值并保持既有命令兼容 (0.226042ms)
✔ 采购专员必填、做货必须选区域、重量非负均抛出中文 PmsDomainError (0.488417ms)
✔ 编辑采购单保存新增字段并回显，非法输入被阻断 (0.490083ms)
✔ BOM 状态与 bomMatched 一致，未发布 BOM 的做货明细为未匹配 (0.336208ms)
✔ 行采购金额使用 roundPmsQty 且汇总等于逐行金额之和 (0.25775ms)
✔ 采购建议按缺口公式与折扣计算，并计入有效 KOL 申请 (0.677792ms)
✔ KOL 草稿与已驳回不计入建议缺口 (0.101917ms)
✔ 建议转采购单后写回已转数量与部分生成状态 (1.873ms)
✔ 面辅料需求按 BOM 用量与损耗扣减库存和采购中 (0.938083ms)
✔ 重复生成、草稿采购单与非做货采购单均被阻断 (0.217333ms)
✔ KOL 单条超量需要二次确认，超过申请量直接阻断 (0.486709ms)
✔ 驳回 KOL 需求后不再计入建议缺口 (0.210125ms)
✔ 关闭采购单必须填写原因且已关闭不可重复关闭 (0.685833ms)
(node:20979) ExperimentalWarning: localStorage is not available because --localstorage-file was not provided.
(Use `node --trace-warnings ...` to show where the warning was created)
✔ 主体经营明细总成本、毛利与毛利率公式 (0.548167ms)
✔ 面辅料对账：预计/实际双层公式，费用项与差异双重门禁 (2.358208ms)
✔ 面辅料费用项部分确认、批量确认与编辑失效 (0.475083ms)
✔ 请款草稿跨页创建、请款与付款上限、编辑范围 (0.572833ms)
✔ 物流实际费用 12 列导入校验、不自动确认与确认后锁定 (0.405ms)
✔ 请款单作废释放来源对账，已有付款不能作废 (0.199042ms)
✔ 供应商账单 9 列导入覆盖实际层且不自动确认 (1.043292ms)
✔ 金额大写按 RMB 规则输出并覆盖跨节零 (0.298917ms)
(node:20980) ExperimentalWarning: localStorage is not available because --localstorage-file was not provided.
(Use `node --trace-warnings ...` to show where the warning was created)
✔ 生成卷号按前缀、每卷米数、重量与起始序号生成并写入包装明细 (1.947167ms)
✔ 生成卷号时尾卷承载剩余数量，卷数按采购数量与每卷米数自动取整 (0.453375ms)
✔ 非法卷号参数被拒绝并抛出中文域错误 (0.296ms)
✔ 生成标签后二维码内容包含卷号与箱规，参与打印 (0.231375ms)
✔ 箱规新增自动计算体积，重复箱号与非法尺寸被拒，删除后计数正确 (0.233125ms)
✔ 包装明细可新增与删除，非法输入被拒且删除后计数正确 (0.182375ms)
✔ 被包装明细引用的箱规不能删除 (0.0695ms)
✔ 供应商枚举与 SRM 完全一致，旧枚举不再出现 (1.363125ms)
✔ 种子字段满足 SRM 枚举且协同指标为数字 (0.249166ms)
✔ 新增字段保存并回显，成功命令写入操作日志 (4.141459ms)
✔ 编辑保存新增字段并保持状态机与事件名不变 (0.204917ms)
✔ 非法或缺失输入抛 PmsDomainError 且不写入数据 (0.20875ms)
✔ 详情与列表展示新增字段、SRM 枚举与协同指标 (22.981084ms)
(node:20982) ExperimentalWarning: localStorage is not available because --localstorage-file was not provided.
(Use `node --trace-warnings ...` to show where the warning was created)
✔ RETURN-010: only the acceptance week Sunday is skipped, for every starting weekday (0.542041ms)
✔ RETURN-004—010: both projections share counting dates and ceil targets (0.274333ms)
(node:20983) ExperimentalWarning: localStorage is not available because --localstorage-file was not provided.
(Use `node --trace-warnings ...` to show where the warning was created)
✔ 实际耗时跨周日仍按真实时间差；没有可靠时间不造耗时 (1.363708ms)
✔ 每任务都达成才结束；同一来源去重，作废明细不影响主表 (0.316667ms)
✔ 耗时页 Mock 至少覆盖九张生产单和全部节点，且下游事实不会越过未完成的前置节点 (693.846ms)
✔ 裁片放行按一张放行单内的多次放行展示并选取节点起止时间 (29.266ms)
(node:20984) ExperimentalWarning: localStorage is not available because --localstorage-file was not provided.
(Use `node --trace-warnings ...` to show where the warning was created)
✔ EXC-001—004: a reference mark cannot change debt, strict kits or final task responsibility (2.33175ms)
(node:20985) ExperimentalWarning: localStorage is not available because --localstorage-file was not provided.
(Use `node --trace-warnings ...` to show where the warning was created)
✔ 派单新增主档工厂可登记承接关系，未知工厂仍阻断 (3.081959ms)
✔ 专属任务保留整单身份、数量和接收方，工艺分支保留全部前置关系 (1.438958ms)
✔ 原生产单车缝任务仍可被 PPIC 分配与责任移交识别，SKU 总量完整 (2.538542ms)
(node:20986) ExperimentalWarning: localStorage is not available because --localstorage-file was not provided.
(Use `node --trace-warnings ...` to show where the warning was created)
✔ VERIFY-003: dispatch reads keep all documents and independent copies without projecting unrelated business views (435.469ms)
(node:20987) ExperimentalWarning: localStorage is not available because --localstorage-file was not provided.
(Use `node --trace-warnings ...` to show where the warning was created)
✔ PERF-002/004: scoped receiving reads preserve direct receipts and allocations, without exposing mutable facts (13.886709ms)
✔ PERF-002/004: a synchronous relation read matches independent reads and releases its scope after errors (665.322791ms)
✔ PERF-004: batched print list reviews and handovers equal independently read facts (301.962334ms)
✔ PERF-004: scoped handovers keep canonical sorting and task point reads preserve identity (6.820125ms)
✔ PERF-004: reusing warehouse documents preserves each dye order source, quantity and receiver (180.205833ms)
(node:20988) ExperimentalWarning: localStorage is not available because --localstorage-file was not provided.
(Use `node --trace-warnings ...` to show where the warning was created)
✔ craft source selection preserves all previous source choices and isolated snapshots (8.349208ms)
✔ source eligibility is re-evaluated after a source order changes (0.112084ms)
(node:20990) ExperimentalWarning: localStorage is not available because --localstorage-file was not provided.
(Use `node --trace-warnings ...` to show where the warning was created)
✔ 验收数据至少包含 5 张染色和 5 张印花提前加工单，并覆盖全部匹配状态 (1153.720458ms)
✔ 印花专业成果把多张图片和多个文件统一保存在同一附件集合 (0.125708ms)
✔ 同一生产需求可手动选择具体专业任务，创建结果保存所选任务与全部成果附件 (108.273791ms)
✔ 创建提前加工单必须选择所属专业任务并明确加工厂 (0.527292ms)
✔ 计划加工数量包含损耗率，且染色印花投入与产出 SKU 必须不同 (1.558875ms)
✔ 专业成果未审核通过时不可创建提前加工单 (0.15475ms)
✔ 多个生产需求合并为一张生产单时，可匹配多张提前染色加工单 (25.905084ms)
✔ 等待技术包的提前单在技术包就绪后可由同一匹配服务自动重试 (18.305792ms)
✔ 合并生产单中只有部分需求有提前单时，只为未覆盖需求补建剩余数量 (94.960542ms)
✔ 已有提前单但正式 BOM 或 SKU 不一致时进入异常，且不重复补建同一工艺单 (104.662ms)
✔ 取消后重建保留旧单，并建立双向替代关系 (5.232583ms)
✔ 没有提前加工单的需求仍保留正式加工单快照 (6.796375ms)
✔ BOM uses formally reduced quantity and leaves unsupported conversion unknown (0.654958ms)
✔ reuse retains one shared source instance and adds no duplicate processing duration (0.212042ms)
✔ a new rework/recheck round extends the dependency path two days and conserves qualified pieces (0.085416ms)
✔ date-only source is not coerced to a precise instant or exact deadline (0.091167ms)
✔ known order shipment can be timed without crediting an unknown production source (0.069208ms)
✔ waiting for actual fulfillment can be overall late while factory completion stays on time (0.06175ms)
✔ all six named cards render directly checkable evidence without changing production task facts (2.616709ms)
✔ all ten tasks have independent drill-down networks and one frozen aggregate snapshot (1.317042ms)
✔ 31-item dependency recursion proves 24 natural days and shows the actual sum/max formula (0.3775ms)
✔ improving procurement by ten days only improves whole-task timing by one day (0.129083ms)
✔ network rejects circular/missing dependencies and unknown is never zero time (0.206125ms)
✔ each complete standard mock network and live forecast agrees with the task summary (2.787333ms)
✔ quantity forecast finds a one-day risk before any actual deadline is missed (0.97075ms)
✔ all-natural-day clock includes Sundays, preserves timezones, equality is on time and one second is late (0.223667ms)
✔ already-overdue outranks forecast missing; historical completion stops the clock (0.162625ms)
✔ upstream two-day delay and local catch-up pressure are distinct from current-team fault (0.142916ms)
✔ manual forecast is local, propagates both earlier and later dates, and never relaxes baseline (1.4375ms)
✔ saving a manual forecast refreshes all affected node labels without pretending capacity was increased (1.261083ms)
✔ zero capacity and stale progress never forecast zero remaining duration (0.309333ms)
✔ stock and purchase coverage do not imply factory readiness or a new purchase gap (0.304292ms)
✔ stock-only task still has transfer; purchased material must move beyond warehouse entry (0.167708ms)
✔ batch schedule conserves shared capacity and 90 percent occurs at a real batch event (0.282709ms)
✔ customer cancellation without production allocation does not reduce any task (0.294917ms)
✔ excess shipment of one SKU cannot hide shortage of another (0.154125ms)
✔ duplicate, out-of-order and corrected quantity events conserve the effective sum (0.206042ms)
✔ shared work is counted once while merged source tasks preserve independent T0 and deadlines (0.271208ms)
✔ orders enter analysis only from actual shipment and have their own clock (0.368792ms)
✔ region and supply mode select rules together, unpublished candidate rules never apply (0.367125ms)
✔ filters share exact aggregate scope and date windows are left-closed right-open (0.927209ms)
✔ Chinese UI defaults and all scope options filter the intended task population (0.357667ms)
✔ Chinese risk shortcut agrees with risk KPI and does not accidentally select completed or overdue tasks (1.332125ms)
✔ Chinese date-field labels use due date, start date and predicted completion respectively (0.406375ms)
✔ team and stage filters match applicable work nodes rather than only current task responsibility (0.330167ms)
✔ V3 team and factory must match the same node and empty all-scope still keeps a task (0.130666ms)
✔ V3 unknown shipment has no percentage and completed work without deadline is not on time (0.088791ms)
✔ 恢复预测保留不同工作和日期的顺序，只合并连续相同计算且不改写历史 (3.71925ms)
✔ 同一调拨动作按国家和供给方式命中不同预算，候选规则不参与匹配 (0.661833ms)
✔ 同优先级重叠命中必须冲突，明确更高优先级例外才可覆盖 (0.413458ms)
✔ 数量档边界不得跨档或用默认预算掩盖无规则 (0.08025ms)
✔ 子项七天而组上限五天阻断，网络不被截短也不在组外重复加预算 (0.128042ms)
✔ 并行分支取最大值，循环和缺失前置不得算成零天 (0.125333ms)
✔ 工厂实收映射须有明细与物流批次，入库不冒充到厂，重复事件不累加 (0.14375ms)
✔ 投入产出、单位或质量门槛不合规，不能放行下游 (0.086167ms)
✔ 新版本仅记录显式重算范围，不能顺延旧基线或考核截止 (0.861709ms)
✔ 默认演示配置没有阻断，会议候选必须以提示保留 (0.2175ms)
✔ 选定在途W19规则从1改3，本地路线24改26而原始/生效截止与实际事实不变 (4.178833ms)
✔ 在途发布同层冲突、缺规则、缺映射或事件边界变化都不生成覆盖 (0.176125ms)
✔ 发布覆盖可从初始快照恢复且重复应用幂等，未选任务不受影响 (0.931083ms)
✔ 未完成调拨预算增加后，预测沿下游传播；已完成上游事实仍原样 (0.339167ms)
(node:20994) ExperimentalWarning: localStorage is not available because --localstorage-file was not provided.
(Use `node --trace-warnings ...` to show where the warning was created)
✔ 首次来源读取只创建当前存在的缺口，历史从本次观察开始 (2.19475ms)
✔ 事项键由任务、工作与类型生成，中文说明变化不新增事项 (0.703959ms)
✔ 缺款图形成独立事项，增加地址不等于款色对应核验通过 (0.591542ms)
✔ 登记责任期限不修改事实或关闭事项，只有后续来源读取确认恢复 (0.775708ms)
✔ 同一恢复事实重复核对不制造历史，缺口复现重新打开且保留期限 (0.297417ms)
✔ 任务或工作未返回、数量已知性字段消失均不是恢复证据 (0.273167ms)
✔ 来源身份变更不能在同一次读取中把旧缺口标为恢复 (0.221917ms)
✔ 未结构化来源审核项不因文字消失自动关闭 (0.260666ms)
✔ 本地持久化保留独立事项、责任、期限和恢复历史 (0.457833ms)
✔ 本地损坏记录不伪造历史、不覆盖旧内容、不允许假保存 (2.062ms)
✔ 责任、期限、调整原因必填；存储失败给出未保存结果 (0.543667ms)
✔ 数据待补按事项分页和筛选，提供独立登记及来源刷新入口 (3.988ms)
✔ 事项按自身负责人和修复期限筛选，不借任务跟单替代 (0.497125ms)
✔ 空在途范围不展示历史演示日期压力图 (3.677708ms)
✔ 未知预算仍保留串并行和汇合箭头，位置不依赖日期 (4.142ms)
✔ 下游未开工且前置未完的逾期归为等待；根卡点标出具体工作和全部后继 (2.212208ms)
✔ 取消和已完成不是当前卡点，数据缺口不当执行逾期 (1.115333ms)
✔ 已开工工作即使前置未完，也保留其来源责任逾期并提示核对 (0.910625ms)
✔ 卡点范围仍显示上游参照及所有受影响后继，不显示无关支路 (1.999625ms)
✔ 单据摘要默认展开来源核心字段，不只展示时效 (1.416541ms)
✔ 需求摘要指向已存在的需求列表，入口不冒称独立详情 (1.002584ms)
✔ 缺少单据不得生成虚构摘要或默认完成数 (0.768292ms)
✔ 已实收的有效结束满足前置，取消前置不会被视为供给完成 (1.007333ms)
✔ 质检不合格仍是放行卡点，不因检验时间存在变为可放行 (0.527958ms)
✔ 来源已有不合格检验结果但缺建立时间时，不因前置未完而隐藏本项卡点 (0.93475ms)
✔ 作废且不计时不等于前置已完成；来源已阻断是明确卡点 (0.538041ms)
✔ 已知工作预算齐备但范围未确认时，公式页不得称作全程标准 (1.329084ms)
✔ 暂停或受阻工作不因遗留结束时间而放行下游 (0.738875ms)
✔ 生产准备初始化按编号读取定义与完整目录逐值一致，保留不存在时的契约 (3.764875ms)
✔ 单定义读取的可编辑数组保持隔离，不污染其他任务读取 (0.770125ms)
▶ execution source relations retain full facts without unrelated cold initialization
  ✔ cold read resolves real runtime scope and leaves print/dye execution ledgers untouched (137.968167ms)
  ✔ scoped cold result equals original complete enumeration after the same actual ID resolution (1320.810708ms)
  ✔ production with print/dye uses all existing preparation facts and keeps unknown IDs unknown (52.014167ms)
  ✔ live explicit cross-order reference and cancellation facts survive scoped reading (22.09425ms)
  ✔ real persisted cancellation restores through the original validated path in a new process (921.779167ms)
  ✔ QC reads real fact quantities and renders explicit missing artwork without placeholder network dependency (115.869625ms)
✔ execution source relations retain full facts without unrelated cold initialization (2906.805292ms)
(node:20999) ExperimentalWarning: localStorage is not available because --localstorage-file was not provided.
(Use `node --trace-warnings ...` to show where the warning was created)
✔ production source time uses explicit Shanghai time and rejects date-only completion (0.666334ms)
✔ DDS tasks use demand identity and do not invent preparation, budgets, shipment quantities or orders (2.90725ms)
✔ source bindings require existing same-style preparation and published technical version (0.700625ms)
✔ reuse preserves its source/version and does not add past preparation duration (0.793584ms)
✔ explicit unneeded work is excluded but unconfirmed missing work remains a decision, never zero-day completion (0.457083ms)
✔ explicit dependencies preserve parallel entries and repeated processes instead of serial sorting (1.2225ms)
✔ missing explicit predecessors do not become confirmed parallel roots (0.5285ms)
✔ missing predecessor and material SKU discontinuity block route certainty without fabricated edges (0.527709ms)
✔ cyclic source dependency stays a blocking issue and source objects remain unchanged (0.512583ms)
✔ read snapshot uses all current demand records without private Mock tasks or automatic same-style preparations (46.252333ms)
✔ continuous material SKU edges stay confirmed while an unconfirmed route remains pending (0.210375ms)
✔ unverified reuse does not fabricate a completed zero-day result (0.126416ms)
✔ binding writes only the DDS association key and is reflected by the next read (7.558ms)
✔ execution source uses exact production-order identity, assigned factory and responsibility deadline (0.227875ms)
✔ only a unique exact technical entry binds execution to route; same-name and split executions stay independent (0.27025ms)
✔ preparation-only source cycles are blocked without depending on a technical pack branch (0.156417ms)
✔ source time and manual forecast stay separate from frozen rule examples and missing SLA (0.468167ms)
✔ cancelled execution is not a late blocker and unfinished status cannot borrow a stale completion timestamp (0.145042ms)
✔ document summaries are factual, compact strings; decisions without a document stay unbound (0.156375ms)
✔ formal preparation output connects the exact confirmation, route entry and production version (0.295292ms)
✔ technical object identity and its material photo are retained without using the style photo (0.117ms)
✔ material transfer has serial dispatch, transport and receipt with separate responsibility and source identity (0.250458ms)
✔ approval, sent quantities and delivery-note registration cannot prove physical handout or logistics delivery (0.231416ms)
✔ actual handout starts transportation but factory receipt never backfills logistics delivery or reception start (0.1325ms)
✔ receipt quantities require the same source line, target factory and unit; mixed units never close reception (0.196584ms)
✔ voided transfers keep evidence but no effective supply or transport completion (0.099292ms)
✔ a document handout timestamp does not complete unshipped or partially shipped source lines (0.113792ms)
✔ only preparation-bound purchase documents are included, and purchase completion never invents warehouse arrival (0.127875ms)
✔ quality is scoped to its recorded sample and does not establish shipment orders or whole-order completion (0.150625ms)
✔ current source snapshot exposes matching handover, quality and transfer documents, not generic placeholders alone (3.6085ms)
✔ only a real same-version production order becomes a root execution predecessor (0.317542ms)
✔ task lead blocker matches dependency analysis instead of blaming an unstarted downstream deadline (0.098375ms)
✔ failed inspection exposes the concrete unqualified quantity as blocker reason (0.104584ms)
✔ category sample images never stand in for a source style; a dedicated source image is retained (0.140208ms)
(node:21000) ExperimentalWarning: localStorage is not available because --localstorage-file was not provided.
(Use `node --trace-warnings ...` to show where the warning was created)
✔ 当前非 Mock 需求可保存显式工作映射，序列化后可恢复且不改来源事实 (43.100375ms)
✔ 未保存映射、规则空天数、事件范围变化与同级冲突分别给出真实阻断 (12.702375ms)
✔ 同一工作不得存两份口径，来源身份变化或未知数量不允许保存 (7.375833ms)
✔ 工作单位不换算、通配值不充当事实、里程碑不重复加预算 (3.688375ms)
✔ 来源任务发布单项预算后保持整体待定，刷新覆盖和已有截止均保留 (3.797083ms)
✔ 缺准备或实发范围时即使要求首次建基线也阻断，并且不写覆盖 (8.884ms)
✔ 已确认的未来发货工作尚无实发事实也可建 T0+最长路径基线，缺进度只影响预测 (1.009083ms)
✔ 已发布后来源工作身份变化，不把旧映射预算套到新单据 (3.453792ms)
✔ 配置页面保存映射到本地，空天数发布被阻断，填写预算后实际发布当前来源任务 (12.857209ms)
✔ 查生产入口只在合法系统路由显示，并在打印与 PDA 路由隐藏 (0.503417ms)
✔ 相似前缀和相似打印段不会被当成合法路由 (0.072125ms)
(node:21002) ExperimentalWarning: localStorage is not available because --localstorage-file was not provided.
(Use `node --trace-warnings ...` to show where the warning was created)
✔ PERF-001: runtime snapshot and all nine subsets preserve every production order value and caller isolation (15.372875ms)
✔ PERF-001: a subset read does not traverse or clone unrelated snapshot sections (0.197875ms)
✔ PERF-001: paper pattern binding strips and nested craft arrays remain isolated after mutation (0.734583ms)
✔ PERF-001: replacing or updating the bound snapshot is visible immediately without a stale cache (0.183333ms)
✔ PERF-001: missing production order keeps null and empty-list contracts (0.081083ms)
(node:21003) ExperimentalWarning: localStorage is not available because --localstorage-file was not provided.
(Use `node --trace-warnings ...` to show where the warning was created)
✔ VERIFY-003: scoped reads preserve pending/voided sources and defensive copies (4.858458ms)
✔ VERIFY-003: metadata lookup reflects registry changes and returns independent locations (4.644291ms)
✔ 并发调用复用同一个模块加载 Promise，成功后继续复用结果 (1.210709ms)
✔ 模块加载失败后清空缓存，下一次调用可以重试 (0.451042ms)
✔ 独立打印外壳只命中完整生产确认单打印路由 (0.478416ms)
✔ 既有固定打印路由仍使用独立打印外壳 (0.079416ms)
(node:21006) ExperimentalWarning: localStorage is not available because --localstorage-file was not provided.
(Use `node --trace-warnings ...` to show where the warning was created)
✔ 36条基础采购演示经业务动作形成，共享PMS来源，重复载入不重置数量或伪造实收 (80.758333ms)
✔ 三个中央工厂在组织目录与执行工厂中身份一致且仅出现一次 (1.036333ms)
✔ 花边角色与采购映射归属TMF但供应方仍保留独立身份 (0.209167ms)
✔ 橡筋定长切割仍归SPF，不成为TMF织带截断任务 (0.186125ms)
✔ 旧浏览器组织记录迁移后不与权威TMF并存且保留已有联系人 (2.698875ms)
(node:21008) ExperimentalWarning: localStorage is not available because --localstorage-file was not provided.
(Use `node --trace-warnings ...` to show where the warning was created)
✔ 连续织带实际650米交出→648+2实收→染色可用650，仓库和用料保持米制且无公斤换算 (8.420792ms)
✔ 连续长度口径不可用于纱线/码制，普通辅料仍要求实际称重 (1.098583ms)
✔ 原生连续辅料染色650→640：实际工厂实收及用料驱动加工，缺蓝色产出图不能沿用白坯图 (383.149416ms)
(node:21009) ExperimentalWarning: localStorage is not available because --localstorage-file was not provided.
(Use `node --trace-warnings ...` to show where the warning was created)
✔ 织带与绳子参考档案接入实际物料库，保留图片来源和未确认尺寸，不替换橡筋 (42.316709ms)
✔ 同分钟新建不同幅宽织带和绳径主档不共用SPU身份，SKU保持各自父档归属 (43.011417ms)
✔ TMF半成品SKU按SPU→潘通色号→颜色→花型生成，长度和端头不进入SKU (0.152375ms)
✔ 正式生产路线只关联相邻同BOM同SKU的染色→印花，不生成数量或修改来源 (0.8075ms)
✔ 跨单/版本/工序/用途/SKU/单位、缺工厂与已有其他接收单都不能接续 (0.227209ms)
✔ 印花连续辅料仅接同版本同BOM的直接截断节点，不修改SKU和数量 (0.626417ms)
✔ TMF V1 原型范围、工厂身份和现场默认参数已冻结 (1.300333ms)
✔ TMF 风险动作默认要求主管与二次确认，采购行身份不可丢失 (0.134792ms)
{"scenario":"N02","scope":"业务动作主链含纱线重量账；含端头辅材采购实收；不含PCS发布采用页面、纱线采购上游","purchaseReceived":1300,"productionReceived":1000,"warehouseContinuousM":30,"netCutM":1260,"lossM":10,"headUnit":"个","headReceived":2020,"headRemaining":15}
{"scenario":"N03","scope":"业务动作主链含纱线重量账；含端头辅材采购实收；不含PCS发布采用页面、纱线采购上游","purchaseReceived":60,"productionReceived":100,"warehouseContinuousM":9,"netCutM":50,"lossM":1,"headUnit":"个","headReceived":202,"headRemaining":1}
{"scenario":"N04","scope":"业务动作主链含纱线重量账；含端头辅材采购实收；不含PCS发布采用页面、纱线采购上游","purchaseReceived":100,"productionReceived":50,"warehouseContinuousM":34,"netCutM":65,"lossM":1,"headUnit":"kg","headReceived":0.2,"headRemaining":0.04}
{"scenario":"B06","scope":"规范数量动作链；塑料头从仓库实收事实开始，补购基础生产未虚构纱线配方；不代表全部页面验收","continuous":9,"productionReceived":1000,"scrapped":100,"scrappedMeters":120,"loss":11,"metalRemaining":15,"plasticRemaining":2}
{"scenario":"N05","mergedBatch":"FULL-N05-MERGED","purchaseReceivedM":120,"mergedIssuedM":102,"mergedProducedPieces":200,"productionReceivedByOrder":[100,100],"warehouseContinuousM":19,"lossM":1,"returnedM":1}
{"scenario":"N01","rawReceivedKg":12,"consumedKg":10,"returnedKg":1,"factoryRemainingKg":1,"semiFinishedReceivedM":1000}
{"scenario":"N02","rawReceivedKg":12,"consumedKg":10,"returnedKg":1,"factoryRemainingKg":1,"semiFinishedReceivedM":1300}
{"scenario":"N03","rawReceivedKg":12,"consumedKg":10,"returnedKg":1,"factoryRemainingKg":1,"semiFinishedReceivedM":60}
{"scenario":"N04","rawReceivedKg":12,"consumedKg":10,"returnedKg":1,"factoryRemainingKg":1,"semiFinishedReceivedM":100}
{"scenario":"N05","rawReceivedKg":12,"consumedKg":10,"returnedKg":1,"factoryRemainingKg":1,"semiFinishedReceivedM":120}
{"scenario":"PRINTBACK-source-fixture","nativePrint":{"inputM":650,"outputM":630,"lossM":20,"outputImage":"MISSING_BLOCKED"},"sourceDispatched":630,"actualReceived":630,"cutMeters":620,"lossMeters":2,"returnedMeters":8,"baseLeftMeters":350,"scope":"原生印花650→630已独立重放；下游630米交出仍为专项夹具，不替代缺图正式交出或N01完整上游"}
{"scenario":"B09-downstream-recovery","basePhysicalM":350,"otherReservedM":350,"baseAvailableM":0,"processedReturnM":8,"productionPieces":[400,600],"scope":"含实际占用失败、释放、发料及印花回料后全链；原生印染20米损耗未执行，不是完整B09通过"}
{"scenario":"B05-cut-recovery","received":[400,600],"frozenPieces":10,"frozenLengthMm":500,"continuous":2.5,"cutLoss":2.5,"upstreamScope":"印花630米已交出为外部专项夹具，不冒充原生印染20米损耗或全N01"}
(node:21012) ExperimentalWarning: localStorage is not available because --localstorage-file was not provided.
(Use `node --trace-warnings ...` to show where the warning was created)
✔ N01～N05：通过现有 PMS 入口下达，每条采购链从零执行到仓库实收；交出不提前增加库存 (7.31825ms)
✔ B01/B03：短收保留在途和采购缺口；重复扫描、生成和刷新不双记 (1.733208ms)
✔ B02/B04：多收、错 SKU、错仓和无权限动作不改变任意下游数量；恢复后正常收齐 (2.604417ms)
✔ 采购追加：未开始同步计划，已执行保留原计划和实物并处理变更 (3.0595ms)
✔ B21：保存失败不报成功、不留部分库存；成功后刷新读取同一采购和收货事实 (1.908709ms)
✔ 采购→两种规格截断→拆包回仓→分配发料→生产实收：短收保留缺口，库存及采购不双记 (35.670875ms)
✔ B09：其他需求占用400米时不能再占650；释放50后恢复，错误发料不改变库存 (4.696625ms)
✔ 需求来源：同尺码不同成衣SKU分别保留，BOM适用范围生效，错误快照和重复工序阻断 (0.491959ms)
✔ 待打头条料不计合格产出；超公差实物记不良且照实扣下料当量，未实收不可截断 (29.446875ms)
✔ N04：采购100米→单端硅胶按kg实耗→回仓发料→生产实收50根，连续料剩34米 (23.772834ms)
✔ B15：截断后取消保留1000根在制和1260米当量，释放未发占用并只退连续余料 (20.807084ms)
✔ 已回仓部分发料后取消：释放未发分配，冻结实存，已发在途保留且实收不恢复需求 (13.462708ms)
✔ N02规范数值：采购→实际加工→生产实收及米料/辅材退仓整链 (65.582416ms)
✔ N03规范数值：采购→实际加工→生产实收及米料/辅材退仓整链 (48.792417ms)
✔ N04规范数值：采购→实际加工→生产实收及米料/辅材退仓整链 (53.181708ms)
✔ B06规范恢复：误装100根报废→补购100米并补做→生产实收1000根，三套实物账守恒 (111.56575ms)
✔ N05合并批：120米采购→一次102米发料/实收→合并200条产出按两生产单分包→各实收100，剩19米 (76.396833ms)
✔ N01～N05基础原料重量账：源仓实收→发出→工厂实收→耗用/余料→原仓实收，与米制产出独立 (208.9085ms)
✔ 主生产单暂停/取消直接限制织带执行，已发实收保留且取消处置释放未发占用 (54.063541ms)
✔ 冷启动及旧标签页均读取已保存主单限制，损坏来源不默许执行 (0.267125ms)
✔ 印花交出按两种长度分配，原单分次实收唯一记账，随后截断/回仓/领料守恒 (921.236292ms)
✔ 主单离页保存保留其他页取消及新增单，同单并发编辑和存储失败不覆盖 (1.8325ms)
✔ 技术包换版后旧规格冻结，已交出的仓库及生产在途可实收且不改旧长度 (57.440708ms)
✔ 未发料换版释放旧占用，新需求从备料至生产实收，旧预览和已执行重算阻断 (87.518417ms)
✔ 已加工换版：旧200条冻结并释放未发分配，新550/700mm需求实收1000条，旧预览失效且库存守恒 (115.1805ms)
✔ B05实际410/590错配：短条余量冻结，连续余料8米补10条700mm至两规格生产实收 (290.038375ms)
✔ 加工计划时间独立保存：明确时区、并发版本阻断、实际节点不倒推开完工且库存不变 (31.796041ms)
✔ 加工单费用按技术包需求计价：单位、币种和版本可追溯，库存与实收不被费用动作改变 (25.200833ms)
✔ 实际接单开工完工：分批实收开工、逐规格和余料门禁，完工不等于仓收或生产满足 (106.872209ms)
✔ B23未执行采购1000减900：版本留痕、旧预览阻断、重接单后900实际生产实收 (52.601541ms)
✔ B24实收1000退100：仓库交出与TMF分次实收独立，原收保留且净900后减量 (87.27525ms)
✔ 采购取消门禁：无执行事实可取消，已收货或已生产必须先处置不能直接结案 (44.786625ms)
(node:21013) ExperimentalWarning: localStorage is not available because --localstorage-file was not provided.
(Use `node --trace-warnings ...` to show where the warning was created)
✔ PMS采购实际仓库实收与原料库存一次保存；分批、刷新、原料使用和退回均不重复履约 (115.483667ms)
✔ 历史手工到货及不支持的单位不能直接变成投入料可用库存 (0.384667ms)
✔ 首次实收前供应商确认与关闭可刷新恢复，保存失败和损坏存储不会覆盖状态 (0.406958ms)
✔ N01采用路线按染色→印花关联原单，多尺码不重复列工序，不修改印染数量 (1.8015ms)
✔ 旧版本、错误SKU、码制单位、取消或变更待处理均不作为有效关联 (0.232042ms)
✔ 同号不同生产单或BOM不得关联，重复来源不静默选择，混合快照阻断 (0.242083ms)
✔ 编辑器按尺码保留规格，截断打头不新建SKU，重复保存沿用节点身份 (1.4915ms)
✔ 无印染要求时 TMF 路线只生成截断节点，不凭空生成染色或印花节点 (0.103708ms)
✔ 前序印染产出SKU作为截断投入；保留独立橡筋工艺，移除打头后下游连接截断 (0.339667ms)
✔ 未明确打头、错误辅料BOM、无半成品和不合法前序不能生成可执行路线 (0.11975ms)
(node:21016) ExperimentalWarning: localStorage is not available because --localstorage-file was not provided.
(Use `node --trace-warnings ...` to show where the warning was created)
✔ N01：400 条 50CM 和 600 条 70CM 分行计算，共 620 米；未增加 SKU (1.099208ms)
✔ 缺少尺码数量、非整数条数、公差或测量条件时不猜测需求 (0.281459ms)
✔ B07：未选择打头、缺少端头方式或辅材不能确认；支持两端不同端头 (0.17775ms)
✔ N04/B08：硅胶按重量且必须有覆盖长度，不作为独立金属头计数 (0.082667ms)
✔ B18：打头只能承接对应截断条料，不能换 SKU、换长度或重新领连续料 (0.217375ms)
✔ N05：规格相同可以合并，但尺码、用途和需求身份不靠物理规格键代替 (0.076416ms)
✔ B14：修改后续版本端头要求不能污染生产单历史快照 (0.362583ms)
ℹ tests 399
ℹ suites 0
ℹ pass 399
ℹ fail 0
ℹ cancelled 0
ℹ skipped 0
ℹ todo 0
ℹ duration_ms 7167.30025
vite v6.4.3 building for production...
transforming...
✓ 2676 modules transformed.
rendering chunks...
[plugin vite:reporter] 
(!) /Users/laoer/Documents/higoods/src/data/app-shell-config.ts is dynamically imported by /Users/laoer/Documents/higoods/src/router/routes.ts but also statically imported by /Users/laoer/Documents/higoods/src/components/shell.ts, /Users/laoer/Documents/higoods/src/state/store.ts, dynamic import will not move module into another chunk.

[plugin vite:reporter] 
(!) /Users/laoer/Documents/higoods/src/data/fcs/printing-task-domain.ts is dynamically imported by /Users/laoer/Documents/higoods/src/data/fcs/dyeing-task-domain.ts, /Users/laoer/Documents/higoods/src/data/fcs/tmf-upstream-process-orders.ts, /Users/laoer/Documents/higoods/src/data/pms/tmf-material-purchases.ts, /Users/laoer/Documents/higoods/src/pages/process-factory/accessory/webbing/work-order-detail.ts, /Users/laoer/Documents/higoods/src/pages/process-factory/accessory/webbing/work-order-detail.ts but also statically imported by /Users/laoer/Documents/higoods/src/data/fcs/cutting/material-prep.ts, /Users/laoer/Documents/higoods/src/data/fcs/cutting/supplement-node-facts.ts, /Users/laoer/Documents/higoods/src/data/fcs/design-revision-material-transfer.ts, /Users/laoer/Documents/higoods/src/data/fcs/design-revision-process-work-order-adapter.ts, /Users/laoer/Documents/higoods/src/data/fcs/factory-receiving-links.ts, /Users/laoer/Documents/higoods/src/data/fcs/factory-receiving-source-sync.ts, /Users/laoer/Documents/higoods/src/data/fcs/mobile-execution-task-index.ts, /Users/laoer/Documents/higoods/src/data/fcs/pda-start-link.ts, /Users/laoer/Documents/higoods/src/data/fcs/printing-factory-demos.ts, /Users/laoer/Documents/higoods/src/data/fcs/printing-material-receipts.ts, /Users/laoer/Documents/higoods/src/data/fcs/printing-statistics.ts, /Users/laoer/Documents/higoods/src/data/fcs/printing-warehouse-view.ts, /Users/laoer/Documents/higoods/src/data/fcs/printing-work-order-business.ts, /Users/laoer/Documents/higoods/src/data/fcs/process-action-writeback-service.ts, /Users/laoer/Documents/higoods/src/data/fcs/process-execution-writeback.ts, /Users/laoer/Documents/higoods/src/data/fcs/process-mobile-task-binding.ts, /Users/laoer/Documents/higoods/src/data/fcs/process-warehouse-linkage-service.ts, /Users/laoer/Documents/higoods/src/data/fcs/process-web-status-actions.ts, /Users/laoer/Documents/higoods/src/data/fcs/process-work-order-domain.ts, /Users/laoer/Documents/higoods/src/data/fcs/process-work-order-generation-service.ts, /Users/laoer/Documents/higoods/src/data/fcs/production-demand-early-process-work-orders.ts, /Users/laoer/Documents/higoods/src/data/fcs/production-object-overview.ts, /Users/laoer/Documents/higoods/src/data/fcs/production-process-work-order-service.ts, /Users/laoer/Documents/higoods/src/data/fcs/task-print-cards.ts, /Users/laoer/Documents/higoods/src/pages/pda-exec-detail.ts, /Users/laoer/Documents/higoods/src/pages/pda-exec.ts, /Users/laoer/Documents/higoods/src/pages/pda-task-receive.ts, /Users/laoer/Documents/higoods/src/pages/print/templates/printing-work-order-template.ts, /Users/laoer/Documents/higoods/src/pages/process-factory/cutting/production-order-overview-projection.ts, /Users/laoer/Documents/higoods/src/pages/process-factory/dyeing/pending-receipts.ts, /Users/laoer/Documents/higoods/src/pages/process-factory/printing/dashboards.ts, /Users/laoer/Documents/higoods/src/pages/process-factory/printing/dialogs.ts, /Users/laoer/Documents/higoods/src/pages/process-factory/printing/dispatch.ts, /Users/laoer/Documents/higoods/src/pages/process-factory/printing/events.ts, /Users/laoer/Documents/higoods/src/pages/process-factory/printing/presentation.ts, /Users/laoer/Documents/higoods/src/pages/process-factory/printing/shared.ts, /Users/laoer/Documents/higoods/src/pages/process-factory/printing/statistics.ts, /Users/laoer/Documents/higoods/src/pages/process-factory/printing/work-order-detail.ts, /Users/laoer/Documents/higoods/src/pages/process-print-orders.ts, /Users/laoer/Documents/higoods/src/pages/process-work-orders/early-process-management.ts, /Users/laoer/Documents/higoods/src/runtime/fcs/cutting/pickup-management-runtime.ts, dynamic import will not move module into another chunk.

computing gzip size...
dist/index.html                                                           1.12 kB │ gzip:   0.61 kB
dist/assets/pcs-pattern-parse.worker-B3_rAVMB.js                         18.52 kB
dist/assets/source-views-23Nr_RHD.css                                    34.63 kB │ gzip:   7.04 kB
dist/assets/index-DUNYGJdm.css                                          155.39 kB │ gzip:  25.44 kB
dist/assets/pcs-project-demo-seed-service-COOi2Kbg.js                     0.06 kB │ gzip:   0.08 kB
dist/assets/store-domain-quality-bootstrap-DUhoMBY-.js                    0.38 kB │ gzip:   0.25 kB
dist/assets/sample-warehouse-projection-Ds33SpbY.js                       0.39 kB │ gzip:   0.25 kB
dist/assets/dialogs-C8TWTS93.js                                           0.58 kB │ gzip:   0.31 kB
dist/assets/tech-pack-Chse5oW8.js                                         0.59 kB │ gzip:   0.32 kB
dist/assets/transfer-bag-handover-mock-CBY1RnfP.js                        0.63 kB │ gzip:   0.41 kB
dist/assets/pcs-reset-placeholder-CnFT5Fwx.js                             0.72 kB │ gzip:   0.45 kB
dist/assets/badge-DpSDBBWm.js                                             0.78 kB │ gzip:   0.42 kB
dist/assets/images-Q79qfJD0.js                                            0.80 kB │ gzip:   0.35 kB
dist/assets/placeholder-CAfSYrvc.js                                       0.82 kB │ gzip:   0.44 kB
dist/assets/pms-export-CQMeskbB.js                                        0.83 kB │ gzip:   0.50 kB
dist/assets/trace-DvlTXuTj.js                                             0.85 kB │ gzip:   0.49 kB
dist/assets/execution-prep-projection-helpers-0a_385kk.js                 0.90 kB │ gzip:   0.44 kB
dist/assets/runtime-DY769RIr.js                                           0.90 kB │ gzip:   0.61 kB
dist/assets/history-BME1SRGY.js                                           0.94 kB │ gzip:   0.61 kB
dist/assets/payment-sync-B5WOB9vU.js                                      0.97 kB │ gzip:   0.62 kB
dist/assets/print-service-Chq61wbl.js                                     1.04 kB │ gzip:   0.52 kB
dist/assets/pda-sewing-self-return-mode-CVT5AEl1.js                       1.07 kB │ gzip:   0.54 kB
dist/assets/detail.adapter-HKzBRTvR.js                                    1.08 kB │ gzip:   0.68 kB
dist/assets/process-work-order-generation-service-Cc9F30zy.js             1.08 kB │ gzip:   0.66 kB
dist/assets/dialogs-Dv8Bdd2f.js                                           1.08 kB │ gzip:   0.49 kB
dist/assets/dyeing-material-receipts-D10pmlZT.js                          1.11 kB │ gzip:   0.73 kB
dist/assets/pda-runtime-UCJCirO6.js                                       1.12 kB │ gzip:   0.62 kB
dist/assets/overview-BYxkozyb.js                                          1.25 kB │ gzip:   0.69 kB
dist/assets/process-work-order-source-view-7Z_x9-hK.js                    1.31 kB │ gzip:   0.58 kB
dist/assets/work-order-action-policy-CjMt7QiT.js                          1.34 kB │ gzip:   0.68 kB
dist/assets/real-qr-DhycaUX5.js                                           1.48 kB │ gzip:   0.83 kB
dist/assets/filter-bar-CVKqoh5L.js                                        1.49 kB │ gzip:   0.81 kB
dist/assets/material-identity-BsUybM6t.js                                 1.55 kB │ gzip:   0.85 kB
dist/assets/supplement-material-prep-demand-registry-DI-N3DvB.js          1.56 kB │ gzip:   0.75 kB
dist/assets/warehouse-shared-Cbl0mgQJ.js                                  1.57 kB │ gzip:   0.51 kB
dist/assets/pda-cutting-wait-handover-actions-Bo6Fzazl.js                 1.58 kB │ gzip:   0.62 kB
dist/assets/task-handover-domain-CMRIzYZS.js                              1.58 kB │ gzip:   0.77 kB
dist/assets/work-order-detail-CLDX6xxr.js                                 1.66 kB │ gzip:   0.77 kB
dist/assets/task-chain-pages-adapter-CyNb1IEO.js                          1.72 kB │ gzip:   0.85 kB
dist/assets/production-contract-print-BAERdFNM.js                         1.73 kB │ gzip:   1.04 kB
dist/assets/tmf-work-order-view-BqerrQ69.js                               1.79 kB │ gzip:   0.88 kB
dist/assets/real-barcode-DTxJLzjM.js                                      1.81 kB │ gzip:   0.97 kB
dist/assets/wool-pda-scan-DVpYkVBG.js                                     1.81 kB │ gzip:   1.00 kB
dist/assets/tmf-upstream-receiving-BMCGMKpU.js                            1.84 kB │ gzip:   1.14 kB
dist/assets/list-export-CVTU-NKO.js                                       1.86 kB │ gzip:   1.09 kB
dist/assets/toast-B-kkA5Xp.js                                             1.87 kB │ gzip:   0.90 kB
dist/assets/kol-goto-fixed-total-ledger-CgrsTOEn.js                       1.93 kB │ gzip:   0.92 kB
dist/assets/printing-sheet-preview-Hjm-iEEl.js                            1.94 kB │ gzip:   1.02 kB
dist/assets/table-CzEVmLji.js                                             2.04 kB │ gzip:   1.03 kB
dist/assets/pda-cutting-simple-cut-piece-handover-BYM-yrRQ.js             2.14 kB │ gzip:   1.11 kB
dist/assets/binding-process-pda-scan-6mQooOj1.js                          2.18 kB │ gzip:   1.13 kB
dist/assets/special-craft-pda-scope-CTB859ef.js                           2.22 kB │ gzip:   1.01 kB
dist/assets/helpers-BFKa6pUf.js                                           2.42 kB │ gzip:   1.21 kB
dist/assets/pms-excel-import-DnMCWv6B.js                                  2.66 kB │ gzip:   1.32 kB
dist/assets/shared-BTFSu4d4.js                                            2.70 kB │ gzip:   1.03 kB
dist/assets/process-order-list-presentation-DJ0niscL.js                   2.71 kB │ gzip:   1.27 kB
dist/assets/marker-plan-projection-BKngjXSF.js                            2.77 kB │ gzip:   1.18 kB
dist/assets/post-finishing-spu-technical-parameters-nMJQohUd.js           2.79 kB │ gzip:   1.28 kB
dist/assets/authorization-code-C0mY0jTj.js                                2.87 kB │ gzip:   1.41 kB
dist/assets/process-order-task-relations-D3UmMuzN.js                      2.97 kB │ gzip:   1.29 kB
dist/assets/production-order-identity-BFtTYsaH.js                         3.00 kB │ gzip:   1.24 kB
dist/assets/product-skus-CEt6Fukj.js                                      3.03 kB │ gzip:   0.96 kB
dist/assets/progress-board-D5xG1ebB.js                                    3.05 kB │ gzip:   1.45 kB
dist/assets/tabs-aotrSXS3.js                                              3.09 kB │ gzip:   0.93 kB
dist/assets/confirmation-print-DqjWqn7W.js                                3.09 kB │ gzip:   1.32 kB
dist/assets/pda-cutting-runtime-action-inputs-CNk4Sfn2.js                 3.15 kB │ gzip:   1.09 kB
dist/assets/trade-subjects-B1U82DIE.js                                    3.16 kB │ gzip:   1.12 kB
dist/assets/wls-page-handlers-0XJsBKCa.js                                 3.31 kB │ gzip:   1.07 kB
dist/assets/tmf-upstream-process-orders-BZlDVU8f.js                       3.35 kB │ gzip:   1.59 kB
dist/assets/task-route-card-Dhy6b4ML.js                                   3.35 kB │ gzip:   1.47 kB
dist/assets/cutting-mainline-BgmauSi4.js                                  3.41 kB │ gzip:   1.53 kB
dist/assets/task-delivery-card-1x49owfa.js                                3.41 kB │ gzip:   1.55 kB
dist/assets/transfer-bags-projection-lDhbvMQw.js                          3.52 kB │ gzip:   1.48 kB
dist/assets/binding-process-warehouse-linkage-service-BcEvavp1.js         3.63 kB │ gzip:   1.38 kB
dist/assets/fcs-route-links-CAuCe2WN.js                                   3.67 kB │ gzip:   1.20 kB
dist/assets/quality-chain-adapter-BfrAxqOf.js                             3.68 kB │ gzip:   1.66 kB
dist/assets/shared-ZSmXgRYH.js                                            3.73 kB │ gzip:   1.70 kB
dist/assets/engineering-file-upload-UdQ7EtuE.js                           3.77 kB │ gzip:   1.71 kB
dist/assets/shared-bgZ9pJSG.js                                            3.92 kB │ gzip:   1.64 kB
dist/assets/transfer-bag-repack-mock-BgYakwOZ.js                          3.95 kB │ gzip:   1.82 kB
dist/assets/sewing-outsourcing-demo-B7jbrhSO.js                           3.95 kB │ gzip:   1.58 kB
dist/assets/dashboards-BuwsiT60.js                                        4.07 kB │ gzip:   2.00 kB
dist/assets/transit-simple-lists-ryUBTuuf.js                              4.10 kB │ gzip:   1.44 kB
dist/assets/pda-wool-warehouse-flows-D4rRUhmL.js                          4.37 kB │ gzip:   2.33 kB
dist/assets/form-DqCwEjy3.js                                              4.37 kB │ gzip:   1.39 kB
dist/assets/sewing-outsourcing-responsibility-CuBl5NxO.js                 4.42 kB │ gzip:   1.96 kB
dist/assets/supplement-order-registry-CHnc7juB.js                         4.49 kB │ gzip:   1.76 kB
dist/assets/preparation-material-receipt-sources-BDL4d4zQ.js              4.68 kB │ gzip:   1.95 kB
dist/assets/routes-pda-Cj3A8L4L.js                                        4.74 kB │ gzip:   1.80 kB
dist/assets/layout.helpers-lhKbdsQj.js                                    4.76 kB │ gzip:   1.73 kB
dist/assets/runtime-task-tenders-YGz6fHpq.js                              4.76 kB │ gzip:   1.94 kB
dist/assets/relations-Bt5dktjG.js                                         4.77 kB │ gzip:   2.17 kB
dist/assets/process-order-list-controller-g8-5vnIx.js                     4.81 kB │ gzip:   1.86 kB
dist/assets/transit-dashboard-DBWbjUSN.js                                 4.81 kB │ gzip:   2.03 kB
dist/assets/result-list-CjrpctzQ.js                                       4.94 kB │ gzip:   2.06 kB
dist/assets/store-domain-dispatch-process-HqHja_by.js                     5.01 kB │ gzip:   1.95 kB
dist/assets/process-work-order-quality-settlement-BP-ky8Qi.js             5.33 kB │ gzip:   2.20 kB
dist/assets/dispatch-task-sheet-uEwAvl4V.js                               5.56 kB │ gzip:   2.65 kB
dist/assets/routes-pcs-DtnIVdkn.js                                        5.62 kB │ gzip:   1.62 kB
dist/assets/process-order-three-axis-view-CHbp-paP.js                     5.72 kB │ gzip:   2.30 kB
dist/assets/production-contract-center-3D7ofKqd.js                        5.77 kB │ gzip:   2.48 kB
dist/assets/pda-cutting-nav-context-D9USbSJg.js                           5.95 kB │ gzip:   1.40 kB
dist/assets/fcs-pda-pickup-dispute-BXTawd_Y.js                            6.19 kB │ gzip:   2.19 kB
dist/assets/material-handover-DETTV4t8.js                                 6.21 kB │ gzip:   2.42 kB
dist/assets/pcs-project-technical-data-writeback-4St9Sbqu.js              6.25 kB │ gzip:   2.40 kB
dist/assets/warehouse-standard-XhL2t2ju.js                                6.27 kB │ gzip:   2.08 kB
dist/assets/fact-view-8nxky7bI.js                                         6.29 kB │ gzip:   2.08 kB
dist/assets/statistics--eevJxTx.js                                        6.31 kB │ gzip:   1.90 kB
dist/assets/craft-actions-COSY2XJN.js                                     6.38 kB │ gzip:   2.89 kB
dist/assets/pda-notify-Dm7rTfgy.js                                        6.49 kB │ gzip:   2.38 kB
dist/assets/pda-transfer-bag-detail-C7rxMdHq.js                           6.50 kB │ gzip:   2.34 kB
dist/assets/workbench-83NtwDmY.js                                         6.55 kB │ gzip:   2.65 kB
dist/assets/factory-receiving-links-A1oI5xcC.js                           6.57 kB │ gzip:   2.63 kB
dist/assets/sewing-outsourcing-supplement-tracking-B1wId4Gf.js            6.63 kB │ gzip:   2.89 kB
dist/assets/shared-BP5_9lru.js                                            6.78 kB │ gzip:   2.50 kB
dist/assets/production-contract-master-template-DAp_1w8Y.js               6.85 kB │ gzip:   2.74 kB
dist/assets/dye-work-order-times-CxLziefL.js                              7.12 kB │ gzip:   2.52 kB
dist/assets/pda-cutting-execution-unit-DQFct_bF.js                        7.16 kB │ gzip:   2.70 kB
dist/assets/shared-C3zVh7rM.js                                            7.22 kB │ gzip:   2.53 kB
dist/assets/overview.helpers-BP2F5Yu8.js                                  7.36 kB │ gzip:   2.88 kB
dist/assets/pda-notify-detail-Dc-u8QgQ.js                                 7.38 kB │ gzip:   2.34 kB
dist/assets/pda-cutting-fei-ticket-numbering-Bv_YDBCz.js                  7.40 kB │ gzip:   2.46 kB
dist/assets/settlement-flow-boundaries-DbkSNas3.js                        7.43 kB │ gzip:   2.53 kB
dist/assets/pda-warehouse-4QNG3UR5.js                                     7.48 kB │ gzip:   2.98 kB
dist/assets/production-craft-dict-DF50Up-A.js                             7.51 kB │ gzip:   2.82 kB
dist/assets/transit-warehouse-CGN4xIMS.js                                 7.54 kB │ gzip:   2.13 kB
dist/assets/sewing-outsourcing-return-tracking-DaqzEOHk.js                7.58 kB │ gzip:   2.84 kB
dist/assets/workbench-BAsaNTpS.js                                         7.61 kB │ gzip:   3.12 kB
dist/assets/pda-cutting-transfer-bag-recovery-Bk8ys4EI.js                 7.70 kB │ gzip:   3.22 kB
dist/assets/pcs-material-archive-detail-B8KybRbz.js                       7.71 kB │ gzip:   2.70 kB
dist/assets/supplement-node-facts-CJ86cFnl.js                             7.77 kB │ gzip:   2.85 kB
dist/assets/production-contracts-C3boTP93.js                              8.06 kB │ gzip:   2.74 kB
dist/assets/pda-cutting-transfer-bag-scrap-CTlyI-nP.js                    8.08 kB │ gzip:   3.34 kB
dist/assets/progress-exception-lifecycle-BJx0gSBY.js                      8.09 kB │ gzip:   2.70 kB
dist/assets/routes-pms-CQxum4pK.js                                        8.16 kB │ gzip:   2.10 kB
dist/assets/statistics-Gmt6DEIT.js                                        8.38 kB │ gzip:   3.63 kB
dist/assets/milestone-configs-mkG1JUb5.js                                 8.42 kB │ gzip:   2.95 kB
dist/assets/bom-templates-Br7_yp-y.js                                     8.47 kB │ gzip:   1.81 kB
dist/assets/pre-settlement-ledger-repository-IyvanF9p.js                  8.64 kB │ gzip:   2.95 kB
dist/assets/pcs-pattern-library-config-C8tfllqo.js                        8.73 kB │ gzip:   2.37 kB
dist/assets/bom-templates-Cl2JaUiA.js                                     8.80 kB │ gzip:   3.66 kB
dist/assets/fei-ticket-numbering-lbxM5JLR.js                              8.81 kB │ gzip:   3.09 kB
dist/assets/warehouses-zI9ocKIC.js                                        8.83 kB │ gzip:   2.08 kB
dist/assets/pda-cutting-shared-BKtwAPz1.js                                8.83 kB │ gzip:   2.71 kB
dist/assets/navigation-context-D9UcmbyJ.js                                8.87 kB │ gzip:   2.46 kB
dist/assets/yarn-shipments-xmNHEnMO.js                                    8.92 kB │ gzip:   4.05 kB
dist/assets/list-D4BytpJY.js                                              9.04 kB │ gzip:   3.02 kB
dist/assets/pda-login-Bg-Y9qbY.js                                         9.18 kB │ gzip:   3.54 kB
dist/assets/dye-work-order-online-domain-DVHUKBpB.js                      9.53 kB │ gzip:   3.55 kB
dist/assets/production-receipts-CdjWV6Zd.js                               9.53 kB │ gzip:   3.85 kB
dist/assets/sewing-pickup-slips-_BZlu1Nl.js                               9.56 kB │ gzip:   3.59 kB
dist/assets/production-return-fulfillment-B4XMCasM.js                    10.02 kB │ gzip:   3.82 kB
dist/assets/purchase-suggestions-Duv_PHLl.js                             10.15 kB │ gzip:   3.10 kB
dist/assets/trade-subjects-BX9wTttO.js                                   10.19 kB │ gzip:   3.70 kB
dist/assets/pms-handlers-DQierLFy.js                                     10.63 kB │ gzip:   2.38 kB
dist/assets/settings-DRHg756g.js                                         10.65 kB │ gzip:   3.21 kB
dist/assets/product-skus-B9QYpeNB.js                                     10.67 kB │ gzip:   4.11 kB
dist/assets/transit-receipts-BJ93QUyl.js                                 10.92 kB │ gzip:   3.99 kB
dist/assets/task-breakdown-CKS9eJB9.js                                   11.01 kB │ gzip:   4.05 kB
dist/assets/presentation-BrsrI3pd.js                                     11.02 kB │ gzip:   4.53 kB
dist/assets/tasks-B_b5006q.js                                            11.26 kB │ gzip:   4.32 kB
dist/assets/material-transfers-DCjGoSFw.js                               11.28 kB │ gzip:   3.91 kB
dist/assets/pda-exec-link-CWjRetHv.js                                    11.32 kB │ gzip:   3.69 kB
dist/assets/material-prep-DX54sW3X.js                                    11.40 kB │ gzip:   2.68 kB
dist/assets/dyeing-warehouse-view-CsEF97Wh.js                            11.46 kB │ gzip:   3.94 kB
dist/assets/warehouses-BLk9JUJl.js                                       11.67 kB │ gzip:   4.20 kB
dist/assets/process-statistics-domain-C_jsRjrx.js                        12.19 kB │ gzip:   3.97 kB
dist/assets/pickup-management-runtime-B7YrS2t1.js                        12.20 kB │ gzip:   4.71 kB
dist/assets/task-execution-adapter-DCv2ru4p.js                           12.22 kB │ gzip:   3.67 kB
dist/assets/wls-inbound-m6mGWy9R.js                                      12.33 kB │ gzip:   4.74 kB
dist/assets/bom-detail-3nOJTYXQ.js                                       12.33 kB │ gzip:   4.32 kB
dist/assets/returns-BLLwwXL2.js                                          12.40 kB │ gzip:   4.58 kB
dist/assets/handover-print-CX3uCb6s.js                                   12.42 kB │ gzip:   4.48 kB
dist/assets/cut-piece-return-warehouse-DwHJz-_8.js                       12.43 kB │ gzip:   4.36 kB
dist/assets/meta-Cv7qImyB.js                                             12.80 kB │ gzip:   2.87 kB
dist/assets/context-DER963Ri.js                                          12.97 kB │ gzip:   4.57 kB
dist/assets/responsibility-transfers-DHydt5wQ.js                         13.03 kB │ gzip:   4.87 kB
dist/assets/handover-records-B2eSWH3c.js                                 13.11 kB │ gzip:   4.12 kB
dist/assets/supplements-4EXL1OgE.js                                      13.14 kB │ gzip:   4.73 kB
dist/assets/wls-finished-inbound-stuLdkeQ.js                             13.17 kB │ gzip:   5.00 kB
dist/assets/pda-start-link-B8OFDasq.js                                   13.37 kB │ gzip:   4.73 kB
dist/assets/work-orders-B3I938Hs.js                                      13.84 kB │ gzip:   4.67 kB
dist/assets/mobile-execution-task-index-DYMDgw_6.js                      13.96 kB │ gzip:   3.70 kB
dist/assets/workbench-CF9e1WAh.js                                        14.03 kB │ gzip:   4.05 kB
dist/assets/work-order-detail-DYr4wUuI.js                                14.13 kB │ gzip:   4.47 kB
dist/assets/post-finishing-qc-print-template-Bu1_H4AN.js                 14.45 kB │ gzip:   4.45 kB
dist/assets/work-orders--ug6IBf1.js                                      14.68 kB │ gzip:   4.75 kB
dist/assets/reports-Bu2ZUI3S.js                                          14.75 kB │ gzip:   3.54 kB
dist/assets/full-flow-print-CBLm5Wh1.js                                  14.89 kB │ gzip:   4.83 kB
dist/assets/progress-handover-order-BNDTRaUa.js                          15.07 kB │ gzip:   4.30 kB
dist/assets/pcs-engineering-tech-pack-workspace-CFxTlQHk.js              15.18 kB │ gzip:   5.42 kB
dist/assets/cut-order-release-integration-wN3SUTV7.js                    15.22 kB │ gzip:   5.39 kB
dist/assets/machines-QWBox4Bf.js                                         15.31 kB │ gzip:   5.01 kB
dist/assets/outbound-orders-CQ8SzGg8.js                                  15.34 kB │ gzip:   4.92 kB
dist/assets/pda-cutting-task-detail-CLqmOsFe.js                          15.50 kB │ gzip:   5.38 kB
dist/assets/simple-cut-piece-handover-fixtures-CfnpIXt9.js               15.90 kB │ gzip:   5.28 kB
dist/assets/process-web-status-actions-VrU2w184.js                       15.97 kB │ gzip:   4.24 kB
dist/assets/cut-order-supplement-fixture-DgqwUlom.js                     15.97 kB │ gzip:   4.83 kB
dist/assets/progress-cutting-detail-DBFlTuwX.js                          15.99 kB │ gzip:   3.77 kB
dist/assets/pda-sewing-self-return-MaK7xTWX.js                           15.99 kB │ gzip:   5.27 kB
dist/assets/garment-spu-replacement-C6y2gNEp.js                          16.01 kB │ gzip:   4.85 kB
dist/assets/wls-garment-relabel-tasks-Rv1_0MQj.js                        16.16 kB │ gzip:   5.30 kB
dist/assets/handover-ledger-view-6mrozOVj.js                             16.17 kB │ gzip:   4.45 kB
dist/assets/pda-notify-due-soon-BdK7TP1j.js                              16.49 kB │ gzip:   5.52 kB
dist/assets/material-requirements-lgR9Yo6b.js                            16.76 kB │ gzip:   5.66 kB
dist/assets/suppliers-CF8Vrskm.js                                        16.77 kB │ gzip:   4.64 kB
dist/assets/events-CV3iNHxU.js                                           16.93 kB │ gzip:   6.62 kB
dist/assets/sewing-cut-piece-return-workflow-BKWXr0Ar.js                 17.18 kB │ gzip:   6.07 kB
dist/assets/warehouse-BGxymLf2.js                                        17.25 kB │ gzip:   5.36 kB
dist/assets/production-confirmation-CrQar-NH.js                          17.25 kB │ gzip:   5.89 kB
dist/assets/output-stock-Bohw6AnU.js                                     17.37 kB │ gzip:   6.52 kB
dist/assets/marker-spreading-projection-C9mX1S_z.js                      17.48 kB │ gzip:   5.53 kB
dist/assets/sewing-cut-piece-responsibility-DaBcRN48.js                  17.53 kB │ gzip:   5.25 kB
dist/assets/process-mobile-task-binding---Mzzse5.js                      17.56 kB │ gzip:   6.14 kB
dist/assets/bom-detail-C83LMKma.js                                       17.72 kB │ gzip:   5.71 kB
dist/assets/pda-handlers-RYOWR07N.js                                     17.73 kB │ gzip:   4.70 kB
dist/assets/adjustments-B9VW2_Jq.js                                      18.11 kB │ gzip:   5.47 kB
dist/assets/pda-warehouse-inbound-records-B4n-3k9a.js                    18.15 kB │ gzip:   5.10 kB
dist/assets/purchase-demands-CwA3rpul.js                                 18.25 kB │ gzip:   5.84 kB
dist/assets/platform-process-result-view-DyLb0pRe.js                     18.53 kB │ gzip:   5.32 kB
dist/assets/store-domain-statement-source-adapter-D6wafIsq.js            18.56 kB │ gzip:   5.31 kB
dist/assets/sewing-outsourcing-workbench-AoHvMOun.js                     18.65 kB │ gzip:   6.46 kB
dist/assets/pda-warehouse-outbound-records-37BfJTsr.js                   18.66 kB │ gzip:   5.32 kB
dist/assets/task-orders-D8MIlL-V.js                                      18.69 kB │ gzip:   6.31 kB
dist/assets/pda-warehouse-shared-BkndnYiF.js                             18.74 kB │ gzip:   5.59 kB
dist/assets/process-water-soluble-orders-CVL7ANVc.js                     18.80 kB │ gzip:   5.73 kB
dist/assets/production-demand-early-process-work-orders-BcvniEST.js      18.82 kB │ gzip:   5.60 kB
dist/assets/product-purchase-orders-DpqUVHxw.js                          18.90 kB │ gzip:   5.54 kB
dist/assets/materials-BA_owAdW.js                                        18.93 kB │ gzip:   4.79 kB
dist/assets/kol-goto-pda-domain-Uz_Yeg1p.js                              19.16 kB │ gzip:   6.51 kB
dist/assets/platform.adapter-CJ0ENJIU.js                                 19.25 kB │ gzip:   6.09 kB
dist/assets/shared-CCrY-QCl.js                                           19.48 kB │ gzip:   5.27 kB
dist/assets/audit-records-CjnC_izP.js                                    19.65 kB │ gzip:   6.35 kB
dist/assets/stage-display-f0bQL-6u.js                                    19.66 kB │ gzip:   6.95 kB
dist/assets/units-C3ZzYup0.js                                            19.66 kB │ gzip:   5.86 kB
dist/assets/factory-sample-verification-flow-BgIjb0Ua.js                 19.86 kB │ gzip:   4.87 kB
dist/assets/index-DfDLB_P8.js                                            20.17 kB │ gzip:   5.20 kB
dist/assets/material-purchase-tracking-BpVtd-CP.js                       20.23 kB │ gzip:   6.31 kB
dist/assets/pcs-engineering-master-list-fZuixOZL.js                      20.34 kB │ gzip:   6.92 kB
dist/assets/deduction-analysis-urHglwM1.js                               20.56 kB │ gzip:   5.81 kB
dist/assets/fei-ticket-numbering-BM4zQtkU.js                             20.61 kB │ gzip:   5.67 kB
dist/assets/order-list-columns-pEhqOirz.js                               20.62 kB │ gzip:   6.46 kB
dist/assets/overview.adapter-mJPdEvvr.js                                 20.65 kB │ gzip:   6.53 kB
dist/assets/events-DWNLv4XT.js                                           21.11 kB │ gzip:   6.53 kB
dist/assets/work-order-detail-CnXU17CA.js                                21.13 kB │ gzip:   6.65 kB
dist/assets/pcs-engineering-master-view-model-DfMGdKSQ.js                21.18 kB │ gzip:   7.03 kB
dist/assets/suppliers-xQDh60RH.js                                        21.35 kB │ gzip:   6.80 kB
dist/assets/cut-piece-returns-kIZrHGiC.js                                21.55 kB │ gzip:   6.47 kB
dist/assets/cut-piece-handover-D2Pjv6qh.js                               21.75 kB │ gzip:   6.93 kB
dist/assets/tasks-bwbY50ow.js                                            22.00 kB │ gzip:   6.97 kB
dist/assets/progress-cutting-overview-AqETmac1.js                        22.02 kB │ gzip:   5.00 kB
dist/assets/material-issue-DPh8H6aF.js                                   22.02 kB │ gzip:   5.17 kB
dist/assets/pms-purchase-orders-CyvPIzjL.js                              22.04 kB │ gzip:   6.45 kB
dist/assets/routes-wls-nIrKhnfK.js                                       22.10 kB │ gzip:   7.14 kB
dist/assets/pcs-project-detail-support-BMgG3IDr.js                       22.10 kB │ gzip:   6.81 kB
dist/assets/qc-workbench-CBUYNXqv.js                                     22.32 kB │ gzip:   6.88 kB
dist/assets/dye-work-order-online-view-PLR5dMxp.js                       22.47 kB │ gzip:   7.73 kB
dist/assets/recheck-orders-wKoDGSyC.js                                   22.50 kB │ gzip:   7.05 kB
dist/assets/production-order-duration-Cc2SF5qt.js                        22.50 kB │ gzip:   8.55 kB
dist/assets/warehouse-location-map-model-D6CMOCT3.js                     22.52 kB │ gzip:   7.15 kB
dist/assets/subject-operations-Cq9odPze.js                               22.54 kB │ gzip:   6.98 kB
dist/assets/material-statements-iQ6e-_-O.js                              22.71 kB │ gzip:   5.99 kB
dist/assets/progress-statistics-linkage-C5EbFwxt.js                      22.82 kB │ gzip:   6.52 kB
dist/assets/simple-cut-piece-handover-ui-BYGBxvbE.js                     23.04 kB │ gzip:   8.90 kB
dist/assets/purchase-suggestions-CVZMwN1b.js                             23.18 kB │ gzip:   7.23 kB
dist/assets/material-purchase-orders-DMA22lEH.js                         23.29 kB │ gzip:   7.29 kB
dist/assets/process-order-task-links-jUS_q7uS.js                         23.57 kB │ gzip:   6.43 kB
dist/assets/process-print-orders-DaFlXDf1.js                             23.59 kB │ gzip:   7.72 kB
dist/assets/pcs-handlers-Bu5pcmsm.js                                     23.59 kB │ gzip:   6.11 kB
dist/assets/qc-orders-CgRwDrHt.js                                        23.61 kB │ gzip:   7.31 kB
dist/assets/process-dye-orders-DHblkO7Y.js                               23.77 kB │ gzip:   7.80 kB
dist/assets/machine-associations-_43MtLmt.js                             24.42 kB │ gzip:   7.25 kB
dist/assets/fcs-production-tech-pack-snapshot-XZlwFDHI.js                24.58 kB │ gzip:   6.16 kB
dist/assets/material-preparation-CCT4wn1a.js                             24.59 kB │ gzip:   8.61 kB
dist/assets/retired-process-history-DJ3RCvD0.js                          24.75 kB │ gzip:   6.40 kB
dist/assets/dialogs-DmdwIMuY.js                                          24.87 kB │ gzip:   6.15 kB
dist/assets/wls-fabric-demand-board-n-nME5jj.js                          25.05 kB │ gzip:   6.85 kB
dist/assets/kol-demands-DR0MXQvy.js                                      25.26 kB │ gzip:   7.33 kB
dist/assets/supplier-supply-archives-B6fHDk5d.js                         25.55 kB │ gzip:   7.41 kB
dist/assets/pda-warehouse-wait-handover-DYOaqu8P.js                      25.61 kB │ gzip:   6.37 kB
dist/assets/sample-approval-suggestions-CB_PUNtA.js                      25.93 kB │ gzip:   7.97 kB
dist/assets/work-orders-DTRXFmZl.js                                      25.99 kB │ gzip:   8.90 kB
dist/assets/progress-milestone-config-44cb1g3E.js                        26.43 kB │ gzip:   5.65 kB
dist/assets/sample-warehouse-DGBOfkgI.js                                 26.63 kB │ gzip:   6.62 kB
dist/assets/marker-spreading-utils-CiRCgSbA.js                           26.72 kB │ gzip:   7.83 kB
dist/assets/third-party-factory-rating-CoaK4Tos.js                       27.03 kB │ gzip:   7.57 kB
dist/assets/warehouse-location-map-8n7IVPfz.js                           27.07 kB │ gzip:   7.08 kB
dist/assets/pcs-channel-products-CbTQzIDz.js                             27.09 kB │ gzip:   7.17 kB
dist/assets/pcs-pattern-library-detail-FZcf9Ed_.js                       27.58 kB │ gzip:   6.56 kB
dist/assets/pda-wool-fact-execution-Dud2Wt1I.js                          27.84 kB │ gzip:   9.27 kB
dist/assets/warehouse-BriQsnnU.js                                        28.08 kB │ gzip:   9.32 kB
dist/assets/production-order-progress-tracking-xZBWONPD.js               28.21 kB │ gzip:   9.21 kB
dist/assets/factory-status-CT5mQnLH.js                                   28.39 kB │ gzip:   6.00 kB
dist/assets/pcs-engineering-master-detail-CDEDFo3s.js                    28.47 kB │ gzip:   8.35 kB
dist/assets/marker-plan-source-model-DhiGuVPB.js                         28.86 kB │ gzip:   8.45 kB
dist/assets/logistics-reconciliations-BJ6RHOl5.js                        28.87 kB │ gzip:   8.87 kB
dist/assets/progress-cutting-exception-center-DSS0jmgY.js                29.09 kB │ gzip:   6.45 kB
dist/assets/material-reconciliations--NR_FARS.js                         29.32 kB │ gzip:   8.86 kB
dist/assets/handover-orders-Bs6EC2Cw.js                                  30.04 kB │ gzip:   8.26 kB
dist/assets/early-process-management-CeWVaEc6.js                         30.06 kB │ gzip:   7.55 kB
dist/assets/pcs-config-workspace-DKPfmCXZ.js                             30.75 kB │ gzip:   6.78 kB
dist/assets/base-orders-BHTiG7YE.js                                      31.09 kB │ gzip:  10.47 kB
dist/assets/capability-RtDdLRN7.js                                       31.61 kB │ gzip:   6.67 kB
dist/assets/material-archives-Ko7mncnF.js                                31.87 kB │ gzip:   7.90 kB
dist/assets/garment-spu-replacements-CSfyqVG8.js                         32.27 kB │ gzip:   9.07 kB
dist/assets/factory-performance-D00U5XB0.js                              32.27 kB │ gzip:   6.72 kB
dist/assets/task-detail-C5NI9eb-.js                                      32.45 kB │ gzip:   9.61 kB
dist/assets/dialogs-B4Mr1X1I.js                                          32.55 kB │ gzip:   9.78 kB
dist/assets/pda-shell-YDv2z8qJ.js                                        32.92 kB │ gzip:   8.68 kB
dist/assets/process-warehouse-domain-D0dTpj5Z.js                         32.98 kB │ gzip:   7.51 kB
dist/assets/cut-piece-return-domain-BDYptEn4.js                          33.09 kB │ gzip:   9.74 kB
dist/assets/pda-cutting-inbound-DR4rLtnO.js                              33.44 kB │ gzip:  10.02 kB
dist/assets/store-domain-settlement-seeds-BxojVjUC.js                    33.63 kB │ gzip:   8.98 kB
dist/assets/pcs-pattern-library-DisWwC8k.js                              33.64 kB │ gzip:   7.63 kB
dist/assets/warehouse-runtime-BL0-Eoq2.js                                33.70 kB │ gzip:   8.63 kB
dist/assets/payment-requests-C_Lr-yBq.js                                 34.01 kB │ gzip:   8.92 kB
dist/assets/stage-orders-YG912l6k.js                                     34.10 kB │ gzip:  10.44 kB
dist/assets/pda-warehouse-stocktake-CyrrmWKq.js                          34.46 kB │ gzip:   8.63 kB
dist/assets/stage-order-detail-DTkA1WM2.js                               34.49 kB │ gzip:   9.99 kB
dist/assets/work-orders-icrz8Xrb.js                                      34.50 kB │ gzip:  11.54 kB
dist/assets/first-leg-logistics-BbIDHqs-.js                              34.57 kB │ gzip:   9.04 kB
dist/assets/work-order-detail-Gpo_tlw6.js                                34.57 kB │ gzip:   9.39 kB
dist/assets/pda-post-finishing-flow-Bfsd6ORY.js                          34.79 kB │ gzip:   9.28 kB
dist/assets/dispatch-acceptance-sla-BF5s9XrG.js                          34.91 kB │ gzip:   7.87 kB
dist/assets/pda-task-receive-detail-CIiXpEH1.js                          35.23 kB │ gzip:   8.42 kB
dist/assets/pending-receipts-BVJIO9_z.js                                 35.27 kB │ gzip:  10.61 kB
dist/assets/water-soluble-orders-_9NleQJi.js                             35.86 kB │ gzip:  10.76 kB
dist/assets/pda-cutting-transfer-bag-repack-Cdt0iFON.js                  35.91 kB │ gzip:  10.09 kB
dist/assets/work-order-detail-BsBO0Hkz.js                                36.09 kB │ gzip:   9.65 kB
dist/assets/pcs-technical-data-BSWLcdPJ.js                               36.78 kB │ gzip:   9.80 kB
dist/assets/pcs-pattern-library-create-BXhqIshS.js                       36.89 kB │ gzip:   8.61 kB
dist/assets/special-processes-mFT_fiNs.js                                37.19 kB │ gzip:   9.50 kB
dist/assets/first-leg-carriers-D0ar22VA.js                               37.37 kB │ gzip:   9.88 kB
dist/assets/third-party-factory-comprehensive-assessment-CL81SOxM.js     37.40 kB │ gzip:  11.03 kB
dist/assets/pda-quality-CzRFhp_r.js                                      37.40 kB │ gzip:   9.77 kB
dist/assets/product-purchase-orders-DEjpEnWh.js                          37.53 kB │ gzip:   9.18 kB
dist/assets/cutting-statistics-ab-material-CDiqGnDG.js                   38.09 kB │ gzip:   8.61 kB
dist/assets/payment-requests-BhXD94Q3.js                                 38.16 kB │ gzip:   9.94 kB
dist/assets/warehouse-DtpUoteW.js                                        38.49 kB │ gzip:  10.90 kB
dist/assets/material-purchase-orders-HmTEnk9_.js                         38.92 kB │ gzip:  11.67 kB
dist/assets/pda-cutting-handover-B1SU9A_k.js                             38.97 kB │ gzip:  11.05 kB
dist/assets/fcs-handlers-B9Xaqquj.js                                     39.23 kB │ gzip:  11.76 kB
dist/assets/first-leg-shipments-DweXjiOf.js                              39.84 kB │ gzip:   9.86 kB
dist/assets/wait-handover-runtime-DWIC0d_E.js                            41.22 kB │ gzip:  11.19 kB
dist/assets/print-styles-Chx3MsoB.js                                     41.87 kB │ gzip:   8.58 kB
dist/assets/pending-receipts-B1Q9tu5a.js                                 43.69 kB │ gzip:  15.55 kB
dist/assets/cutting-summary-BgniiW-o.js                                  44.04 kB │ gzip:  11.50 kB
dist/assets/warehouse-C4ujfor_.js                                        44.12 kB │ gzip:  11.18 kB
dist/assets/handover-orders-02m0XEZR.js                                  44.18 kB │ gzip:   8.79 kB
dist/assets/demand-domain-_uY7h0h6.js                                    44.55 kB │ gzip:   9.88 kB
dist/assets/pcs-material-archives-C3I02-N3.js                            45.95 kB │ gzip:  10.31 kB
dist/assets/warehouse-D-WdzxtB.js                                        46.18 kB │ gzip:  10.74 kB
dist/assets/batches-CdyT_RPb.js                                          46.41 kB │ gzip:   9.85 kB
dist/assets/dispatch-tenders-C0McZNng.js                                 47.24 kB │ gzip:  12.25 kB
dist/assets/dyeing-8WhxCZi8.js                                           47.45 kB │ gzip:  10.18 kB
dist/assets/printing-BUZpbKMo.js                                         47.45 kB │ gzip:  10.18 kB
dist/assets/other-CdYqUGj8.js                                            47.46 kB │ gzip:  10.20 kB
dist/assets/settlement-linked-mock-factory-BFDammlJ.js                   47.63 kB │ gzip:  14.44 kB
dist/assets/sewing-CchbGqIs.js                                           48.48 kB │ gzip:  10.52 kB
dist/assets/progress-material-NHFwURSJ.js                                48.72 kB │ gzip:   9.35 kB
dist/assets/material-inventory-DtI7aI7d.js                               48.92 kB │ gzip:  12.54 kB
dist/assets/pda-task-receive-ykaWjfy_.js                                 49.14 kB │ gzip:  12.23 kB
dist/assets/pda-cutting-execution-source-CcC6uwoS.js                     49.90 kB │ gzip:  13.49 kB
dist/assets/supplier-confirmations-Bv7urQkq.js                           49.92 kB │ gzip:  12.89 kB
dist/assets/pda-onboarding-BT3bxOxc.js                                   50.52 kB │ gzip:  10.77 kB
dist/assets/marker-plan-model-D2mFqy9S.js                                51.50 kB │ gzip:  14.71 kB
dist/assets/pda-handover-BpbdIN_7.js                                     52.12 kB │ gzip:  13.86 kB
dist/assets/store-domain-progress-B7Fe60Gn.js                            53.10 kB │ gzip:  11.77 kB
dist/assets/work-order-detail-CKTzpFcc.js                                53.51 kB │ gzip:  16.75 kB
dist/assets/settlement-cutting-input-Bsg4bC5l.js                         53.56 kB │ gzip:  11.04 kB
dist/assets/lace-factory-domain-DYqou2P5.js                              53.67 kB │ gzip:  13.40 kB
dist/assets/pcs-part-template-library-D688dtDV.js                        53.77 kB │ gzip:  11.07 kB
dist/assets/progress-urge-9UhP_N-l.js                                    56.35 kB │ gzip:  11.40 kB
dist/assets/pda-cutting-spreading-zASTEDBB.js                            56.56 kB │ gzip:  13.09 kB
dist/assets/warehouse-location-map-CF1He6GR.js                           56.80 kB │ gzip:  16.84 kB
dist/assets/marker-plan-occupancy-bVjruuAg.js                            57.09 kB │ gzip:  16.02 kB
dist/assets/wls-accessory-receipts-BquoexN2.js                           58.26 kB │ gzip:  14.77 kB
dist/assets/domain-snapshot-CEI_qj-O.js                                  59.32 kB │ gzip:  15.87 kB
dist/assets/cut-piece-release-DLx2uP7I.js                                60.06 kB │ gzip:  15.81 kB
dist/assets/pda-settlement-BAyuA7lM.js                                   60.08 kB │ gzip:  13.66 kB
dist/assets/routes-fcs-DCPhtcKv.js                                       60.98 kB │ gzip:  12.78 kB
dist/assets/factory-profile-Dx_tAP9J.js                                  61.12 kB │ gzip:  14.02 kB
dist/assets/pickup-management-list-0GLU3Swr.js                           61.39 kB │ gzip:  17.10 kB
dist/assets/pcs-live-testing-BG0rOXmf.js                                 62.65 kB │ gzip:  15.76 kB
dist/assets/cutting-C_XSFnO-.js                                          62.79 kB │ gzip:  12.95 kB
dist/assets/progress-handover-BpQwY-Uq.js                                63.79 kB │ gzip:  13.54 kB
dist/assets/production-object-overview-D3gsUZq1.js                       64.69 kB │ gzip:  13.12 kB
dist/assets/pcs-video-testing-CYlwRWQm.js                                64.82 kB │ gzip:  16.19 kB
dist/assets/production-object-overview-BXtWLR0P.js                       65.32 kB │ gzip:  15.34 kB
dist/assets/output-documents-h-na67mv.js                                 66.15 kB │ gzip:  22.61 kB
dist/assets/pda-exec-B1LJmTRd.js                                         66.88 kB │ gzip:  15.29 kB
dist/assets/pcs-sample-management-DbA2Nnem.js                            67.47 kB │ gzip:  15.34 kB
dist/assets/core-leK98Nbe.js                                             67.54 kB │ gzip:  12.56 kB
dist/assets/cutting-daily-production-report-8xJlxrb-.js                  68.05 kB │ gzip:  19.05 kB
dist/assets/pcs-channel-stores-BjY35tuG.js                               69.22 kB │ gzip:  14.30 kB
dist/assets/context-Dg05VTnP.js                                          69.42 kB │ gzip:  21.32 kB
dist/assets/sewing-dispatch-CDiYaJJX.js                                  69.49 kB │ gzip:  18.07 kB
dist/assets/progress-exceptions-BQyChk-t.js                              70.30 kB │ gzip:  13.27 kB
dist/assets/qc-records-CppaxRIs.js                                       71.00 kB │ gzip:  15.95 kB
dist/assets/wait-handover-actions-DR7hdbD-.js                            71.83 kB │ gzip:  18.16 kB
dist/assets/special-craft-fei-ticket-flow-uUHbKjTb.js                    72.43 kB │ gzip:  16.43 kB
dist/assets/transfer-bags-CwhgGL-4.js                                    72.79 kB │ gzip:  18.41 kB
dist/assets/factory-onboarding-3jIpQS87.js                               75.21 kB │ gzip:  12.66 kB
dist/assets/pda-handover-detail-BZzsEsHF.js                              75.36 kB │ gzip:  18.43 kB
dist/assets/settlement-Da370VEz.js                                       75.54 kB │ gzip:  11.55 kB
dist/assets/dialogs-Cju7OBJg.js                                          75.66 kB │ gzip:  18.69 kB
dist/assets/orders-domain-Ng6Z0JgD.js                                    76.24 kB │ gzip:  16.86 kB
dist/assets/pcs-independent-sampling-D18Hcys8.js                         76.90 kB │ gzip:  19.54 kB
dist/assets/runtime-projections-IhiAOtVA.js                              78.01 kB │ gzip:  18.43 kB
dist/assets/transfer-bag-operations-C7utE2FW.js                          78.06 kB │ gzip:  19.27 kB
dist/assets/process-action-writeback-service-C9yaCdp0.js                 78.08 kB │ gzip:  17.82 kB
dist/assets/production-progress-DTyotSEo.js                              80.58 kB │ gzip:  20.32 kB
dist/assets/pda-warehouse-wait-process-DlTtCzjD.js                       87.24 kB │ gzip:  21.10 kB
dist/assets/events-Bz976Tp2.js                                           90.02 kB │ gzip:  22.18 kB
dist/assets/factory-onboarding-flow-BislV9dk.js                          90.59 kB │ gzip:  23.32 kB
dist/assets/dispatch-kLS_77oV.js                                         91.34 kB │ gzip:  27.77 kB
dist/assets/tmf-material-purchases-BQ24daPG.js                           92.20 kB │ gzip:  25.11 kB
dist/assets/cut-orders-DcT-DEx1.js                                       94.66 kB │ gzip:  24.39 kB
dist/assets/special-craft-task-orders-xOPShCCC.js                        99.16 kB │ gzip:  26.80 kB
dist/assets/pcs-product-archives-t70xkpmq.js                            106.20 kB │ gzip:  21.44 kB
dist/assets/index-BUAmVOKA.js                                           109.43 kB │ gzip:  39.84 kB
dist/assets/app-shared-D1TZKv6B.js                                      111.01 kB │ gzip:  27.61 kB
dist/assets/transfer-bag-return-model-CsNA1QD9.js                       112.94 kB │ gzip:  26.62 kB
dist/assets/supplement-management-Db0vKFWN.js                           113.22 kB │ gzip:  29.91 kB
dist/assets/unified-dispatch-workbench-tzQrT_v1.js                      117.95 kB │ gzip:  33.07 kB
dist/assets/statements-Uz4g2_gT.js                                      119.48 kB │ gzip:  24.44 kB
dist/assets/events-CD_rvpMR.js                                          121.20 kB │ gzip:  31.26 kB
dist/assets/pcs-engineering-tasks-Cz-rt0j1.js                           121.82 kB │ gzip:  27.76 kB
dist/assets/context-ELH8rES2.js                                         132.99 kB │ gzip:  34.40 kB
dist/assets/production-xPtq93Gn.js                                      133.89 kB │ gzip:  27.38 kB
dist/assets/process-domain-yHEJ_Xpl.js                                  138.94 kB │ gzip:  25.96 kB
dist/assets/generated-fei-tickets-BMEekDXf.js                           143.00 kB │ gzip:  36.15 kB
dist/assets/preparation-timing-D9kxG4Tq.js                              145.93 kB │ gzip:  34.39 kB
dist/assets/marker-plan-CwbVTSVv.js                                     150.09 kB │ gzip:  35.40 kB
dist/assets/warehouse-hub-ChfpyMM7.js                                   152.72 kB │ gzip:  37.97 kB
dist/assets/marker-spreading-DxAq7i6z.js                                154.06 kB │ gzip:  37.72 kB
dist/assets/return-inbound-XPwkGRc4.js                                  183.42 kB │ gzip:  33.52 kB
dist/assets/fei-tickets-CUIc6Dak.js                                     196.51 kB │ gzip:  43.85 kB
dist/assets/index--GzcKvNw.js                                           210.12 kB │ gzip:  66.49 kB
dist/assets/index-CxG3XSWF.js                                           222.77 kB │ gzip:  51.98 kB
dist/assets/pcs-projects-CR13aMKk.js                                    232.17 kB │ gzip:  50.52 kB
dist/assets/pda-exec-detail-DJGBQs0k.js                                 233.98 kB │ gzip:  54.27 kB
dist/assets/print-preview-CZu5LSgr.js                                   274.25 kB │ gzip:  72.08 kB
dist/assets/production-timeliness-DuOjnQfl.js                           459.91 kB │ gzip: 115.02 kB
dist/assets/pda-BqOBLBmI.js                                             511.97 kB │ gzip:  85.41 kB
dist/assets/production-source-shared-8F5Vjzih.js                      2,956.19 kB │ gzip: 737.51 kB

(!) Some chunks are larger than 550 kB after minification. Consider:
- Using dynamic import() to code-split the application
- Use build.rollupOptions.output.manualChunks to improve chunking: https://rollupjs.org/configuration-options/#output-manualchunks
- Adjust chunk size limit for this warning via build.chunkSizeWarningLimit.
✓ built in 8.80s
