{
  "environment": {
    "baseUrl": "http://192.168.0.10:4188/pcs/products/styles/style_seed_project_018/technical-data/tdv_seed_project_018_review_skip_demo",
    "browser": "Chromium headless",
    "viewport": "1366x768",
    "cache": "每个首次进入样本使用全新 BrowserContext",
    "sampleCount": 5,
    "limitMs": 200
  },
  "navigation": [
    233.8,
    192.3,
    219,
    221.2,
    186.8
  ],
  "reload": [
    118.4,
    102.2,
    132.9,
    113,
    132.2
  ],
  "tab": [
    51.9,
    46,
    42.7,
    44.8,
    43
  ],
  "scroll": [
    32.5,
    32,
    32.6,
    32.7,
    32.6
  ],
  "preview": [
    32.3,
    32.6,
    32.6,
    32.6,
    32.5
  ],
  "layout": {
    "1366x768": {
      "viewportWidth": 1366,
      "documentWidth": 1366,
      "containerWidth": 1078,
      "tableWidth": 2180,
      "scrollWidth": 2180,
      "maxScrollLeft": 1104,
      "firstCellWidths": [
        181,
        157,
        133
      ],
      "firstCellOverflow": [
        0,
        0,
        0
      ],
      "actionVisibleAtRight": true
    },
    "1920x900": {
      "viewportWidth": 1920,
      "documentWidth": 1920,
      "containerWidth": 1632,
      "tableWidth": 2180,
      "scrollWidth": 2180,
      "maxScrollLeft": 550,
      "firstCellWidths": [
        181,
        157,
        133
      ],
      "firstCellOverflow": [
        0,
        0,
        0
      ],
      "actionVisibleAtRight": true
    }
  }
}

node:internal/modules/run_main:107
    triggerUncaughtException(
    ^

AssertionError [ERR_ASSERTION]: 首次进入最大耗时 233.8ms，必须严格低于 200ms
    at assertSamplesBelowLimit (file:///private/tmp/higoods-dds-release-20260918/scripts/check-tech-pack-bom-table-layout-performance.mjs:12:10)
    at file:///private/tmp/higoods-dds-release-20260918/scripts/check-tech-pack-bom-table-layout-performance.mjs:192:3 {
  generatedMessage: false,
  code: 'ERR_ASSERTION',
  actual: false,
  expected: true,
  operator: '==',
  diff: 'simple'
}

Node.js v26.8.2
