(node:34860) ExperimentalWarning: localStorage is not available because --localstorage-file was not provided.
(Use `node --trace-warnings ...` to show where the warning was created)
✔ PDA order/task link indexes preserve all full-index candidates without constructing unrelated material rows (320.7115ms)
✔ ordinary sewing direct lookup keeps every field and factory permission from the complete canonical projection (232.670541ms)
✔ runtime sewing overrides and legacy/missing IDs retain the complete projection result (298.364084ms)
✔ one fresh read-only object snapshot preserves readiness, context and unknown references without refreshing per miss (277.334667ms)
✔ PDA handlers wait for part-ticket hydration, and the real detail is not mounted before both dependencies complete (24.621125ms)
✔ ordinary sewing detail leaves unrelated PMS initialization pending until a normal module entry (11.696125ms)
✔ same-navigation sewing preload discovers actual bundle entries and static closure without evaluating modules (33.879625ms)
✔ preview compression includes the same sewing static chunks and retains existing assets without broad lazy-route output (7.718417ms)
(node:34862) ExperimentalWarning: localStorage is not available because --localstorage-file was not provided.
(Use `node --trace-warnings ...` to show where the warning was created)
✔ CONTRACT-005: native legacy task fixture exposes the actual missing allocation date at PDA and progress board entries (629.910833ms)
(node:34863) ExperimentalWarning: localStorage is not available because --localstorage-file was not provided.
(Use `node --trace-warnings ...` to show where the warning was created)
✔ CONTRACT-002: later factory acceptance retains its fact without postponing business allocation deadlines (0.655583ms)
✔ CONTRACT-002: missing business allocation time produces a visible verification gap instead of acceptance-based deadlines (0.152916ms)
✔ CONTRACT-002: historical acceptance-based snapshots remain intact but cannot establish current contract deadlines (0.22925ms)
✔ CONTRACT-002: shared PDA and progress board show missing allocation dates without claiming zero-receipt tasks are complete (0.416917ms)
✔ CONTRACT-002: confirmed dates still show the next contractual node and complete only after all 100 pieces are received (0.319166ms)
✔ CONTRACT-002: outsourcing tracking uses allocation dates for tender tasks and marks missing dates as unverified (8.266792ms)
ℹ tests 15
ℹ suites 0
ℹ pass 15
ℹ fail 0
ℹ cancelled 0
ℹ skipped 0
ℹ todo 0
ℹ duration_ms 1992.077583
