vite v6.4.3 building for production...
transforming...
✓ 2477 modules transformed.
rendering chunks...
[plugin vite:reporter]
(!) /Users/laoer/Documents/higoods/.worktrees/work-20260918/src/data/app-shell-config.ts is dynamically imported by /Users/laoer/Documents/higoods/.worktrees/work-20260918/src/router/routes.ts but also statically imported by /Users/laoer/Documents/higoods/.worktrees/work-20260918/src/components/shell.ts, /Users/laoer/Documents/higoods/.worktrees/work-20260918/src/state/store.ts, dynamic import will not move module into another chunk.

computing gzip size...
dist/index.html                                                         0.76 kB │ gzip:   0.41 kB
dist/assets/pcs-pattern-parse.worker-B3_rAVMB.js                       18.52 kB
dist/assets/index-BbqUuDWX.css                                        145.52 kB │ gzip:  24.15 kB
dist/assets/pcs-project-demo-seed-service-COOi2Kbg.js                   0.06 kB │ gzip:   0.08 kB
dist/assets/sample-warehouse-projection-Dh6IxxM1.js                     0.39 kB │ gzip:   0.25 kB
dist/assets/pcs-engineering-bom-snapshot-source-CsPX2XrT.js             0.41 kB │ gzip:   0.29 kB
dist/assets/index-SWprq_2z.js                                           0.48 kB │ gzip:   0.30 kB
dist/assets/pcs-channel-options-CXt7B8Zd.js                             0.63 kB │ gzip:   0.36 kB
dist/assets/transfer-bag-handover-mock-BU_4msya.js                      0.63 kB │ gzip:   0.41 kB
dist/assets/pcs-reset-placeholder-B_UbJ-Oq.js                           0.75 kB │ gzip:   0.48 kB
dist/assets/badge-D9g8wswB.js                                           0.77 kB │ gzip:   0.42 kB
dist/assets/placeholder-CyTO4TZA.js                                     0.85 kB │ gzip:   0.47 kB
dist/assets/trace-B_TQ6-90.js                                           0.89 kB │ gzip:   0.51 kB
dist/assets/execution-prep-projection-helpers--Mu_Pz7E.js               0.90 kB │ gzip:   0.44 kB
dist/assets/history-DsZ5OxRt.js                                         0.94 kB │ gzip:   0.61 kB
dist/assets/payment-sync-BLvzmxxd.js                                    0.97 kB │ gzip:   0.62 kB
dist/assets/print-service-Cb4Z7TQ8.js                                   1.00 kB │ gzip:   0.50 kB
dist/assets/pda-runtime-FUEFCeAO.js                                     1.01 kB │ gzip:   0.56 kB
dist/assets/pda-sewing-self-return-mode-CVT5AEl1.js                     1.07 kB │ gzip:   0.54 kB
dist/assets/process-work-order-generation-service-i0UqsLQ5.js           1.07 kB │ gzip:   0.65 kB
dist/assets/detail.adapter-DI2wUX9s.js                                  1.08 kB │ gzip:   0.68 kB
dist/assets/dyeing-material-receipts-BQ4SqlUi.js                        1.14 kB │ gzip:   0.75 kB
dist/assets/tech-pack-BRorwBOB.js                                       1.28 kB │ gzip:   0.58 kB
dist/assets/overview-DE4FNSCk.js                                        1.28 kB │ gzip:   0.71 kB
dist/assets/process-work-order-source-view-j6BGY5to.js                  1.30 kB │ gzip:   0.58 kB
dist/assets/work-order-action-policy-4O75zwZC.js                        1.34 kB │ gzip:   0.68 kB
dist/assets/pcs-tech-pack-review-notification-repository-33uxOHJx.js    1.38 kB │ gzip:   0.55 kB
dist/assets/factory-types-BOTMwIwS.js                                   1.47 kB │ gzip:   0.64 kB
dist/assets/filter-bar-C7RnsiWs.js                                      1.49 kB │ gzip:   0.80 kB
dist/assets/real-qr-DsWtPZr_.js                                         1.51 kB │ gzip:   0.84 kB
dist/assets/pcs-channel-store-master-CGULJ23o.js                        1.53 kB │ gzip:   0.61 kB
dist/assets/material-identity-DGX0UlWG.js                               1.53 kB │ gzip:   0.84 kB
dist/assets/task-handover-domain-BEbqKu56.js                            1.56 kB │ gzip:   0.76 kB
dist/assets/supplement-material-prep-demand-registry-DI-N3DvB.js        1.56 kB │ gzip:   0.75 kB
dist/assets/warehouse-shared-Dc48Qtsl.js                                1.57 kB │ gzip:   0.51 kB
dist/assets/pda-cutting-wait-handover-actions-ChdkcdDT.js               1.58 kB │ gzip:   0.62 kB
dist/assets/task-chain-pages-adapter-m39sNQU-.js                        1.71 kB │ gzip:   0.84 kB
dist/assets/dialog-oygstZ48.js                                          1.73 kB │ gzip:   0.82 kB
dist/assets/real-barcode-C0S3nkrH.js                                    1.80 kB │ gzip:   0.96 kB
dist/assets/toast-BUwPf1rF.js                                           1.87 kB │ gzip:   0.90 kB
dist/assets/kol-goto-fixed-total-ledger-CrpgG0Dw.js                     1.93 kB │ gzip:   0.93 kB
dist/assets/pcs-tech-pack-version-log-repository-Bh4Vu-er.js            1.97 kB │ gzip:   0.77 kB
dist/assets/table-Jsi2lbRf.js                                           2.04 kB │ gzip:   1.02 kB
dist/assets/wool-pda-scan-B6Sylup3.js                                   2.15 kB │ gzip:   1.16 kB
dist/assets/binding-process-pda-scan-BNq10RJF.js                        2.18 kB │ gzip:   1.13 kB
dist/assets/special-craft-pda-scope-WuRPoHPC.js                         2.21 kB │ gzip:   1.01 kB
dist/assets/helpers-BFKa6pUf.js                                         2.42 kB │ gzip:   1.21 kB
dist/assets/dialogs-cO2oJNfB.js                                         2.43 kB │ gzip:   1.03 kB
dist/assets/production-contract-print-DiXL_Wy_.js                       2.43 kB │ gzip:   1.34 kB
dist/assets/factory-capacity-profile-mock-Dv5YtZGT.js                   2.64 kB │ gzip:   1.15 kB
dist/assets/shared-C5DeT9Pw.js                                          2.69 kB │ gzip:   1.02 kB
dist/assets/process-order-list-presentation-DcnOnmCP.js                 2.70 kB │ gzip:   1.26 kB
dist/assets/marker-plan-projection-DO4G-NFF.js                          2.75 kB │ gzip:   1.18 kB
dist/assets/post-finishing-spu-technical-parameters-BC9qH04u.js         2.79 kB │ gzip:   1.28 kB
dist/assets/process-order-task-relations-nUnt0nw1.js                    2.97 kB │ gzip:   1.29 kB
dist/assets/work-order-detail-BGKqc7l4.js                               2.98 kB │ gzip:   1.29 kB
dist/assets/production-order-identity-BIAN_G5r.js                       3.04 kB │ gzip:   1.26 kB
dist/assets/tabs-9VIVwO_q.js                                            3.08 kB │ gzip:   0.92 kB
dist/assets/pda-cutting-runtime-action-inputs-dLqUs_El.js               3.13 kB │ gzip:   1.08 kB
dist/assets/printing-sheet-preview-DIEfVS7C.js                          3.23 kB │ gzip:   1.58 kB
dist/assets/pda-wool-warehouse-flows-BsM7hc9r.js                        3.28 kB │ gzip:   1.84 kB
dist/assets/cutting-mainline-DLntXtzl.js                                3.41 kB │ gzip:   1.53 kB
dist/assets/pda-cutting-simple-cut-piece-handover-DyXtfaCp.js           3.48 kB │ gzip:   1.64 kB
dist/assets/transfer-bags-projection-CdZRBK7e.js                        3.52 kB │ gzip:   1.48 kB
dist/assets/cutting-receipts-BzNun2_J.js                                3.53 kB │ gzip:   1.65 kB
dist/assets/authorization-code-Ba7Gwyt6.js                              3.59 kB │ gzip:   1.72 kB
dist/assets/binding-process-warehouse-linkage-service-D8wfVkTT.js       3.63 kB │ gzip:   1.38 kB
dist/assets/fcs-route-links-BrHBsWPd.js                                 3.67 kB │ gzip:   1.20 kB
dist/assets/shared-8TGQgV2Y.js                                          3.72 kB │ gzip:   1.69 kB
dist/assets/quality-chain-adapter-CgkzmN0S.js                           3.73 kB │ gzip:   1.67 kB
dist/assets/engineering-file-upload-6gT8ZJax.js                         3.78 kB │ gzip:   1.72 kB
dist/assets/shared-BoX6C3r2.js                                          3.87 kB │ gzip:   1.62 kB
dist/assets/sewing-outsourcing-demo-DDtwfBFj.js                         3.99 kB │ gzip:   1.59 kB
dist/assets/transfer-bag-repack-mock-CzXtExda.js                        4.00 kB │ gzip:   1.84 kB
dist/assets/form-5SQ7uWXO.js                                            4.36 kB │ gzip:   1.38 kB
dist/assets/progress-board-BoOPH5bG.js                                  4.40 kB │ gzip:   1.98 kB
dist/assets/confirmation-print-ClCFU8MZ.js                              4.44 kB │ gzip:   1.82 kB
dist/assets/sewing-outsourcing-responsibility-Bhmqrb6e.js               4.46 kB │ gzip:   1.97 kB
dist/assets/supplement-order-registry-CHnc7juB.js                       4.49 kB │ gzip:   1.76 kB
dist/assets/task-route-card-M0rN2sRm.js                                 4.70 kB │ gzip:   1.96 kB
dist/assets/preparation-material-receipt-sources-DMjHDB_3.js            4.73 kB │ gzip:   1.98 kB
dist/assets/layout.helpers-DDjnzbHb.js                                  4.76 kB │ gzip:   1.73 kB
dist/assets/task-delivery-card-CF1vg4M1.js                              4.76 kB │ gzip:   2.04 kB
dist/assets/runtime-task-tenders-YGz6fHpq.js                            4.76 kB │ gzip:   1.94 kB
dist/assets/relations-BnHFqipm.js                                       4.80 kB │ gzip:   2.18 kB
dist/assets/process-order-list-controller-2lEn9JrM.js                   4.80 kB │ gzip:   1.85 kB
dist/assets/store-domain-dispatch-process-UqcVZnKZ.js                   5.00 kB │ gzip:   1.94 kB
dist/assets/process-work-order-quality-settlement-B-AxCwW2.js           5.33 kB │ gzip:   2.20 kB
dist/assets/dashboards-DG9PZops.js                                      5.39 kB │ gzip:   2.59 kB
dist/assets/dispatch-task-sheet-KFQfCp7t.js                             5.64 kB │ gzip:   2.68 kB
dist/assets/process-order-three-axis-view-8GAI8QEo.js                   5.77 kB │ gzip:   2.33 kB
dist/assets/pda-cutting-nav-context-Djc8jWhH.js                         5.95 kB │ gzip:   1.40 kB
dist/assets/routes-pda-DHM2F7wx.js                                      5.97 kB │ gzip:   2.28 kB
dist/assets/fcs-pda-pickup-dispute-qvr8NJfA.js                          6.18 kB │ gzip:   2.19 kB
dist/assets/warehouse-standard-CEnzCNyD.js                              6.30 kB │ gzip:   2.10 kB
dist/assets/routes-pcs-DiOeoR6P.js                                      6.31 kB │ gzip:   1.89 kB
dist/assets/fact-view-C0S373hI.js                                       6.35 kB │ gzip:   2.11 kB
dist/assets/production-contract-center-DgXyJrN_.js                      6.53 kB │ gzip:   2.81 kB
dist/assets/pcs-project-technical-data-writeback-DfQ5EZue.js            6.58 kB │ gzip:   2.55 kB
dist/assets/sewing-outsourcing-supplement-tracking-OC_YcryC.js          6.63 kB │ gzip:   2.89 kB
dist/assets/factory-receiving-links-Co9mfgIT.js                         6.64 kB │ gzip:   2.67 kB
dist/assets/shared-DSwqtLzb.js                                          6.79 kB │ gzip:   2.50 kB
dist/assets/production-contract-master-template-hNc792SW.js             6.84 kB │ gzip:   2.74 kB
dist/assets/material-handover-ButJu6O1.js                               6.96 kB │ gzip:   2.74 kB
dist/assets/dye-work-order-times-CxLziefL.js                            7.12 kB │ gzip:   2.52 kB
dist/assets/craft-actions-C8Tz5_14.js                                   7.32 kB │ gzip:   3.30 kB
dist/assets/overview.helpers-BP2F5Yu8.js                                7.36 kB │ gzip:   2.88 kB
dist/assets/settlement-flow-boundaries-DbkSNas3.js                      7.43 kB │ gzip:   2.53 kB
dist/assets/production-craft-dict-52qOPHRL.js                           7.51 kB │ gzip:   2.81 kB
dist/assets/statistics-B_jFtTF7.js                                      7.63 kB │ gzip:   2.48 kB
dist/assets/sewing-outsourcing-return-tracking-XC9QTT5v.js              7.65 kB │ gzip:   2.87 kB
dist/assets/supplement-node-facts-BCHYR9Jo.js                           7.76 kB │ gzip:   2.84 kB
dist/assets/pda-notify-BgGuqhrG.js                                      7.77 kB │ gzip:   2.89 kB
dist/assets/pda-transfer-bag-detail-B4RB0fq1.js                         7.87 kB │ gzip:   2.91 kB
dist/assets/production-contracts-35fsP_82.js                            8.05 kB │ gzip:   2.73 kB
dist/assets/progress-exception-lifecycle-BJx0gSBY.js                    8.09 kB │ gzip:   2.70 kB
dist/assets/pcs-material-archive-detail-BYMAFY4B.js                     8.40 kB │ gzip:   2.97 kB
dist/assets/milestone-configs-DQYr5wnt.js                               8.40 kB │ gzip:   2.93 kB
dist/assets/pda-cutting-execution-unit-5rAiHtXj.js                      8.54 kB │ gzip:   3.25 kB
dist/assets/pda-notify-detail-avJPaJZT.js                               8.66 kB │ gzip:   2.84 kB
dist/assets/pda-cutting-fei-ticket-numbering-DG5bGm1v.js                8.75 kB │ gzip:   3.01 kB
dist/assets/pcs-pattern-library-config-BkTp7TFN.js                      8.78 kB │ gzip:   2.40 kB
dist/assets/pda-cutting-shared-C1CTolq7.js                              8.79 kB │ gzip:   2.69 kB
dist/assets/fei-ticket-numbering-BjMUj8pg.js                            8.81 kB │ gzip:   3.08 kB
dist/assets/pre-settlement-ledger-repository-Bgz8gDt5.js                8.83 kB │ gzip:   3.02 kB
dist/assets/pda-warehouse-CXXwQ2pj.js                                   8.86 kB │ gzip:   3.54 kB
dist/assets/navigation-context-D-mkZ4sn.js                              8.87 kB │ gzip:   2.46 kB
dist/assets/workbench-ChFQIYQm.js                                       8.94 kB │ gzip:   3.71 kB
dist/assets/pda-cutting-transfer-bag-recovery-b4vMH21V.js               9.08 kB │ gzip:   3.79 kB
dist/assets/machine-associations-CeGWJDu_.js                            9.16 kB │ gzip:   3.11 kB
dist/assets/pda-cutting-transfer-bag-scrap-CiuOxlXW.js                  9.46 kB │ gzip:   3.91 kB
dist/assets/dye-work-order-online-domain-Z_qNnXwm.js                    9.52 kB │ gzip:   3.54 kB
dist/assets/mobile-8LW832U7.js                                          9.53 kB │ gzip:   3.08 kB
dist/assets/sewing-pickup-slips-D-8X2wFS.js                             9.55 kB │ gzip:   3.59 kB
dist/assets/tech-pack-process-route-CQNgdWhS.js                         9.62 kB │ gzip:   3.49 kB
dist/assets/statistics-etITqyZo.js                                      9.70 kB │ gzip:   4.23 kB
dist/assets/yarn-shipments-DFObT5DS.js                                 10.24 kB │ gzip:   4.63 kB
dist/assets/list-DCblzoXu.js                                           10.37 kB │ gzip:   3.61 kB
dist/assets/production-return-fulfillment-yUPjnSv1.js                  10.38 kB │ gzip:   3.99 kB
dist/assets/pda-login-BLhHnRaA.js                                      10.64 kB │ gzip:   4.12 kB
dist/assets/presentation-DHF3pwNP.js                                   11.04 kB │ gzip:   4.54 kB
dist/assets/pda-exec-link-CzjLNS4e.js                                  11.31 kB │ gzip:   3.69 kB
dist/assets/material-prep-BuRPQg2b.js                                  11.39 kB │ gzip:   2.67 kB
dist/assets/dyeing-warehouse-view-JJ6Zvt-h.js                          11.49 kB │ gzip:   3.95 kB
dist/assets/pcs-engineering-preparation-projection-Da4lELeT.js         11.63 kB │ gzip:   4.32 kB
dist/assets/handover-print-BDOsx_rn.js                                 11.73 kB │ gzip:   4.55 kB
dist/assets/task-breakdown-CgbPRRCg.js                                 11.94 kB │ gzip:   4.44 kB
dist/assets/material-transfers-Dcfy8xm5.js                             12.00 kB │ gzip:   4.21 kB
dist/assets/pickup-management-runtime-C9VIp7qN.js                      12.24 kB │ gzip:   4.72 kB
dist/assets/task-execution-adapter-CLbVWCu0.js                         12.26 kB │ gzip:   3.69 kB
dist/assets/process-statistics-domain-DYK2Gx9w.js                      12.33 kB │ gzip:   4.03 kB
dist/assets/tasks-CK1i_4D7.js                                          12.53 kB │ gzip:   4.86 kB
dist/assets/meta-DVqjNARl.js                                           12.79 kB │ gzip:   2.86 kB
dist/assets/handover-records-DmW1GtpO.js                               13.15 kB │ gzip:   4.13 kB
dist/assets/cutting-runtime-event-ledger-DabKsu5d.js                   13.19 kB │ gzip:   4.54 kB
dist/assets/context-BMObU652.js                                        13.28 kB │ gzip:   4.71 kB
dist/assets/returns-RgW7Sywd.js                                        13.38 kB │ gzip:   4.98 kB
dist/assets/pda-start-link-CZsVPSnD.js                                 13.46 kB │ gzip:   4.78 kB
dist/assets/wls-inbound-D-46CuDn.js                                    13.69 kB │ gzip:   5.34 kB
dist/assets/cut-piece-return-warehouse-DBY7F83R.js                     13.76 kB │ gzip:   4.92 kB
dist/assets/wls-finished-inbound-BM8WWoG4.js                           13.96 kB │ gzip:   5.32 kB
dist/assets/supplements-DWRCIvwA.js                                    14.12 kB │ gzip:   5.16 kB
dist/assets/responsibility-transfers-CH0E7E1a.js                       14.35 kB │ gzip:   5.43 kB
dist/assets/mobile-execution-task-index-CquqYFas.js                    14.40 kB │ gzip:   3.90 kB
dist/assets/post-finishing-qc-print-template-1ovk5vSU.js               14.50 kB │ gzip:   4.47 kB
dist/assets/work-orders-Ci60yOM7.js                                    14.56 kB │ gzip:   4.96 kB
dist/assets/work-orders-kTcDC5NO.js                                    14.71 kB │ gzip:   4.77 kB
dist/assets/work-order-detail-BSr_EI25.js                              14.85 kB │ gzip:   4.77 kB
dist/assets/pcs-engineering-tech-pack-workspace-Du8cufxA.js            15.25 kB │ gzip:   5.44 kB
dist/assets/workbench-BvhZQ_wZ.js                                      15.36 kB │ gzip:   4.63 kB
dist/assets/cut-order-supplement-fixture-E_eVWpKF.js                   15.96 kB │ gzip:   4.83 kB
dist/assets/process-web-status-actions-jUMJRq5B.js                     16.00 kB │ gzip:   4.26 kB
dist/assets/reports-C7ycTxoW.js                                        16.04 kB │ gzip:   4.11 kB
dist/assets/outbound-orders-2WKx2LdU.js                                16.06 kB │ gzip:   5.21 kB
dist/assets/garment-spu-replacement-CZQr07MD.js                        16.06 kB │ gzip:   4.88 kB
dist/assets/handover-ledger-view-BktHhU_A.js                           16.19 kB │ gzip:   4.46 kB
dist/assets/full-flow-print-CvRsfQne.js                                16.21 kB │ gzip:   5.39 kB
dist/assets/machines-CTjB5TCJ.js                                       16.25 kB │ gzip:   5.41 kB
dist/assets/progress-handover-order-BtDLiHZv.js                        16.46 kB │ gzip:   4.87 kB
dist/assets/cut-order-release-integration-dbm5WEzz.js                  16.55 kB │ gzip:   5.93 kB
dist/assets/pda-cutting-task-detail-BiWZViFA.js                        16.85 kB │ gzip:   5.92 kB
dist/assets/wls-garment-relabel-tasks-D4GUbl4M.js                      16.88 kB │ gzip:   5.59 kB
dist/assets/sewing-cut-piece-return-workflow-DpFC3CGE.js               17.17 kB │ gzip:   6.06 kB
dist/assets/dispatch-acceptance-sla-Kgt_zFL3.js                        17.19 kB │ gzip:   5.15 kB
dist/assets/pda-sewing-self-return-j736IJqt.js                         17.24 kB │ gzip:   5.80 kB
dist/assets/simple-cut-piece-handover-fixtures-BEMxMxTT.js             17.27 kB │ gzip:   5.85 kB
dist/assets/progress-cutting-detail-CbjKpicI.js                        17.28 kB │ gzip:   4.32 kB
dist/assets/production-confirmation-CpzrlHoi.js                        17.39 kB │ gzip:   5.94 kB
dist/assets/marker-spreading-projection-B3VCOo85.js                    17.47 kB │ gzip:   5.52 kB
dist/assets/sewing-cut-piece-responsibility-Cg3GV6oS.js                17.58 kB │ gzip:   5.28 kB
dist/assets/pda-notify-due-soon-DiQtXqtw.js                            17.82 kB │ gzip:   6.04 kB
dist/assets/process-mobile-task-binding-BMZOxNIU.js                    18.08 kB │ gzip:   6.38 kB
dist/assets/store-domain-pda-DDs7XOBD.js                               18.17 kB │ gzip:   6.39 kB
dist/assets/events-BdelTz_l.js                                         18.21 kB │ gzip:   7.18 kB
dist/assets/purchase-demands-D7c-M_vD.js                               18.28 kB │ gzip:   5.86 kB
dist/assets/warehouse-CjMOlD0v.js                                      18.54 kB │ gzip:   5.92 kB
dist/assets/platform-process-result-view-DH-hNeu0.js                   18.56 kB │ gzip:   5.34 kB
dist/assets/sewing-outsourcing-workbench-BweBGrlC.js                   18.64 kB │ gzip:   6.45 kB
dist/assets/store-domain-statement-source-adapter-D0CeZ4qu.js          18.70 kB │ gzip:   5.37 kB
dist/assets/production-demand-early-process-work-orders-2dCeJVIg.js    18.86 kB │ gzip:   5.63 kB
dist/assets/pda-warehouse-shared-CUAoYaJI.js                           19.18 kB │ gzip:   5.78 kB
dist/assets/platform.adapter-3oTMCQv5.js                               19.25 kB │ gzip:   6.09 kB
dist/assets/kol-goto-pda-domain-Dd_q_5N8.js                            19.28 kB │ gzip:   6.56 kB
dist/assets/shared-gUHnXOlb.js                                         19.43 kB │ gzip:   5.25 kB
dist/assets/adjustments-CJFWsL56.js                                    19.50 kB │ gzip:   6.02 kB
dist/assets/pda-warehouse-inbound-records-Dur-lUwQ.js                  19.52 kB │ gzip:   5.63 kB
dist/assets/post-finishing-current-read-model-DEsgJ9Cq.js              19.76 kB │ gzip:   5.53 kB
dist/assets/stage-display-DHuC-VEC.js                                  19.76 kB │ gzip:   6.98 kB
dist/assets/factory-sample-verification-flow-MwwpM_CY.js               19.86 kB │ gzip:   4.87 kB
dist/assets/task-orders-DfSkkIzy.js                                    19.97 kB │ gzip:   6.85 kB
dist/assets/pda-warehouse-outbound-records-Ckna1Wry.js                 20.02 kB │ gzip:   5.86 kB
dist/assets/process-water-soluble-orders-C1YTRnBf.js                   20.09 kB │ gzip:   6.27 kB
dist/assets/index-b91TmsH1.js                                          20.17 kB │ gzip:   5.20 kB
dist/assets/audit-records-CzxEgqK4.js                                  20.37 kB │ gzip:   6.65 kB
dist/assets/order-list-columns-BjtY6Pvh.js                             20.64 kB │ gzip:   6.48 kB
dist/assets/overview.adapter-Cje4Zy9x.js                               20.65 kB │ gzip:   6.53 kB
dist/assets/pcs-engineering-master-list-B91GYYUG.js                    21.04 kB │ gzip:   7.17 kB
dist/assets/events-gQl0-isG.js                                         21.16 kB │ gzip:   6.55 kB
dist/assets/pcs-engineering-master-view-model-CWB7QoAU.js              21.22 kB │ gzip:   7.02 kB
dist/assets/pcs-projects-list-BeRZY6TK.js                              21.68 kB │ gzip:   6.61 kB
dist/assets/fei-ticket-numbering-CM2HJTyI.js                           21.93 kB │ gzip:   6.28 kB
dist/assets/deduction-analysis-Ch7kDmME.js                             21.96 kB │ gzip:   6.37 kB
dist/assets/pms-purchase-orders-CKhGyfkq.js                            22.07 kB │ gzip:   6.46 kB
dist/assets/work-order-detail-BZ-eTCui.js                              22.42 kB │ gzip:   7.19 kB
dist/assets/warehouse-location-map-model-DAgmkiMl.js                   22.51 kB │ gzip:   7.15 kB
dist/assets/dye-work-order-online-view-Dcbp3L9Z.js                     22.60 kB │ gzip:   7.78 kB
dist/assets/process-order-task-links-BlQNGUYG.js                       22.62 kB │ gzip:   6.12 kB
dist/assets/cut-piece-handover-LwzZjV6f.js                             22.72 kB │ gzip:   7.34 kB
dist/assets/tasks-C3RKh0gN.js                                          22.81 kB │ gzip:   7.30 kB
dist/assets/progress-statistics-linkage-DfcSTbtw.js                    22.86 kB │ gzip:   6.53 kB
dist/assets/cut-piece-returns-CUgrbeDV.js                              22.87 kB │ gzip:   7.05 kB
dist/assets/qc-workbench-CWJCfPQX.js                                   23.04 kB │ gzip:   7.17 kB
dist/assets/simple-cut-piece-handover-ui-B_x9vsSq.js                   23.08 kB │ gzip:   8.90 kB
dist/assets/recheck-orders-Bl-MtJdl.js                                 23.21 kB │ gzip:   7.35 kB
dist/assets/pda-handlers-C-ud9Stp.js                                   23.29 kB │ gzip:   5.62 kB
dist/assets/progress-cutting-overview-Cv2ZduyK.js                      23.30 kB │ gzip:   5.53 kB
dist/assets/material-issue-CNFkfhLv.js                                 23.40 kB │ gzip:   5.76 kB
dist/assets/wls-accessory-receipts-CQDhp5Uc.js                         23.43 kB │ gzip:   7.24 kB
dist/assets/production-order-duration-BNueX74U.js                      23.83 kB │ gzip:   9.10 kB
dist/assets/material-statements-Du7Fh7Kk.js                            24.05 kB │ gzip:   6.57 kB
dist/assets/quality-deduction-selectors-C-lAl6Hz.js                    24.26 kB │ gzip:   6.28 kB
dist/assets/qc-orders-CLYCpn9x.js                                      24.33 kB │ gzip:   7.61 kB
dist/assets/retired-process-history-BQE-Mge3.js                        24.75 kB │ gzip:   6.41 kB
dist/assets/dialogs-Behab9kF.js                                        24.86 kB │ gzip:   6.13 kB
dist/assets/process-print-orders-DUv2iAg7.js                           24.88 kB │ gzip:   8.24 kB
dist/assets/process-dye-orders-BUhdWGOp.js                             25.06 kB │ gzip:   8.32 kB
dist/assets/wls-fabric-demand-board-DoJ6A8ux.js                        25.09 kB │ gzip:   6.86 kB
dist/assets/fcs-production-tech-pack-snapshot-Bzk-ZS54.js              25.32 kB │ gzip:   6.46 kB
dist/assets/machine-associations-SAY5X56G.js                           25.36 kB │ gzip:   7.65 kB
dist/assets/pcs-handlers-DxZlS5dp.js                                   26.21 kB │ gzip:   6.75 kB
dist/assets/sample-approval-suggestions-BYr_K3FB.js                    26.68 kB │ gzip:   8.28 kB
dist/assets/pda-warehouse-wait-handover-C9H0stSc.js                    27.00 kB │ gzip:   6.95 kB
dist/assets/marker-spreading-utils-DThdzV5O.js                         27.03 kB │ gzip:   7.97 kB
dist/assets/warehouse-location-map-DbuMzhly.js                         27.05 kB │ gzip:   7.08 kB
dist/assets/progress-milestone-config-D-chIr8B.js                      27.36 kB │ gzip:   6.06 kB
dist/assets/pcs-pattern-library-detail-BBjF2yQa.js                     27.61 kB │ gzip:   6.56 kB
dist/assets/pcs-channel-products-DkeQqz2h.js                           27.75 kB │ gzip:   7.44 kB
dist/assets/third-party-factory-rating-DAeyz6rg.js                     27.91 kB │ gzip:   7.97 kB
dist/assets/sample-warehouse-Bx5kT6dF.js                               27.95 kB │ gzip:   7.16 kB
dist/assets/pda-wool-fact-execution-16N6gbs5.js                        28.29 kB │ gzip:   9.48 kB
dist/assets/factory-status-CbXkGCsh.js                                 28.42 kB │ gzip:   6.02 kB
dist/assets/marker-plan-source-model-BlLmg8IM.js                       28.86 kB │ gzip:   8.46 kB
dist/assets/production-order-progress-tracking-DxPrLXDP.js             28.97 kB │ gzip:   9.53 kB
dist/assets/commands-COO6ucSJ.js                                       29.01 kB │ gzip:   8.22 kB
dist/assets/pcs-engineering-master-detail-BwxOxuoz.js                  29.22 kB │ gzip:   8.61 kB
dist/assets/warehouse-DfU1YfyB.js                                      29.37 kB │ gzip:   9.90 kB
dist/assets/early-process-management-BsrJpIiU.js                       30.05 kB │ gzip:   7.55 kB
dist/assets/progress-cutting-exception-center-MtKjy6hH.js              30.37 kB │ gzip:   7.00 kB
dist/assets/effective-task-assignments-DgrHeOtY.js                     31.25 kB │ gzip:  10.42 kB
dist/assets/handover-orders-CpcQHVdG.js                                31.35 kB │ gzip:   8.84 kB
dist/assets/pcs-config-workspace-C7GFYALM.js                           31.38 kB │ gzip:   7.03 kB
dist/assets/capability-CEPfBbpC.js                                     31.68 kB │ gzip:   6.71 kB
dist/assets/factory-performance-BEkygaDt.js                            32.31 kB │ gzip:   6.74 kB
dist/assets/task-detail-1kW3swnj.js                                    32.45 kB │ gzip:   9.59 kB
dist/assets/pcs-tech-pack-bootstrap-DspXvwts.js                        32.79 kB │ gzip:   8.30 kB
dist/assets/dialogs-DTNEs0VY.js                                        32.94 kB │ gzip:   9.96 kB
dist/assets/process-warehouse-domain-Cm8p1IFm.js                       33.00 kB │ gzip:   7.52 kB
dist/assets/cut-piece-return-domain-ji21K58Q.js                        33.08 kB │ gzip:   9.73 kB
dist/assets/garment-spu-replacements-DZW14VNg.js                       33.10 kB │ gzip:   9.40 kB
dist/assets/pda-shell-CeZ4KQBz.js                                      33.18 kB │ gzip:   8.78 kB
dist/assets/pcs-pattern-library-DSQpO7s3.js                            33.67 kB │ gzip:   7.63 kB
dist/assets/store-domain-settlement-seeds-PMZLlwsk.js                  33.72 kB │ gzip:   9.01 kB
dist/assets/warehouse-runtime-BkaE_mHe.js                              33.73 kB │ gzip:   8.64 kB
dist/assets/pda-cutting-inbound-D7vHFfYt.js                            34.83 kB │ gzip:  10.60 kB
dist/assets/dispatch-acceptance-sla-ZQs5xw7a.js                        34.98 kB │ gzip:   7.90 kB
dist/assets/stage-orders-sLFYbYGv.js                                   35.08 kB │ gzip:  10.86 kB
dist/assets/pda-post-finishing-flow-CDlUqq9o.js                        35.55 kB │ gzip:   9.60 kB
dist/assets/stage-order-detail-7C8l7v8v.js                             35.78 kB │ gzip:  10.54 kB
dist/assets/work-orders-CKkTkxR8.js                                    35.82 kB │ gzip:  12.07 kB
dist/assets/pda-warehouse-stocktake-D8SRF-Ye.js                        35.85 kB │ gzip:   9.20 kB
dist/assets/work-order-detail-DqAUeaki.js                              35.86 kB │ gzip:   9.90 kB
dist/assets/pda-task-receive-detail-CMpSGiat.js                        36.51 kB │ gzip:   8.92 kB
dist/assets/pending-receipts-D0s7UIWt.js                               36.59 kB │ gzip:  11.18 kB
dist/assets/pcs-pattern-library-create-CB_fJmEz.js                     36.93 kB │ gzip:   8.63 kB
dist/assets/water-soluble-orders-DXflQDCp.js                           37.15 kB │ gzip:  11.31 kB
dist/assets/pda-cutting-transfer-bag-repack-DktKAHHX.js                37.28 kB │ gzip:  10.65 kB
dist/assets/third-party-factory-comprehensive-assessment-dyDCulJh.js   37.40 kB │ gzip:  11.03 kB
dist/assets/work-order-detail-JarGI3h4.js                              37.41 kB │ gzip:  10.23 kB
dist/assets/pcs-technical-data-CXKybYqU.js                             37.45 kB │ gzip:  10.05 kB
dist/assets/pcs-part-template-library-CVd-6onF.js                      38.06 kB │ gzip:  13.43 kB
dist/assets/cutting-statistics-ab-material-BT3XNie9.js                 38.13 kB │ gzip:   8.63 kB
dist/assets/store-domain-quality-bootstrap-CXEoJY2V.js                 38.24 kB │ gzip:   5.40 kB
dist/assets/special-processes-BrON2BG1.js                              38.51 kB │ gzip:  10.08 kB
dist/assets/pda-quality-Bn2m85_Z.js                                    38.73 kB │ gzip:  10.29 kB
dist/assets/process-craft-dict-DubILrKo.js                             39.02 kB │ gzip:   7.49 kB
dist/assets/warehouse-C0hEi1Od.js                                      39.33 kB │ gzip:  11.31 kB
dist/assets/pda-cutting-handover-DoJcJavA.js                           40.35 kB │ gzip:  11.60 kB
dist/assets/fcs-handlers-D71N7rZk.js                                   40.66 kB │ gzip:  12.11 kB
dist/assets/wait-handover-runtime-fvAjf_D5.js                          41.70 kB │ gzip:  11.42 kB
dist/assets/print-styles-BEB4dIil.js                                   41.86 kB │ gzip:   8.58 kB
dist/assets/handover-orders-CyorpBrD.js                                44.18 kB │ gzip:   8.80 kB
dist/assets/pending-receipts-B80hMtHe.js                               44.48 kB │ gzip:  15.93 kB
dist/assets/pcs-material-archives-C2FfvnlF.js                          44.53 kB │ gzip:   9.87 kB
dist/assets/warehouse-CZT292Av.js                                      44.82 kB │ gzip:  11.47 kB
dist/assets/cutting-summary-BMYPT5sj.js                                45.37 kB │ gzip:  12.05 kB
dist/assets/demand-domain-Ij8csOzG.js                                  45.90 kB │ gzip:  10.44 kB
dist/assets/batches-DrNbxsIg.js                                        47.35 kB │ gzip:  10.26 kB
dist/assets/warehouse-0EkSMyJw.js                                      47.47 kB │ gzip:  11.30 kB
dist/assets/settlement-linked-mock-factory-bI6E1XWz.js                 47.82 kB │ gzip:  14.52 kB
dist/assets/dispatch-tenders-BOJUJEcr.js                               48.15 kB │ gzip:  12.64 kB
dist/assets/dyeing-ClUilPnT.js                                         48.76 kB │ gzip:  10.79 kB
dist/assets/printing-DbIHryqt.js                                       48.77 kB │ gzip:  10.79 kB
dist/assets/other-CoGfsSjU.js                                          48.78 kB │ gzip:  10.81 kB
dist/assets/pda-task-receive-D-qx5OTF.js                               49.21 kB │ gzip:  12.24 kB
dist/assets/sewing-Bxv5EICN.js                                         49.80 kB │ gzip:  11.14 kB
dist/assets/progress-material-CEKRm_-l.js                              50.02 kB │ gzip:   9.93 kB
dist/assets/pda-cutting-execution-source-DhwCf8Sk.js                   50.36 kB │ gzip:  13.71 kB
dist/assets/pda-onboarding-Dk6ri1MJ.js                                 50.54 kB │ gzip:  10.79 kB
dist/assets/pcs-pattern-library-YXRLF2WW.js                            50.59 kB │ gzip:  14.96 kB
dist/assets/marker-plan-model-d6PraXbu.js                              51.65 kB │ gzip:  14.77 kB
dist/assets/store-domain-progress-Cctz8VRM.js                          52.98 kB │ gzip:  11.75 kB
dist/assets/lace-factory-domain-BTkNWwGS.js                            53.70 kB │ gzip:  13.35 kB
dist/assets/pcs-part-template-library-Dfw2uAEw.js                      53.79 kB │ gzip:  11.06 kB
dist/assets/pda-handover-BnAjXnQ9.js                                   54.79 kB │ gzip:  14.56 kB
dist/assets/settlement-cutting-input-D6RpHWh9.js                       54.84 kB │ gzip:  11.58 kB
dist/assets/warehouse-location-map-6lAme7OQ.js                         56.89 kB │ gzip:  16.87 kB
dist/assets/marker-plan-occupancy-CfSsyJSa.js                          57.48 kB │ gzip:  16.19 kB
dist/assets/progress-urge-BuhSWWd3.js                                  57.64 kB │ gzip:  11.95 kB
dist/assets/pda-cutting-spreading-CLywH4Ik.js                          57.88 kB │ gzip:  13.60 kB
dist/assets/domain-snapshot-DIrK-GoN.js                                59.76 kB │ gzip:  16.08 kB
dist/assets/factory-profile-DoTuIwo0.js                                61.20 kB │ gzip:  14.05 kB
dist/assets/cut-piece-release-DacwW1uA.js                              61.35 kB │ gzip:  16.37 kB
dist/assets/pda-settlement-C_8pDrcV.js                                 61.40 kB │ gzip:  14.13 kB
dist/assets/pcs-project-inline-node-record-repository-C0NK-vOz.js      61.84 kB │ gzip:  17.13 kB
dist/assets/pickup-management-list-65AxytYl.js                         62.74 kB │ gzip:  17.66 kB
dist/assets/pcs-live-testing-BBoJwh3O.js                               63.27 kB │ gzip:  16.03 kB
dist/assets/cutting-CxsCN1TP.js                                        64.11 kB │ gzip:  13.55 kB
dist/assets/progress-handover-Ci0taKHo.js                              65.17 kB │ gzip:  14.13 kB
dist/assets/pcs-video-testing-BRbFPqkc.js                              65.44 kB │ gzip:  16.46 kB
dist/assets/production-object-overview-DB0-Xlz5.js                     65.45 kB │ gzip:  15.39 kB
dist/assets/production-object-overview-CShVQRad.js                     66.01 kB │ gzip:  13.71 kB
dist/assets/output-documents-W5g7LFSo.js                               67.21 kB │ gzip:  23.11 kB
dist/assets/core-DynPFqKV.js                                           67.41 kB │ gzip:  12.49 kB
dist/assets/pcs-sample-management-1Ytmrp3J.js                          67.66 kB │ gzip:  15.42 kB
dist/assets/pda-exec-CHj0xjse.js                                       68.16 kB │ gzip:  15.79 kB
dist/assets/pcs-channel-stores-BOG-5wVj.js                             69.26 kB │ gzip:  14.31 kB
dist/assets/cutting-daily-production-report-NFZ8OUYy.js                69.39 kB │ gzip:  19.62 kB
dist/assets/sewing-dispatch-CIFmUBAq.js                                69.70 kB │ gzip:  18.15 kB
dist/assets/context-BR9HzlPo.js                                        69.73 kB │ gzip:  21.45 kB
dist/assets/progress-exceptions-O_nvZLBV.js                            71.64 kB │ gzip:  13.82 kB
dist/assets/wait-handover-actions-BS6-PP6r.js                          71.92 kB │ gzip:  18.19 kB
dist/assets/qc-records-BX5CMZmX.js                                     72.16 kB │ gzip:  16.37 kB
dist/assets/special-craft-fei-ticket-flow-aP54TmzL.js                  72.45 kB │ gzip:  16.44 kB
dist/assets/transfer-bags-Bjquqv48.js                                  74.10 kB │ gzip:  18.94 kB
dist/assets/routes-fcs-GDzR_7KN.js                                     74.68 kB │ gzip:  14.27 kB
dist/assets/factory-onboarding-Cv8NeXpR.js                             75.29 kB │ gzip:  12.71 kB
dist/assets/pda-handover-detail-Dy3ua0j1.js                            75.94 kB │ gzip:  18.71 kB
dist/assets/dialogs-ZBKKHRW2.js                                        76.10 kB │ gzip:  18.87 kB
dist/assets/orders-domain-CbbiyGE3.js                                  76.40 kB │ gzip:  16.92 kB
dist/assets/settlement-nCFGaYB1.js                                     76.49 kB │ gzip:  11.95 kB
dist/assets/pcs-independent-sampling-DCDGKn8b.js                       77.57 kB │ gzip:  19.81 kB
dist/assets/runtime-projections-C6d7bjAo.js                            78.01 kB │ gzip:  18.42 kB
dist/assets/transfer-bag-operations-OASeot3t.js                        78.14 kB │ gzip:  19.30 kB
dist/assets/process-action-writeback-service-CcpyyvWZ.js               78.21 kB │ gzip:  17.88 kB
dist/assets/production-progress-THOX03_4.js                            81.91 kB │ gzip:  20.87 kB
dist/assets/pda-warehouse-wait-process-zAq8qbxL.js                     88.65 kB │ gzip:  21.66 kB
dist/assets/production-orders-qxUYCqKY.js                              89.87 kB │ gzip:  21.08 kB
dist/assets/events-BHK5acqk.js                                         90.15 kB │ gzip:  22.25 kB
dist/assets/factory-onboarding-flow-C0WpGjZ5.js                        90.67 kB │ gzip:  23.36 kB
dist/assets/dispatch-DydQ1geo.js                                       91.33 kB │ gzip:  27.75 kB
dist/assets/production-tech-pack-change-domain-BXSykvEJ.js             91.54 kB │ gzip:  24.04 kB
dist/assets/cut-orders-DTV8DTBv.js                                     95.97 kB │ gzip:  24.92 kB
dist/assets/post-finishing-full-flow-Dp6B2w5-.js                      106.27 kB │ gzip:  27.58 kB
dist/assets/pcs-product-archives-KrF1f5TV.js                          106.88 kB │ gzip:  21.74 kB
dist/assets/dialogs-B3EDC0p7.js                                       108.94 kB │ gzip:  26.82 kB
dist/assets/transfer-bag-return-model-ClRlTI3p.js                     112.98 kB │ gzip:  26.64 kB
dist/assets/supplement-management-BHDvZ5is.js                         114.51 kB │ gzip:  30.48 kB
dist/assets/pcs-project-repository-DDPG26B7.js                        116.14 kB │ gzip:  27.79 kB
dist/assets/unified-dispatch-workbench-CYfEqKJf.js                    119.32 kB │ gzip:  33.64 kB
dist/assets/statements-Cn9XnbU5.js                                    120.90 kB │ gzip:  25.03 kB
dist/assets/special-craft-task-orders-BqgymnV_.js                     126.64 kB │ gzip:  33.54 kB
dist/assets/pcs-engineering-tasks-C9Oc6hAc.js                         128.39 kB │ gzip:  29.79 kB
dist/assets/context-DKDTc1wG.js                                       132.83 kB │ gzip:  34.36 kB
dist/assets/production-Bt8WN6jB.js                                    135.30 kB │ gzip:  27.98 kB
dist/assets/quality-deduction-repository-Ba-7wHYg.js                  136.79 kB │ gzip:  26.66 kB
dist/assets/process-domain-D83eQfS2.js                                138.63 kB │ gzip:  25.83 kB
dist/assets/generated-fei-tickets-BDACBJST.js                         143.18 kB │ gzip:  36.24 kB
dist/assets/preparation-timing-DXeZqU6E.js                            146.62 kB │ gzip:  34.66 kB
dist/assets/marker-plan-BmvLx_Pe.js                                   151.41 kB │ gzip:  35.96 kB
dist/assets/warehouse-hub-So0KIMHK.js                                 154.08 kB │ gzip:  38.52 kB
dist/assets/marker-spreading-DBGhnOsw.js                              155.38 kB │ gzip:  38.29 kB
dist/assets/pcs-project-config-workspace-adapter-CQBzwYZZ.js          174.43 kB │ gzip:  37.96 kB
dist/assets/fei-tickets-asiD5xQC.js                                   196.46 kB │ gzip:  43.82 kB
dist/assets/index--GzcKvNw.js                                         210.12 kB │ gzip:  66.49 kB
dist/assets/pcs-projects-evySPwZs.js                                  233.95 kB │ gzip:  51.07 kB
dist/assets/pda-exec-detail-Cbp_5KXA.js                               235.32 kB │ gzip:  54.80 kB
dist/assets/print-preview-BOm2w1XQ.js                                 259.16 kB │ gzip:  67.24 kB
dist/assets/process-tasks-D51bGgZ7.js                                 345.15 kB │ gzip:  97.55 kB
dist/assets/index-BKpsAkyQ.js                                         391.07 kB │ gzip: 106.60 kB
dist/assets/pcs-technical-data-version-repository-BgaYjc7o.js         560.87 kB │ gzip: 133.76 kB
dist/assets/material-ledger-BO8HzlWN.js                               826.07 kB │ gzip: 207.30 kB

(!) Some chunks are larger than 550 kB after minification. Consider:
- Using dynamic import() to code-split the application
- Use build.rollupOptions.output.manualChunks to improve chunking: https://rollupjs.org/configuration-options/#output-manualchunks
- Adjust chunk size limit for this warning via build.chunkSizeWarningLimit.
✓ built in 7.66s
