node:internal/modules/run_main:107
    triggerUncaughtException(
    ^

AssertionError [ERR_ASSERTION]: PO-KOL-CHECK-DYE 印染加工单组合错误
+ actual - expected

+ []
- [
-   'DYE'
- ]

    at <anonymous> (/private/tmp/wool-baseline/scripts/check-kol-goto-special-flow.ts:326:12)
    at ModuleJob.run (node:internal/modules/esm/module_job:569:25)
    at async node:internal/modules/esm/loader:650:26
    at async asyncRunEntryPointWithESMLoader (node:internal/modules/run_main:101:5) {
  generatedMessage: false,
  code: 'ERR_ASSERTION',
  actual: [],
  expected: [ 'DYE' ],
  operator: 'deepStrictEqual',
  diff: 'simple'
}

Node.js v26.8.2
