横机列表 429.69999998807907 FAIL
缝盘列表 213.09999999403954 FAIL
横机详情 238.19999998807907 FAIL
缝盘详情 282.19999998807907 FAIL
纱线待接收 334 FAIL
外工艺片待接收 301.19999998807907 FAIL
备料分配 462.2000000178814 FAIL
待加工仓 308.09999999403954 FAIL
待交出仓 250.09999999403954 FAIL
横机设备 244 FAIL
设备关联 235.5 FAIL
横机打印 353.2999999821186 FAIL
缝盘打印 316.69999998807907 FAIL
PDA纱线接收 263.59999999403954 FAIL
PDA回货片接收 258.2999999821186 FAIL
PDA备料分配 367.90000000596046 FAIL
PDA仓管摘要 636.1999999880791 FAIL
PDA任务队列 1603 FAIL
PDA横机交出 542.7000000178814 FAIL
PDA缝盘交出 545.4000000059605 FAIL
PDA横机执行 276.7000000178814 FAIL
PDA缝盘执行 322.09999999403954 FAIL
PDA入库记录 594.6999999880791 FAIL
PDA出库记录 630.1999999880791 FAIL
工艺片详情 465.69999998807907 FAIL
