vite v6.4.3 building for production...
transforming...
✓ 2718 modules transformed.
rendering chunks...
[plugin vite:reporter] 
(!) /private/tmp/higoods-replacement-fabric-release-20260925/src/data/app-shell-config.ts is dynamically imported by /private/tmp/higoods-replacement-fabric-release-20260925/src/router/routes.ts but also statically imported by /private/tmp/higoods-replacement-fabric-release-20260925/src/components/shell.ts, /private/tmp/higoods-replacement-fabric-release-20260925/src/state/store.ts, dynamic import will not move module into another chunk.

[plugin vite:reporter] 
(!) /private/tmp/higoods-replacement-fabric-release-20260925/src/components/production-object-floating-entry.ts is dynamically imported by /private/tmp/higoods-replacement-fabric-release-20260925/src/main.ts but also statically imported by /private/tmp/higoods-replacement-fabric-release-20260925/src/components/shell.ts, dynamic import will not move module into another chunk.

[plugin vite:reporter] 
(!) /private/tmp/higoods-replacement-fabric-release-20260925/src/data/fcs/cutting/cutting-record-identity.ts is dynamically imported by /private/tmp/higoods-replacement-fabric-release-20260925/src/data/fcs/cutting/cutting-record-repository.ts but also statically imported by /private/tmp/higoods-replacement-fabric-release-20260925/src/data/fcs/cutting/cutting-event-migration.ts, /private/tmp/higoods-replacement-fabric-release-20260925/src/data/fcs/cutting/cutting-file-maintenance.ts, /private/tmp/higoods-replacement-fabric-release-20260925/src/data/fcs/cutting/part-ticket-records.ts, /private/tmp/higoods-replacement-fabric-release-20260925/src/data/fcs/cutting/replacement-fabric-fei-tickets.ts, /private/tmp/higoods-replacement-fabric-release-20260925/src/data/fcs/cutting/replacement-fabric-repository.ts, /private/tmp/higoods-replacement-fabric-release-20260925/src/data/fcs/cutting/retired-cut-piece-pickup-history.ts, /private/tmp/higoods-replacement-fabric-release-20260925/src/data/fcs/production-context-actions.ts, /private/tmp/higoods-replacement-fabric-release-20260925/src/data/fcs/production-context-records.ts, /private/tmp/higoods-replacement-fabric-release-20260925/src/pages/pda-cutting-save.ts, /private/tmp/higoods-replacement-fabric-release-20260925/src/pages/print/replacement-fabric-preview.ts, /private/tmp/higoods-replacement-fabric-release-20260925/src/pages/process-factory/cutting/replacement-fabric-fei-tickets.ts, /private/tmp/higoods-replacement-fabric-release-20260925/src/pages/process-factory/cutting/transfer-bags/state.ts, /private/tmp/higoods-replacement-fabric-release-20260925/src/pages/process-factory/cutting/wait-handover-actions.ts, /private/tmp/higoods-replacement-fabric-release-20260925/src/pages/production-contract-print.ts, /private/tmp/higoods-replacement-fabric-release-20260925/src/pages/unified-dispatch-workbench.ts, dynamic import will not move module into another chunk.

[plugin vite:reporter] 
(!) /private/tmp/higoods-replacement-fabric-release-20260925/src/data/fcs/production-context-records.ts is dynamically imported by /private/tmp/higoods-replacement-fabric-release-20260925/src/data/fcs/cutting/cutting-record-repository.ts, /private/tmp/higoods-replacement-fabric-release-20260925/src/main.ts but also statically imported by /private/tmp/higoods-replacement-fabric-release-20260925/src/data/fcs/cutting/cutting-event-repository.ts, /private/tmp/higoods-replacement-fabric-release-20260925/src/data/fcs/cutting/part-ticket-records.ts, /private/tmp/higoods-replacement-fabric-release-20260925/src/data/fcs/cutting/replacement-fabric-repository.ts, /private/tmp/higoods-replacement-fabric-release-20260925/src/data/fcs/cutting/replacement-fabric-source.ts, /private/tmp/higoods-replacement-fabric-release-20260925/src/data/fcs/cutting/retired-cut-piece-pickup-history.ts, /private/tmp/higoods-replacement-fabric-release-20260925/src/data/fcs/effective-task-assignments.ts, /private/tmp/higoods-replacement-fabric-release-20260925/src/data/fcs/pda-handover-events.ts, /private/tmp/higoods-replacement-fabric-release-20260925/src/data/fcs/production-context-actions.ts, /private/tmp/higoods-replacement-fabric-release-20260925/src/data/fcs/production-contracts.ts, /private/tmp/higoods-replacement-fabric-release-20260925/src/data/fcs/production-order-runtime-store.ts, /private/tmp/higoods-replacement-fabric-release-20260925/src/data/fcs/production-orders.ts, /private/tmp/higoods-replacement-fabric-release-20260925/src/data/fcs/runtime-process-tasks.ts, /private/tmp/higoods-replacement-fabric-release-20260925/src/data/fcs/sewing-outsourcing-responsibility.ts, /private/tmp/higoods-replacement-fabric-release-20260925/src/data/fcs/sewing-sample-approval-suggestion.ts, /private/tmp/higoods-replacement-fabric-release-20260925/src/pages/process-factory/cutting/replacement-fabric-data-tools.ts, /private/tmp/higoods-replacement-fabric-release-20260925/src/pages/production-context-recovery.ts, dynamic import will not move module into another chunk.

[plugin vite:reporter] 
(!) /private/tmp/higoods-replacement-fabric-release-20260925/src/data/fcs/printing-task-domain.ts is dynamically imported by /private/tmp/higoods-replacement-fabric-release-20260925/src/data/fcs/dyeing-task-domain.ts, /private/tmp/higoods-replacement-fabric-release-20260925/src/data/fcs/tmf-upstream-process-orders.ts, /private/tmp/higoods-replacement-fabric-release-20260925/src/data/pms/tmf-material-purchases.ts, /private/tmp/higoods-replacement-fabric-release-20260925/src/pages/process-factory/accessory/webbing/work-order-detail.ts, /private/tmp/higoods-replacement-fabric-release-20260925/src/pages/process-factory/accessory/webbing/work-order-detail.ts but also statically imported by /private/tmp/higoods-replacement-fabric-release-20260925/src/data/fcs/cutting/material-prep.ts, /private/tmp/higoods-replacement-fabric-release-20260925/src/data/fcs/cutting/supplement-node-facts.ts, /private/tmp/higoods-replacement-fabric-release-20260925/src/data/fcs/design-revision-material-transfer.ts, /private/tmp/higoods-replacement-fabric-release-20260925/src/data/fcs/design-revision-process-work-order-adapter.ts, /private/tmp/higoods-replacement-fabric-release-20260925/src/data/fcs/factory-receiving-links.ts, /private/tmp/higoods-replacement-fabric-release-20260925/src/data/fcs/factory-receiving-source-sync.ts, /private/tmp/higoods-replacement-fabric-release-20260925/src/data/fcs/mobile-execution-task-index.ts, /private/tmp/higoods-replacement-fabric-release-20260925/src/data/fcs/pda-start-link.ts, /private/tmp/higoods-replacement-fabric-release-20260925/src/data/fcs/printing-factory-demos.ts, /private/tmp/higoods-replacement-fabric-release-20260925/src/data/fcs/printing-material-receipts.ts, /private/tmp/higoods-replacement-fabric-release-20260925/src/data/fcs/printing-statistics.ts, /private/tmp/higoods-replacement-fabric-release-20260925/src/data/fcs/printing-warehouse-view.ts, /private/tmp/higoods-replacement-fabric-release-20260925/src/data/fcs/printing-work-order-business.ts, /private/tmp/higoods-replacement-fabric-release-20260925/src/data/fcs/process-action-writeback-service.ts, /private/tmp/higoods-replacement-fabric-release-20260925/src/data/fcs/process-execution-writeback.ts, /private/tmp/higoods-replacement-fabric-release-20260925/src/data/fcs/process-mobile-task-binding.ts, /private/tmp/higoods-replacement-fabric-release-20260925/src/data/fcs/process-warehouse-linkage-service.ts, /private/tmp/higoods-replacement-fabric-release-20260925/src/data/fcs/process-web-status-actions.ts, /private/tmp/higoods-replacement-fabric-release-20260925/src/data/fcs/process-work-order-domain.ts, /private/tmp/higoods-replacement-fabric-release-20260925/src/data/fcs/process-work-order-generation-service.ts, /private/tmp/higoods-replacement-fabric-release-20260925/src/data/fcs/production-demand-early-process-work-orders.ts, /private/tmp/higoods-replacement-fabric-release-20260925/src/data/fcs/production-object-overview.ts, /private/tmp/higoods-replacement-fabric-release-20260925/src/data/fcs/production-process-work-order-service.ts, /private/tmp/higoods-replacement-fabric-release-20260925/src/data/fcs/task-print-cards.ts, /private/tmp/higoods-replacement-fabric-release-20260925/src/pages/pcs-independent-sampling.ts, /private/tmp/higoods-replacement-fabric-release-20260925/src/pages/pda-exec-detail.ts, /private/tmp/higoods-replacement-fabric-release-20260925/src/pages/pda-exec.ts, /private/tmp/higoods-replacement-fabric-release-20260925/src/pages/pda-task-receive.ts, /private/tmp/higoods-replacement-fabric-release-20260925/src/pages/print/templates/printing-work-order-template.ts, /private/tmp/higoods-replacement-fabric-release-20260925/src/pages/process-factory/cutting/production-order-overview-projection.ts, /private/tmp/higoods-replacement-fabric-release-20260925/src/pages/process-factory/dyeing/pending-receipts.ts, /private/tmp/higoods-replacement-fabric-release-20260925/src/pages/process-factory/printing/dashboards.ts, /private/tmp/higoods-replacement-fabric-release-20260925/src/pages/process-factory/printing/dialogs.ts, /private/tmp/higoods-replacement-fabric-release-20260925/src/pages/process-factory/printing/dispatch.ts, /private/tmp/higoods-replacement-fabric-release-20260925/src/pages/process-factory/printing/events.ts, /private/tmp/higoods-replacement-fabric-release-20260925/src/pages/process-factory/printing/presentation.ts, /private/tmp/higoods-replacement-fabric-release-20260925/src/pages/process-factory/printing/shared.ts, /private/tmp/higoods-replacement-fabric-release-20260925/src/pages/process-factory/printing/statistics.ts, /private/tmp/higoods-replacement-fabric-release-20260925/src/pages/process-factory/printing/work-order-detail.ts, /private/tmp/higoods-replacement-fabric-release-20260925/src/pages/process-print-orders.ts, /private/tmp/higoods-replacement-fabric-release-20260925/src/pages/process-work-orders/early-process-management.ts, /private/tmp/higoods-replacement-fabric-release-20260925/src/pages/production/demand-domain.ts, /private/tmp/higoods-replacement-fabric-release-20260925/src/runtime/fcs/cutting/pickup-management-runtime.ts, dynamic import will not move module into another chunk.

computing gzip size...
dist/index.html                                                           1.25 kB │ gzip:   0.64 kB
dist/assets/pcs-pattern-parse.worker-B3_rAVMB.js                         18.52 kB
dist/assets/source-views-23Nr_RHD.css                                    34.63 kB │ gzip:   7.04 kB
dist/assets/index-DkHkpfSK.css                                          154.85 kB │ gzip:  25.42 kB
dist/assets/store-domain-quality-bootstrap-DM7cn64G.js                    0.38 kB │ gzip:   0.25 kB
dist/assets/sample-warehouse-projection-58pTvVbW.js                       0.39 kB │ gzip:   0.26 kB
dist/assets/dialogs-B561GdFm.js                                           0.58 kB │ gzip:   0.30 kB
dist/assets/pcs-style-demo-image-GDjoPqJf.js                              0.59 kB │ gzip:   0.28 kB
dist/assets/tech-pack-DLNYVz2R.js                                         0.63 kB │ gzip:   0.34 kB
dist/assets/badge-COBHuzHI.js                                             0.78 kB │ gzip:   0.42 kB
dist/assets/images-Q79qfJD0.js                                            0.80 kB │ gzip:   0.35 kB
dist/assets/pms-export-Cr9pPFGS.js                                        0.83 kB │ gzip:   0.50 kB
dist/assets/placeholder-CeaEs8h7.js                                       0.85 kB │ gzip:   0.47 kB
dist/assets/pda-cutting-save-Y756GQIw.js                                  0.88 kB │ gzip:   0.60 kB
dist/assets/trace-BImKEKiG.js                                             0.89 kB │ gzip:   0.51 kB
dist/assets/execution-prep-projection-helpers-D2RJQDBT.js                 0.90 kB │ gzip:   0.44 kB
dist/assets/runtime-DY769RIr.js                                           0.90 kB │ gzip:   0.61 kB
dist/assets/history-CbZRvqrt.js                                           0.98 kB │ gzip:   0.63 kB
dist/assets/payment-sync-XMmPlYqD.js                                      1.01 kB │ gzip:   0.64 kB
dist/assets/print-service-CyrwQfQw.js                                     1.04 kB │ gzip:   0.52 kB
dist/assets/pda-sewing-self-return-mode-CVT5AEl1.js                       1.07 kB │ gzip:   0.54 kB
dist/assets/detail.adapter-DXRDkMYH.js                                    1.08 kB │ gzip:   0.68 kB
dist/assets/process-work-order-generation-service-zb328rZK.js             1.08 kB │ gzip:   0.66 kB
dist/assets/dyeing-material-receipts-BlS7O4pn.js                          1.11 kB │ gzip:   0.73 kB
dist/assets/pda-runtime-BKthG_J-.js                                       1.16 kB │ gzip:   0.64 kB
dist/assets/replacement-fabric-scan-0031KDnS.js                           1.28 kB │ gzip:   0.81 kB
dist/assets/overview-DGobkVS8.js                                          1.29 kB │ gzip:   0.71 kB
dist/assets/process-work-order-source-view-D6yBNzds.js                    1.31 kB │ gzip:   0.58 kB
dist/assets/transfer-bag-handover-mock-DYm3xqmR.js                        1.31 kB │ gzip:   0.71 kB
dist/assets/work-order-action-policy-BITV8wZU.js                          1.34 kB │ gzip:   0.68 kB
dist/assets/dialogs-q0cvCs_S.js                                           1.42 kB │ gzip:   0.62 kB
dist/assets/filter-bar-0sOy0Jmn.js                                        1.49 kB │ gzip:   0.81 kB
dist/assets/material-identity-Dh84yv5j.js                                 1.54 kB │ gzip:   0.85 kB
dist/assets/supplement-material-prep-demand-registry-DI-N3DvB.js          1.56 kB │ gzip:   0.75 kB
dist/assets/warehouse-shared-C1drZanC.js                                  1.57 kB │ gzip:   0.51 kB
dist/assets/pda-cutting-wait-handover-actions-DIHaTyuE.js                 1.58 kB │ gzip:   0.62 kB
dist/assets/task-handover-domain-bMhTHwR0.js                              1.58 kB │ gzip:   0.77 kB
dist/assets/task-chain-pages-adapter-Ce1B1NGn.js                          1.72 kB │ gzip:   0.85 kB
dist/assets/real-qr-DmcTMJMX.js                                           1.74 kB │ gzip:   0.93 kB
dist/assets/work-order-detail-Cw30b0M8.js                                 1.74 kB │ gzip:   0.80 kB
dist/assets/real-barcode-Dhpa5vvC.js                                      1.81 kB │ gzip:   0.96 kB
dist/assets/wool-pda-scan-Ch9TMWv_.js                                     1.81 kB │ gzip:   1.00 kB
dist/assets/tmf-upstream-receiving-BiKmDzp3.js                            1.84 kB │ gzip:   1.14 kB
dist/assets/toast-CIWgHgH2.js                                             1.87 kB │ gzip:   0.90 kB
dist/assets/mixed-transfer-bag-ticket-DETTPWFm.js                         1.89 kB │ gzip:   0.79 kB
dist/assets/kol-goto-fixed-total-ledger-B41fJyUJ.js                       1.93 kB │ gzip:   0.93 kB
dist/assets/list-export-BGy7I6J_.js                                       1.99 kB │ gzip:   1.18 kB
dist/assets/printing-sheet-preview-eEwsZwEM.js                            2.03 kB │ gzip:   1.06 kB
dist/assets/confirmation-print-DxJEnZ1N.js                                2.04 kB │ gzip:   0.94 kB
dist/assets/table-COf1ato7.js                                             2.04 kB │ gzip:   1.02 kB
dist/assets/binding-process-pda-scan-BiTyBJ9-.js                          2.18 kB │ gzip:   1.13 kB
dist/assets/cutting-file-maintenance-ClHAJwXF.js                          2.19 kB │ gzip:   1.17 kB
dist/assets/special-craft-pda-scope-Dbe9EWRQ.js                           2.24 kB │ gzip:   1.02 kB
dist/assets/task-route-card-CC37DFTP.js                                   2.30 kB │ gzip:   1.08 kB
dist/assets/mixed-bag-contents-DuWfyc-X.js                                2.33 kB │ gzip:   1.29 kB
dist/assets/production-context-recovery-C44BLzS1.js                       2.36 kB │ gzip:   1.24 kB
dist/assets/task-delivery-card-C3HCB6dn.js                                2.36 kB │ gzip:   1.16 kB
dist/assets/production-contract-print-7HZuBn-F.js                         2.42 kB │ gzip:   1.38 kB
dist/assets/helpers-BFKa6pUf.js                                           2.42 kB │ gzip:   1.21 kB
dist/assets/pda-cutting-simple-cut-piece-handover-BkgYs-2K.js             2.47 kB │ gzip:   1.24 kB
dist/assets/tmf-work-order-view-C_ffbuJc.js                               2.56 kB │ gzip:   1.18 kB
dist/assets/pms-excel-import-DnMCWv6B.js                                  2.66 kB │ gzip:   1.32 kB
dist/assets/shared-DnhHXlJ3.js                                            2.70 kB │ gzip:   1.02 kB
dist/assets/process-order-list-presentation-CNQMy0h6.js                   2.71 kB │ gzip:   1.27 kB
dist/assets/marker-plan-projection-DD7gfVYa.js                            2.77 kB │ gzip:   1.18 kB
dist/assets/post-finishing-spu-technical-parameters-BiPzwcJp.js           2.79 kB │ gzip:   1.28 kB
dist/assets/authorization-code-DJ8DM7Zv.js                                2.91 kB │ gzip:   1.43 kB
dist/assets/process-order-task-relations-B4TrQw8b.js                      2.97 kB │ gzip:   1.29 kB
dist/assets/production-order-identity-Ck-TauVM.js                         3.00 kB │ gzip:   1.24 kB
dist/assets/product-skus-CEt6Fukj.js                                      3.03 kB │ gzip:   0.96 kB
dist/assets/tabs-Da_t13Mf.js                                              3.09 kB │ gzip:   0.93 kB
dist/assets/progress-board-C-17ohC5.js                                    3.13 kB │ gzip:   1.48 kB
dist/assets/pda-cutting-runtime-action-inputs-BkmsCYZp.js                 3.15 kB │ gzip:   1.09 kB
dist/assets/trade-subjects-B1U82DIE.js                                    3.16 kB │ gzip:   1.12 kB
dist/assets/tmf-upstream-process-orders-BKcqUnGP.js                       3.38 kB │ gzip:   1.61 kB
dist/assets/cutting-mainline-BCnV9wvQ.js                                  3.41 kB │ gzip:   1.53 kB
dist/assets/binding-process-warehouse-linkage-service-CDsxSQNC.js         3.62 kB │ gzip:   1.38 kB
dist/assets/fcs-route-links-DjR0vXcZ.js                                   3.67 kB │ gzip:   1.20 kB
dist/assets/quality-chain-adapter-DNZsf4Cu.js                             3.68 kB │ gzip:   1.67 kB
dist/assets/shared-UdEhS3kf.js                                            3.73 kB │ gzip:   1.70 kB
dist/assets/shared-BHPEgk0F.js                                            3.91 kB │ gzip:   1.64 kB
dist/assets/sewing-outsourcing-demo-CL-nZt1U.js                           4.01 kB │ gzip:   1.62 kB
dist/assets/transfer-bag-repack-mock-DDbFmq12.js                          4.04 kB │ gzip:   1.87 kB
dist/assets/tipping-form-D1KRBSwS.js                                      4.07 kB │ gzip:   2.03 kB
dist/assets/wls-page-handlers-DiDsiPac.js                                 4.09 kB │ gzip:   1.39 kB
dist/assets/dashboards-Cqst3R7J.js                                        4.10 kB │ gzip:   2.02 kB
dist/assets/transit-simple-lists-XKRLxFca.js                              4.14 kB │ gzip:   1.46 kB
dist/assets/pda-wool-warehouse-flows-BYvpUfaC.js                          4.45 kB │ gzip:   2.36 kB
dist/assets/supplement-order-registry-CHnc7juB.js                         4.49 kB │ gzip:   1.76 kB
dist/assets/tmf-process-print-preview-BW0w_OlL.js                         4.58 kB │ gzip:   2.17 kB
dist/assets/preparation-material-receipt-sources-DkNsEOe-.js              4.68 kB │ gzip:   1.95 kB
dist/assets/sewing-outsourcing-responsibility-BSSxkT1m.js                 4.71 kB │ gzip:   2.05 kB
dist/assets/form-fSbLcBpH.js                                              4.74 kB │ gzip:   1.40 kB
dist/assets/runtime-task-tenders-YGz6fHpq.js                              4.76 kB │ gzip:   1.94 kB
dist/assets/layout.helpers-MxxTBleG.js                                    4.77 kB │ gzip:   1.73 kB
dist/assets/relations-yn9oMhP0.js                                         4.77 kB │ gzip:   2.17 kB
dist/assets/transit-dashboard-DTl5Y7Hw.js                                 4.85 kB │ gzip:   2.04 kB
dist/assets/result-list-CUsJkZBq.js                                       4.94 kB │ gzip:   2.06 kB
dist/assets/routes-pda-DuJotj06.js                                        4.98 kB │ gzip:   1.89 kB
dist/assets/routes-pcs-CjWbrJgD.js                                        4.99 kB │ gzip:   1.44 kB
dist/assets/store-domain-dispatch-process-NkuF45_D.js                     5.01 kB │ gzip:   1.95 kB
dist/assets/cutting-event-migration-BDtapkjI.js                           5.02 kB │ gzip:   2.03 kB
dist/assets/process-order-list-controller-CToQMEVX.js                     5.07 kB │ gzip:   1.91 kB
dist/assets/process-work-order-quality-settlement-BUl7CFYh.js             5.33 kB │ gzip:   2.20 kB
dist/assets/dispatch-task-sheet-meyVOCaO.js                               5.54 kB │ gzip:   2.64 kB
dist/assets/retired-cut-piece-pickup-history-BfAuFiCz.js                  5.65 kB │ gzip:   2.28 kB
dist/assets/process-order-three-axis-view-BTLLXG62.js                     5.76 kB │ gzip:   2.32 kB
dist/assets/production-contract-center-DJXR41df.js                        5.81 kB │ gzip:   2.50 kB
dist/assets/transfer-bags-projection-5HUqcB0Q.js                          5.91 kB │ gzip:   2.33 kB
dist/assets/pda-cutting-nav-context-BI2SkWgH.js                           5.95 kB │ gzip:   1.40 kB
dist/assets/pda-transfer-bag-detail-DVnKafNF.js                           6.15 kB │ gzip:   2.26 kB
dist/assets/fcs-pda-pickup-dispute-_z5E-8LZ.js                            6.19 kB │ gzip:   2.19 kB
dist/assets/material-handover-B2yenTVH.js                                 6.25 kB │ gzip:   2.44 kB
dist/assets/fact-view-CwpsRUCH.js                                         6.29 kB │ gzip:   2.08 kB
dist/assets/warehouse-standard-CAzbXR9i.js                                6.30 kB │ gzip:   2.10 kB
dist/assets/statistics-CdSS7ynG.js                                        6.39 kB │ gzip:   1.93 kB
dist/assets/craft-actions-B1llvp-w.js                                     6.42 kB │ gzip:   2.91 kB
dist/assets/pcs-project-technical-data-writeback-C1LF3ACt.js              6.49 kB │ gzip:   2.52 kB
dist/assets/production-context-actions-CHT98DLc.js                        6.55 kB │ gzip:   2.68 kB
dist/assets/pcs-technical-data-tech-pack-list-R48se7yY.js                 6.55 kB │ gzip:   2.50 kB
dist/assets/factory-receiving-links-j8ebH9Ga.js                           6.57 kB │ gzip:   2.64 kB
dist/assets/pda-notify-puh51Re4.js                                        6.57 kB │ gzip:   2.41 kB
dist/assets/workbench-BsbcQCIv.js                                         6.59 kB │ gzip:   2.67 kB
dist/assets/sewing-outsourcing-supplement-tracking-Du_jE4s0.js            6.63 kB │ gzip:   2.89 kB
dist/assets/shared-CdK6De4p.js                                            6.82 kB │ gzip:   2.52 kB
dist/assets/production-contract-master-template-C5MDZhUu.js               6.85 kB │ gzip:   2.74 kB
dist/assets/pcs-testing-order-create-Ya2OolOu.js                          6.89 kB │ gzip:   2.66 kB
dist/assets/dye-work-order-times-w7U4XCtx.js                              7.22 kB │ gzip:   2.55 kB
dist/assets/shared-uswlYDls.js                                            7.26 kB │ gzip:   2.55 kB
dist/assets/pda-cutting-execution-unit-BQM1FtCf.js                        7.29 kB │ gzip:   2.75 kB
dist/assets/overview.helpers-BP2F5Yu8.js                                  7.36 kB │ gzip:   2.88 kB
dist/assets/replacement-fabric-preview-BYECseO4.js                        7.42 kB │ gzip:   3.41 kB
dist/assets/settlement-flow-boundaries-DbkSNas3.js                        7.43 kB │ gzip:   2.53 kB
dist/assets/pda-notify-detail-DFlUHz-5.js                                 7.46 kB │ gzip:   2.37 kB
dist/assets/pda-cutting-fei-ticket-numbering-CmKkW_MD.js                  7.48 kB │ gzip:   2.49 kB
dist/assets/transit-warehouse-CGN4xIMS.js                                 7.54 kB │ gzip:   2.13 kB
dist/assets/production-craft-dict-Xs7RSLrO.js                             7.55 kB │ gzip:   2.85 kB
dist/assets/pda-warehouse-B5sOqLJG.js                                     7.56 kB │ gzip:   3.02 kB
dist/assets/pcs-product-information-9iyr6kA0.js                           7.58 kB │ gzip:   3.32 kB
dist/assets/sewing-outsourcing-return-tracking-CBGi5Zkt.js                7.61 kB │ gzip:   2.86 kB
dist/assets/workbench-Kcc9ObkC.js                                         7.69 kB │ gzip:   3.16 kB
dist/assets/supplement-node-facts-2ZigoTzA.js                             7.77 kB │ gzip:   2.85 kB
dist/assets/pcs-material-archive-detail-ShRJtgpx.js                       7.80 kB │ gzip:   2.75 kB
dist/assets/pcs-testing-order-list-DxSRApCv.js                            7.92 kB │ gzip:   3.06 kB
dist/assets/tmf-process-sheet-template-DFGtfp2u.js                        7.98 kB │ gzip:   3.80 kB
dist/assets/production-contracts-D3-oqFir.js                              8.03 kB │ gzip:   2.74 kB
dist/assets/progress-exception-lifecycle-BJx0gSBY.js                      8.09 kB │ gzip:   2.70 kB
dist/assets/pda-cutting-transfer-bag-recovery-Bp5sbcmM.js                 8.13 kB │ gzip:   3.39 kB
dist/assets/routes-pms-Db_XSEas.js                                        8.30 kB │ gzip:   2.11 kB
dist/assets/milestone-configs-B3Qjwn3N.js                                 8.42 kB │ gzip:   2.95 kB
dist/assets/statistics-ONpnMqNF.js                                        8.42 kB │ gzip:   3.66 kB
dist/assets/bom-templates-Br7_yp-y.js                                     8.47 kB │ gzip:   1.81 kB
dist/assets/pda-cutting-transfer-bag-scrap-WoGOcTtP.js                    8.51 kB │ gzip:   3.52 kB
dist/assets/pre-settlement-ledger-repository-CbSVw-_9.js                  8.64 kB │ gzip:   2.96 kB
dist/assets/pcs-pattern-library-config-BdLM8n5M.js                        8.77 kB │ gzip:   2.39 kB
dist/assets/fei-ticket-numbering-rGy9Gajj.js                              8.82 kB │ gzip:   3.08 kB
dist/assets/bom-templates-DYJkxs1U.js                                     8.84 kB │ gzip:   3.68 kB
dist/assets/navigation-context-VYswFdnR.js                                8.87 kB │ gzip:   2.46 kB
dist/assets/warehouses-DXIIcLc2.js                                        8.88 kB │ gzip:   2.11 kB
dist/assets/pda-cutting-shared-BWnlh63P.js                                8.90 kB │ gzip:   2.74 kB
dist/assets/yarn-shipments-Dxo2yXxd.js                                    8.96 kB │ gzip:   4.06 kB
dist/assets/cutting-event-repository-ByTwxAPa.js                          9.03 kB │ gzip:   3.99 kB
dist/assets/list-CGfDPjKA.js                                              9.08 kB │ gzip:   3.04 kB
dist/assets/pda-execution-B98CuGTA.js                                     9.28 kB │ gzip:   3.68 kB
dist/assets/handover-records-Cc534ULC.js                                  9.35 kB │ gzip:   3.56 kB
dist/assets/pda-login-zw0IRj97.js                                         9.48 kB │ gzip:   3.66 kB
dist/assets/dye-work-order-online-domain-jVumsh_4.js                      9.53 kB │ gzip:   3.55 kB
dist/assets/sewing-pickup-slips-N7N7YRGV.js                               9.56 kB │ gzip:   3.59 kB
dist/assets/production-receipts-Y8bE-Zf_.js                               9.77 kB │ gzip:   3.93 kB
dist/assets/pending-receipts-CFtADgkq.js                                  9.91 kB │ gzip:   4.10 kB
dist/assets/continuous-stock-ErWmMVHg.js                                 10.10 kB │ gzip:   4.12 kB
dist/assets/purchase-suggestions-Duv_PHLl.js                             10.15 kB │ gzip:   3.10 kB
dist/assets/trade-subjects-C1JjtSzy.js                                   10.23 kB │ gzip:   3.72 kB
dist/assets/production-return-fulfillment-DsR_w5TC.js                    10.44 kB │ gzip:   3.97 kB
dist/assets/settings-CatzwYqf.js                                         10.69 kB │ gzip:   3.23 kB
dist/assets/product-skus-QQ3Ns9O9.js                                     10.71 kB │ gzip:   4.13 kB
dist/assets/pms-handlers-Dizunul5.js                                     10.76 kB │ gzip:   2.39 kB
dist/assets/transit-receipts-DICrorrH.js                                 10.96 kB │ gzip:   4.01 kB
dist/assets/task-breakdown-Cel67Hho.js                                   11.05 kB │ gzip:   4.07 kB
dist/assets/presentation-BQW1brL8.js                                     11.17 kB │ gzip:   4.59 kB
dist/assets/material-transfers-CdEZNtCb.js                               11.32 kB │ gzip:   3.93 kB
dist/assets/pda-exec-link-qhU-A6F2.js                                    11.32 kB │ gzip:   3.69 kB
dist/assets/tasks-DeMDxk6I.js                                            11.34 kB │ gzip:   4.36 kB
dist/assets/material-prep-D5Bo3YPw.js                                    11.40 kB │ gzip:   2.68 kB
dist/assets/dyeing-warehouse-view-C57o3oIp.js                            11.46 kB │ gzip:   3.93 kB
dist/assets/warehouses-Cp0vqrCr.js                                       11.71 kB │ gzip:   4.22 kB
dist/assets/process-statistics-domain-BcHhTcmH.js                        12.19 kB │ gzip:   3.98 kB
dist/assets/pickup-management-runtime-vBNEzlXZ.js                        12.20 kB │ gzip:   4.71 kB
dist/assets/task-execution-adapter-Cy9dDAaJ.js                           12.22 kB │ gzip:   3.67 kB
dist/assets/bom-detail-3nOJTYXQ.js                                       12.33 kB │ gzip:   4.32 kB
dist/assets/wls-inbound-BQBOdle3.js                                      12.37 kB │ gzip:   4.76 kB
dist/assets/returns-CN9bfZxp.js                                          12.44 kB │ gzip:   4.60 kB
dist/assets/handover-print-_tDuveUt.js                                   12.46 kB │ gzip:   4.50 kB
dist/assets/cut-piece-return-warehouse-obkuK6hY.js                       12.52 kB │ gzip:   4.39 kB
dist/assets/pcs-handlers-E7YVfY4v.js                                     12.69 kB │ gzip:   2.89 kB
dist/assets/context-CZSMi8UO.js                                          13.01 kB │ gzip:   4.59 kB
dist/assets/handover-records-D8Za5hmU.js                                 13.15 kB │ gzip:   4.14 kB
dist/assets/meta-CFicbCVl.js                                             13.16 kB │ gzip:   2.95 kB
dist/assets/tmf-base-demo-DKu1v7ct.js                                    13.17 kB │ gzip:   4.74 kB
dist/assets/supplements-DqDcYCGI.js                                      13.18 kB │ gzip:   4.76 kB
dist/assets/wls-finished-inbound-BldKDy4b.js                             13.21 kB │ gzip:   5.02 kB
dist/assets/design-revision-process-work-order-adapter-_yoQOj27.js       13.27 kB │ gzip:   3.84 kB
dist/assets/pda-start-link-CbWrbP4Z.js                                   13.37 kB │ gzip:   4.73 kB
dist/assets/responsibility-transfers-CBDJjlcM.js                         13.41 kB │ gzip:   5.04 kB
dist/assets/work-orders-D12jrCMY.js                                      13.88 kB │ gzip:   4.69 kB
dist/assets/work-orders-Cp6dUOYy.js                                      13.99 kB │ gzip:   5.19 kB
dist/assets/workbench-CEd1FpNN.js                                        14.07 kB │ gzip:   4.07 kB
dist/assets/work-order-detail-BCN-OET_.js                                14.17 kB │ gzip:   4.49 kB
dist/assets/mobile-execution-task-index-C40DUZL8.js                      14.21 kB │ gzip:   3.78 kB
dist/assets/post-finishing-qc-print-template-qL-BM2Gl.js                 14.45 kB │ gzip:   4.45 kB
dist/assets/printing-sheet-template-0UMHZyxJ.js                          14.51 kB │ gzip:   5.01 kB
dist/assets/work-orders-9Ey-RhUm.js                                      14.72 kB │ gzip:   4.77 kB
dist/assets/reports-Dy0TjtUi.js                                          14.83 kB │ gzip:   3.57 kB
dist/assets/full-flow-print-CWX4YGFE.js                                  14.93 kB │ gzip:   4.85 kB
dist/assets/progress-handover-order-BWnyybrP.js                          15.10 kB │ gzip:   4.32 kB
dist/assets/cut-order-release-integration-BrngoM5F.js                    15.34 kB │ gzip:   5.45 kB
dist/assets/outbound-orders-DPMHZgrv.js                                  15.38 kB │ gzip:   4.94 kB
dist/assets/machines-C1p7zHhG.js                                         15.39 kB │ gzip:   5.04 kB
dist/assets/replacement-fabric-repository-DmsGplnA.js                    15.45 kB │ gzip:   5.89 kB
dist/assets/pda-cutting-task-detail-DCKwb3By.js                          15.58 kB │ gzip:   5.43 kB
dist/assets/pcs-engineering-tech-pack-workspace-CMOs5zS4.js              15.82 kB │ gzip:   5.66 kB
dist/assets/process-web-status-actions-BbLKzOKH.js                       15.97 kB │ gzip:   4.24 kB
dist/assets/simple-cut-piece-handover-fixtures-DcdqmB5m.js               15.97 kB │ gzip:   5.31 kB
dist/assets/cut-order-supplement-fixture-4ba7r7kG.js                     15.97 kB │ gzip:   4.83 kB
dist/assets/pda-sewing-self-return-CIcJ-oyM.js                           16.03 kB │ gzip:   5.29 kB
dist/assets/progress-cutting-detail-DZ7CYLAj.js                          16.07 kB │ gzip:   3.80 kB
dist/assets/handover-ledger-view-CXu8ABlN.js                             16.17 kB │ gzip:   4.44 kB
dist/assets/wls-garment-relabel-tasks-CzHjp7NE.js                        16.24 kB │ gzip:   5.33 kB
dist/assets/garment-spu-replacement-B6IMLp6w.js                          16.36 kB │ gzip:   5.01 kB
dist/assets/pda-notify-due-soon-C7ZLNZ8W.js                              16.58 kB │ gzip:   5.55 kB
dist/assets/suppliers-CF8Vrskm.js                                        16.77 kB │ gzip:   4.64 kB
dist/assets/material-requirements-CZCFaui6.js                            16.81 kB │ gzip:   5.69 kB
dist/assets/part-ticket-records-CUbdx7zp.js                              16.84 kB │ gzip:   6.32 kB
dist/assets/events-2MIzfT5Z.js                                           17.01 kB │ gzip:   6.67 kB
dist/assets/sewing-cut-piece-return-workflow-DtsaywHy.js                 17.21 kB │ gzip:   6.09 kB
dist/assets/production-confirmation-B6zZms_t.js                          17.25 kB │ gzip:   5.89 kB
dist/assets/warehouse-YFE_0DE4.js                                        17.46 kB │ gzip:   5.43 kB
dist/assets/marker-spreading-projection-Kjts-CLq.js                      17.48 kB │ gzip:   5.53 kB
dist/assets/output-stock-mRFEk2FJ.js                                     17.52 kB │ gzip:   6.60 kB
dist/assets/sewing-cut-piece-responsibility-4ALoLxxr.js                  17.58 kB │ gzip:   5.28 kB
dist/assets/bom-detail-B1ts6pLw.js                                       17.76 kB │ gzip:   5.73 kB
dist/assets/process-mobile-task-binding-ALykAZBd.js                      17.79 kB │ gzip:   6.19 kB
dist/assets/pcs-testing-order-detail-9-krIf8T.js                         18.17 kB │ gzip:   5.12 kB
dist/assets/adjustments-CyZdv05l.js                                      18.19 kB │ gzip:   5.50 kB
dist/assets/pda-warehouse-inbound-records-BfhAjvGT.js                    18.23 kB │ gzip:   5.13 kB
dist/assets/purchase-demands-Gs6bxec_.js                                 18.29 kB │ gzip:   5.86 kB
dist/assets/platform-process-result-view-IlCYxFs8.js                     18.53 kB │ gzip:   5.32 kB
dist/assets/store-domain-statement-source-adapter-BnWp4jUX.js            18.56 kB │ gzip:   5.31 kB
dist/assets/sewing-outsourcing-workbench-DFOSpAyi.js                     18.67 kB │ gzip:   6.48 kB
dist/assets/pda-warehouse-outbound-records-C16CfIIC.js                   18.74 kB │ gzip:   5.35 kB
dist/assets/pda-warehouse-shared-Bya28oDO.js                             18.74 kB │ gzip:   5.59 kB
dist/assets/task-orders-D0enR9Q6.js                                      18.77 kB │ gzip:   6.34 kB
dist/assets/print-preview-utt7z5-5.js                                    18.81 kB │ gzip:   6.80 kB
dist/assets/process-water-soluble-orders-B3s63b-K.js                     18.84 kB │ gzip:   5.74 kB
dist/assets/pda-handlers-DFaH6YFH.js                                     18.93 kB │ gzip:   5.06 kB
dist/assets/materials-BA_owAdW.js                                        18.93 kB │ gzip:   4.79 kB
dist/assets/production-demand-early-process-work-orders-DeqmKKO3.js      18.93 kB │ gzip:   5.65 kB
dist/assets/kol-goto-pda-domain-DxyujvNq.js                              19.20 kB │ gzip:   6.54 kB
dist/assets/platform.adapter-Who6EBcA.js                                 19.25 kB │ gzip:   6.09 kB
dist/assets/shared-kY2EyDg_.js                                           19.47 kB │ gzip:   5.27 kB
dist/assets/product-purchase-orders-Cg5SKldL.js                          19.50 kB │ gzip:   5.76 kB
dist/assets/stage-display-Dw_EVQLg.js                                    19.66 kB │ gzip:   6.94 kB
dist/assets/audit-records-tlDW1UtR.js                                    19.69 kB │ gzip:   6.37 kB
dist/assets/units-CJG5zLsK.js                                            19.70 kB │ gzip:   5.89 kB
dist/assets/factory-sample-verification-flow-mYAr_o3i.js                 19.86 kB │ gzip:   4.87 kB
dist/assets/index-D1UgDqpf.js                                            20.17 kB │ gzip:   5.20 kB
dist/assets/material-purchase-tracking-BcnAkU0Z.js                       20.29 kB │ gzip:   6.35 kB
dist/assets/deduction-analysis-HOuByPKK.js                               20.64 kB │ gzip:   5.85 kB
dist/assets/overview.adapter-D7fTB5M9.js                                 20.65 kB │ gzip:   6.53 kB
dist/assets/fei-ticket-numbering-o5Og7g0f.js                             20.69 kB │ gzip:   5.71 kB
dist/assets/events-DA_kzJKH.js                                           21.11 kB │ gzip:   6.53 kB
dist/assets/order-list-columns-BqP6cRyG.js                               21.12 kB │ gzip:   6.60 kB
dist/assets/work-order-detail-BRZXOL_d.js                                21.22 kB │ gzip:   6.69 kB
dist/assets/suppliers-tXQZvZnN.js                                        21.39 kB │ gzip:   6.82 kB
dist/assets/cut-piece-returns-bu4QL2sJ.js                                21.63 kB │ gzip:   6.51 kB
dist/assets/cut-piece-handover-DRxK26HB.js                               21.79 kB │ gzip:   6.95 kB
dist/assets/tmf-domain-shared-fL8UUXJ2.js                                21.88 kB │ gzip:   8.26 kB
dist/assets/replacement-fabric-fei-tickets-Dllt-M-R.js                   22.04 kB │ gzip:   8.37 kB
dist/assets/material-issue-rg_XgqZS.js                                   22.07 kB │ gzip:   5.19 kB
dist/assets/tasks-C8iK2lbv.js                                            22.07 kB │ gzip:   6.99 kB
dist/assets/pms-purchase-orders-NwYbQov6.js                              22.07 kB │ gzip:   6.46 kB
dist/assets/progress-cutting-overview-DUn92V06.js                        22.10 kB │ gzip:   5.03 kB
dist/assets/routes-wls-B1itgcnc.js                                       22.24 kB │ gzip:   7.22 kB
dist/assets/qc-workbench-CAGyaFrl.js                                     22.36 kB │ gzip:   6.91 kB
dist/assets/warehouse-location-map-model-Deh9a8WE.js                     22.52 kB │ gzip:   7.15 kB
dist/assets/recheck-orders-DbuL7gKi.js                                   22.54 kB │ gzip:   7.08 kB
dist/assets/subject-operations-C0Jpmn1e.js                               22.58 kB │ gzip:   7.01 kB
dist/assets/production-order-duration-CIcOmoM8.js                        22.58 kB │ gzip:   8.59 kB
dist/assets/material-statements-By9BmYde.js                              22.75 kB │ gzip:   6.01 kB
dist/assets/progress-statistics-linkage-DauR7FBF.js                      22.82 kB │ gzip:   6.52 kB
dist/assets/purchase-suggestions-B6vFMf3I.js                             23.22 kB │ gzip:   7.25 kB
dist/assets/pcs-engineering-master-view-model-BqpTSJGQ.js                23.32 kB │ gzip:   7.74 kB
dist/assets/process-order-task-links-B19V_bwn.js                         23.57 kB │ gzip:   6.44 kB
dist/assets/process-print-orders-u48nquQ5.js                             23.72 kB │ gzip:   7.77 kB
dist/assets/dye-work-order-online-view-LSXFeOoy.js                       23.86 kB │ gzip:   8.10 kB
dist/assets/process-dye-orders-CPTITITw.js                               23.89 kB │ gzip:   7.84 kB
dist/assets/material-purchase-orders-S-4GD6Ko.js                         24.20 kB │ gzip:   7.63 kB
dist/assets/qc-orders-Ck7c-ZG7.js                                        24.30 kB │ gzip:   7.60 kB
dist/assets/machine-associations-BLX_kPks.js                             24.50 kB │ gzip:   7.28 kB
dist/assets/fcs-production-tech-pack-snapshot-3cE1jgNb.js                24.62 kB │ gzip:   6.18 kB
dist/assets/retired-process-history-DpQaoYiS.js                          24.79 kB │ gzip:   6.43 kB
dist/assets/dialogs-BHI98Cro.js                                          24.87 kB │ gzip:   6.15 kB
dist/assets/wls-fabric-demand-board-CSD06i_T.js                          25.09 kB │ gzip:   6.87 kB
dist/assets/material-preparation-D9T8Pu6r.js                             25.13 kB │ gzip:   8.76 kB
dist/assets/kol-demands-DlyRMwyZ.js                                      25.30 kB │ gzip:   7.35 kB
dist/assets/supplier-supply-archives-pdhQzohJ.js                         25.59 kB │ gzip:   7.43 kB
dist/assets/pda-warehouse-wait-handover-XgAXmW_A.js                      25.69 kB │ gzip:   6.41 kB
dist/assets/progress-milestone-config-DuBWfqwe.js                        26.47 kB │ gzip:   5.66 kB
dist/assets/sample-approval-suggestions-CsGmGmfW.js                      26.65 kB │ gzip:   8.18 kB
dist/assets/simple-cut-piece-handover-ui-DLGUvX75.js                     26.70 kB │ gzip:   9.99 kB
dist/assets/marker-spreading-utils-C6kBznI3.js                           26.72 kB │ gzip:   7.82 kB
dist/assets/pcs-channel-products-BEDBxYjC.js                             26.73 kB │ gzip:   7.18 kB
dist/assets/sample-warehouse-CUkApdIQ.js                                 26.76 kB │ gzip:   6.67 kB
dist/assets/warehouse-location-map-BYVjK5bU.js                           27.06 kB │ gzip:   7.08 kB
dist/assets/third-party-factory-rating-CN39TRu3.js                       27.07 kB │ gzip:   7.59 kB
dist/assets/pcs-pattern-library-detail-BFJm1U7e.js                       27.62 kB │ gzip:   6.58 kB
dist/assets/pda-wool-fact-execution-DbFeYeo0.js                          27.84 kB │ gzip:   9.27 kB
dist/assets/warehouse-Bs9efTwF.js                                        28.13 kB │ gzip:   9.35 kB
dist/assets/pcs-engineering-master-list-v9LeO3fH.js                      28.21 kB │ gzip:   9.83 kB
dist/assets/print-styles-BjQBw8jj.js                                     28.31 kB │ gzip:   4.01 kB
dist/assets/factory-status-DpTkrF0X.js                                   28.43 kB │ gzip:   6.03 kB
dist/assets/pcs-engineering-master-detail-BtYUop-X.js                    28.55 kB │ gzip:   8.38 kB
dist/assets/marker-plan-source-model-Dt_Sr95q.js                         28.92 kB │ gzip:   8.48 kB
dist/assets/logistics-reconciliations-3yI6OaSQ.js                        28.93 kB │ gzip:   8.90 kB
dist/assets/progress-cutting-exception-center-DJ3oqKE_.js                29.17 kB │ gzip:   6.49 kB
dist/assets/material-reconciliations-CZWn2yNy.js                         29.38 kB │ gzip:   8.91 kB
dist/assets/production-order-progress-tracking-B7WqW0Ha.js               29.71 kB │ gzip:   9.93 kB
dist/assets/early-process-management-ZcdyFoGG.js                         30.06 kB │ gzip:   7.56 kB
dist/assets/handover-orders-DpEY5kTD.js                                  30.73 kB │ gzip:   8.48 kB
dist/assets/pcs-config-workspace-D9BSpVwO.js                             30.79 kB │ gzip:   6.80 kB
dist/assets/capability-D0nznup0.js                                       31.65 kB │ gzip:   6.70 kB
dist/assets/material-archives-BwpnRFVA.js                                31.91 kB │ gzip:   7.92 kB
dist/assets/factory-performance-CvyYhsJU.js                              32.31 kB │ gzip:   6.75 kB
dist/assets/garment-spu-replacements-CiPBLJq8.js                         32.35 kB │ gzip:   9.09 kB
dist/assets/task-detail-BoXYL3Ba.js                                      32.46 kB │ gzip:   9.60 kB
dist/assets/dialogs-oRPFzs6q.js                                          32.55 kB │ gzip:   9.79 kB
dist/assets/pda-shell-CrDYCu4O.js                                        32.95 kB │ gzip:   8.70 kB
dist/assets/process-warehouse-domain-D0x4p5JE.js                         33.16 kB │ gzip:   7.56 kB
dist/assets/cut-piece-return-domain-CUkzXWkY.js                          33.38 kB │ gzip:   9.91 kB
dist/assets/store-domain-settlement-seeds-wCzhmhov.js                    33.63 kB │ gzip:   8.98 kB
dist/assets/pcs-pattern-library-BMJWaupO.js                              33.68 kB │ gzip:   7.65 kB
dist/assets/warehouse-runtime-CxeM2cx0.js                                33.76 kB │ gzip:   8.65 kB
dist/assets/payment-requests-DNNpWWgH.js                                 34.01 kB │ gzip:   8.93 kB
dist/assets/stage-orders-ooobLEZ9.js                                     34.18 kB │ gzip:  10.46 kB
dist/assets/stage-order-detail-BeE49QMB.js                               34.53 kB │ gzip:  10.00 kB
dist/assets/pda-warehouse-stocktake-DOeV4ODL.js                          34.54 kB │ gzip:   8.67 kB
dist/assets/first-leg-logistics-DZjAhFpV.js                              34.57 kB │ gzip:   9.04 kB
dist/assets/pda-cutting-inbound-BhQd60mU.js                              34.64 kB │ gzip:  10.50 kB
dist/assets/work-order-detail-DHlEaqtW.js                                34.65 kB │ gzip:   9.42 kB
dist/assets/pda-post-finishing-flow-BZb-rDhh.js                          34.83 kB │ gzip:   9.29 kB
dist/assets/pda-cutting-handover-CfjXKX2d.js                             34.86 kB │ gzip:  10.63 kB
dist/assets/dispatch-acceptance-sla-DhIioUiO.js                          34.95 kB │ gzip:   7.90 kB
dist/assets/work-orders-MZsz-qpG.js                                      34.96 kB │ gzip:  11.73 kB
dist/assets/pending-receipts-D9nWBTye.js                                 35.31 kB │ gzip:  10.63 kB
dist/assets/pda-task-receive-detail-D4JUGKnY.js                          35.77 kB │ gzip:   8.64 kB
dist/assets/water-soluble-orders-eFJ578J8.js                             35.89 kB │ gzip:  10.78 kB
dist/assets/manual-fei-tickets-RiVQ5gph.js                               35.97 kB │ gzip:  11.28 kB
dist/assets/work-order-detail-BYe3LFCs.js                                36.12 kB │ gzip:   9.66 kB
dist/assets/pcs-technical-data-BvsSRnJf.js                               36.88 kB │ gzip:   9.86 kB
dist/assets/pcs-pattern-library-create-ZY7lmxvf.js                       36.93 kB │ gzip:   8.64 kB
dist/assets/special-processes-CwHRKuK2.js                                37.28 kB │ gzip:   9.54 kB
dist/assets/first-leg-carriers-JckFqN78.js                               37.45 kB │ gzip:   9.93 kB
dist/assets/pda-cutting-transfer-bag-repack-CscWZU2C.js                  37.47 kB │ gzip:  10.65 kB
dist/assets/third-party-factory-comprehensive-assessment-DMT52Pfs.js     37.47 kB │ gzip:  11.06 kB
dist/assets/pda-quality-Dp-BGShg.js                                      37.48 kB │ gzip:   9.80 kB
dist/assets/product-purchase-orders-D8y75Ufl.js                          37.57 kB │ gzip:   9.20 kB
dist/assets/wait-handover-runtime-BBCIG2uB.js                            37.84 kB │ gzip:  10.62 kB
dist/assets/cutting-statistics-ab-material-2UcuonZa.js                   38.13 kB │ gzip:   8.64 kB
dist/assets/payment-requests-DA22Hwi3.js                                 38.21 kB │ gzip:   9.98 kB
dist/assets/warehouse-B4LnHFPb.js                                        38.57 kB │ gzip:  10.93 kB
dist/assets/material-purchase-orders-BsxERgRL.js                         39.01 kB │ gzip:  11.72 kB
dist/assets/semi-finished-orders-iiQHjKQm.js                             39.06 kB │ gzip:  11.85 kB
dist/assets/fcs-handlers-uVvGG5kj.js                                     39.80 kB │ gzip:  11.99 kB
dist/assets/first-leg-shipments-D7bTr3a_.js                              39.89 kB │ gzip:   9.89 kB
dist/assets/pending-receipts-BDm3tgI8.js                                 41.04 kB │ gzip:  14.88 kB
dist/assets/warehouse-CyTNIlwe.js                                        44.15 kB │ gzip:  11.20 kB
dist/assets/cutting-summary-D0YgRs7a.js                                  44.17 kB │ gzip:  11.56 kB
dist/assets/demand-domain-DWdJBMeW.js                                    45.63 kB │ gzip:  10.30 kB
dist/assets/warehouse-BNTXFUCe.js                                        46.26 kB │ gzip:  10.78 kB
dist/assets/batches-Cw6KF3XD.js                                          46.45 kB │ gzip:   9.87 kB
dist/assets/engineering-file-upload-DHhVjlE6.js                          46.76 kB │ gzip:  14.45 kB
dist/assets/dyeing-CtGgMHK-.js                                           47.49 kB │ gzip:  10.20 kB
dist/assets/printing-VhzX-5KH.js                                         47.49 kB │ gzip:  10.20 kB
dist/assets/other-iFMvOlHq.js                                            47.50 kB │ gzip:  10.22 kB
dist/assets/settlement-linked-mock-factory-IkCQDGS8.js                   47.63 kB │ gzip:  14.44 kB
dist/assets/dispatch-tenders-wUJ4uItI.js                                 47.85 kB │ gzip:  12.50 kB
dist/assets/handover-orders-_4VEul9h.js                                  48.29 kB │ gzip:   9.57 kB
dist/assets/sewing-D0hTfqqW.js                                           48.51 kB │ gzip:  10.55 kB
dist/assets/progress-material-C0qzxgU4.js                                48.76 kB │ gzip:   9.37 kB
dist/assets/material-inventory-MQ_PPE3h.js                               48.96 kB │ gzip:  12.56 kB
dist/assets/label-print-template-BuZcGPXW.js                             49.05 kB │ gzip:  14.05 kB
dist/assets/work-order-detail-CGohZGDY.js                                49.19 kB │ gzip:  15.54 kB
dist/assets/supplier-confirmations-D4rhH0Fb.js                           50.01 kB │ gzip:  12.93 kB
dist/assets/pda-task-receive-fAp2-DTh.js                                 50.37 kB │ gzip:  12.60 kB
dist/assets/pda-cutting-execution-source-BjD5r6ao.js                     50.44 kB │ gzip:  13.62 kB
dist/assets/pda-onboarding-p1JJfV26.js                                   50.56 kB │ gzip:  10.79 kB
dist/assets/pda-handover-1ltzWVFO.js                                     51.58 kB │ gzip:  13.62 kB
dist/assets/marker-plan-model-CrbkdT80.js                                51.70 kB │ gzip:  14.78 kB
dist/assets/store-domain-progress-D31bXo-9.js                            53.10 kB │ gzip:  11.77 kB
dist/assets/settlement-cutting-input-VMaFW3Qu.js                         53.64 kB │ gzip:  11.07 kB
dist/assets/lace-factory-domain-BBNpHDul.js                              53.68 kB │ gzip:  13.40 kB
dist/assets/pcs-part-template-library-BLvyueX4.js                        53.81 kB │ gzip:  11.09 kB
dist/assets/pcs-material-archives-DdL-bz42.js                            55.31 kB │ gzip:  13.21 kB
dist/assets/progress-urge-DkeM_WJU.js                                    56.39 kB │ gzip:  11.41 kB
dist/assets/warehouse-location-map-kIow81Qh.js                           56.80 kB │ gzip:  16.84 kB
dist/assets/marker-plan-occupancy-BPMQ83zr.js                            57.19 kB │ gzip:  16.04 kB
dist/assets/pda-cutting-spreading-DGkupUjo.js                            57.72 kB │ gzip:  13.54 kB
dist/assets/wls-accessory-receipts-CmTdJP-H.js                           58.45 kB │ gzip:  14.85 kB
dist/assets/domain-snapshot-0mC5-I3t.js                                  59.68 kB │ gzip:  15.95 kB
dist/assets/cut-piece-release-DFzigCft.js                                60.14 kB │ gzip:  15.85 kB
dist/assets/pda-settlement-GMe8Jh9v.js                                   60.16 kB │ gzip:  13.70 kB
dist/assets/factory-profile-B8QxILvu.js                                  61.16 kB │ gzip:  14.05 kB
dist/assets/pickup-management-list-d5ZsAjYS.js                           61.52 kB │ gzip:  17.15 kB
dist/assets/routes-fcs-Cqxg4GTh.js                                       62.12 kB │ gzip:  12.98 kB
dist/assets/cutting-D70G9mJN.js                                          62.83 kB │ gzip:  12.97 kB
dist/assets/special-craft-fei-ticket-flow-BW7ZJSLb.js                    63.34 kB │ gzip:  14.37 kB
dist/assets/progress-handover-BtKzFrwg.js                                63.86 kB │ gzip:  13.59 kB
dist/assets/production-object-overview-CaXmYYBM.js                       66.10 kB │ gzip:  13.59 kB
dist/assets/output-documents-CyLwqU4W.js                                 66.89 kB │ gzip:  22.98 kB
dist/assets/core-BCDmesV3.js                                             67.62 kB │ gzip:  12.57 kB
dist/assets/cutting-daily-production-report-BGcpKydy.js                  68.18 kB │ gzip:  19.10 kB
dist/assets/pda-exec-BTkRN6Qm.js                                         68.27 kB │ gzip:  15.64 kB
dist/assets/pcs-channel-stores-DuGfskR9.js                               69.26 kB │ gzip:  14.32 kB
dist/assets/context-DlPKJG8S.js                                          69.58 kB │ gzip:  21.39 kB
dist/assets/sewing-dispatch-DYB3K7ZX.js                                  70.19 kB │ gzip:  18.35 kB
dist/assets/progress-exceptions-_7QTIFKC.js                              70.38 kB │ gzip:  13.31 kB
dist/assets/qc-records-D2BApd9l.js                                       71.08 kB │ gzip:  15.98 kB
dist/assets/pcs-engineering-tasks-B543-vj7.js                            71.36 kB │ gzip:  17.08 kB
dist/assets/production-object-overview-BfWa4yB4.js                       71.57 kB │ gzip:  16.69 kB
dist/assets/wait-handover-actions-BTzTZaQo.js                            73.16 kB │ gzip:  18.65 kB
dist/assets/pcs-sample-management-DtCkA-_G.js                            74.38 kB │ gzip:  17.28 kB
dist/assets/factory-onboarding-CLSgIMQ9.js                               75.25 kB │ gzip:  12.68 kB
dist/assets/settlement-DtUy1YU1.js                                       75.58 kB │ gzip:  11.56 kB
dist/assets/dialogs-DJVYS5Jp.js                                          75.66 kB │ gzip:  18.69 kB
dist/assets/pda-handover-detail-DsDf5SdU.js                              75.97 kB │ gzip:  18.67 kB
dist/assets/transfer-bags-sJM8eU5a.js                                    76.02 kB │ gzip:  19.64 kB
dist/assets/orders-domain-DJBE7o2I.js                                    76.23 kB │ gzip:  16.86 kB
dist/assets/runtime-projections-gE9Zfy4E.js                              78.02 kB │ gzip:  18.43 kB
dist/assets/process-action-writeback-service-FWcBVlWg.js                 78.08 kB │ gzip:  17.83 kB
dist/assets/transfer-bag-operations-D20G6J-L.js                          78.60 kB │ gzip:  19.48 kB
dist/assets/production-progress-C4zZdgpX.js                              80.71 kB │ gzip:  20.38 kB
dist/assets/pda-warehouse-wait-process-C9vmNqT-.js                       87.37 kB │ gzip:  21.16 kB
dist/assets/events-DNgdCmtk.js                                           90.26 kB │ gzip:  22.28 kB
dist/assets/factory-onboarding-flow-BKMqs5mh.js                          90.59 kB │ gzip:  23.31 kB
dist/assets/dispatch-CvVgo-lE.js                                         92.27 kB │ gzip:  28.12 kB
dist/assets/tmf-material-purchases-FvOD-SBf.js                           94.11 kB │ gzip:  24.37 kB
dist/assets/cut-orders--LTih0M1.js                                       94.78 kB │ gzip:  24.45 kB
dist/assets/pcs-independent-sampling-BM6Gh2ln.js                         96.98 kB │ gzip:  26.97 kB
dist/assets/special-craft-task-orders-hnkNZGqn.js                        99.32 kB │ gzip:  26.84 kB
dist/assets/pcs-product-archives-GbJOjB51.js                            107.68 kB │ gzip:  21.98 kB
dist/assets/index-CU7zVaAU.js                                           109.47 kB │ gzip:  39.86 kB
dist/assets/app-shared-Cr22JHwb.js                                      111.85 kB │ gzip:  27.95 kB
dist/assets/transfer-bag-return-model-BIsJWnvx.js                       112.85 kB │ gzip:  26.58 kB
dist/assets/supplement-management-Cr8tQ1uU.js                           113.26 kB │ gzip:  29.93 kB
dist/assets/statements-CUQuaQrR.js                                      119.56 kB │ gzip:  24.47 kB
dist/assets/unified-dispatch-workbench-C0PnWXO_.js                      120.01 kB │ gzip:  33.72 kB
dist/assets/events-CZlPokjD.js                                          121.42 kB │ gzip:  31.34 kB
dist/assets/context-ByixliRR.js                                         133.03 kB │ gzip:  34.42 kB
dist/assets/production-DunbxoAi.js                                      134.17 kB │ gzip:  27.50 kB
dist/assets/process-domain-Bc5tYRfa.js                                  138.98 kB │ gzip:  25.97 kB
dist/assets/warehouse-hub-ByJ57unB.js                                   140.79 kB │ gzip:  35.41 kB
dist/assets/generated-fei-tickets-Crp-QA0w.js                           142.80 kB │ gzip:  36.11 kB
dist/assets/preparation-timing-Dzd1h32j.js                              145.97 kB │ gzip:  34.40 kB
dist/assets/marker-plan-nfrdUzwT.js                                     150.22 kB │ gzip:  35.45 kB
dist/assets/marker-spreading-SlAEDoli.js                                154.72 kB │ gzip:  37.94 kB
dist/assets/fei-tickets-DeyPBeI3.js                                     164.74 kB │ gzip:  35.13 kB
dist/assets/return-inbound-CXzRHiLD.js                                  183.42 kB │ gzip:  33.52 kB
dist/assets/index--GzcKvNw.js                                           210.12 kB │ gzip:  66.49 kB
dist/assets/print-template-registry-ByvwGfl1.js                         217.54 kB │ gzip:  56.39 kB
dist/assets/index-CMc5gqGm.js                                           233.04 kB │ gzip:  54.41 kB
dist/assets/pda-exec-detail-B1TdnLdO.js                                 240.57 kB │ gzip:  56.47 kB
dist/assets/production-timeliness-BwsYY8Ft.js                           459.95 kB │ gzip: 115.04 kB
dist/assets/pda-DVhCB-xW.js                                             511.97 kB │ gzip:  85.41 kB
dist/assets/production-source-shared--45xGYkF.js                      3,343.87 kB │ gzip: 769.29 kB

(!) Some chunks are larger than 550 kB after minification. Consider:
- Using dynamic import() to code-split the application
- Use build.rollupOptions.output.manualChunks to improve chunking: https://rollupjs.org/configuration-options/#output-manualchunks
- Adjust chunk size limit for this warning via build.chunkSizeWarningLimit.
✓ built in 9.77s
