
> higoods-vanilla-clone@1.0.0 build
> npm run typecheck:engineering && npm test && vite build


> higoods-vanilla-clone@1.0.0 typecheck:engineering
> npm run typecheck:entrypoints && npm run typecheck:scopes


> higoods-vanilla-clone@1.0.0 typecheck:entrypoints
> tsc --project tsconfig.engineering.json


> higoods-vanilla-clone@1.0.0 typecheck:scopes
> node scripts/check-typescript-scope.mjs src/domain/ src/components/ui/ src/state/

TypeScript 全量既有错误：6
本次渐进检查范围：src/domain/、src/components/ui/、src/state/
范围内错误：0
范围外既有错误保留在全量 typecheck 中继续分批治理。

> higoods-vanilla-clone@1.0.0 test
> npm run test:unit


> higoods-vanilla-clone@1.0.0 test:unit
> node --import tsx --test tests/unit/*.test.ts

✔ 浏览器存储封装保持读写删除语义 (0.429625ms)
✔ 浏览器存储不可用或抛错时保持静默降级 (0.100542ms)
(node:14141) ExperimentalWarning: localStorage is not available because --localstorage-file was not provided.
(Use `node --trace-warnings ...` to show where the warning was created)
✔ 交出列表省略详情路线读取时保留全部输出字段 (490.810917ms)
(node:14142) ExperimentalWarning: localStorage is not available because --localstorage-file was not provided.
(Use `node --trace-warnings ...` to show where the warning was created)
✔ MIG-001/002/006: management entry and handlers belong to FCS; PFOS keeps execution (3.329542ms)
✔ MIG-003/007: prep and execution read the same early order identities, quantities and match status (734.509833ms)
✔ MIG-004/009: migrated dialogs retain candidate fields, actual material image and task outputs (0.762417ms)
✔ MIG-011: management and execution use the same seven business display columns (9.836417ms)
✔ MIG-007: early dye/print creation and cancellation survive reload (3105.953166ms)
✔ BOM failed persistence preserves saved and in-memory state; retry persists (182.66825ms)
✔ existing production preparation data does not trigger demo writes on entry (555.519334ms)
✔ rollback of an unchanged saved BOM does not perform another failing write (6.782208ms)
✔ BOM dictionary preserves old JSON and all snapshot values without mutating input (8.085542ms)
✔ BOM dictionary rejects missing references instead of replacing data silently (0.361125ms)
✔ 解析带标签、小数和空格的长度数量 (0.486833ms)
✔ 解析卷数并对不合法文本返回 0 (0.12125ms)
✔ 证据文件标识把连续空白收口为单个连字符 (0.1535ms)
(node:14148) ExperimentalWarning: localStorage is not available because --localstorage-file was not provided.
(Use `node --trace-warnings ...` to show where the warning was created)
✔ 设计改款可成批生成染色和印花加工单，且完整投影来源与上下游 (1422.458084ms)
✔ 设计改款加工单生成幂等，重复请求不增加单据 (50.876625ms)
✔ 同一设计改款任务的不同颜色和 BOM 行分别生成加工单 (69.672208ms)
✔ 成批提交失败时染色与印花加工单一起回滚 (21.191ms)
✔ 设计改款来源缺关键引用或来源未知时必须阻断 (0.171791ms)
(node:14149) ExperimentalWarning: localStorage is not available because --localstorage-file was not provided.
(Use `node --trace-warnings ...` to show where the warning was created)
✔ 设计改款染后印花必须先分配印花厂，染色交出不能误送中央工厂 (404.407417ms)
✔ 仅染与仅印分别创建一张加工单和一条仓库首道调拨计划 (19.863958ms)
✔ 辅料染色单创建后已有辅料仓调拨计划，分厂时自动落实原单但不冒充实发 (8.689083ms)
✔ 历史双工艺加工单仍可追溯原有染印交接 (389.626ms)
✔ 双工艺 SKU 仅生成印花单，仓库直接发印厂并完成样衣归档 (1464.932375ms)
✔ 印花实际交出生成中央工厂待接收原单，实收回写原交接并允许完成加工单 (529.98175ms)
✔ 专业成果没有真实附件时保持未绑定 (14.57825ms)
(node:14150) ExperimentalWarning: localStorage is not available because --localstorage-file was not provided.
(Use `node --trace-warnings ...` to show where the warning was created)
✔ 可打印不等于可建交出单，必须完成真实标签打印 (0.453375ms)
✔ 卷规格无效时不可建交出单，且不改变原可打印判定语义 (0.063333ms)
✔ 人工完成印花加工单不再自动填充操作人 (238.485583ms)
(node:14157) ExperimentalWarning: localStorage is not available because --localstorage-file was not provided.
(Use `node --trace-warnings ...` to show where the warning was created)
✔ 非 KOL PDA 导入不生成 KOL 领交料；首次 KOL 访问生成完整且幂等的演示记录 (248.853875ms)
✔ PDA 单任务读取保持普通任务、测试工厂与 KOL 任务内容和查找优先级 (1.524166ms)
✔ 日报窗口含截止日7天，重点日均独立使用前6天 (0.483208ms)
✔ 未知采购不填0，未BOM不输出完整确定订单需求 (0.132084ms)
✔ 突变必须绝对量与比例同时达到阈值 (0.061417ms)
✔ 截止日突变示例与未完结日不判定 (0.056083ms)
✔ 共享商品按SPU去重而不按关联行累加销量 (0.092166ms)
✔ 预选不产生确定用料；BOM需求保留物料归属 (0.128125ms)
✔ 同料BOM优先于预选，不重复关系及需量 (0.064625ms)
✔ 两个业务页具有独立容器、标准分页与证据边界 (14.851083ms)
✔ 未进入物料页面时 bridge 不加载业务；加载失败重试后首次渲染即已注册 (5.961292ms)
✔ click 分组顺序、短路、选择器范围保持原行为，重新注册替换旧处理器 (1.341959ms)
✔ 备料写入守卫读取实时角色与水位，阻断时不调用业务处理器 (0.850125ms)
✔ input/change/keyboard 原入口、筛选范围和 change 优先级完整保留 (5.103208ms)
✔ health groups are exhaustive and mutually exclusive in demo (0.7725ms)
✔ coverage and baseline use same inventory plus transit but distinct demand windows (0.064333ms)
✔ zero demand is unavailable rather than infinity and huge finite quotient stays finite (0.087709ms)
✔ date selects different consistent snapshot (0.087042ms)
✔ threshold changes alter classification without changing facts (0.061ms)
✔ health view carries core P1 business sections and mock caveat (14.631833ms)
✔ AT16 rules do not substitute brand, size or packaging method (0.739791ms)
✔ AT24 equal priority conflict blocks resolution and identifies rules (0.381459ms)
✔ higher explicit priority resolves a lower priority overlap (0.059459ms)
✔ plans distinguish garments and parcels and add loss once (0.139833ms)
✔ AT18 white pendant stock only allocated once (0.078875ms)
✔ event duplicate and old revision do not add consumption; reprints are activity only (0.109292ms)
✔ conflicting same revision fails instead of silently choosing a payload (0.050167ms)
✔ AT17/19/20 panel states unresolved ASAYA, independent kit80 and unknown ribbon (0.242834ms)
✔ trigger distinct from target, existing supply produces explainable zero (1.08725ms)
✔ missing mapping or usage and incompatible raw unit block unsafe generation (0.205375ms)
✔ generation reserves remaining once and shared raw pool across target rules (0.8665ms)
✔ production does not increase stock; actual SKU and output bound partial receipts (0.155209ms)
✔ cancelled suggestion releases commitment and raw allocation (0.10125ms)
✔ AT05 committed greige is not available for a second allocation (0.522917ms)
✔ AT06 partial receipt reduces expected supply; checking and qualified never duplicate (0.338959ms)
✔ AT07 unmapped target preserves quantities but gives no target coverage (0.081ms)
✔ §7.2 loss reduces future supply; rejected receipts never become usable (0.053958ms)
✔ §7.3 unit/yield/route and conservation gaps block deterministic supply (0.0965ms)
✔ §7.3 candidate comparison reports remaining shortage and respects arrival deadline (0.12675ms)
✔ §7.3 zero gap stays zero and nonfinite inputs cannot produce advice (0.045708ms)
✔ panel uses owned local handlers and discloses mock and missing images (24.107708ms)
✔ P2 coefficients and coverage exclude transit (14.696625ms)
✔ P2 coverage buckets have exclusive shared boundaries (1.131459ms)
✔ P2 partial receipts and completed batches count remaining only (20.341125ms)
✔ P2 latest overdue selected only if no future batch; today included (0.290875ms)
✔ P2 search transit and ETA filters compose (0.799791ms)
✔ P2 zero demand and missing BOM preserve distinct nulls; micro demand excluded (6.43875ms)
✔ P2 standard table renders and limits initial rows to first page (42.280792ms)
✔ AT01/02 internal reservation stays in coverage while external reservation is deducted (17.169083ms)
✔ AT03 quality segments are not usable (0.159584ms)
✔ AT04 partial receipt leaves remaining supply only (0.192334ms)
✔ AT08/38 late supply never erases earlier shortage (0.149833ms)
✔ AT09 intermediate deficit determines net need rather than positive closing balance (0.138291ms)
✔ AT10 MOQ and pack rounding, zero stays zero (0.103208ms)
✔ AT11 horizon begins at cutoff and is not expanded by lead time (0.141375ms)
✔ AT12 forecast covered by confirmed demand is excluded before coefficient (0.114583ms)
✔ AT13 no demand has no numeric coverage (0.100041ms)
✔ AT14 cancelling demand does not change stock (0.146458ms)
✔ AT15 latest event revision only (0.380708ms)
✔ AT16/17 directory preserves bag sizes and ASAYA duplicated input is one unresolved SKU (0.083875ms)
✔ AT18 three brands draw from one shared pool (0.111458ms)
✔ AT19/20 kit capacity respects minimum and missing conversion (0.056875ms)
✔ AT21 inactive/unusable stock remains physically visible (0.082083ms)
✔ AT23 affected order identifiers are unique (0.085792ms)
✔ AT25/26 draft does not mutate active and invalidates trial (0.05825ms)
✔ AT26/28 publish requires role and exact trial; history retained (0.1665ms)
✔ AT31 risk cannot close with remaining shortage or skip verification (0.154ms)
✔ AT37 invalid dates, unknown timezone, bad numeric values rejected (0.083875ms)
✔ duplicate supply chain does not double count and blocks deterministic advice (0.098791ms)
✔ warehouse catalogue includes 17 locations and two garment warehouses (0.044791ms)
✔ candidate comparison retains pre-arrival risk (0.266ms)
✔ SKU-specific policy wins and duplicate rules block publish (0.14475ms)
✔ 路由标准化移除 query 与 hash，但不改动路径 (0.484167ms)
✔ 只匹配路由根或其子路径，不误匹配相似前缀 (0.120791ms)
✔ 可在多个合法根路径中匹配一个 (0.078166ms)
✔ 只把完整生产确认单打印路由识别为命中 (0.101583ms)
(node:14170) ExperimentalWarning: localStorage is not available because --localstorage-file was not provided.
(Use `node --trace-warnings ...` to show where the warning was created)
✔ 目标 SKU 的四种加工组合、前序实物和 BOM Q 均按已建档字段读取 (38.376ms)
✔ 整单总量口径保存后仍按一次总量计算，不被样衣件数重复放大 (457.9625ms)
✔ 一张设计改款 BOM 同时有 Yard 面料和 PCS 辅料时，各行独立计量且辅料无需加工调拨 (49.250292ms)
✔ 复用既有纸样与参照 BOM 的无印染任务可直接提交样衣并自动完成；复制只生成草稿 (490.769083ms)
✔ 批量复制保留物料、费用和样衣安排为独立可编辑草稿，不生成工作 (120.249667ms)
✔ 单页创建同时保存物料、费用与样衣要求；失败不留下空任务 (2.311417ms)
✔ 加工互斥按物料行执行：同一任务允许纯染行与双属性印花行并存 (118.557834ms)
(node:14171) ExperimentalWarning: localStorage is not available because --localstorage-file was not provided.
(Use `node --trace-warnings ...` to show where the warning was created)
✔ 旧设计任务移除线下工作和依赖，保留加工单身份、样衣成果及原始输入 (157.363833ms)
✔ 任务汇总排除未启用，待前置只列出未完成依赖，关闭单不继续催办 (1.046292ms)
✔ 筛选覆盖关键词、状态、跟单、待办、类型、团队和日期边界，统计范围一致 (0.368458ms)
✔ CSV包含全部匹配行和任务责任计划，不含操作列，特殊文字正确转义 (0.591125ms)
(node:14173) ExperimentalWarning: localStorage is not available because --localstorage-file was not provided.
(Use `node --trace-warnings ...` to show where the warning was created)
✔ 生产准备必须读取测款最终通过事实，保存时重新校验且失败不生成主单 (139.366708ms)
✔ PATTERN_ARTWORK 多明细全部有效项通过才完成，同SKU不同要求不合并 (0.477125ms)
✔ COLOR_FABRIC 多明细全部有效项通过才完成，同SKU不同要求不合并 (0.066917ms)
✔ COLOR_YARN 多明细全部有效项通过才完成，同SKU不同要求不合并 (0.060833ms)
✔ 多辅料分单覆盖，第一张下单不足以完成，失效单不能提供覆盖 (0.209042ms)
✔ 专业列表业务字段查询与责任、来源、计划边界组合，未登记计划不误入日期结果 (0.72725ms)
✔ PCS 图片按款号和颜色固定，尺码不改变照片，未知对象没有随机图片 (0.688583ms)
✔ 历史 Mock 只替换登记的旧图，保留用户图片及未知款式 (0.398584ms)
✔ 后道 QC 来源 SKU 保留原身份和数量，五种颜色分别绑定对应实拍 (0.077625ms)
✔ 后道历史快照只迁移准确 SKU 的旧示意图，质检数量与用户图不变 (0.18175ms)
(node:14178) ExperimentalWarning: localStorage is not available because --localstorage-file was not provided.
(Use `node --trace-warnings ...` to show where the warning was created)
✔ PDA 列表轻量摘要与详情的归属、数量、物料和下一步一致 (1433.542875ms)
(node:14179) ExperimentalWarning: localStorage is not available because --localstorage-file was not provided.
(Use `node --trace-warnings ...` to show where the warning was created)
✔ 按工厂投影不改变全能力、印花、染色、中央与裁片演示账号可见任务 (913.213666ms)
✔ 物流商新增字段保存回显并写入操作日志 (3.669041ms)
✔ 物流商数字字段非负校验与运输方式枚举校验 (0.25025ms)
✔ 渠道新增字段保存回显，条件计费字段按计费方式保留 (0.371ms)
✔ 整柜渠道不要求新增计费字段，仍要求四箱型完整配置 (0.107875ms)
✔ 渠道数字字段非负与时效区间校验 (0.109542ms)
✔ 头程批次聚合展示总箱数、总重量、总体积与转运天数 (0.407916ms)
✔ 工序链按保存顺序生效，合法工序集合固定，非法或重复工序被拒 (5.203834ms)
✔ 坯布 SKU 必填，坯布库存为 0 时调拨资格被拒，补足后恢复 (0.900875ms)
✔ 采购单按勾选 SKU 生成明细，数量与枚举非法被拒 (0.397042ms)
✔ 调拨单可选择调出仓库与调入目标，同步生成加工单号链 (0.470334ms)
✔ 批量刷新库存更新全部监控行与刷新时间并写日志 (0.420333ms)
✔ 手动添加监控 SKU 校验 SKU 必填与重复，添加后进入列表 (0.500625ms)
✔ 物料申报扩展字段保存回显，26 项特殊属性按数组保存 (2.361291ms)
✔ 报关扩展：法定第二计量单位与数值，不报关分支跳过必填校验 (0.348709ms)
✔ BOM 业务选项与价格/成本、工厂、布料字段保存回显 (1.396875ms)
✔ 主体经营 9 项成本明细加调整重算总成本，数据缺失提醒可消除 (0.735417ms)
✔ 供应商从草稿到启用遵循状态机，名称唯一 (3.033708ms)
✔ 供货档案包装换算与快照版本 (0.425708ms)
✔ 物料全部有真实图片，采购补充信息可更新且不新增删除 (0.716458ms)
✔ 成衣与样衣 SKU 只读列表数据完整 (0.202542ms)
✔ 仓库同步更新时间，单位字典唯一且不可删除只可启停 (0.571125ms)
✔ BOM 用量可修改，说明可保存，发布后可生成面辅料需求 (2.614042ms)
✔ 面辅料需求种子就绪且可按物料行下推采购单 (6.871083ms)
✔ 快递信息导入校验采购单存在、单号唯一、日期与数量合法 (0.466625ms)
✔ 国内签收、加入头程、状态推进与到仓自动签收 (0.864458ms)
✔ 供应商确认单需标签齐备，确认后回写采购单 (0.653292ms)
✔ 整柜渠道必须完整配置四个箱型，物流商可启停 (0.273458ms)
✔ 面辅料采购单可带原因关闭，关闭后不能再登记到货 (0.153791ms)
✔ 库存监控触发线与建议量公式，规则异常阻断建单 (1.72025ms)
✔ 建单数量不得超过建议量，调拨与采购资格分别阻断 (0.148292ms)
✔ 中转看板指标、分布与筛选跳转规则 (0.341625ms)
✔ 生产单校验与配料任务只读数据完整，系统设置结果为 8/6/10 (0.098042ms)
✔ 种子采购单按 SRM 生成器规律补齐单据级与明细级字段 (1.572375ms)
✔ 新建做货采购单保存采购专员、加急、首单、区域与明细字段并可回显 (1.358333ms)
✔ 未传新增字段时沿用默认值并保持既有命令兼容 (0.133042ms)
✔ 采购专员必填、做货必须选区域、重量非负均抛出中文 PmsDomainError (0.274917ms)
✔ 编辑采购单保存新增字段并回显，非法输入被阻断 (0.255458ms)
✔ BOM 状态与 bomMatched 一致，未发布 BOM 的做货明细为未匹配 (0.198375ms)
✔ 行采购金额使用 roundPmsQty 且汇总等于逐行金额之和 (0.127875ms)
✔ 采购建议按缺口公式与折扣计算，并计入有效 KOL 申请 (1.85175ms)
✔ KOL 草稿与已驳回不计入建议缺口 (0.2055ms)
✔ 建议转采购单后写回已转数量与部分生成状态 (1.750584ms)
✔ 面辅料需求按 BOM 用量与损耗扣减库存和采购中 (0.531625ms)
✔ 重复生成、草稿采购单与非做货采购单均被阻断 (0.117417ms)
✔ KOL 单条超量需要二次确认，超过申请量直接阻断 (0.277666ms)
✔ 驳回 KOL 需求后不再计入建议缺口 (0.10475ms)
✔ 关闭采购单必须填写原因且已关闭不可重复关闭 (0.142875ms)
✔ 主体经营明细总成本、毛利与毛利率公式 (2.704708ms)
✔ 面辅料对账：预计/实际双层公式，费用项与差异双重门禁 (2.904709ms)
✔ 面辅料费用项部分确认、批量确认与编辑失效 (0.6875ms)
✔ 请款草稿跨页创建、请款与付款上限、编辑范围 (0.606584ms)
✔ 物流实际费用 12 列导入校验、不自动确认与确认后锁定 (0.427375ms)
✔ 请款单作废释放来源对账，已有付款不能作废 (0.195958ms)
✔ 供应商账单 9 列导入覆盖实际层且不自动确认 (0.277375ms)
✔ 金额大写按 RMB 规则输出并覆盖跨节零 (0.1265ms)
✔ 生成卷号按前缀、每卷米数、重量与起始序号生成并写入包装明细 (3.394208ms)
✔ 生成卷号时尾卷承载剩余数量，卷数按采购数量与每卷米数自动取整 (0.476125ms)
✔ 非法卷号参数被拒绝并抛出中文域错误 (0.296875ms)
✔ 生成标签后二维码内容包含卷号与箱规，参与打印 (0.247292ms)
✔ 箱规新增自动计算体积，重复箱号与非法尺寸被拒，删除后计数正确 (0.383042ms)
✔ 包装明细可新增与删除，非法输入被拒且删除后计数正确 (0.55425ms)
✔ 被包装明细引用的箱规不能删除 (0.235125ms)
✔ 供应商枚举与 SRM 完全一致，旧枚举不再出现 (0.940375ms)
✔ 种子字段满足 SRM 枚举且协同指标为数字 (0.292792ms)
✔ 新增字段保存并回显，成功命令写入操作日志 (2.489208ms)
✔ 编辑保存新增字段并保持状态机与事件名不变 (0.415625ms)
✔ 非法或缺失输入抛 PmsDomainError 且不写入数据 (0.570583ms)
✔ 详情与列表展示新增字段、SRM 枚举与协同指标 (19.332583ms)
(node:14191) ExperimentalWarning: localStorage is not available because --localstorage-file was not provided.
(Use `node --trace-warnings ...` to show where the warning was created)
✔ RETURN-010: only the acceptance week Sunday is skipped, for every starting weekday (0.585ms)
✔ RETURN-004—010: both projections share counting dates and ceil targets (0.287208ms)
(node:14192) ExperimentalWarning: localStorage is not available because --localstorage-file was not provided.
(Use `node --trace-warnings ...` to show where the warning was created)
✔ 实际耗时跨周日仍按真实时间差；没有可靠时间不造耗时 (0.918583ms)
✔ 每任务都达成才结束；同一来源去重，作废明细不影响主表 (0.481167ms)
✔ 耗时页 Mock 至少覆盖九张生产单和全部节点，且下游事实不会越过未完成的前置节点 (583.747166ms)
✔ 裁片放行按一张放行单内的多次放行展示并选取节点起止时间 (66.596959ms)
(node:14193) ExperimentalWarning: localStorage is not available because --localstorage-file was not provided.
(Use `node --trace-warnings ...` to show where the warning was created)
✔ EXC-001—004: a reference mark cannot change debt, strict kits or final task responsibility (4.339875ms)
(node:14194) ExperimentalWarning: localStorage is not available because --localstorage-file was not provided.
(Use `node --trace-warnings ...` to show where the warning was created)
✔ 派单新增主档工厂可登记承接关系，未知工厂仍阻断 (1.705ms)
✔ 专属任务保留整单身份、数量和接收方，工艺分支保留全部前置关系 (0.985ms)
✔ 原生产单车缝任务仍可被 PPIC 分配与责任移交识别，SKU 总量完整 (5.209417ms)
✔ PRINT-HISTORY-001: demo identities remain fixed and reject another factory or task (0.474667ms)
✔ PRINT-HISTORY-002: DYE-GOTO-GLOBAL historical slot 09 survives independent reloads without overwriting (2362.452208ms)
✔ PRINT-HISTORY-002: ID-FAC-001165 historical slot 09 survives independent reloads without overwriting (2076.853833ms)
(node:14196) ExperimentalWarning: localStorage is not available because --localstorage-file was not provided.
(Use `node --trace-warnings ...` to show where the warning was created)
✔ VERIFY-003: dispatch reads keep all documents and independent copies without projecting unrelated business views (312.821208ms)
✔ frozen printing images are losslessly stored once across orders, tasks and attachments (2.864417ms)
✔ missing or malformed image references fail rather than silently replacing frozen evidence (0.263917ms)
(node:14199) ExperimentalWarning: localStorage is not available because --localstorage-file was not provided.
(Use `node --trace-warnings ...` to show where the warning was created)
✔ PERF-002/004: scoped receiving reads preserve direct receipts and allocations, without exposing mutable facts (21.177625ms)
✔ PERF-002/004: a synchronous relation read matches independent reads and releases its scope after errors (930.436916ms)
✔ PERF-004: batched print list reviews and handovers equal independently read facts (298.650875ms)
✔ PERF-004: scoped handovers keep canonical sorting and task point reads preserve identity (23.525125ms)
✔ PERF-004: reusing warehouse documents preserves each dye order source, quantity and receiver (298.417834ms)
(node:14200) ExperimentalWarning: localStorage is not available because --localstorage-file was not provided.
(Use `node --trace-warnings ...` to show where the warning was created)
✔ craft source selection preserves all previous source choices and isolated snapshots (12.008125ms)
✔ source eligibility is re-evaluated after a source order changes (0.126667ms)
(node:14202) ExperimentalWarning: localStorage is not available because --localstorage-file was not provided.
(Use `node --trace-warnings ...` to show where the warning was created)
✔ 验收数据至少包含 5 张染色和 5 张印花提前加工单，并覆盖全部匹配状态 (812.105375ms)
✔ 印花专业成果把多张图片和多个文件统一保存在同一附件集合 (0.41325ms)
✔ 同一生产需求可手动选择具体专业任务，创建结果保存所选任务与全部成果附件 (95.748458ms)
✔ 创建提前加工单必须选择所属专业任务并明确加工厂 (4.380291ms)
✔ 计划加工数量包含损耗率，且染色印花投入与产出 SKU 必须不同 (0.399084ms)
✔ 专业成果未审核通过时不可创建提前加工单 (0.295792ms)
✔ 多个生产需求合并为一张生产单时，可匹配多张提前染色加工单 (108.3425ms)
✔ 等待技术包的提前单在技术包就绪后可由同一匹配服务自动重试 (48.69275ms)
✔ 合并生产单中只有部分需求有提前单时，只为未覆盖需求补建剩余数量 (68.991792ms)
✔ 已有提前单但正式 BOM 或 SKU 不一致时进入异常，且不重复补建同一工艺单 (44.607208ms)
✔ 取消后重建保留旧单，并建立双向替代关系 (5.113667ms)
✔ 没有提前加工单的需求仍保留正式加工单快照 (9.064542ms)
✔ BOM uses formally reduced quantity and leaves unsupported conversion unknown (1.568916ms)
✔ reuse retains one shared source instance and adds no duplicate processing duration (0.581041ms)
✔ a new rework/recheck round extends the dependency path two days and conserves qualified pieces (0.191ms)
✔ date-only source is not coerced to a precise instant or exact deadline (0.227125ms)
✔ known order shipment can be timed without crediting an unknown production source (0.1585ms)
✔ waiting for actual fulfillment can be overall late while factory completion stays on time (0.146166ms)
✔ all six named cards render directly checkable evidence without changing production task facts (4.702167ms)
✔ all ten tasks have independent drill-down networks and one frozen aggregate snapshot (1.5225ms)
✔ 31-item dependency recursion proves 24 natural days and shows the actual sum/max formula (0.427209ms)
✔ improving procurement by ten days only improves whole-task timing by one day (0.1625ms)
✔ network rejects circular/missing dependencies and unknown is never zero time (0.216042ms)
✔ each complete standard mock network and live forecast agrees with the task summary (2.640166ms)
✔ quantity forecast finds a one-day risk before any actual deadline is missed (0.383917ms)
✔ all-natural-day clock includes Sundays, preserves timezones, equality is on time and one second is late (0.103459ms)
✔ already-overdue outranks forecast missing; historical completion stops the clock (0.07575ms)
✔ upstream two-day delay and local catch-up pressure are distinct from current-team fault (0.072959ms)
✔ manual forecast is local, propagates both earlier and later dates, and never relaxes baseline (2.5385ms)
✔ saving a manual forecast refreshes all affected node labels without pretending capacity was increased (0.550666ms)
✔ zero capacity and stale progress never forecast zero remaining duration (0.122667ms)
✔ stock and purchase coverage do not imply factory readiness or a new purchase gap (0.139292ms)
✔ stock-only task still has transfer; purchased material must move beyond warehouse entry (0.055375ms)
✔ batch schedule conserves shared capacity and 90 percent occurs at a real batch event (0.130959ms)
✔ customer cancellation without production allocation does not reduce any task (0.110375ms)
✔ excess shipment of one SKU cannot hide shortage of another (0.077417ms)
✔ duplicate, out-of-order and corrected quantity events conserve the effective sum (0.101166ms)
✔ shared work is counted once while merged source tasks preserve independent T0 and deadlines (0.1055ms)
✔ orders enter analysis only from actual shipment and have their own clock (0.153333ms)
✔ region and supply mode select rules together, unpublished candidate rules never apply (0.145583ms)
✔ filters share exact aggregate scope and date windows are left-closed right-open (0.346958ms)
✔ Chinese UI defaults and all scope options filter the intended task population (0.149125ms)
✔ Chinese risk shortcut agrees with risk KPI and does not accidentally select completed or overdue tasks (0.206333ms)
✔ Chinese date-field labels use due date, start date and predicted completion respectively (0.1865ms)
✔ team and stage filters match applicable work nodes rather than only current task responsibility (0.09975ms)
✔ V3 team and factory must match the same node and empty all-scope still keeps a task (0.096417ms)
✔ V3 unknown shipment has no percentage and completed work without deadline is not on time (0.035375ms)
✔ 恢复预测保留不同工作和日期的顺序，只合并连续相同计算且不改写历史 (1.843708ms)
✔ 同一调拨动作按国家和供给方式命中不同预算，候选规则不参与匹配 (0.718917ms)
✔ 同优先级重叠命中必须冲突，明确更高优先级例外才可覆盖 (0.420416ms)
✔ 数量档边界不得跨档或用默认预算掩盖无规则 (0.092417ms)
✔ 子项七天而组上限五天阻断，网络不被截短也不在组外重复加预算 (0.140792ms)
✔ 并行分支取最大值，循环和缺失前置不得算成零天 (0.14525ms)
✔ 工厂实收映射须有明细与物流批次，入库不冒充到厂，重复事件不累加 (0.153ms)
✔ 投入产出、单位或质量门槛不合规，不能放行下游 (0.090584ms)
✔ 新版本仅记录显式重算范围，不能顺延旧基线或考核截止 (0.403458ms)
✔ 默认演示配置没有阻断，会议候选必须以提示保留 (0.089834ms)
✔ 选定在途W19规则从1改3，本地路线24改26而原始/生效截止与实际事实不变 (4.253375ms)
✔ 在途发布同层冲突、缺规则、缺映射或事件边界变化都不生成覆盖 (0.2045ms)
✔ 发布覆盖可从初始快照恢复且重复应用幂等，未选任务不受影响 (1.180958ms)
✔ 未完成调拨预算增加后，预测沿下游传播；已完成上游事实仍原样 (1.632958ms)
(node:14207) ExperimentalWarning: localStorage is not available because --localstorage-file was not provided.
(Use `node --trace-warnings ...` to show where the warning was created)
✔ 首次来源读取只创建当前存在的缺口，历史从本次观察开始 (1.421833ms)
✔ 事项键由任务、工作与类型生成，中文说明变化不新增事项 (0.337542ms)
✔ 缺款图形成独立事项，增加地址不等于款色对应核验通过 (0.265041ms)
✔ 登记责任期限不修改事实或关闭事项，只有后续来源读取确认恢复 (0.661958ms)
✔ 同一恢复事实重复核对不制造历史，缺口复现重新打开且保留期限 (0.276709ms)
✔ 任务或工作未返回、数量已知性字段消失均不是恢复证据 (0.263583ms)
✔ 来源身份变更不能在同一次读取中把旧缺口标为恢复 (0.22375ms)
✔ 未结构化来源审核项不因文字消失自动关闭 (0.213459ms)
✔ 本地持久化保留独立事项、责任、期限和恢复历史 (0.41925ms)
✔ 本地损坏记录不伪造历史、不覆盖旧内容、不允许假保存 (0.698875ms)
✔ 责任、期限、调整原因必填；存储失败给出未保存结果 (0.241417ms)
✔ 数据待补按事项分页和筛选，提供独立登记及来源刷新入口 (1.836541ms)
✔ 事项按自身负责人和修复期限筛选，不借任务跟单替代 (0.225ms)
✔ 空在途范围不展示历史演示日期压力图 (2.267792ms)
✔ 未知预算仍保留串并行和汇合箭头，位置不依赖日期 (15.5865ms)
✔ 下游未开工且前置未完的逾期归为等待；根卡点标出具体工作和全部后继 (7.064333ms)
✔ 取消和已完成不是当前卡点，数据缺口不当执行逾期 (0.864458ms)
✔ 已开工工作即使前置未完，也保留其来源责任逾期并提示核对 (0.904375ms)
✔ 卡点范围仍显示上游参照及所有受影响后继，不显示无关支路 (1.197042ms)
✔ 单据摘要默认展开来源核心字段，不只展示时效 (0.993666ms)
✔ 需求摘要指向已存在的需求列表，入口不冒称独立详情 (0.824833ms)
✔ 缺少单据不得生成虚构摘要或默认完成数 (2.409875ms)
✔ 已实收的有效结束满足前置，取消前置不会被视为供给完成 (1.929333ms)
✔ 质检不合格仍是放行卡点，不因检验时间存在变为可放行 (0.487583ms)
✔ 来源已有不合格检验结果但缺建立时间时，不因前置未完而隐藏本项卡点 (1.151792ms)
✔ 作废且不计时不等于前置已完成；来源已阻断是明确卡点 (0.57525ms)
✔ 已知工作预算齐备但范围未确认时，公式页不得称作全程标准 (1.003625ms)
✔ 暂停或受阻工作不因遗留结束时间而放行下游 (0.765958ms)
✔ 生产准备初始化按编号读取定义与完整目录逐值一致，保留不存在时的契约 (3.074208ms)
✔ 单定义读取的可编辑数组保持隔离，不污染其他任务读取 (0.41225ms)
▶ execution source relations retain full facts without unrelated cold initialization
  ✔ cold read resolves real runtime scope and leaves print/dye execution ledgers untouched (309.653125ms)
  ✔ scoped cold result equals original complete enumeration after the same actual ID resolution (509.640542ms)
  ✔ production with print/dye uses all existing preparation facts and keeps unknown IDs unknown (404.825959ms)
  ✔ live explicit cross-order reference and cancellation facts survive scoped reading (36.150708ms)
  ✔ real persisted cancellation restores through the original validated path in a new process (1254.75425ms)
  ✔ QC reads real fact quantities and renders explicit missing artwork without placeholder network dependency (149.976209ms)
✔ execution source relations retain full facts without unrelated cold initialization (3191.924416ms)
(node:14212) ExperimentalWarning: localStorage is not available because --localstorage-file was not provided.
(Use `node --trace-warnings ...` to show where the warning was created)
✔ production source time uses explicit Shanghai time and rejects date-only completion (1.174458ms)
✔ DDS tasks use demand identity and do not invent preparation, budgets, shipment quantities or orders (7.329083ms)
✔ source bindings require existing same-style preparation and published technical version (1.118083ms)
✔ reuse preserves its source/version and does not add past preparation duration (3.431083ms)
✔ explicit unneeded work is excluded but unconfirmed missing work remains a decision, never zero-day completion (1.206083ms)
✔ explicit dependencies preserve parallel entries and repeated processes instead of serial sorting (1.740459ms)
✔ missing explicit predecessors do not become confirmed parallel roots (0.610375ms)
✔ missing predecessor and material SKU discontinuity block route certainty without fabricated edges (0.554042ms)
✔ cyclic source dependency stays a blocking issue and source objects remain unchanged (0.640667ms)
✔ read snapshot uses all current demand records without private Mock tasks or automatic same-style preparations (138.261292ms)
✔ continuous material SKU edges stay confirmed while an unconfirmed route remains pending (0.294167ms)
✔ unverified reuse does not fabricate a completed zero-day result (0.167041ms)
✔ binding writes only the DDS association key and is reflected by the next read (23.124459ms)
✔ execution source uses exact production-order identity, assigned factory and responsibility deadline (0.885584ms)
✔ only a unique exact technical entry binds execution to route; same-name and split executions stay independent (3.452125ms)
✔ preparation-only source cycles are blocked without depending on a technical pack branch (0.357458ms)
✔ source time and manual forecast stay separate from frozen rule examples and missing SLA (0.857958ms)
✔ cancelled execution is not a late blocker and unfinished status cannot borrow a stale completion timestamp (0.343667ms)
✔ document summaries are factual, compact strings; decisions without a document stay unbound (0.182333ms)
✔ formal preparation output connects the exact confirmation, route entry and production version (0.584125ms)
✔ technical object identity and its material photo are retained without using the style photo (0.951667ms)
✔ material transfer has serial dispatch, transport and receipt with separate responsibility and source identity (0.603834ms)
✔ approval, sent quantities and delivery-note registration cannot prove physical handout or logistics delivery (0.25825ms)
✔ actual handout starts transportation but factory receipt never backfills logistics delivery or reception start (0.62675ms)
✔ receipt quantities require the same source line, target factory and unit; mixed units never close reception (1.313792ms)
✔ voided transfers keep evidence but no effective supply or transport completion (2.361458ms)
✔ a document handout timestamp does not complete unshipped or partially shipped source lines (0.571416ms)
✔ only preparation-bound purchase documents are included, and purchase completion never invents warehouse arrival (0.219041ms)
✔ quality is scoped to its recorded sample and does not establish shipment orders or whole-order completion (0.610333ms)
✔ current source snapshot exposes matching handover, quality and transfer documents, not generic placeholders alone (13.51025ms)
✔ only a real same-version production order becomes a root execution predecessor (1.058542ms)
✔ task lead blocker matches dependency analysis instead of blaming an unstarted downstream deadline (0.145375ms)
✔ failed inspection exposes the concrete unqualified quantity as blocker reason (0.640042ms)
✔ category sample images never stand in for a source style; a dedicated source image is retained (0.295209ms)
(node:14213) ExperimentalWarning: localStorage is not available because --localstorage-file was not provided.
(Use `node --trace-warnings ...` to show where the warning was created)
✔ 当前非 Mock 需求可保存显式工作映射，序列化后可恢复且不改来源事实 (165.074209ms)
✔ 未保存映射、规则空天数、事件范围变化与同级冲突分别给出真实阻断 (9.472208ms)
✔ 同一工作不得存两份口径，来源身份变化或未知数量不允许保存 (12.002209ms)
✔ 工作单位不换算、通配值不充当事实、里程碑不重复加预算 (11.7195ms)
✔ 来源任务发布单项预算后保持整体待定，刷新覆盖和已有截止均保留 (10.232083ms)
✔ 缺准备或实发范围时即使要求首次建基线也阻断，并且不写覆盖 (16.383833ms)
✔ 已确认的未来发货工作尚无实发事实也可建 T0+最长路径基线，缺进度只影响预测 (4.508041ms)
✔ 已发布后来源工作身份变化，不把旧映射预算套到新单据 (5.835583ms)
✔ 配置页面保存映射到本地，空天数发布被阻断，填写预算后实际发布当前来源任务 (18.505958ms)
✔ 查生产入口只在合法系统路由显示，并在打印与 PDA 路由隐藏 (0.599334ms)
✔ 相似前缀和相似打印段不会被当成合法路由 (0.0735ms)
(node:14215) ExperimentalWarning: localStorage is not available because --localstorage-file was not provided.
(Use `node --trace-warnings ...` to show where the warning was created)
✔ PERF-001: runtime snapshot and all nine subsets preserve every production order value and caller isolation (26.792875ms)
✔ PERF-001: a subset read does not traverse or clone unrelated snapshot sections (0.583792ms)
✔ PERF-001: paper pattern binding strips and nested craft arrays remain isolated after mutation (0.265792ms)
✔ PERF-001: replacing or updating the bound snapshot is visible immediately without a stale cache (0.207583ms)
✔ PERF-001: missing production order keeps null and empty-list contracts (0.088334ms)
(node:14216) ExperimentalWarning: localStorage is not available because --localstorage-file was not provided.
(Use `node --trace-warnings ...` to show where the warning was created)
✔ VERIFY-003: scoped reads preserve pending/voided sources and defensive copies (2.42825ms)
✔ VERIFY-003: metadata lookup reflects registry changes and returns independent locations (6.550208ms)
✔ 备份恢复不能借原票编号伪造另一种面料的交出回执 (0.864375ms)
✔ 部位票缓存感知已提交事件版本，重复读取同一版本不失效 (0.680041ms)
✔ 按名称排朴，空名拒绝，同名不同编码/颜色保留独立身份 (0.553291ms)
✔ 初始每面料一张，重复分配幂等；新增与补打不混淆 (0.999709ms)
✔ 改派未交票失效，已交历史不抹除，新范围递增序号 (2.062708ms)
✔ 部分出纸仅确认勾选票；重复确认不增加次数，内容变化拒绝 (0.338208ms)
✔ 整个批次多袋并集检查，非本次袋不可借用，顺序无关 (0.592292ms)
✔ 同任务同工厂历史可满足；不同任务或换厂必须另交 (0.328584ms)
✔ 三方自行裁剪排除，资料缺失与无需面料分开判断 (0.1175ms)
✔ 混装按类型和单位分项，换片布不能拆成非5 Yard (0.239083ms)
✔ 局域网 HTTP 的摘要与原生 SHA-256 相同，既有票号不变化 (12.796708ms)
(node:14222) ExperimentalWarning: localStorage is not available because --localstorage-file was not provided.
(Use `node --trace-warnings ...` to show where the warning was created)
✔ 混装打印保留裁片矩阵，捆条和换片布独立附页，不合并单位 (5.457834ms)
✔ 纯换片布袋可生成货物标识，不制造尺码和部位 (0.256084ms)
✔ 混装标签拒绝换片布错误长度、作废票和混生产单 (0.540875ms)
✔ 生产单按单记录；变更一单不重写其他单和任务 (2.202042ms)
✔ 运行任务独立保存覆盖、拆分、合并、改派及序号，往返保留身份 (0.75025ms)
✔ 有效分配索引、独立记录、审计及序号完整往返，拒绝重复身份和损坏格式 (0.44625ms)
✔ 拒绝空字符串，不吞掉损坏记录 (0.069625ms)
✔ 拒绝数组根，不吞掉损坏记录 (0.056042ms)
✔ 拒绝生产单数组实体，不吞掉损坏记录 (0.0495ms)
✔ 拒绝生产单空编号，不吞掉损坏记录 (0.040042ms)
✔ 拒绝生产单损坏快照，不吞掉损坏记录 (0.041292ms)
✔ 拒绝任务覆盖数组，不吞掉损坏记录 (0.054708ms)
✔ 拒绝任务覆盖身份，不吞掉损坏记录 (0.08925ms)
✔ 拒绝拆分来源身份，不吞掉损坏记录 (0.053541ms)
✔ 拒绝拆分子项损坏，不吞掉损坏记录 (0.042625ms)
✔ 拒绝合并明细损坏，不吞掉损坏记录 (0.052208ms)
✔ 拒绝改派任务身份，不吞掉损坏记录 (0.032417ms)
✔ 拒绝不安全序号，不吞掉损坏记录 (0.031ms)
✔ 拒绝重复Map键，不吞掉损坏记录 (0.034584ms)
✔ 拒绝current非数组，不吞掉损坏记录 (0.034083ms)
✔ 拒绝current孤儿，不吞掉损坏记录 (0.037834ms)
✔ 拒绝current跨任务，不吞掉损坏记录 (0.036ms)
✔ 拒绝current重复引用，不吞掉损坏记录 (0.030542ms)
✔ 拒绝审计孤儿，不吞掉损坏记录 (0.031875ms)
✔ 已保存实体损坏编号、缺少meta或重复meta不能伪造正常空源 (0.136541ms)
✔ 未登记key及空白JSON拒绝；null明确代表没有覆盖 (0.049292ms)
✔ 备份校验拒绝未知来源集合、伪造迁移身份及丢失检查点实体 (0.937125ms)
(node:14224) ExperimentalWarning: localStorage is not available because --localstorage-file was not provided.
(Use `node --trace-warnings ...` to show where the warning was created)
✔ 分配 SKU 的需料不同；多尺码共料去重，名称含朴排除 (1.1635ms)
✔ 完整但全是朴为空集合；缺颜色映射或空名称属于资料错误 (0.339583ms)
✔ 同名不同编码面料不混并；BOM 身份歧义阻断 (0.212333ms)
✔ 交出回执从快照保留三种明细，Yard 与米不进入裁片数量 (1.161375ms)
✔ 回执任务读取保持数组身份；只在事实变更后重新投影 (0.610333ms)
✔ 款式需料读取的配置查询只返回独立副本，不能污染下次来源读取 (0.466625ms)
✔ 来源读取失败时不能把不可用哨兵值当作稳定分配继续保存 (0.390583ms)
✔ 并发调用复用同一个模块加载 Promise，成功后继续复用结果 (0.735584ms)
✔ 模块加载失败后清空缓存，下一次调用可以重试 (0.255625ms)
✔ 独立打印外壳只命中完整生产确认单打印路由 (0.48825ms)
✔ 既有固定打印路由仍使用独立打印外壳 (0.122167ms)
✔ technical version reads do not write when storage is full (first visit) (276.249542ms)
✔ technical version reads do not write when storage is full (saved data) (258.68975ms)
✔ 五类页面共享采购到交出的串联 Mock，重复初始化不重置执行事实 (224.431833ms)
✔ 补齐串联 Mock 时压缩历史大签名，避免浏览器存储接近上限导致页面路由失败 (272.046917ms)
✔ 三个中央工厂在组织目录与执行工厂中身份一致且仅出现一次 (0.446542ms)
✔ 花边角色与采购映射归属TMF但供应方仍保留独立身份 (0.072625ms)
✔ 橡筋定长切割仍归SPF，不成为TMF织带截断任务 (0.090708ms)
✔ 旧浏览器组织记录迁移后不与权威TMF并存且保留已有联系人 (2.415125ms)
(node:14233) ExperimentalWarning: localStorage is not available because --localstorage-file was not provided.
(Use `node --trace-warnings ...` to show where the warning was created)
✔ 连续织带实际650米交出→648+2实收→染色可用650，仓库和用料保持米制且无公斤换算 (12.212042ms)
✔ 连续长度口径不可用于纱线/码制，普通辅料仍要求实际称重 (0.585666ms)
✔ 原生连续辅料染色650→640：实际工厂实收及用料驱动加工，使用对象对应蓝色织带参考图 (517.816833ms)
(node:14234) ExperimentalWarning: localStorage is not available because --localstorage-file was not provided.
(Use `node --trace-warnings ...` to show where the warning was created)
✔ 织带与绳子参考档案接入实际物料库，保留图片来源和未确认尺寸，不替换橡筋 (56.877084ms)
✔ 同分钟新建不同幅宽织带和绳径主档不共用SPU身份，SKU保持各自父档归属 (141.259ms)
✔ TMF半成品SKU按SPU→潘通色号→颜色→花型生成，长度和端头不进入SKU (0.309708ms)
(node:14236) ExperimentalWarning: localStorage is not available because --localstorage-file was not provided.
(Use `node --trace-warnings ...` to show where the warning was created)
✔ TMF发布采用链：技术包发布门禁→审核发布→启用→生产单采用→生成织带加工需求 (878.715584ms)
✔ TMF发布门禁：含织带截断工序但规格未补齐的采用版本不能发布 (27.293292ms)
✔ 正式生产路线只关联相邻同BOM同SKU的染色→印花，不生成数量或修改来源 (0.949333ms)
✔ 跨单/版本/工序/用途/SKU/单位、缺工厂与已有其他接收单都不能接续 (0.254416ms)
✔ 印花连续辅料仅接同版本同BOM的直接截断节点，不修改SKU和数量 (1.936125ms)
✔ 染色来源已绑定印花时拒绝直接截断，不读取不存在的顶层字段 (0.354375ms)
✔ TMF V1 原型范围、工厂身份和现场默认参数已冻结 (0.673959ms)
✔ TMF 风险动作默认要求主管与二次确认，采购行身份不可丢失 (0.068833ms)
{"scenario":"N02","scope":"业务动作主链含纱线重量账；含端头辅材采购实收；不含PCS发布采用页面、纱线采购上游","purchaseReceived":1300,"productionReceived":1000,"warehouseContinuousM":30,"netCutM":1260,"lossM":10,"headUnit":"个","headReceived":2020,"headRemaining":15}
{"scenario":"N03","scope":"业务动作主链含纱线重量账；含端头辅材采购实收；不含PCS发布采用页面、纱线采购上游","purchaseReceived":60,"productionReceived":100,"warehouseContinuousM":9,"netCutM":50,"lossM":1,"headUnit":"个","headReceived":202,"headRemaining":1}
{"scenario":"N04","scope":"业务动作主链含纱线重量账；含端头辅材采购实收；不含PCS发布采用页面、纱线采购上游","purchaseReceived":100,"productionReceived":50,"warehouseContinuousM":34,"netCutM":65,"lossM":1,"headUnit":"kg","headReceived":0.2,"headRemaining":0.04}
{"scenario":"B06","scope":"规范数量动作链；塑料头从仓库实收事实开始，补购基础生产未虚构纱线配方；不代表全部页面验收","continuous":9,"productionReceived":1000,"scrapped":100,"scrappedMeters":120,"loss":11,"metalRemaining":15,"plasticRemaining":2}
{"scenario":"N05","mergedBatch":"FULL-N05-MERGED","purchaseReceivedM":120,"mergedIssuedM":102,"mergedProducedPieces":200,"productionReceivedByOrder":[100,100],"warehouseContinuousM":19,"lossM":1,"returnedM":1}
{"scenario":"B17","mergedBatch":"FULL-B17-MERGED","purchaseReceivedM":120,"mergedIssuedM":102,"mergedProducedPieces":200,"productionReceivedByOrder":[100,100],"warehouseContinuousM":19,"lossM":1,"returnedM":1}
{"scenario":"N01","rawReceivedKg":12,"consumedKg":10,"returnedKg":1,"factoryRemainingKg":1,"semiFinishedReceivedM":1000}
{"scenario":"N02","rawReceivedKg":12,"consumedKg":10,"returnedKg":1,"factoryRemainingKg":1,"semiFinishedReceivedM":1300}
{"scenario":"N03","rawReceivedKg":12,"consumedKg":10,"returnedKg":1,"factoryRemainingKg":1,"semiFinishedReceivedM":60}
{"scenario":"N04","rawReceivedKg":12,"consumedKg":10,"returnedKg":1,"factoryRemainingKg":1,"semiFinishedReceivedM":100}
{"scenario":"N05","rawReceivedKg":12,"consumedKg":10,"returnedKg":1,"factoryRemainingKg":1,"semiFinishedReceivedM":120}
{"scenario":"PRINTBACK-source-fixture","nativePrint":{"inputM":650,"outputM":630,"lossM":20,"outputImage":"MISSING_BLOCKED"},"sourceDispatched":630,"actualReceived":630,"cutMeters":620,"lossMeters":2,"returnedMeters":8,"baseLeftMeters":350,"scope":"原生印花650→630已独立重放；下游630米交出仍为专项夹具，不替代缺图正式交出或N01完整上游"}
{"scenario":"B09-downstream-recovery","basePhysicalM":350,"otherReservedM":350,"baseAvailableM":0,"processedReturnM":8,"productionPieces":[400,600],"scope":"含实际占用失败、释放、发料及印花回料后全链；原生印染20米损耗未执行，不是完整B09通过"}
{"scenario":"B05-cut-recovery","received":[400,600],"frozenPieces":10,"frozenLengthMm":500,"continuous":2.5,"cutLoss":2.5,"upstreamScope":"印花630米已交出为外部专项夹具，不冒充原生印染20米损耗或全N01"}
(node:14240) ExperimentalWarning: localStorage is not available because --localstorage-file was not provided.
(Use `node --trace-warnings ...` to show where the warning was created)
✔ N01～N05：通过现有 PMS 入口下达，每条采购链从零执行到仓库实收；交出不提前增加库存 (17.240541ms)
✔ 半成品加工没有原料实收和足量耗用时禁止产出，补齐同一原料链后才能填报 (4.740958ms)
✔ MOCK-007：规范场景使用同一采购行、基础单和生产需求身份，不复制孤立页面 Mock (3.023917ms)
✔ MOCK-009：重置只重载隔离的运行态，不清除用户浏览器数据 (0.333042ms)
✔ B01/B03：短收保留在途和采购缺口；重复扫描、生成和刷新不双记 (0.8275ms)
✔ B02/B04：多收、错 SKU、错仓和无权限动作不改变任意下游数量；恢复后正常收齐 (1.522584ms)
✔ OVR-001～003：超产与超收须主管二次确认，计划不扩、幂等且下游一致 (4.053625ms)
✔ MASTER-001～003/005：采购与端头采购映射原型内建主档，缺失阻断且身份稳定 (4.492125ms)
✔ MASTER-004：映射前历史记录保留原快照与未映射标记，不批量改写 (0.787375ms)
✔ TERM-001～005：取消后终止处置台逐项决定，未处置不得结案且数量对账守恒 (7.043125ms)
✔ 终止连续余料：实物余量只扣一次报废，拒绝超量且剩余数量可继续处置 (7.483959ms)
✔ GAP-TERM-004：上游未收与生产在途分别确认去向，不可重复登记 (0.98025ms)
✔ DYE-001～003：染色直交织带厂按实际交出分配实收，追溯原染色单且不重复扣料 (445.606125ms)
✔ 采购追加：未开始同步计划，已执行保留原计划和实物并处理变更 (5.607042ms)
✔ B21：保存失败不报成功、不留部分库存；成功后刷新读取同一采购和收货事实 (1.270083ms)
✔ 采购→两种规格截断→拆包回仓→分配发料→生产实收：短收保留缺口，库存及采购不双记 (22.360375ms)
✔ B09：其他需求占用400米时不能再占650；释放50后恢复，错误发料不改变库存 (6.129458ms)
✔ 需求来源：同尺码不同成衣SKU分别保留，BOM适用范围生效，错误快照和重复工序阻断 (0.5315ms)
✔ 待打头条料不计合格产出；超公差实物记不良且照实扣下料当量，未实收不可截断 (34.413084ms)
✔ N04：采购100米→单端硅胶按kg实耗→回仓发料→生产实收50根，连续料剩34米 (25.850292ms)
✔ B15：截断后取消保留1000根在制和1260米当量，释放未发占用并只退连续余料 (24.486083ms)
✔ 已回仓部分发料后取消：释放未发分配，冻结实存，已发在途保留且实收不恢复需求 (17.954334ms)
✔ N02规范数值：采购→实际加工→生产实收及米料/辅材退仓整链 (74.5995ms)
✔ N03规范数值：采购→实际加工→生产实收及米料/辅材退仓整链 (58.690333ms)
✔ N04规范数值：采购→实际加工→生产实收及米料/辅材退仓整链 (60.46475ms)
✔ B06规范恢复：误装100根报废→补购100米并补做→生产实收1000根，三套实物账守恒 (120.2205ms)
✔ N05合并批：120米采购→102米合并投入→两生产单各实收100，B17独立副本拆100为40+60 (80.45875ms)
✔ B17合并批：120米采购→102米合并投入→两生产单各实收100，B17独立副本拆100为40+60 (97.878667ms)
✔ N01～N05基础原料重量账：源仓实收→发出→工厂实收→耗用/余料→原仓实收，与米制产出独立 (224.121875ms)
✔ 主生产单暂停/取消直接限制织带执行，已发实收保留且取消处置释放未发占用 (64.400708ms)
✔ 冷启动及旧标签页均读取已保存主单限制，损坏来源不默许执行 (0.2605ms)
✔ 印花交出按两种长度分配，原单分次实收唯一记账，随后截断/回仓/领料守恒 (352.399792ms)
✔ 主单离页保存保留其他页取消及新增单，同单并发编辑和存储失败不覆盖 (2.226667ms)
✔ 技术包换版后旧规格冻结，已交出的仓库及生产在途可实收且不改旧长度 (61.368542ms)
✔ 未发料换版释放旧占用，新需求从备料至生产实收，旧预览和已执行重算阻断 (92.492042ms)
✔ 已加工换版：旧200条冻结并释放未发分配，新550/700mm需求实收1000条，旧预览失效且库存守恒 (118.965ms)
✔ B05实际410/590错配：短条余量冻结，连续余料8米补10条700mm至两规格生产实收 (201.352458ms)
✔ 加工计划时间独立保存：明确时区、并发版本阻断、实际节点不倒推开完工且库存不变 (27.096625ms)
✔ 加工单费用按技术包需求计价：单位、币种和版本可追溯，库存与实收不被费用动作改变 (19.617625ms)
✔ 织带加工单没有接单或开工门禁，投入实收后可直接加工填报 (51.335375ms)
✔ B23未执行采购1000减900：版本留痕、旧预览阻断、重新确认接受后900实际生产实收 (51.728333ms)
✔ B24实收1000退100：仓库交出与TMF分次实收独立，原收保留且净900后减量 (86.065917ms)
✔ 采购取消门禁：无执行事实可取消，已收货或已生产必须先处置不能直接结案 (47.710167ms)
✔ PMS采购实际仓库实收与原料库存一次保存；分批、刷新、原料使用和退回均不重复履约 (416.464667ms)
✔ 历史手工到货及不支持的单位不能直接变成投入料可用库存 (4.160333ms)
✔ 首次实收前供应商确认与关闭可刷新恢复，保存失败和损坏存储不会覆盖状态 (0.800667ms)
✔ N01采用路线按染色→印花关联原单，多尺码不重复列工序，不修改印染数量 (9.131667ms)
✔ 旧版本、错误SKU、码制单位、取消或变更待处理均不作为有效关联 (3.022417ms)
✔ 同号不同生产单或BOM不得关联，重复来源不静默选择，混合快照阻断 (0.325375ms)
✔ 编辑器按尺码保留规格，截断打头不新建SKU，重复保存沿用节点身份 (11.147875ms)
✔ 无印染要求时 TMF 路线只生成截断节点，不凭空生成染色或印花节点 (0.555083ms)
✔ 前序印染产出SKU作为截断投入；保留独立橡筋工艺，移除打头后下游连接截断 (1.808ms)
✔ 未明确打头、错误辅料BOM、无半成品和不合法前序不能生成可执行路线 (0.481208ms)
(node:14257) ExperimentalWarning: localStorage is not available because --localstorage-file was not provided.
(Use `node --trace-warnings ...` to show where the warning was created)
✔ N01：400 条 50CM 和 600 条 70CM 分行计算，共 620 米；未增加 SKU (1.269084ms)
✔ 缺少尺码数量、非整数条数、公差或测量条件时不猜测需求 (0.325292ms)
✔ B07：未选择打头、缺少端头方式或辅材不能确认；支持两端不同端头 (0.398667ms)
✔ N04/B08：硅胶按重量且必须有覆盖长度，不作为独立金属头计数 (0.36875ms)
✔ B18：打头只能承接对应截断条料，不能换 SKU、换长度或重新领连续料 (0.640291ms)
✔ N05：规格相同可以合并，但尺码、用途和需求身份不靠物理规格键代替 (0.229333ms)
✔ B14：修改后续版本端头要求不能污染生产单历史快照 (1.227917ms)
✔ 发布门禁：含织带截断工序的技术包必须规格完整且规格仍关联当前 BOM (0.190708ms)
ℹ tests 503
ℹ suites 0
ℹ pass 503
ℹ fail 0
ℹ cancelled 0
ℹ skipped 0
ℹ todo 0
ℹ duration_ms 10045.774458
vite v6.4.3 building for production...
transforming...
✓ 2712 modules transformed.
rendering chunks...
[plugin vite:reporter] 
(!) /private/tmp/higoods-replacement-fabric-release-20260925/src/data/app-shell-config.ts is dynamically imported by /private/tmp/higoods-replacement-fabric-release-20260925/src/router/routes.ts but also statically imported by /private/tmp/higoods-replacement-fabric-release-20260925/src/components/shell.ts, /private/tmp/higoods-replacement-fabric-release-20260925/src/state/store.ts, dynamic import will not move module into another chunk.

[plugin vite:reporter] 
(!) /private/tmp/higoods-replacement-fabric-release-20260925/src/components/production-object-floating-entry.ts is dynamically imported by /private/tmp/higoods-replacement-fabric-release-20260925/src/main.ts but also statically imported by /private/tmp/higoods-replacement-fabric-release-20260925/src/components/shell.ts, dynamic import will not move module into another chunk.

[plugin vite:reporter] 
(!) /private/tmp/higoods-replacement-fabric-release-20260925/src/data/fcs/production-context-records.ts is dynamically imported by /private/tmp/higoods-replacement-fabric-release-20260925/src/data/fcs/cutting/cutting-record-repository.ts, /private/tmp/higoods-replacement-fabric-release-20260925/src/main.ts but also statically imported by /private/tmp/higoods-replacement-fabric-release-20260925/src/data/fcs/cutting/cutting-event-repository.ts, /private/tmp/higoods-replacement-fabric-release-20260925/src/data/fcs/cutting/replacement-fabric-repository.ts, /private/tmp/higoods-replacement-fabric-release-20260925/src/data/fcs/cutting/replacement-fabric-source.ts, /private/tmp/higoods-replacement-fabric-release-20260925/src/data/fcs/effective-task-assignments.ts, /private/tmp/higoods-replacement-fabric-release-20260925/src/data/fcs/production-context-actions.ts, /private/tmp/higoods-replacement-fabric-release-20260925/src/data/fcs/production-order-runtime-store.ts, /private/tmp/higoods-replacement-fabric-release-20260925/src/data/fcs/production-orders.ts, /private/tmp/higoods-replacement-fabric-release-20260925/src/data/fcs/runtime-process-tasks.ts, /private/tmp/higoods-replacement-fabric-release-20260925/src/pages/process-factory/cutting/replacement-fabric-data-tools.ts, /private/tmp/higoods-replacement-fabric-release-20260925/src/pages/production-context-recovery.ts, dynamic import will not move module into another chunk.

[plugin vite:reporter] 
(!) /private/tmp/higoods-replacement-fabric-release-20260925/src/data/fcs/printing-task-domain.ts is dynamically imported by /private/tmp/higoods-replacement-fabric-release-20260925/src/data/fcs/dyeing-task-domain.ts, /private/tmp/higoods-replacement-fabric-release-20260925/src/data/fcs/tmf-upstream-process-orders.ts, /private/tmp/higoods-replacement-fabric-release-20260925/src/data/pms/tmf-material-purchases.ts, /private/tmp/higoods-replacement-fabric-release-20260925/src/pages/process-factory/accessory/webbing/work-order-detail.ts, /private/tmp/higoods-replacement-fabric-release-20260925/src/pages/process-factory/accessory/webbing/work-order-detail.ts but also statically imported by /private/tmp/higoods-replacement-fabric-release-20260925/src/data/fcs/cutting/material-prep.ts, /private/tmp/higoods-replacement-fabric-release-20260925/src/data/fcs/cutting/supplement-node-facts.ts, /private/tmp/higoods-replacement-fabric-release-20260925/src/data/fcs/design-revision-material-transfer.ts, /private/tmp/higoods-replacement-fabric-release-20260925/src/data/fcs/design-revision-process-work-order-adapter.ts, /private/tmp/higoods-replacement-fabric-release-20260925/src/data/fcs/factory-receiving-links.ts, /private/tmp/higoods-replacement-fabric-release-20260925/src/data/fcs/factory-receiving-source-sync.ts, /private/tmp/higoods-replacement-fabric-release-20260925/src/data/fcs/mobile-execution-task-index.ts, /private/tmp/higoods-replacement-fabric-release-20260925/src/data/fcs/pda-start-link.ts, /private/tmp/higoods-replacement-fabric-release-20260925/src/data/fcs/printing-factory-demos.ts, /private/tmp/higoods-replacement-fabric-release-20260925/src/data/fcs/printing-material-receipts.ts, /private/tmp/higoods-replacement-fabric-release-20260925/src/data/fcs/printing-statistics.ts, /private/tmp/higoods-replacement-fabric-release-20260925/src/data/fcs/printing-warehouse-view.ts, /private/tmp/higoods-replacement-fabric-release-20260925/src/data/fcs/printing-work-order-business.ts, /private/tmp/higoods-replacement-fabric-release-20260925/src/data/fcs/process-action-writeback-service.ts, /private/tmp/higoods-replacement-fabric-release-20260925/src/data/fcs/process-execution-writeback.ts, /private/tmp/higoods-replacement-fabric-release-20260925/src/data/fcs/process-mobile-task-binding.ts, /private/tmp/higoods-replacement-fabric-release-20260925/src/data/fcs/process-warehouse-linkage-service.ts, /private/tmp/higoods-replacement-fabric-release-20260925/src/data/fcs/process-web-status-actions.ts, /private/tmp/higoods-replacement-fabric-release-20260925/src/data/fcs/process-work-order-domain.ts, /private/tmp/higoods-replacement-fabric-release-20260925/src/data/fcs/process-work-order-generation-service.ts, /private/tmp/higoods-replacement-fabric-release-20260925/src/data/fcs/production-demand-early-process-work-orders.ts, /private/tmp/higoods-replacement-fabric-release-20260925/src/data/fcs/production-object-overview.ts, /private/tmp/higoods-replacement-fabric-release-20260925/src/data/fcs/production-process-work-order-service.ts, /private/tmp/higoods-replacement-fabric-release-20260925/src/data/fcs/task-print-cards.ts, /private/tmp/higoods-replacement-fabric-release-20260925/src/pages/pcs-independent-sampling.ts, /private/tmp/higoods-replacement-fabric-release-20260925/src/pages/pda-exec-detail.ts, /private/tmp/higoods-replacement-fabric-release-20260925/src/pages/pda-exec.ts, /private/tmp/higoods-replacement-fabric-release-20260925/src/pages/pda-task-receive.ts, /private/tmp/higoods-replacement-fabric-release-20260925/src/pages/print/templates/printing-work-order-template.ts, /private/tmp/higoods-replacement-fabric-release-20260925/src/pages/process-factory/cutting/production-order-overview-projection.ts, /private/tmp/higoods-replacement-fabric-release-20260925/src/pages/process-factory/dyeing/pending-receipts.ts, /private/tmp/higoods-replacement-fabric-release-20260925/src/pages/process-factory/printing/dashboards.ts, /private/tmp/higoods-replacement-fabric-release-20260925/src/pages/process-factory/printing/dialogs.ts, /private/tmp/higoods-replacement-fabric-release-20260925/src/pages/process-factory/printing/dispatch.ts, /private/tmp/higoods-replacement-fabric-release-20260925/src/pages/process-factory/printing/events.ts, /private/tmp/higoods-replacement-fabric-release-20260925/src/pages/process-factory/printing/presentation.ts, /private/tmp/higoods-replacement-fabric-release-20260925/src/pages/process-factory/printing/shared.ts, /private/tmp/higoods-replacement-fabric-release-20260925/src/pages/process-factory/printing/statistics.ts, /private/tmp/higoods-replacement-fabric-release-20260925/src/pages/process-factory/printing/work-order-detail.ts, /private/tmp/higoods-replacement-fabric-release-20260925/src/pages/process-print-orders.ts, /private/tmp/higoods-replacement-fabric-release-20260925/src/pages/process-work-orders/early-process-management.ts, /private/tmp/higoods-replacement-fabric-release-20260925/src/runtime/fcs/cutting/pickup-management-runtime.ts, dynamic import will not move module into another chunk.

computing gzip size...
dist/index.html                                                           1.25 kB │ gzip:   0.63 kB
dist/assets/pcs-pattern-parse.worker-B3_rAVMB.js                         18.52 kB
dist/assets/source-views-23Nr_RHD.css                                    34.63 kB │ gzip:   7.04 kB
dist/assets/index-DkHkpfSK.css                                          154.85 kB │ gzip:  25.42 kB
dist/assets/store-domain-quality-bootstrap-DwKF-5HU.js                    0.38 kB │ gzip:   0.25 kB
dist/assets/sample-warehouse-projection-CQx34ZyT.js                       0.39 kB │ gzip:   0.25 kB
dist/assets/dialogs-BmmWyhDo.js                                           0.58 kB │ gzip:   0.31 kB
dist/assets/pcs-style-demo-image-GDjoPqJf.js                              0.59 kB │ gzip:   0.28 kB
dist/assets/tech-pack-CGyyuvhj.js                                         0.63 kB │ gzip:   0.34 kB
dist/assets/badge-CTqOhP_Y.js                                             0.78 kB │ gzip:   0.42 kB
dist/assets/images-Q79qfJD0.js                                            0.80 kB │ gzip:   0.35 kB
dist/assets/pms-export-D3fCtnjt.js                                        0.83 kB │ gzip:   0.50 kB
dist/assets/placeholder-DL4cA2ew.js                                       0.85 kB │ gzip:   0.47 kB
dist/assets/pda-cutting-save-IQ8WL5Nb.js                                  0.88 kB │ gzip:   0.60 kB
dist/assets/trace-C6xxM46Y.js                                             0.89 kB │ gzip:   0.51 kB
dist/assets/execution-prep-projection-helpers-D6vfQMKx.js                 0.90 kB │ gzip:   0.44 kB
dist/assets/runtime-DY769RIr.js                                           0.90 kB │ gzip:   0.61 kB
dist/assets/history-Cj0qtqyd.js                                           0.98 kB │ gzip:   0.63 kB
dist/assets/payment-sync-BM4iqW6M.js                                      1.01 kB │ gzip:   0.64 kB
dist/assets/print-service-Chq61wbl.js                                     1.04 kB │ gzip:   0.52 kB
dist/assets/pda-sewing-self-return-mode-CVT5AEl1.js                       1.07 kB │ gzip:   0.54 kB
dist/assets/detail.adapter-CjK5MWF2.js                                    1.08 kB │ gzip:   0.68 kB
dist/assets/process-work-order-generation-service-DIwROs0-.js             1.08 kB │ gzip:   0.66 kB
dist/assets/dyeing-material-receipts-DmyQYjeQ.js                          1.11 kB │ gzip:   0.73 kB
dist/assets/dialogs-AkCKnQAA.js                                           1.12 kB │ gzip:   0.51 kB
dist/assets/pda-runtime-CKEYLO0V.js                                       1.16 kB │ gzip:   0.64 kB
dist/assets/replacement-fabric-scan-JP9yjlCz.js                           1.28 kB │ gzip:   0.81 kB
dist/assets/overview-j4m2_RGJ.js                                          1.29 kB │ gzip:   0.71 kB
dist/assets/process-work-order-source-view-DGhhFwsw.js                    1.31 kB │ gzip:   0.58 kB
dist/assets/transfer-bag-handover-mock-yYTkgZ9x.js                        1.31 kB │ gzip:   0.71 kB
dist/assets/work-order-action-policy-BITV8wZU.js                          1.34 kB │ gzip:   0.68 kB
dist/assets/filter-bar-Cu_XeHYq.js                                        1.49 kB │ gzip:   0.81 kB
dist/assets/material-identity-BXTsmvvx.js                                 1.54 kB │ gzip:   0.85 kB
dist/assets/supplement-material-prep-demand-registry-DI-N3DvB.js          1.56 kB │ gzip:   0.75 kB
dist/assets/warehouse-shared-DvLja0CD.js                                  1.57 kB │ gzip:   0.51 kB
dist/assets/pda-cutting-wait-handover-actions-DG6My_yc.js                 1.58 kB │ gzip:   0.62 kB
dist/assets/task-handover-domain-S-XseMyh.js                              1.58 kB │ gzip:   0.77 kB
dist/assets/work-order-detail-DckveT3D.js                                 1.70 kB │ gzip:   0.78 kB
dist/assets/task-chain-pages-adapter-6Fao08Qz.js                          1.72 kB │ gzip:   0.85 kB
dist/assets/real-qr-Cl0NSjBe.js                                           1.74 kB │ gzip:   0.93 kB
dist/assets/production-contract-print-Dm6h4BjT.js                         1.77 kB │ gzip:   1.06 kB
dist/assets/real-barcode-BZcXfQbp.js                                      1.81 kB │ gzip:   0.96 kB
dist/assets/wool-pda-scan-DN7TvX4g.js                                     1.81 kB │ gzip:   1.00 kB
dist/assets/tmf-upstream-receiving-VRFyA6vn.js                            1.84 kB │ gzip:   1.14 kB
dist/assets/production-context-recovery-CUusYvfW.js                       1.87 kB │ gzip:   1.10 kB
dist/assets/toast-d_PZN_7u.js                                             1.87 kB │ gzip:   0.90 kB
dist/assets/mixed-transfer-bag-ticket-DETTPWFm.js                         1.89 kB │ gzip:   0.79 kB
dist/assets/kol-goto-fixed-total-ledger-Df4Ddnk4.js                       1.93 kB │ gzip:   0.92 kB
dist/assets/list-export-BzQ9wAvg.js                                       1.99 kB │ gzip:   1.18 kB
dist/assets/printing-sheet-preview-DSmDmf5C.js                            2.03 kB │ gzip:   1.06 kB
dist/assets/table--3X0Bpwu.js                                             2.04 kB │ gzip:   1.02 kB
dist/assets/binding-process-pda-scan-jWt25R16.js                          2.18 kB │ gzip:   1.13 kB
dist/assets/special-craft-pda-scope-D_F8wxnh.js                           2.24 kB │ gzip:   1.02 kB
dist/assets/mixed-bag-contents-CYLx-ayx.js                                2.33 kB │ gzip:   1.29 kB
dist/assets/pda-cutting-simple-cut-piece-handover-BIeIeWrS.js             2.41 kB │ gzip:   1.22 kB
dist/assets/helpers-BFKa6pUf.js                                           2.42 kB │ gzip:   1.21 kB
dist/assets/tmf-work-order-view-vgySrVap.js                               2.56 kB │ gzip:   1.18 kB
dist/assets/pms-excel-import-DnMCWv6B.js                                  2.66 kB │ gzip:   1.32 kB
dist/assets/shared-bq_rnOGO.js                                            2.70 kB │ gzip:   1.02 kB
dist/assets/process-order-list-presentation-Cj062bXT.js                   2.71 kB │ gzip:   1.26 kB
dist/assets/marker-plan-projection-B-QRRKs2.js                            2.77 kB │ gzip:   1.18 kB
dist/assets/post-finishing-spu-technical-parameters-B2xiDyG6.js           2.79 kB │ gzip:   1.28 kB
dist/assets/authorization-code-DKRFMO2l.js                                2.91 kB │ gzip:   1.43 kB
dist/assets/process-order-task-relations-CqM13eAp.js                      2.97 kB │ gzip:   1.29 kB
dist/assets/production-order-identity-B6Ss8oSZ.js                         3.00 kB │ gzip:   1.24 kB
dist/assets/product-skus-CEt6Fukj.js                                      3.03 kB │ gzip:   0.96 kB
dist/assets/tabs-DsWxYkm0.js                                              3.09 kB │ gzip:   0.93 kB
dist/assets/progress-board-CRwNYpUl.js                                    3.09 kB │ gzip:   1.46 kB
dist/assets/pda-cutting-runtime-action-inputs-C2xrcIP0.js                 3.15 kB │ gzip:   1.09 kB
dist/assets/trade-subjects-B1U82DIE.js                                    3.16 kB │ gzip:   1.12 kB
dist/assets/tmf-upstream-process-orders-Dy0Z1nWY.js                       3.38 kB │ gzip:   1.61 kB
dist/assets/cutting-mainline-3ybEVOS2.js                                  3.41 kB │ gzip:   1.52 kB
dist/assets/confirmation-print-CGidgojS.js                                3.57 kB │ gzip:   1.48 kB
dist/assets/binding-process-warehouse-linkage-service-pVaH37FF.js         3.63 kB │ gzip:   1.38 kB
dist/assets/fcs-route-links-CvuIdL4x.js                                   3.67 kB │ gzip:   1.21 kB
dist/assets/quality-chain-adapter-BBlu-IUA.js                             3.68 kB │ gzip:   1.66 kB
dist/assets/shared-1TJ9_NT3.js                                            3.73 kB │ gzip:   1.70 kB
dist/assets/task-route-card-IuSl-9LD.js                                   3.83 kB │ gzip:   1.63 kB
dist/assets/task-delivery-card-DtLe8MwK.js                                3.89 kB │ gzip:   1.71 kB
dist/assets/shared-B34By7Ad.js                                            3.91 kB │ gzip:   1.64 kB
dist/assets/transfer-bag-repack-mock-C1hyBdSU.js                          3.95 kB │ gzip:   1.82 kB
dist/assets/sewing-outsourcing-demo-4DJiTKIR.js                           3.95 kB │ gzip:   1.58 kB
dist/assets/tipping-form-CtbhlDSI.js                                      4.07 kB │ gzip:   2.02 kB
dist/assets/wls-page-handlers-Buj6e5pc.js                                 4.09 kB │ gzip:   1.39 kB
dist/assets/dashboards-XNsl_wOq.js                                        4.10 kB │ gzip:   2.02 kB
dist/assets/transit-simple-lists-B55szmrN.js                              4.14 kB │ gzip:   1.46 kB
dist/assets/pda-wool-warehouse-flows-BaYNS5YE.js                          4.41 kB │ gzip:   2.35 kB
dist/assets/sewing-outsourcing-responsibility-BO-cV8Bq.js                 4.42 kB │ gzip:   1.96 kB
dist/assets/supplement-order-registry-CHnc7juB.js                         4.49 kB │ gzip:   1.76 kB
dist/assets/tmf-process-print-preview-Dq0MWj1B.js                         4.50 kB │ gzip:   2.14 kB
dist/assets/preparation-material-receipt-sources-CZ3sd1Qr.js              4.68 kB │ gzip:   1.95 kB
dist/assets/form-DjipsuRp.js                                              4.74 kB │ gzip:   1.40 kB
dist/assets/runtime-task-tenders-YGz6fHpq.js                              4.76 kB │ gzip:   1.94 kB
dist/assets/layout.helpers-Clzf55Jw.js                                    4.77 kB │ gzip:   1.73 kB
dist/assets/relations-Cl7APdYZ.js                                         4.77 kB │ gzip:   2.17 kB
dist/assets/transit-dashboard-DKPbctPb.js                                 4.85 kB │ gzip:   2.04 kB
dist/assets/routes-pda-BzBRF7Yt.js                                        4.93 kB │ gzip:   1.86 kB
dist/assets/result-list-gkm0IEau.js                                       4.94 kB │ gzip:   2.06 kB
dist/assets/routes-pcs-DfPvqBdG.js                                        4.99 kB │ gzip:   1.44 kB
dist/assets/store-domain-dispatch-process-CG-Xxzb8.js                     5.01 kB │ gzip:   1.95 kB
dist/assets/process-order-list-controller-CVsFRE0C.js                     5.07 kB │ gzip:   1.91 kB
dist/assets/process-work-order-quality-settlement-BYUgdm8l.js             5.33 kB │ gzip:   2.20 kB
dist/assets/dispatch-task-sheet-DoQTK9mf.js                               5.56 kB │ gzip:   2.65 kB
dist/assets/process-order-three-axis-view-js3GMXQC.js                     5.76 kB │ gzip:   2.32 kB
dist/assets/production-contract-center-CzAe9lYu.js                        5.81 kB │ gzip:   2.49 kB
dist/assets/transfer-bags-projection-Ba9xQ_j3.js                          5.91 kB │ gzip:   2.33 kB
dist/assets/pda-cutting-nav-context-DMdwiPMF.js                           5.95 kB │ gzip:   1.40 kB
dist/assets/pda-transfer-bag-detail-DKmIOJZn.js                           6.11 kB │ gzip:   2.25 kB
dist/assets/fcs-pda-pickup-dispute-B20ved40.js                            6.19 kB │ gzip:   2.19 kB
dist/assets/material-handover-DF0S43LE.js                                 6.25 kB │ gzip:   2.44 kB
dist/assets/fact-view-VJIoLDUw.js                                         6.29 kB │ gzip:   2.07 kB
dist/assets/warehouse-standard-C7RyrURx.js                                6.30 kB │ gzip:   2.10 kB
dist/assets/statistics-eEb7VA4B.js                                        6.35 kB │ gzip:   1.91 kB
dist/assets/craft-actions-xZiw13Ee.js                                     6.42 kB │ gzip:   2.91 kB
dist/assets/pcs-project-technical-data-writeback-Je7zw3qb.js              6.49 kB │ gzip:   2.52 kB
dist/assets/pda-notify-CgIxxf3z.js                                        6.53 kB │ gzip:   2.40 kB
dist/assets/pcs-technical-data-tech-pack-list-CtgCzXx4.js                 6.55 kB │ gzip:   2.49 kB
dist/assets/factory-receiving-links-BO_moi_A.js                           6.57 kB │ gzip:   2.63 kB
dist/assets/workbench-DJvIs2Gt.js                                         6.59 kB │ gzip:   2.67 kB
dist/assets/sewing-outsourcing-supplement-tracking-DtsuL__H.js            6.63 kB │ gzip:   2.89 kB
dist/assets/shared-DUJGDyeQ.js                                            6.82 kB │ gzip:   2.52 kB
dist/assets/production-contract-master-template-CEu_Tk9_.js               6.85 kB │ gzip:   2.74 kB
dist/assets/pcs-testing-order-create-BZAVgsSW.js                          6.89 kB │ gzip:   2.66 kB
dist/assets/dye-work-order-times-w7U4XCtx.js                              7.22 kB │ gzip:   2.55 kB
dist/assets/pda-cutting-execution-unit-CeWjXZyU.js                        7.24 kB │ gzip:   2.72 kB
dist/assets/shared-B39iNvO8.js                                            7.26 kB │ gzip:   2.55 kB
dist/assets/cutting-event-repository-CRaZ2pMN.js                          7.28 kB │ gzip:   3.27 kB
dist/assets/replacement-fabric-preview-C7ekuJKt.js                        7.30 kB │ gzip:   3.36 kB
dist/assets/overview.helpers-BP2F5Yu8.js                                  7.36 kB │ gzip:   2.88 kB
dist/assets/pda-notify-detail-DR_2aLvq.js                                 7.42 kB │ gzip:   2.36 kB
dist/assets/settlement-flow-boundaries-DbkSNas3.js                        7.43 kB │ gzip:   2.53 kB
dist/assets/pda-cutting-fei-ticket-numbering-CuElis7P.js                  7.44 kB │ gzip:   2.48 kB
dist/assets/pda-warehouse-B5pshT9z.js                                     7.52 kB │ gzip:   3.00 kB
dist/assets/transit-warehouse-CGN4xIMS.js                                 7.54 kB │ gzip:   2.13 kB
dist/assets/production-craft-dict-BByx6h0z.js                             7.55 kB │ gzip:   2.84 kB
dist/assets/sewing-outsourcing-return-tracking-DwibAOOJ.js                7.58 kB │ gzip:   2.84 kB
dist/assets/pcs-product-information-DHfEmU-4.js                           7.58 kB │ gzip:   3.31 kB
dist/assets/workbench-DG8IIvQU.js                                         7.65 kB │ gzip:   3.14 kB
dist/assets/tmf-process-sheet-template-NkvfIF-g.js                        7.69 kB │ gzip:   3.66 kB
dist/assets/supplement-node-facts-Bn8wMWqk.js                             7.77 kB │ gzip:   2.85 kB
dist/assets/pcs-material-archive-detail-DWTU7B_1.js                       7.80 kB │ gzip:   2.75 kB
dist/assets/pcs-testing-order-list-CBJFQlF7.js                            7.92 kB │ gzip:   3.05 kB
dist/assets/pda-cutting-transfer-bag-recovery-B1twb0K2.js                 8.03 kB │ gzip:   3.33 kB
dist/assets/production-contracts-BQHqrUN2.js                              8.06 kB │ gzip:   2.74 kB
dist/assets/progress-exception-lifecycle-BJx0gSBY.js                      8.09 kB │ gzip:   2.70 kB
dist/assets/routes-pms-BxdkEbHr.js                                        8.30 kB │ gzip:   2.11 kB
dist/assets/pda-cutting-transfer-bag-scrap-CIcRKc5i.js                    8.41 kB │ gzip:   3.47 kB
dist/assets/milestone-configs-C1Z7SoqS.js                                 8.42 kB │ gzip:   2.94 kB
dist/assets/statistics-B4NS8A_h.js                                        8.42 kB │ gzip:   3.65 kB
dist/assets/bom-templates-Br7_yp-y.js                                     8.47 kB │ gzip:   1.81 kB
dist/assets/pre-settlement-ledger-repository-CUFSvXv2.js                  8.64 kB │ gzip:   2.95 kB
dist/assets/pcs-pattern-library-config-BekUZc0n.js                        8.77 kB │ gzip:   2.39 kB
dist/assets/fei-ticket-numbering-BEh1uNTx.js                              8.82 kB │ gzip:   3.08 kB
dist/assets/bom-templates-5QDO4cMs.js                                     8.84 kB │ gzip:   3.68 kB
dist/assets/navigation-context-D4-2cpW8.js                                8.87 kB │ gzip:   2.46 kB
dist/assets/warehouses-DXIIcLc2.js                                        8.88 kB │ gzip:   2.11 kB
dist/assets/pda-cutting-shared-C5dns2Ov.js                                8.90 kB │ gzip:   2.74 kB
dist/assets/yarn-shipments-vgd3Rxat.js                                    8.96 kB │ gzip:   4.06 kB
dist/assets/list-xNld4Vwb.js                                              9.08 kB │ gzip:   3.03 kB
dist/assets/pda-execution-DczGnxa3.js                                     9.28 kB │ gzip:   3.67 kB
dist/assets/handover-records-D4ZspYAY.js                                  9.35 kB │ gzip:   3.56 kB
dist/assets/pda-login-tSkk0HQM.js                                         9.43 kB │ gzip:   3.64 kB
dist/assets/dye-work-order-online-domain-kp_HmO8n.js                      9.53 kB │ gzip:   3.55 kB
dist/assets/sewing-pickup-slips-DXTd0goq.js                               9.56 kB │ gzip:   3.59 kB
dist/assets/production-receipts-BU8Vu7e9.js                               9.77 kB │ gzip:   3.93 kB
dist/assets/pending-receipts-BKeJehyO.js                                  9.91 kB │ gzip:   4.10 kB
dist/assets/production-return-fulfillment-C1wm9Xg2.js                    10.09 kB │ gzip:   3.86 kB
dist/assets/continuous-stock-rkw-5qDo.js                                 10.10 kB │ gzip:   4.12 kB
dist/assets/purchase-suggestions-Duv_PHLl.js                             10.15 kB │ gzip:   3.10 kB
dist/assets/trade-subjects-B4xs2kDQ.js                                   10.23 kB │ gzip:   3.72 kB
dist/assets/settings-Dbcs19J_.js                                         10.69 kB │ gzip:   3.23 kB
dist/assets/product-skus-DjQEy7Ap.js                                     10.71 kB │ gzip:   4.13 kB
dist/assets/pms-handlers-CSB7qHBU.js                                     10.76 kB │ gzip:   2.39 kB
dist/assets/transit-receipts-DSQra0Ph.js                                 10.96 kB │ gzip:   4.01 kB
dist/assets/task-breakdown-BKdN6Wc-.js                                   11.05 kB │ gzip:   4.06 kB
dist/assets/presentation-DjU00u8U.js                                     11.17 kB │ gzip:   4.59 kB
dist/assets/tasks-DlEhFtOt.js                                            11.30 kB │ gzip:   4.33 kB
dist/assets/material-transfers-DsyluZiE.js                               11.32 kB │ gzip:   3.93 kB
dist/assets/pda-exec-link-DYSgjxta.js                                    11.32 kB │ gzip:   3.69 kB
dist/assets/material-prep-B_xLwTKB.js                                    11.40 kB │ gzip:   2.68 kB
dist/assets/dyeing-warehouse-view-CqLpJUk7.js                            11.46 kB │ gzip:   3.94 kB
dist/assets/warehouses-GWvWGEki.js                                       11.71 kB │ gzip:   4.22 kB
dist/assets/process-statistics-domain-MAyKmVQn.js                        12.19 kB │ gzip:   3.97 kB
dist/assets/pickup-management-runtime-C-ctCQzx.js                        12.20 kB │ gzip:   4.71 kB
dist/assets/task-execution-adapter-BvP49a5F.js                           12.22 kB │ gzip:   3.67 kB
dist/assets/bom-detail-3nOJTYXQ.js                                       12.33 kB │ gzip:   4.32 kB
dist/assets/wls-inbound-CqHIuhqs.js                                      12.37 kB │ gzip:   4.76 kB
dist/assets/returns-C_VfZmwF.js                                          12.44 kB │ gzip:   4.60 kB
dist/assets/handover-print-CTv7iKlA.js                                   12.46 kB │ gzip:   4.50 kB
dist/assets/cut-piece-return-warehouse-j0OdcDc_.js                       12.47 kB │ gzip:   4.37 kB
dist/assets/pcs-handlers-kKnw1sHh.js                                     12.69 kB │ gzip:   2.89 kB
dist/assets/context-VdHYrT38.js                                          13.01 kB │ gzip:   4.59 kB
dist/assets/responsibility-transfers-AsU9mBBO.js                         13.07 kB │ gzip:   4.89 kB
dist/assets/handover-records-CnMCwTM1.js                                 13.15 kB │ gzip:   4.14 kB
dist/assets/meta-Q4WBBo8v.js                                             13.16 kB │ gzip:   2.95 kB
dist/assets/tmf-base-demo-DwqKZr4J.js                                    13.17 kB │ gzip:   4.74 kB
dist/assets/supplements-Q1QKZwKU.js                                      13.18 kB │ gzip:   4.75 kB
dist/assets/wls-finished-inbound-DtgjuWGn.js                             13.21 kB │ gzip:   5.01 kB
dist/assets/design-revision-process-work-order-adapter-CV5l80ea.js       13.27 kB │ gzip:   3.84 kB
dist/assets/pda-start-link-_iOQobz2.js                                   13.37 kB │ gzip:   4.73 kB
dist/assets/work-orders-yzO1MGgH.js                                      13.88 kB │ gzip:   4.69 kB
dist/assets/work-orders-DZrXg_7S.js                                      13.99 kB │ gzip:   5.19 kB
dist/assets/workbench-1oLH4EEl.js                                        14.07 kB │ gzip:   4.06 kB
dist/assets/work-order-detail-Rt4TV_u1.js                                14.17 kB │ gzip:   4.49 kB
dist/assets/mobile-execution-task-index-DV9J9Vjp.js                      14.21 kB │ gzip:   3.78 kB
dist/assets/post-finishing-qc-print-template-k-golCc_.js                 14.45 kB │ gzip:   4.45 kB
dist/assets/printing-sheet-template-CYNnClzK.js                          14.51 kB │ gzip:   5.01 kB
dist/assets/replacement-fabric-repository-Bb8M9TU-.js                    14.56 kB │ gzip:   5.50 kB
dist/assets/work-orders-2FYnJqcS.js                                      14.72 kB │ gzip:   4.77 kB
dist/assets/reports-CysJ3bsU.js                                          14.79 kB │ gzip:   3.56 kB
dist/assets/full-flow-print-DHyu5Huv.js                                  14.93 kB │ gzip:   4.85 kB
dist/assets/progress-handover-order-DN-mNmQl.js                          15.10 kB │ gzip:   4.31 kB
dist/assets/cut-order-release-integration-D6eFdVzq.js                    15.30 kB │ gzip:   5.42 kB
dist/assets/outbound-orders-Ct_RElns.js                                  15.38 kB │ gzip:   4.94 kB
dist/assets/machines-Dgn2_dOA.js                                         15.39 kB │ gzip:   5.04 kB
dist/assets/pda-cutting-task-detail-C2UO4zkp.js                          15.54 kB │ gzip:   5.39 kB
dist/assets/pcs-engineering-tech-pack-workspace-DIq4pWge.js              15.82 kB │ gzip:   5.66 kB
dist/assets/process-web-status-actions-CZ1_wMxR.js                       15.97 kB │ gzip:   4.24 kB
dist/assets/cut-order-supplement-fixture-BMFNfbYC.js                     15.97 kB │ gzip:   4.83 kB
dist/assets/garment-spu-replacement-DjpYHBQM.js                          16.01 kB │ gzip:   4.85 kB
dist/assets/simple-cut-piece-handover-fixtures-DaOK-tl9.js               16.01 kB │ gzip:   5.32 kB
dist/assets/progress-cutting-detail-BZb9-qJB.js                          16.03 kB │ gzip:   3.77 kB
dist/assets/pda-sewing-self-return-BFoVtTxe.js                           16.03 kB │ gzip:   5.29 kB
dist/assets/handover-ledger-view-w276Zhv4.js                             16.17 kB │ gzip:   4.44 kB
dist/assets/wls-garment-relabel-tasks-DpxV7ieE.js                        16.24 kB │ gzip:   5.33 kB
dist/assets/pda-notify-due-soon-k-t4uRns.js                              16.53 kB │ gzip:   5.54 kB
dist/assets/suppliers-CF8Vrskm.js                                        16.77 kB │ gzip:   4.64 kB
dist/assets/material-requirements-qrWe_o2F.js                            16.81 kB │ gzip:   5.69 kB
dist/assets/events-Tk1RTPWS.js                                           17.01 kB │ gzip:   6.67 kB
dist/assets/sewing-cut-piece-return-workflow-CKbKgf2B.js                 17.18 kB │ gzip:   6.07 kB
dist/assets/production-confirmation-oQWBMYR5.js                          17.25 kB │ gzip:   5.89 kB
dist/assets/warehouse-p2aEUxkd.js                                        17.46 kB │ gzip:   5.42 kB
dist/assets/marker-spreading-projection-Du_JebNV.js                      17.48 kB │ gzip:   5.53 kB
dist/assets/output-stock-BPQy8-ae.js                                     17.52 kB │ gzip:   6.60 kB
dist/assets/sewing-cut-piece-responsibility-CSpY9iuC.js                  17.53 kB │ gzip:   5.25 kB
dist/assets/bom-detail-BeYh1dhw.js                                       17.76 kB │ gzip:   5.73 kB
dist/assets/process-mobile-task-binding-FHD2cCzc.js                      17.78 kB │ gzip:   6.19 kB
dist/assets/adjustments-PzeILJK7.js                                      18.15 kB │ gzip:   5.48 kB
dist/assets/pcs-testing-order-detail-Cviy7J7G.js                         18.17 kB │ gzip:   5.12 kB
dist/assets/pda-warehouse-inbound-records-9KVzwgN2.js                    18.19 kB │ gzip:   5.11 kB
dist/assets/purchase-demands-BJCVDtnX.js                                 18.29 kB │ gzip:   5.86 kB
dist/assets/pda-handlers-BcSTP7Dc.js                                     18.47 kB │ gzip:   4.94 kB
dist/assets/platform-process-result-view-DVtxUwLi.js                     18.53 kB │ gzip:   5.32 kB
dist/assets/store-domain-statement-source-adapter-CZv1Hs85.js            18.56 kB │ gzip:   5.30 kB
dist/assets/sewing-outsourcing-workbench-ydDTxjG8.js                     18.65 kB │ gzip:   6.46 kB
dist/assets/pda-warehouse-outbound-records-v0LHx0rm.js                   18.69 kB │ gzip:   5.34 kB
dist/assets/print-preview-DSUAYAie.js                                    18.73 kB │ gzip:   6.61 kB
dist/assets/task-orders-But5dndT.js                                      18.73 kB │ gzip:   6.32 kB
dist/assets/pda-warehouse-shared-C28APjvo.js                             18.74 kB │ gzip:   5.59 kB
dist/assets/process-water-soluble-orders-CanaCfhc.js                     18.84 kB │ gzip:   5.74 kB
dist/assets/materials-BA_owAdW.js                                        18.93 kB │ gzip:   4.79 kB
dist/assets/production-demand-early-process-work-orders-VyoJVDc8.js      18.93 kB │ gzip:   5.65 kB
dist/assets/kol-goto-pda-domain-WdRBSliF.js                              19.20 kB │ gzip:   6.54 kB
dist/assets/platform.adapter-quOggrHg.js                                 19.25 kB │ gzip:   6.09 kB
dist/assets/shared-DCHAjvE6.js                                           19.47 kB │ gzip:   5.27 kB
dist/assets/product-purchase-orders-Cg5SKldL.js                          19.50 kB │ gzip:   5.76 kB
dist/assets/stage-display-DMOYlQ9n.js                                    19.65 kB │ gzip:   6.94 kB
dist/assets/audit-records-DxAIVq30.js                                    19.69 kB │ gzip:   6.37 kB
dist/assets/units-FY8tW5Zj.js                                            19.70 kB │ gzip:   5.89 kB
dist/assets/factory-sample-verification-flow-Be0ybfYM.js                 19.86 kB │ gzip:   4.87 kB
dist/assets/index-Cns_pcPM.js                                            20.17 kB │ gzip:   5.20 kB
dist/assets/material-purchase-tracking-DX1xK5bB.js                       20.29 kB │ gzip:   6.35 kB
dist/assets/deduction-analysis-VFQJkBUC.js                               20.60 kB │ gzip:   5.84 kB
dist/assets/overview.adapter-Cp7PTPsO.js                                 20.65 kB │ gzip:   6.53 kB
dist/assets/fei-ticket-numbering-C14oaozd.js                             20.65 kB │ gzip:   5.69 kB
dist/assets/events-3V8kXVDF.js                                           21.11 kB │ gzip:   6.52 kB
dist/assets/order-list-columns-BtO4q26s.js                               21.12 kB │ gzip:   6.59 kB
dist/assets/work-order-detail-DAcwy6ab.js                                21.22 kB │ gzip:   6.68 kB
dist/assets/suppliers-MZLrkslH.js                                        21.39 kB │ gzip:   6.82 kB
dist/assets/cut-piece-returns-B95A3NuO.js                                21.59 kB │ gzip:   6.49 kB
dist/assets/cut-piece-handover-Dlsrk_Vb.js                               21.79 kB │ gzip:   6.95 kB
dist/assets/tmf-domain-shared-fL8UUXJ2.js                                21.88 kB │ gzip:   8.26 kB
dist/assets/progress-cutting-overview-_h4P7xrI.js                        22.06 kB │ gzip:   5.01 kB
dist/assets/material-issue-DGcKSrk0.js                                   22.07 kB │ gzip:   5.19 kB
dist/assets/tasks-zh99LSay.js                                            22.07 kB │ gzip:   6.99 kB
dist/assets/pms-purchase-orders-DIj7DEQh.js                              22.07 kB │ gzip:   6.46 kB
dist/assets/routes-wls-BVVBvVjo.js                                       22.24 kB │ gzip:   7.22 kB
dist/assets/qc-workbench-1jlUnjIT.js                                     22.36 kB │ gzip:   6.90 kB
dist/assets/warehouse-location-map-model-C23T7pSS.js                     22.52 kB │ gzip:   7.14 kB
dist/assets/recheck-orders-VgSl5Qb8.js                                   22.54 kB │ gzip:   7.08 kB
dist/assets/production-order-duration-b7O8pbJM.js                        22.54 kB │ gzip:   8.57 kB
dist/assets/subject-operations-DlllLqch.js                               22.58 kB │ gzip:   7.01 kB
dist/assets/material-statements-BpQwkcZo.js                              22.75 kB │ gzip:   6.01 kB
dist/assets/progress-statistics-linkage-1UahQw2-.js                      22.82 kB │ gzip:   6.52 kB
dist/assets/purchase-suggestions-D5IXQRgB.js                             23.22 kB │ gzip:   7.26 kB
dist/assets/pcs-engineering-master-view-model-DprSHxRZ.js                23.32 kB │ gzip:   7.74 kB
dist/assets/process-order-task-links-BSHLff_r.js                         23.57 kB │ gzip:   6.43 kB
dist/assets/process-print-orders-DEMSef9U.js                             23.67 kB │ gzip:   7.74 kB
dist/assets/process-dye-orders-DqaYfDHH.js                               23.85 kB │ gzip:   7.82 kB
dist/assets/dye-work-order-online-view-ffVQxLhx.js                       23.86 kB │ gzip:   8.11 kB
dist/assets/material-purchase-orders-DkEd05Xb.js                         24.20 kB │ gzip:   7.63 kB
dist/assets/qc-orders-BqkLxUg6.js                                        24.30 kB │ gzip:   7.60 kB
dist/assets/machine-associations-rHoxcCad.js                             24.50 kB │ gzip:   7.28 kB
dist/assets/fcs-production-tech-pack-snapshot-Cg6KW-Js.js                24.62 kB │ gzip:   6.18 kB
dist/assets/retired-process-history-aW3q5_v1.js                          24.79 kB │ gzip:   6.43 kB
dist/assets/dialogs-DqigE6Md.js                                          24.87 kB │ gzip:   6.15 kB
dist/assets/replacement-fabric-fei-tickets-gYvoyuzk.js                   24.96 kB │ gzip:   9.32 kB
dist/assets/wls-fabric-demand-board-QIQiO6c4.js                          25.09 kB │ gzip:   6.87 kB
dist/assets/material-preparation-CurAaJ6R.js                             25.13 kB │ gzip:   8.77 kB
dist/assets/kol-demands-ClVPPlsa.js                                      25.30 kB │ gzip:   7.35 kB
dist/assets/supplier-supply-archives-D8f5l-1e.js                         25.59 kB │ gzip:   7.43 kB
dist/assets/pda-warehouse-wait-handover-CLao6FFQ.js                      25.65 kB │ gzip:   6.39 kB
dist/assets/sample-approval-suggestions-DxIQDtvX.js                      25.97 kB │ gzip:   7.99 kB
dist/assets/simple-cut-piece-handover-ui-BvcpI1EQ.js                     26.27 kB │ gzip:   9.87 kB
dist/assets/progress-milestone-config-B0SvC5AH.js                        26.47 kB │ gzip:   5.66 kB
dist/assets/sample-warehouse-C3n6pH5_.js                                 26.72 kB │ gzip:   6.64 kB
dist/assets/marker-spreading-utils-Bluts_SK.js                           26.72 kB │ gzip:   7.83 kB
dist/assets/pcs-channel-products-DMeSb-pd.js                             26.73 kB │ gzip:   7.18 kB
dist/assets/warehouse-location-map-BOikJzMi.js                           27.06 kB │ gzip:   7.08 kB
dist/assets/third-party-factory-rating-khCuMmQ_.js                       27.07 kB │ gzip:   7.59 kB
dist/assets/pcs-pattern-library-detail-CjTnDuuA.js                       27.62 kB │ gzip:   6.58 kB
dist/assets/pda-wool-fact-execution-vMHiETus.js                          27.84 kB │ gzip:   9.27 kB
dist/assets/warehouse-CflXEjpp.js                                        28.13 kB │ gzip:   9.35 kB
dist/assets/pcs-engineering-master-list-NEBAu5Fu.js                      28.21 kB │ gzip:   9.83 kB
dist/assets/print-styles-BjQBw8jj.js                                     28.31 kB │ gzip:   4.01 kB
dist/assets/factory-status-B9bMEopW.js                                   28.43 kB │ gzip:   6.03 kB
dist/assets/pcs-engineering-master-detail-DzVq_lPl.js                    28.55 kB │ gzip:   8.37 kB
dist/assets/marker-plan-source-model-Bk-5lTQZ.js                         28.86 kB │ gzip:   8.45 kB
dist/assets/logistics-reconciliations-IvZVO8Ap.js                        28.93 kB │ gzip:   8.90 kB
dist/assets/progress-cutting-exception-center-CAd-EDGI.js                29.12 kB │ gzip:   6.47 kB
dist/assets/material-reconciliations-DopOPI9n.js                         29.38 kB │ gzip:   8.90 kB
dist/assets/production-order-progress-tracking-C5q7wlcn.js               29.71 kB │ gzip:   9.93 kB
dist/assets/early-process-management-BfVRvJjx.js                         30.06 kB │ gzip:   7.55 kB
dist/assets/handover-orders-BqA4UCzN.js                                  30.69 kB │ gzip:   8.47 kB
dist/assets/pcs-config-workspace-BKZylcSu.js                             30.79 kB │ gzip:   6.80 kB
dist/assets/capability-BlZ5rRrv.js                                       31.65 kB │ gzip:   6.70 kB
dist/assets/material-archives-BSxB0n7f.js                                31.91 kB │ gzip:   7.92 kB
dist/assets/factory-performance-mUo1IVQK.js                              32.31 kB │ gzip:   6.75 kB
dist/assets/garment-spu-replacements-XUfeYWKz.js                         32.35 kB │ gzip:   9.09 kB
dist/assets/task-detail-BbIisuP9.js                                      32.46 kB │ gzip:   9.60 kB
dist/assets/dialogs-fFgObePV.js                                          32.55 kB │ gzip:   9.78 kB
dist/assets/pda-shell-D8sPq5RO.js                                        32.95 kB │ gzip:   8.70 kB
dist/assets/cut-piece-return-domain-CXNtxoZ_.js                          33.09 kB │ gzip:   9.74 kB
dist/assets/process-warehouse-domain-C2BdeOkz.js                         33.16 kB │ gzip:   7.56 kB
dist/assets/store-domain-settlement-seeds-Cg6UlNKl.js                    33.63 kB │ gzip:   8.98 kB
dist/assets/pcs-pattern-library-B4Zp7M68.js                              33.68 kB │ gzip:   7.64 kB
dist/assets/warehouse-runtime-D1NYhMLd.js                                33.70 kB │ gzip:   8.62 kB
dist/assets/payment-requests-Ddk9etFE.js                                 34.01 kB │ gzip:   8.92 kB
dist/assets/stage-orders-B7sbvUT8.js                                     34.18 kB │ gzip:  10.47 kB
dist/assets/pda-warehouse-stocktake-awAhs4MD.js                          34.50 kB │ gzip:   8.64 kB
dist/assets/stage-order-detail-SUbwWpM4.js                               34.53 kB │ gzip:  10.00 kB
dist/assets/pda-cutting-inbound-B4RF4UaO.js                              34.54 kB │ gzip:  10.45 kB
dist/assets/first-leg-logistics-DECvQTUU.js                              34.57 kB │ gzip:   9.04 kB
dist/assets/work-order-detail-DVNGEXOP.js                                34.61 kB │ gzip:   9.40 kB
dist/assets/manual-fei-tickets-mO-cUsKC.js                               34.65 kB │ gzip:  10.73 kB
dist/assets/pda-cutting-handover-DL9KgO5K.js                             34.77 kB │ gzip:  10.59 kB
dist/assets/pda-post-finishing-flow-D-SKDXwA.js                          34.83 kB │ gzip:   9.29 kB
dist/assets/dispatch-acceptance-sla-BdV5CaYQ.js                          34.95 kB │ gzip:   7.89 kB
dist/assets/work-orders-D4azR3EM.js                                      34.96 kB │ gzip:  11.72 kB
dist/assets/pending-receipts-CRXco5vq.js                                 35.31 kB │ gzip:  10.63 kB
dist/assets/pda-task-receive-detail-cV-hojCR.js                          35.53 kB │ gzip:   8.54 kB
dist/assets/water-soluble-orders-6TvOIbFX.js                             35.89 kB │ gzip:  10.78 kB
dist/assets/work-order-detail-CLoeLtNV.js                                36.12 kB │ gzip:   9.66 kB
dist/assets/pcs-technical-data-2ipSvnEV.js                               36.88 kB │ gzip:   9.85 kB
dist/assets/pcs-pattern-library-create-DBDp_gdY.js                       36.93 kB │ gzip:   8.64 kB
dist/assets/special-processes-2GMUtLd8.js                                37.23 kB │ gzip:   9.52 kB
dist/assets/pda-cutting-transfer-bag-repack-CWHAWJr0.js                  37.37 kB │ gzip:  10.61 kB
dist/assets/pda-quality-BlmoHCT1.js                                      37.44 kB │ gzip:   9.79 kB
dist/assets/first-leg-carriers-DLrPqz5z.js                               37.45 kB │ gzip:   9.93 kB
dist/assets/third-party-factory-comprehensive-assessment-CSxbq_mV.js     37.47 kB │ gzip:  11.06 kB
dist/assets/product-purchase-orders-AMOxDFDs.js                          37.57 kB │ gzip:   9.20 kB
dist/assets/wait-handover-runtime-DzLg4Vx3.js                            37.84 kB │ gzip:  10.62 kB
dist/assets/cutting-statistics-ab-material-BOpxC7LQ.js                   38.13 kB │ gzip:   8.64 kB
dist/assets/payment-requests-K-Pw71vH.js                                 38.21 kB │ gzip:   9.98 kB
dist/assets/warehouse-Blhlg9f-.js                                        38.57 kB │ gzip:  10.93 kB
dist/assets/material-purchase-orders-Di0N_S8c.js                         39.01 kB │ gzip:  11.73 kB
dist/assets/semi-finished-orders-DzxHVxQc.js                             39.06 kB │ gzip:  11.85 kB
dist/assets/first-leg-shipments-CCcFNt1s.js                              39.89 kB │ gzip:   9.89 kB
dist/assets/fcs-handlers-B678auS2.js                                     39.90 kB │ gzip:  12.00 kB
dist/assets/pending-receipts-DUJRRN0D.js                                 41.04 kB │ gzip:  14.88 kB
dist/assets/cutting-summary-BlpRcEle.js                                  44.13 kB │ gzip:  11.53 kB
dist/assets/warehouse-DHWaNaFK.js                                        44.15 kB │ gzip:  11.20 kB
dist/assets/demand-domain-CZusXlBQ.js                                    44.58 kB │ gzip:   9.89 kB
dist/assets/warehouse-CJvOs3YT.js                                        46.22 kB │ gzip:  10.75 kB
dist/assets/batches-dusxqJo5.js                                          46.45 kB │ gzip:   9.86 kB
dist/assets/engineering-file-upload-B5LJxM36.js                          46.76 kB │ gzip:  14.45 kB
dist/assets/dispatch-tenders-BN3pm4uy.js                                 47.28 kB │ gzip:  12.27 kB
dist/assets/dyeing-DzLaCfSN.js                                           47.49 kB │ gzip:  10.20 kB
dist/assets/printing-D0QtudW4.js                                         47.49 kB │ gzip:  10.20 kB
dist/assets/other-DyVOkku9.js                                            47.50 kB │ gzip:  10.22 kB
dist/assets/settlement-linked-mock-factory-CvhxXSYE.js                   47.63 kB │ gzip:  14.44 kB
dist/assets/handover-orders-D6wJXVzH.js                                  48.29 kB │ gzip:   9.57 kB
dist/assets/sewing-CFC8Dv9r.js                                           48.51 kB │ gzip:  10.54 kB
dist/assets/progress-material-BlR5vuVb.js                                48.76 kB │ gzip:   9.37 kB
dist/assets/material-inventory-C3XJoVqh.js                               48.96 kB │ gzip:  12.56 kB
dist/assets/work-order-detail-PwYwEQjc.js                                49.19 kB │ gzip:  15.54 kB
dist/assets/supplier-confirmations-CpYa396P.js                           50.01 kB │ gzip:  12.94 kB
dist/assets/pda-task-receive-DTg5GUz1.js                                 50.05 kB │ gzip:  12.48 kB
dist/assets/pda-cutting-execution-source-BFWbi8w2.js                     50.44 kB │ gzip:  13.62 kB
dist/assets/pda-onboarding-CRzz6KlZ.js                                   50.56 kB │ gzip:  10.79 kB
dist/assets/pda-handover-lLEU0fJm.js                                     51.54 kB │ gzip:  13.59 kB
dist/assets/marker-plan-model-B1pQIYyT.js                                51.68 kB │ gzip:  14.77 kB
dist/assets/store-domain-progress-DNIntorH.js                            53.10 kB │ gzip:  11.77 kB
dist/assets/settlement-cutting-input-DpARv5CX.js                         53.60 kB │ gzip:  11.05 kB
dist/assets/lace-factory-domain-BBNpHDul.js                              53.68 kB │ gzip:  13.40 kB
dist/assets/pcs-part-template-library-BGikk0K9.js                        53.81 kB │ gzip:  11.08 kB
dist/assets/pcs-material-archives-DonNoPnY.js                            55.31 kB │ gzip:  13.20 kB
dist/assets/progress-urge-5nCqQ65W.js                                    56.39 kB │ gzip:  11.41 kB
dist/assets/pda-cutting-spreading-BXhzyNpk.js                            56.65 kB │ gzip:  13.11 kB
dist/assets/warehouse-location-map-8Mb3Hw-3.js                           56.80 kB │ gzip:  16.84 kB
dist/assets/marker-plan-occupancy-BgKGRnPh.js                            57.09 kB │ gzip:  16.02 kB
dist/assets/wls-accessory-receipts-Bp4mQvdM.js                           58.45 kB │ gzip:  14.85 kB
dist/assets/domain-snapshot-Dzk8VLAD.js                                  59.36 kB │ gzip:  15.89 kB
dist/assets/cut-piece-release-Dimb57nk.js                                60.10 kB │ gzip:  15.83 kB
dist/assets/pda-settlement-MB5m2Xnl.js                                   60.12 kB │ gzip:  13.68 kB
dist/assets/factory-profile-y3N_GZZI.js                                  61.16 kB │ gzip:  14.05 kB
dist/assets/pickup-management-list-Cwpnw1QU.js                           61.47 kB │ gzip:  17.13 kB
dist/assets/routes-fcs-9Y_8NLfE.js                                       62.13 kB │ gzip:  12.98 kB
dist/assets/cutting-DQho7-xF.js                                          62.83 kB │ gzip:  12.96 kB
dist/assets/special-craft-fei-ticket-flow-DDRtktLy.js                    63.34 kB │ gzip:  14.37 kB
dist/assets/progress-handover-Dz-5Jep8.js                                63.82 kB │ gzip:  13.56 kB
dist/assets/production-object-overview-DjAjYuDI.js                       66.10 kB │ gzip:  13.59 kB
dist/assets/output-documents-P7QSURZp.js                                 66.89 kB │ gzip:  22.97 kB
dist/assets/core-DVdCq6y2.js                                             67.62 kB │ gzip:  12.57 kB
dist/assets/cutting-daily-production-report-Ctwcin_b.js                  68.14 kB │ gzip:  19.08 kB
dist/assets/pda-exec-DLCY8WjO.js                                         68.23 kB │ gzip:  15.62 kB
dist/assets/pcs-channel-stores-Eg2ItbTN.js                               69.26 kB │ gzip:  14.32 kB
dist/assets/context-4ttc-UgE.js                                          69.43 kB │ gzip:  21.32 kB
dist/assets/sewing-dispatch-BLTLu8mZ.js                                  69.77 kB │ gzip:  18.20 kB
dist/assets/progress-exceptions-LsGSbDYf.js                              70.34 kB │ gzip:  13.29 kB
dist/assets/qc-records-CvKn5c18.js                                       71.04 kB │ gzip:  15.96 kB
dist/assets/pcs-engineering-tasks-BBB_0MFJ.js                            71.36 kB │ gzip:  17.07 kB
dist/assets/production-object-overview-Dr4fwkZw.js                       71.57 kB │ gzip:  16.68 kB
dist/assets/wait-handover-actions-C1zYO46A.js                            73.16 kB │ gzip:  18.64 kB
dist/assets/pcs-sample-management-B_rbsuWN.js                            74.38 kB │ gzip:  17.28 kB
dist/assets/transfer-bags-Chu-i6Tj.js                                    74.73 kB │ gzip:  19.02 kB
dist/assets/factory-onboarding-3QycboIZ.js                               75.25 kB │ gzip:  12.68 kB
dist/assets/settlement-DIvPXvob.js                                       75.58 kB │ gzip:  11.56 kB
dist/assets/dialogs-MQ8wVdNe.js                                          75.66 kB │ gzip:  18.68 kB
dist/assets/pda-handover-detail-D7leq-eO.js                              75.80 kB │ gzip:  18.59 kB
dist/assets/orders-domain-DxZORCFe.js                                    76.23 kB │ gzip:  16.86 kB
dist/assets/runtime-projections-BxdqsSoC.js                              78.01 kB │ gzip:  18.43 kB
dist/assets/process-action-writeback-service-D_te8Vtd.js                 78.08 kB │ gzip:  17.82 kB
dist/assets/transfer-bag-operations-Bln5APxE.js                          78.60 kB │ gzip:  19.48 kB
dist/assets/production-progress-87X_WCHy.js                              80.67 kB │ gzip:  20.35 kB
dist/assets/pda-warehouse-wait-process-BRzYFbX6.js                       87.33 kB │ gzip:  21.13 kB
dist/assets/events-CXlIdkWf.js                                           90.02 kB │ gzip:  22.18 kB
dist/assets/factory-onboarding-flow-Bf_jjJHh.js                          90.59 kB │ gzip:  23.31 kB
dist/assets/dispatch-BiGLAnJ7.js                                         92.27 kB │ gzip:  28.12 kB
dist/assets/tmf-material-purchases-KpMmX1n7.js                           94.11 kB │ gzip:  24.37 kB
dist/assets/cut-orders-BjLoZmnr.js                                       94.74 kB │ gzip:  24.42 kB
dist/assets/pcs-independent-sampling-Bg7HIsOO.js                         96.98 kB │ gzip:  26.96 kB
dist/assets/special-craft-task-orders-oBXeJTyT.js                        99.21 kB │ gzip:  26.82 kB
dist/assets/pcs-product-archives-BfdAway7.js                            107.68 kB │ gzip:  21.98 kB
dist/assets/index-DNcDs97b.js                                           109.47 kB │ gzip:  39.86 kB
dist/assets/app-shared-Dtj9EAbi.js                                      111.55 kB │ gzip:  27.82 kB
dist/assets/transfer-bag-return-model-dKVEPcjw.js                       112.94 kB │ gzip:  26.62 kB
dist/assets/supplement-management-DQ2Y6QPE.js                           113.26 kB │ gzip:  29.92 kB
dist/assets/unified-dispatch-workbench-B2cCkS5r.js                      118.65 kB │ gzip:  33.40 kB
dist/assets/statements-CPYxYonj.js                                      119.52 kB │ gzip:  24.45 kB
dist/assets/events-DOLwzx0X.js                                          121.42 kB │ gzip:  31.34 kB
dist/assets/context-aSnB92Od.js                                         133.03 kB │ gzip:  34.41 kB
dist/assets/production-BK6-5TAP.js                                      133.92 kB │ gzip:  27.40 kB
dist/assets/process-domain-B9HEUw2B.js                                  138.98 kB │ gzip:  25.97 kB
dist/assets/warehouse-hub-l06NA6tq.js                                   139.87 kB │ gzip:  34.94 kB
dist/assets/generated-fei-tickets-xdVpItHx.js                           143.05 kB │ gzip:  36.18 kB
dist/assets/preparation-timing-B97FjGF6.js                              145.97 kB │ gzip:  34.40 kB
dist/assets/marker-plan-C3cYR_vF.js                                     150.17 kB │ gzip:  35.42 kB
dist/assets/marker-spreading-BWkdMucz.js                                154.15 kB │ gzip:  37.74 kB
dist/assets/fei-tickets-BMe7HbJx.js                                     162.79 kB │ gzip:  34.48 kB
dist/assets/return-inbound-BzZf2NWG.js                                  183.42 kB │ gzip:  33.52 kB
dist/assets/index--GzcKvNw.js                                           210.12 kB │ gzip:  66.49 kB
dist/assets/index-BLvi7HS8.js                                           231.96 kB │ gzip:  54.22 kB
dist/assets/pda-exec-detail-CnD0aElx.js                                 240.13 kB │ gzip:  56.24 kB
dist/assets/print-template-registry-CFkjjUR6.js                         262.15 kB │ gzip:  68.12 kB
dist/assets/production-timeliness-iYNKpyyn.js                           459.95 kB │ gzip: 115.04 kB
dist/assets/pda-xX2vUDTZ.js                                             511.97 kB │ gzip:  85.41 kB
dist/assets/production-source-shared-DHufElx3.js                      3,321.88 kB │ gzip: 762.35 kB

(!) Some chunks are larger than 550 kB after minification. Consider:
- Using dynamic import() to code-split the application
- Use build.rollupOptions.output.manualChunks to improve chunking: https://rollupjs.org/configuration-options/#output-manualchunks
- Adjust chunk size limit for this warning via build.chunkSizeWarningLimit.
✓ built in 9.88s
