
> higoods-vanilla-clone@1.0.0 build
> npm run typecheck:engineering && npm test && vite build


> higoods-vanilla-clone@1.0.0 typecheck:engineering
> npm run typecheck:entrypoints && npm run typecheck:scopes


> higoods-vanilla-clone@1.0.0 typecheck:entrypoints
> tsc --project tsconfig.engineering.json


> higoods-vanilla-clone@1.0.0 typecheck:scopes
> node scripts/check-typescript-scope.mjs src/domain/ src/components/ui/ src/state/

TypeScript 全量既有错误：6
本次渐进检查范围：src/domain/、src/components/ui/、src/state/
范围内错误：0
范围外既有错误保留在全量 typecheck 中继续分批治理。

> higoods-vanilla-clone@1.0.0 test
> npm run test:unit


> higoods-vanilla-clone@1.0.0 test:unit
> node --import tsx --test tests/unit/*.test.ts

✔ 浏览器存储封装保持读写删除语义 (0.403917ms)
✔ 浏览器存储不可用或抛错时保持静默降级 (0.083542ms)
(node:24677) ExperimentalWarning: localStorage is not available because --localstorage-file was not provided.
(Use `node --trace-warnings ...` to show where the warning was created)
✔ 交出列表省略详情路线读取时保留全部输出字段 (533.587333ms)
(node:24678) ExperimentalWarning: localStorage is not available because --localstorage-file was not provided.
(Use `node --trace-warnings ...` to show where the warning was created)
✔ MIG-001/002/006: management entry and handlers belong to FCS; PFOS keeps execution (2.964667ms)
✔ MIG-003/007: prep and execution read the same early order identities, quantities and match status (828.493041ms)
✔ MIG-004/009: migrated dialogs retain candidate fields, actual material image and task outputs (2.44ms)
✔ MIG-011: management and execution use the same seven business display columns (14.96125ms)
✔ MIG-007: early dye/print creation and cancellation survive reload (2936.204875ms)
✔ BOM failed persistence preserves saved and in-memory state; retry persists (140.919708ms)
✔ existing production preparation data does not trigger demo writes on entry (481.198833ms)
✔ rollback of an unchanged saved BOM does not perform another failing write (6.043375ms)
✔ BOM dictionary preserves old JSON and all snapshot values without mutating input (5.563875ms)
✔ BOM dictionary rejects missing references instead of replacing data silently (0.221458ms)
✔ 解析带标签、小数和空格的长度数量 (0.474708ms)
✔ 解析卷数并对不合法文本返回 0 (0.117959ms)
✔ 证据文件标识把连续空白收口为单个连字符 (0.144666ms)
(node:24684) ExperimentalWarning: localStorage is not available because --localstorage-file was not provided.
(Use `node --trace-warnings ...` to show where the warning was created)
✔ 设计改款可成批生成染色和印花加工单，且完整投影来源与上下游 (1305.558125ms)
✔ 设计改款加工单生成幂等，重复请求不增加单据 (56.122459ms)
✔ 同一设计改款任务的不同颜色和 BOM 行分别生成加工单 (62.440083ms)
✔ 成批提交失败时染色与印花加工单一起回滚 (35.5375ms)
✔ 设计改款来源缺关键引用或来源未知时必须阻断 (0.214209ms)
(node:24685) ExperimentalWarning: localStorage is not available because --localstorage-file was not provided.
(Use `node --trace-warnings ...` to show where the warning was created)
✔ 设计改款染后印花必须先分配印花厂，染色交出不能误送中央工厂 (429.598458ms)
✔ 仅染与仅印分别创建一张加工单和一条仓库首道调拨计划 (21.275959ms)
✔ 辅料染色单创建后已有辅料仓调拨计划，分厂时自动落实原单但不冒充实发 (9.310709ms)
✔ 历史双工艺加工单仍可追溯原有染印交接 (392.72525ms)
✔ 双工艺 SKU 仅生成印花单，仓库直接发印厂并完成样衣归档 (1481.263875ms)
✔ 印花实际交出生成中央工厂待接收原单，实收回写原交接并允许完成加工单 (635.918708ms)
✔ 专业成果没有真实附件时保持未绑定 (7.703584ms)
(node:24686) ExperimentalWarning: localStorage is not available because --localstorage-file was not provided.
(Use `node --trace-warnings ...` to show where the warning was created)
✔ 可打印不等于可建交出单，必须完成真实标签打印 (0.47375ms)
✔ 卷规格无效时不可建交出单，且不改变原可打印判定语义 (0.074375ms)
✔ 人工完成印花加工单不再自动填充操作人 (293.76ms)
(node:24687) ExperimentalWarning: localStorage is not available because --localstorage-file was not provided.
(Use `node --trace-warnings ...` to show where the warning was created)
✔ 非 KOL PDA 导入不生成 KOL 领交料；首次 KOL 访问生成完整且幂等的演示记录 (218.534542ms)
✔ PDA 单任务读取保持普通任务、测试工厂与 KOL 任务内容和查找优先级 (1.581375ms)
✔ 日报窗口含截止日7天，重点日均独立使用前6天 (0.941625ms)
✔ 未知采购不填0，未BOM不输出完整确定订单需求 (0.225834ms)
✔ 突变必须绝对量与比例同时达到阈值 (0.141458ms)
✔ 截止日突变示例与未完结日不判定 (0.156ms)
✔ 共享商品按SPU去重而不按关联行累加销量 (0.28025ms)
✔ 预选不产生确定用料；BOM需求保留物料归属 (0.27725ms)
✔ 同料BOM优先于预选，不重复关系及需量 (0.144917ms)
✔ 两个业务页具有独立容器、标准分页与证据边界 (18.433459ms)
✔ 未进入物料页面时 bridge 不加载业务；加载失败重试后首次渲染即已注册 (3.56775ms)
✔ click 分组顺序、短路、选择器范围保持原行为，重新注册替换旧处理器 (0.666625ms)
✔ 备料写入守卫读取实时角色与水位，阻断时不调用业务处理器 (0.361625ms)
✔ input/change/keyboard 原入口、筛选范围和 change 优先级完整保留 (0.297125ms)
✔ health groups are exhaustive and mutually exclusive in demo (0.816125ms)
✔ coverage and baseline use same inventory plus transit but distinct demand windows (0.066084ms)
✔ zero demand is unavailable rather than infinity and huge finite quotient stays finite (0.086875ms)
✔ date selects different consistent snapshot (0.08025ms)
✔ threshold changes alter classification without changing facts (0.061834ms)
✔ health view carries core P1 business sections and mock caveat (15.469417ms)
✔ AT16 rules do not substitute brand, size or packaging method (0.883375ms)
✔ AT24 equal priority conflict blocks resolution and identifies rules (0.689958ms)
✔ higher explicit priority resolves a lower priority overlap (0.107209ms)
✔ plans distinguish garments and parcels and add loss once (0.266ms)
✔ AT18 white pendant stock only allocated once (0.180708ms)
✔ event duplicate and old revision do not add consumption; reprints are activity only (0.150875ms)
✔ conflicting same revision fails instead of silently choosing a payload (0.06925ms)
✔ AT17/19/20 panel states unresolved ASAYA, independent kit80 and unknown ribbon (0.283667ms)
✔ trigger distinct from target, existing supply produces explainable zero (1.685833ms)
✔ missing mapping or usage and incompatible raw unit block unsafe generation (0.240917ms)
✔ generation reserves remaining once and shared raw pool across target rules (1.189583ms)
✔ production does not increase stock; actual SKU and output bound partial receipts (0.320583ms)
✔ cancelled suggestion releases commitment and raw allocation (0.139291ms)
✔ AT05 committed greige is not available for a second allocation (0.965125ms)
✔ AT06 partial receipt reduces expected supply; checking and qualified never duplicate (0.687167ms)
✔ AT07 unmapped target preserves quantities but gives no target coverage (0.261417ms)
✔ §7.2 loss reduces future supply; rejected receipts never become usable (0.139583ms)
✔ §7.3 unit/yield/route and conservation gaps block deterministic supply (0.279833ms)
✔ §7.3 candidate comparison reports remaining shortage and respects arrival deadline (0.3455ms)
✔ §7.3 zero gap stays zero and nonfinite inputs cannot produce advice (0.172375ms)
✔ panel uses owned local handlers and discloses mock and missing images (1.709458ms)
✔ P2 coefficients and coverage exclude transit (7.653459ms)
✔ P2 coverage buckets have exclusive shared boundaries (0.525417ms)
✔ P2 partial receipts and completed batches count remaining only (0.065917ms)
✔ P2 latest overdue selected only if no future batch; today included (0.060208ms)
✔ P2 search transit and ETA filters compose (0.136167ms)
✔ P2 zero demand and missing BOM preserve distinct nulls; micro demand excluded (0.064375ms)
✔ P2 standard table renders and limits initial rows to first page (20.971083ms)
✔ AT01/02 internal reservation stays in coverage while external reservation is deducted (12.129375ms)
✔ AT03 quality segments are not usable (0.152875ms)
✔ AT04 partial receipt leaves remaining supply only (0.188083ms)
✔ AT08/38 late supply never erases earlier shortage (0.140208ms)
✔ AT09 intermediate deficit determines net need rather than positive closing balance (0.125167ms)
✔ AT10 MOQ and pack rounding, zero stays zero (0.113709ms)
✔ AT11 horizon begins at cutoff and is not expanded by lead time (0.144583ms)
✔ AT12 forecast covered by confirmed demand is excluded before coefficient (0.115916ms)
✔ AT13 no demand has no numeric coverage (0.102459ms)
✔ AT14 cancelling demand does not change stock (0.152583ms)
✔ AT15 latest event revision only (0.412791ms)
✔ AT16/17 directory preserves bag sizes and ASAYA duplicated input is one unresolved SKU (0.085375ms)
✔ AT18 three brands draw from one shared pool (0.11725ms)
✔ AT19/20 kit capacity respects minimum and missing conversion (0.055959ms)
✔ AT21 inactive/unusable stock remains physically visible (0.109625ms)
✔ AT23 affected order identifiers are unique (0.134917ms)
✔ AT25/26 draft does not mutate active and invalidates trial (0.313125ms)
✔ AT26/28 publish requires role and exact trial; history retained (0.776709ms)
✔ AT31 risk cannot close with remaining shortage or skip verification (0.536792ms)
✔ AT37 invalid dates, unknown timezone, bad numeric values rejected (0.53125ms)
✔ duplicate supply chain does not double count and blocks deterministic advice (0.390083ms)
✔ warehouse catalogue includes 17 locations and two garment warehouses (0.235875ms)
✔ candidate comparison retains pre-arrival risk (0.840875ms)
✔ SKU-specific policy wins and duplicate rules block publish (0.167541ms)
(node:24710) ExperimentalWarning: localStorage is not available because --localstorage-file was not provided.
(Use `node --trace-warnings ...` to show where the warning was created)
✔ 逐票与逐打印任务保持原结构，变更一条只保存一条 (3.056125ms)
✔ 草稿按原映射键保存；手工票与操作记录分离，删除票保留审计 (0.30525ms)
✔ 拒绝损坏JSON且不冒充空数据 (0.136166ms)
✔ 拒绝空字符串且不冒充空数据 (0.056334ms)
✔ 拒绝错误根且不冒充空数据 (0.053083ms)
✔ 拒绝重复票号身份且不冒充空数据 (0.048542ms)
✔ 拒绝缺少票号且不冒充空数据 (0.054125ms)
✔ 拒绝错误状态且不冒充空数据 (0.040084ms)
✔ 拒绝打印关联缺失且不冒充空数据 (0.052917ms)
✔ 拒绝草稿身份缺失且不冒充空数据 (0.096084ms)
✔ 拒绝手工日志缺失且不冒充空数据 (0.054125ms)
✔ 拒绝手工二维码缺失且不冒充空数据 (0.051042ms)
✔ 已保存实体与备份身份校验，不接受伪造集合或迁移元数据 (0.446208ms)
✔ 袋账派生绑定锁，无需持久化派生票快照；关闭周转解除旧快照锁 (481.281833ms)
✔ 唛架来源和铺布单逐实体保存，保留卷明细、层序及来源引用 (0.246ms)
✔ 指定保存对象不复制重复静态唛架，也不覆盖其他已保存铺布单 (0.245292ms)
✔ 旧袋账按实体保留绑定与历史，局部动作不复制静态袋档案 (0.329417ms)
✔ 专用打印来源保留原票身份、数量、状态、袋锁及打印对象，不查询全量PDA与库存摘要 (1379.143875ms)
✔ 路由标准化移除 query 与 hash，但不改动路径 (0.859333ms)
✔ 只匹配路由根或其子路径，不误匹配相似前缀 (0.161834ms)
✔ 可在多个合法根路径中匹配一个 (0.088292ms)
✔ 只把完整生产确认单打印路由识别为命中 (0.108708ms)
(node:24719) ExperimentalWarning: localStorage is not available because --localstorage-file was not provided.
(Use `node --trace-warnings ...` to show where the warning was created)
✔ 目标 SKU 的四种加工组合、前序实物和 BOM Q 均按已建档字段读取 (63.044791ms)
✔ 整单总量口径保存后仍按一次总量计算，不被样衣件数重复放大 (602.475583ms)
✔ 一张设计改款 BOM 同时有 Yard 面料和 PCS 辅料时，各行独立计量且辅料无需加工调拨 (114.784459ms)
✔ 复用既有纸样与参照 BOM 的无印染任务可直接提交样衣并自动完成；复制只生成草稿 (545.091584ms)
✔ 批量复制保留物料、费用和样衣安排为独立可编辑草稿，不生成工作 (119.7665ms)
✔ 单页创建同时保存物料、费用与样衣要求；失败不留下空任务 (3.115917ms)
✔ 加工互斥按物料行执行：同一任务允许纯染行与双属性印花行并存 (115.509083ms)
(node:24721) ExperimentalWarning: localStorage is not available because --localstorage-file was not provided.
(Use `node --trace-warnings ...` to show where the warning was created)
✔ 旧设计任务移除线下工作和依赖，保留加工单身份、样衣成果及原始输入 (148.5075ms)
✔ 任务汇总排除未启用，待前置只列出未完成依赖，关闭单不继续催办 (3.085958ms)
✔ 筛选覆盖关键词、状态、跟单、待办、类型、团队和日期边界，统计范围一致 (0.687959ms)
✔ CSV包含全部匹配行和任务责任计划，不含操作列，特殊文字正确转义 (0.933584ms)
(node:24723) ExperimentalWarning: localStorage is not available because --localstorage-file was not provided.
(Use `node --trace-warnings ...` to show where the warning was created)
✔ 生产准备必须读取测款最终通过事实，保存时重新校验且失败不生成主单 (152.188834ms)
✔ PATTERN_ARTWORK 多明细全部有效项通过才完成，同SKU不同要求不合并 (0.52425ms)
✔ COLOR_FABRIC 多明细全部有效项通过才完成，同SKU不同要求不合并 (0.114167ms)
✔ COLOR_YARN 多明细全部有效项通过才完成，同SKU不同要求不合并 (0.091416ms)
✔ 多辅料分单覆盖，第一张下单不足以完成，失效单不能提供覆盖 (0.2535ms)
✔ 专业列表业务字段查询与责任、来源、计划边界组合，未登记计划不误入日期结果 (1.665792ms)
✔ PCS 图片按款号和颜色固定，尺码不改变照片，未知对象没有随机图片 (1.476083ms)
✔ 历史 Mock 只替换登记的旧图，保留用户图片及未知款式 (0.584625ms)
✔ 后道 QC 来源 SKU 保留原身份和数量，五种颜色分别绑定对应实拍 (0.111208ms)
✔ 后道历史快照只迁移准确 SKU 的旧示意图，质检数量与用户图不变 (0.224542ms)
(node:24728) ExperimentalWarning: localStorage is not available because --localstorage-file was not provided.
(Use `node --trace-warnings ...` to show where the warning was created)
✔ PDA 列表轻量摘要与详情的归属、数量、物料和下一步一致 (1719.224292ms)
(node:24729) ExperimentalWarning: localStorage is not available because --localstorage-file was not provided.
(Use `node --trace-warnings ...` to show where the warning was created)
✔ 按工厂投影不改变全能力、印花、染色、中央与裁片演示账号可见任务 (1144.811042ms)
✔ 物流商新增字段保存回显并写入操作日志 (5.83775ms)
✔ 物流商数字字段非负校验与运输方式枚举校验 (0.266125ms)
✔ 渠道新增字段保存回显，条件计费字段按计费方式保留 (1.11875ms)
✔ 整柜渠道不要求新增计费字段，仍要求四箱型完整配置 (0.319875ms)
✔ 渠道数字字段非负与时效区间校验 (0.285708ms)
✔ 头程批次聚合展示总箱数、总重量、总体积与转运天数 (0.956792ms)
✔ 工序链按保存顺序生效，合法工序集合固定，非法或重复工序被拒 (5.876042ms)
✔ 坯布 SKU 必填，坯布库存为 0 时调拨资格被拒，补足后恢复 (0.351042ms)
✔ 采购单按勾选 SKU 生成明细，数量与枚举非法被拒 (0.144958ms)
✔ 调拨单可选择调出仓库与调入目标，同步生成加工单号链 (0.209333ms)
✔ 批量刷新库存更新全部监控行与刷新时间并写日志 (0.188083ms)
✔ 手动添加监控 SKU 校验 SKU 必填与重复，添加后进入列表 (0.243042ms)
✔ 物料申报扩展字段保存回显，26 项特殊属性按数组保存 (2.494583ms)
✔ 报关扩展：法定第二计量单位与数值，不报关分支跳过必填校验 (0.172375ms)
✔ BOM 业务选项与价格/成本、工厂、布料字段保存回显 (0.654291ms)
✔ 主体经营 9 项成本明细加调整重算总成本，数据缺失提醒可消除 (0.347459ms)
✔ 供应商从草稿到启用遵循状态机，名称唯一 (2.651708ms)
✔ 供货档案包装换算与快照版本 (0.315084ms)
✔ 物料全部有真实图片，采购补充信息可更新且不新增删除 (0.363708ms)
✔ 成衣与样衣 SKU 只读列表数据完整 (0.077958ms)
✔ 仓库同步更新时间，单位字典唯一且不可删除只可启停 (0.289916ms)
✔ BOM 用量可修改，说明可保存，发布后可生成面辅料需求 (1.397292ms)
✔ 面辅料需求种子就绪且可按物料行下推采购单 (2.686ms)
✔ 快递信息导入校验采购单存在、单号唯一、日期与数量合法 (0.481416ms)
✔ 国内签收、加入头程、状态推进与到仓自动签收 (0.920416ms)
✔ 供应商确认单需标签齐备，确认后回写采购单 (0.594791ms)
✔ 整柜渠道必须完整配置四个箱型，物流商可启停 (0.283166ms)
✔ 面辅料采购单可带原因关闭，关闭后不能再登记到货 (0.188416ms)
✔ 库存监控触发线与建议量公式，规则异常阻断建单 (1.939625ms)
✔ 建单数量不得超过建议量，调拨与采购资格分别阻断 (0.154917ms)
✔ 中转看板指标、分布与筛选跳转规则 (0.269ms)
✔ 生产单校验与配料任务只读数据完整，系统设置结果为 8/6/10 (0.092084ms)
✔ 种子采购单按 SRM 生成器规律补齐单据级与明细级字段 (0.848958ms)
✔ 新建做货采购单保存采购专员、加急、首单、区域与明细字段并可回显 (3.864708ms)
✔ 未传新增字段时沿用默认值并保持既有命令兼容 (0.131958ms)
✔ 采购专员必填、做货必须选区域、重量非负均抛出中文 PmsDomainError (0.282291ms)
✔ 编辑采购单保存新增字段并回显，非法输入被阻断 (0.26775ms)
✔ BOM 状态与 bomMatched 一致，未发布 BOM 的做货明细为未匹配 (0.196417ms)
✔ 行采购金额使用 roundPmsQty 且汇总等于逐行金额之和 (0.126417ms)
✔ 采购建议按缺口公式与折扣计算，并计入有效 KOL 申请 (0.712333ms)
✔ KOL 草稿与已驳回不计入建议缺口 (0.088709ms)
✔ 建议转采购单后写回已转数量与部分生成状态 (1.641667ms)
✔ 面辅料需求按 BOM 用量与损耗扣减库存和采购中 (0.546ms)
✔ 重复生成、草稿采购单与非做货采购单均被阻断 (0.125958ms)
✔ KOL 单条超量需要二次确认，超过申请量直接阻断 (0.289292ms)
✔ 驳回 KOL 需求后不再计入建议缺口 (0.118166ms)
✔ 关闭采购单必须填写原因且已关闭不可重复关闭 (0.144334ms)
✔ 主体经营明细总成本、毛利与毛利率公式 (2.353125ms)
✔ 面辅料对账：预计/实际双层公式，费用项与差异双重门禁 (4.69425ms)
✔ 面辅料费用项部分确认、批量确认与编辑失效 (0.9665ms)
✔ 请款草稿跨页创建、请款与付款上限、编辑范围 (1.373542ms)
✔ 物流实际费用 12 列导入校验、不自动确认与确认后锁定 (1.222459ms)
✔ 请款单作废释放来源对账，已有付款不能作废 (0.2815ms)
✔ 供应商账单 9 列导入覆盖实际层且不自动确认 (0.307041ms)
✔ 金额大写按 RMB 规则输出并覆盖跨节零 (0.134459ms)
✔ 生成卷号按前缀、每卷米数、重量与起始序号生成并写入包装明细 (4.116625ms)
✔ 生成卷号时尾卷承载剩余数量，卷数按采购数量与每卷米数自动取整 (0.501708ms)
✔ 非法卷号参数被拒绝并抛出中文域错误 (0.315209ms)
✔ 生成标签后二维码内容包含卷号与箱规，参与打印 (0.268958ms)
✔ 箱规新增自动计算体积，重复箱号与非法尺寸被拒，删除后计数正确 (0.24025ms)
✔ 包装明细可新增与删除，非法输入被拒且删除后计数正确 (0.197333ms)
✔ 被包装明细引用的箱规不能删除 (0.079125ms)
✔ 供应商枚举与 SRM 完全一致，旧枚举不再出现 (1.3075ms)
✔ 种子字段满足 SRM 枚举且协同指标为数字 (0.147375ms)
✔ 新增字段保存并回显，成功命令写入操作日志 (2.232167ms)
✔ 编辑保存新增字段并保持状态机与事件名不变 (0.206625ms)
✔ 非法或缺失输入抛 PmsDomainError 且不写入数据 (0.237917ms)
✔ 详情与列表展示新增字段、SRM 枚举与协同指标 (21.470209ms)
(node:24741) ExperimentalWarning: localStorage is not available because --localstorage-file was not provided.
(Use `node --trace-warnings ...` to show where the warning was created)
✔ RETURN-010: only the acceptance week Sunday is skipped, for every starting weekday (0.719708ms)
✔ RETURN-004—010: both projections share counting dates and ceil targets (0.34175ms)
(node:24744) ExperimentalWarning: localStorage is not available because --localstorage-file was not provided.
(Use `node --trace-warnings ...` to show where the warning was created)
✔ 实际耗时跨周日仍按真实时间差；没有可靠时间不造耗时 (0.50025ms)
✔ 每任务都达成才结束；同一来源去重，作废明细不影响主表 (0.166167ms)
✔ 耗时页 Mock 至少覆盖九张生产单和全部节点，且下游事实不会越过未完成的前置节点 (615.947459ms)
✔ 裁片放行按一张放行单内的多次放行展示并选取节点起止时间 (41.613959ms)
(node:24745) ExperimentalWarning: localStorage is not available because --localstorage-file was not provided.
(Use `node --trace-warnings ...` to show where the warning was created)
✔ EXC-001—004: a reference mark cannot change debt, strict kits or final task responsibility (3.735125ms)
(node:24746) ExperimentalWarning: localStorage is not available because --localstorage-file was not provided.
(Use `node --trace-warnings ...` to show where the warning was created)
✔ 派单新增主档工厂可登记承接关系，未知工厂仍阻断 (3.555875ms)
✔ 专属任务保留整单身份、数量和接收方，工艺分支保留全部前置关系 (1.781042ms)
✔ 原生产单车缝任务仍可被 PPIC 分配与责任移交识别，SKU 总量完整 (11.263209ms)
✔ PRINT-HISTORY-001: demo identities remain fixed and reject another factory or task (0.4575ms)
✔ PRINT-HISTORY-002: DYE-GOTO-GLOBAL historical slot 09 survives independent reloads without overwriting (2112.03125ms)
✔ PRINT-HISTORY-002: ID-FAC-001165 historical slot 09 survives independent reloads without overwriting (1912.054916ms)
(node:24749) ExperimentalWarning: localStorage is not available because --localstorage-file was not provided.
(Use `node --trace-warnings ...` to show where the warning was created)
✔ VERIFY-003: dispatch reads keep all documents and independent copies without projecting unrelated business views (308.542666ms)
✔ frozen printing images are losslessly stored once across orders, tasks and attachments (3.532709ms)
✔ missing or malformed image references fail rather than silently replacing frozen evidence (0.259167ms)
(node:24752) ExperimentalWarning: localStorage is not available because --localstorage-file was not provided.
(Use `node --trace-warnings ...` to show where the warning was created)
✔ PERF-002/004: scoped receiving reads preserve direct receipts and allocations, without exposing mutable facts (19.498125ms)
✔ PERF-002/004: a synchronous relation read matches independent reads and releases its scope after errors (614.295833ms)
✔ PERF-004: batched print list reviews and handovers equal independently read facts (292.909542ms)
✔ PERF-004: scoped handovers keep canonical sorting and task point reads preserve identity (29.950958ms)
✔ PERF-004: reusing warehouse documents preserves each dye order source, quantity and receiver (288.446708ms)
(node:24753) ExperimentalWarning: localStorage is not available because --localstorage-file was not provided.
(Use `node --trace-warnings ...` to show where the warning was created)
✔ craft source selection preserves all previous source choices and isolated snapshots (24.740625ms)
✔ source eligibility is re-evaluated after a source order changes (0.206333ms)
(node:24754) ExperimentalWarning: localStorage is not available because --localstorage-file was not provided.
(Use `node --trace-warnings ...` to show where the warning was created)
✔ 生产单创建来源只覆盖旧匹配事实，不复活已取消或覆盖更新后的匹配 (0.467292ms)
✔ 提前来源随PO唯一保存，重复生成不会追加第二份事实；查询投影不反向写PO (0.390042ms)
✔ 失败和嵌套投影后创建stage标记恢复，不影响后续染印执行保存 (0.262875ms)
✔ 备份拒绝错误归属、重复、未知状态和缺少正式冻结来源的匹配 (0.182167ms)
(node:24757) ExperimentalWarning: localStorage is not available because --localstorage-file was not provided.
(Use `node --trace-warnings ...` to show where the warning was created)
✔ 验收数据至少包含 5 张染色和 5 张印花提前加工单，并覆盖全部匹配状态 (606.708833ms)
✔ 印花专业成果把多张图片和多个文件统一保存在同一附件集合 (0.142625ms)
✔ 同一生产需求可手动选择具体专业任务，创建结果保存所选任务与全部成果附件 (48.451291ms)
✔ 创建提前加工单必须选择所属专业任务并明确加工厂 (6.178542ms)
✔ 计划加工数量包含损耗率，且染色印花投入与产出 SKU 必须不同 (0.647958ms)
✔ 专业成果未审核通过时不可创建提前加工单 (0.182958ms)
✔ 多个生产需求合并为一张生产单时，可匹配多张提前染色加工单 (42.743125ms)
✔ 等待技术包的提前单在技术包就绪后可由同一匹配服务自动重试 (32.846042ms)
✔ 合并生产单中只有部分需求有提前单时，只为未覆盖需求补建剩余数量 (45.536083ms)
✔ 已有提前单但正式 BOM 或 SKU 不一致时进入异常，且不重复补建同一工艺单 (42.088625ms)
✔ 取消后重建保留旧单，并建立双向替代关系 (6.368917ms)
✔ 没有提前加工单的需求仍保留正式加工单快照 (9.127709ms)
✔ BOM uses formally reduced quantity and leaves unsupported conversion unknown (0.780875ms)
✔ reuse retains one shared source instance and adds no duplicate processing duration (0.233708ms)
✔ a new rework/recheck round extends the dependency path two days and conserves qualified pieces (0.0965ms)
✔ date-only source is not coerced to a precise instant or exact deadline (0.10725ms)
✔ known order shipment can be timed without crediting an unknown production source (0.076ms)
✔ waiting for actual fulfillment can be overall late while factory completion stays on time (0.068375ms)
✔ all six named cards render directly checkable evidence without changing production task facts (2.946875ms)
✔ all ten tasks have independent drill-down networks and one frozen aggregate snapshot (2.266125ms)
✔ 31-item dependency recursion proves 24 natural days and shows the actual sum/max formula (0.467542ms)
✔ improving procurement by ten days only improves whole-task timing by one day (0.159083ms)
✔ network rejects circular/missing dependencies and unknown is never zero time (0.307958ms)
✔ each complete standard mock network and live forecast agrees with the task summary (3.885417ms)
✔ quantity forecast finds a one-day risk before any actual deadline is missed (0.38575ms)
✔ all-natural-day clock includes Sundays, preserves timezones, equality is on time and one second is late (0.099458ms)
✔ already-overdue outranks forecast missing; historical completion stops the clock (0.086625ms)
✔ upstream two-day delay and local catch-up pressure are distinct from current-team fault (0.075667ms)
✔ manual forecast is local, propagates both earlier and later dates, and never relaxes baseline (1.666917ms)
✔ saving a manual forecast refreshes all affected node labels without pretending capacity was increased (0.661167ms)
✔ zero capacity and stale progress never forecast zero remaining duration (0.155583ms)
✔ stock and purchase coverage do not imply factory readiness or a new purchase gap (0.156834ms)
✔ stock-only task still has transfer; purchased material must move beyond warehouse entry (0.067792ms)
✔ batch schedule conserves shared capacity and 90 percent occurs at a real batch event (0.161541ms)
✔ customer cancellation without production allocation does not reduce any task (0.123083ms)
✔ excess shipment of one SKU cannot hide shortage of another (0.122708ms)
✔ duplicate, out-of-order and corrected quantity events conserve the effective sum (0.128458ms)
✔ shared work is counted once while merged source tasks preserve independent T0 and deadlines (0.123375ms)
✔ orders enter analysis only from actual shipment and have their own clock (0.192125ms)
✔ region and supply mode select rules together, unpublished candidate rules never apply (0.17725ms)
✔ filters share exact aggregate scope and date windows are left-closed right-open (0.434125ms)
✔ Chinese UI defaults and all scope options filter the intended task population (0.205417ms)
✔ Chinese risk shortcut agrees with risk KPI and does not accidentally select completed or overdue tasks (0.281125ms)
✔ Chinese date-field labels use due date, start date and predicted completion respectively (0.218416ms)
✔ team and stage filters match applicable work nodes rather than only current task responsibility (0.133334ms)
✔ V3 team and factory must match the same node and empty all-scope still keeps a task (0.066708ms)
✔ V3 unknown shipment has no percentage and completed work without deadline is not on time (0.055667ms)
✔ 恢复预测保留不同工作和日期的顺序，只合并连续相同计算且不改写历史 (2.518792ms)
✔ 同一调拨动作按国家和供给方式命中不同预算，候选规则不参与匹配 (1.308709ms)
✔ 同优先级重叠命中必须冲突，明确更高优先级例外才可覆盖 (0.844334ms)
✔ 数量档边界不得跨档或用默认预算掩盖无规则 (0.197334ms)
✔ 子项七天而组上限五天阻断，网络不被截短也不在组外重复加预算 (0.518417ms)
✔ 并行分支取最大值，循环和缺失前置不得算成零天 (0.346ms)
✔ 工厂实收映射须有明细与物流批次，入库不冒充到厂，重复事件不累加 (0.320541ms)
✔ 投入产出、单位或质量门槛不合规，不能放行下游 (0.189583ms)
✔ 新版本仅记录显式重算范围，不能顺延旧基线或考核截止 (0.790375ms)
✔ 默认演示配置没有阻断，会议候选必须以提示保留 (0.201708ms)
✔ 选定在途W19规则从1改3，本地路线24改26而原始/生效截止与实际事实不变 (5.342875ms)
✔ 在途发布同层冲突、缺规则、缺映射或事件边界变化都不生成覆盖 (0.389459ms)
✔ 发布覆盖可从初始快照恢复且重复应用幂等，未选任务不受影响 (1.909709ms)
✔ 未完成调拨预算增加后，预测沿下游传播；已完成上游事实仍原样 (1.473ms)
(node:24764) ExperimentalWarning: localStorage is not available because --localstorage-file was not provided.
(Use `node --trace-warnings ...` to show where the warning was created)
✔ 首次来源读取只创建当前存在的缺口，历史从本次观察开始 (1.097917ms)
✔ 事项键由任务、工作与类型生成，中文说明变化不新增事项 (0.35675ms)
✔ 缺款图形成独立事项，增加地址不等于款色对应核验通过 (0.278417ms)
✔ 登记责任期限不修改事实或关闭事项，只有后续来源读取确认恢复 (0.690333ms)
✔ 同一恢复事实重复核对不制造历史，缺口复现重新打开且保留期限 (0.297666ms)
✔ 任务或工作未返回、数量已知性字段消失均不是恢复证据 (0.283792ms)
✔ 来源身份变更不能在同一次读取中把旧缺口标为恢复 (0.22425ms)
✔ 未结构化来源审核项不因文字消失自动关闭 (0.21425ms)
✔ 本地持久化保留独立事项、责任、期限和恢复历史 (0.39725ms)
✔ 本地损坏记录不伪造历史、不覆盖旧内容、不允许假保存 (3.555625ms)
✔ 责任、期限、调整原因必填；存储失败给出未保存结果 (0.284417ms)
✔ 数据待补按事项分页和筛选，提供独立登记及来源刷新入口 (2.013125ms)
✔ 事项按自身负责人和修复期限筛选，不借任务跟单替代 (0.219042ms)
✔ 空在途范围不展示历史演示日期压力图 (5.215375ms)
✔ 未知预算仍保留串并行和汇合箭头，位置不依赖日期 (4.625166ms)
✔ 下游未开工且前置未完的逾期归为等待；根卡点标出具体工作和全部后继 (0.9745ms)
✔ 取消和已完成不是当前卡点，数据缺口不当执行逾期 (0.581208ms)
✔ 已开工工作即使前置未完，也保留其来源责任逾期并提示核对 (0.461459ms)
✔ 卡点范围仍显示上游参照及所有受影响后继，不显示无关支路 (1.180417ms)
✔ 单据摘要默认展开来源核心字段，不只展示时效 (2.153208ms)
✔ 需求摘要指向已存在的需求列表，入口不冒称独立详情 (0.627791ms)
✔ 缺少单据不得生成虚构摘要或默认完成数 (0.3945ms)
✔ 已实收的有效结束满足前置，取消前置不会被视为供给完成 (0.559584ms)
✔ 质检不合格仍是放行卡点，不因检验时间存在变为可放行 (0.512083ms)
✔ 来源已有不合格检验结果但缺建立时间时，不因前置未完而隐藏本项卡点 (0.893166ms)
✔ 作废且不计时不等于前置已完成；来源已阻断是明确卡点 (0.55375ms)
✔ 已知工作预算齐备但范围未确认时，公式页不得称作全程标准 (0.975167ms)
✔ 暂停或受阻工作不因遗留结束时间而放行下游 (0.905625ms)
✔ 生产准备初始化按编号读取定义与完整目录逐值一致，保留不存在时的契约 (1.887917ms)
✔ 单定义读取的可编辑数组保持隔离，不污染其他任务读取 (0.388834ms)
▶ execution source relations retain full facts without unrelated cold initialization
  ✔ cold read resolves real runtime scope and leaves print/dye execution ledgers untouched (147.2435ms)
  ✔ scoped cold result equals original complete enumeration after the same actual ID resolution (381.384459ms)
  ✔ production with print/dye uses all existing preparation facts and keeps unknown IDs unknown (462.800667ms)
  ✔ live explicit cross-order reference and cancellation facts survive scoped reading (37.112041ms)
  ✔ real persisted cancellation restores through the original validated path in a new process (1082.249083ms)
  ✔ QC reads real fact quantities and renders explicit missing artwork without placeholder network dependency (147.757958ms)
✔ execution source relations retain full facts without unrelated cold initialization (2627.085ms)
(node:24768) ExperimentalWarning: localStorage is not available because --localstorage-file was not provided.
(Use `node --trace-warnings ...` to show where the warning was created)
✔ production source time uses explicit Shanghai time and rejects date-only completion (2.299667ms)
✔ DDS tasks use demand identity and do not invent preparation, budgets, shipment quantities or orders (2.076708ms)
✔ source bindings require existing same-style preparation and published technical version (0.351792ms)
✔ reuse preserves its source/version and does not add past preparation duration (0.345875ms)
✔ explicit unneeded work is excluded but unconfirmed missing work remains a decision, never zero-day completion (0.296333ms)
✔ explicit dependencies preserve parallel entries and repeated processes instead of serial sorting (0.604417ms)
✔ missing explicit predecessors do not become confirmed parallel roots (0.227167ms)
✔ missing predecessor and material SKU discontinuity block route certainty without fabricated edges (0.259959ms)
✔ cyclic source dependency stays a blocking issue and source objects remain unchanged (0.261042ms)
✔ read snapshot uses all current demand records without private Mock tasks or automatic same-style preparations (78.104667ms)
✔ continuous material SKU edges stay confirmed while an unconfirmed route remains pending (0.225ms)
✔ unverified reuse does not fabricate a completed zero-day result (0.141917ms)
✔ binding writes only the DDS association key and is reflected by the next read (13.937958ms)
✔ execution source uses exact production-order identity, assigned factory and responsibility deadline (0.304875ms)
✔ only a unique exact technical entry binds execution to route; same-name and split executions stay independent (0.336208ms)
✔ preparation-only source cycles are blocked without depending on a technical pack branch (0.187584ms)
✔ source time and manual forecast stay separate from frozen rule examples and missing SLA (0.494291ms)
✔ cancelled execution is not a late blocker and unfinished status cannot borrow a stale completion timestamp (0.168334ms)
✔ document summaries are factual, compact strings; decisions without a document stay unbound (0.126792ms)
✔ formal preparation output connects the exact confirmation, route entry and production version (0.346834ms)
✔ technical object identity and its material photo are retained without using the style photo (0.14175ms)
✔ material transfer has serial dispatch, transport and receipt with separate responsibility and source identity (0.298708ms)
✔ approval, sent quantities and delivery-note registration cannot prove physical handout or logistics delivery (0.178208ms)
✔ actual handout starts transportation but factory receipt never backfills logistics delivery or reception start (0.124042ms)
✔ receipt quantities require the same source line, target factory and unit; mixed units never close reception (0.165791ms)
✔ voided transfers keep evidence but no effective supply or transport completion (0.11775ms)
✔ a document handout timestamp does not complete unshipped or partially shipped source lines (0.12825ms)
✔ only preparation-bound purchase documents are included, and purchase completion never invents warehouse arrival (0.138667ms)
✔ quality is scoped to its recorded sample and does not establish shipment orders or whole-order completion (0.1865ms)
✔ current source snapshot exposes matching handover, quality and transfer documents, not generic placeholders alone (7.633291ms)
✔ only a real same-version production order becomes a root execution predecessor (0.457125ms)
✔ task lead blocker matches dependency analysis instead of blaming an unstarted downstream deadline (0.138541ms)
✔ failed inspection exposes the concrete unqualified quantity as blocker reason (0.146042ms)
✔ category sample images never stand in for a source style; a dedicated source image is retained (0.175625ms)
(node:24769) ExperimentalWarning: localStorage is not available because --localstorage-file was not provided.
(Use `node --trace-warnings ...` to show where the warning was created)
✔ 当前非 Mock 需求可保存显式工作映射，序列化后可恢复且不改来源事实 (91.10075ms)
✔ 未保存映射、规则空天数、事件范围变化与同级冲突分别给出真实阻断 (8.342333ms)
✔ 同一工作不得存两份口径，来源身份变化或未知数量不允许保存 (6.909917ms)
✔ 工作单位不换算、通配值不充当事实、里程碑不重复加预算 (7.084875ms)
✔ 来源任务发布单项预算后保持整体待定，刷新覆盖和已有截止均保留 (11.83ms)
✔ 缺准备或实发范围时即使要求首次建基线也阻断，并且不写覆盖 (7.302167ms)
✔ 已确认的未来发货工作尚无实发事实也可建 T0+最长路径基线，缺进度只影响预测 (1.189708ms)
✔ 已发布后来源工作身份变化，不把旧映射预算套到新单据 (7.92525ms)
✔ 配置页面保存映射到本地，空天数发布被阻断，填写预算后实际发布当前来源任务 (15.231209ms)
✔ 查生产入口只在合法系统路由显示，并在打印与 PDA 路由隐藏 (1.133791ms)
✔ 相似前缀和相似打印段不会被当成合法路由 (0.17875ms)
(node:24771) ExperimentalWarning: localStorage is not available because --localstorage-file was not provided.
(Use `node --trace-warnings ...` to show where the warning was created)
✔ PERF-001: runtime snapshot and all nine subsets preserve every production order value and caller isolation (17.733667ms)
✔ PERF-001: a subset read does not traverse or clone unrelated snapshot sections (0.225042ms)
✔ PERF-001: paper pattern binding strips and nested craft arrays remain isolated after mutation (0.298042ms)
✔ PERF-001: replacing or updating the bound snapshot is visible immediately without a stale cache (0.215084ms)
✔ PERF-001: missing production order keeps null and empty-list contracts (0.087708ms)
(node:24773) ExperimentalWarning: localStorage is not available because --localstorage-file was not provided.
(Use `node --trace-warnings ...` to show where the warning was created)
✔ VERIFY-003: scoped reads preserve pending/voided sources and defensive copies (6.359333ms)
✔ VERIFY-003: metadata lookup reflects registry changes and returns independent locations (9.169416ms)
✔ 备份恢复不能借原票编号伪造另一种面料的交出回执 (0.857958ms)
✔ 部位票缓存感知已提交事件版本，重复读取同一版本不失效 (0.815625ms)
✔ 按名称排朴，空名拒绝，同名不同编码/颜色保留独立身份 (0.580291ms)
✔ 初始每面料一张，重复分配幂等；新增与补打不混淆 (1.799959ms)
✔ 改派未交票失效，已交历史不抹除，新范围递增序号 (0.551833ms)
✔ 部分出纸仅确认勾选票；重复确认不增加次数，内容变化拒绝 (0.144667ms)
✔ 整个批次多袋并集检查，非本次袋不可借用，顺序无关 (0.320792ms)
✔ 同任务同工厂历史可满足；不同任务或换厂必须另交 (0.167625ms)
✔ 三方自行裁剪排除，资料缺失与无需面料分开判断 (0.063292ms)
✔ 混装按类型和单位分项，换片布不能拆成非5 Yard (0.116833ms)
✔ 局域网 HTTP 的摘要与原生 SHA-256 相同，既有票号不变化 (13.313209ms)
(node:24778) ExperimentalWarning: localStorage is not available because --localstorage-file was not provided.
(Use `node --trace-warnings ...` to show where the warning was created)
✔ 混装打印保留裁片矩阵，捆条和换片布独立附页，不合并单位 (1.168125ms)
✔ 纯换片布袋可生成货物标识，不制造尺码和部位 (0.122542ms)
✔ 混装标签拒绝换片布错误长度、作废票和混生产单 (0.260792ms)
✔ 生产单按单记录；变更一单不重写其他单和任务 (1.544833ms)
✔ 运行任务独立保存覆盖、拆分、合并、改派及序号，往返保留身份 (0.262125ms)
✔ 有效分配索引、独立记录、审计及序号完整往返，拒绝重复身份和损坏格式 (0.381542ms)
✔ 拒绝空字符串，不吞掉损坏记录 (0.0755ms)
✔ 拒绝数组根，不吞掉损坏记录 (0.04875ms)
✔ 拒绝生产单数组实体，不吞掉损坏记录 (0.098083ms)
✔ 拒绝生产单空编号，不吞掉损坏记录 (0.049625ms)
✔ 拒绝生产单损坏快照，不吞掉损坏记录 (0.0445ms)
✔ 拒绝任务覆盖数组，不吞掉损坏记录 (0.055708ms)
✔ 拒绝任务覆盖身份，不吞掉损坏记录 (0.088666ms)
✔ 拒绝拆分来源身份，不吞掉损坏记录 (0.058791ms)
✔ 拒绝拆分子项损坏，不吞掉损坏记录 (0.045292ms)
✔ 拒绝合并明细损坏，不吞掉损坏记录 (0.054083ms)
✔ 拒绝改派任务身份，不吞掉损坏记录 (0.034375ms)
✔ 拒绝不安全序号，不吞掉损坏记录 (0.097292ms)
✔ 拒绝重复Map键，不吞掉损坏记录 (0.03625ms)
✔ 拒绝current非数组，不吞掉损坏记录 (0.035375ms)
✔ 拒绝current孤儿，不吞掉损坏记录 (0.033208ms)
✔ 拒绝current跨任务，不吞掉损坏记录 (0.033792ms)
✔ 拒绝current重复引用，不吞掉损坏记录 (0.02875ms)
✔ 拒绝审计孤儿，不吞掉损坏记录 (0.031375ms)
✔ 已保存实体损坏编号、缺少meta或重复meta不能伪造正常空源 (0.137958ms)
✔ 未登记key及空白JSON拒绝；null明确代表没有覆盖 (0.050125ms)
✔ 备份校验拒绝未知来源集合、伪造迁移身份及丢失检查点实体 (0.642875ms)
✔ 四类静态运行任务的删除标记完整往返，拒绝混入业务字段或假删除 (0.145166ms)
✔ 分配副产物按实体保存；合同、样衣及PPIC责任保留独立序号 (0.443417ms)
✔ 拒绝缺失渲染必需快照的合同，防止迁移清源后才暴露损坏 (0.051ms)
✔ 关联实体损坏拒绝 unknown:X (0.045875ms)
✔ 关联实体损坏拒绝 material-context:A (0.032834ms)
✔ 关联实体损坏拒绝 return-sequence:value (0.028541ms)
✔ 关联实体损坏拒绝 sla-current:T (0.034375ms)
✔ 生产创建匹配来源按生产单身份校验并完整恢复 (0.177709ms)
✔ 工厂结束事实只允许明确任务、操作人和时间 (3.94875ms)
(node:24781) ExperimentalWarning: localStorage is not available because --localstorage-file was not provided.
(Use `node --trace-warnings ...` to show where the warning was created)
✔ 分配 SKU 的需料不同；多尺码共料去重，名称含朴排除 (1.162833ms)
✔ 完整但全是朴为空集合；缺颜色映射或空名称属于资料错误 (0.290125ms)
✔ 同名不同编码面料不混并；BOM 身份歧义阻断 (0.190541ms)
✔ 交出回执从快照保留三种明细，Yard 与米不进入裁片数量 (0.661583ms)
✔ 回执任务读取保持数组身份；只在事实变更后重新投影 (0.235417ms)
✔ 款式需料读取的配置查询只返回独立副本，不能污染下次来源读取 (0.335208ms)
✔ 来源读取失败时不能把不可用哨兵值当作稳定分配继续保存 (0.32775ms)
✔ 历史裁片实交保留原数量与归属，其他集合不混入 (0.572458ms)
✔ 历史缺原版本、交错明细、负数量或记录身份错误均阻断恢复 (0.283292ms)
✔ 面辅料单不可写入退役裁片历史，未完成迁移标记不可恢复 (0.102833ms)
✔ 并发调用复用同一个模块加载 Promise，成功后继续复用结果 (1.347083ms)
✔ 模块加载失败后清空缓存，下一次调用可以重试 (0.500792ms)
✔ 独立打印外壳只命中完整生产确认单打印路由 (0.887084ms)
✔ 既有固定打印路由仍使用独立打印外壳 (0.108459ms)
✔ technical version reads do not write when storage is full (first visit) (268.771292ms)
✔ technical version reads do not write when storage is full (saved data) (306.049208ms)
✔ 五类页面共享采购到交出的串联 Mock，重复初始化不重置执行事实 (242.609292ms)
✔ 补齐串联 Mock 时压缩历史大签名，避免浏览器存储接近上限导致页面路由失败 (259.330167ms)
✔ 三个中央工厂在组织目录与执行工厂中身份一致且仅出现一次 (1.02125ms)
✔ 花边角色与采购映射归属TMF但供应方仍保留独立身份 (0.178625ms)
✔ 橡筋定长切割仍归SPF，不成为TMF织带截断任务 (0.1865ms)
✔ 旧浏览器组织记录迁移后不与权威TMF并存且保留已有联系人 (6.016042ms)
(node:24790) ExperimentalWarning: localStorage is not available because --localstorage-file was not provided.
(Use `node --trace-warnings ...` to show where the warning was created)
✔ 连续织带实际650米交出→648+2实收→染色可用650，仓库和用料保持米制且无公斤换算 (7.585666ms)
✔ 连续长度口径不可用于纱线/码制，普通辅料仍要求实际称重 (1.170125ms)
✔ 原生连续辅料染色650→640：实际工厂实收及用料驱动加工，使用对象对应蓝色织带参考图 (463.521333ms)
(node:24792) ExperimentalWarning: localStorage is not available because --localstorage-file was not provided.
(Use `node --trace-warnings ...` to show where the warning was created)
✔ 织带与绳子参考档案接入实际物料库，保留图片来源和未确认尺寸，不替换橡筋 (43.936209ms)
✔ 同分钟新建不同幅宽织带和绳径主档不共用SPU身份，SKU保持各自父档归属 (132.606083ms)
✔ TMF半成品SKU按SPU→潘通色号→颜色→花型生成，长度和端头不进入SKU (0.201917ms)
(node:24793) ExperimentalWarning: localStorage is not available because --localstorage-file was not provided.
(Use `node --trace-warnings ...` to show where the warning was created)
✔ TMF发布采用链：技术包发布门禁→审核发布→启用→生产单采用→生成织带加工需求 (642.307292ms)
✔ TMF发布门禁：含织带截断工序但规格未补齐的采用版本不能发布 (29.441125ms)
✔ 正式生产路线只关联相邻同BOM同SKU的染色→印花，不生成数量或修改来源 (0.9315ms)
✔ 跨单/版本/工序/用途/SKU/单位、缺工厂与已有其他接收单都不能接续 (0.271625ms)
✔ 印花连续辅料仅接同版本同BOM的直接截断节点，不修改SKU和数量 (0.716125ms)
✔ 染色来源已绑定印花时拒绝直接截断，不读取不存在的顶层字段 (0.251917ms)
✔ TMF V1 原型范围、工厂身份和现场默认参数已冻结 (0.704583ms)
✔ TMF 风险动作默认要求主管与二次确认，采购行身份不可丢失 (0.075667ms)
{"scenario":"N02","scope":"业务动作主链含纱线重量账；含端头辅材采购实收；不含PCS发布采用页面、纱线采购上游","purchaseReceived":1300,"productionReceived":1000,"warehouseContinuousM":30,"netCutM":1260,"lossM":10,"headUnit":"个","headReceived":2020,"headRemaining":15}
{"scenario":"N03","scope":"业务动作主链含纱线重量账；含端头辅材采购实收；不含PCS发布采用页面、纱线采购上游","purchaseReceived":60,"productionReceived":100,"warehouseContinuousM":9,"netCutM":50,"lossM":1,"headUnit":"个","headReceived":202,"headRemaining":1}
{"scenario":"N04","scope":"业务动作主链含纱线重量账；含端头辅材采购实收；不含PCS发布采用页面、纱线采购上游","purchaseReceived":100,"productionReceived":50,"warehouseContinuousM":34,"netCutM":65,"lossM":1,"headUnit":"kg","headReceived":0.2,"headRemaining":0.04}
{"scenario":"B06","scope":"规范数量动作链；塑料头从仓库实收事实开始，补购基础生产未虚构纱线配方；不代表全部页面验收","continuous":9,"productionReceived":1000,"scrapped":100,"scrappedMeters":120,"loss":11,"metalRemaining":15,"plasticRemaining":2}
{"scenario":"N05","mergedBatch":"FULL-N05-MERGED","purchaseReceivedM":120,"mergedIssuedM":102,"mergedProducedPieces":200,"productionReceivedByOrder":[100,100],"warehouseContinuousM":19,"lossM":1,"returnedM":1}
{"scenario":"B17","mergedBatch":"FULL-B17-MERGED","purchaseReceivedM":120,"mergedIssuedM":102,"mergedProducedPieces":200,"productionReceivedByOrder":[100,100],"warehouseContinuousM":19,"lossM":1,"returnedM":1}
{"scenario":"N01","rawReceivedKg":12,"consumedKg":10,"returnedKg":1,"factoryRemainingKg":1,"semiFinishedReceivedM":1000}
{"scenario":"N02","rawReceivedKg":12,"consumedKg":10,"returnedKg":1,"factoryRemainingKg":1,"semiFinishedReceivedM":1300}
{"scenario":"N03","rawReceivedKg":12,"consumedKg":10,"returnedKg":1,"factoryRemainingKg":1,"semiFinishedReceivedM":60}
{"scenario":"N04","rawReceivedKg":12,"consumedKg":10,"returnedKg":1,"factoryRemainingKg":1,"semiFinishedReceivedM":100}
{"scenario":"N05","rawReceivedKg":12,"consumedKg":10,"returnedKg":1,"factoryRemainingKg":1,"semiFinishedReceivedM":120}
{"scenario":"PRINTBACK-source-fixture","nativePrint":{"inputM":650,"outputM":630,"lossM":20,"outputImage":"MISSING_BLOCKED"},"sourceDispatched":630,"actualReceived":630,"cutMeters":620,"lossMeters":2,"returnedMeters":8,"baseLeftMeters":350,"scope":"原生印花650→630已独立重放；下游630米交出仍为专项夹具，不替代缺图正式交出或N01完整上游"}
{"scenario":"B09-downstream-recovery","basePhysicalM":350,"otherReservedM":350,"baseAvailableM":0,"processedReturnM":8,"productionPieces":[400,600],"scope":"含实际占用失败、释放、发料及印花回料后全链；原生印染20米损耗未执行，不是完整B09通过"}
{"scenario":"B05-cut-recovery","received":[400,600],"frozenPieces":10,"frozenLengthMm":500,"continuous":2.5,"cutLoss":2.5,"upstreamScope":"印花630米已交出为外部专项夹具，不冒充原生印染20米损耗或全N01"}
(node:24798) ExperimentalWarning: localStorage is not available because --localstorage-file was not provided.
(Use `node --trace-warnings ...` to show where the warning was created)
✔ N01～N05：通过现有 PMS 入口下达，每条采购链从零执行到仓库实收；交出不提前增加库存 (15.089833ms)
✔ 半成品加工没有原料实收和足量耗用时禁止产出，补齐同一原料链后才能填报 (8.397792ms)
✔ MOCK-007：规范场景使用同一采购行、基础单和生产需求身份，不复制孤立页面 Mock (3.843958ms)
✔ MOCK-009：重置只重载隔离的运行态，不清除用户浏览器数据 (0.34225ms)
✔ B01/B03：短收保留在途和采购缺口；重复扫描、生成和刷新不双记 (1.003875ms)
✔ B02/B04：多收、错 SKU、错仓和无权限动作不改变任意下游数量；恢复后正常收齐 (1.689375ms)
✔ OVR-001～003：超产与超收须主管二次确认，计划不扩、幂等且下游一致 (3.177583ms)
✔ MASTER-001～003/005：采购与端头采购映射原型内建主档，缺失阻断且身份稳定 (3.974334ms)
✔ MASTER-004：映射前历史记录保留原快照与未映射标记，不批量改写 (0.29ms)
✔ TERM-001～005：取消后终止处置台逐项决定，未处置不得结案且数量对账守恒 (8.353541ms)
✔ 终止连续余料：实物余量只扣一次报废，拒绝超量且剩余数量可继续处置 (6.692875ms)
✔ GAP-TERM-004：上游未收与生产在途分别确认去向，不可重复登记 (0.776125ms)
✔ DYE-001～003：染色直交织带厂按实际交出分配实收，追溯原染色单且不重复扣料 (429.682125ms)
✔ 采购追加：未开始同步计划，已执行保留原计划和实物并处理变更 (5.266667ms)
✔ B21：保存失败不报成功、不留部分库存；成功后刷新读取同一采购和收货事实 (1.26875ms)
✔ 采购→两种规格截断→拆包回仓→分配发料→生产实收：短收保留缺口，库存及采购不双记 (21.3615ms)
✔ B09：其他需求占用400米时不能再占650；释放50后恢复，错误发料不改变库存 (5.987625ms)
✔ 需求来源：同尺码不同成衣SKU分别保留，BOM适用范围生效，错误快照和重复工序阻断 (0.433625ms)
✔ 待打头条料不计合格产出；超公差实物记不良且照实扣下料当量，未实收不可截断 (33.205417ms)
✔ N04：采购100米→单端硅胶按kg实耗→回仓发料→生产实收50根，连续料剩34米 (24.330167ms)
✔ B15：截断后取消保留1000根在制和1260米当量，释放未发占用并只退连续余料 (24.057875ms)
✔ 已回仓部分发料后取消：释放未发分配，冻结实存，已发在途保留且实收不恢复需求 (17.367292ms)
✔ N02规范数值：采购→实际加工→生产实收及米料/辅材退仓整链 (70.448542ms)
✔ N03规范数值：采购→实际加工→生产实收及米料/辅材退仓整链 (56.194125ms)
✔ N04规范数值：采购→实际加工→生产实收及米料/辅材退仓整链 (61.382958ms)
✔ B06规范恢复：误装100根报废→补购100米并补做→生产实收1000根，三套实物账守恒 (123.553375ms)
✔ N05合并批：120米采购→102米合并投入→两生产单各实收100，B17独立副本拆100为40+60 (84.097083ms)
✔ B17合并批：120米采购→102米合并投入→两生产单各实收100，B17独立副本拆100为40+60 (198.119959ms)
✔ N01～N05基础原料重量账：源仓实收→发出→工厂实收→耗用/余料→原仓实收，与米制产出独立 (225.788875ms)
✔ 主生产单暂停/取消直接限制织带执行，已发实收保留且取消处置释放未发占用 (64.096792ms)
✔ 冷启动及旧标签页均读取已保存主单限制，损坏来源不默许执行 (0.296083ms)
✔ 印花交出按两种长度分配，原单分次实收唯一记账，随后截断/回仓/领料守恒 (358.095417ms)
✔ 主单离页保存保留其他页取消及新增单，同单并发编辑和存储失败不覆盖 (2.333458ms)
✔ 技术包换版后旧规格冻结，已交出的仓库及生产在途可实收且不改旧长度 (63.187ms)
✔ 未发料换版释放旧占用，新需求从备料至生产实收，旧预览和已执行重算阻断 (92.282167ms)
✔ 已加工换版：旧200条冻结并释放未发分配，新550/700mm需求实收1000条，旧预览失效且库存守恒 (118.454041ms)
✔ B05实际410/590错配：短条余量冻结，连续余料8米补10条700mm至两规格生产实收 (203.799041ms)
✔ 加工计划时间独立保存：明确时区、并发版本阻断、实际节点不倒推开完工且库存不变 (26.012625ms)
✔ 加工单费用按技术包需求计价：单位、币种和版本可追溯，库存与实收不被费用动作改变 (20.37175ms)
✔ 织带加工单没有接单或开工门禁，投入实收后可直接加工填报 (51.440208ms)
✔ B23未执行采购1000减900：版本留痕、旧预览阻断、重新确认接受后900实际生产实收 (51.64525ms)
✔ B24实收1000退100：仓库交出与TMF分次实收独立，原收保留且净900后减量 (85.529541ms)
✔ 采购取消门禁：无执行事实可取消，已收货或已生产必须先处置不能直接结案 (47.715875ms)
✔ PMS采购实际仓库实收与原料库存一次保存；分批、刷新、原料使用和退回均不重复履约 (150.606875ms)
✔ 历史手工到货及不支持的单位不能直接变成投入料可用库存 (0.567625ms)
✔ 首次实收前供应商确认与关闭可刷新恢复，保存失败和损坏存储不会覆盖状态 (0.464541ms)
✔ N01采用路线按染色→印花关联原单，多尺码不重复列工序，不修改印染数量 (1.181583ms)
✔ 旧版本、错误SKU、码制单位、取消或变更待处理均不作为有效关联 (0.231375ms)
✔ 同号不同生产单或BOM不得关联，重复来源不静默选择，混合快照阻断 (0.262708ms)
✔ 编辑器按尺码保留规格，截断打头不新建SKU，重复保存沿用节点身份 (1.847875ms)
✔ 无印染要求时 TMF 路线只生成截断节点，不凭空生成染色或印花节点 (0.175125ms)
✔ 前序印染产出SKU作为截断投入；保留独立橡筋工艺，移除打头后下游连接截断 (0.471041ms)
✔ 未明确打头、错误辅料BOM、无半成品和不合法前序不能生成可执行路线 (0.171417ms)
(node:24802) ExperimentalWarning: localStorage is not available because --localstorage-file was not provided.
(Use `node --trace-warnings ...` to show where the warning was created)
✔ N01：400 条 50CM 和 600 条 70CM 分行计算，共 620 米；未增加 SKU (1.426167ms)
✔ 缺少尺码数量、非整数条数、公差或测量条件时不猜测需求 (0.368375ms)
✔ B07：未选择打头、缺少端头方式或辅材不能确认；支持两端不同端头 (0.270083ms)
✔ N04/B08：硅胶按重量且必须有覆盖长度，不作为独立金属头计数 (0.097042ms)
✔ B18：打头只能承接对应截断条料，不能换 SKU、换长度或重新领连续料 (0.276792ms)
✔ N05：规格相同可以合并，但尺码、用途和需求身份不靠物理规格键代替 (0.096ms)
✔ B14：修改后续版本端头要求不能污染生产单历史快照 (0.599083ms)
✔ 发布门禁：含织带截断工序的技术包必须规格完整且规格仍关联当前 BOM (0.182708ms)
ℹ tests 537
ℹ suites 0
ℹ pass 537
ℹ fail 0
ℹ cancelled 0
ℹ skipped 0
ℹ todo 0
ℹ duration_ms 10020.892083
vite v6.4.3 building for production...
transforming...
✓ 2718 modules transformed.
rendering chunks...
[plugin vite:reporter] 
(!) /private/tmp/higoods-replacement-fabric-release-20260925/src/data/app-shell-config.ts is dynamically imported by /private/tmp/higoods-replacement-fabric-release-20260925/src/router/routes.ts but also statically imported by /private/tmp/higoods-replacement-fabric-release-20260925/src/components/shell.ts, /private/tmp/higoods-replacement-fabric-release-20260925/src/state/store.ts, dynamic import will not move module into another chunk.

[plugin vite:reporter] 
(!) /private/tmp/higoods-replacement-fabric-release-20260925/src/components/production-object-floating-entry.ts is dynamically imported by /private/tmp/higoods-replacement-fabric-release-20260925/src/main.ts but also statically imported by /private/tmp/higoods-replacement-fabric-release-20260925/src/components/shell.ts, dynamic import will not move module into another chunk.

[plugin vite:reporter] 
(!) /private/tmp/higoods-replacement-fabric-release-20260925/src/data/fcs/cutting/cutting-record-identity.ts is dynamically imported by /private/tmp/higoods-replacement-fabric-release-20260925/src/data/fcs/cutting/cutting-record-repository.ts but also statically imported by /private/tmp/higoods-replacement-fabric-release-20260925/src/data/fcs/cutting/cutting-event-migration.ts, /private/tmp/higoods-replacement-fabric-release-20260925/src/data/fcs/cutting/cutting-file-maintenance.ts, /private/tmp/higoods-replacement-fabric-release-20260925/src/data/fcs/cutting/part-ticket-records.ts, /private/tmp/higoods-replacement-fabric-release-20260925/src/data/fcs/cutting/replacement-fabric-fei-tickets.ts, /private/tmp/higoods-replacement-fabric-release-20260925/src/data/fcs/cutting/replacement-fabric-repository.ts, /private/tmp/higoods-replacement-fabric-release-20260925/src/data/fcs/cutting/retired-cut-piece-pickup-history.ts, /private/tmp/higoods-replacement-fabric-release-20260925/src/data/fcs/production-context-actions.ts, /private/tmp/higoods-replacement-fabric-release-20260925/src/data/fcs/production-context-records.ts, /private/tmp/higoods-replacement-fabric-release-20260925/src/pages/pda-cutting-save.ts, /private/tmp/higoods-replacement-fabric-release-20260925/src/pages/print/replacement-fabric-preview.ts, /private/tmp/higoods-replacement-fabric-release-20260925/src/pages/process-factory/cutting/replacement-fabric-fei-tickets.ts, /private/tmp/higoods-replacement-fabric-release-20260925/src/pages/process-factory/cutting/transfer-bags/state.ts, /private/tmp/higoods-replacement-fabric-release-20260925/src/pages/process-factory/cutting/wait-handover-actions.ts, /private/tmp/higoods-replacement-fabric-release-20260925/src/pages/production-contract-print.ts, /private/tmp/higoods-replacement-fabric-release-20260925/src/pages/unified-dispatch-workbench.ts, dynamic import will not move module into another chunk.

[plugin vite:reporter] 
(!) /private/tmp/higoods-replacement-fabric-release-20260925/src/data/fcs/production-context-records.ts is dynamically imported by /private/tmp/higoods-replacement-fabric-release-20260925/src/data/fcs/cutting/cutting-record-repository.ts, /private/tmp/higoods-replacement-fabric-release-20260925/src/main.ts but also statically imported by /private/tmp/higoods-replacement-fabric-release-20260925/src/data/fcs/cutting/cutting-event-repository.ts, /private/tmp/higoods-replacement-fabric-release-20260925/src/data/fcs/cutting/part-ticket-records.ts, /private/tmp/higoods-replacement-fabric-release-20260925/src/data/fcs/cutting/replacement-fabric-repository.ts, /private/tmp/higoods-replacement-fabric-release-20260925/src/data/fcs/cutting/replacement-fabric-source.ts, /private/tmp/higoods-replacement-fabric-release-20260925/src/data/fcs/cutting/retired-cut-piece-pickup-history.ts, /private/tmp/higoods-replacement-fabric-release-20260925/src/data/fcs/effective-task-assignments.ts, /private/tmp/higoods-replacement-fabric-release-20260925/src/data/fcs/pda-handover-events.ts, /private/tmp/higoods-replacement-fabric-release-20260925/src/data/fcs/production-context-actions.ts, /private/tmp/higoods-replacement-fabric-release-20260925/src/data/fcs/production-contracts.ts, /private/tmp/higoods-replacement-fabric-release-20260925/src/data/fcs/production-order-runtime-store.ts, /private/tmp/higoods-replacement-fabric-release-20260925/src/data/fcs/production-orders.ts, /private/tmp/higoods-replacement-fabric-release-20260925/src/data/fcs/runtime-process-tasks.ts, /private/tmp/higoods-replacement-fabric-release-20260925/src/data/fcs/sewing-outsourcing-responsibility.ts, /private/tmp/higoods-replacement-fabric-release-20260925/src/data/fcs/sewing-sample-approval-suggestion.ts, /private/tmp/higoods-replacement-fabric-release-20260925/src/pages/process-factory/cutting/replacement-fabric-data-tools.ts, /private/tmp/higoods-replacement-fabric-release-20260925/src/pages/production-context-recovery.ts, dynamic import will not move module into another chunk.

[plugin vite:reporter] 
(!) /private/tmp/higoods-replacement-fabric-release-20260925/src/data/fcs/printing-task-domain.ts is dynamically imported by /private/tmp/higoods-replacement-fabric-release-20260925/src/data/fcs/dyeing-task-domain.ts, /private/tmp/higoods-replacement-fabric-release-20260925/src/data/fcs/tmf-upstream-process-orders.ts, /private/tmp/higoods-replacement-fabric-release-20260925/src/data/pms/tmf-material-purchases.ts, /private/tmp/higoods-replacement-fabric-release-20260925/src/pages/process-factory/accessory/webbing/work-order-detail.ts, /private/tmp/higoods-replacement-fabric-release-20260925/src/pages/process-factory/accessory/webbing/work-order-detail.ts but also statically imported by /private/tmp/higoods-replacement-fabric-release-20260925/src/data/fcs/cutting/material-prep.ts, /private/tmp/higoods-replacement-fabric-release-20260925/src/data/fcs/cutting/supplement-node-facts.ts, /private/tmp/higoods-replacement-fabric-release-20260925/src/data/fcs/design-revision-material-transfer.ts, /private/tmp/higoods-replacement-fabric-release-20260925/src/data/fcs/design-revision-process-work-order-adapter.ts, /private/tmp/higoods-replacement-fabric-release-20260925/src/data/fcs/factory-receiving-links.ts, /private/tmp/higoods-replacement-fabric-release-20260925/src/data/fcs/factory-receiving-source-sync.ts, /private/tmp/higoods-replacement-fabric-release-20260925/src/data/fcs/mobile-execution-task-index.ts, /private/tmp/higoods-replacement-fabric-release-20260925/src/data/fcs/pda-start-link.ts, /private/tmp/higoods-replacement-fabric-release-20260925/src/data/fcs/printing-factory-demos.ts, /private/tmp/higoods-replacement-fabric-release-20260925/src/data/fcs/printing-material-receipts.ts, /private/tmp/higoods-replacement-fabric-release-20260925/src/data/fcs/printing-statistics.ts, /private/tmp/higoods-replacement-fabric-release-20260925/src/data/fcs/printing-warehouse-view.ts, /private/tmp/higoods-replacement-fabric-release-20260925/src/data/fcs/printing-work-order-business.ts, /private/tmp/higoods-replacement-fabric-release-20260925/src/data/fcs/process-action-writeback-service.ts, /private/tmp/higoods-replacement-fabric-release-20260925/src/data/fcs/process-execution-writeback.ts, /private/tmp/higoods-replacement-fabric-release-20260925/src/data/fcs/process-mobile-task-binding.ts, /private/tmp/higoods-replacement-fabric-release-20260925/src/data/fcs/process-warehouse-linkage-service.ts, /private/tmp/higoods-replacement-fabric-release-20260925/src/data/fcs/process-web-status-actions.ts, /private/tmp/higoods-replacement-fabric-release-20260925/src/data/fcs/process-work-order-domain.ts, /private/tmp/higoods-replacement-fabric-release-20260925/src/data/fcs/process-work-order-generation-service.ts, /private/tmp/higoods-replacement-fabric-release-20260925/src/data/fcs/production-demand-early-process-work-orders.ts, /private/tmp/higoods-replacement-fabric-release-20260925/src/data/fcs/production-object-overview.ts, /private/tmp/higoods-replacement-fabric-release-20260925/src/data/fcs/production-process-work-order-service.ts, /private/tmp/higoods-replacement-fabric-release-20260925/src/data/fcs/task-print-cards.ts, /private/tmp/higoods-replacement-fabric-release-20260925/src/pages/pcs-independent-sampling.ts, /private/tmp/higoods-replacement-fabric-release-20260925/src/pages/pda-exec-detail.ts, /private/tmp/higoods-replacement-fabric-release-20260925/src/pages/pda-exec.ts, /private/tmp/higoods-replacement-fabric-release-20260925/src/pages/pda-task-receive.ts, /private/tmp/higoods-replacement-fabric-release-20260925/src/pages/print/templates/printing-work-order-template.ts, /private/tmp/higoods-replacement-fabric-release-20260925/src/pages/process-factory/cutting/production-order-overview-projection.ts, /private/tmp/higoods-replacement-fabric-release-20260925/src/pages/process-factory/dyeing/pending-receipts.ts, /private/tmp/higoods-replacement-fabric-release-20260925/src/pages/process-factory/printing/dashboards.ts, /private/tmp/higoods-replacement-fabric-release-20260925/src/pages/process-factory/printing/dialogs.ts, /private/tmp/higoods-replacement-fabric-release-20260925/src/pages/process-factory/printing/dispatch.ts, /private/tmp/higoods-replacement-fabric-release-20260925/src/pages/process-factory/printing/events.ts, /private/tmp/higoods-replacement-fabric-release-20260925/src/pages/process-factory/printing/presentation.ts, /private/tmp/higoods-replacement-fabric-release-20260925/src/pages/process-factory/printing/shared.ts, /private/tmp/higoods-replacement-fabric-release-20260925/src/pages/process-factory/printing/statistics.ts, /private/tmp/higoods-replacement-fabric-release-20260925/src/pages/process-factory/printing/work-order-detail.ts, /private/tmp/higoods-replacement-fabric-release-20260925/src/pages/process-print-orders.ts, /private/tmp/higoods-replacement-fabric-release-20260925/src/pages/process-work-orders/early-process-management.ts, /private/tmp/higoods-replacement-fabric-release-20260925/src/pages/production/demand-domain.ts, /private/tmp/higoods-replacement-fabric-release-20260925/src/runtime/fcs/cutting/pickup-management-runtime.ts, dynamic import will not move module into another chunk.

computing gzip size...
dist/index.html                                                           1.25 kB │ gzip:   0.64 kB
dist/assets/pcs-pattern-parse.worker-B3_rAVMB.js                         18.52 kB
dist/assets/source-views-23Nr_RHD.css                                    34.63 kB │ gzip:   7.04 kB
dist/assets/index-DkHkpfSK.css                                          154.85 kB │ gzip:  25.42 kB
dist/assets/store-domain-quality-bootstrap-DM7cn64G.js                    0.38 kB │ gzip:   0.25 kB
dist/assets/sample-warehouse-projection-58pTvVbW.js                       0.39 kB │ gzip:   0.26 kB
dist/assets/dialogs-B561GdFm.js                                           0.58 kB │ gzip:   0.30 kB
dist/assets/pcs-style-demo-image-GDjoPqJf.js                              0.59 kB │ gzip:   0.28 kB
dist/assets/tech-pack-DLNYVz2R.js                                         0.63 kB │ gzip:   0.34 kB
dist/assets/badge-COBHuzHI.js                                             0.78 kB │ gzip:   0.42 kB
dist/assets/images-Q79qfJD0.js                                            0.80 kB │ gzip:   0.35 kB
dist/assets/pms-export-Cr9pPFGS.js                                        0.83 kB │ gzip:   0.50 kB
dist/assets/placeholder-CeaEs8h7.js                                       0.85 kB │ gzip:   0.47 kB
dist/assets/pda-cutting-save-Y756GQIw.js                                  0.88 kB │ gzip:   0.60 kB
dist/assets/trace-BImKEKiG.js                                             0.89 kB │ gzip:   0.51 kB
dist/assets/execution-prep-projection-helpers-D2RJQDBT.js                 0.90 kB │ gzip:   0.44 kB
dist/assets/runtime-DY769RIr.js                                           0.90 kB │ gzip:   0.61 kB
dist/assets/history-CbZRvqrt.js                                           0.98 kB │ gzip:   0.63 kB
dist/assets/payment-sync-XMmPlYqD.js                                      1.01 kB │ gzip:   0.64 kB
dist/assets/print-service-CyrwQfQw.js                                     1.04 kB │ gzip:   0.52 kB
dist/assets/pda-sewing-self-return-mode-CVT5AEl1.js                       1.07 kB │ gzip:   0.54 kB
dist/assets/detail.adapter-DXRDkMYH.js                                    1.08 kB │ gzip:   0.68 kB
dist/assets/process-work-order-generation-service-zb328rZK.js             1.08 kB │ gzip:   0.66 kB
dist/assets/dyeing-material-receipts-BlS7O4pn.js                          1.11 kB │ gzip:   0.73 kB
dist/assets/pda-runtime-BKthG_J-.js                                       1.16 kB │ gzip:   0.64 kB
dist/assets/replacement-fabric-scan-0031KDnS.js                           1.28 kB │ gzip:   0.81 kB
dist/assets/overview-DGobkVS8.js                                          1.29 kB │ gzip:   0.71 kB
dist/assets/process-work-order-source-view-D6yBNzds.js                    1.31 kB │ gzip:   0.58 kB
dist/assets/transfer-bag-handover-mock-DYm3xqmR.js                        1.31 kB │ gzip:   0.71 kB
dist/assets/work-order-action-policy-BITV8wZU.js                          1.34 kB │ gzip:   0.68 kB
dist/assets/dialogs-q0cvCs_S.js                                           1.42 kB │ gzip:   0.62 kB
dist/assets/filter-bar-0sOy0Jmn.js                                        1.49 kB │ gzip:   0.81 kB
dist/assets/material-identity-Dh84yv5j.js                                 1.54 kB │ gzip:   0.85 kB
dist/assets/supplement-material-prep-demand-registry-DI-N3DvB.js          1.56 kB │ gzip:   0.75 kB
dist/assets/warehouse-shared-C1drZanC.js                                  1.57 kB │ gzip:   0.51 kB
dist/assets/pda-cutting-wait-handover-actions-DIHaTyuE.js                 1.58 kB │ gzip:   0.62 kB
dist/assets/task-handover-domain-bMhTHwR0.js                              1.58 kB │ gzip:   0.77 kB
dist/assets/task-chain-pages-adapter-Ce1B1NGn.js                          1.72 kB │ gzip:   0.85 kB
dist/assets/real-qr-DmcTMJMX.js                                           1.74 kB │ gzip:   0.93 kB
dist/assets/work-order-detail-Cw30b0M8.js                                 1.74 kB │ gzip:   0.80 kB
dist/assets/real-barcode-Dhpa5vvC.js                                      1.81 kB │ gzip:   0.96 kB
dist/assets/wool-pda-scan-Ch9TMWv_.js                                     1.81 kB │ gzip:   1.00 kB
dist/assets/tmf-upstream-receiving-BiKmDzp3.js                            1.84 kB │ gzip:   1.14 kB
dist/assets/toast-CIWgHgH2.js                                             1.87 kB │ gzip:   0.90 kB
dist/assets/mixed-transfer-bag-ticket-DETTPWFm.js                         1.89 kB │ gzip:   0.79 kB
dist/assets/kol-goto-fixed-total-ledger-B41fJyUJ.js                       1.93 kB │ gzip:   0.93 kB
dist/assets/list-export-BGy7I6J_.js                                       1.99 kB │ gzip:   1.18 kB
dist/assets/printing-sheet-preview-eEwsZwEM.js                            2.03 kB │ gzip:   1.06 kB
dist/assets/confirmation-print-DxJEnZ1N.js                                2.04 kB │ gzip:   0.94 kB
dist/assets/table-COf1ato7.js                                             2.04 kB │ gzip:   1.02 kB
dist/assets/binding-process-pda-scan-BiTyBJ9-.js                          2.18 kB │ gzip:   1.13 kB
dist/assets/cutting-file-maintenance-ClHAJwXF.js                          2.19 kB │ gzip:   1.17 kB
dist/assets/special-craft-pda-scope-Dbe9EWRQ.js                           2.24 kB │ gzip:   1.02 kB
dist/assets/task-route-card-CC37DFTP.js                                   2.30 kB │ gzip:   1.08 kB
dist/assets/mixed-bag-contents-DuWfyc-X.js                                2.33 kB │ gzip:   1.29 kB
dist/assets/production-context-recovery-C44BLzS1.js                       2.36 kB │ gzip:   1.24 kB
dist/assets/task-delivery-card-C3HCB6dn.js                                2.36 kB │ gzip:   1.16 kB
dist/assets/production-contract-print-7HZuBn-F.js                         2.42 kB │ gzip:   1.38 kB
dist/assets/helpers-BFKa6pUf.js                                           2.42 kB │ gzip:   1.21 kB
dist/assets/pda-cutting-simple-cut-piece-handover-BkgYs-2K.js             2.47 kB │ gzip:   1.24 kB
dist/assets/tmf-work-order-view-C_ffbuJc.js                               2.56 kB │ gzip:   1.18 kB
dist/assets/pms-excel-import-DnMCWv6B.js                                  2.66 kB │ gzip:   1.32 kB
dist/assets/shared-DnhHXlJ3.js                                            2.70 kB │ gzip:   1.02 kB
dist/assets/process-order-list-presentation-CNQMy0h6.js                   2.71 kB │ gzip:   1.27 kB
dist/assets/marker-plan-projection-DD7gfVYa.js                            2.77 kB │ gzip:   1.18 kB
dist/assets/post-finishing-spu-technical-parameters-BiPzwcJp.js           2.79 kB │ gzip:   1.28 kB
dist/assets/authorization-code-DJ8DM7Zv.js                                2.91 kB │ gzip:   1.43 kB
dist/assets/process-order-task-relations-B4TrQw8b.js                      2.97 kB │ gzip:   1.29 kB
dist/assets/production-order-identity-Ck-TauVM.js                         3.00 kB │ gzip:   1.24 kB
dist/assets/product-skus-CEt6Fukj.js                                      3.03 kB │ gzip:   0.96 kB
dist/assets/tabs-Da_t13Mf.js                                              3.09 kB │ gzip:   0.93 kB
dist/assets/progress-board-C-17ohC5.js                                    3.13 kB │ gzip:   1.48 kB
dist/assets/pda-cutting-runtime-action-inputs-BkmsCYZp.js                 3.15 kB │ gzip:   1.09 kB
dist/assets/trade-subjects-B1U82DIE.js                                    3.16 kB │ gzip:   1.12 kB
dist/assets/tmf-upstream-process-orders-BKcqUnGP.js                       3.38 kB │ gzip:   1.61 kB
dist/assets/cutting-mainline-BCnV9wvQ.js                                  3.41 kB │ gzip:   1.53 kB
dist/assets/binding-process-warehouse-linkage-service-CDsxSQNC.js         3.62 kB │ gzip:   1.38 kB
dist/assets/fcs-route-links-DjR0vXcZ.js                                   3.67 kB │ gzip:   1.20 kB
dist/assets/quality-chain-adapter-DNZsf4Cu.js                             3.68 kB │ gzip:   1.67 kB
dist/assets/shared-UdEhS3kf.js                                            3.73 kB │ gzip:   1.70 kB
dist/assets/shared-BHPEgk0F.js                                            3.91 kB │ gzip:   1.64 kB
dist/assets/sewing-outsourcing-demo-CL-nZt1U.js                           4.01 kB │ gzip:   1.62 kB
dist/assets/transfer-bag-repack-mock-DDbFmq12.js                          4.04 kB │ gzip:   1.87 kB
dist/assets/tipping-form-D1KRBSwS.js                                      4.07 kB │ gzip:   2.03 kB
dist/assets/wls-page-handlers-DiDsiPac.js                                 4.09 kB │ gzip:   1.39 kB
dist/assets/dashboards-Cqst3R7J.js                                        4.10 kB │ gzip:   2.02 kB
dist/assets/transit-simple-lists-XKRLxFca.js                              4.14 kB │ gzip:   1.46 kB
dist/assets/pda-wool-warehouse-flows-BYvpUfaC.js                          4.45 kB │ gzip:   2.36 kB
dist/assets/supplement-order-registry-CHnc7juB.js                         4.49 kB │ gzip:   1.76 kB
dist/assets/tmf-process-print-preview-BW0w_OlL.js                         4.58 kB │ gzip:   2.17 kB
dist/assets/preparation-material-receipt-sources-DkNsEOe-.js              4.68 kB │ gzip:   1.95 kB
dist/assets/sewing-outsourcing-responsibility-BSSxkT1m.js                 4.71 kB │ gzip:   2.05 kB
dist/assets/form-fSbLcBpH.js                                              4.74 kB │ gzip:   1.40 kB
dist/assets/runtime-task-tenders-YGz6fHpq.js                              4.76 kB │ gzip:   1.94 kB
dist/assets/layout.helpers-MxxTBleG.js                                    4.77 kB │ gzip:   1.73 kB
dist/assets/relations-yn9oMhP0.js                                         4.77 kB │ gzip:   2.17 kB
dist/assets/transit-dashboard-DTl5Y7Hw.js                                 4.85 kB │ gzip:   2.04 kB
dist/assets/result-list-CUsJkZBq.js                                       4.94 kB │ gzip:   2.06 kB
dist/assets/routes-pda-DuJotj06.js                                        4.98 kB │ gzip:   1.89 kB
dist/assets/routes-pcs-CjWbrJgD.js                                        4.99 kB │ gzip:   1.44 kB
dist/assets/store-domain-dispatch-process-NkuF45_D.js                     5.01 kB │ gzip:   1.95 kB
dist/assets/cutting-event-migration-BDtapkjI.js                           5.02 kB │ gzip:   2.03 kB
dist/assets/process-order-list-controller-CToQMEVX.js                     5.07 kB │ gzip:   1.91 kB
dist/assets/process-work-order-quality-settlement-BUl7CFYh.js             5.33 kB │ gzip:   2.20 kB
dist/assets/dispatch-task-sheet-meyVOCaO.js                               5.54 kB │ gzip:   2.64 kB
dist/assets/retired-cut-piece-pickup-history-BfAuFiCz.js                  5.65 kB │ gzip:   2.28 kB
dist/assets/process-order-three-axis-view-BTLLXG62.js                     5.76 kB │ gzip:   2.32 kB
dist/assets/production-contract-center-DJXR41df.js                        5.81 kB │ gzip:   2.50 kB
dist/assets/transfer-bags-projection-5HUqcB0Q.js                          5.91 kB │ gzip:   2.33 kB
dist/assets/pda-cutting-nav-context-BI2SkWgH.js                           5.95 kB │ gzip:   1.40 kB
dist/assets/pda-transfer-bag-detail-DVnKafNF.js                           6.15 kB │ gzip:   2.26 kB
dist/assets/fcs-pda-pickup-dispute-_z5E-8LZ.js                            6.19 kB │ gzip:   2.19 kB
dist/assets/material-handover-B2yenTVH.js                                 6.25 kB │ gzip:   2.44 kB
dist/assets/fact-view-CwpsRUCH.js                                         6.29 kB │ gzip:   2.08 kB
dist/assets/warehouse-standard-CAzbXR9i.js                                6.30 kB │ gzip:   2.10 kB
dist/assets/statistics-CdSS7ynG.js                                        6.39 kB │ gzip:   1.93 kB
dist/assets/craft-actions-B1llvp-w.js                                     6.42 kB │ gzip:   2.91 kB
dist/assets/pcs-project-technical-data-writeback-C1LF3ACt.js              6.49 kB │ gzip:   2.52 kB
dist/assets/production-context-actions-CHT98DLc.js                        6.55 kB │ gzip:   2.68 kB
dist/assets/pcs-technical-data-tech-pack-list-R48se7yY.js                 6.55 kB │ gzip:   2.50 kB
dist/assets/factory-receiving-links-j8ebH9Ga.js                           6.57 kB │ gzip:   2.64 kB
dist/assets/pda-notify-puh51Re4.js                                        6.57 kB │ gzip:   2.41 kB
dist/assets/workbench-BsbcQCIv.js                                         6.59 kB │ gzip:   2.67 kB
dist/assets/sewing-outsourcing-supplement-tracking-Du_jE4s0.js            6.63 kB │ gzip:   2.89 kB
dist/assets/shared-CdK6De4p.js                                            6.82 kB │ gzip:   2.52 kB
dist/assets/production-contract-master-template-C5MDZhUu.js               6.85 kB │ gzip:   2.74 kB
dist/assets/pcs-testing-order-create-Ya2OolOu.js                          6.89 kB │ gzip:   2.66 kB
dist/assets/dye-work-order-times-w7U4XCtx.js                              7.22 kB │ gzip:   2.55 kB
dist/assets/shared-uswlYDls.js                                            7.26 kB │ gzip:   2.55 kB
dist/assets/pda-cutting-execution-unit-BQM1FtCf.js                        7.29 kB │ gzip:   2.75 kB
dist/assets/overview.helpers-BP2F5Yu8.js                                  7.36 kB │ gzip:   2.88 kB
dist/assets/replacement-fabric-preview-BYECseO4.js                        7.42 kB │ gzip:   3.41 kB
dist/assets/settlement-flow-boundaries-DbkSNas3.js                        7.43 kB │ gzip:   2.53 kB
dist/assets/pda-notify-detail-DFlUHz-5.js                                 7.46 kB │ gzip:   2.37 kB
dist/assets/pda-cutting-fei-ticket-numbering-CmKkW_MD.js                  7.48 kB │ gzip:   2.49 kB
dist/assets/transit-warehouse-CGN4xIMS.js                                 7.54 kB │ gzip:   2.13 kB
dist/assets/production-craft-dict-Xs7RSLrO.js                             7.55 kB │ gzip:   2.85 kB
dist/assets/pda-warehouse-B5sOqLJG.js                                     7.56 kB │ gzip:   3.02 kB
dist/assets/pcs-product-information-9iyr6kA0.js                           7.58 kB │ gzip:   3.32 kB
dist/assets/sewing-outsourcing-return-tracking-CBGi5Zkt.js                7.61 kB │ gzip:   2.86 kB
dist/assets/workbench-Kcc9ObkC.js                                         7.69 kB │ gzip:   3.16 kB
dist/assets/supplement-node-facts-2ZigoTzA.js                             7.77 kB │ gzip:   2.85 kB
dist/assets/pcs-material-archive-detail-ShRJtgpx.js                       7.80 kB │ gzip:   2.75 kB
dist/assets/pcs-testing-order-list-DxSRApCv.js                            7.92 kB │ gzip:   3.06 kB
dist/assets/tmf-process-sheet-template-DFGtfp2u.js                        7.98 kB │ gzip:   3.80 kB
dist/assets/production-contracts-D3-oqFir.js                              8.03 kB │ gzip:   2.74 kB
dist/assets/progress-exception-lifecycle-BJx0gSBY.js                      8.09 kB │ gzip:   2.70 kB
dist/assets/pda-cutting-transfer-bag-recovery-Bp5sbcmM.js                 8.13 kB │ gzip:   3.39 kB
dist/assets/routes-pms-Db_XSEas.js                                        8.30 kB │ gzip:   2.11 kB
dist/assets/milestone-configs-B3Qjwn3N.js                                 8.42 kB │ gzip:   2.95 kB
dist/assets/statistics-ONpnMqNF.js                                        8.42 kB │ gzip:   3.66 kB
dist/assets/bom-templates-Br7_yp-y.js                                     8.47 kB │ gzip:   1.81 kB
dist/assets/pda-cutting-transfer-bag-scrap-WoGOcTtP.js                    8.51 kB │ gzip:   3.52 kB
dist/assets/pre-settlement-ledger-repository-CbSVw-_9.js                  8.64 kB │ gzip:   2.96 kB
dist/assets/pcs-pattern-library-config-BdLM8n5M.js                        8.77 kB │ gzip:   2.39 kB
dist/assets/fei-ticket-numbering-rGy9Gajj.js                              8.82 kB │ gzip:   3.08 kB
dist/assets/bom-templates-DYJkxs1U.js                                     8.84 kB │ gzip:   3.68 kB
dist/assets/navigation-context-VYswFdnR.js                                8.87 kB │ gzip:   2.46 kB
dist/assets/warehouses-DXIIcLc2.js                                        8.88 kB │ gzip:   2.11 kB
dist/assets/pda-cutting-shared-BWnlh63P.js                                8.90 kB │ gzip:   2.74 kB
dist/assets/yarn-shipments-Dxo2yXxd.js                                    8.96 kB │ gzip:   4.06 kB
dist/assets/cutting-event-repository-ByTwxAPa.js                          9.03 kB │ gzip:   3.99 kB
dist/assets/list-CGfDPjKA.js                                              9.08 kB │ gzip:   3.04 kB
dist/assets/pda-execution-B98CuGTA.js                                     9.28 kB │ gzip:   3.68 kB
dist/assets/handover-records-Cc534ULC.js                                  9.35 kB │ gzip:   3.56 kB
dist/assets/pda-login-zw0IRj97.js                                         9.48 kB │ gzip:   3.66 kB
dist/assets/dye-work-order-online-domain-jVumsh_4.js                      9.53 kB │ gzip:   3.55 kB
dist/assets/sewing-pickup-slips-N7N7YRGV.js                               9.56 kB │ gzip:   3.59 kB
dist/assets/production-receipts-Y8bE-Zf_.js                               9.77 kB │ gzip:   3.93 kB
dist/assets/pending-receipts-CFtADgkq.js                                  9.91 kB │ gzip:   4.10 kB
dist/assets/continuous-stock-ErWmMVHg.js                                 10.10 kB │ gzip:   4.12 kB
dist/assets/purchase-suggestions-Duv_PHLl.js                             10.15 kB │ gzip:   3.10 kB
dist/assets/trade-subjects-C1JjtSzy.js                                   10.23 kB │ gzip:   3.72 kB
dist/assets/production-return-fulfillment-DsR_w5TC.js                    10.44 kB │ gzip:   3.97 kB
dist/assets/settings-CatzwYqf.js                                         10.69 kB │ gzip:   3.23 kB
dist/assets/product-skus-QQ3Ns9O9.js                                     10.71 kB │ gzip:   4.13 kB
dist/assets/pms-handlers-Dizunul5.js                                     10.76 kB │ gzip:   2.39 kB
dist/assets/transit-receipts-DICrorrH.js                                 10.96 kB │ gzip:   4.01 kB
dist/assets/task-breakdown-Cel67Hho.js                                   11.05 kB │ gzip:   4.07 kB
dist/assets/presentation-BQW1brL8.js                                     11.17 kB │ gzip:   4.59 kB
dist/assets/material-transfers-CdEZNtCb.js                               11.32 kB │ gzip:   3.93 kB
dist/assets/pda-exec-link-qhU-A6F2.js                                    11.32 kB │ gzip:   3.69 kB
dist/assets/tasks-DeMDxk6I.js                                            11.34 kB │ gzip:   4.36 kB
dist/assets/material-prep-D5Bo3YPw.js                                    11.40 kB │ gzip:   2.68 kB
dist/assets/dyeing-warehouse-view-C57o3oIp.js                            11.46 kB │ gzip:   3.93 kB
dist/assets/warehouses-Cp0vqrCr.js                                       11.71 kB │ gzip:   4.22 kB
dist/assets/process-statistics-domain-BcHhTcmH.js                        12.19 kB │ gzip:   3.98 kB
dist/assets/pickup-management-runtime-vBNEzlXZ.js                        12.20 kB │ gzip:   4.71 kB
dist/assets/task-execution-adapter-Cy9dDAaJ.js                           12.22 kB │ gzip:   3.67 kB
dist/assets/bom-detail-3nOJTYXQ.js                                       12.33 kB │ gzip:   4.32 kB
dist/assets/wls-inbound-BQBOdle3.js                                      12.37 kB │ gzip:   4.76 kB
dist/assets/returns-CN9bfZxp.js                                          12.44 kB │ gzip:   4.60 kB
dist/assets/handover-print-_tDuveUt.js                                   12.46 kB │ gzip:   4.50 kB
dist/assets/cut-piece-return-warehouse-obkuK6hY.js                       12.52 kB │ gzip:   4.39 kB
dist/assets/pcs-handlers-E7YVfY4v.js                                     12.69 kB │ gzip:   2.89 kB
dist/assets/context-CZSMi8UO.js                                          13.01 kB │ gzip:   4.59 kB
dist/assets/handover-records-D8Za5hmU.js                                 13.15 kB │ gzip:   4.14 kB
dist/assets/meta-CFicbCVl.js                                             13.16 kB │ gzip:   2.95 kB
dist/assets/tmf-base-demo-DKu1v7ct.js                                    13.17 kB │ gzip:   4.74 kB
dist/assets/supplements-DqDcYCGI.js                                      13.18 kB │ gzip:   4.76 kB
dist/assets/wls-finished-inbound-BldKDy4b.js                             13.21 kB │ gzip:   5.02 kB
dist/assets/design-revision-process-work-order-adapter-_yoQOj27.js       13.27 kB │ gzip:   3.84 kB
dist/assets/pda-start-link-CbWrbP4Z.js                                   13.37 kB │ gzip:   4.73 kB
dist/assets/responsibility-transfers-CBDJjlcM.js                         13.41 kB │ gzip:   5.04 kB
dist/assets/work-orders-D12jrCMY.js                                      13.88 kB │ gzip:   4.69 kB
dist/assets/work-orders-Cp6dUOYy.js                                      13.99 kB │ gzip:   5.19 kB
dist/assets/workbench-CEd1FpNN.js                                        14.07 kB │ gzip:   4.07 kB
dist/assets/work-order-detail-BCN-OET_.js                                14.17 kB │ gzip:   4.49 kB
dist/assets/mobile-execution-task-index-C40DUZL8.js                      14.21 kB │ gzip:   3.78 kB
dist/assets/post-finishing-qc-print-template-qL-BM2Gl.js                 14.45 kB │ gzip:   4.45 kB
dist/assets/printing-sheet-template-0UMHZyxJ.js                          14.51 kB │ gzip:   5.01 kB
dist/assets/work-orders-9Ey-RhUm.js                                      14.72 kB │ gzip:   4.77 kB
dist/assets/reports-Dy0TjtUi.js                                          14.83 kB │ gzip:   3.57 kB
dist/assets/full-flow-print-CWX4YGFE.js                                  14.93 kB │ gzip:   4.85 kB
dist/assets/progress-handover-order-BWnyybrP.js                          15.10 kB │ gzip:   4.32 kB
dist/assets/cut-order-release-integration-BrngoM5F.js                    15.34 kB │ gzip:   5.45 kB
dist/assets/outbound-orders-DPMHZgrv.js                                  15.38 kB │ gzip:   4.94 kB
dist/assets/machines-C1p7zHhG.js                                         15.39 kB │ gzip:   5.04 kB
dist/assets/replacement-fabric-repository-DmsGplnA.js                    15.45 kB │ gzip:   5.89 kB
dist/assets/pda-cutting-task-detail-DCKwb3By.js                          15.58 kB │ gzip:   5.43 kB
dist/assets/pcs-engineering-tech-pack-workspace-CMOs5zS4.js              15.82 kB │ gzip:   5.66 kB
dist/assets/process-web-status-actions-BbLKzOKH.js                       15.97 kB │ gzip:   4.24 kB
dist/assets/simple-cut-piece-handover-fixtures-DcdqmB5m.js               15.97 kB │ gzip:   5.31 kB
dist/assets/cut-order-supplement-fixture-4ba7r7kG.js                     15.97 kB │ gzip:   4.83 kB
dist/assets/pda-sewing-self-return-CIcJ-oyM.js                           16.03 kB │ gzip:   5.29 kB
dist/assets/progress-cutting-detail-DZ7CYLAj.js                          16.07 kB │ gzip:   3.80 kB
dist/assets/handover-ledger-view-CXu8ABlN.js                             16.17 kB │ gzip:   4.44 kB
dist/assets/wls-garment-relabel-tasks-CzHjp7NE.js                        16.24 kB │ gzip:   5.33 kB
dist/assets/garment-spu-replacement-B6IMLp6w.js                          16.36 kB │ gzip:   5.01 kB
dist/assets/pda-notify-due-soon-C7ZLNZ8W.js                              16.58 kB │ gzip:   5.55 kB
dist/assets/suppliers-CF8Vrskm.js                                        16.77 kB │ gzip:   4.64 kB
dist/assets/material-requirements-CZCFaui6.js                            16.81 kB │ gzip:   5.69 kB
dist/assets/part-ticket-records-CUbdx7zp.js                              16.84 kB │ gzip:   6.32 kB
dist/assets/events-2MIzfT5Z.js                                           17.01 kB │ gzip:   6.67 kB
dist/assets/sewing-cut-piece-return-workflow-DtsaywHy.js                 17.21 kB │ gzip:   6.09 kB
dist/assets/production-confirmation-B6zZms_t.js                          17.25 kB │ gzip:   5.89 kB
dist/assets/warehouse-YFE_0DE4.js                                        17.46 kB │ gzip:   5.43 kB
dist/assets/marker-spreading-projection-Kjts-CLq.js                      17.48 kB │ gzip:   5.53 kB
dist/assets/output-stock-mRFEk2FJ.js                                     17.52 kB │ gzip:   6.60 kB
dist/assets/sewing-cut-piece-responsibility-4ALoLxxr.js                  17.58 kB │ gzip:   5.28 kB
dist/assets/bom-detail-B1ts6pLw.js                                       17.76 kB │ gzip:   5.73 kB
dist/assets/process-mobile-task-binding-ALykAZBd.js                      17.79 kB │ gzip:   6.19 kB
dist/assets/pcs-testing-order-detail-9-krIf8T.js                         18.17 kB │ gzip:   5.12 kB
dist/assets/adjustments-CyZdv05l.js                                      18.19 kB │ gzip:   5.50 kB
dist/assets/pda-warehouse-inbound-records-BfhAjvGT.js                    18.23 kB │ gzip:   5.13 kB
dist/assets/purchase-demands-Gs6bxec_.js                                 18.29 kB │ gzip:   5.86 kB
dist/assets/platform-process-result-view-IlCYxFs8.js                     18.53 kB │ gzip:   5.32 kB
dist/assets/store-domain-statement-source-adapter-BnWp4jUX.js            18.56 kB │ gzip:   5.31 kB
dist/assets/sewing-outsourcing-workbench-DFOSpAyi.js                     18.67 kB │ gzip:   6.48 kB
dist/assets/pda-warehouse-outbound-records-C16CfIIC.js                   18.74 kB │ gzip:   5.35 kB
dist/assets/pda-warehouse-shared-Bya28oDO.js                             18.74 kB │ gzip:   5.59 kB
dist/assets/task-orders-D0enR9Q6.js                                      18.77 kB │ gzip:   6.34 kB
dist/assets/print-preview-utt7z5-5.js                                    18.81 kB │ gzip:   6.80 kB
dist/assets/process-water-soluble-orders-B3s63b-K.js                     18.84 kB │ gzip:   5.74 kB
dist/assets/pda-handlers-DFaH6YFH.js                                     18.93 kB │ gzip:   5.06 kB
dist/assets/materials-BA_owAdW.js                                        18.93 kB │ gzip:   4.79 kB
dist/assets/production-demand-early-process-work-orders-DeqmKKO3.js      18.93 kB │ gzip:   5.65 kB
dist/assets/kol-goto-pda-domain-DxyujvNq.js                              19.20 kB │ gzip:   6.54 kB
dist/assets/platform.adapter-Who6EBcA.js                                 19.25 kB │ gzip:   6.09 kB
dist/assets/shared-kY2EyDg_.js                                           19.47 kB │ gzip:   5.27 kB
dist/assets/product-purchase-orders-Cg5SKldL.js                          19.50 kB │ gzip:   5.76 kB
dist/assets/stage-display-Dw_EVQLg.js                                    19.66 kB │ gzip:   6.94 kB
dist/assets/audit-records-tlDW1UtR.js                                    19.69 kB │ gzip:   6.37 kB
dist/assets/units-CJG5zLsK.js                                            19.70 kB │ gzip:   5.89 kB
dist/assets/factory-sample-verification-flow-mYAr_o3i.js                 19.86 kB │ gzip:   4.87 kB
dist/assets/index-D1UgDqpf.js                                            20.17 kB │ gzip:   5.20 kB
dist/assets/material-purchase-tracking-BcnAkU0Z.js                       20.29 kB │ gzip:   6.35 kB
dist/assets/deduction-analysis-HOuByPKK.js                               20.64 kB │ gzip:   5.85 kB
dist/assets/overview.adapter-D7fTB5M9.js                                 20.65 kB │ gzip:   6.53 kB
dist/assets/fei-ticket-numbering-o5Og7g0f.js                             20.69 kB │ gzip:   5.71 kB
dist/assets/events-DA_kzJKH.js                                           21.11 kB │ gzip:   6.53 kB
dist/assets/order-list-columns-BqP6cRyG.js                               21.12 kB │ gzip:   6.60 kB
dist/assets/work-order-detail-BRZXOL_d.js                                21.22 kB │ gzip:   6.69 kB
dist/assets/suppliers-tXQZvZnN.js                                        21.39 kB │ gzip:   6.82 kB
dist/assets/cut-piece-returns-bu4QL2sJ.js                                21.63 kB │ gzip:   6.51 kB
dist/assets/cut-piece-handover-DRxK26HB.js                               21.79 kB │ gzip:   6.95 kB
dist/assets/tmf-domain-shared-fL8UUXJ2.js                                21.88 kB │ gzip:   8.26 kB
dist/assets/replacement-fabric-fei-tickets-Dllt-M-R.js                   22.04 kB │ gzip:   8.37 kB
dist/assets/material-issue-rg_XgqZS.js                                   22.07 kB │ gzip:   5.19 kB
dist/assets/tasks-C8iK2lbv.js                                            22.07 kB │ gzip:   6.99 kB
dist/assets/pms-purchase-orders-NwYbQov6.js                              22.07 kB │ gzip:   6.46 kB
dist/assets/progress-cutting-overview-DUn92V06.js                        22.10 kB │ gzip:   5.03 kB
dist/assets/routes-wls-B1itgcnc.js                                       22.24 kB │ gzip:   7.22 kB
dist/assets/qc-workbench-CAGyaFrl.js                                     22.36 kB │ gzip:   6.91 kB
dist/assets/warehouse-location-map-model-Deh9a8WE.js                     22.52 kB │ gzip:   7.15 kB
dist/assets/recheck-orders-DbuL7gKi.js                                   22.54 kB │ gzip:   7.08 kB
dist/assets/subject-operations-C0Jpmn1e.js                               22.58 kB │ gzip:   7.01 kB
dist/assets/production-order-duration-CIcOmoM8.js                        22.58 kB │ gzip:   8.59 kB
dist/assets/material-statements-By9BmYde.js                              22.75 kB │ gzip:   6.01 kB
dist/assets/progress-statistics-linkage-DauR7FBF.js                      22.82 kB │ gzip:   6.52 kB
dist/assets/purchase-suggestions-B6vFMf3I.js                             23.22 kB │ gzip:   7.25 kB
dist/assets/pcs-engineering-master-view-model-BqpTSJGQ.js                23.32 kB │ gzip:   7.74 kB
dist/assets/process-order-task-links-B19V_bwn.js                         23.57 kB │ gzip:   6.44 kB
dist/assets/process-print-orders-u48nquQ5.js                             23.72 kB │ gzip:   7.77 kB
dist/assets/dye-work-order-online-view-LSXFeOoy.js                       23.86 kB │ gzip:   8.10 kB
dist/assets/process-dye-orders-CPTITITw.js                               23.89 kB │ gzip:   7.84 kB
dist/assets/material-purchase-orders-S-4GD6Ko.js                         24.20 kB │ gzip:   7.63 kB
dist/assets/qc-orders-Ck7c-ZG7.js                                        24.30 kB │ gzip:   7.60 kB
dist/assets/machine-associations-BLX_kPks.js                             24.50 kB │ gzip:   7.28 kB
dist/assets/fcs-production-tech-pack-snapshot-3cE1jgNb.js                24.62 kB │ gzip:   6.18 kB
dist/assets/retired-process-history-DpQaoYiS.js                          24.79 kB │ gzip:   6.43 kB
dist/assets/dialogs-BHI98Cro.js                                          24.87 kB │ gzip:   6.15 kB
dist/assets/wls-fabric-demand-board-CSD06i_T.js                          25.09 kB │ gzip:   6.87 kB
dist/assets/material-preparation-D9T8Pu6r.js                             25.13 kB │ gzip:   8.76 kB
dist/assets/kol-demands-DlyRMwyZ.js                                      25.30 kB │ gzip:   7.35 kB
dist/assets/supplier-supply-archives-pdhQzohJ.js                         25.59 kB │ gzip:   7.43 kB
dist/assets/pda-warehouse-wait-handover-XgAXmW_A.js                      25.69 kB │ gzip:   6.41 kB
dist/assets/progress-milestone-config-DuBWfqwe.js                        26.47 kB │ gzip:   5.66 kB
dist/assets/sample-approval-suggestions-CsGmGmfW.js                      26.65 kB │ gzip:   8.18 kB
dist/assets/simple-cut-piece-handover-ui-DLGUvX75.js                     26.70 kB │ gzip:   9.99 kB
dist/assets/marker-spreading-utils-C6kBznI3.js                           26.72 kB │ gzip:   7.82 kB
dist/assets/pcs-channel-products-BEDBxYjC.js                             26.73 kB │ gzip:   7.18 kB
dist/assets/sample-warehouse-CUkApdIQ.js                                 26.76 kB │ gzip:   6.67 kB
dist/assets/warehouse-location-map-BYVjK5bU.js                           27.06 kB │ gzip:   7.08 kB
dist/assets/third-party-factory-rating-CN39TRu3.js                       27.07 kB │ gzip:   7.59 kB
dist/assets/pcs-pattern-library-detail-BFJm1U7e.js                       27.62 kB │ gzip:   6.58 kB
dist/assets/pda-wool-fact-execution-DbFeYeo0.js                          27.84 kB │ gzip:   9.27 kB
dist/assets/warehouse-Bs9efTwF.js                                        28.13 kB │ gzip:   9.35 kB
dist/assets/pcs-engineering-master-list-v9LeO3fH.js                      28.21 kB │ gzip:   9.83 kB
dist/assets/print-styles-BjQBw8jj.js                                     28.31 kB │ gzip:   4.01 kB
dist/assets/factory-status-DpTkrF0X.js                                   28.43 kB │ gzip:   6.03 kB
dist/assets/pcs-engineering-master-detail-BtYUop-X.js                    28.55 kB │ gzip:   8.38 kB
dist/assets/marker-plan-source-model-Dt_Sr95q.js                         28.92 kB │ gzip:   8.48 kB
dist/assets/logistics-reconciliations-3yI6OaSQ.js                        28.93 kB │ gzip:   8.90 kB
dist/assets/progress-cutting-exception-center-DJ3oqKE_.js                29.17 kB │ gzip:   6.49 kB
dist/assets/material-reconciliations-CZWn2yNy.js                         29.38 kB │ gzip:   8.91 kB
dist/assets/production-order-progress-tracking-B7WqW0Ha.js               29.71 kB │ gzip:   9.93 kB
dist/assets/early-process-management-ZcdyFoGG.js                         30.06 kB │ gzip:   7.56 kB
dist/assets/handover-orders-DpEY5kTD.js                                  30.73 kB │ gzip:   8.48 kB
dist/assets/pcs-config-workspace-D9BSpVwO.js                             30.79 kB │ gzip:   6.80 kB
dist/assets/capability-D0nznup0.js                                       31.65 kB │ gzip:   6.70 kB
dist/assets/material-archives-BwpnRFVA.js                                31.91 kB │ gzip:   7.92 kB
dist/assets/factory-performance-CvyYhsJU.js                              32.31 kB │ gzip:   6.75 kB
dist/assets/garment-spu-replacements-CiPBLJq8.js                         32.35 kB │ gzip:   9.09 kB
dist/assets/task-detail-BoXYL3Ba.js                                      32.46 kB │ gzip:   9.60 kB
dist/assets/dialogs-oRPFzs6q.js                                          32.55 kB │ gzip:   9.79 kB
dist/assets/pda-shell-CrDYCu4O.js                                        32.95 kB │ gzip:   8.70 kB
dist/assets/process-warehouse-domain-D0x4p5JE.js                         33.16 kB │ gzip:   7.56 kB
dist/assets/cut-piece-return-domain-CUkzXWkY.js                          33.38 kB │ gzip:   9.91 kB
dist/assets/store-domain-settlement-seeds-wCzhmhov.js                    33.63 kB │ gzip:   8.98 kB
dist/assets/pcs-pattern-library-BMJWaupO.js                              33.68 kB │ gzip:   7.65 kB
dist/assets/warehouse-runtime-CxeM2cx0.js                                33.76 kB │ gzip:   8.65 kB
dist/assets/payment-requests-DNNpWWgH.js                                 34.01 kB │ gzip:   8.93 kB
dist/assets/stage-orders-ooobLEZ9.js                                     34.18 kB │ gzip:  10.46 kB
dist/assets/stage-order-detail-BeE49QMB.js                               34.53 kB │ gzip:  10.00 kB
dist/assets/pda-warehouse-stocktake-DOeV4ODL.js                          34.54 kB │ gzip:   8.67 kB
dist/assets/first-leg-logistics-DZjAhFpV.js                              34.57 kB │ gzip:   9.04 kB
dist/assets/pda-cutting-inbound-BhQd60mU.js                              34.64 kB │ gzip:  10.50 kB
dist/assets/work-order-detail-DHlEaqtW.js                                34.65 kB │ gzip:   9.42 kB
dist/assets/pda-post-finishing-flow-BZb-rDhh.js                          34.83 kB │ gzip:   9.29 kB
dist/assets/pda-cutting-handover-CfjXKX2d.js                             34.86 kB │ gzip:  10.63 kB
dist/assets/dispatch-acceptance-sla-DhIioUiO.js                          34.95 kB │ gzip:   7.90 kB
dist/assets/work-orders-MZsz-qpG.js                                      34.96 kB │ gzip:  11.73 kB
dist/assets/pending-receipts-D9nWBTye.js                                 35.31 kB │ gzip:  10.63 kB
dist/assets/pda-task-receive-detail-D4JUGKnY.js                          35.77 kB │ gzip:   8.64 kB
dist/assets/water-soluble-orders-eFJ578J8.js                             35.89 kB │ gzip:  10.78 kB
dist/assets/manual-fei-tickets-RiVQ5gph.js                               35.97 kB │ gzip:  11.28 kB
dist/assets/work-order-detail-BYe3LFCs.js                                36.12 kB │ gzip:   9.66 kB
dist/assets/pcs-technical-data-BvsSRnJf.js                               36.88 kB │ gzip:   9.86 kB
dist/assets/pcs-pattern-library-create-ZY7lmxvf.js                       36.93 kB │ gzip:   8.64 kB
dist/assets/special-processes-CwHRKuK2.js                                37.28 kB │ gzip:   9.54 kB
dist/assets/first-leg-carriers-JckFqN78.js                               37.45 kB │ gzip:   9.93 kB
dist/assets/pda-cutting-transfer-bag-repack-CscWZU2C.js                  37.47 kB │ gzip:  10.65 kB
dist/assets/third-party-factory-comprehensive-assessment-DMT52Pfs.js     37.47 kB │ gzip:  11.06 kB
dist/assets/pda-quality-Dp-BGShg.js                                      37.48 kB │ gzip:   9.80 kB
dist/assets/product-purchase-orders-D8y75Ufl.js                          37.57 kB │ gzip:   9.20 kB
dist/assets/wait-handover-runtime-BBCIG2uB.js                            37.84 kB │ gzip:  10.62 kB
dist/assets/cutting-statistics-ab-material-2UcuonZa.js                   38.13 kB │ gzip:   8.64 kB
dist/assets/payment-requests-DA22Hwi3.js                                 38.21 kB │ gzip:   9.98 kB
dist/assets/warehouse-B4LnHFPb.js                                        38.57 kB │ gzip:  10.93 kB
dist/assets/material-purchase-orders-BsxERgRL.js                         39.01 kB │ gzip:  11.72 kB
dist/assets/semi-finished-orders-iiQHjKQm.js                             39.06 kB │ gzip:  11.85 kB
dist/assets/fcs-handlers-uVvGG5kj.js                                     39.80 kB │ gzip:  11.99 kB
dist/assets/first-leg-shipments-D7bTr3a_.js                              39.89 kB │ gzip:   9.89 kB
dist/assets/pending-receipts-BDm3tgI8.js                                 41.04 kB │ gzip:  14.88 kB
dist/assets/warehouse-CyTNIlwe.js                                        44.15 kB │ gzip:  11.20 kB
dist/assets/cutting-summary-D0YgRs7a.js                                  44.17 kB │ gzip:  11.56 kB
dist/assets/demand-domain-DWdJBMeW.js                                    45.63 kB │ gzip:  10.30 kB
dist/assets/warehouse-BNTXFUCe.js                                        46.26 kB │ gzip:  10.78 kB
dist/assets/batches-Cw6KF3XD.js                                          46.45 kB │ gzip:   9.87 kB
dist/assets/engineering-file-upload-DHhVjlE6.js                          46.76 kB │ gzip:  14.45 kB
dist/assets/dyeing-CtGgMHK-.js                                           47.49 kB │ gzip:  10.20 kB
dist/assets/printing-VhzX-5KH.js                                         47.49 kB │ gzip:  10.20 kB
dist/assets/other-iFMvOlHq.js                                            47.50 kB │ gzip:  10.22 kB
dist/assets/settlement-linked-mock-factory-IkCQDGS8.js                   47.63 kB │ gzip:  14.44 kB
dist/assets/dispatch-tenders-wUJ4uItI.js                                 47.85 kB │ gzip:  12.50 kB
dist/assets/handover-orders-_4VEul9h.js                                  48.29 kB │ gzip:   9.57 kB
dist/assets/sewing-D0hTfqqW.js                                           48.51 kB │ gzip:  10.55 kB
dist/assets/progress-material-C0qzxgU4.js                                48.76 kB │ gzip:   9.37 kB
dist/assets/material-inventory-MQ_PPE3h.js                               48.96 kB │ gzip:  12.56 kB
dist/assets/label-print-template-BuZcGPXW.js                             49.05 kB │ gzip:  14.05 kB
dist/assets/work-order-detail-CGohZGDY.js                                49.19 kB │ gzip:  15.54 kB
dist/assets/supplier-confirmations-D4rhH0Fb.js                           50.01 kB │ gzip:  12.93 kB
dist/assets/pda-task-receive-fAp2-DTh.js                                 50.37 kB │ gzip:  12.60 kB
dist/assets/pda-cutting-execution-source-BjD5r6ao.js                     50.44 kB │ gzip:  13.62 kB
dist/assets/pda-onboarding-p1JJfV26.js                                   50.56 kB │ gzip:  10.79 kB
dist/assets/pda-handover-1ltzWVFO.js                                     51.58 kB │ gzip:  13.62 kB
dist/assets/marker-plan-model-CrbkdT80.js                                51.70 kB │ gzip:  14.78 kB
dist/assets/store-domain-progress-D31bXo-9.js                            53.10 kB │ gzip:  11.77 kB
dist/assets/settlement-cutting-input-VMaFW3Qu.js                         53.64 kB │ gzip:  11.07 kB
dist/assets/lace-factory-domain-BBNpHDul.js                              53.68 kB │ gzip:  13.40 kB
dist/assets/pcs-part-template-library-BLvyueX4.js                        53.81 kB │ gzip:  11.09 kB
dist/assets/pcs-material-archives-DdL-bz42.js                            55.31 kB │ gzip:  13.21 kB
dist/assets/progress-urge-DkeM_WJU.js                                    56.39 kB │ gzip:  11.41 kB
dist/assets/warehouse-location-map-kIow81Qh.js                           56.80 kB │ gzip:  16.84 kB
dist/assets/marker-plan-occupancy-BPMQ83zr.js                            57.19 kB │ gzip:  16.04 kB
dist/assets/pda-cutting-spreading-DGkupUjo.js                            57.72 kB │ gzip:  13.54 kB
dist/assets/wls-accessory-receipts-CmTdJP-H.js                           58.45 kB │ gzip:  14.85 kB
dist/assets/domain-snapshot-0mC5-I3t.js                                  59.68 kB │ gzip:  15.95 kB
dist/assets/cut-piece-release-DFzigCft.js                                60.14 kB │ gzip:  15.85 kB
dist/assets/pda-settlement-GMe8Jh9v.js                                   60.16 kB │ gzip:  13.70 kB
dist/assets/factory-profile-B8QxILvu.js                                  61.16 kB │ gzip:  14.05 kB
dist/assets/pickup-management-list-d5ZsAjYS.js                           61.52 kB │ gzip:  17.15 kB
dist/assets/routes-fcs-Cqxg4GTh.js                                       62.12 kB │ gzip:  12.98 kB
dist/assets/cutting-D70G9mJN.js                                          62.83 kB │ gzip:  12.97 kB
dist/assets/special-craft-fei-ticket-flow-BW7ZJSLb.js                    63.34 kB │ gzip:  14.37 kB
dist/assets/progress-handover-BtKzFrwg.js                                63.86 kB │ gzip:  13.59 kB
dist/assets/production-object-overview-CaXmYYBM.js                       66.10 kB │ gzip:  13.59 kB
dist/assets/output-documents-CyLwqU4W.js                                 66.89 kB │ gzip:  22.98 kB
dist/assets/core-BCDmesV3.js                                             67.62 kB │ gzip:  12.57 kB
dist/assets/cutting-daily-production-report-BGcpKydy.js                  68.18 kB │ gzip:  19.10 kB
dist/assets/pda-exec-BTkRN6Qm.js                                         68.27 kB │ gzip:  15.64 kB
dist/assets/pcs-channel-stores-DuGfskR9.js                               69.26 kB │ gzip:  14.32 kB
dist/assets/context-DlPKJG8S.js                                          69.58 kB │ gzip:  21.39 kB
dist/assets/sewing-dispatch-DYB3K7ZX.js                                  70.19 kB │ gzip:  18.35 kB
dist/assets/progress-exceptions-_7QTIFKC.js                              70.38 kB │ gzip:  13.31 kB
dist/assets/qc-records-D2BApd9l.js                                       71.08 kB │ gzip:  15.98 kB
dist/assets/pcs-engineering-tasks-B543-vj7.js                            71.36 kB │ gzip:  17.08 kB
dist/assets/production-object-overview-BfWa4yB4.js                       71.57 kB │ gzip:  16.69 kB
dist/assets/wait-handover-actions-BTzTZaQo.js                            73.16 kB │ gzip:  18.65 kB
dist/assets/pcs-sample-management-DtCkA-_G.js                            74.38 kB │ gzip:  17.28 kB
dist/assets/factory-onboarding-CLSgIMQ9.js                               75.25 kB │ gzip:  12.68 kB
dist/assets/settlement-DtUy1YU1.js                                       75.58 kB │ gzip:  11.56 kB
dist/assets/dialogs-DJVYS5Jp.js                                          75.66 kB │ gzip:  18.69 kB
dist/assets/pda-handover-detail-DsDf5SdU.js                              75.97 kB │ gzip:  18.67 kB
dist/assets/transfer-bags-sJM8eU5a.js                                    76.02 kB │ gzip:  19.64 kB
dist/assets/orders-domain-DJBE7o2I.js                                    76.23 kB │ gzip:  16.86 kB
dist/assets/runtime-projections-gE9Zfy4E.js                              78.02 kB │ gzip:  18.43 kB
dist/assets/process-action-writeback-service-FWcBVlWg.js                 78.08 kB │ gzip:  17.83 kB
dist/assets/transfer-bag-operations-D20G6J-L.js                          78.60 kB │ gzip:  19.48 kB
dist/assets/production-progress-C4zZdgpX.js                              80.71 kB │ gzip:  20.38 kB
dist/assets/pda-warehouse-wait-process-C9vmNqT-.js                       87.37 kB │ gzip:  21.16 kB
dist/assets/events-DNgdCmtk.js                                           90.26 kB │ gzip:  22.28 kB
dist/assets/factory-onboarding-flow-BKMqs5mh.js                          90.59 kB │ gzip:  23.31 kB
dist/assets/dispatch-CvVgo-lE.js                                         92.27 kB │ gzip:  28.12 kB
dist/assets/tmf-material-purchases-FvOD-SBf.js                           94.11 kB │ gzip:  24.37 kB
dist/assets/cut-orders--LTih0M1.js                                       94.78 kB │ gzip:  24.45 kB
dist/assets/pcs-independent-sampling-BM6Gh2ln.js                         96.98 kB │ gzip:  26.97 kB
dist/assets/special-craft-task-orders-hnkNZGqn.js                        99.32 kB │ gzip:  26.84 kB
dist/assets/pcs-product-archives-GbJOjB51.js                            107.68 kB │ gzip:  21.98 kB
dist/assets/index-CU7zVaAU.js                                           109.47 kB │ gzip:  39.86 kB
dist/assets/app-shared-Cr22JHwb.js                                      111.85 kB │ gzip:  27.95 kB
dist/assets/transfer-bag-return-model-BIsJWnvx.js                       112.85 kB │ gzip:  26.58 kB
dist/assets/supplement-management-Cr8tQ1uU.js                           113.26 kB │ gzip:  29.93 kB
dist/assets/statements-CUQuaQrR.js                                      119.56 kB │ gzip:  24.47 kB
dist/assets/unified-dispatch-workbench-C0PnWXO_.js                      120.01 kB │ gzip:  33.72 kB
dist/assets/events-CZlPokjD.js                                          121.42 kB │ gzip:  31.34 kB
dist/assets/context-ByixliRR.js                                         133.03 kB │ gzip:  34.42 kB
dist/assets/production-DunbxoAi.js                                      134.17 kB │ gzip:  27.50 kB
dist/assets/process-domain-Bc5tYRfa.js                                  138.98 kB │ gzip:  25.97 kB
dist/assets/warehouse-hub-ByJ57unB.js                                   140.79 kB │ gzip:  35.41 kB
dist/assets/generated-fei-tickets-Crp-QA0w.js                           142.80 kB │ gzip:  36.11 kB
dist/assets/preparation-timing-Dzd1h32j.js                              145.97 kB │ gzip:  34.40 kB
dist/assets/marker-plan-nfrdUzwT.js                                     150.22 kB │ gzip:  35.45 kB
dist/assets/marker-spreading-SlAEDoli.js                                154.72 kB │ gzip:  37.94 kB
dist/assets/fei-tickets-DeyPBeI3.js                                     164.74 kB │ gzip:  35.13 kB
dist/assets/return-inbound-CXzRHiLD.js                                  183.42 kB │ gzip:  33.52 kB
dist/assets/index--GzcKvNw.js                                           210.12 kB │ gzip:  66.49 kB
dist/assets/print-template-registry-ByvwGfl1.js                         217.54 kB │ gzip:  56.39 kB
dist/assets/index-CMc5gqGm.js                                           233.04 kB │ gzip:  54.41 kB
dist/assets/pda-exec-detail-B1TdnLdO.js                                 240.57 kB │ gzip:  56.47 kB
dist/assets/production-timeliness-BwsYY8Ft.js                           459.95 kB │ gzip: 115.04 kB
dist/assets/pda-DVhCB-xW.js                                             511.97 kB │ gzip:  85.41 kB
dist/assets/production-source-shared--45xGYkF.js                      3,343.87 kB │ gzip: 769.29 kB

(!) Some chunks are larger than 550 kB after minification. Consider:
- Using dynamic import() to code-split the application
- Use build.rollupOptions.output.manualChunks to improve chunking: https://rollupjs.org/configuration-options/#output-manualchunks
- Adjust chunk size limit for this warning via build.chunkSizeWarningLimit.
✓ built in 9.67s
