
> higoods-vanilla-clone@1.0.0 test:unit
> node --import tsx --test tests/unit/*.test.ts

✔ 浏览器存储封装保持读写删除语义 (1.175917ms)
✔ 浏览器存储不可用或抛错时保持静默降级 (0.298666ms)
(node:20936) ExperimentalWarning: localStorage is not available because --localstorage-file was not provided.
(Use `node --trace-warnings ...` to show where the warning was created)
✔ 交出列表省略详情路线读取时保留全部输出字段 (978.407459ms)
(node:20937) ExperimentalWarning: localStorage is not available because --localstorage-file was not provided.
(Use `node --trace-warnings ...` to show where the warning was created)
✔ MIG-001/002/006: management entry and handlers belong to FCS; PFOS keeps execution (5.208959ms)
✔ MIG-003/007: prep and execution read the same early order identities, quantities and match status (1079.515625ms)
✔ MIG-004/009: migrated dialogs retain candidate fields, actual material image and task outputs (0.747375ms)
✔ MIG-011: management and execution use the same seven business display columns (9.309041ms)
✔ MIG-007: early dye/print creation and cancellation survive reload (3316.552ms)
✔ BOM failed persistence preserves saved and in-memory state; retry persists (321.606ms)
✔ existing production preparation data does not trigger demo writes on entry (852.825958ms)
✔ rollback of an unchanged saved BOM does not perform another failing write (11.96275ms)
✔ BOM dictionary preserves old JSON and all snapshot values without mutating input (7.503584ms)
✔ BOM dictionary rejects missing references instead of replacing data silently (0.254542ms)
✔ 解析带标签、小数和空格的长度数量 (0.564833ms)
✔ 解析卷数并对不合法文本返回 0 (0.124417ms)
✔ 证据文件标识把连续空白收口为单个连字符 (0.157958ms)
(node:20943) ExperimentalWarning: localStorage is not available because --localstorage-file was not provided.
(Use `node --trace-warnings ...` to show where the warning was created)
✔ 设计改款可成批生成染色和印花加工单，且完整投影来源与上下游 (1388.12075ms)
✔ 设计改款加工单生成幂等，重复请求不增加单据 (68.729334ms)
✔ 同一设计改款任务的不同颜色和 BOM 行分别生成加工单 (60.632458ms)
✔ 成批提交失败时染色与印花加工单一起回滚 (30.752834ms)
✔ 设计改款来源缺关键引用或来源未知时必须阻断 (0.164417ms)
(node:20944) ExperimentalWarning: localStorage is not available because --localstorage-file was not provided.
(Use `node --trace-warnings ...` to show where the warning was created)
✔ 设计改款染后印花必须先分配印花厂，染色交出不能误送中央工厂 (591.463792ms)
✔ 仅染与仅印分别创建一张加工单和一条仓库首道调拨计划 (22.229709ms)
✔ 辅料染色单创建后已有辅料仓调拨计划，分厂时自动落实原单但不冒充实发 (18.6245ms)
✔ 历史双工艺加工单仍可追溯原有染印交接 (549.289792ms)
✔ 双工艺 SKU 仅生成印花单，仓库直接发印厂并完成样衣归档 (1241.774167ms)
✔ 印花实际交出生成中央工厂待接收原单，实收回写原交接并允许完成加工单 (523.540291ms)
✔ 专业成果没有真实附件时保持未绑定 (12.095209ms)
(node:20945) ExperimentalWarning: localStorage is not available because --localstorage-file was not provided.
(Use `node --trace-warnings ...` to show where the warning was created)
✔ 可打印不等于可建交出单，必须完成真实标签打印 (1.063292ms)
✔ 卷规格无效时不可建交出单，且不改变原可打印判定语义 (0.154375ms)
✔ 人工完成印花加工单不再自动填充操作人 (481.004209ms)
(node:20953) ExperimentalWarning: localStorage is not available because --localstorage-file was not provided.
(Use `node --trace-warnings ...` to show where the warning was created)
✔ 非 KOL PDA 导入不生成 KOL 领交料；首次 KOL 访问生成完整且幂等的演示记录 (334.435041ms)
✔ PDA 单任务读取保持普通任务、测试工厂与 KOL 任务内容和查找优先级 (1.440541ms)
✔ 日报窗口含截止日7天，重点日均独立使用前6天 (1.118542ms)
✔ 未知采购不填0，未BOM不输出完整确定订单需求 (0.300334ms)
✔ 突变必须绝对量与比例同时达到阈值 (0.181875ms)
✔ 截止日突变示例与未完结日不判定 (0.128083ms)
✔ 共享商品按SPU去重而不按关联行累加销量 (0.3075ms)
✔ 预选不产生确定用料；BOM需求保留物料归属 (0.320292ms)
✔ 同料BOM优先于预选，不重复关系及需量 (0.279083ms)
✔ 两个业务页具有独立容器、标准分页与证据边界 (25.826625ms)
✔ 未进入物料页面时 bridge 不加载业务；加载失败重试后首次渲染即已注册 (4.366208ms)
✔ click 分组顺序、短路、选择器范围保持原行为，重新注册替换旧处理器 (0.534166ms)
✔ 备料写入守卫读取实时角色与水位，阻断时不调用业务处理器 (0.323334ms)
✔ input/change/keyboard 原入口、筛选范围和 change 优先级完整保留 (0.282ms)
✔ health groups are exhaustive and mutually exclusive in demo (1.039042ms)
✔ coverage and baseline use same inventory plus transit but distinct demand windows (0.070916ms)
✔ zero demand is unavailable rather than infinity and huge finite quotient stays finite (0.091625ms)
✔ date selects different consistent snapshot (0.08625ms)
✔ threshold changes alter classification without changing facts (0.060541ms)
✔ health view carries core P1 business sections and mock caveat (14.188458ms)
✔ AT16 rules do not substitute brand, size or packaging method (0.39425ms)
✔ AT24 equal priority conflict blocks resolution and identifies rules (0.338416ms)
✔ higher explicit priority resolves a lower priority overlap (0.050916ms)
✔ plans distinguish garments and parcels and add loss once (0.139041ms)
✔ AT18 white pendant stock only allocated once (0.069625ms)
✔ event duplicate and old revision do not add consumption; reprints are activity only (0.105375ms)
✔ conflicting same revision fails instead of silently choosing a payload (0.063083ms)
✔ AT17/19/20 panel states unresolved ASAYA, independent kit80 and unknown ribbon (0.237334ms)
✔ trigger distinct from target, existing supply produces explainable zero (0.584916ms)
✔ missing mapping or usage and incompatible raw unit block unsafe generation (0.166667ms)
✔ generation reserves remaining once and shared raw pool across target rules (0.803375ms)
✔ production does not increase stock; actual SKU and output bound partial receipts (0.135584ms)
✔ cancelled suggestion releases commitment and raw allocation (0.063833ms)
✔ AT05 committed greige is not available for a second allocation (0.83725ms)
✔ AT06 partial receipt reduces expected supply; checking and qualified never duplicate (0.342208ms)
✔ AT07 unmapped target preserves quantities but gives no target coverage (0.086041ms)
✔ §7.2 loss reduces future supply; rejected receipts never become usable (0.056167ms)
✔ §7.3 unit/yield/route and conservation gaps block deterministic supply (0.0975ms)
✔ §7.3 candidate comparison reports remaining shortage and respects arrival deadline (0.124167ms)
✔ §7.3 zero gap stays zero and nonfinite inputs cannot produce advice (0.046667ms)
✔ panel uses owned local handlers and discloses mock and missing images (1.088167ms)
✔ P2 coefficients and coverage exclude transit (10.196125ms)
✔ P2 coverage buckets have exclusive shared boundaries (0.467708ms)
✔ P2 partial receipts and completed batches count remaining only (0.059834ms)
✔ P2 latest overdue selected only if no future batch; today included (0.069042ms)
✔ P2 search transit and ETA filters compose (0.136542ms)
✔ P2 zero demand and missing BOM preserve distinct nulls; micro demand excluded (0.062875ms)
✔ P2 standard table renders and limits initial rows to first page (11.018541ms)
✔ AT01/02 internal reservation stays in coverage while external reservation is deducted (12.453584ms)
✔ AT03 quality segments are not usable (0.154917ms)
✔ AT04 partial receipt leaves remaining supply only (0.164542ms)
✔ AT08/38 late supply never erases earlier shortage (0.131ms)
✔ AT09 intermediate deficit determines net need rather than positive closing balance (0.123708ms)
✔ AT10 MOQ and pack rounding, zero stays zero (0.114834ms)
✔ AT11 horizon begins at cutoff and is not expanded by lead time (0.141125ms)
✔ AT12 forecast covered by confirmed demand is excluded before coefficient (0.114959ms)
✔ AT13 no demand has no numeric coverage (0.110125ms)
✔ AT14 cancelling demand does not change stock (0.139584ms)
✔ AT15 latest event revision only (0.391208ms)
✔ AT16/17 directory preserves bag sizes and ASAYA duplicated input is one unresolved SKU (0.07875ms)
✔ AT18 three brands draw from one shared pool (0.104ms)
✔ AT19/20 kit capacity respects minimum and missing conversion (0.053917ms)
✔ AT21 inactive/unusable stock remains physically visible (0.100917ms)
✔ AT23 affected order identifiers are unique (0.091ms)
✔ AT25/26 draft does not mutate active and invalidates trial (0.082625ms)
✔ AT26/28 publish requires role and exact trial; history retained (0.617666ms)
✔ AT31 risk cannot close with remaining shortage or skip verification (0.398625ms)
✔ AT37 invalid dates, unknown timezone, bad numeric values rejected (0.247708ms)
✔ duplicate supply chain does not double count and blocks deterministic advice (0.227917ms)
✔ warehouse catalogue includes 17 locations and two garment warehouses (0.10525ms)
✔ candidate comparison retains pre-arrival risk (0.571916ms)
✔ SKU-specific policy wins and duplicate rules block publish (0.282041ms)
(node:20963) ExperimentalWarning: localStorage is not available because --localstorage-file was not provided.
(Use `node --trace-warnings ...` to show where the warning was created)
✔ 逐票与逐打印任务保持原结构，变更一条只保存一条 (1.020083ms)
✔ 草稿按原映射键保存；手工票与操作记录分离，删除票保留审计 (0.22125ms)
✔ 拒绝损坏JSON且不冒充空数据 (0.107791ms)
✔ 拒绝空字符串且不冒充空数据 (0.042875ms)
✔ 拒绝错误根且不冒充空数据 (0.043583ms)
✔ 拒绝重复票号身份且不冒充空数据 (0.153792ms)
✔ 拒绝缺少票号且不冒充空数据 (0.124542ms)
✔ 拒绝错误状态且不冒充空数据 (0.10675ms)
✔ 拒绝打印关联缺失且不冒充空数据 (0.102125ms)
✔ 拒绝草稿身份缺失且不冒充空数据 (0.203875ms)
✔ 拒绝手工日志缺失且不冒充空数据 (0.097291ms)
✔ 拒绝手工二维码缺失且不冒充空数据 (0.052458ms)
✔ 已保存实体与备份身份校验，不接受伪造集合或迁移元数据 (0.843542ms)
✔ 袋账派生绑定锁，无需持久化派生票快照；关闭周转解除旧快照锁 (388.161666ms)
✔ 唛架来源和铺布单逐实体保存，保留卷明细、层序及来源引用 (0.198583ms)
✔ 路由标准化移除 query 与 hash，但不改动路径 (0.341958ms)
✔ 只匹配路由根或其子路径，不误匹配相似前缀 (0.10675ms)
✔ 可在多个合法根路径中匹配一个 (0.068416ms)
✔ 只把完整生产确认单打印路由识别为命中 (0.115333ms)
(node:20965) ExperimentalWarning: localStorage is not available because --localstorage-file was not provided.
(Use `node --trace-warnings ...` to show where the warning was created)
✔ 目标 SKU 的四种加工组合、前序实物和 BOM Q 均按已建档字段读取 (50.584292ms)
✔ 整单总量口径保存后仍按一次总量计算，不被样衣件数重复放大 (502.945ms)
✔ 一张设计改款 BOM 同时有 Yard 面料和 PCS 辅料时，各行独立计量且辅料无需加工调拨 (58.727125ms)
✔ 复用既有纸样与参照 BOM 的无印染任务可直接提交样衣并自动完成；复制只生成草稿 (464.015542ms)
✔ 批量复制保留物料、费用和样衣安排为独立可编辑草稿，不生成工作 (102.745625ms)
✔ 单页创建同时保存物料、费用与样衣要求；失败不留下空任务 (2.526875ms)
✔ 加工互斥按物料行执行：同一任务允许纯染行与双属性印花行并存 (88.283667ms)
(node:20967) ExperimentalWarning: localStorage is not available because --localstorage-file was not provided.
(Use `node --trace-warnings ...` to show where the warning was created)
✔ 旧设计任务移除线下工作和依赖，保留加工单身份、样衣成果及原始输入 (124.520666ms)
✔ 任务汇总排除未启用，待前置只列出未完成依赖，关闭单不继续催办 (1.688583ms)
✔ 筛选覆盖关键词、状态、跟单、待办、类型、团队和日期边界，统计范围一致 (0.314333ms)
✔ CSV包含全部匹配行和任务责任计划，不含操作列，特殊文字正确转义 (0.52075ms)
(node:20970) ExperimentalWarning: localStorage is not available because --localstorage-file was not provided.
(Use `node --trace-warnings ...` to show where the warning was created)
✔ 生产准备必须读取测款最终通过事实，保存时重新校验且失败不生成主单 (141.123209ms)
✔ PATTERN_ARTWORK 多明细全部有效项通过才完成，同SKU不同要求不合并 (0.459792ms)
✔ COLOR_FABRIC 多明细全部有效项通过才完成，同SKU不同要求不合并 (0.081875ms)
✔ COLOR_YARN 多明细全部有效项通过才完成，同SKU不同要求不合并 (0.059958ms)
✔ 多辅料分单覆盖，第一张下单不足以完成，失效单不能提供覆盖 (5.437334ms)
✔ 专业列表业务字段查询与责任、来源、计划边界组合，未登记计划不误入日期结果 (0.655208ms)
✔ PCS 图片按款号和颜色固定，尺码不改变照片，未知对象没有随机图片 (1.487708ms)
✔ 历史 Mock 只替换登记的旧图，保留用户图片及未知款式 (0.828084ms)
✔ 后道 QC 来源 SKU 保留原身份和数量，五种颜色分别绑定对应实拍 (0.167709ms)
✔ 后道历史快照只迁移准确 SKU 的旧示意图，质检数量与用户图不变 (0.660875ms)
(node:20974) ExperimentalWarning: localStorage is not available because --localstorage-file was not provided.
(Use `node --trace-warnings ...` to show where the warning was created)
✔ PDA 列表轻量摘要与详情的归属、数量、物料和下一步一致 (1440.205666ms)
(node:20975) ExperimentalWarning: localStorage is not available because --localstorage-file was not provided.
(Use `node --trace-warnings ...` to show where the warning was created)
✔ 按工厂投影不改变全能力、印花、染色、中央与裁片演示账号可见任务 (863.0055ms)
✔ 物流商新增字段保存回显并写入操作日志 (3.32375ms)
✔ 物流商数字字段非负校验与运输方式枚举校验 (0.246083ms)
✔ 渠道新增字段保存回显，条件计费字段按计费方式保留 (0.363584ms)
✔ 整柜渠道不要求新增计费字段，仍要求四箱型完整配置 (0.112041ms)
✔ 渠道数字字段非负与时效区间校验 (0.108958ms)
✔ 头程批次聚合展示总箱数、总重量、总体积与转运天数 (0.424042ms)
✔ 工序链按保存顺序生效，合法工序集合固定，非法或重复工序被拒 (1.847625ms)
✔ 坯布 SKU 必填，坯布库存为 0 时调拨资格被拒，补足后恢复 (0.382417ms)
✔ 采购单按勾选 SKU 生成明细，数量与枚举非法被拒 (0.154041ms)
✔ 调拨单可选择调出仓库与调入目标，同步生成加工单号链 (0.205875ms)
✔ 批量刷新库存更新全部监控行与刷新时间并写日志 (0.180334ms)
✔ 手动添加监控 SKU 校验 SKU 必填与重复，添加后进入列表 (0.230791ms)
✔ 物料申报扩展字段保存回显，26 项特殊属性按数组保存 (2.94075ms)
✔ 报关扩展：法定第二计量单位与数值，不报关分支跳过必填校验 (0.309291ms)
✔ BOM 业务选项与价格/成本、工厂、布料字段保存回显 (1.222459ms)
✔ 主体经营 9 项成本明细加调整重算总成本，数据缺失提醒可消除 (0.898958ms)
✔ 供应商从草稿到启用遵循状态机，名称唯一 (2.702125ms)
✔ 供货档案包装换算与快照版本 (0.338208ms)
✔ 物料全部有真实图片，采购补充信息可更新且不新增删除 (0.593334ms)
✔ 成衣与样衣 SKU 只读列表数据完整 (0.135791ms)
✔ 仓库同步更新时间，单位字典唯一且不可删除只可启停 (0.523917ms)
✔ BOM 用量可修改，说明可保存，发布后可生成面辅料需求 (2.461125ms)
✔ 面辅料需求种子就绪且可按物料行下推采购单 (3.949375ms)
✔ 快递信息导入校验采购单存在、单号唯一、日期与数量合法 (0.927125ms)
✔ 国内签收、加入头程、状态推进与到仓自动签收 (1.648833ms)
✔ 供应商确认单需标签齐备，确认后回写采购单 (1.063209ms)
✔ 整柜渠道必须完整配置四个箱型，物流商可启停 (0.410875ms)
✔ 面辅料采购单可带原因关闭，关闭后不能再登记到货 (0.177667ms)
✔ 库存监控触发线与建议量公式，规则异常阻断建单 (2.262667ms)
✔ 建单数量不得超过建议量，调拨与采购资格分别阻断 (0.301959ms)
✔ 中转看板指标、分布与筛选跳转规则 (0.501666ms)
✔ 生产单校验与配料任务只读数据完整，系统设置结果为 8/6/10 (0.159292ms)
✔ 种子采购单按 SRM 生成器规律补齐单据级与明细级字段 (0.656375ms)
✔ 新建做货采购单保存采购专员、加急、首单、区域与明细字段并可回显 (1.2925ms)
✔ 未传新增字段时沿用默认值并保持既有命令兼容 (0.213416ms)
✔ 采购专员必填、做货必须选区域、重量非负均抛出中文 PmsDomainError (0.480667ms)
✔ 编辑采购单保存新增字段并回显，非法输入被阻断 (0.461667ms)
✔ BOM 状态与 bomMatched 一致，未发布 BOM 的做货明细为未匹配 (0.3355ms)
✔ 行采购金额使用 roundPmsQty 且汇总等于逐行金额之和 (0.249ms)
✔ 采购建议按缺口公式与折扣计算，并计入有效 KOL 申请 (0.8245ms)
✔ KOL 草稿与已驳回不计入建议缺口 (0.09475ms)
✔ 建议转采购单后写回已转数量与部分生成状态 (1.352917ms)
✔ 面辅料需求按 BOM 用量与损耗扣减库存和采购中 (0.475667ms)
✔ 重复生成、草稿采购单与非做货采购单均被阻断 (0.104417ms)
✔ KOL 单条超量需要二次确认，超过申请量直接阻断 (0.250083ms)
✔ 驳回 KOL 需求后不再计入建议缺口 (0.09525ms)
✔ 关闭采购单必须填写原因且已关闭不可重复关闭 (0.141458ms)
✔ 主体经营明细总成本、毛利与毛利率公式 (1.904833ms)
✔ 面辅料对账：预计/实际双层公式，费用项与差异双重门禁 (4.648542ms)
✔ 面辅料费用项部分确认、批量确认与编辑失效 (0.943125ms)
✔ 请款草稿跨页创建、请款与付款上限、编辑范围 (1.156584ms)
✔ 物流实际费用 12 列导入校验、不自动确认与确认后锁定 (0.835833ms)
✔ 请款单作废释放来源对账，已有付款不能作废 (0.427ms)
✔ 供应商账单 9 列导入覆盖实际层且不自动确认 (0.464708ms)
✔ 金额大写按 RMB 规则输出并覆盖跨节零 (0.141375ms)
✔ 生成卷号按前缀、每卷米数、重量与起始序号生成并写入包装明细 (4.095334ms)
✔ 生成卷号时尾卷承载剩余数量，卷数按采购数量与每卷米数自动取整 (0.520167ms)
✔ 非法卷号参数被拒绝并抛出中文域错误 (0.313875ms)
✔ 生成标签后二维码内容包含卷号与箱规，参与打印 (0.253167ms)
✔ 箱规新增自动计算体积，重复箱号与非法尺寸被拒，删除后计数正确 (0.234792ms)
✔ 包装明细可新增与删除，非法输入被拒且删除后计数正确 (0.189792ms)
✔ 被包装明细引用的箱规不能删除 (0.073291ms)
✔ 供应商枚举与 SRM 完全一致，旧枚举不再出现 (0.716459ms)
✔ 种子字段满足 SRM 枚举且协同指标为数字 (0.130333ms)
✔ 新增字段保存并回显，成功命令写入操作日志 (1.752334ms)
✔ 编辑保存新增字段并保持状态机与事件名不变 (0.194833ms)
✔ 非法或缺失输入抛 PmsDomainError 且不写入数据 (0.217875ms)
✔ 详情与列表展示新增字段、SRM 枚举与协同指标 (19.582209ms)
(node:20987) ExperimentalWarning: localStorage is not available because --localstorage-file was not provided.
(Use `node --trace-warnings ...` to show where the warning was created)
✔ RETURN-010: only the acceptance week Sunday is skipped, for every starting weekday (0.578334ms)
✔ RETURN-004—010: both projections share counting dates and ceil targets (0.306083ms)
(node:20988) ExperimentalWarning: localStorage is not available because --localstorage-file was not provided.
(Use `node --trace-warnings ...` to show where the warning was created)
✔ 实际耗时跨周日仍按真实时间差；没有可靠时间不造耗时 (0.450125ms)
✔ 每任务都达成才结束；同一来源去重，作废明细不影响主表 (0.14325ms)
✔ 耗时页 Mock 至少覆盖九张生产单和全部节点，且下游事实不会越过未完成的前置节点 (530.211ms)
✔ 裁片放行按一张放行单内的多次放行展示并选取节点起止时间 (35.014708ms)
(node:20989) ExperimentalWarning: localStorage is not available because --localstorage-file was not provided.
(Use `node --trace-warnings ...` to show where the warning was created)
✔ EXC-001—004: a reference mark cannot change debt, strict kits or final task responsibility (2.939041ms)
(node:20991) ExperimentalWarning: localStorage is not available because --localstorage-file was not provided.
(Use `node --trace-warnings ...` to show where the warning was created)
✔ 派单新增主档工厂可登记承接关系，未知工厂仍阻断 (2.149125ms)
✔ 专属任务保留整单身份、数量和接收方，工艺分支保留全部前置关系 (1.650791ms)
✔ 原生产单车缝任务仍可被 PPIC 分配与责任移交识别，SKU 总量完整 (8.899458ms)
✔ PRINT-HISTORY-001: demo identities remain fixed and reject another factory or task (0.845125ms)
✔ PRINT-HISTORY-002: DYE-GOTO-GLOBAL historical slot 09 survives independent reloads without overwriting (1901.583375ms)
✔ PRINT-HISTORY-002: ID-FAC-001165 historical slot 09 survives independent reloads without overwriting (1672.672ms)
(node:20993) ExperimentalWarning: localStorage is not available because --localstorage-file was not provided.
(Use `node --trace-warnings ...` to show where the warning was created)
✔ VERIFY-003: dispatch reads keep all documents and independent copies without projecting unrelated business views (265.600958ms)
✔ frozen printing images are losslessly stored once across orders, tasks and attachments (2.847417ms)
✔ missing or malformed image references fail rather than silently replacing frozen evidence (0.216875ms)
(node:20996) ExperimentalWarning: localStorage is not available because --localstorage-file was not provided.
(Use `node --trace-warnings ...` to show where the warning was created)
✔ PERF-002/004: scoped receiving reads preserve direct receipts and allocations, without exposing mutable facts (13.931833ms)
✔ PERF-002/004: a synchronous relation read matches independent reads and releases its scope after errors (632.759083ms)
✔ PERF-004: batched print list reviews and handovers equal independently read facts (292.322375ms)
✔ PERF-004: scoped handovers keep canonical sorting and task point reads preserve identity (5.604834ms)
✔ PERF-004: reusing warehouse documents preserves each dye order source, quantity and receiver (268.57ms)
(node:20997) ExperimentalWarning: localStorage is not available because --localstorage-file was not provided.
(Use `node --trace-warnings ...` to show where the warning was created)
✔ craft source selection preserves all previous source choices and isolated snapshots (8.774667ms)
✔ source eligibility is re-evaluated after a source order changes (0.143625ms)
(node:20998) ExperimentalWarning: localStorage is not available because --localstorage-file was not provided.
(Use `node --trace-warnings ...` to show where the warning was created)
✔ 验收数据至少包含 5 张染色和 5 张印花提前加工单，并覆盖全部匹配状态 (605.742667ms)
✔ 印花专业成果把多张图片和多个文件统一保存在同一附件集合 (0.124041ms)
✔ 同一生产需求可手动选择具体专业任务，创建结果保存所选任务与全部成果附件 (34.468458ms)
✔ 创建提前加工单必须选择所属专业任务并明确加工厂 (2.71875ms)
✔ 计划加工数量包含损耗率，且染色印花投入与产出 SKU 必须不同 (0.14175ms)
✔ 专业成果未审核通过时不可创建提前加工单 (0.111583ms)
✔ 多个生产需求合并为一张生产单时，可匹配多张提前染色加工单 (69.42675ms)
✔ 等待技术包的提前单在技术包就绪后可由同一匹配服务自动重试 (24.434666ms)
✔ 合并生产单中只有部分需求有提前单时，只为未覆盖需求补建剩余数量 (36.004875ms)
✔ 已有提前单但正式 BOM 或 SKU 不一致时进入异常，且不重复补建同一工艺单 (55.427583ms)
✔ 取消后重建保留旧单，并建立双向替代关系 (9.91ms)
✔ 没有提前加工单的需求仍保留正式加工单快照 (4.230209ms)
✔ BOM uses formally reduced quantity and leaves unsupported conversion unknown (1.620917ms)
✔ reuse retains one shared source instance and adds no duplicate processing duration (0.526541ms)
✔ a new rework/recheck round extends the dependency path two days and conserves qualified pieces (0.208334ms)
✔ date-only source is not coerced to a precise instant or exact deadline (0.233833ms)
✔ known order shipment can be timed without crediting an unknown production source (0.154875ms)
✔ waiting for actual fulfillment can be overall late while factory completion stays on time (0.248541ms)
✔ all six named cards render directly checkable evidence without changing production task facts (4.892208ms)
✔ all ten tasks have independent drill-down networks and one frozen aggregate snapshot (2.064709ms)
✔ 31-item dependency recursion proves 24 natural days and shows the actual sum/max formula (0.976625ms)
✔ improving procurement by ten days only improves whole-task timing by one day (0.328583ms)
✔ network rejects circular/missing dependencies and unknown is never zero time (0.43025ms)
✔ each complete standard mock network and live forecast agrees with the task summary (2.947208ms)
✔ quantity forecast finds a one-day risk before any actual deadline is missed (0.756166ms)
✔ all-natural-day clock includes Sundays, preserves timezones, equality is on time and one second is late (0.135541ms)
✔ already-overdue outranks forecast missing; historical completion stops the clock (0.083625ms)
✔ upstream two-day delay and local catch-up pressure are distinct from current-team fault (0.0725ms)
✔ manual forecast is local, propagates both earlier and later dates, and never relaxes baseline (1.971584ms)
✔ saving a manual forecast refreshes all affected node labels without pretending capacity was increased (1.367458ms)
✔ zero capacity and stale progress never forecast zero remaining duration (0.281167ms)
✔ stock and purchase coverage do not imply factory readiness or a new purchase gap (0.262084ms)
✔ stock-only task still has transfer; purchased material must move beyond warehouse entry (0.121666ms)
✔ batch schedule conserves shared capacity and 90 percent occurs at a real batch event (0.259958ms)
✔ customer cancellation without production allocation does not reduce any task (0.210667ms)
✔ excess shipment of one SKU cannot hide shortage of another (0.1495ms)
✔ duplicate, out-of-order and corrected quantity events conserve the effective sum (0.192ms)
✔ shared work is counted once while merged source tasks preserve independent T0 and deadlines (0.196958ms)
✔ orders enter analysis only from actual shipment and have their own clock (0.330292ms)
✔ region and supply mode select rules together, unpublished candidate rules never apply (0.317542ms)
✔ filters share exact aggregate scope and date windows are left-closed right-open (0.724167ms)
✔ Chinese UI defaults and all scope options filter the intended task population (0.298375ms)
✔ Chinese risk shortcut agrees with risk KPI and does not accidentally select completed or overdue tasks (0.443958ms)
✔ Chinese date-field labels use due date, start date and predicted completion respectively (0.377792ms)
✔ team and stage filters match applicable work nodes rather than only current task responsibility (0.233875ms)
✔ V3 team and factory must match the same node and empty all-scope still keeps a task (0.107625ms)
✔ V3 unknown shipment has no percentage and completed work without deadline is not on time (0.077958ms)
✔ 恢复预测保留不同工作和日期的顺序，只合并连续相同计算且不改写历史 (3.182083ms)
✔ 同一调拨动作按国家和供给方式命中不同预算，候选规则不参与匹配 (0.939709ms)
✔ 同优先级重叠命中必须冲突，明确更高优先级例外才可覆盖 (0.418208ms)
✔ 数量档边界不得跨档或用默认预算掩盖无规则 (0.082375ms)
✔ 子项七天而组上限五天阻断，网络不被截短也不在组外重复加预算 (0.141167ms)
✔ 并行分支取最大值，循环和缺失前置不得算成零天 (0.131333ms)
✔ 工厂实收映射须有明细与物流批次，入库不冒充到厂，重复事件不累加 (0.1465ms)
✔ 投入产出、单位或质量门槛不合规，不能放行下游 (0.088334ms)
✔ 新版本仅记录显式重算范围，不能顺延旧基线或考核截止 (0.398667ms)
✔ 默认演示配置没有阻断，会议候选必须以提示保留 (0.089708ms)
✔ 选定在途W19规则从1改3，本地路线24改26而原始/生效截止与实际事实不变 (2.892958ms)
✔ 在途发布同层冲突、缺规则、缺映射或事件边界变化都不生成覆盖 (0.190041ms)
✔ 发布覆盖可从初始快照恢复且重复应用幂等，未选任务不受影响 (1.746083ms)
✔ 未完成调拨预算增加后，预测沿下游传播；已完成上游事实仍原样 (0.365083ms)
(node:21007) ExperimentalWarning: localStorage is not available because --localstorage-file was not provided.
(Use `node --trace-warnings ...` to show where the warning was created)
✔ 首次来源读取只创建当前存在的缺口，历史从本次观察开始 (0.996875ms)
✔ 事项键由任务、工作与类型生成，中文说明变化不新增事项 (0.30475ms)
✔ 缺款图形成独立事项，增加地址不等于款色对应核验通过 (0.244917ms)
✔ 登记责任期限不修改事实或关闭事项，只有后续来源读取确认恢复 (0.610667ms)
✔ 同一恢复事实重复核对不制造历史，缺口复现重新打开且保留期限 (0.252542ms)
✔ 任务或工作未返回、数量已知性字段消失均不是恢复证据 (0.244584ms)
✔ 来源身份变更不能在同一次读取中把旧缺口标为恢复 (0.192666ms)
✔ 未结构化来源审核项不因文字消失自动关闭 (0.195083ms)
✔ 本地持久化保留独立事项、责任、期限和恢复历史 (0.515833ms)
✔ 本地损坏记录不伪造历史、不覆盖旧内容、不允许假保存 (0.839042ms)
✔ 责任、期限、调整原因必填；存储失败给出未保存结果 (0.473916ms)
✔ 数据待补按事项分页和筛选，提供独立登记及来源刷新入口 (1.852792ms)
✔ 事项按自身负责人和修复期限筛选，不借任务跟单替代 (0.222959ms)
✔ 空在途范围不展示历史演示日期压力图 (3.136708ms)
✔ 未知预算仍保留串并行和汇合箭头，位置不依赖日期 (7.703125ms)
✔ 下游未开工且前置未完的逾期归为等待；根卡点标出具体工作和全部后继 (1.019334ms)
✔ 取消和已完成不是当前卡点，数据缺口不当执行逾期 (0.536542ms)
✔ 已开工工作即使前置未完，也保留其来源责任逾期并提示核对 (0.437792ms)
✔ 卡点范围仍显示上游参照及所有受影响后继，不显示无关支路 (0.920542ms)
✔ 单据摘要默认展开来源核心字段，不只展示时效 (0.669458ms)
✔ 需求摘要指向已存在的需求列表，入口不冒称独立详情 (1.417333ms)
✔ 缺少单据不得生成虚构摘要或默认完成数 (0.806875ms)
✔ 已实收的有效结束满足前置，取消前置不会被视为供给完成 (1.396167ms)
✔ 质检不合格仍是放行卡点，不因检验时间存在变为可放行 (1.019166ms)
✔ 来源已有不合格检验结果但缺建立时间时，不因前置未完而隐藏本项卡点 (1.941792ms)
✔ 作废且不计时不等于前置已完成；来源已阻断是明确卡点 (1.150375ms)
✔ 已知工作预算齐备但范围未确认时，公式页不得称作全程标准 (2.12825ms)
✔ 暂停或受阻工作不因遗留结束时间而放行下游 (1.353875ms)
✔ 生产准备初始化按编号读取定义与完整目录逐值一致，保留不存在时的契约 (1.820625ms)
✔ 单定义读取的可编辑数组保持隔离，不污染其他任务读取 (0.337125ms)
▶ execution source relations retain full facts without unrelated cold initialization
  ✔ cold read resolves real runtime scope and leaves print/dye execution ledgers untouched (150.733416ms)
  ✔ scoped cold result equals original complete enumeration after the same actual ID resolution (424.724083ms)
  ✔ production with print/dye uses all existing preparation facts and keeps unknown IDs unknown (344.044083ms)
  ✔ live explicit cross-order reference and cancellation facts survive scoped reading (34.385458ms)
  ✔ real persisted cancellation restores through the original validated path in a new process (1011.474375ms)
  ✔ QC reads real fact quantities and renders explicit missing artwork without placeholder network dependency (132.286458ms)
✔ execution source relations retain full facts without unrelated cold initialization (2401.983167ms)
(node:21017) ExperimentalWarning: localStorage is not available because --localstorage-file was not provided.
(Use `node --trace-warnings ...` to show where the warning was created)
✔ production source time uses explicit Shanghai time and rejects date-only completion (0.640833ms)
✔ DDS tasks use demand identity and do not invent preparation, budgets, shipment quantities or orders (3.737167ms)
✔ source bindings require existing same-style preparation and published technical version (0.752791ms)
✔ reuse preserves its source/version and does not add past preparation duration (3.070084ms)
✔ explicit unneeded work is excluded but unconfirmed missing work remains a decision, never zero-day completion (0.862ms)
✔ explicit dependencies preserve parallel entries and repeated processes instead of serial sorting (1.57475ms)
✔ missing explicit predecessors do not become confirmed parallel roots (0.857375ms)
✔ missing predecessor and material SKU discontinuity block route certainty without fabricated edges (1.09325ms)
✔ cyclic source dependency stays a blocking issue and source objects remain unchanged (0.535708ms)
✔ read snapshot uses all current demand records without private Mock tasks or automatic same-style preparations (66.484792ms)
✔ continuous material SKU edges stay confirmed while an unconfirmed route remains pending (0.2035ms)
✔ unverified reuse does not fabricate a completed zero-day result (0.126375ms)
✔ binding writes only the DDS association key and is reflected by the next read (8.386833ms)
✔ execution source uses exact production-order identity, assigned factory and responsibility deadline (0.217833ms)
✔ only a unique exact technical entry binds execution to route; same-name and split executions stay independent (0.269375ms)
✔ preparation-only source cycles are blocked without depending on a technical pack branch (0.151292ms)
✔ source time and manual forecast stay separate from frozen rule examples and missing SLA (0.426958ms)
✔ cancelled execution is not a late blocker and unfinished status cannot borrow a stale completion timestamp (0.244125ms)
✔ document summaries are factual, compact strings; decisions without a document stay unbound (0.139833ms)
✔ formal preparation output connects the exact confirmation, route entry and production version (0.319917ms)
✔ technical object identity and its material photo are retained without using the style photo (0.1265ms)
✔ material transfer has serial dispatch, transport and receipt with separate responsibility and source identity (0.274292ms)
✔ approval, sent quantities and delivery-note registration cannot prove physical handout or logistics delivery (0.157791ms)
✔ actual handout starts transportation but factory receipt never backfills logistics delivery or reception start (0.110625ms)
✔ receipt quantities require the same source line, target factory and unit; mixed units never close reception (0.146917ms)
✔ voided transfers keep evidence but no effective supply or transport completion (0.09775ms)
✔ a document handout timestamp does not complete unshipped or partially shipped source lines (1.046875ms)
✔ only preparation-bound purchase documents are included, and purchase completion never invents warehouse arrival (1.728708ms)
✔ quality is scoped to its recorded sample and does not establish shipment orders or whole-order completion (0.768375ms)
✔ current source snapshot exposes matching handover, quality and transfer documents, not generic placeholders alone (4.151333ms)
✔ only a real same-version production order becomes a root execution predecessor (0.357291ms)
✔ task lead blocker matches dependency analysis instead of blaming an unstarted downstream deadline (0.11175ms)
✔ failed inspection exposes the concrete unqualified quantity as blocker reason (0.1155ms)
✔ category sample images never stand in for a source style; a dedicated source image is retained (0.153ms)
(node:21019) ExperimentalWarning: localStorage is not available because --localstorage-file was not provided.
(Use `node --trace-warnings ...` to show where the warning was created)
✔ 当前非 Mock 需求可保存显式工作映射，序列化后可恢复且不改来源事实 (69.837167ms)
✔ 未保存映射、规则空天数、事件范围变化与同级冲突分别给出真实阻断 (7.57975ms)
✔ 同一工作不得存两份口径，来源身份变化或未知数量不允许保存 (9.643125ms)
✔ 工作单位不换算、通配值不充当事实、里程碑不重复加预算 (5.065125ms)
✔ 来源任务发布单项预算后保持整体待定，刷新覆盖和已有截止均保留 (13.978916ms)
✔ 缺准备或实发范围时即使要求首次建基线也阻断，并且不写覆盖 (12.525625ms)
✔ 已确认的未来发货工作尚无实发事实也可建 T0+最长路径基线，缺进度只影响预测 (1.034417ms)
✔ 已发布后来源工作身份变化，不把旧映射预算套到新单据 (4.417916ms)
✔ 配置页面保存映射到本地，空天数发布被阻断，填写预算后实际发布当前来源任务 (17.507959ms)
✔ 查生产入口只在合法系统路由显示，并在打印与 PDA 路由隐藏 (0.581583ms)
✔ 相似前缀和相似打印段不会被当成合法路由 (0.07125ms)
(node:21021) ExperimentalWarning: localStorage is not available because --localstorage-file was not provided.
(Use `node --trace-warnings ...` to show where the warning was created)
✔ PERF-001: runtime snapshot and all nine subsets preserve every production order value and caller isolation (16.69775ms)
✔ PERF-001: a subset read does not traverse or clone unrelated snapshot sections (0.467833ms)
✔ PERF-001: paper pattern binding strips and nested craft arrays remain isolated after mutation (0.560625ms)
✔ PERF-001: replacing or updating the bound snapshot is visible immediately without a stale cache (0.283125ms)
✔ PERF-001: missing production order keeps null and empty-list contracts (0.174208ms)
(node:21023) ExperimentalWarning: localStorage is not available because --localstorage-file was not provided.
(Use `node --trace-warnings ...` to show where the warning was created)
✔ VERIFY-003: scoped reads preserve pending/voided sources and defensive copies (2.50125ms)
✔ VERIFY-003: metadata lookup reflects registry changes and returns independent locations (21.308333ms)
✔ 备份恢复不能借原票编号伪造另一种面料的交出回执 (1.416291ms)
✔ 部位票缓存感知已提交事件版本，重复读取同一版本不失效 (0.857ms)
✔ 按名称排朴，空名拒绝，同名不同编码/颜色保留独立身份 (0.58375ms)
✔ 初始每面料一张，重复分配幂等；新增与补打不混淆 (0.949084ms)
✔ 改派未交票失效，已交历史不抹除，新范围递增序号 (0.503167ms)
✔ 部分出纸仅确认勾选票；重复确认不增加次数，内容变化拒绝 (0.124584ms)
✔ 整个批次多袋并集检查，非本次袋不可借用，顺序无关 (0.280792ms)
✔ 同任务同工厂历史可满足；不同任务或换厂必须另交 (0.153583ms)
✔ 三方自行裁剪排除，资料缺失与无需面料分开判断 (0.056584ms)
✔ 混装按类型和单位分项，换片布不能拆成非5 Yard (0.108959ms)
✔ 局域网 HTTP 的摘要与原生 SHA-256 相同，既有票号不变化 (11.856833ms)
(node:21029) ExperimentalWarning: localStorage is not available because --localstorage-file was not provided.
(Use `node --trace-warnings ...` to show where the warning was created)
✔ 混装打印保留裁片矩阵，捆条和换片布独立附页，不合并单位 (1.563584ms)
✔ 纯换片布袋可生成货物标识，不制造尺码和部位 (0.116792ms)
✔ 混装标签拒绝换片布错误长度、作废票和混生产单 (0.221ms)
✔ 生产单按单记录；变更一单不重写其他单和任务 (1.156291ms)
✔ 运行任务独立保存覆盖、拆分、合并、改派及序号，往返保留身份 (0.255458ms)
✔ 有效分配索引、独立记录、审计及序号完整往返，拒绝重复身份和损坏格式 (0.846167ms)
✔ 拒绝空字符串，不吞掉损坏记录 (0.129375ms)
✔ 拒绝数组根，不吞掉损坏记录 (0.121875ms)
✔ 拒绝生产单数组实体，不吞掉损坏记录 (0.1005ms)
✔ 拒绝生产单空编号，不吞掉损坏记录 (0.136625ms)
✔ 拒绝生产单损坏快照，不吞掉损坏记录 (0.142708ms)
✔ 拒绝任务覆盖数组，不吞掉损坏记录 (0.117125ms)
✔ 拒绝任务覆盖身份，不吞掉损坏记录 (0.152ms)
✔ 拒绝拆分来源身份，不吞掉损坏记录 (0.127917ms)
✔ 拒绝拆分子项损坏，不吞掉损坏记录 (0.094291ms)
✔ 拒绝合并明细损坏，不吞掉损坏记录 (0.10725ms)
✔ 拒绝改派任务身份，不吞掉损坏记录 (0.0615ms)
✔ 拒绝不安全序号，不吞掉损坏记录 (0.056042ms)
✔ 拒绝重复Map键，不吞掉损坏记录 (0.11125ms)
✔ 拒绝current非数组，不吞掉损坏记录 (0.126209ms)
✔ 拒绝current孤儿，不吞掉损坏记录 (0.0695ms)
✔ 拒绝current跨任务，不吞掉损坏记录 (0.063083ms)
✔ 拒绝current重复引用，不吞掉损坏记录 (0.062ms)
✔ 拒绝审计孤儿，不吞掉损坏记录 (0.064875ms)
✔ 已保存实体损坏编号、缺少meta或重复meta不能伪造正常空源 (0.292625ms)
✔ 未登记key及空白JSON拒绝；null明确代表没有覆盖 (0.126125ms)
✔ 备份校验拒绝未知来源集合、伪造迁移身份及丢失检查点实体 (1.1895ms)
✔ 四类静态运行任务的删除标记完整往返，拒绝混入业务字段或假删除 (0.27ms)
✔ 分配副产物按实体保存；合同、样衣及PPIC责任保留独立序号 (0.806958ms)
✔ 拒绝缺失渲染必需快照的合同，防止迁移清源后才暴露损坏 (0.104084ms)
✔ 关联实体损坏拒绝 unknown:X (0.08075ms)
✔ 关联实体损坏拒绝 material-context:A (0.742917ms)
✔ 关联实体损坏拒绝 return-sequence:value (0.06075ms)
✔ 关联实体损坏拒绝 sla-current:T (0.039458ms)
(node:21031) ExperimentalWarning: localStorage is not available because --localstorage-file was not provided.
(Use `node --trace-warnings ...` to show where the warning was created)
✔ 分配 SKU 的需料不同；多尺码共料去重，名称含朴排除 (1.008625ms)
✔ 完整但全是朴为空集合；缺颜色映射或空名称属于资料错误 (0.270125ms)
✔ 同名不同编码面料不混并；BOM 身份歧义阻断 (0.18375ms)
✔ 交出回执从快照保留三种明细，Yard 与米不进入裁片数量 (0.59025ms)
✔ 回执任务读取保持数组身份；只在事实变更后重新投影 (0.31025ms)
✔ 款式需料读取的配置查询只返回独立副本，不能污染下次来源读取 (0.386208ms)
✔ 来源读取失败时不能把不可用哨兵值当作稳定分配继续保存 (0.361459ms)
✔ 并发调用复用同一个模块加载 Promise，成功后继续复用结果 (0.650083ms)
✔ 模块加载失败后清空缓存，下一次调用可以重试 (0.237459ms)
✔ 独立打印外壳只命中完整生产确认单打印路由 (0.461333ms)
✔ 既有固定打印路由仍使用独立打印外壳 (0.086042ms)
✔ technical version reads do not write when storage is full (first visit) (259.328875ms)
✔ technical version reads do not write when storage is full (saved data) (256.901458ms)
✔ 五类页面共享采购到交出的串联 Mock，重复初始化不重置执行事实 (185.849666ms)
✔ 补齐串联 Mock 时压缩历史大签名，避免浏览器存储接近上限导致页面路由失败 (205.838208ms)
✔ 三个中央工厂在组织目录与执行工厂中身份一致且仅出现一次 (0.416542ms)
✔ 花边角色与采购映射归属TMF但供应方仍保留独立身份 (0.0735ms)
✔ 橡筋定长切割仍归SPF，不成为TMF织带截断任务 (0.091791ms)
✔ 旧浏览器组织记录迁移后不与权威TMF并存且保留已有联系人 (2.187708ms)
(node:21039) ExperimentalWarning: localStorage is not available because --localstorage-file was not provided.
(Use `node --trace-warnings ...` to show where the warning was created)
✔ 连续织带实际650米交出→648+2实收→染色可用650，仓库和用料保持米制且无公斤换算 (11.052792ms)
✔ 连续长度口径不可用于纱线/码制，普通辅料仍要求实际称重 (0.725417ms)
✔ 原生连续辅料染色650→640：实际工厂实收及用料驱动加工，使用对象对应蓝色织带参考图 (453.222041ms)
(node:21040) ExperimentalWarning: localStorage is not available because --localstorage-file was not provided.
(Use `node --trace-warnings ...` to show where the warning was created)
✔ 织带与绳子参考档案接入实际物料库，保留图片来源和未确认尺寸，不替换橡筋 (36.614208ms)
✔ 同分钟新建不同幅宽织带和绳径主档不共用SPU身份，SKU保持各自父档归属 (134.996292ms)
✔ TMF半成品SKU按SPU→潘通色号→颜色→花型生成，长度和端头不进入SKU (0.164541ms)
(node:21043) ExperimentalWarning: localStorage is not available because --localstorage-file was not provided.
(Use `node --trace-warnings ...` to show where the warning was created)
✔ TMF发布采用链：技术包发布门禁→审核发布→启用→生产单采用→生成织带加工需求 (569.85225ms)
✔ TMF发布门禁：含织带截断工序但规格未补齐的采用版本不能发布 (25.20075ms)
✔ 正式生产路线只关联相邻同BOM同SKU的染色→印花，不生成数量或修改来源 (0.820792ms)
✔ 跨单/版本/工序/用途/SKU/单位、缺工厂与已有其他接收单都不能接续 (0.863583ms)
✔ 印花连续辅料仅接同版本同BOM的直接截断节点，不修改SKU和数量 (0.616958ms)
✔ 染色来源已绑定印花时拒绝直接截断，不读取不存在的顶层字段 (0.216625ms)
✔ TMF V1 原型范围、工厂身份和现场默认参数已冻结 (0.636583ms)
✔ TMF 风险动作默认要求主管与二次确认，采购行身份不可丢失 (0.061875ms)
{"scenario":"N02","scope":"业务动作主链含纱线重量账；含端头辅材采购实收；不含PCS发布采用页面、纱线采购上游","purchaseReceived":1300,"productionReceived":1000,"warehouseContinuousM":30,"netCutM":1260,"lossM":10,"headUnit":"个","headReceived":2020,"headRemaining":15}
{"scenario":"N03","scope":"业务动作主链含纱线重量账；含端头辅材采购实收；不含PCS发布采用页面、纱线采购上游","purchaseReceived":60,"productionReceived":100,"warehouseContinuousM":9,"netCutM":50,"lossM":1,"headUnit":"个","headReceived":202,"headRemaining":1}
{"scenario":"N04","scope":"业务动作主链含纱线重量账；含端头辅材采购实收；不含PCS发布采用页面、纱线采购上游","purchaseReceived":100,"productionReceived":50,"warehouseContinuousM":34,"netCutM":65,"lossM":1,"headUnit":"kg","headReceived":0.2,"headRemaining":0.04}
{"scenario":"B06","scope":"规范数量动作链；塑料头从仓库实收事实开始，补购基础生产未虚构纱线配方；不代表全部页面验收","continuous":9,"productionReceived":1000,"scrapped":100,"scrappedMeters":120,"loss":11,"metalRemaining":15,"plasticRemaining":2}
{"scenario":"N05","mergedBatch":"FULL-N05-MERGED","purchaseReceivedM":120,"mergedIssuedM":102,"mergedProducedPieces":200,"productionReceivedByOrder":[100,100],"warehouseContinuousM":19,"lossM":1,"returnedM":1}
{"scenario":"B17","mergedBatch":"FULL-B17-MERGED","purchaseReceivedM":120,"mergedIssuedM":102,"mergedProducedPieces":200,"productionReceivedByOrder":[100,100],"warehouseContinuousM":19,"lossM":1,"returnedM":1}
{"scenario":"N01","rawReceivedKg":12,"consumedKg":10,"returnedKg":1,"factoryRemainingKg":1,"semiFinishedReceivedM":1000}
{"scenario":"N02","rawReceivedKg":12,"consumedKg":10,"returnedKg":1,"factoryRemainingKg":1,"semiFinishedReceivedM":1300}
{"scenario":"N03","rawReceivedKg":12,"consumedKg":10,"returnedKg":1,"factoryRemainingKg":1,"semiFinishedReceivedM":60}
{"scenario":"N04","rawReceivedKg":12,"consumedKg":10,"returnedKg":1,"factoryRemainingKg":1,"semiFinishedReceivedM":100}
{"scenario":"N05","rawReceivedKg":12,"consumedKg":10,"returnedKg":1,"factoryRemainingKg":1,"semiFinishedReceivedM":120}
{"scenario":"PRINTBACK-source-fixture","nativePrint":{"inputM":650,"outputM":630,"lossM":20,"outputImage":"MISSING_BLOCKED"},"sourceDispatched":630,"actualReceived":630,"cutMeters":620,"lossMeters":2,"returnedMeters":8,"baseLeftMeters":350,"scope":"原生印花650→630已独立重放；下游630米交出仍为专项夹具，不替代缺图正式交出或N01完整上游"}
{"scenario":"B09-downstream-recovery","basePhysicalM":350,"otherReservedM":350,"baseAvailableM":0,"processedReturnM":8,"productionPieces":[400,600],"scope":"含实际占用失败、释放、发料及印花回料后全链；原生印染20米损耗未执行，不是完整B09通过"}
{"scenario":"B05-cut-recovery","received":[400,600],"frozenPieces":10,"frozenLengthMm":500,"continuous":2.5,"cutLoss":2.5,"upstreamScope":"印花630米已交出为外部专项夹具，不冒充原生印染20米损耗或全N01"}
(node:21046) ExperimentalWarning: localStorage is not available because --localstorage-file was not provided.
(Use `node --trace-warnings ...` to show where the warning was created)
✔ N01～N05：通过现有 PMS 入口下达，每条采购链从零执行到仓库实收；交出不提前增加库存 (16.689125ms)
✔ 半成品加工没有原料实收和足量耗用时禁止产出，补齐同一原料链后才能填报 (3.395667ms)
✔ MOCK-007：规范场景使用同一采购行、基础单和生产需求身份，不复制孤立页面 Mock (2.488166ms)
✔ MOCK-009：重置只重载隔离的运行态，不清除用户浏览器数据 (0.240708ms)
✔ B01/B03：短收保留在途和采购缺口；重复扫描、生成和刷新不双记 (0.7225ms)
✔ B02/B04：多收、错 SKU、错仓和无权限动作不改变任意下游数量；恢复后正常收齐 (1.445209ms)
✔ OVR-001～003：超产与超收须主管二次确认，计划不扩、幂等且下游一致 (2.549458ms)
✔ MASTER-001～003/005：采购与端头采购映射原型内建主档，缺失阻断且身份稳定 (3.42ms)
✔ MASTER-004：映射前历史记录保留原快照与未映射标记，不批量改写 (0.243583ms)
✔ TERM-001～005：取消后终止处置台逐项决定，未处置不得结案且数量对账守恒 (9.223958ms)
✔ 终止连续余料：实物余量只扣一次报废，拒绝超量且剩余数量可继续处置 (7.083792ms)
✔ GAP-TERM-004：上游未收与生产在途分别确认去向，不可重复登记 (0.817209ms)
✔ DYE-001～003：染色直交织带厂按实际交出分配实收，追溯原染色单且不重复扣料 (383.236875ms)
✔ 采购追加：未开始同步计划，已执行保留原计划和实物并处理变更 (5.291459ms)
✔ B21：保存失败不报成功、不留部分库存；成功后刷新读取同一采购和收货事实 (1.227834ms)
✔ 采购→两种规格截断→拆包回仓→分配发料→生产实收：短收保留缺口，库存及采购不双记 (20.516375ms)
✔ B09：其他需求占用400米时不能再占650；释放50后恢复，错误发料不改变库存 (5.354958ms)
✔ 需求来源：同尺码不同成衣SKU分别保留，BOM适用范围生效，错误快照和重复工序阻断 (0.414959ms)
✔ 待打头条料不计合格产出；超公差实物记不良且照实扣下料当量，未实收不可截断 (31.252875ms)
✔ N04：采购100米→单端硅胶按kg实耗→回仓发料→生产实收50根，连续料剩34米 (24.232916ms)
✔ B15：截断后取消保留1000根在制和1260米当量，释放未发占用并只退连续余料 (23.769208ms)
✔ 已回仓部分发料后取消：释放未发分配，冻结实存，已发在途保留且实收不恢复需求 (16.803541ms)
✔ N02规范数值：采购→实际加工→生产实收及米料/辅材退仓整链 (71.78425ms)
✔ N03规范数值：采购→实际加工→生产实收及米料/辅材退仓整链 (56.802709ms)
✔ N04规范数值：采购→实际加工→生产实收及米料/辅材退仓整链 (60.127125ms)
✔ B06规范恢复：误装100根报废→补购100米并补做→生产实收1000根，三套实物账守恒 (121.010083ms)
✔ N05合并批：120米采购→102米合并投入→两生产单各实收100，B17独立副本拆100为40+60 (80.56475ms)
✔ B17合并批：120米采购→102米合并投入→两生产单各实收100，B17独立副本拆100为40+60 (98.635208ms)
✔ N01～N05基础原料重量账：源仓实收→发出→工厂实收→耗用/余料→原仓实收，与米制产出独立 (223.868584ms)
✔ 主生产单暂停/取消直接限制织带执行，已发实收保留且取消处置释放未发占用 (64.644ms)
✔ 冷启动及旧标签页均读取已保存主单限制，损坏来源不默许执行 (0.225916ms)
✔ 印花交出按两种长度分配，原单分次实收唯一记账，随后截断/回仓/领料守恒 (351.910834ms)
✔ 主单离页保存保留其他页取消及新增单，同单并发编辑和存储失败不覆盖 (2.232167ms)
✔ 技术包换版后旧规格冻结，已交出的仓库及生产在途可实收且不改旧长度 (61.266709ms)
✔ 未发料换版释放旧占用，新需求从备料至生产实收，旧预览和已执行重算阻断 (93.450666ms)
✔ 已加工换版：旧200条冻结并释放未发分配，新550/700mm需求实收1000条，旧预览失效且库存守恒 (119.555625ms)
✔ B05实际410/590错配：短条余量冻结，连续余料8米补10条700mm至两规格生产实收 (201.509833ms)
✔ 加工计划时间独立保存：明确时区、并发版本阻断、实际节点不倒推开完工且库存不变 (26.538084ms)
✔ 加工单费用按技术包需求计价：单位、币种和版本可追溯，库存与实收不被费用动作改变 (20.1045ms)
✔ 织带加工单没有接单或开工门禁，投入实收后可直接加工填报 (51.753667ms)
✔ B23未执行采购1000减900：版本留痕、旧预览阻断、重新确认接受后900实际生产实收 (51.5565ms)
✔ B24实收1000退100：仓库交出与TMF分次实收独立，原收保留且净900后减量 (85.46ms)
✔ 采购取消门禁：无执行事实可取消，已收货或已生产必须先处置不能直接结案 (47.582042ms)
✔ PMS采购实际仓库实收与原料库存一次保存；分批、刷新、原料使用和退回均不重复履约 (139.338916ms)
✔ 历史手工到货及不支持的单位不能直接变成投入料可用库存 (0.62725ms)
✔ 首次实收前供应商确认与关闭可刷新恢复，保存失败和损坏存储不会覆盖状态 (0.411541ms)
✔ N01采用路线按染色→印花关联原单，多尺码不重复列工序，不修改印染数量 (1.034542ms)
✔ 旧版本、错误SKU、码制单位、取消或变更待处理均不作为有效关联 (0.209125ms)
✔ 同号不同生产单或BOM不得关联，重复来源不静默选择，混合快照阻断 (0.234042ms)
✔ 编辑器按尺码保留规格，截断打头不新建SKU，重复保存沿用节点身份 (1.599ms)
✔ 无印染要求时 TMF 路线只生成截断节点，不凭空生成染色或印花节点 (0.112959ms)
✔ 前序印染产出SKU作为截断投入；保留独立橡筋工艺，移除打头后下游连接截断 (0.346041ms)
✔ 未明确打头、错误辅料BOM、无半成品和不合法前序不能生成可执行路线 (0.196334ms)
(node:21051) ExperimentalWarning: localStorage is not available because --localstorage-file was not provided.
(Use `node --trace-warnings ...` to show where the warning was created)
✔ N01：400 条 50CM 和 600 条 70CM 分行计算，共 620 米；未增加 SKU (1.239625ms)
✔ 缺少尺码数量、非整数条数、公差或测量条件时不猜测需求 (0.301ms)
✔ B07：未选择打头、缺少端头方式或辅材不能确认；支持两端不同端头 (0.2415ms)
✔ N04/B08：硅胶按重量且必须有覆盖长度，不作为独立金属头计数 (0.086875ms)
✔ B18：打头只能承接对应截断条料，不能换 SKU、换长度或重新领连续料 (0.248209ms)
✔ N05：规格相同可以合并，但尺码、用途和需求身份不靠物理规格键代替 (0.087291ms)
✔ B14：修改后续版本端头要求不能污染生产单历史快照 (2.818208ms)
✔ 发布门禁：含织带截断工序的技术包必须规格完整且规格仍关联当前 BOM (0.428ms)
ℹ tests 525
ℹ suites 0
ℹ pass 525
ℹ fail 0
ℹ cancelled 0
ℹ skipped 0
ℹ todo 0
ℹ duration_ms 9708.010417
