
> higoods-vanilla-clone@1.0.0 check:pms-purchase-chain
> tsx scripts/check-pms-purchase-chain.ts

[check-pms-purchase-chain] PASS
  菜单路由: 33 条，精确路由 33 条
  采购建议: PSG-2026-0001 建议量 3780
  面辅料需求: MREQ-0004 物料行 4
  生成采购单: CG-2026-0028
  面辅料下推: CGF-2026-0009、CGF-2026-0010、CGF-2026-0011
  头程单: FL-2026-0099 → 已到仓
  供应商确认: CONF-2026-0001 已确认并回写
  主数据: 物料 14、供应商 14、供货档案 12、单位 26
  BOM: HG-JK-2605 发布后生成需求成功
  对账请款: 面辅料对账 8 条、物流对账 3 条、请款单 9 张
  请款闭环: PAY-M-2026-0006 已请款并部分付款；PAY-L-2026-0004 已作废并释放对账
  库存监控: 6 条、建单 IPR-2026-0001
  中转仓: 收货单 7 条、异常 1 条
  系统设置: 用户 8、角色 6、字典 10
[PMS_IDB_LOAD_FAILED] 供应商加载失败 { message: '当前浏览器不支持 IndexedDB,PMS 业务数据无法持久化。' }
[PMS_IDB_UNAVAILABLE] put 跳过,数据仅保留在内存 { store: 'pmsMaterialPurchaseOrderDeltas', key: 'CGF-2026-0005' }
[PMS_IDB_UNAVAILABLE] put 跳过,数据仅保留在内存 { store: 'pmsMaterialPurchaseOrderDeltas', key: 'CGF-2026-0007' }
[PMS_IDB_UNAVAILABLE] put 跳过,数据仅保留在内存 { store: 'pmsMaterialPurchaseOrderDeltas', key: 'CGF-2026-0001' }
[PMS_IDB_SAVE_FAILED] 创建请款单 IDB 写入失败 {
  requestNo: 'PAY-M-2026-0006',
  message: '当前浏览器不支持 IndexedDB,PMS 业务数据无法持久化。',
  degraded: 'memory-only'
}
[PMS_IDB_SAVE_FAILED] 创建请款单 IDB 写入失败 {
  requestNo: 'PAY-L-2026-0004',
  message: '当前浏览器不支持 IndexedDB,PMS 业务数据无法持久化。',
  degraded: 'memory-only'
}
[PMS_IDB_SAVE_FAILED] 作废请款单 IDB 写入失败 {
  requestNo: 'PAY-L-2026-0004',
  message: '当前浏览器不支持 IndexedDB,PMS 业务数据无法持久化。',
  degraded: 'memory-only'
}
[PMS_IDB_UNAVAILABLE] put 跳过,数据仅保留在内存 { store: 'pmsSuppliers', key: 'SUP-2026-0014' }
[PMS_IDB_LOAD_FAILED] { message: '当前浏览器不支持 IndexedDB,PMS 业务数据无法持久化。' }
[PMS_IDB_UNAVAILABLE] put 跳过,数据仅保留在内存 { store: 'pmsSuppliers', key: 'SUP-2026-0014' }
[PMS_IDB_UNAVAILABLE] put 跳过,数据仅保留在内存 { store: 'pmsSuppliers', key: 'SUP-2026-0014' }
