✖ SIMPLE-001/049: a saved simple archive cannot switch type to bypass capability boundaries (6.396625ms)
ℹ tests 1
ℹ suites 0
ℹ pass 0
ℹ fail 1
ℹ cancelled 0
ℹ skipped 0
ℹ todo 0
ℹ duration_ms 389.462542

✖ failing tests:

test at tests/unit/pcs-simple-material-archives.test.ts:1:1547
✖ SIMPLE-001/049: a saved simple archive cannot switch type to bypass capability boundaries (6.396625ms)
  AssertionError [ERR_ASSERTION]: Missing expected exception.
      at TestContext.<anonymous> (/Users/laoer/Documents/higoods/tests/unit/pcs-simple-material-archives.test.ts:13:387)
      at Test.runInAsyncScope (node:async_hooks:226:14)
      at Test.run (node:internal/test_runner/test:1402:25)
      at async startSubtestAfterBootstrap (node:internal/test_runner/harness:387:3) {
    generatedMessage: false,
    code: 'ERR_ASSERTION',
    actual: undefined,
    expected: /物料类型/,
    operator: 'throws',
    diff: 'simple'
  }
