
> higoods-vanilla-clone@1.0.0 workflow:verify
> node --experimental-strip-types scripts/task-completion-receipt.ts verify --paths docs/product-design/pcs-consumable-parts-simplification/evidence/adversarial-fixture-summary.json,docs/product-design/pcs-consumable-parts-simplification/evidence/adversarial-report.json,docs/product-design/pcs-consumable-parts-simplification/evidence/adversarial-static-preservation.json,docs/product-design/pcs-consumable-parts-simplification/evidence/artifact-hashes.json,docs/product-design/pcs-consumable-parts-simplification/evidence/asset-bypass-after.log,docs/product-design/pcs-consumable-parts-simplification/evidence/asset-bypass-before.log,docs/product-design/pcs-consumable-parts-simplification/evidence/build.log,docs/product-design/pcs-consumable-parts-simplification/evidence/category-usage-manifest-verification.json,docs/product-design/pcs-consumable-parts-simplification/evidence/category-usage-performance.json,docs/product-design/pcs-consumable-parts-simplification/evidence/config-manifest-verification.json,docs/product-design/pcs-consumable-parts-simplification/evidence/config-performance.json,docs/product-design/pcs-consumable-parts-simplification/evidence/copy-identity-report.json,docs/product-design/pcs-consumable-parts-simplification/evidence/downloads-performance.json,docs/product-design/pcs-consumable-parts-simplification/evidence/downstream-report.json,docs/product-design/pcs-consumable-parts-simplification/evidence/final-source-manifest.json,docs/product-design/pcs-consumable-parts-simplification/evidence/final-summary.json,docs/product-design/pcs-consumable-parts-simplification/evidence/focused-unit.log,docs/product-design/pcs-consumable-parts-simplification/evidence/import-boundaries-performance.json,docs/product-design/pcs-consumable-parts-simplification/evidence/import-performance.json,docs/product-design/pcs-consumable-parts-simplification/evidence/kind-bypass-after.log,docs/product-design/pcs-consumable-parts-simplification/evidence/kind-bypass-before.log,docs/product-design/pcs-consumable-parts-simplification/evidence/long-label-performance.json,docs/product-design/pcs-consumable-parts-simplification/evidence/pages-performance.json,docs/product-design/pcs-consumable-parts-simplification/evidence/pdf-inspection.json,docs/product-design/pcs-consumable-parts-simplification/evidence/qr-decoded.json,docs/product-design/pcs-consumable-parts-simplification/evidence/scope-types.log,docs/product-design/pcs-consumable-parts-simplification/evidence/storage-browser.log,docs/product-design/pcs-consumable-parts-simplification/代码核查记录.md,docs/product-design/pcs-consumable-parts-simplification/实施计划.md,docs/product-design/pcs-consumable-parts-simplification/第一轮逐项对抗审查.md,docs/product-design/pcs-consumable-parts-simplification/第二轮逐项审查预备清单.md,docs/product-design/pcs-consumable-parts-simplification/第二轮逐项对抗审查.md,docs/product-design/pcs-consumable-parts-simplification/耗材与配件档案简化方案-R1.md,docs/product-design/pcs-consumable-parts-simplification/需求追踪矩阵.md,docs/product-design/pcs-consumable-parts-simplification/验收证据登记.md,docs/prototype-review-records/2026-10-09-pcs-simple-materials.md,scripts/generate-pcs-static-baseline.ts,src/data/fcs/material-process-plans.ts,src/data/generated/pcs-record-baseline.json,src/data/pcs-config-workspace-repository.ts,src/data/pcs-engineering-bom-material-resolver.ts,src/data/pcs-engineering-bom-pricing.ts,src/data/pcs-engineering-bom-repository.ts,src/data/pcs-engineering-master-sampling.ts,src/data/pcs-material-archive-repository.ts,src/data/pcs-material-archive-types.ts,src/data/pcs-material-config.ts,src/data/pcs-material-handoff.ts,src/data/pcs-material-r1-seeds.ts,src/data/pcs-material-reference-check.ts,src/data/pcs-material-transfer.ts,src/data/pcs-record-runtime.ts,src/data/pcs-simple-material-categories.ts,src/data/pcs-simple-material-transfer.ts,src/data/pcs-technical-data-version-repository.ts,src/data/pms/material-purchase-orders.ts,src/pages/pcs-config-workspace.ts,src/pages/pcs-material-archives.ts,src/pages/pcs-technical-data.ts,src/pages/pms/material-purchase-orders.ts,src/pages/tech-pack/bom-domain.ts,src/pages/tech-pack/context.ts,src/pages/tech-pack/events.ts,src/pages/tech-pack/process-domain.ts,src/router/route-renderers.ts,src/router/routes-pcs.ts,tests/browser-contracts/decode-material-qr.swift,tests/browser-contracts/inspect-material-label-pdf.swift,tests/browser-contracts/pcs-simple-adversarial.test.ts,tests/browser-contracts/pcs-simple-category-usage.test.ts,tests/browser-contracts/pcs-simple-config.test.ts,tests/browser-contracts/pcs-simple-copy-identity.test.ts,tests/browser-contracts/pcs-simple-downstream.test.ts,tests/browser-contracts/pcs-simple-import.test.ts,tests/browser-contracts/pcs-simple-long-label.test.ts,tests/browser-contracts/pcs-simple-materials.test.ts,tests/pcs-simple-material-downstream.test.ts,tests/unit/pcs-simple-material-archives.test.ts,tests/unit/pcs-simple-material-categories.test.ts,tests/unit/pcs-simple-static-preservation.test.ts --output output/playwright/pcs-simple-materials/task-receipt.json --task-boundary SIMPLE-001～060：耗材/配件简单档案、分类、单位包装、标准成本、复制附件、导入打印及直接采购/BOM/加工防错；60项矩阵与两轮逐项对抗审查；不含用户换片布菲票文档、不合并推送

node:internal/modules/run_main:107
    triggerUncaughtException(
    ^

AssertionError [ERR_ASSERTION]: --paths 必须完整覆盖实际变更，不能遗漏或额外声明文件
+ actual - expected
... Skipped lines

  [
    'docs/product-design/pcs-consumable-parts-simplification/evidence/adversarial-fixture-summary.json',
    'docs/product-design/pcs-consumable-parts-simplification/evidence/adversarial-report.json',
    'docs/product-design/pcs-consumable-parts-simplification/evidence/adversarial-static-preservation.json',
    'docs/product-design/pcs-consumable-parts-simplification/evidence/artifact-hashes.json',
...
    'docs/product-design/pcs-consumable-parts-simplification/验收证据登记.md',
-   'docs/product-design/换片布菲票功能说明-研发交付版-2026-10-09.md',
    'docs/prototype-review-records/2026-10-09-pcs-simple-materials.md',
    'scripts/generate-pcs-static-baseline.ts',
    'src/data/fcs/material-process-plans.ts',
    'src/data/generated/pcs-record-baseline.json',
    'src/data/pcs-config-workspace-repository.ts',

    at resolveVerificationPaths (file:///Users/laoer/Documents/higoods/scripts/workflow-governance/changed-paths.ts:74:10)
    at verify (file:///Users/laoer/Documents/higoods/scripts/task-completion-receipt.ts:116:17)
    at file:///Users/laoer/Documents/higoods/scripts/task-completion-receipt.ts:201:27
    at ModuleJob.run (node:internal/modules/esm/module_job:569:25)
    at async node:internal/modules/esm/loader:650:26
    at async asyncRunEntryPointWithESMLoader (node:internal/modules/run_main:101:5) {
  generatedMessage: false,
  code: 'ERR_ASSERTION',
  actual: [
    'docs/product-design/pcs-consumable-parts-simplification/evidence/adversarial-fixture-summary.json',
    'docs/product-design/pcs-consumable-parts-simplification/evidence/adversarial-report.json',
    'docs/product-design/pcs-consumable-parts-simplification/evidence/adversarial-static-preservation.json',
    'docs/product-design/pcs-consumable-parts-simplification/evidence/artifact-hashes.json',
    'docs/product-design/pcs-consumable-parts-simplification/evidence/asset-bypass-after.log',
    'docs/product-design/pcs-consumable-parts-simplification/evidence/asset-bypass-before.log',
    'docs/product-design/pcs-consumable-parts-simplification/evidence/build.log',
    'docs/product-design/pcs-consumable-parts-simplification/evidence/category-usage-manifest-verification.json',
    'docs/product-design/pcs-consumable-parts-simplification/evidence/category-usage-performance.json',
    'docs/product-design/pcs-consumable-parts-simplification/evidence/config-manifest-verification.json',
    'docs/product-design/pcs-consumable-parts-simplification/evidence/config-performance.json',
    'docs/product-design/pcs-consumable-parts-simplification/evidence/copy-identity-report.json',
    'docs/product-design/pcs-consumable-parts-simplification/evidence/downloads-performance.json',
    'docs/product-design/pcs-consumable-parts-simplification/evidence/downstream-report.json',
    'docs/product-design/pcs-consumable-parts-simplification/evidence/final-source-manifest.json',
    'docs/product-design/pcs-consumable-parts-simplification/evidence/final-summary.json',
    'docs/product-design/pcs-consumable-parts-simplification/evidence/focused-unit.log',
    'docs/product-design/pcs-consumable-parts-simplification/evidence/import-boundaries-performance.json',
    'docs/product-design/pcs-consumable-parts-simplification/evidence/import-performance.json',
    'docs/product-design/pcs-consumable-parts-simplification/evidence/kind-bypass-after.log',
    'docs/product-design/pcs-consumable-parts-simplification/evidence/kind-bypass-before.log',
    'docs/product-design/pcs-consumable-parts-simplification/evidence/long-label-performance.json',
    'docs/product-design/pcs-consumable-parts-simplification/evidence/pages-performance.json',
    'docs/product-design/pcs-consumable-parts-simplification/evidence/pdf-inspection.json',
    'docs/product-design/pcs-consumable-parts-simplification/evidence/qr-decoded.json',
    'docs/product-design/pcs-consumable-parts-simplification/evidence/scope-types.log',
    'docs/product-design/pcs-consumable-parts-simplification/evidence/storage-browser.log',
    'docs/product-design/pcs-consumable-parts-simplification/代码核查记录.md',
    'docs/product-design/pcs-consumable-parts-simplification/实施计划.md',
    'docs/product-design/pcs-consumable-parts-simplification/第一轮逐项对抗审查.md',
    'docs/product-design/pcs-consumable-parts-simplification/第二轮逐项审查预备清单.md',
    'docs/product-design/pcs-consumable-parts-simplification/第二轮逐项对抗审查.md',
    'docs/product-design/pcs-consumable-parts-simplification/耗材与配件档案简化方案-R1.md',
    'docs/product-design/pcs-consumable-parts-simplification/需求追踪矩阵.md',
    'docs/product-design/pcs-consumable-parts-simplification/验收证据登记.md',
    'docs/prototype-review-records/2026-10-09-pcs-simple-materials.md',
    'scripts/generate-pcs-static-baseline.ts',
    'src/data/fcs/material-process-plans.ts',
    'src/data/generated/pcs-record-baseline.json',
    'src/data/pcs-config-workspace-repository.ts',
    'src/data/pcs-engineering-bom-material-resolver.ts',
    'src/data/pcs-engineering-bom-pricing.ts',
    'src/data/pcs-engineering-bom-repository.ts',
    'src/data/pcs-engineering-master-sampling.ts',
    'src/data/pcs-material-archive-repository.ts',
    'src/data/pcs-material-archive-types.ts',
    'src/data/pcs-material-config.ts',
    'src/data/pcs-material-handoff.ts',
    'src/data/pcs-material-r1-seeds.ts',
    'src/data/pcs-material-reference-check.ts',
    'src/data/pcs-material-transfer.ts',
    'src/data/pcs-record-runtime.ts',
    'src/data/pcs-simple-material-categories.ts',
    'src/data/pcs-simple-material-transfer.ts',
    'src/data/pcs-technical-data-version-repository.ts',
    'src/data/pms/material-purchase-orders.ts',
    'src/pages/pcs-config-workspace.ts',
    'src/pages/pcs-material-archives.ts',
    'src/pages/pcs-technical-data.ts',
    'src/pages/pms/material-purchase-orders.ts',
    'src/pages/tech-pack/bom-domain.ts',
    'src/pages/tech-pack/context.ts',
    'src/pages/tech-pack/events.ts',
    'src/pages/tech-pack/process-domain.ts',
    'src/router/route-renderers.ts',
    'src/router/routes-pcs.ts',
    'tests/browser-contracts/decode-material-qr.swift',
    'tests/browser-contracts/inspect-material-label-pdf.swift',
    'tests/browser-contracts/pcs-simple-adversarial.test.ts',
    'tests/browser-contracts/pcs-simple-category-usage.test.ts',
    'tests/browser-contracts/pcs-simple-config.test.ts',
    'tests/browser-contracts/pcs-simple-copy-identity.test.ts',
    'tests/browser-contracts/pcs-simple-downstream.test.ts',
    'tests/browser-contracts/pcs-simple-import.test.ts',
    'tests/browser-contracts/pcs-simple-long-label.test.ts',
    'tests/browser-contracts/pcs-simple-materials.test.ts',
    'tests/pcs-simple-material-downstream.test.ts',
    'tests/unit/pcs-simple-material-archives.test.ts',
    'tests/unit/pcs-simple-material-categories.test.ts',
    'tests/unit/pcs-simple-static-preservation.test.ts'
  ],
  expected: [
    'docs/product-design/pcs-consumable-parts-simplification/evidence/adversarial-fixture-summary.json',
    'docs/product-design/pcs-consumable-parts-simplification/evidence/adversarial-report.json',
    'docs/product-design/pcs-consumable-parts-simplification/evidence/adversarial-static-preservation.json',
    'docs/product-design/pcs-consumable-parts-simplification/evidence/artifact-hashes.json',
    'docs/product-design/pcs-consumable-parts-simplification/evidence/asset-bypass-after.log',
    'docs/product-design/pcs-consumable-parts-simplification/evidence/asset-bypass-before.log',
    'docs/product-design/pcs-consumable-parts-simplification/evidence/build.log',
    'docs/product-design/pcs-consumable-parts-simplification/evidence/category-usage-manifest-verification.json',
    'docs/product-design/pcs-consumable-parts-simplification/evidence/category-usage-performance.json',
    'docs/product-design/pcs-consumable-parts-simplification/evidence/config-manifest-verification.json',
    'docs/product-design/pcs-consumable-parts-simplification/evidence/config-performance.json',
    'docs/product-design/pcs-consumable-parts-simplification/evidence/copy-identity-report.json',
    'docs/product-design/pcs-consumable-parts-simplification/evidence/downloads-performance.json',
    'docs/product-design/pcs-consumable-parts-simplification/evidence/downstream-report.json',
    'docs/product-design/pcs-consumable-parts-simplification/evidence/final-source-manifest.json',
    'docs/product-design/pcs-consumable-parts-simplification/evidence/final-summary.json',
    'docs/product-design/pcs-consumable-parts-simplification/evidence/focused-unit.log',
    'docs/product-design/pcs-consumable-parts-simplification/evidence/import-boundaries-performance.json',
    'docs/product-design/pcs-consumable-parts-simplification/evidence/import-performance.json',
    'docs/product-design/pcs-consumable-parts-simplification/evidence/kind-bypass-after.log',
    'docs/product-design/pcs-consumable-parts-simplification/evidence/kind-bypass-before.log',
    'docs/product-design/pcs-consumable-parts-simplification/evidence/long-label-performance.json',
    'docs/product-design/pcs-consumable-parts-simplification/evidence/pages-performance.json',
    'docs/product-design/pcs-consumable-parts-simplification/evidence/pdf-inspection.json',
    'docs/product-design/pcs-consumable-parts-simplification/evidence/qr-decoded.json',
    'docs/product-design/pcs-consumable-parts-simplification/evidence/scope-types.log',
    'docs/product-design/pcs-consumable-parts-simplification/evidence/storage-browser.log',
    'docs/product-design/pcs-consumable-parts-simplification/代码核查记录.md',
    'docs/product-design/pcs-consumable-parts-simplification/实施计划.md',
    'docs/product-design/pcs-consumable-parts-simplification/第一轮逐项对抗审查.md',
    'docs/product-design/pcs-consumable-parts-simplification/第二轮逐项审查预备清单.md',
    'docs/product-design/pcs-consumable-parts-simplification/第二轮逐项对抗审查.md',
    'docs/product-design/pcs-consumable-parts-simplification/耗材与配件档案简化方案-R1.md',
    'docs/product-design/pcs-consumable-parts-simplification/需求追踪矩阵.md',
    'docs/product-design/pcs-consumable-parts-simplification/验收证据登记.md',
    'docs/product-design/换片布菲票功能说明-研发交付版-2026-10-09.md',
    'docs/prototype-review-records/2026-10-09-pcs-simple-materials.md',
    'scripts/generate-pcs-static-baseline.ts',
    'src/data/fcs/material-process-plans.ts',
    'src/data/generated/pcs-record-baseline.json',
    'src/data/pcs-config-workspace-repository.ts',
    'src/data/pcs-engineering-bom-material-resolver.ts',
    'src/data/pcs-engineering-bom-pricing.ts',
    'src/data/pcs-engineering-bom-repository.ts',
    'src/data/pcs-engineering-master-sampling.ts',
    'src/data/pcs-material-archive-repository.ts',
    'src/data/pcs-material-archive-types.ts',
    'src/data/pcs-material-config.ts',
    'src/data/pcs-material-handoff.ts',
    'src/data/pcs-material-r1-seeds.ts',
    'src/data/pcs-material-reference-check.ts',
    'src/data/pcs-material-transfer.ts',
    'src/data/pcs-record-runtime.ts',
    'src/data/pcs-simple-material-categories.ts',
    'src/data/pcs-simple-material-transfer.ts',
    'src/data/pcs-technical-data-version-repository.ts',
    'src/data/pms/material-purchase-orders.ts',
    'src/pages/pcs-config-workspace.ts',
    'src/pages/pcs-material-archives.ts',
    'src/pages/pcs-technical-data.ts',
    'src/pages/pms/material-purchase-orders.ts',
    'src/pages/tech-pack/bom-domain.ts',
    'src/pages/tech-pack/context.ts',
    'src/pages/tech-pack/events.ts',
    'src/pages/tech-pack/process-domain.ts',
    'src/router/route-renderers.ts',
    'src/router/routes-pcs.ts',
    'tests/browser-contracts/decode-material-qr.swift',
    'tests/browser-contracts/inspect-material-label-pdf.swift',
    'tests/browser-contracts/pcs-simple-adversarial.test.ts',
    'tests/browser-contracts/pcs-simple-category-usage.test.ts',
    'tests/browser-contracts/pcs-simple-config.test.ts',
    'tests/browser-contracts/pcs-simple-copy-identity.test.ts',
    'tests/browser-contracts/pcs-simple-downstream.test.ts',
    'tests/browser-contracts/pcs-simple-import.test.ts',
    'tests/browser-contracts/pcs-simple-long-label.test.ts',
    'tests/browser-contracts/pcs-simple-materials.test.ts',
    'tests/pcs-simple-material-downstream.test.ts',
    'tests/unit/pcs-simple-material-archives.test.ts',
    'tests/unit/pcs-simple-material-categories.test.ts',
    'tests/unit/pcs-simple-static-preservation.test.ts'
  ],
  operator: 'deepStrictEqual',
  diff: 'simple'
}

Node.js v26.8.2
