
> higoods-vanilla-clone@1.0.0 workflow:verify
> node --experimental-strip-types scripts/task-completion-receipt.ts verify --output /tmp/dds-main-publication-20260918/task-receipt-final.json --task-boundary DDS生产与履约时效当前进展合入main；排除原AGENTS修改；产品缺口保持未结项


> higoods-vanilla-clone@1.0.0 check:cutting:all
> npm run check:cutting-sewing-dispatch && npm run check:progress-statistics-linkage && npm run check:cutting-marker-plan-formulas && npm run check:cutting-binding-strip-flow && npm run check:cutting-wait-handover-transfer-bag-flow && npm run check:cutting-clean-mainline && npm run check:pda-cutting-wait-handover-entry-routing && npm run check:pda-cutting-inbound-workflow && npm run check:pda-cutting-transfer-bag-handover && npm run check:web-cutting-transfer-bag-actions && npm run check:transfer-bag-three-status && npm run check:transfer-bag-repack-recovery && npm run check:transfer-bag-mobile-closed-loop


> higoods-vanilla-clone@1.0.0 check:cutting-sewing-dispatch
> tsx scripts/check-cutting-sewing-dispatch.ts

check:cutting-sewing-dispatch passed
(node:62576) ExperimentalWarning: localStorage is not available because --localstorage-file was not provided.
(Use `node --trace-warnings ...` to show where the warning was created)

> higoods-vanilla-clone@1.0.0 check:progress-statistics-linkage
> tsx scripts/check-progress-statistics-linkage.ts

check:progress-statistics-linkage passed
(node:62601) ExperimentalWarning: localStorage is not available because --localstorage-file was not provided.
(Use `node --trace-warnings ...` to show where the warning was created)

> higoods-vanilla-clone@1.0.0 check:cutting-marker-plan-formulas
> node --experimental-strip-types --experimental-specifier-resolution=node scripts/check-cutting-marker-plan-formulas.ts

唛架计划层公式与状态检查通过
唛架成衣件数（件）：12
系统单件成衣用量（m/件）：0.7
高低层矩阵成衣件数（件）：12
捆条原算长度样例（m）：21
捆条计划长度样例（m）：4
模式数：4
(node:62644) ExperimentalWarning: localStorage is not available because --localstorage-file was not provided.
(Use `node --trace-warnings ...` to show where the warning was created)

> higoods-vanilla-clone@1.0.0 check:cutting-binding-strip-flow
> node --import tsx scripts/check-cutting-binding-strip-flow.ts

捆条加工单流转检查通过
捆条需求明细：19 条
捆条加工单：16 单
唯一捆条菲票：19 张
示例汇总长度：113.57 m
按钮目标响应：列表 0.48ms / 捆条菲票 2.51ms / 库存 1.10ms / 预览 3.25ms
(node:62668) ExperimentalWarning: localStorage is not available because --localstorage-file was not provided.
(Use `node --trace-warnings ...` to show where the warning was created)

> higoods-vanilla-clone@1.0.0 check:cutting-wait-handover-transfer-bag-flow
> tsx scripts/check-cutting-wait-handover-transfer-bag-flow.ts


===== 裁床待交出仓与中转袋流转治理检查 =====
通过: 266
失败: 0

全部断言通过 ✅
(node:62693) ExperimentalWarning: localStorage is not available because --localstorage-file was not provided.
(Use `node --trace-warnings ...` to show where the warning was created)

> higoods-vanilla-clone@1.0.0 check:cutting-clean-mainline
> tsx scripts/check-cutting-clean-mainline.ts

{
  "项目代码清洁性": "通过",
  "裁片单与数量账": "通过",
  "菲票生成与打印追踪": "通过",
  "待交出仓库存与车缝分配": "通过",
  "通用交出与特殊工艺回仓": "通过",
  "差异关闭捆条到账": "通过",
  "主链路事件账": {
    "totalEventCount": 189,
    "stageCounts": {
      "数量账": 111,
      "铺布裁剪差异": 10,
      "菲票生成": 54,
      "交出记录": 7,
      "裁片单关闭": 3,
      "特殊工艺回仓": 3,
      "PDA执行写回": 1
    },
    "productionOrderCount": 13,
    "cutOrderCount": 42
  }
}
(node:62718) ExperimentalWarning: localStorage is not available because --localstorage-file was not provided.
(Use `node --trace-warnings ...` to show where the warning was created)

> higoods-vanilla-clone@1.0.0 check:pda-cutting-wait-handover-entry-routing
> tsx scripts/check-pda-cutting-wait-handover-entry-routing.ts

PASS check-pda-cutting-wait-handover-entry-routing
(node:62762) ExperimentalWarning: localStorage is not available because --localstorage-file was not provided.
(Use `node --trace-warnings ...` to show where the warning was created)

> higoods-vanilla-clone@1.0.0 check:pda-cutting-inbound-workflow
> tsx scripts/check-pda-cutting-inbound-workflow.ts

[check-pda-cutting-inbound-workflow] 两种 PDA 扫码工作流检查通过
(node:62787) ExperimentalWarning: localStorage is not available because --localstorage-file was not provided.
(Use `node --trace-warnings ...` to show where the warning was created)

> higoods-vanilla-clone@1.0.0 check:pda-cutting-transfer-bag-handover
> tsx scripts/check-pda-cutting-transfer-bag-handover.ts

PDA 中转袋整袋交出专项检查通过：同工厂多任务、只扫袋、阶段阻断、跨工厂拆袋提示、不可重复交出和事实快照均已闭环。
(node:62814) ExperimentalWarning: localStorage is not available because --localstorage-file was not provided.
(Use `node --trace-warnings ...` to show where the warning was created)

> higoods-vanilla-clone@1.0.0 check:web-cutting-transfer-bag-actions
> tsx scripts/check-web-cutting-transfer-bag-actions.ts

PASS check-web-cutting-transfer-bag-actions

> higoods-vanilla-clone@1.0.0 check:transfer-bag-three-status
> tsx scripts/check-transfer-bag-three-status.ts

check:transfer-bag-three-status passed
(node:62864) ExperimentalWarning: localStorage is not available because --localstorage-file was not provided.
(Use `node --trace-warnings ...` to show where the warning was created)

> higoods-vanilla-clone@1.0.0 check:transfer-bag-repack-recovery
> tsx scripts/check-transfer-bag-repack-recovery.ts

[performance] 2,000 事件特殊工艺带袋回仓 21.3ms
PASS check-transfer-bag-repack-recovery
(node:62941) ExperimentalWarning: localStorage is not available because --localstorage-file was not provided.
(Use `node --trace-warnings ...` to show where the warning was created)

> higoods-vanilla-clone@1.0.0 check:transfer-bag-mobile-closed-loop
> tsx scripts/check-transfer-bag-mobile-closed-loop.ts

check:transfer-bag-mobile-closed-loop passed：独立回收、报废、两事实顺序入口和只读扫码详情均已闭环。
(node:62966) ExperimentalWarning: localStorage is not available because --localstorage-file was not provided.
(Use `node --trace-warnings ...` to show where the warning was created)

> higoods-vanilla-clone@1.0.0 check:menu-routes
> tsx scripts/check-menu-routes.mjs

[check-menu-routes] 菜单路由一致性检查
  systems: fcs, pfos, pcs
  menu href total: 185
  menu href unique: 185
  uncovered: 0
  duplicates: 0

[check-menu-routes] PASS
(node:62986) ExperimentalWarning: localStorage is not available because --localstorage-file was not provided.
(Use `node --trace-warnings ...` to show where the warning was created)

> higoods-vanilla-clone@1.0.0 check:prototype-design-governance
> node --experimental-strip-types --experimental-specifier-resolution=node scripts/check-prototype-design-governance.ts --all

prototype design governance passed (all): 46 user-visible file(s), 0 technical-only file(s), 4 linked governance record(s)

> higoods-vanilla-clone@1.0.0 check:list-page-governance
> npm run check:list-page-governance:static && npm run check:standard-list-page-template && npm run check:prototype-design-governance -- --all


> higoods-vanilla-clone@1.0.0 check:list-page-governance:static
> node --experimental-strip-types --experimental-specifier-resolution=node scripts/check-list-page-governance.ts

list page governance passed: scanned 431 pages, baseline 17

> higoods-vanilla-clone@1.0.0 check:standard-list-page-template
> npm exec tsc -- --noEmit --target ES2022 --module ESNext --moduleResolution Bundler --strict --skipLibCheck --allowImportingTsExtensions --lib ES2022,DOM src/components/ui/list-table.ts && node --experimental-strip-types --experimental-specifier-resolution=node scripts/check-standard-list-page-template.ts

(node:63144) ExperimentalWarning: localStorage is not available because --localstorage-file was not provided.
(Use `node --trace-warnings ...` to show where the warning was created)
Chromium column drag passed on allocated port 62494: drop=1, DOM regions stable, order/storage updated, external text and cancelled drag ignored
standard list page template check passed

> higoods-vanilla-clone@1.0.0 check:prototype-design-governance
> node --experimental-strip-types --experimental-specifier-resolution=node scripts/check-prototype-design-governance.ts --all

prototype design governance passed (all): 46 user-visible file(s), 0 technical-only file(s), 4 linked governance record(s)

> higoods-vanilla-clone@1.0.0 build
> npm run typecheck:engineering && npm test && vite build


> higoods-vanilla-clone@1.0.0 typecheck:engineering
> npm run typecheck:entrypoints && npm run typecheck:scopes


> higoods-vanilla-clone@1.0.0 typecheck:entrypoints
> tsc --project tsconfig.engineering.json


> higoods-vanilla-clone@1.0.0 typecheck:scopes
> node scripts/check-typescript-scope.mjs src/domain/ src/components/ui/ src/state/

TypeScript 全量既有错误：61
本次渐进检查范围：src/domain/、src/components/ui/、src/state/
范围内错误：0
范围外既有错误保留在全量 typecheck 中继续分批治理。

> higoods-vanilla-clone@1.0.0 test
> npm run test:unit


> higoods-vanilla-clone@1.0.0 test:unit
> node --import tsx --test tests/unit/*.test.ts

✔ 浏览器存储封装保持读写删除语义 (1.121333ms)
✔ 浏览器存储不可用或抛错时保持静默降级 (0.207792ms)
(node:63365) ExperimentalWarning: localStorage is not available because --localstorage-file was not provided.
(Use `node --trace-warnings ...` to show where the warning was created)
✔ MIG-001/002/006: management entry and handlers belong to FCS; PFOS keeps execution (0.993625ms)
✔ MIG-003/007: prep and execution read the same early order identities, quantities and match status (5330.817ms)
✔ MIG-004/009: migrated dialogs retain candidate fields, actual material image and task outputs (0.870833ms)
✔ MIG-011: management and execution use the same seven business display columns (7.581666ms)
✔ MIG-007: early dye/print creation and cancellation survive reload (6066.057583ms)
✔ 解析带标签、小数和空格的长度数量 (0.493958ms)
✔ 解析卷数并对不合法文本返回 0 (0.113042ms)
✔ 证据文件标识把连续空白收口为单个连字符 (0.165708ms)
(node:63368) ExperimentalWarning: localStorage is not available because --localstorage-file was not provided.
(Use `node --trace-warnings ...` to show where the warning was created)
✔ 设计改款可成批生成染色和印花加工单，且完整投影来源与上下游 (3329.872625ms)
✔ 设计改款加工单生成幂等，重复请求不增加单据 (19.005292ms)
✔ 同一设计改款任务的不同颜色和 BOM 行分别生成加工单 (6.007792ms)
✔ 成批提交失败时染色与印花加工单一起回滚 (5.3995ms)
✔ 设计改款来源缺关键引用或来源未知时必须阻断 (0.178292ms)
(node:63369) ExperimentalWarning: localStorage is not available because --localstorage-file was not provided.
(Use `node --trace-warnings ...` to show where the warning was created)
✔ 设计改款加工单等待买手审核成果，绑定真实附件后才可安排，先染后印继续受前序交出约束 (1927.831291ms)
✔ 专业成果没有真实附件时保持未绑定 (9.478959ms)
(node:63370) ExperimentalWarning: localStorage is not available because --localstorage-file was not provided.
(Use `node --trace-warnings ...` to show where the warning was created)
✔ 可打印不等于可建交出单，必须完成真实标签打印 (0.465042ms)
✔ 卷规格无效时不可建交出单，且不改变原可打印判定语义 (0.117667ms)
✔ 人工完成印花加工单不再自动填充操作人 (1533.483375ms)
✔ 日报窗口含截止日7天，重点日均独立使用前6天 (0.473833ms)
✔ 未知采购不填0，未BOM不输出完整确定订单需求 (0.10475ms)
✔ 突变必须绝对量与比例同时达到阈值 (0.0545ms)
✔ 截止日突变示例与未完结日不判定 (0.052125ms)
✔ 共享商品按SPU去重而不按关联行累加销量 (0.088333ms)
✔ 预选不产生确定用料；BOM需求保留物料归属 (0.118709ms)
✔ 同料BOM优先于预选，不重复关系及需量 (0.064375ms)
✔ 两个业务页具有独立容器、标准分页与证据边界 (21.702708ms)
✔ 未进入物料页面时 bridge 不加载业务；加载失败重试后首次渲染即已注册 (2.810083ms)
✔ click 分组顺序、短路、选择器范围保持原行为，重新注册替换旧处理器 (0.558875ms)
✔ 备料写入守卫读取实时角色与水位，阻断时不调用业务处理器 (0.369792ms)
✔ input/change/keyboard 原入口、筛选范围和 change 优先级完整保留 (0.389416ms)
✔ health groups are exhaustive and mutually exclusive in demo (0.894ms)
✔ coverage and baseline use same inventory plus transit but distinct demand windows (0.072416ms)
✔ zero demand is unavailable rather than infinity and huge finite quotient stays finite (0.091208ms)
✔ date selects different consistent snapshot (0.091417ms)
✔ threshold changes alter classification without changing facts (0.06175ms)
✔ health view carries core P1 business sections and mock caveat (14.228166ms)
✔ AT16 rules do not substitute brand, size or packaging method (0.408625ms)
✔ AT24 equal priority conflict blocks resolution and identifies rules (0.347084ms)
✔ higher explicit priority resolves a lower priority overlap (0.059083ms)
✔ plans distinguish garments and parcels and add loss once (0.14725ms)
✔ AT18 white pendant stock only allocated once (0.078042ms)
✔ event duplicate and old revision do not add consumption; reprints are activity only (0.114708ms)
✔ conflicting same revision fails instead of silently choosing a payload (0.061042ms)
✔ AT17/19/20 panel states unresolved ASAYA, independent kit80 and unknown ribbon (0.262292ms)
✔ trigger distinct from target, existing supply produces explainable zero (0.584042ms)
✔ missing mapping or usage and incompatible raw unit block unsafe generation (0.176667ms)
✔ generation reserves remaining once and shared raw pool across target rules (1.281208ms)
✔ production does not increase stock; actual SKU and output bound partial receipts (0.403708ms)
✔ cancelled suggestion releases commitment and raw allocation (0.145083ms)
✔ AT05 committed greige is not available for a second allocation (0.457375ms)
✔ AT06 partial receipt reduces expected supply; checking and qualified never duplicate (0.320792ms)
✔ AT07 unmapped target preserves quantities but gives no target coverage (0.131ms)
✔ §7.2 loss reduces future supply; rejected receipts never become usable (0.0565ms)
✔ §7.3 unit/yield/route and conservation gaps block deterministic supply (0.095584ms)
✔ §7.3 candidate comparison reports remaining shortage and respects arrival deadline (0.128292ms)
✔ §7.3 zero gap stays zero and nonfinite inputs cannot produce advice (0.047917ms)
✔ panel uses owned local handlers and discloses mock and missing images (2.618708ms)
✔ P2 coefficients and coverage exclude transit (7.681041ms)
✔ P2 coverage buckets have exclusive shared boundaries (0.502375ms)
✔ P2 partial receipts and completed batches count remaining only (0.063834ms)
✔ P2 latest overdue selected only if no future batch; today included (0.057667ms)
✔ P2 search transit and ETA filters compose (0.154542ms)
✔ P2 zero demand and missing BOM preserve distinct nulls; micro demand excluded (0.231791ms)
✔ P2 standard table renders and limits initial rows to first page (9.600167ms)
✔ AT01/02 internal reservation stays in coverage while external reservation is deducted (12.054208ms)
✔ AT03 quality segments are not usable (0.401125ms)
✔ AT04 partial receipt leaves remaining supply only (0.502167ms)
✔ AT08/38 late supply never erases earlier shortage (0.223834ms)
✔ AT09 intermediate deficit determines net need rather than positive closing balance (0.146834ms)
✔ AT10 MOQ and pack rounding, zero stays zero (0.123625ms)
✔ AT11 horizon begins at cutoff and is not expanded by lead time (0.154209ms)
✔ AT12 forecast covered by confirmed demand is excluded before coefficient (0.127792ms)
✔ AT13 no demand has no numeric coverage (0.109042ms)
✔ AT14 cancelling demand does not change stock (0.160042ms)
✔ AT15 latest event revision only (0.415709ms)
✔ AT16/17 directory preserves bag sizes and ASAYA duplicated input is one unresolved SKU (0.091667ms)
✔ AT18 three brands draw from one shared pool (0.129ms)
✔ AT19/20 kit capacity respects minimum and missing conversion (0.082708ms)
✔ AT21 inactive/unusable stock remains physically visible (0.103334ms)
✔ AT23 affected order identifiers are unique (0.088458ms)
✔ AT25/26 draft does not mutate active and invalidates trial (0.062041ms)
✔ AT26/28 publish requires role and exact trial; history retained (0.188542ms)
✔ AT31 risk cannot close with remaining shortage or skip verification (0.680958ms)
✔ AT37 invalid dates, unknown timezone, bad numeric values rejected (0.092125ms)
✔ duplicate supply chain does not double count and blocks deterministic advice (0.0865ms)
✔ warehouse catalogue includes 17 locations and two garment warehouses (0.039625ms)
✔ candidate comparison retains pre-arrival risk (0.265209ms)
✔ SKU-specific policy wins and duplicate rules block publish (0.124875ms)
✔ 路由标准化移除 query 与 hash，但不改动路径 (0.408917ms)
✔ 只匹配路由根或其子路径，不误匹配相似前缀 (0.113083ms)
✔ 可在多个合法根路径中匹配一个 (0.075833ms)
✔ 只把完整生产确认单打印路由识别为命中 (0.128458ms)
(node:63381) ExperimentalWarning: localStorage is not available because --localstorage-file was not provided.
(Use `node --trace-warnings ...` to show where the warning was created)
✔ RETURN-010: only the acceptance week Sunday is skipped, for every starting weekday (0.58ms)
✔ RETURN-004—010: both projections share counting dates and ceil targets (0.305375ms)
(node:63382) ExperimentalWarning: localStorage is not available because --localstorage-file was not provided.
(Use `node --trace-warnings ...` to show where the warning was created)
✔ 实际耗时跨周日仍按真实时间差；没有可靠时间不造耗时 (0.444ms)
✔ 每任务都达成才结束；同一来源去重，作废明细不影响主表 (0.15475ms)
✔ 耗时页 Mock 至少覆盖九张生产单和全部节点，且下游事实不会越过未完成的前置节点 (2021.911917ms)
✔ 裁片放行按一张放行单内的多次放行展示并选取节点起止时间 (46.2185ms)
(node:63383) ExperimentalWarning: localStorage is not available because --localstorage-file was not provided.
(Use `node --trace-warnings ...` to show where the warning was created)
✔ EXC-001—004: a reference mark cannot change debt, strict kits or final task responsibility (2.630833ms)
(node:63384) ExperimentalWarning: localStorage is not available because --localstorage-file was not provided.
(Use `node --trace-warnings ...` to show where the warning was created)
✔ 派单新增主档工厂可登记承接关系，未知工厂仍阻断 (1.517625ms)
✔ 专属任务保留整单身份、数量和接收方，工艺分支保留全部前置关系 (1.486667ms)
✔ 原生产单车缝任务仍可被 PPIC 分配与责任移交识别，SKU 总量完整 (4.405959ms)
(node:63387) ExperimentalWarning: localStorage is not available because --localstorage-file was not provided.
(Use `node --trace-warnings ...` to show where the warning was created)
✔ PERF-002/004: scoped receiving reads preserve direct receipts and allocations, without exposing mutable facts (8.528542ms)
✔ PERF-002/004: a synchronous relation read matches independent reads and releases its scope after errors (731.15575ms)
✔ PERF-004: batched print list reviews and handovers equal independently read facts (209.719542ms)
✔ PERF-004: scoped handovers keep canonical sorting and task point reads preserve identity (6.199917ms)
✔ PERF-004: reusing warehouse documents preserves each dye order source, quantity and receiver (194.07775ms)
(node:63388) ExperimentalWarning: localStorage is not available because --localstorage-file was not provided.
(Use `node --trace-warnings ...` to show where the warning was created)
✔ craft source selection preserves all previous source choices and isolated snapshots (11.776625ms)
✔ source eligibility is re-evaluated after a source order changes (0.335958ms)
(node:63389) ExperimentalWarning: localStorage is not available because --localstorage-file was not provided.
(Use `node --trace-warnings ...` to show where the warning was created)
✔ 验收数据至少包含 5 张染色和 5 张印花提前加工单，并覆盖全部匹配状态 (2770.744417ms)
✔ 印花专业成果把多张图片和多个文件统一保存在同一附件集合 (0.150667ms)
✔ 同一生产需求可手动选择具体专业任务，创建结果保存所选任务与全部成果附件 (141.576792ms)
✔ 创建提前加工单必须选择所属专业任务并明确加工厂 (0.544708ms)
✔ 计划加工数量包含损耗率，且染色印花投入与产出 SKU 必须不同 (0.146791ms)
✔ 专业成果未审核通过时不可创建提前加工单 (0.121ms)
✔ 多个生产需求合并为一张生产单时，可匹配多张提前染色加工单 (28.391083ms)
✔ 等待技术包的提前单在技术包就绪后可由同一匹配服务自动重试 (12.851125ms)
✔ 合并生产单中只有部分需求有提前单时，只为未覆盖需求补建剩余数量 (132.469375ms)
✔ 已有提前单但正式 BOM 或 SKU 不一致时进入异常，且不重复补建同一工艺单 (137.438375ms)
✔ 取消后重建保留旧单，并建立双向替代关系 (3.411625ms)
✔ 没有提前加工单的需求仍保留正式加工单快照 (6.715833ms)
✔ BOM uses formally reduced quantity and leaves unsupported conversion unknown (0.775167ms)
✔ reuse retains one shared source instance and adds no duplicate processing duration (0.2465ms)
✔ a new rework/recheck round extends the dependency path two days and conserves qualified pieces (0.097375ms)
✔ date-only source is not coerced to a precise instant or exact deadline (0.121542ms)
✔ known order shipment can be timed without crediting an unknown production source (0.077625ms)
✔ waiting for actual fulfillment can be overall late while factory completion stays on time (0.071458ms)
✔ all six named cards render directly checkable evidence without changing production task facts (3.156458ms)
✔ all ten tasks have independent drill-down networks and one frozen aggregate snapshot (1.531916ms)
✔ 31-item dependency recursion proves 24 natural days and shows the actual sum/max formula (0.445792ms)
✔ improving procurement by ten days only improves whole-task timing by one day (0.153542ms)
✔ network rejects circular/missing dependencies and unknown is never zero time (0.239625ms)
✔ each complete standard mock network and live forecast agrees with the task summary (2.700333ms)
✔ quantity forecast finds a one-day risk before any actual deadline is missed (0.819042ms)
✔ all-natural-day clock includes Sundays, preserves timezones, equality is on time and one second is late (0.186958ms)
✔ already-overdue outranks forecast missing; historical completion stops the clock (0.179542ms)
✔ upstream two-day delay and local catch-up pressure are distinct from current-team fault (0.152ms)
✔ manual forecast is local, propagates both earlier and later dates, and never relaxes baseline (2.027625ms)
✔ saving a manual forecast refreshes all affected node labels without pretending capacity was increased (1.275084ms)
✔ zero capacity and stale progress never forecast zero remaining duration (0.338792ms)
✔ stock and purchase coverage do not imply factory readiness or a new purchase gap (0.288834ms)
✔ stock-only task still has transfer; purchased material must move beyond warehouse entry (0.12475ms)
✔ batch schedule conserves shared capacity and 90 percent occurs at a real batch event (0.276ms)
✔ customer cancellation without production allocation does not reduce any task (0.226709ms)
✔ excess shipment of one SKU cannot hide shortage of another (0.216416ms)
✔ duplicate, out-of-order and corrected quantity events conserve the effective sum (0.291583ms)
✔ shared work is counted once while merged source tasks preserve independent T0 and deadlines (0.253834ms)
✔ orders enter analysis only from actual shipment and have their own clock (0.356209ms)
✔ region and supply mode select rules together, unpublished candidate rules never apply (0.420625ms)
✔ filters share exact aggregate scope and date windows are left-closed right-open (0.987375ms)
✔ Chinese UI defaults and all scope options filter the intended task population (0.44725ms)
✔ Chinese risk shortcut agrees with risk KPI and does not accidentally select completed or overdue tasks (0.481291ms)
✔ Chinese date-field labels use due date, start date and predicted completion respectively (0.400083ms)
✔ team and stage filters match applicable work nodes rather than only current task responsibility (0.231084ms)
✔ V3 team and factory must match the same node and empty all-scope still keeps a task (0.111333ms)
✔ V3 unknown shipment has no percentage and completed work without deadline is not on time (0.080541ms)
✔ 恢复预测保留不同工作和日期的顺序，只合并连续相同计算且不改写历史 (3.396625ms)
✔ 同一调拨动作按国家和供给方式命中不同预算，候选规则不参与匹配 (1.357542ms)
✔ 同优先级重叠命中必须冲突，明确更高优先级例外才可覆盖 (0.861875ms)
✔ 数量档边界不得跨档或用默认预算掩盖无规则 (0.176042ms)
✔ 子项七天而组上限五天阻断，网络不被截短也不在组外重复加预算 (0.436375ms)
✔ 并行分支取最大值，循环和缺失前置不得算成零天 (0.196667ms)
✔ 工厂实收映射须有明细与物流批次，入库不冒充到厂，重复事件不累加 (0.205ms)
✔ 投入产出、单位或质量门槛不合规，不能放行下游 (0.108708ms)
✔ 新版本仅记录显式重算范围，不能顺延旧基线或考核截止 (0.528458ms)
✔ 默认演示配置没有阻断，会议候选必须以提示保留 (0.113208ms)
✔ 选定在途W19规则从1改3，本地路线24改26而原始/生效截止与实际事实不变 (3.22875ms)
✔ 在途发布同层冲突、缺规则、缺映射或事件边界变化都不生成覆盖 (0.191917ms)
✔ 发布覆盖可从初始快照恢复且重复应用幂等，未选任务不受影响 (1.0075ms)
✔ 未完成调拨预算增加后，预测沿下游传播；已完成上游事实仍原样 (0.35925ms)
(node:63393) ExperimentalWarning: localStorage is not available because --localstorage-file was not provided.
(Use `node --trace-warnings ...` to show where the warning was created)
✔ 首次来源读取只创建当前存在的缺口，历史从本次观察开始 (2.060458ms)
✔ 事项键由任务、工作与类型生成，中文说明变化不新增事项 (0.678542ms)
✔ 缺款图形成独立事项，增加地址不等于款色对应核验通过 (0.536583ms)
✔ 登记责任期限不修改事实或关闭事项，只有后续来源读取确认恢复 (1.227334ms)
✔ 同一恢复事实重复核对不制造历史，缺口复现重新打开且保留期限 (0.616625ms)
✔ 任务或工作未返回、数量已知性字段消失均不是恢复证据 (0.572208ms)
✔ 来源身份变更不能在同一次读取中把旧缺口标为恢复 (0.494916ms)
✔ 未结构化来源审核项不因文字消失自动关闭 (0.595667ms)
✔ 本地持久化保留独立事项、责任、期限和恢复历史 (0.773417ms)
✔ 本地损坏记录不伪造历史、不覆盖旧内容、不允许假保存 (0.9375ms)
✔ 责任、期限、调整原因必填；存储失败给出未保存结果 (0.274042ms)
✔ 数据待补按事项分页和筛选，提供独立登记及来源刷新入口 (2.152167ms)
✔ 事项按自身负责人和修复期限筛选，不借任务跟单替代 (0.251583ms)
✔ 空在途范围不展示历史演示日期压力图 (2.328417ms)
✔ 未知预算仍保留串并行和汇合箭头，位置不依赖日期 (4.725542ms)
✔ 下游未开工且前置未完的逾期归为等待；根卡点标出具体工作和全部后继 (1.042625ms)
✔ 取消和已完成不是当前卡点，数据缺口不当执行逾期 (0.621209ms)
✔ 已开工工作即使前置未完，也保留其来源责任逾期并提示核对 (0.500833ms)
✔ 卡点范围仍显示上游参照及所有受影响后继，不显示无关支路 (2.136417ms)
✔ 单据摘要默认展开来源核心字段，不只展示时效 (1.580834ms)
✔ 需求摘要指向已存在的需求列表，入口不冒称独立详情 (1.460375ms)
✔ 缺少单据不得生成虚构摘要或默认完成数 (0.754375ms)
✔ 已实收的有效结束满足前置，取消前置不会被视为供给完成 (1.148583ms)
✔ 质检不合格仍是放行卡点，不因检验时间存在变为可放行 (0.551833ms)
✔ 来源已有不合格检验结果但缺建立时间时，不因前置未完而隐藏本项卡点 (0.947833ms)
✔ 作废且不计时不等于前置已完成；来源已阻断是明确卡点 (0.585209ms)
✔ 已知工作预算齐备但范围未确认时，公式页不得称作全程标准 (1.025666ms)
✔ 暂停或受阻工作不因遗留结束时间而放行下游 (0.777375ms)
✔ 生产准备初始化按编号读取定义与完整目录逐值一致，保留不存在时的契约 (2.208042ms)
✔ 单定义读取的可编辑数组保持隔离，不污染其他任务读取 (0.366125ms)
▶ execution source relations retain full facts without unrelated cold initialization
  ✔ cold read resolves real runtime scope and leaves print/dye execution ledgers untouched (138.60475ms)
  ✔ scoped cold result equals original complete enumeration after the same actual ID resolution (2592.679542ms)
  ✔ production with print/dye uses all existing preparation facts and keeps unknown IDs unknown (60.677375ms)
  ✔ live explicit cross-order reference and cancellation facts survive scoped reading (24.893208ms)
  ✔ real persisted cancellation restores through the original validated path in a new process (1116.1625ms)
  ✔ QC reads real fact quantities and renders explicit missing artwork without placeholder network dependency (121.129416ms)
✔ execution source relations retain full facts without unrelated cold initialization (4387.744542ms)
(node:63397) ExperimentalWarning: localStorage is not available because --localstorage-file was not provided.
(Use `node --trace-warnings ...` to show where the warning was created)
✔ production source time uses explicit Shanghai time and rejects date-only completion (0.748ms)
✔ DDS tasks use demand identity and do not invent preparation, budgets, shipment quantities or orders (2.16225ms)
✔ source bindings require existing same-style preparation and published technical version (0.385583ms)
✔ reuse preserves its source/version and does not add past preparation duration (0.368459ms)
✔ explicit unneeded work is excluded but unconfirmed missing work remains a decision, never zero-day completion (0.240292ms)
✔ explicit dependencies preserve parallel entries and repeated processes instead of serial sorting (0.751833ms)
✔ missing explicit predecessors do not become confirmed parallel roots (0.300291ms)
✔ missing predecessor and material SKU discontinuity block route certainty without fabricated edges (0.297833ms)
✔ cyclic source dependency stays a blocking issue and source objects remain unchanged (0.333375ms)
✔ read snapshot uses all current demand records without private Mock tasks or automatic same-style preparations (34.079042ms)
✔ continuous material SKU edges stay confirmed while an unconfirmed route remains pending (1.293167ms)
✔ unverified reuse does not fabricate a completed zero-day result (0.37475ms)
✔ binding writes only the DDS association key and is reflected by the next read (12.364125ms)
✔ execution source uses exact production-order identity, assigned factory and responsibility deadline (0.302583ms)
✔ only a unique exact technical entry binds execution to route; same-name and split executions stay independent (0.303333ms)
✔ preparation-only source cycles are blocked without depending on a technical pack branch (0.167625ms)
✔ source time and manual forecast stay separate from frozen rule examples and missing SLA (0.464625ms)
✔ cancelled execution is not a late blocker and unfinished status cannot borrow a stale completion timestamp (0.164708ms)
✔ document summaries are factual, compact strings; decisions without a document stay unbound (0.134459ms)
✔ formal preparation output connects the exact confirmation, route entry and production version (0.333292ms)
✔ technical object identity and its material photo are retained without using the style photo (0.134292ms)
✔ material transfer has serial dispatch, transport and receipt with separate responsibility and source identity (0.299125ms)
✔ approval, sent quantities and delivery-note registration cannot prove physical handout or logistics delivery (0.165ms)
✔ actual handout starts transportation but factory receipt never backfills logistics delivery or reception start (0.122375ms)
✔ receipt quantities require the same source line, target factory and unit; mixed units never close reception (0.16ms)
✔ voided transfers keep evidence but no effective supply or transport completion (0.104458ms)
✔ a document handout timestamp does not complete unshipped or partially shipped source lines (0.128084ms)
✔ only preparation-bound purchase documents are included, and purchase completion never invents warehouse arrival (0.129792ms)
✔ quality is scoped to its recorded sample and does not establish shipment orders or whole-order completion (0.157125ms)
✔ current source snapshot exposes matching handover, quality and transfer documents, not generic placeholders alone (6.119584ms)
✔ only a real same-version production order becomes a root execution predecessor (0.958541ms)
✔ task lead blocker matches dependency analysis instead of blaming an unstarted downstream deadline (0.259583ms)
✔ failed inspection exposes the concrete unqualified quantity as blocker reason (0.361166ms)
✔ category sample images never stand in for a source style; a dedicated source image is retained (0.641084ms)
(node:63399) ExperimentalWarning: localStorage is not available because --localstorage-file was not provided.
(Use `node --trace-warnings ...` to show where the warning was created)
✔ 当前非 Mock 需求可保存显式工作映射，序列化后可恢复且不改来源事实 (42.818542ms)
✔ 未保存映射、规则空天数、事件范围变化与同级冲突分别给出真实阻断 (4.062ms)
✔ 同一工作不得存两份口径，来源身份变化或未知数量不允许保存 (4.564375ms)
✔ 工作单位不换算、通配值不充当事实、里程碑不重复加预算 (6.405375ms)
✔ 来源任务发布单项预算后保持整体待定，刷新覆盖和已有截止均保留 (4.261667ms)
✔ 缺准备或实发范围时即使要求首次建基线也阻断，并且不写覆盖 (3.659042ms)
✔ 已确认的未来发货工作尚无实发事实也可建 T0+最长路径基线，缺进度只影响预测 (1.295125ms)
✔ 已发布后来源工作身份变化，不把旧映射预算套到新单据 (3.354875ms)
✔ 配置页面保存映射到本地，空天数发布被阻断，填写预算后实际发布当前来源任务 (16.856542ms)
✔ 查生产入口只在合法系统路由显示，并在打印与 PDA 路由隐藏 (0.617292ms)
✔ 相似前缀和相似打印段不会被当成合法路由 (0.078375ms)
(node:63401) ExperimentalWarning: localStorage is not available because --localstorage-file was not provided.
(Use `node --trace-warnings ...` to show where the warning was created)
✔ PERF-001: runtime snapshot and all nine subsets preserve every production order value and caller isolation (18.691916ms)
✔ PERF-001: a subset read does not traverse or clone unrelated snapshot sections (0.425709ms)
✔ PERF-001: paper pattern binding strips and nested craft arrays remain isolated after mutation (0.570417ms)
✔ PERF-001: replacing or updating the bound snapshot is visible immediately without a stale cache (0.356083ms)
✔ PERF-001: missing production order keeps null and empty-list contracts (0.161375ms)
✔ 并发调用复用同一个模块加载 Promise，成功后继续复用结果 (1.807792ms)
✔ 模块加载失败后清空缓存，下一次调用可以重试 (0.528667ms)
✔ 独立打印外壳只命中完整生产确认单打印路由 (0.5045ms)
✔ 既有固定打印路由仍使用独立打印外壳 (0.093167ms)
ℹ tests 263
ℹ suites 0
ℹ pass 263
ℹ fail 0
ℹ cancelled 0
ℹ skipped 0
ℹ todo 0
ℹ duration_ms 7890.415458
vite v6.4.3 building for production...
transforming...
✓ 2491 modules transformed.
rendering chunks...
[plugin vite:reporter]
(!) /private/tmp/higoods-dds-release-20260918/src/data/app-shell-config.ts is dynamically imported by /private/tmp/higoods-dds-release-20260918/src/router/routes.ts but also statically imported by /private/tmp/higoods-dds-release-20260918/src/components/shell.ts, /private/tmp/higoods-dds-release-20260918/src/state/store.ts, dynamic import will not move module into another chunk.

computing gzip size...
dist/index.html                                                           1.08 kB │ gzip:   0.59 kB
dist/assets/pcs-pattern-parse.worker-B3_rAVMB.js                         18.52 kB
dist/assets/source-views-23Nr_RHD.css                                    34.63 kB │ gzip:   7.04 kB
dist/assets/index-CXz7ymB2.css                                          146.33 kB │ gzip:  24.28 kB
dist/assets/pcs-project-demo-seed-service-COOi2Kbg.js                     0.06 kB │ gzip:   0.08 kB
dist/assets/store-domain-quality-bootstrap-DGBoST9G.js                    0.38 kB │ gzip:   0.25 kB
dist/assets/sample-warehouse-projection-m3NWIb3U.js                       0.39 kB │ gzip:   0.25 kB
dist/assets/dialogs-r3Pevf8i.js                                           0.58 kB │ gzip:   0.31 kB
dist/assets/tech-pack-Ca_pGhZ6.js                                         0.63 kB │ gzip:   0.34 kB
dist/assets/transfer-bag-handover-mock-Cf52vbHL.js                        0.63 kB │ gzip:   0.41 kB
dist/assets/pcs-reset-placeholder-CwxBOZAx.js                             0.72 kB │ gzip:   0.45 kB
dist/assets/badge-3kgcrioV.js                                             0.78 kB │ gzip:   0.42 kB
dist/assets/placeholder-CtxyfAeE.js                                       0.81 kB │ gzip:   0.44 kB
dist/assets/trace-kdX3fzgT.js                                             0.85 kB │ gzip:   0.49 kB
dist/assets/execution-prep-projection-helpers-DF3OB0Sr.js                 0.90 kB │ gzip:   0.44 kB
dist/assets/history-DW1M4Ib7.js                                           0.94 kB │ gzip:   0.61 kB
dist/assets/payment-sync-CY2Bny7-.js                                      0.97 kB │ gzip:   0.62 kB
dist/assets/print-service-Cb4Z7TQ8.js                                     1.00 kB │ gzip:   0.50 kB
dist/assets/pda-runtime-bKq04mps.js                                       1.02 kB │ gzip:   0.56 kB
dist/assets/pda-sewing-self-return-mode-CVT5AEl1.js                       1.07 kB │ gzip:   0.54 kB
dist/assets/detail.adapter-5Q_vFsDU.js                                    1.08 kB │ gzip:   0.68 kB
dist/assets/process-work-order-generation-service-BYNDoLKt.js             1.08 kB │ gzip:   0.65 kB
dist/assets/dyeing-material-receipts-sBKfvR8e.js                          1.11 kB │ gzip:   0.73 kB
dist/assets/dialogs-C0zDV1xd.js                                           1.12 kB │ gzip:   0.51 kB
dist/assets/overview-BqOWi7-o.js                                          1.25 kB │ gzip:   0.69 kB
dist/assets/process-work-order-source-view-COhTVMqC.js                    1.31 kB │ gzip:   0.58 kB
dist/assets/work-order-action-policy-4O75zwZC.js                          1.34 kB │ gzip:   0.68 kB
dist/assets/filter-bar-Bml7EGN9.js                                        1.49 kB │ gzip:   0.81 kB
dist/assets/work-order-detail-CzpQgqDI.js                                 1.54 kB │ gzip:   0.73 kB
dist/assets/material-identity-ClJnYEDg.js                                 1.54 kB │ gzip:   0.85 kB
dist/assets/supplement-material-prep-demand-registry-DI-N3DvB.js          1.56 kB │ gzip:   0.75 kB
dist/assets/task-handover-domain-Ci6lbt-H.js                              1.57 kB │ gzip:   0.76 kB
dist/assets/warehouse-shared-B7pulvHg.js                                  1.57 kB │ gzip:   0.51 kB
dist/assets/pda-cutting-wait-handover-actions-D9dF_YLm.js                 1.58 kB │ gzip:   0.62 kB
dist/assets/task-chain-pages-adapter-CQGvVCF2.js                          1.72 kB │ gzip:   0.85 kB
dist/assets/dialog-CG7dHqQC.js                                            1.73 kB │ gzip:   0.83 kB
dist/assets/production-contract-print-D1SdUIEa.js                         1.76 kB │ gzip:   1.06 kB
dist/assets/wool-pda-scan-Bm-Ub6kV.js                                     1.79 kB │ gzip:   0.99 kB
dist/assets/real-barcode-CWPYjCrr.js                                      1.81 kB │ gzip:   0.97 kB
dist/assets/toast-CbRo0OoF.js                                             1.87 kB │ gzip:   0.91 kB
dist/assets/printing-sheet-preview-BUgnrqFT.js                            1.91 kB │ gzip:   1.01 kB
dist/assets/kol-goto-fixed-total-ledger-ENQIWvyi.js                       1.93 kB │ gzip:   0.93 kB
dist/assets/table-DmeddU_N.js                                             2.04 kB │ gzip:   1.03 kB
dist/assets/pda-cutting-simple-cut-piece-handover-eCMRYrF9.js             2.13 kB │ gzip:   1.11 kB
dist/assets/shared-DOE-zdHq.js                                            2.18 kB │ gzip:   1.03 kB
dist/assets/binding-process-pda-scan-GTtejBfA.js                          2.18 kB │ gzip:   1.13 kB
dist/assets/special-craft-pda-scope-zVg6uSrv.js                           2.22 kB │ gzip:   1.01 kB
dist/assets/helpers-BFKa6pUf.js                                           2.42 kB │ gzip:   1.21 kB
dist/assets/shared-DQuzfO-g.js                                            2.70 kB │ gzip:   1.03 kB
dist/assets/process-order-list-presentation-rVrZKhFI.js                   2.71 kB │ gzip:   1.27 kB
dist/assets/marker-plan-projection-DEPoKMu4.js                            2.76 kB │ gzip:   1.19 kB
dist/assets/post-finishing-spu-technical-parameters-D2QUVnTw.js           2.78 kB │ gzip:   1.28 kB
dist/assets/authorization-code-BeXiAGrZ.js                                2.90 kB │ gzip:   1.42 kB
dist/assets/process-order-task-relations-CGGxsIG8.js                      2.97 kB │ gzip:   1.29 kB
dist/assets/confirmation-print-BaxExtB2.js                                2.98 kB │ gzip:   1.28 kB
dist/assets/production-order-identity-CUtFDS-P.js                         3.00 kB │ gzip:   1.25 kB
dist/assets/progress-board-gfY_PpFF.js                                    3.08 kB │ gzip:   1.48 kB
dist/assets/tabs-DPBAtUqz.js                                              3.09 kB │ gzip:   0.93 kB
dist/assets/pda-cutting-runtime-action-inputs-CzmGXEzd.js                 3.14 kB │ gzip:   1.09 kB
dist/assets/task-route-card-adWs3LZ3.js                                   3.24 kB │ gzip:   1.43 kB
dist/assets/task-delivery-card-DZwTzxbD.js                                3.30 kB │ gzip:   1.51 kB
dist/assets/cutting-mainline-bZ3BMI9y.js                                  3.41 kB │ gzip:   1.53 kB
dist/assets/transfer-bags-projection-9AiYeGep.js                          3.52 kB │ gzip:   1.48 kB
dist/assets/fcs-route-links-Dl-VJ-4c.js                                   3.57 kB │ gzip:   1.16 kB
dist/assets/binding-process-warehouse-linkage-service-B4ktCfnw.js         3.63 kB │ gzip:   1.38 kB
dist/assets/quality-chain-adapter-C9UNnTiO.js                             3.68 kB │ gzip:   1.66 kB
dist/assets/shared-JsNVKa1d.js                                            3.73 kB │ gzip:   1.69 kB
dist/assets/engineering-file-upload-BhRaO9ls.js                           3.77 kB │ gzip:   1.71 kB
dist/assets/shared-DhltNXQr.js                                            3.91 kB │ gzip:   1.64 kB
dist/assets/transfer-bag-repack-mock-DlhtSY9D.js                          3.95 kB │ gzip:   1.82 kB
dist/assets/sewing-outsourcing-demo-Dgdh9lAZ.js                           3.95 kB │ gzip:   1.58 kB
dist/assets/dashboards-BTSYpNdK.js                                        4.10 kB │ gzip:   2.02 kB
dist/assets/form-m7QNVBMD.js                                              4.37 kB │ gzip:   1.39 kB
dist/assets/sewing-outsourcing-responsibility-LVuOV-jk.js                 4.42 kB │ gzip:   1.96 kB
dist/assets/routes-pda-DodDg6af.js                                        4.43 kB │ gzip:   1.70 kB
dist/assets/supplement-order-registry-CHnc7juB.js                         4.49 kB │ gzip:   1.76 kB
dist/assets/preparation-material-receipt-sources-DTaNgMEg.js              4.68 kB │ gzip:   1.95 kB
dist/assets/layout.helpers-DQ1X4en8.js                                    4.76 kB │ gzip:   1.73 kB
dist/assets/runtime-task-tenders-YGz6fHpq.js                              4.76 kB │ gzip:   1.94 kB
dist/assets/relations-CuZGI8hc.js                                         4.77 kB │ gzip:   2.17 kB
dist/assets/process-order-list-controller-D-L8ywW6.js                     4.83 kB │ gzip:   1.86 kB
dist/assets/store-domain-dispatch-process-DQLJqKow.js                     5.01 kB │ gzip:   1.95 kB
dist/assets/process-work-order-quality-settlement-BCePXRuQ.js             5.33 kB │ gzip:   2.20 kB
dist/assets/dispatch-task-sheet-D-XCYqlG.js                               5.56 kB │ gzip:   2.65 kB
dist/assets/routes-pcs-DaTEMbUs.js                                        5.65 kB │ gzip:   1.64 kB
dist/assets/process-order-three-axis-view-Z4YDDbYM.js                     5.72 kB │ gzip:   2.30 kB
dist/assets/production-contract-center-DcujTOoJ.js                        5.80 kB │ gzip:   2.49 kB
dist/assets/pda-cutting-nav-context-T5D4-oB0.js                           5.95 kB │ gzip:   1.40 kB
dist/assets/fcs-pda-pickup-dispute-DMopWxdI.js                            6.19 kB │ gzip:   2.18 kB
dist/assets/material-handover-CCehXWx1.js                                 6.24 kB │ gzip:   2.44 kB
dist/assets/pcs-project-technical-data-writeback-CCrdSnUz.js              6.24 kB │ gzip:   2.41 kB
dist/assets/warehouse-standard-C6R2DSkY.js                                6.26 kB │ gzip:   2.08 kB
dist/assets/fact-view-BQl28l5d.js                                         6.28 kB │ gzip:   2.08 kB
dist/assets/statistics-F3KHQzx9.js                                        6.34 kB │ gzip:   1.92 kB
dist/assets/pda-notify-BT4SPvg7.js                                        6.46 kB │ gzip:   2.36 kB
dist/assets/pda-transfer-bag-detail-Bn3rqtFe.js                           6.52 kB │ gzip:   2.37 kB
dist/assets/sewing-outsourcing-supplement-tracking-DVpnxurT.js            6.63 kB │ gzip:   2.89 kB
dist/assets/shared-B2-jRkit.js                                            6.82 kB │ gzip:   2.51 kB
dist/assets/production-contract-master-template-D8ChAncS.js               6.85 kB │ gzip:   2.74 kB
dist/assets/dye-work-order-times-CxLziefL.js                              7.12 kB │ gzip:   2.52 kB
dist/assets/pda-cutting-execution-unit-D6G8s5LI.js                        7.19 kB │ gzip:   2.72 kB
dist/assets/pda-notify-detail-Cz4c83to.js                                 7.35 kB │ gzip:   2.32 kB
dist/assets/overview.helpers-BP2F5Yu8.js                                  7.36 kB │ gzip:   2.88 kB
dist/assets/pda-cutting-fei-ticket-numbering-uPs1dLNr.js                  7.43 kB │ gzip:   2.48 kB
dist/assets/settlement-flow-boundaries-DbkSNas3.js                        7.43 kB │ gzip:   2.53 kB
dist/assets/production-craft-dict-BFBJM-WW.js                             7.51 kB │ gzip:   2.83 kB
dist/assets/pda-warehouse-DrC2JyMs.js                                     7.51 kB │ gzip:   3.01 kB
dist/assets/sewing-outsourcing-return-tracking-CNO_OGmJ.js                7.57 kB │ gzip:   2.84 kB
dist/assets/workbench-BnYiVyAN.js                                         7.64 kB │ gzip:   3.14 kB
dist/assets/pda-cutting-transfer-bag-recovery-UzyZmUXv.js                 7.73 kB │ gzip:   3.25 kB
dist/assets/pcs-material-archive-detail-C1gLWJq5.js                       7.74 kB │ gzip:   2.72 kB
dist/assets/supplement-node-facts-C8Z17WTI.js                             7.76 kB │ gzip:   2.85 kB
dist/assets/production-contracts-Cr4a2OKV.js                              8.06 kB │ gzip:   2.74 kB
dist/assets/progress-exception-lifecycle-BJx0gSBY.js                      8.09 kB │ gzip:   2.70 kB
dist/assets/pda-cutting-transfer-bag-scrap-DQgxVkz_.js                    8.11 kB │ gzip:   3.37 kB
dist/assets/milestone-configs-DvaQqTH2.js                                 8.42 kB │ gzip:   2.95 kB
dist/assets/statistics-Cg54EKRj.js                                        8.44 kB │ gzip:   3.67 kB
dist/assets/pre-settlement-ledger-repository-DCCNV9BE.js                  8.64 kB │ gzip:   2.96 kB
dist/assets/pcs-pattern-library-config-EY0cSbxI.js                        8.76 kB │ gzip:   2.39 kB
dist/assets/fei-ticket-numbering-GWeXg7YR.js                              8.81 kB │ gzip:   3.09 kB
dist/assets/pda-cutting-shared-XjD4i_Po.js                                8.83 kB │ gzip:   2.71 kB
dist/assets/navigation-context-B6UbYdWX.js                                8.87 kB │ gzip:   2.46 kB
dist/assets/yarn-shipments-BGA3ejv7.js                                    8.95 kB │ gzip:   4.06 kB
dist/assets/pda-login-LiqcL1am.js                                         8.98 kB │ gzip:   3.47 kB
dist/assets/list-CjigU73j.js                                              9.08 kB │ gzip:   3.03 kB
dist/assets/dye-work-order-online-domain-gdlzIK9B.js                      9.53 kB │ gzip:   3.55 kB
dist/assets/sewing-pickup-slips-esrv-NIM.js                               9.56 kB │ gzip:   3.59 kB
dist/assets/production-return-fulfillment-HxByU4GN.js                    10.01 kB │ gzip:   3.82 kB
dist/assets/handover-print-MYfylg7S.js                                   10.64 kB │ gzip:   3.90 kB
dist/assets/presentation-BRR7Aqad.js                                     11.01 kB │ gzip:   4.53 kB
dist/assets/task-breakdown-DnXO7Igd.js                                   11.04 kB │ gzip:   4.06 kB
dist/assets/tasks-yVVh0OJh.js                                            11.29 kB │ gzip:   4.34 kB
dist/assets/material-transfers-HIKB_r5q.js                               11.31 kB │ gzip:   3.93 kB
dist/assets/pda-exec-link-5bl8s6vh.js                                    11.31 kB │ gzip:   3.69 kB
dist/assets/material-prep-D_3Pg4UL.js                                    11.40 kB │ gzip:   2.68 kB
dist/assets/dyeing-warehouse-view-DVZ2BkBZ.js                            11.46 kB │ gzip:   3.93 kB
dist/assets/process-statistics-domain-BpjvJMAY.js                        12.19 kB │ gzip:   3.98 kB
dist/assets/task-execution-adapter-CBVMxRPZ.js                           12.20 kB │ gzip:   3.64 kB
dist/assets/pickup-management-runtime-V_CRD_W0.js                        12.20 kB │ gzip:   4.72 kB
dist/assets/wls-inbound-CVlRButi.js                                      12.43 kB │ gzip:   4.79 kB
dist/assets/returns-Bu5F_P53.js                                          12.43 kB │ gzip:   4.60 kB
dist/assets/cut-piece-return-warehouse-BwIYPKCx.js                       12.46 kB │ gzip:   4.38 kB
dist/assets/meta-BDtgKZbK.js                                             12.79 kB │ gzip:   2.87 kB
dist/assets/context-qX6OQabf.js                                          12.97 kB │ gzip:   4.57 kB
dist/assets/responsibility-transfers-BpqouE7f.js                         13.06 kB │ gzip:   4.90 kB
dist/assets/handover-records-Ph3p4WvS.js                                 13.14 kB │ gzip:   4.13 kB
dist/assets/supplements-536Kqk0c.js                                      13.17 kB │ gzip:   4.76 kB
dist/assets/wls-finished-inbound-CC-7mXYf.js                             13.27 kB │ gzip:   5.04 kB
dist/assets/pda-start-link-fMvIk3AH.js                                   13.37 kB │ gzip:   4.73 kB
dist/assets/work-orders-ew2dsTzq.js                                      13.87 kB │ gzip:   4.68 kB
dist/assets/mobile-execution-task-index-TBnJWtcL.js                      13.96 kB │ gzip:   3.70 kB
dist/assets/workbench-DewPYXY1.js                                        14.06 kB │ gzip:   4.07 kB
dist/assets/work-order-detail-uQ86ciSv.js                                14.16 kB │ gzip:   4.48 kB
dist/assets/post-finishing-qc-print-template-lG1NbYy9.js                 14.45 kB │ gzip:   4.45 kB
dist/assets/work-orders-Caf5bYnE.js                                      14.70 kB │ gzip:   4.77 kB
dist/assets/reports-3tmxL3nI.js                                          14.78 kB │ gzip:   3.56 kB
dist/assets/full-flow-print-D_9azFgC.js                                  14.87 kB │ gzip:   4.82 kB
dist/assets/progress-handover-order-BseH-iqA.js                          15.10 kB │ gzip:   4.32 kB
dist/assets/pcs-engineering-tech-pack-workspace-CcUAzKS0.js              15.18 kB │ gzip:   5.42 kB
dist/assets/cut-order-release-integration-CDDGvN4L.js                    15.25 kB │ gzip:   5.42 kB
dist/assets/machines-DkbbTeZa.js                                         15.34 kB │ gzip:   5.03 kB
dist/assets/outbound-orders-qBsR_e9m.js                                  15.37 kB │ gzip:   4.94 kB
dist/assets/pda-cutting-task-detail-Cj9L6TM4.js                          15.53 kB │ gzip:   5.41 kB
dist/assets/process-web-status-actions-gOsiyFuO.js                       15.92 kB │ gzip:   4.22 kB
dist/assets/simple-cut-piece-handover-fixtures-C2g5-d5p.js               15.93 kB │ gzip:   5.29 kB
dist/assets/cut-order-supplement-fixture-DWScWxY1.js                     15.97 kB │ gzip:   4.83 kB
dist/assets/pda-sewing-self-return-ac-4cWsi.js                           15.98 kB │ gzip:   5.26 kB
dist/assets/garment-spu-replacement-C_y9TsIv.js                          16.00 kB │ gzip:   4.84 kB
dist/assets/progress-cutting-detail-CkRrQykR.js                          16.02 kB │ gzip:   3.79 kB
dist/assets/handover-ledger-view-_PhDQVR0.js                             16.17 kB │ gzip:   4.45 kB
dist/assets/wls-garment-relabel-tasks-Bqv2yFSh.js                        16.23 kB │ gzip:   5.33 kB
dist/assets/pda-notify-due-soon-B0XX0rSY.js                              16.46 kB │ gzip:   5.51 kB
dist/assets/events-BwLa5QUP.js                                           16.96 kB │ gzip:   6.65 kB
dist/assets/pda-handlers-De-pYPem.js                                     17.10 kB │ gzip:   4.46 kB
dist/assets/sewing-cut-piece-return-workflow-DjV_pBoa.js                 17.17 kB │ gzip:   6.07 kB
dist/assets/production-confirmation-BedFi1_w.js                          17.25 kB │ gzip:   5.89 kB
dist/assets/warehouse-DJlE1gmJ.js                                        17.28 kB │ gzip:   5.38 kB
dist/assets/marker-spreading-projection-Ut3HdfRL.js                      17.48 kB │ gzip:   5.53 kB
dist/assets/sewing-cut-piece-responsibility-dyPp0AGC.js                  17.53 kB │ gzip:   5.26 kB
dist/assets/process-mobile-task-binding-DAc4Wb6V.js                      17.56 kB │ gzip:   6.14 kB
dist/assets/pda-warehouse-inbound-records-vpgRegWr.js                    17.94 kB │ gzip:   4.99 kB
dist/assets/adjustments-CJKf01Xq.js                                      18.14 kB │ gzip:   5.49 kB
dist/assets/purchase-demands-DbVlPANy.js                                 18.28 kB │ gzip:   5.86 kB
dist/assets/pda-warehouse-shared-wsh7GZnX.js                             18.43 kB │ gzip:   5.41 kB
dist/assets/pda-warehouse-outbound-records-DIFPYd0G.js                   18.43 kB │ gzip:   5.21 kB
dist/assets/task-orders-CjNUVlvy.js                                      18.52 kB │ gzip:   6.23 kB
dist/assets/platform-process-result-view-D4AA4hMS.js                     18.53 kB │ gzip:   5.32 kB
dist/assets/store-domain-statement-source-adapter-Cmo0M7S4.js            18.56 kB │ gzip:   5.31 kB
dist/assets/sewing-outsourcing-workbench-CQbM4Ye0.js                     18.65 kB │ gzip:   6.46 kB
dist/assets/production-demand-early-process-work-orders-DHpWaz1d.js      18.82 kB │ gzip:   5.60 kB
dist/assets/process-water-soluble-orders-Bciq4DNc.js                     18.83 kB │ gzip:   5.75 kB
dist/assets/kol-goto-pda-domain-DaWJimmq.js                              19.16 kB │ gzip:   6.51 kB
dist/assets/platform.adapter-DnIP8wQ4.js                                 19.25 kB │ gzip:   6.09 kB
dist/assets/shared-cIKSfjSM.js                                           19.47 kB │ gzip:   5.28 kB
dist/assets/audit-records-B4YdCDIK.js                                    19.68 kB │ gzip:   6.36 kB
dist/assets/factory-sample-verification-flow-C6PlwXfh.js                 19.86 kB │ gzip:   4.87 kB
dist/assets/index-CZjvVjhr.js                                            20.17 kB │ gzip:   5.20 kB
dist/assets/pcs-engineering-master-list-DyLilJGm.js                      20.43 kB │ gzip:   6.95 kB
dist/assets/deduction-analysis-DZOuffUp.js                               20.59 kB │ gzip:   5.84 kB
dist/assets/order-list-columns-BynJoeaL.js                               20.61 kB │ gzip:   6.46 kB
dist/assets/fei-ticket-numbering-DGruWEWF.js                             20.64 kB │ gzip:   5.69 kB
dist/assets/overview.adapter-DGABCW9Q.js                                 20.65 kB │ gzip:   6.53 kB
dist/assets/events-CHjn8k_6.js                                           21.10 kB │ gzip:   6.52 kB
dist/assets/work-order-detail-BF1eIa5F.js                                21.17 kB │ gzip:   6.67 kB
dist/assets/pcs-engineering-master-view-model-B3rTzktd.js                21.18 kB │ gzip:   7.02 kB
dist/assets/cut-piece-returns-BKDoU5Y0.js                                21.58 kB │ gzip:   6.49 kB
dist/assets/cut-piece-handover-xuZVrcQe.js                               21.78 kB │ gzip:   6.95 kB
dist/assets/progress-cutting-overview-Ef_QSgPA.js                        22.05 kB │ gzip:   5.01 kB
dist/assets/material-issue-C7dxgBJr.js                                   22.06 kB │ gzip:   5.19 kB
dist/assets/tasks-BiE7LFZ3.js                                            22.06 kB │ gzip:   6.99 kB
dist/assets/pms-purchase-orders-kw1a1GzV.js                              22.06 kB │ gzip:   6.46 kB
dist/assets/pcs-project-detail-support-DNSXKzHA.js                       22.09 kB │ gzip:   6.81 kB
dist/assets/wls-accessory-receipts-DlbCFiNu.js                           22.17 kB │ gzip:   6.69 kB
dist/assets/qc-workbench-Ta1dRGDu.js                                     22.36 kB │ gzip:   6.90 kB
dist/assets/dye-work-order-online-view-DfaMFU9q.js                       22.48 kB │ gzip:   7.72 kB
dist/assets/warehouse-location-map-model-BhdsAeLd.js                     22.51 kB │ gzip:   7.15 kB
dist/assets/recheck-orders-BxqFfP6R.js                                   22.53 kB │ gzip:   7.07 kB
dist/assets/production-order-duration-CYcjAveO.js                        22.53 kB │ gzip:   8.58 kB
dist/assets/material-statements-CfH_bqtr.js                              22.74 kB │ gzip:   6.01 kB
dist/assets/progress-statistics-linkage-DcQ-K3lA.js                      22.82 kB │ gzip:   6.53 kB
dist/assets/simple-cut-piece-handover-ui-DdL4YGpx.js                     23.02 kB │ gzip:   8.88 kB
dist/assets/process-order-task-links-oW6xg3XS.js                         23.49 kB │ gzip:   6.38 kB
dist/assets/process-print-orders-DKhnxDm4.js                             23.62 kB │ gzip:   7.74 kB
dist/assets/qc-orders-BP202Rvr.js                                        23.64 kB │ gzip:   7.34 kB
dist/assets/pcs-handlers-4NIL2bbn.js                                     23.77 kB │ gzip:   6.17 kB
dist/assets/process-dye-orders-B4XLD6_h.js                               23.80 kB │ gzip:   7.82 kB
dist/assets/machine-associations-8HtaExFU.js                             24.45 kB │ gzip:   7.27 kB
dist/assets/fcs-production-tech-pack-snapshot-CwqDRfHL.js                24.61 kB │ gzip:   6.18 kB
dist/assets/retired-process-history-CR8T_ND8.js                          24.75 kB │ gzip:   6.40 kB
dist/assets/dialogs-Da-HKz1l.js                                          24.87 kB │ gzip:   6.14 kB
dist/assets/wls-fabric-demand-board-MR1IaeT6.js                          25.08 kB │ gzip:   6.86 kB
dist/assets/pda-wool-fact-execution-V2T8nQEY.js                          25.41 kB │ gzip:   8.33 kB
dist/assets/pda-warehouse-wait-handover-DDWpSYl7.js                      25.64 kB │ gzip:   6.41 kB
dist/assets/sample-approval-suggestions-B3WgzaYE.js                      25.96 kB │ gzip:   7.99 kB
dist/assets/progress-milestone-config-FJK6KN8S.js                        26.46 kB │ gzip:   5.66 kB
dist/assets/sample-warehouse-D_j1YmAl.js                                 26.66 kB │ gzip:   6.64 kB
dist/assets/marker-spreading-utils-CCheDzTK.js                           26.72 kB │ gzip:   7.82 kB
dist/assets/third-party-factory-rating-D5S5m6HE.js                       27.06 kB │ gzip:   7.59 kB
dist/assets/warehouse-location-map-C57IiFv8.js                           27.06 kB │ gzip:   7.08 kB
dist/assets/pcs-channel-products-Dpt7m6Ty.js                             27.12 kB │ gzip:   7.19 kB
dist/assets/pcs-pattern-library-detail-DtiYZ1_9.js                       27.61 kB │ gzip:   6.58 kB
dist/assets/warehouse-uZjWsjHP.js                                        28.11 kB │ gzip:   9.35 kB
dist/assets/production-order-progress-tracking-JrGZZp8u.js               28.24 kB │ gzip:   9.23 kB
dist/assets/factory-status-DLxCLH0Q.js                                   28.39 kB │ gzip:   6.00 kB
dist/assets/pcs-engineering-master-detail-BcUAAsgc.js                    28.54 kB │ gzip:   8.37 kB
dist/assets/task-detail-EPYujjnD.js                                      28.64 kB │ gzip:   8.31 kB
dist/assets/marker-plan-source-model-CviIHB53.js                         28.86 kB │ gzip:   8.45 kB
dist/assets/progress-cutting-exception-center-CEvKANVw.js                29.12 kB │ gzip:   6.47 kB
dist/assets/early-process-management-Cs7V97nq.js                         30.06 kB │ gzip:   7.55 kB
dist/assets/handover-orders-C0rWDmj3.js                                  30.07 kB │ gzip:   8.28 kB
dist/assets/pcs-config-workspace-BQR9o1iL.js                             30.78 kB │ gzip:   6.79 kB
dist/assets/process-warehouse-domain-DSpq05AI.js                         31.14 kB │ gzip:   7.02 kB
dist/assets/capability-rnxqKE3Z.js                                       31.64 kB │ gzip:   6.68 kB
dist/assets/pda-shell-DoTh6Jpn.js                                        32.19 kB │ gzip:   8.34 kB
dist/assets/factory-performance-DVrtW-Ex.js                              32.27 kB │ gzip:   6.72 kB
dist/assets/garment-spu-replacements-ClW0qQW-.js                         32.33 kB │ gzip:   9.09 kB
dist/assets/dialogs-m4LZe2EL.js                                          32.54 kB │ gzip:   9.79 kB
dist/assets/cut-piece-return-domain-IAeW_3PJ.js                          33.08 kB │ gzip:   9.74 kB
dist/assets/work-order-detail-GFFEuZQV.js                                33.37 kB │ gzip:   9.37 kB
dist/assets/pda-cutting-inbound-DmYSxVTJ.js                              33.47 kB │ gzip:  10.04 kB
dist/assets/store-domain-settlement-seeds-CK02Q97l.js                    33.63 kB │ gzip:   8.98 kB
dist/assets/pcs-pattern-library-DMqpCiAH.js                              33.68 kB │ gzip:   7.65 kB
dist/assets/warehouse-runtime-BfntJ8PB.js                                33.70 kB │ gzip:   8.63 kB
dist/assets/pda-warehouse-stocktake-D9-__ujD.js                          34.47 kB │ gzip:   8.65 kB
dist/assets/work-orders-4hqwDMw3.js                                      34.56 kB │ gzip:  11.57 kB
dist/assets/work-order-detail-BKA7sJc9.js                                34.60 kB │ gzip:   9.40 kB
dist/assets/pda-post-finishing-flow-BUG9r-Hi.js                          34.79 kB │ gzip:   9.27 kB
dist/assets/work-orders-sn5fWBvL.js                                      34.84 kB │ gzip:  10.17 kB
dist/assets/dispatch-acceptance-sla-BuDyGLiw.js                          34.95 kB │ gzip:   7.89 kB
dist/assets/pda-task-receive-detail-DDiSuWfl.js                          35.19 kB │ gzip:   8.41 kB
dist/assets/water-soluble-orders-DujAyFnd.js                             35.90 kB │ gzip:  10.78 kB
dist/assets/pda-cutting-transfer-bag-repack-C0TvLBm9.js                  35.94 kB │ gzip:  10.12 kB
dist/assets/work-order-detail-Bb5G-CIk.js                                36.14 kB │ gzip:   9.68 kB
dist/assets/pcs-technical-data-DlXF2KG-.js                               36.81 kB │ gzip:   9.82 kB
dist/assets/pcs-pattern-library-create-8CfvqPyB.js                       36.92 kB │ gzip:   8.64 kB
dist/assets/special-processes-BJ7DzKgq.js                                37.23 kB │ gzip:   9.52 kB
dist/assets/pda-quality-_YBrBx10.js                                      37.37 kB │ gzip:   9.76 kB
dist/assets/third-party-factory-comprehensive-assessment-h8asvGdE.js     37.39 kB │ gzip:  11.04 kB
dist/assets/warehouse-CoN4Qe2e.js                                        38.05 kB │ gzip:  10.81 kB
dist/assets/cutting-statistics-ab-material-CVpNmmfJ.js                   38.09 kB │ gzip:   8.61 kB
dist/assets/fcs-handlers-jX_m5L6W.js                                     38.16 kB │ gzip:  11.44 kB
dist/assets/pda-cutting-handover-CWd40IKc.js                             39.00 kB │ gzip:  11.08 kB
dist/assets/wait-handover-runtime-DXwY8Z7C.js                            41.22 kB │ gzip:  11.19 kB
dist/assets/print-styles-DpPkfveU.js                                     41.85 kB │ gzip:   8.57 kB
dist/assets/pending-receipts-D-UsVTn_.js                                 43.17 kB │ gzip:  15.36 kB
dist/assets/warehouse-hm_H9MDi.js                                        43.19 kB │ gzip:   9.82 kB
dist/assets/pcs-material-archives-D97ABzKz.js                            43.92 kB │ gzip:   9.63 kB
dist/assets/cutting-summary-DVsVEkLg.js                                  44.07 kB │ gzip:  11.52 kB
dist/assets/warehouse-CzKqNqkl.js                                        44.15 kB │ gzip:  11.20 kB
dist/assets/handover-orders-BIhK00LR.js                                  44.18 kB │ gzip:   8.79 kB
dist/assets/demand-domain-WV0EGVul.js                                    44.58 kB │ gzip:   9.89 kB
dist/assets/batches-CL5PUm-J.js                                          46.44 kB │ gzip:   9.87 kB
dist/assets/dispatch-tenders-DNRRdtGo.js                                 47.26 kB │ gzip:  12.25 kB
dist/assets/dyeing-DzEB85n6.js                                           47.48 kB │ gzip:  10.19 kB
dist/assets/printing-Bw51pb35.js                                         47.48 kB │ gzip:  10.20 kB
dist/assets/other-Ul5WG7Z-.js                                            47.49 kB │ gzip:  10.22 kB
dist/assets/settlement-linked-mock-factory-8sg9HA5t.js                   47.63 kB │ gzip:  14.45 kB
dist/assets/sewing-rdqwqpkw.js                                           48.51 kB │ gzip:  10.54 kB
dist/assets/progress-material-DKxhyGvX.js                                48.76 kB │ gzip:   9.37 kB
dist/assets/pda-task-receive-DF_gXIgP.js                                 49.07 kB │ gzip:  12.19 kB
dist/assets/pda-cutting-execution-source-U0qyTOSK.js                     49.79 kB │ gzip:  13.48 kB
dist/assets/pda-handover-0mAnrbsP.js                                     50.26 kB │ gzip:  13.23 kB
dist/assets/pda-onboarding-BzdqS67U.js                                   50.53 kB │ gzip:  10.78 kB
dist/assets/marker-plan-model-C5mcnY8x.js                                51.50 kB │ gzip:  14.71 kB
dist/assets/store-domain-progress-STwcEe7L.js                            52.90 kB │ gzip:  11.71 kB
dist/assets/settlement-cutting-input-oyGiXztA.js                         53.59 kB │ gzip:  11.05 kB
dist/assets/lace-factory-domain-BTkNWwGS.js                              53.70 kB │ gzip:  13.35 kB
dist/assets/pcs-part-template-library-BmsmvYBd.js                        53.80 kB │ gzip:  11.08 kB
dist/assets/progress-urge-Dq2VYSGI.js                                    56.39 kB │ gzip:  11.42 kB
dist/assets/pda-cutting-spreading-AqwfL4gX.js                            56.53 kB │ gzip:  13.05 kB
dist/assets/warehouse-location-map-BZL4Oa17.js                           56.75 kB │ gzip:  16.82 kB
dist/assets/marker-plan-occupancy-DWhAX1Gl.js                            57.09 kB │ gzip:  16.02 kB
dist/assets/domain-snapshot-DfcyKvLw.js                                  59.31 kB │ gzip:  15.87 kB
dist/assets/routes-fcs-dxKp0I4Y.js                                       59.93 kB │ gzip:  12.40 kB
dist/assets/pda-settlement-CPNyOEFi.js                                   60.05 kB │ gzip:  13.63 kB
dist/assets/cut-piece-release-DMmZERtr.js                                60.09 kB │ gzip:  15.83 kB
dist/assets/factory-profile-BaYgrk9r.js                                  61.17 kB │ gzip:  14.05 kB
dist/assets/pickup-management-list-DzFnWG2O.js                           61.39 kB │ gzip:  17.11 kB
dist/assets/pcs-live-testing-6JrZLElP.js                                 62.67 kB │ gzip:  15.77 kB
dist/assets/cutting-CqQEVlqC.js                                          62.83 kB │ gzip:  12.96 kB
dist/assets/progress-handover-4Ne9l36X.js                                63.82 kB │ gzip:  13.57 kB
dist/assets/production-object-overview-BAi_lIP8.js                       64.72 kB │ gzip:  13.13 kB
dist/assets/pcs-video-testing-eu63G0fB.js                                64.85 kB │ gzip:  16.21 kB
dist/assets/production-object-overview-C7fglC7m.js                       65.32 kB │ gzip:  15.33 kB
dist/assets/output-documents--c1ReNX2.js                                 65.95 kB │ gzip:  22.57 kB
dist/assets/pda-exec-CYJLaqFS.js                                         66.85 kB │ gzip:  15.27 kB
dist/assets/pcs-sample-management-DlwvUIHX.js                            67.50 kB │ gzip:  15.36 kB
dist/assets/core-1iGmmVOe.js                                             67.61 kB │ gzip:  12.60 kB
dist/assets/cutting-daily-production-report-BA-cf566.js                  68.09 kB │ gzip:  19.07 kB
dist/assets/sewing-dispatch-Hl55eoon.js                                  69.07 kB │ gzip:  18.00 kB
dist/assets/pcs-channel-stores-__g9JMP_.js                               69.25 kB │ gzip:  14.32 kB
dist/assets/context-BxnWgZSg.js                                          69.43 kB │ gzip:  21.32 kB
dist/assets/progress-exceptions-Bgq_PIZo.js                              70.33 kB │ gzip:  13.29 kB
dist/assets/qc-records-uzdN24tR.js                                       71.03 kB │ gzip:  15.97 kB
dist/assets/wait-handover-actions-CGHWZTtn.js                            71.82 kB │ gzip:  18.17 kB
dist/assets/special-craft-fei-ticket-flow-WcnCWpAi.js                    72.43 kB │ gzip:  16.42 kB
dist/assets/transfer-bags-D31iIqid.js                                    72.73 kB │ gzip:  18.39 kB
dist/assets/pda-handover-detail-CRlOD6f7.js                              74.60 kB │ gzip:  18.15 kB
dist/assets/factory-onboarding-Dm8uqfS6.js                               75.24 kB │ gzip:  12.68 kB
dist/assets/process-action-writeback-service-DfnnnDOi.js                 75.51 kB │ gzip:  17.14 kB
dist/assets/settlement-CG3RiwXf.js                                       75.57 kB │ gzip:  11.56 kB
dist/assets/dialogs-AJDget17.js                                          75.66 kB │ gzip:  18.70 kB
dist/assets/orders-domain-Bhg9vIT3.js                                    76.23 kB │ gzip:  16.86 kB
dist/assets/pcs-independent-sampling-Do-ZaaKn.js                         76.95 kB │ gzip:  19.58 kB
dist/assets/transfer-bag-operations-BHqjOXnj.js                          77.91 kB │ gzip:  19.21 kB
dist/assets/runtime-projections-CNHGkL-3.js                              78.01 kB │ gzip:  18.43 kB
dist/assets/production-progress-WRvqWYhu.js                              80.61 kB │ gzip:  20.34 kB
dist/assets/pda-warehouse-wait-process-DckD6n5i.js                       87.24 kB │ gzip:  21.12 kB
dist/assets/special-craft-task-orders-DZCcJN-w.js                        89.69 kB │ gzip:  23.67 kB
dist/assets/events-Dsv0vLia.js                                           90.02 kB │ gzip:  22.18 kB
dist/assets/factory-onboarding-flow-ksdyi5wy.js                          90.59 kB │ gzip:  23.32 kB
dist/assets/dispatch-DM_W6UHp.js                                         91.34 kB │ gzip:  27.77 kB
dist/assets/cut-orders-DpM9sXg2.js                                       94.68 kB │ gzip:  24.42 kB
dist/assets/app-shared-BQANSJSR.js                                      103.28 kB │ gzip:  25.45 kB
dist/assets/pcs-product-archives-DuoPrIIE.js                            106.23 kB │ gzip:  21.46 kB
dist/assets/events-B1CIRcZ0.js                                          108.36 kB │ gzip:  26.68 kB
dist/assets/index-CLQ2j0hq.js                                           109.42 kB │ gzip:  39.84 kB
dist/assets/transfer-bag-return-model-DovysDwe.js                       112.94 kB │ gzip:  26.62 kB
dist/assets/supplement-management-CEel8SpH.js                           113.25 kB │ gzip:  29.93 kB
dist/assets/unified-dispatch-workbench-BiwIgSqH.js                      118.01 kB │ gzip:  33.10 kB
dist/assets/statements-DRL8Yw3z.js                                      119.51 kB │ gzip:  24.46 kB
dist/assets/pcs-engineering-tasks-DIBA0SQ3.js                           121.85 kB │ gzip:  27.78 kB
dist/assets/context-BPwz29dU.js                                         132.62 kB │ gzip:  34.30 kB
dist/assets/production-CqigZL3B.js                                      133.95 kB │ gzip:  27.40 kB
dist/assets/process-domain-Jtb4S1jg.js                                  138.59 kB │ gzip:  25.80 kB
dist/assets/generated-fei-tickets-CLeKj_qd.js                           143.00 kB │ gzip:  36.15 kB
dist/assets/preparation-timing-DF9n7QNT.js                              145.96 kB │ gzip:  34.40 kB
dist/assets/marker-plan-_f1SBrIB.js                                     150.12 kB │ gzip:  35.42 kB
dist/assets/warehouse-hub-BSguJ7c_.js                                   152.65 kB │ gzip:  37.93 kB
dist/assets/marker-spreading-B4dfDdzq.js                                154.08 kB │ gzip:  37.73 kB
dist/assets/fei-tickets-C2FGZaNt.js                                     196.45 kB │ gzip:  43.82 kB
dist/assets/pcs-projects-C6o5UAaf.js                                    232.23 kB │ gzip:  50.56 kB
dist/assets/pda-exec-detail-DQu9uhM6.js                                 232.28 kB │ gzip:  53.68 kB
dist/assets/print-preview-gxyyPj2M.js                                   257.65 kB │ gzip:  66.67 kB
dist/assets/index-8p7SJpPd.js                                           416.11 kB │ gzip: 114.96 kB
dist/assets/production-timeliness-BSa2YHRO.js                         3,324.82 kB │ gzip: 822.20 kB

(!) Some chunks are larger than 550 kB after minification. Consider:
- Using dynamic import() to code-split the application
- Use build.rollupOptions.output.manualChunks to improve chunking: https://rollupjs.org/configuration-options/#output-manualchunks
- Adjust chunk size limit for this warning via build.chunkSizeWarningLimit.
✓ built in 8.28s
{"status":"verified","receipt":"/tmp/dds-main-publication-20260918/task-receipt-final.json","blockers":[]}
