
> higoods-vanilla-clone@1.0.0 workflow:verify
> node --experimental-strip-types scripts/task-completion-receipt.ts verify --output /tmp/dds-main-publication-20260918/task-receipt-publication.json --task-boundary DDS当前进展Git发布；性能9项超限、图片和业务来源缺口保持未结项；排除原AGENTS修改


> higoods-vanilla-clone@1.0.0 check:cutting-supplement-process-work-orders
> tsx scripts/check-cutting-supplement-process-work-orders.ts

PASS: 裁片补料确认生成真实印染加工单，冻结追溯、多 BOM 原子回滚与详情事实符合预期
(node:86494) ExperimentalWarning: localStorage is not available because --localstorage-file was not provided.
(Use `node --trace-warnings ...` to show where the warning was created)

> higoods-vanilla-clone@1.0.0 check:cutting:all
> npm run check:cutting-sewing-dispatch && npm run check:progress-statistics-linkage && npm run check:cutting-marker-plan-formulas && npm run check:cutting-binding-strip-flow && npm run check:cutting-wait-handover-transfer-bag-flow && npm run check:cutting-clean-mainline && npm run check:pda-cutting-wait-handover-entry-routing && npm run check:pda-cutting-inbound-workflow && npm run check:pda-cutting-transfer-bag-handover && npm run check:web-cutting-transfer-bag-actions && npm run check:transfer-bag-three-status && npm run check:transfer-bag-repack-recovery && npm run check:transfer-bag-mobile-closed-loop


> higoods-vanilla-clone@1.0.0 check:cutting-sewing-dispatch
> tsx scripts/check-cutting-sewing-dispatch.ts

check:cutting-sewing-dispatch passed
(node:86539) ExperimentalWarning: localStorage is not available because --localstorage-file was not provided.
(Use `node --trace-warnings ...` to show where the warning was created)

> higoods-vanilla-clone@1.0.0 check:progress-statistics-linkage
> tsx scripts/check-progress-statistics-linkage.ts

check:progress-statistics-linkage passed
(node:86564) ExperimentalWarning: localStorage is not available because --localstorage-file was not provided.
(Use `node --trace-warnings ...` to show where the warning was created)

> higoods-vanilla-clone@1.0.0 check:cutting-marker-plan-formulas
> node --experimental-strip-types --experimental-specifier-resolution=node scripts/check-cutting-marker-plan-formulas.ts

唛架计划层公式与状态检查通过
唛架成衣件数（件）：12
系统单件成衣用量（m/件）：0.7
高低层矩阵成衣件数（件）：12
捆条原算长度样例（m）：21
捆条计划长度样例（m）：4
模式数：4
(node:86689) ExperimentalWarning: localStorage is not available because --localstorage-file was not provided.
(Use `node --trace-warnings ...` to show where the warning was created)

> higoods-vanilla-clone@1.0.0 check:cutting-binding-strip-flow
> node --import tsx scripts/check-cutting-binding-strip-flow.ts

捆条加工单流转检查通过
捆条需求明细：19 条
捆条加工单：16 单
唯一捆条菲票：19 张
示例汇总长度：113.57 m
按钮目标响应：列表 0.48ms / 捆条菲票 2.55ms / 库存 1.13ms / 预览 3.28ms
(node:86713) ExperimentalWarning: localStorage is not available because --localstorage-file was not provided.
(Use `node --trace-warnings ...` to show where the warning was created)

> higoods-vanilla-clone@1.0.0 check:cutting-wait-handover-transfer-bag-flow
> tsx scripts/check-cutting-wait-handover-transfer-bag-flow.ts


===== 裁床待交出仓与中转袋流转治理检查 =====
通过: 266
失败: 0

全部断言通过 ✅
(node:86782) ExperimentalWarning: localStorage is not available because --localstorage-file was not provided.
(Use `node --trace-warnings ...` to show where the warning was created)

> higoods-vanilla-clone@1.0.0 check:cutting-clean-mainline
> tsx scripts/check-cutting-clean-mainline.ts

{
  "项目代码清洁性": "通过",
  "裁片单与数量账": "通过",
  "菲票生成与打印追踪": "通过",
  "待交出仓库存与车缝分配": "通过",
  "通用交出与特殊工艺回仓": "通过",
  "差异关闭捆条到账": "通过",
  "主链路事件账": {
    "totalEventCount": 189,
    "stageCounts": {
      "数量账": 111,
      "铺布裁剪差异": 10,
      "菲票生成": 54,
      "交出记录": 7,
      "裁片单关闭": 3,
      "特殊工艺回仓": 3,
      "PDA执行写回": 1
    },
    "productionOrderCount": 13,
    "cutOrderCount": 42
  }
}
(node:86813) ExperimentalWarning: localStorage is not available because --localstorage-file was not provided.
(Use `node --trace-warnings ...` to show where the warning was created)

> higoods-vanilla-clone@1.0.0 check:pda-cutting-wait-handover-entry-routing
> tsx scripts/check-pda-cutting-wait-handover-entry-routing.ts

PASS check-pda-cutting-wait-handover-entry-routing
(node:86856) ExperimentalWarning: localStorage is not available because --localstorage-file was not provided.
(Use `node --trace-warnings ...` to show where the warning was created)

> higoods-vanilla-clone@1.0.0 check:pda-cutting-inbound-workflow
> tsx scripts/check-pda-cutting-inbound-workflow.ts

[check-pda-cutting-inbound-workflow] 两种 PDA 扫码工作流检查通过
(node:86881) ExperimentalWarning: localStorage is not available because --localstorage-file was not provided.
(Use `node --trace-warnings ...` to show where the warning was created)

> higoods-vanilla-clone@1.0.0 check:pda-cutting-transfer-bag-handover
> tsx scripts/check-pda-cutting-transfer-bag-handover.ts

PDA 中转袋整袋交出专项检查通过：同工厂多任务、只扫袋、阶段阻断、跨工厂拆袋提示、不可重复交出和事实快照均已闭环。
(node:87009) ExperimentalWarning: localStorage is not available because --localstorage-file was not provided.
(Use `node --trace-warnings ...` to show where the warning was created)

> higoods-vanilla-clone@1.0.0 check:web-cutting-transfer-bag-actions
> tsx scripts/check-web-cutting-transfer-bag-actions.ts

PASS check-web-cutting-transfer-bag-actions

> higoods-vanilla-clone@1.0.0 check:transfer-bag-three-status
> tsx scripts/check-transfer-bag-three-status.ts

check:transfer-bag-three-status passed
(node:87061) ExperimentalWarning: localStorage is not available because --localstorage-file was not provided.
(Use `node --trace-warnings ...` to show where the warning was created)

> higoods-vanilla-clone@1.0.0 check:transfer-bag-repack-recovery
> tsx scripts/check-transfer-bag-repack-recovery.ts

[performance] 2,000 事件特殊工艺带袋回仓 24.5ms
PASS check-transfer-bag-repack-recovery
(node:87133) ExperimentalWarning: localStorage is not available because --localstorage-file was not provided.
(Use `node --trace-warnings ...` to show where the warning was created)

> higoods-vanilla-clone@1.0.0 check:transfer-bag-mobile-closed-loop
> tsx scripts/check-transfer-bag-mobile-closed-loop.ts

check:transfer-bag-mobile-closed-loop passed：独立回收、报废、两事实顺序入口和只读扫码详情均已闭环。
(node:87158) ExperimentalWarning: localStorage is not available because --localstorage-file was not provided.
(Use `node --trace-warnings ...` to show where the warning was created)

> higoods-vanilla-clone@1.0.0 check:menu-routes
> tsx scripts/check-menu-routes.mjs

[check-menu-routes] 菜单路由一致性检查
  systems: fcs, pfos, pcs
  menu href total: 185
  menu href unique: 185
  uncovered: 0
  duplicates: 0

[check-menu-routes] PASS
(node:87178) ExperimentalWarning: localStorage is not available because --localstorage-file was not provided.
(Use `node --trace-warnings ...` to show where the warning was created)

> higoods-vanilla-clone@1.0.0 check:prototype-design-governance
> node --experimental-strip-types --experimental-specifier-resolution=node scripts/check-prototype-design-governance.ts --all

prototype design governance passed (all): 46 user-visible file(s), 0 technical-only file(s), 4 linked governance record(s)

> higoods-vanilla-clone@1.0.0 check:list-page-governance
> npm run check:list-page-governance:static && npm run check:standard-list-page-template && npm run check:prototype-design-governance -- --all


> higoods-vanilla-clone@1.0.0 check:list-page-governance:static
> node --experimental-strip-types --experimental-specifier-resolution=node scripts/check-list-page-governance.ts

list page governance passed: scanned 431 pages, baseline 17

> higoods-vanilla-clone@1.0.0 check:standard-list-page-template
> npm exec tsc -- --noEmit --target ES2022 --module ESNext --moduleResolution Bundler --strict --skipLibCheck --allowImportingTsExtensions --lib ES2022,DOM src/components/ui/list-table.ts && node --experimental-strip-types --experimental-specifier-resolution=node scripts/check-standard-list-page-template.ts

(node:87326) ExperimentalWarning: localStorage is not available because --localstorage-file was not provided.
(Use `node --trace-warnings ...` to show where the warning was created)
Chromium column drag passed on allocated port 49278: drop=1, DOM regions stable, order/storage updated, external text and cancelled drag ignored
standard list page template check passed

> higoods-vanilla-clone@1.0.0 check:prototype-design-governance
> node --experimental-strip-types --experimental-specifier-resolution=node scripts/check-prototype-design-governance.ts --all

prototype design governance passed (all): 46 user-visible file(s), 0 technical-only file(s), 4 linked governance record(s)

> higoods-vanilla-clone@1.0.0 build
> npm run typecheck:engineering && npm test && vite build


> higoods-vanilla-clone@1.0.0 typecheck:engineering
> npm run typecheck:entrypoints && npm run typecheck:scopes


> higoods-vanilla-clone@1.0.0 typecheck:entrypoints
> tsc --project tsconfig.engineering.json


> higoods-vanilla-clone@1.0.0 typecheck:scopes
> node scripts/check-typescript-scope.mjs src/domain/ src/components/ui/ src/state/

TypeScript 全量既有错误：61
本次渐进检查范围：src/domain/、src/components/ui/、src/state/
范围内错误：0
范围外既有错误保留在全量 typecheck 中继续分批治理。

> higoods-vanilla-clone@1.0.0 test
> npm run test:unit


> higoods-vanilla-clone@1.0.0 test:unit
> node --import tsx --test tests/unit/*.test.ts

✔ 浏览器存储封装保持读写删除语义 (0.520542ms)
✔ 浏览器存储不可用或抛错时保持静默降级 (0.111833ms)
(node:87678) ExperimentalWarning: localStorage is not available because --localstorage-file was not provided.
(Use `node --trace-warnings ...` to show where the warning was created)
✔ MIG-001/002/006: management entry and handlers belong to FCS; PFOS keeps execution (10.334375ms)
✔ MIG-003/007: prep and execution read the same early order identities, quantities and match status (15205.585916ms)
✔ MIG-004/009: migrated dialogs retain candidate fields, actual material image and task outputs (1.439334ms)
✔ MIG-011: management and execution use the same seven business display columns (17.936958ms)
✔ MIG-007: early dye/print creation and cancellation survive reload (16402.966ms)
✔ 解析带标签、小数和空格的长度数量 (0.567625ms)
✔ 解析卷数并对不合法文本返回 0 (0.125417ms)
✔ 证据文件标识把连续空白收口为单个连字符 (0.167167ms)
(node:87681) ExperimentalWarning: localStorage is not available because --localstorage-file was not provided.
(Use `node --trace-warnings ...` to show where the warning was created)
✔ 设计改款可成批生成染色和印花加工单，且完整投影来源与上下游 (9890.709541ms)
✔ 设计改款加工单生成幂等，重复请求不增加单据 (40.721625ms)
✔ 同一设计改款任务的不同颜色和 BOM 行分别生成加工单 (16.392458ms)
✔ 成批提交失败时染色与印花加工单一起回滚 (17.364083ms)
✔ 设计改款来源缺关键引用或来源未知时必须阻断 (0.365291ms)
(node:87682) ExperimentalWarning: localStorage is not available because --localstorage-file was not provided.
(Use `node --trace-warnings ...` to show where the warning was created)
✔ 设计改款加工单等待买手审核成果，绑定真实附件后才可安排，先染后印继续受前序交出约束 (4432.21425ms)
✔ 专业成果没有真实附件时保持未绑定 (23.701542ms)
(node:87683) ExperimentalWarning: localStorage is not available because --localstorage-file was not provided.
(Use `node --trace-warnings ...` to show where the warning was created)
✔ 可打印不等于可建交出单，必须完成真实标签打印 (0.819417ms)
✔ 卷规格无效时不可建交出单，且不改变原可打印判定语义 (0.11075ms)
✔ 人工完成印花加工单不再自动填充操作人 (3093.110667ms)
✔ 日报窗口含截止日7天，重点日均独立使用前6天 (0.555791ms)
✔ 未知采购不填0，未BOM不输出完整确定订单需求 (0.120292ms)
✔ 突变必须绝对量与比例同时达到阈值 (0.062625ms)
✔ 截止日突变示例与未完结日不判定 (0.063ms)
✔ 共享商品按SPU去重而不按关联行累加销量 (0.191ms)
✔ 预选不产生确定用料；BOM需求保留物料归属 (0.179542ms)
✔ 同料BOM优先于预选，不重复关系及需量 (0.089333ms)
✔ 两个业务页具有独立容器、标准分页与证据边界 (51.819958ms)
✔ 未进入物料页面时 bridge 不加载业务；加载失败重试后首次渲染即已注册 (10.293542ms)
✔ click 分组顺序、短路、选择器范围保持原行为，重新注册替换旧处理器 (4.432625ms)
✔ 备料写入守卫读取实时角色与水位，阻断时不调用业务处理器 (2.234917ms)
✔ input/change/keyboard 原入口、筛选范围和 change 优先级完整保留 (0.666916ms)
✔ health groups are exhaustive and mutually exclusive in demo (0.879958ms)
✔ coverage and baseline use same inventory plus transit but distinct demand windows (0.084916ms)
✔ zero demand is unavailable rather than infinity and huge finite quotient stays finite (0.098167ms)
✔ date selects different consistent snapshot (0.094208ms)
✔ threshold changes alter classification without changing facts (0.0705ms)
✔ health view carries core P1 business sections and mock caveat (17.3145ms)
✔ AT16 rules do not substitute brand, size or packaging method (0.483167ms)
✔ AT24 equal priority conflict blocks resolution and identifies rules (0.412375ms)
✔ higher explicit priority resolves a lower priority overlap (0.0665ms)
✔ plans distinguish garments and parcels and add loss once (0.167958ms)
✔ AT18 white pendant stock only allocated once (0.094708ms)
✔ event duplicate and old revision do not add consumption; reprints are activity only (0.131791ms)
✔ conflicting same revision fails instead of silently choosing a payload (0.070709ms)
✔ AT17/19/20 panel states unresolved ASAYA, independent kit80 and unknown ribbon (0.286167ms)
✔ trigger distinct from target, existing supply produces explainable zero (1.13875ms)
✔ missing mapping or usage and incompatible raw unit block unsafe generation (0.504125ms)
✔ generation reserves remaining once and shared raw pool across target rules (2.626958ms)
✔ production does not increase stock; actual SKU and output bound partial receipts (0.37ms)
✔ cancelled suggestion releases commitment and raw allocation (0.106ms)
✔ AT05 committed greige is not available for a second allocation (0.53975ms)
✔ AT06 partial receipt reduces expected supply; checking and qualified never duplicate (0.358125ms)
✔ AT07 unmapped target preserves quantities but gives no target coverage (0.090875ms)
✔ §7.2 loss reduces future supply; rejected receipts never become usable (0.28775ms)
✔ §7.3 unit/yield/route and conservation gaps block deterministic supply (0.129792ms)
✔ §7.3 candidate comparison reports remaining shortage and respects arrival deadline (0.55425ms)
✔ §7.3 zero gap stays zero and nonfinite inputs cannot produce advice (0.092833ms)
✔ panel uses owned local handlers and discloses mock and missing images (4.697333ms)
✔ P2 coefficients and coverage exclude transit (9.611125ms)
✔ P2 coverage buckets have exclusive shared boundaries (0.5885ms)
✔ P2 partial receipts and completed batches count remaining only (0.07325ms)
✔ P2 latest overdue selected only if no future batch; today included (0.069625ms)
✔ P2 search transit and ETA filters compose (0.232042ms)
✔ P2 zero demand and missing BOM preserve distinct nulls; micro demand excluded (0.121ms)
✔ P2 standard table renders and limits initial rows to first page (9.745167ms)
✔ AT01/02 internal reservation stays in coverage while external reservation is deducted (37.913083ms)
✔ AT03 quality segments are not usable (0.431917ms)
✔ AT04 partial receipt leaves remaining supply only (2.188333ms)
✔ AT08/38 late supply never erases earlier shortage (0.687375ms)
✔ AT09 intermediate deficit determines net need rather than positive closing balance (0.577417ms)
✔ AT10 MOQ and pack rounding, zero stays zero (0.180417ms)
✔ AT11 horizon begins at cutoff and is not expanded by lead time (0.216875ms)
✔ AT12 forecast covered by confirmed demand is excluded before coefficient (0.359583ms)
✔ AT13 no demand has no numeric coverage (0.866542ms)
✔ AT14 cancelling demand does not change stock (0.294667ms)
✔ AT15 latest event revision only (0.530458ms)
✔ AT16/17 directory preserves bag sizes and ASAYA duplicated input is one unresolved SKU (0.118875ms)
✔ AT18 three brands draw from one shared pool (0.179875ms)
✔ AT19/20 kit capacity respects minimum and missing conversion (0.079667ms)
✔ AT21 inactive/unusable stock remains physically visible (0.120875ms)
✔ AT23 affected order identifiers are unique (0.112917ms)
✔ AT25/26 draft does not mutate active and invalidates trial (0.081375ms)
✔ AT26/28 publish requires role and exact trial; history retained (0.249875ms)
✔ AT31 risk cannot close with remaining shortage or skip verification (0.223583ms)
✔ AT37 invalid dates, unknown timezone, bad numeric values rejected (0.13ms)
✔ duplicate supply chain does not double count and blocks deterministic advice (0.110084ms)
✔ warehouse catalogue includes 17 locations and two garment warehouses (0.051375ms)
✔ candidate comparison retains pre-arrival risk (4.949416ms)
✔ SKU-specific policy wins and duplicate rules block publish (0.815125ms)
✔ 路由标准化移除 query 与 hash，但不改动路径 (0.60825ms)
✔ 只匹配路由根或其子路径，不误匹配相似前缀 (0.160333ms)
✔ 可在多个合法根路径中匹配一个 (1.418625ms)
✔ 只把完整生产确认单打印路由识别为命中 (0.196583ms)
(node:87720) ExperimentalWarning: localStorage is not available because --localstorage-file was not provided.
(Use `node --trace-warnings ...` to show where the warning was created)
✔ RETURN-010: only the acceptance week Sunday is skipped, for every starting weekday (0.865042ms)
✔ RETURN-004—010: both projections share counting dates and ceil targets (1.144958ms)
(node:87722) ExperimentalWarning: localStorage is not available because --localstorage-file was not provided.
(Use `node --trace-warnings ...` to show where the warning was created)
✔ 实际耗时跨周日仍按真实时间差；没有可靠时间不造耗时 (0.747166ms)
✔ 每任务都达成才结束；同一来源去重，作废明细不影响主表 (0.218167ms)
✔ 耗时页 Mock 至少覆盖九张生产单和全部节点，且下游事实不会越过未完成的前置节点 (6994.410542ms)
✔ 裁片放行按一张放行单内的多次放行展示并选取节点起止时间 (86.667375ms)
(node:87723) ExperimentalWarning: localStorage is not available because --localstorage-file was not provided.
(Use `node --trace-warnings ...` to show where the warning was created)
✔ EXC-001—004: a reference mark cannot change debt, strict kits or final task responsibility (3.581125ms)
(node:87724) ExperimentalWarning: localStorage is not available because --localstorage-file was not provided.
(Use `node --trace-warnings ...` to show where the warning was created)
✔ 派单新增主档工厂可登记承接关系，未知工厂仍阻断 (5.069042ms)
✔ 专属任务保留整单身份、数量和接收方，工艺分支保留全部前置关系 (4.318ms)
✔ 原生产单车缝任务仍可被 PPIC 分配与责任移交识别，SKU 总量完整 (9.6385ms)
(node:87725) ExperimentalWarning: localStorage is not available because --localstorage-file was not provided.
(Use `node --trace-warnings ...` to show where the warning was created)
✔ PERF-002/004: scoped receiving reads preserve direct receipts and allocations, without exposing mutable facts (15.047708ms)
✔ PERF-002/004: a synchronous relation read matches independent reads and releases its scope after errors (2000.357375ms)
✔ PERF-004: batched print list reviews and handovers equal independently read facts (428.799959ms)
✔ PERF-004: scoped handovers keep canonical sorting and task point reads preserve identity (12.509667ms)
✔ PERF-004: reusing warehouse documents preserves each dye order source, quantity and receiver (325.821292ms)
(node:87726) ExperimentalWarning: localStorage is not available because --localstorage-file was not provided.
(Use `node --trace-warnings ...` to show where the warning was created)
✔ craft source selection preserves all previous source choices and isolated snapshots (31.195042ms)
✔ source eligibility is re-evaluated after a source order changes (0.284917ms)
(node:87727) ExperimentalWarning: localStorage is not available because --localstorage-file was not provided.
(Use `node --trace-warnings ...` to show where the warning was created)
✔ 验收数据至少包含 5 张染色和 5 张印花提前加工单，并覆盖全部匹配状态 (9241.248875ms)
✔ 印花专业成果把多张图片和多个文件统一保存在同一附件集合 (0.469833ms)
✔ 同一生产需求可手动选择具体专业任务，创建结果保存所选任务与全部成果附件 (392.884583ms)
✔ 创建提前加工单必须选择所属专业任务并明确加工厂 (1.161917ms)
✔ 计划加工数量包含损耗率，且染色印花投入与产出 SKU 必须不同 (0.276375ms)
✔ 专业成果未审核通过时不可创建提前加工单 (0.239375ms)
✔ 多个生产需求合并为一张生产单时，可匹配多张提前染色加工单 (54.234334ms)
✔ 等待技术包的提前单在技术包就绪后可由同一匹配服务自动重试 (26.088042ms)
✔ 合并生产单中只有部分需求有提前单时，只为未覆盖需求补建剩余数量 (245.616625ms)
✔ 已有提前单但正式 BOM 或 SKU 不一致时进入异常，且不重复补建同一工艺单 (312.478958ms)
✔ 取消后重建保留旧单，并建立双向替代关系 (4.024583ms)
✔ 没有提前加工单的需求仍保留正式加工单快照 (18.282042ms)
✔ BOM uses formally reduced quantity and leaves unsupported conversion unknown (1.231875ms)
✔ reuse retains one shared source instance and adds no duplicate processing duration (0.920542ms)
✔ a new rework/recheck round extends the dependency path two days and conserves qualified pieces (0.210416ms)
✔ date-only source is not coerced to a precise instant or exact deadline (0.268667ms)
✔ known order shipment can be timed without crediting an unknown production source (0.134416ms)
✔ waiting for actual fulfillment can be overall late while factory completion stays on time (0.119917ms)
✔ all six named cards render directly checkable evidence without changing production task facts (16.830167ms)
✔ all ten tasks have independent drill-down networks and one frozen aggregate snapshot (2.464167ms)
✔ 31-item dependency recursion proves 24 natural days and shows the actual sum/max formula (0.703791ms)
✔ improving procurement by ten days only improves whole-task timing by one day (0.302666ms)
✔ network rejects circular/missing dependencies and unknown is never zero time (0.354875ms)
✔ each complete standard mock network and live forecast agrees with the task summary (22.652375ms)
✔ quantity forecast finds a one-day risk before any actual deadline is missed (0.639084ms)
✔ all-natural-day clock includes Sundays, preserves timezones, equality is on time and one second is late (0.156541ms)
✔ already-overdue outranks forecast missing; historical completion stops the clock (0.136541ms)
✔ upstream two-day delay and local catch-up pressure are distinct from current-team fault (0.108125ms)
✔ manual forecast is local, propagates both earlier and later dates, and never relaxes baseline (4.579708ms)
✔ saving a manual forecast refreshes all affected node labels without pretending capacity was increased (0.949041ms)
✔ zero capacity and stale progress never forecast zero remaining duration (0.228708ms)
✔ stock and purchase coverage do not imply factory readiness or a new purchase gap (0.222084ms)
✔ stock-only task still has transfer; purchased material must move beyond warehouse entry (0.105958ms)
✔ batch schedule conserves shared capacity and 90 percent occurs at a real batch event (7.16975ms)
✔ customer cancellation without production allocation does not reduce any task (0.529042ms)
✔ excess shipment of one SKU cannot hide shortage of another (0.25975ms)
✔ duplicate, out-of-order and corrected quantity events conserve the effective sum (0.571667ms)
✔ shared work is counted once while merged source tasks preserve independent T0 and deadlines (0.332541ms)
✔ orders enter analysis only from actual shipment and have their own clock (0.354209ms)
✔ region and supply mode select rules together, unpublished candidate rules never apply (0.295209ms)
✔ filters share exact aggregate scope and date windows are left-closed right-open (0.651125ms)
✔ Chinese UI defaults and all scope options filter the intended task population (0.261541ms)
✔ Chinese risk shortcut agrees with risk KPI and does not accidentally select completed or overdue tasks (0.381916ms)
✔ Chinese date-field labels use due date, start date and predicted completion respectively (0.310458ms)
✔ team and stage filters match applicable work nodes rather than only current task responsibility (0.185709ms)
✔ V3 team and factory must match the same node and empty all-scope still keeps a task (0.102667ms)
✔ V3 unknown shipment has no percentage and completed work without deadline is not on time (0.06375ms)
✔ 恢复预测保留不同工作和日期的顺序，只合并连续相同计算且不改写历史 (5.902042ms)
✔ 同一调拨动作按国家和供给方式命中不同预算，候选规则不参与匹配 (1.733667ms)
✔ 同优先级重叠命中必须冲突，明确更高优先级例外才可覆盖 (1.221917ms)
✔ 数量档边界不得跨档或用默认预算掩盖无规则 (0.321416ms)
✔ 子项七天而组上限五天阻断，网络不被截短也不在组外重复加预算 (0.496291ms)
✔ 并行分支取最大值，循环和缺失前置不得算成零天 (0.392333ms)
✔ 工厂实收映射须有明细与物流批次，入库不冒充到厂，重复事件不累加 (0.523542ms)
✔ 投入产出、单位或质量门槛不合规，不能放行下游 (0.216834ms)
✔ 新版本仅记录显式重算范围，不能顺延旧基线或考核截止 (0.983583ms)
✔ 默认演示配置没有阻断，会议候选必须以提示保留 (0.245584ms)
✔ 选定在途W19规则从1改3，本地路线24改26而原始/生效截止与实际事实不变 (8.411416ms)
✔ 在途发布同层冲突、缺规则、缺映射或事件边界变化都不生成覆盖 (0.524417ms)
✔ 发布覆盖可从初始快照恢复且重复应用幂等，未选任务不受影响 (2.53ms)
✔ 未完成调拨预算增加后，预测沿下游传播；已完成上游事实仍原样 (2.419416ms)
(node:87739) ExperimentalWarning: localStorage is not available because --localstorage-file was not provided.
(Use `node --trace-warnings ...` to show where the warning was created)
✔ 首次来源读取只创建当前存在的缺口，历史从本次观察开始 (3.644792ms)
✔ 事项键由任务、工作与类型生成，中文说明变化不新增事项 (1.5925ms)
✔ 缺款图形成独立事项，增加地址不等于款色对应核验通过 (1.454125ms)
✔ 登记责任期限不修改事实或关闭事项，只有后续来源读取确认恢复 (1.57775ms)
✔ 同一恢复事实重复核对不制造历史，缺口复现重新打开且保留期限 (0.786875ms)
✔ 任务或工作未返回、数量已知性字段消失均不是恢复证据 (5.127875ms)
✔ 来源身份变更不能在同一次读取中把旧缺口标为恢复 (0.699667ms)
✔ 未结构化来源审核项不因文字消失自动关闭 (0.494959ms)
✔ 本地持久化保留独立事项、责任、期限和恢复历史 (0.968583ms)
✔ 本地损坏记录不伪造历史、不覆盖旧内容、不允许假保存 (1.371917ms)
✔ 责任、期限、调整原因必填；存储失败给出未保存结果 (0.471542ms)
✔ 数据待补按事项分页和筛选，提供独立登记及来源刷新入口 (3.57025ms)
✔ 事项按自身负责人和修复期限筛选，不借任务跟单替代 (0.397042ms)
✔ 空在途范围不展示历史演示日期压力图 (12.609334ms)
✔ 未知预算仍保留串并行和汇合箭头，位置不依赖日期 (11.974084ms)
✔ 下游未开工且前置未完的逾期归为等待；根卡点标出具体工作和全部后继 (1.900666ms)
✔ 取消和已完成不是当前卡点，数据缺口不当执行逾期 (1.110875ms)
✔ 已开工工作即使前置未完，也保留其来源责任逾期并提示核对 (0.823167ms)
✔ 卡点范围仍显示上游参照及所有受影响后继，不显示无关支路 (2.20675ms)
✔ 单据摘要默认展开来源核心字段，不只展示时效 (1.318833ms)
✔ 需求摘要指向已存在的需求列表，入口不冒称独立详情 (0.785417ms)
✔ 缺少单据不得生成虚构摘要或默认完成数 (2.592459ms)
✔ 已实收的有效结束满足前置，取消前置不会被视为供给完成 (1.206292ms)
✔ 质检不合格仍是放行卡点，不因检验时间存在变为可放行 (0.833541ms)
✔ 来源已有不合格检验结果但缺建立时间时，不因前置未完而隐藏本项卡点 (1.367417ms)
✔ 作废且不计时不等于前置已完成；来源已阻断是明确卡点 (0.903334ms)
✔ 已知工作预算齐备但范围未确认时，公式页不得称作全程标准 (1.594ms)
✔ 暂停或受阻工作不因遗留结束时间而放行下游 (1.209917ms)
✔ 生产准备初始化按编号读取定义与完整目录逐值一致，保留不存在时的契约 (4.21575ms)
✔ 单定义读取的可编辑数组保持隔离，不污染其他任务读取 (0.68525ms)
▶ execution source relations retain full facts without unrelated cold initialization
  ✔ cold read resolves real runtime scope and leaves print/dye execution ledgers untouched (323.868625ms)
  ✔ scoped cold result equals original complete enumeration after the same actual ID resolution (5908.811291ms)
  ✔ production with print/dye uses all existing preparation facts and keeps unknown IDs unknown (98.441209ms)
  ✔ live explicit cross-order reference and cancellation facts survive scoped reading (44.69125ms)
  ✔ real persisted cancellation restores through the original validated path in a new process (1785.432667ms)
  ✔ QC reads real fact quantities and renders explicit missing artwork without placeholder network dependency (211.170125ms)
✔ execution source relations retain full facts without unrelated cold initialization (9187.375917ms)
(node:87743) ExperimentalWarning: localStorage is not available because --localstorage-file was not provided.
(Use `node --trace-warnings ...` to show where the warning was created)
✔ production source time uses explicit Shanghai time and rejects date-only completion (1.092334ms)
✔ DDS tasks use demand identity and do not invent preparation, budgets, shipment quantities or orders (7.568958ms)
✔ source bindings require existing same-style preparation and published technical version (0.7825ms)
✔ reuse preserves its source/version and does not add past preparation duration (0.652375ms)
✔ explicit unneeded work is excluded but unconfirmed missing work remains a decision, never zero-day completion (0.459583ms)
✔ explicit dependencies preserve parallel entries and repeated processes instead of serial sorting (1.396041ms)
✔ missing explicit predecessors do not become confirmed parallel roots (0.446708ms)
✔ missing predecessor and material SKU discontinuity block route certainty without fabricated edges (0.448542ms)
✔ cyclic source dependency stays a blocking issue and source objects remain unchanged (0.463042ms)
✔ read snapshot uses all current demand records without private Mock tasks or automatic same-style preparations (94.7505ms)
✔ continuous material SKU edges stay confirmed while an unconfirmed route remains pending (1.626416ms)
✔ unverified reuse does not fabricate a completed zero-day result (0.559458ms)
✔ binding writes only the DDS association key and is reflected by the next read (63.023625ms)
✔ execution source uses exact production-order identity, assigned factory and responsibility deadline (0.60325ms)
✔ only a unique exact technical entry binds execution to route; same-name and split executions stay independent (0.524375ms)
✔ preparation-only source cycles are blocked without depending on a technical pack branch (1.581583ms)
✔ source time and manual forecast stay separate from frozen rule examples and missing SLA (0.811083ms)
✔ cancelled execution is not a late blocker and unfinished status cannot borrow a stale completion timestamp (0.32875ms)
✔ document summaries are factual, compact strings; decisions without a document stay unbound (0.198375ms)
✔ formal preparation output connects the exact confirmation, route entry and production version (0.592958ms)
✔ technical object identity and its material photo are retained without using the style photo (11.167875ms)
✔ material transfer has serial dispatch, transport and receipt with separate responsibility and source identity (0.681042ms)
✔ approval, sent quantities and delivery-note registration cannot prove physical handout or logistics delivery (0.2845ms)
✔ actual handout starts transportation but factory receipt never backfills logistics delivery or reception start (0.194875ms)
✔ receipt quantities require the same source line, target factory and unit; mixed units never close reception (0.233292ms)
✔ voided transfers keep evidence but no effective supply or transport completion (0.16375ms)
✔ a document handout timestamp does not complete unshipped or partially shipped source lines (0.205416ms)
✔ only preparation-bound purchase documents are included, and purchase completion never invents warehouse arrival (0.2315ms)
✔ quality is scoped to its recorded sample and does not establish shipment orders or whole-order completion (0.301833ms)
✔ current source snapshot exposes matching handover, quality and transfer documents, not generic placeholders alone (16.489583ms)
✔ only a real same-version production order becomes a root execution predecessor (1.126542ms)
✔ task lead blocker matches dependency analysis instead of blaming an unstarted downstream deadline (0.227541ms)
✔ failed inspection exposes the concrete unqualified quantity as blocker reason (0.230792ms)
✔ category sample images never stand in for a source style; a dedicated source image is retained (1.834458ms)
(node:87745) ExperimentalWarning: localStorage is not available because --localstorage-file was not provided.
(Use `node --trace-warnings ...` to show where the warning was created)
✔ 当前非 Mock 需求可保存显式工作映射，序列化后可恢复且不改来源事实 (114.213084ms)
✔ 未保存映射、规则空天数、事件范围变化与同级冲突分别给出真实阻断 (16.728375ms)
✔ 同一工作不得存两份口径，来源身份变化或未知数量不允许保存 (19.620083ms)
✔ 工作单位不换算、通配值不充当事实、里程碑不重复加预算 (16.949625ms)
✔ 来源任务发布单项预算后保持整体待定，刷新覆盖和已有截止均保留 (27.438833ms)
✔ 缺准备或实发范围时即使要求首次建基线也阻断，并且不写覆盖 (31.174416ms)
✔ 已确认的未来发货工作尚无实发事实也可建 T0+最长路径基线，缺进度只影响预测 (5.392208ms)
✔ 已发布后来源工作身份变化，不把旧映射预算套到新单据 (22.523ms)
✔ 配置页面保存映射到本地，空天数发布被阻断，填写预算后实际发布当前来源任务 (24.100083ms)
✔ 查生产入口只在合法系统路由显示，并在打印与 PDA 路由隐藏 (0.830375ms)
✔ 相似前缀和相似打印段不会被当成合法路由 (0.106958ms)
(node:87748) ExperimentalWarning: localStorage is not available because --localstorage-file was not provided.
(Use `node --trace-warnings ...` to show where the warning was created)
✔ PERF-001: runtime snapshot and all nine subsets preserve every production order value and caller isolation (94.944ms)
✔ PERF-001: a subset read does not traverse or clone unrelated snapshot sections (1.27725ms)
✔ PERF-001: paper pattern binding strips and nested craft arrays remain isolated after mutation (1.115459ms)
✔ PERF-001: replacing or updating the bound snapshot is visible immediately without a stale cache (0.271292ms)
✔ PERF-001: missing production order keeps null and empty-list contracts (0.217042ms)
✔ 并发调用复用同一个模块加载 Promise，成功后继续复用结果 (2.444833ms)
✔ 模块加载失败后清空缓存，下一次调用可以重试 (0.493458ms)
✔ 独立打印外壳只命中完整生产确认单打印路由 (0.806833ms)
✔ 既有固定打印路由仍使用独立打印外壳 (0.150917ms)
ℹ tests 263
ℹ suites 0
ℹ pass 263
ℹ fail 0
ℹ cancelled 0
ℹ skipped 0
ℹ todo 0
ℹ duration_ms 19239.398958
vite v6.4.3 building for production...
transforming...
✓ 2491 modules transformed.
rendering chunks...
[plugin vite:reporter]
(!) /private/tmp/higoods-dds-release-20260918/src/data/app-shell-config.ts is dynamically imported by /private/tmp/higoods-dds-release-20260918/src/router/routes.ts but also statically imported by /private/tmp/higoods-dds-release-20260918/src/components/shell.ts, /private/tmp/higoods-dds-release-20260918/src/state/store.ts, dynamic import will not move module into another chunk.

computing gzip size...
dist/index.html                                                           1.12 kB │ gzip:   0.61 kB
dist/assets/pcs-pattern-parse.worker-B3_rAVMB.js                         18.52 kB
dist/assets/source-views-23Nr_RHD.css                                    34.63 kB │ gzip:   7.04 kB
dist/assets/index-CXz7ymB2.css                                          146.33 kB │ gzip:  24.28 kB
dist/assets/pcs-project-demo-seed-service-COOi2Kbg.js                     0.06 kB │ gzip:   0.08 kB
dist/assets/store-domain-quality-bootstrap-DVFShd-Q.js                    0.38 kB │ gzip:   0.25 kB
dist/assets/sample-warehouse-projection-BtRI4yiz.js                       0.39 kB │ gzip:   0.25 kB
dist/assets/dialogs-Bw4n-YKP.js                                           0.58 kB │ gzip:   0.31 kB
dist/assets/tech-pack-BsqIqGBP.js                                         0.59 kB │ gzip:   0.32 kB
dist/assets/transfer-bag-handover-mock-D0jCkGQF.js                        0.63 kB │ gzip:   0.41 kB
dist/assets/pcs-reset-placeholder-CwxBOZAx.js                             0.72 kB │ gzip:   0.45 kB
dist/assets/badge-3kgcrioV.js                                             0.78 kB │ gzip:   0.42 kB
dist/assets/placeholder-CtxyfAeE.js                                       0.81 kB │ gzip:   0.44 kB
dist/assets/trace-kdX3fzgT.js                                             0.85 kB │ gzip:   0.49 kB
dist/assets/execution-prep-projection-helpers-I3Rk-jmI.js                 0.90 kB │ gzip:   0.44 kB
dist/assets/history-De69zu3I.js                                           0.94 kB │ gzip:   0.61 kB
dist/assets/payment-sync-Mqf_77_R.js                                      0.97 kB │ gzip:   0.62 kB
dist/assets/print-service-Cb4Z7TQ8.js                                     1.00 kB │ gzip:   0.50 kB
dist/assets/pda-runtime-DqhwxPK3.js                                       1.02 kB │ gzip:   0.56 kB
dist/assets/pda-sewing-self-return-mode-CVT5AEl1.js                       1.07 kB │ gzip:   0.54 kB
dist/assets/detail.adapter-C9vnmNLM.js                                    1.08 kB │ gzip:   0.68 kB
dist/assets/process-work-order-generation-service-zI4NcPsI.js             1.08 kB │ gzip:   0.65 kB
dist/assets/dialogs-W5jFUbZ6.js                                           1.08 kB │ gzip:   0.49 kB
dist/assets/dyeing-material-receipts-Cvzkr7k_.js                          1.11 kB │ gzip:   0.73 kB
dist/assets/overview-BqOWi7-o.js                                          1.25 kB │ gzip:   0.69 kB
dist/assets/process-work-order-source-view-BKeLiXV3.js                    1.31 kB │ gzip:   0.58 kB
dist/assets/work-order-action-policy-4O75zwZC.js                          1.34 kB │ gzip:   0.68 kB
dist/assets/filter-bar-Bml7EGN9.js                                        1.49 kB │ gzip:   0.81 kB
dist/assets/work-order-detail-C0NXWQu5.js                                 1.51 kB │ gzip:   0.71 kB
dist/assets/material-identity-ClJnYEDg.js                                 1.54 kB │ gzip:   0.85 kB
dist/assets/supplement-material-prep-demand-registry-DI-N3DvB.js          1.56 kB │ gzip:   0.75 kB
dist/assets/task-handover-domain-BzJ9FUUA.js                              1.57 kB │ gzip:   0.76 kB
dist/assets/warehouse-shared-D7NoRnR-.js                                  1.57 kB │ gzip:   0.51 kB
dist/assets/pda-cutting-wait-handover-actions-O0fUDplO.js                 1.58 kB │ gzip:   0.62 kB
dist/assets/task-chain-pages-adapter-CO-lUlxl.js                          1.72 kB │ gzip:   0.85 kB
dist/assets/production-contract-print-CTF4ZJjZ.js                         1.73 kB │ gzip:   1.04 kB
dist/assets/dialog-CG7dHqQC.js                                            1.73 kB │ gzip:   0.83 kB
dist/assets/wool-pda-scan-D5RiDCwj.js                                     1.79 kB │ gzip:   0.99 kB
dist/assets/real-barcode-CWPYjCrr.js                                      1.81 kB │ gzip:   0.97 kB
dist/assets/toast-CbRo0OoF.js                                             1.87 kB │ gzip:   0.91 kB
dist/assets/printing-sheet-preview-DbhbWHa7.js                            1.88 kB │ gzip:   0.99 kB
dist/assets/kol-goto-fixed-total-ledger-0pqTP1zy.js                       1.93 kB │ gzip:   0.92 kB
dist/assets/table-DmeddU_N.js                                             2.04 kB │ gzip:   1.03 kB
dist/assets/pda-cutting-simple-cut-piece-handover-BL3zzGcx.js             2.10 kB │ gzip:   1.09 kB
dist/assets/shared-CS1sadPJ.js                                            2.18 kB │ gzip:   1.03 kB
dist/assets/binding-process-pda-scan-C6H8VLY1.js                          2.18 kB │ gzip:   1.13 kB
dist/assets/special-craft-pda-scope-CS_tLE3Y.js                           2.22 kB │ gzip:   1.01 kB
dist/assets/helpers-BFKa6pUf.js                                           2.42 kB │ gzip:   1.21 kB
dist/assets/shared-DQuzfO-g.js                                            2.70 kB │ gzip:   1.03 kB
dist/assets/process-order-list-presentation-rVrZKhFI.js                   2.71 kB │ gzip:   1.27 kB
dist/assets/marker-plan-projection-Ddf3LwED.js                            2.77 kB │ gzip:   1.18 kB
dist/assets/post-finishing-spu-technical-parameters-B8cZr9te.js           2.79 kB │ gzip:   1.28 kB
dist/assets/authorization-code-BGjuvHi_.js                                2.87 kB │ gzip:   1.40 kB
dist/assets/confirmation-print-0gpOXxXx.js                                2.95 kB │ gzip:   1.26 kB
dist/assets/process-order-task-relations-CgVWEIY-.js                      2.97 kB │ gzip:   1.29 kB
dist/assets/production-order-identity-BocmIj7x.js                         3.00 kB │ gzip:   1.24 kB
dist/assets/progress-board-Do774rvs.js                                    3.05 kB │ gzip:   1.45 kB
dist/assets/tabs-DPBAtUqz.js                                              3.09 kB │ gzip:   0.93 kB
dist/assets/pda-cutting-runtime-action-inputs-ym7PRblk.js                 3.15 kB │ gzip:   1.09 kB
dist/assets/task-route-card-B14J_SjL.js                                   3.21 kB │ gzip:   1.40 kB
dist/assets/task-delivery-card-CuE0UFfy.js                                3.27 kB │ gzip:   1.48 kB
dist/assets/cutting-mainline-CIBf2w2b.js                                  3.41 kB │ gzip:   1.53 kB
dist/assets/transfer-bags-projection-DMISCCnI.js                          3.52 kB │ gzip:   1.48 kB
dist/assets/fcs-route-links-Dl-VJ-4c.js                                   3.57 kB │ gzip:   1.16 kB
dist/assets/binding-process-warehouse-linkage-service-DeojzgfH.js         3.63 kB │ gzip:   1.38 kB
dist/assets/quality-chain-adapter-DX5aELtd.js                             3.68 kB │ gzip:   1.66 kB
dist/assets/shared-Dd4_GfdY.js                                            3.73 kB │ gzip:   1.69 kB
dist/assets/engineering-file-upload-CorZLmGJ.js                           3.77 kB │ gzip:   1.71 kB
dist/assets/shared-Dn_OEzEI.js                                            3.91 kB │ gzip:   1.64 kB
dist/assets/transfer-bag-repack-mock-BsPgzGtV.js                          3.95 kB │ gzip:   1.82 kB
dist/assets/sewing-outsourcing-demo-BfFn95N-.js                           3.95 kB │ gzip:   1.58 kB
dist/assets/dashboards-BJyxBHta.js                                        4.06 kB │ gzip:   2.00 kB
dist/assets/form-m7QNVBMD.js                                              4.37 kB │ gzip:   1.39 kB
dist/assets/routes-pda-Dn8IUAI7.js                                        4.39 kB │ gzip:   1.68 kB
dist/assets/sewing-outsourcing-responsibility-BsJGYQEh.js                 4.42 kB │ gzip:   1.95 kB
dist/assets/supplement-order-registry-CHnc7juB.js                         4.49 kB │ gzip:   1.76 kB
dist/assets/preparation-material-receipt-sources-D--8UHPZ.js              4.68 kB │ gzip:   1.95 kB
dist/assets/layout.helpers-DQ1X4en8.js                                    4.76 kB │ gzip:   1.73 kB
dist/assets/runtime-task-tenders-YGz6fHpq.js                              4.76 kB │ gzip:   1.94 kB
dist/assets/relations-CwanHebx.js                                         4.77 kB │ gzip:   2.17 kB
dist/assets/process-order-list-controller-CWjWcXIR.js                     4.83 kB │ gzip:   1.86 kB
dist/assets/store-domain-dispatch-process-BnJOnPpd.js                     5.01 kB │ gzip:   1.95 kB
dist/assets/process-work-order-quality-settlement-DTNxerFK.js             5.33 kB │ gzip:   2.20 kB
dist/assets/dispatch-task-sheet-Bs_BNoRW.js                               5.56 kB │ gzip:   2.65 kB
dist/assets/routes-pcs-DcvxI0e8.js                                        5.62 kB │ gzip:   1.62 kB
dist/assets/process-order-three-axis-view-BjzQXplr.js                     5.73 kB │ gzip:   2.30 kB
dist/assets/production-contract-center-C_P2h57U.js                        5.77 kB │ gzip:   2.47 kB
dist/assets/pda-cutting-nav-context-Dvs_mjbI.js                           5.95 kB │ gzip:   1.40 kB
dist/assets/fcs-pda-pickup-dispute-6zeYS9cb.js                            6.19 kB │ gzip:   2.19 kB
dist/assets/material-handover-D3k7pGI0.js                                 6.21 kB │ gzip:   2.42 kB
dist/assets/pcs-project-technical-data-writeback-BRJQHhsz.js              6.25 kB │ gzip:   2.41 kB
dist/assets/warehouse-standard-C6R2DSkY.js                                6.26 kB │ gzip:   2.08 kB
dist/assets/fact-view-CmGbA8eF.js                                         6.29 kB │ gzip:   2.07 kB
dist/assets/statistics-ywKZO-JX.js                                        6.31 kB │ gzip:   1.89 kB
dist/assets/pda-notify-B81oVGNL.js                                        6.42 kB │ gzip:   2.34 kB
dist/assets/pda-transfer-bag-detail-tMkO_gy1.js                           6.49 kB │ gzip:   2.34 kB
dist/assets/sewing-outsourcing-supplement-tracking-D9Kgq2zx.js            6.63 kB │ gzip:   2.89 kB
dist/assets/shared-CdseG8Z0.js                                            6.82 kB │ gzip:   2.51 kB
dist/assets/production-contract-master-template-D8ChAncS.js               6.85 kB │ gzip:   2.74 kB
dist/assets/dye-work-order-times-CxLziefL.js                              7.12 kB │ gzip:   2.52 kB
dist/assets/pda-cutting-execution-unit-Dm_pWY38.js                        7.15 kB │ gzip:   2.70 kB
dist/assets/pda-notify-detail-BvgonTH1.js                                 7.31 kB │ gzip:   2.30 kB
dist/assets/overview.helpers-BP2F5Yu8.js                                  7.36 kB │ gzip:   2.88 kB
dist/assets/pda-cutting-fei-ticket-numbering-DZ85SViM.js                  7.40 kB │ gzip:   2.47 kB
dist/assets/settlement-flow-boundaries-DbkSNas3.js                        7.43 kB │ gzip:   2.53 kB
dist/assets/pda-warehouse-BikVruus.js                                     7.48 kB │ gzip:   2.99 kB
dist/assets/production-craft-dict-DHvBOYzl.js                             7.51 kB │ gzip:   2.82 kB
dist/assets/sewing-outsourcing-return-tracking-CZRp5-el.js                7.58 kB │ gzip:   2.84 kB
dist/assets/workbench-D5gp5TvX.js                                         7.61 kB │ gzip:   3.12 kB
dist/assets/pda-cutting-transfer-bag-recovery-D3jS-7MU.js                 7.70 kB │ gzip:   3.23 kB
dist/assets/pcs-material-archive-detail-uo-jUQ-d.js                       7.71 kB │ gzip:   2.70 kB
dist/assets/supplement-node-facts-DUeBgYN1.js                             7.77 kB │ gzip:   2.85 kB
dist/assets/production-contracts-DnlgFnCI.js                              8.06 kB │ gzip:   2.73 kB
dist/assets/pda-cutting-transfer-bag-scrap-CopchrFD.js                    8.08 kB │ gzip:   3.35 kB
dist/assets/progress-exception-lifecycle-BJx0gSBY.js                      8.09 kB │ gzip:   2.70 kB
dist/assets/statistics-DJ0ipjuY.js                                        8.41 kB │ gzip:   3.65 kB
dist/assets/milestone-configs-CEDvK8wP.js                                 8.42 kB │ gzip:   2.94 kB
dist/assets/pre-settlement-ledger-repository-6fVtpJ1H.js                  8.64 kB │ gzip:   2.95 kB
dist/assets/pcs-pattern-library-config-BDckReUB.js                        8.73 kB │ gzip:   2.37 kB
dist/assets/fei-ticket-numbering-Dc3VqYI9.js                              8.81 kB │ gzip:   3.09 kB
dist/assets/pda-cutting-shared-DbNWgg-G.js                                8.83 kB │ gzip:   2.72 kB
dist/assets/navigation-context-B6UbYdWX.js                                8.87 kB │ gzip:   2.46 kB
dist/assets/pda-login-DmaefOyu.js                                         8.91 kB │ gzip:   3.44 kB
dist/assets/yarn-shipments-BYY1SqMI.js                                    8.92 kB │ gzip:   4.04 kB
dist/assets/list-VNfP1dxS.js                                              9.04 kB │ gzip:   3.01 kB
dist/assets/dye-work-order-online-domain-1wpbFSfp.js                      9.53 kB │ gzip:   3.55 kB
dist/assets/sewing-pickup-slips-D9yALZKR.js                               9.56 kB │ gzip:   3.58 kB
dist/assets/production-return-fulfillment-D22GIBoZ.js                    10.02 kB │ gzip:   3.82 kB
dist/assets/handover-print-CO-a-Xew.js                                   10.61 kB │ gzip:   3.87 kB
dist/assets/task-breakdown-CTX7YBsX.js                                   11.01 kB │ gzip:   4.04 kB
dist/assets/presentation-B1PtJ7ar.js                                     11.02 kB │ gzip:   4.53 kB
dist/assets/tasks-D-0rc8h-.js                                            11.26 kB │ gzip:   4.32 kB
dist/assets/material-transfers-C2Gndv_4.js                               11.28 kB │ gzip:   3.91 kB
dist/assets/pda-exec-link-D_trxdcc.js                                    11.32 kB │ gzip:   3.69 kB
dist/assets/material-prep-DFA3vak_.js                                    11.40 kB │ gzip:   2.68 kB
dist/assets/dyeing-warehouse-view-CQ3HkuDW.js                            11.46 kB │ gzip:   3.93 kB
dist/assets/process-statistics-domain-oXYJa6nB.js                        12.19 kB │ gzip:   3.97 kB
dist/assets/task-execution-adapter-B7wWwH8o.js                           12.20 kB │ gzip:   3.64 kB
dist/assets/pickup-management-runtime-B2qyQXUI.js                        12.20 kB │ gzip:   4.71 kB
dist/assets/wls-inbound-Ca-D8je7.js                                      12.39 kB │ gzip:   4.76 kB
dist/assets/returns-D-9k6E2f.js                                          12.40 kB │ gzip:   4.58 kB
dist/assets/cut-piece-return-warehouse-EIhuHI38.js                       12.43 kB │ gzip:   4.36 kB
dist/assets/meta-BDtgKZbK.js                                             12.79 kB │ gzip:   2.87 kB
dist/assets/context-B6O0p87G.js                                          12.97 kB │ gzip:   4.57 kB
dist/assets/responsibility-transfers-DomBJnkq.js                         13.03 kB │ gzip:   4.87 kB
dist/assets/supplements-RjqGgLsB.js                                      13.14 kB │ gzip:   4.74 kB
dist/assets/handover-records-BCkCWlg7.js                                 13.14 kB │ gzip:   4.14 kB
dist/assets/wls-finished-inbound-qhxyVJ3l.js                             13.23 kB │ gzip:   5.02 kB
dist/assets/pda-start-link-D3fm-7RU.js                                   13.37 kB │ gzip:   4.74 kB
dist/assets/work-orders-SyhwxaIC.js                                      13.84 kB │ gzip:   4.66 kB
dist/assets/mobile-execution-task-index-CVJ5uf-8.js                      13.96 kB │ gzip:   3.70 kB
dist/assets/workbench-BLn89NCF.js                                        14.03 kB │ gzip:   4.05 kB
dist/assets/work-order-detail-DEZ3KOG2.js                                14.13 kB │ gzip:   4.46 kB
dist/assets/post-finishing-qc-print-template-CM0lcl8V.js                 14.45 kB │ gzip:   4.45 kB
dist/assets/work-orders-C3Kk7gQ3.js                                      14.70 kB │ gzip:   4.77 kB
dist/assets/reports-Dwat1baJ.js                                          14.75 kB │ gzip:   3.54 kB
dist/assets/full-flow-print-B-_jgbmX.js                                  14.84 kB │ gzip:   4.80 kB
dist/assets/progress-handover-order-CHL_GwzG.js                          15.06 kB │ gzip:   4.30 kB
dist/assets/pcs-engineering-tech-pack-workspace-ipRPfPPa.js              15.18 kB │ gzip:   5.42 kB
dist/assets/cut-order-release-integration-ChahfeLb.js                    15.21 kB │ gzip:   5.40 kB
dist/assets/machines-Dab9Yc5M.js                                         15.31 kB │ gzip:   5.01 kB
dist/assets/outbound-orders-CkwmSTy3.js                                  15.34 kB │ gzip:   4.92 kB
dist/assets/pda-cutting-task-detail-DFceifUT.js                          15.50 kB │ gzip:   5.38 kB
dist/assets/simple-cut-piece-handover-fixtures-D_64YKZP.js               15.90 kB │ gzip:   5.27 kB
dist/assets/process-web-status-actions-YY6UuaMY.js                       15.93 kB │ gzip:   4.22 kB
dist/assets/pda-sewing-self-return-CIqrDJZP.js                           15.95 kB │ gzip:   5.24 kB
dist/assets/cut-order-supplement-fixture-C5psTJc_.js                     15.97 kB │ gzip:   4.83 kB
dist/assets/progress-cutting-detail-Dm10k9w-.js                          15.99 kB │ gzip:   3.76 kB
dist/assets/garment-spu-replacement-B7PigKuE.js                          16.01 kB │ gzip:   4.85 kB
dist/assets/handover-ledger-view-C7rbsd2h.js                             16.17 kB │ gzip:   4.45 kB
dist/assets/wls-garment-relabel-tasks-B3hCJlWn.js                        16.20 kB │ gzip:   5.30 kB
dist/assets/pda-notify-due-soon-DWclUDlF.js                              16.43 kB │ gzip:   5.48 kB
dist/assets/events-DVFo9RdQ.js                                           16.92 kB │ gzip:   6.62 kB
dist/assets/pda-handlers-yzXRIpnx.js                                     16.93 kB │ gzip:   4.41 kB
dist/assets/sewing-cut-piece-return-workflow-F-VMpINE.js                 17.18 kB │ gzip:   6.07 kB
dist/assets/warehouse-DVySXmD6.js                                        17.25 kB │ gzip:   5.36 kB
dist/assets/production-confirmation-BpEzXMyy.js                          17.25 kB │ gzip:   5.89 kB
dist/assets/marker-spreading-projection-BOB66kXI.js                      17.48 kB │ gzip:   5.53 kB
dist/assets/sewing-cut-piece-responsibility-DVGZCjud.js                  17.53 kB │ gzip:   5.25 kB
dist/assets/process-mobile-task-binding-BOFhJBG3.js                      17.56 kB │ gzip:   6.14 kB
dist/assets/pda-warehouse-inbound-records-nD2rMRI1.js                    17.91 kB │ gzip:   4.97 kB
dist/assets/adjustments-Usy4UU7H.js                                      18.11 kB │ gzip:   5.47 kB
dist/assets/purchase-demands-DLaOAMMT.js                                 18.28 kB │ gzip:   5.86 kB
dist/assets/pda-warehouse-outbound-records-CYyb8WpE.js                   18.40 kB │ gzip:   5.19 kB
dist/assets/pda-warehouse-shared-DOG_U6Mt.js                             18.43 kB │ gzip:   5.41 kB
dist/assets/task-orders-nRWK3cZZ.js                                      18.49 kB │ gzip:   6.21 kB
dist/assets/platform-process-result-view-CLGCalNX.js                     18.53 kB │ gzip:   5.32 kB
dist/assets/store-domain-statement-source-adapter-BIBSYsUk.js            18.56 kB │ gzip:   5.30 kB
dist/assets/sewing-outsourcing-workbench-C_RJMYpA.js                     18.65 kB │ gzip:   6.46 kB
dist/assets/process-water-soluble-orders-D0vAqsdY.js                     18.80 kB │ gzip:   5.72 kB
dist/assets/production-demand-early-process-work-orders-mFUnAfzH.js      18.82 kB │ gzip:   5.60 kB
dist/assets/kol-goto-pda-domain-BIo-2N8h.js                              19.16 kB │ gzip:   6.51 kB
dist/assets/platform.adapter-DdmlvYam.js                                 19.25 kB │ gzip:   6.09 kB
dist/assets/shared-Db-dFyD8.js                                           19.47 kB │ gzip:   5.27 kB
dist/assets/audit-records-DSEcLJi8.js                                    19.65 kB │ gzip:   6.34 kB
dist/assets/factory-sample-verification-flow-WZuZDzl1.js                 19.86 kB │ gzip:   4.87 kB
dist/assets/index-B2PUq7VW.js                                            20.17 kB │ gzip:   5.20 kB
dist/assets/pcs-engineering-master-list-BfENqlpX.js                      20.40 kB │ gzip:   6.93 kB
dist/assets/deduction-analysis-B_P83KHA.js                               20.56 kB │ gzip:   5.81 kB
dist/assets/fei-ticket-numbering-BX6nresL.js                             20.61 kB │ gzip:   5.67 kB
dist/assets/order-list-columns-CB9afQwj.js                               20.62 kB │ gzip:   6.46 kB
dist/assets/overview.adapter-IwGANSh-.js                                 20.65 kB │ gzip:   6.53 kB
dist/assets/events-DLon848t.js                                           21.11 kB │ gzip:   6.52 kB
dist/assets/work-order-detail-C8aEHFAJ.js                                21.13 kB │ gzip:   6.64 kB
dist/assets/pcs-engineering-master-view-model-x-5XNn_U.js                21.18 kB │ gzip:   7.02 kB
dist/assets/cut-piece-returns-Bo05Kam2.js                                21.55 kB │ gzip:   6.47 kB
dist/assets/cut-piece-handover-CWxg6zX2.js                               21.75 kB │ gzip:   6.93 kB
dist/assets/progress-cutting-overview-LcKc9qaF.js                        22.02 kB │ gzip:   4.99 kB
dist/assets/material-issue-CE42YiMp.js                                   22.02 kB │ gzip:   5.17 kB
dist/assets/tasks-BgmyNOrL.js                                            22.03 kB │ gzip:   6.97 kB
dist/assets/pms-purchase-orders-ChzHipTN.js                              22.06 kB │ gzip:   6.46 kB
dist/assets/pcs-project-detail-support-CzCqh3qP.js                       22.10 kB │ gzip:   6.80 kB
dist/assets/wls-accessory-receipts-CAOfuvJ2.js                           22.14 kB │ gzip:   6.67 kB
dist/assets/qc-workbench-DD1b8yIO.js                                     22.32 kB │ gzip:   6.88 kB
dist/assets/dye-work-order-online-view-DTdgHkKP.js                       22.47 kB │ gzip:   7.73 kB
dist/assets/recheck-orders-C3vk_8TF.js                                   22.50 kB │ gzip:   7.05 kB
dist/assets/production-order-duration-BkVzC8DY.js                        22.50 kB │ gzip:   8.55 kB
dist/assets/warehouse-location-map-model-F44vp7by.js                     22.52 kB │ gzip:   7.14 kB
dist/assets/material-statements-CWAQGZRy.js                              22.71 kB │ gzip:   5.99 kB
dist/assets/progress-statistics-linkage-CUwVZEAi.js                      22.82 kB │ gzip:   6.52 kB
dist/assets/simple-cut-piece-handover-ui-CAb6zYYL.js                     23.02 kB │ gzip:   8.88 kB
dist/assets/process-order-task-links-DThBNxpH.js                         23.49 kB │ gzip:   6.38 kB
dist/assets/process-print-orders-blJlu66c.js                             23.59 kB │ gzip:   7.72 kB
dist/assets/qc-orders-DXl_Nrq_.js                                        23.61 kB │ gzip:   7.31 kB
dist/assets/pcs-handlers-BqZJd0hu.js                                     23.66 kB │ gzip:   6.12 kB
dist/assets/process-dye-orders--7C2YRRo.js                               23.77 kB │ gzip:   7.80 kB
dist/assets/machine-associations-D3_gSImQ.js                             24.42 kB │ gzip:   7.25 kB
dist/assets/fcs-production-tech-pack-snapshot-5hWpdO3I.js                24.58 kB │ gzip:   6.16 kB
dist/assets/retired-process-history-DADkys4o.js                          24.75 kB │ gzip:   6.40 kB
dist/assets/dialogs-B9zUrlnz.js                                          24.87 kB │ gzip:   6.15 kB
dist/assets/wls-fabric-demand-board-DjvW_dED.js                          25.08 kB │ gzip:   6.86 kB
dist/assets/pda-wool-fact-execution-CHv3N00v.js                          25.41 kB │ gzip:   8.33 kB
dist/assets/pda-warehouse-wait-handover-BqUIC4I2.js                      25.61 kB │ gzip:   6.38 kB
dist/assets/sample-approval-suggestions-BDVY3VB6.js                      25.93 kB │ gzip:   7.97 kB
dist/assets/progress-milestone-config-CwjROOFQ.js                        26.43 kB │ gzip:   5.64 kB
dist/assets/sample-warehouse-IK3fcEjg.js                                 26.63 kB │ gzip:   6.62 kB
dist/assets/marker-spreading-utils-CQ8j_kdX.js                           26.72 kB │ gzip:   7.83 kB
dist/assets/third-party-factory-rating-BGxUgBjU.js                       27.03 kB │ gzip:   7.57 kB
dist/assets/warehouse-location-map-DPSvw2eh.js                           27.06 kB │ gzip:   7.09 kB
dist/assets/pcs-channel-products-DcqchqA0.js                             27.09 kB │ gzip:   7.17 kB
dist/assets/pcs-pattern-library-detail-BNCdH1am.js                       27.58 kB │ gzip:   6.56 kB
dist/assets/warehouse-eIGvxfgK.js                                        28.08 kB │ gzip:   9.32 kB
dist/assets/production-order-progress-tracking-DpZXJPW2.js               28.21 kB │ gzip:   9.21 kB
dist/assets/factory-status-DLxCLH0Q.js                                   28.39 kB │ gzip:   6.00 kB
dist/assets/pcs-engineering-master-detail-B5SuCgz5.js                    28.51 kB │ gzip:   8.35 kB
dist/assets/task-detail-e8DQt-8k.js                                      28.64 kB │ gzip:   8.32 kB
dist/assets/marker-plan-source-model-CvfTUt2V.js                         28.86 kB │ gzip:   8.45 kB
dist/assets/progress-cutting-exception-center-DJjw35u7.js                29.08 kB │ gzip:   6.45 kB
dist/assets/handover-orders-Cv67IVAW.js                                  30.04 kB │ gzip:   8.25 kB
dist/assets/early-process-management-CB654zjt.js                         30.06 kB │ gzip:   7.55 kB
dist/assets/pcs-config-workspace-DVSN7m9U.js                             30.75 kB │ gzip:   6.77 kB
dist/assets/process-warehouse-domain-DTu_dKf8.js                         31.15 kB │ gzip:   7.02 kB
dist/assets/capability-rnxqKE3Z.js                                       31.64 kB │ gzip:   6.68 kB
dist/assets/pda-shell-Da6DLwIG.js                                        32.19 kB │ gzip:   8.32 kB
dist/assets/factory-performance-DVrtW-Ex.js                              32.27 kB │ gzip:   6.72 kB
dist/assets/garment-spu-replacements-DqDBv5RM.js                         32.30 kB │ gzip:   9.07 kB
dist/assets/dialogs-BnsAIvgq.js                                          32.55 kB │ gzip:   9.78 kB
dist/assets/cut-piece-return-domain-BG1DXZPO.js                          33.09 kB │ gzip:   9.74 kB
dist/assets/work-order-detail-3o83OGND.js                                33.33 kB │ gzip:   9.35 kB
dist/assets/pda-cutting-inbound-DusbuuwO.js                              33.44 kB │ gzip:  10.02 kB
dist/assets/store-domain-settlement-seeds-CrIG2rrd.js                    33.63 kB │ gzip:   8.98 kB
dist/assets/pcs-pattern-library-Slr-Z67-.js                              33.64 kB │ gzip:   7.63 kB
dist/assets/warehouse-runtime-C6rrjnAH.js                                33.70 kB │ gzip:   8.62 kB
dist/assets/pda-warehouse-stocktake-CoZLt9jL.js                          34.44 kB │ gzip:   8.62 kB
dist/assets/work-orders-BFBLfSuU.js                                      34.53 kB │ gzip:  11.55 kB
dist/assets/work-order-detail-BvLg4jRu.js                                34.57 kB │ gzip:   9.39 kB
dist/assets/pda-post-finishing-flow-BjMPSjaY.js                          34.75 kB │ gzip:   9.25 kB
dist/assets/work-orders-I9O-nJY3.js                                      34.81 kB │ gzip:  10.15 kB
dist/assets/dispatch-acceptance-sla-0n6njyX7.js                          34.91 kB │ gzip:   7.87 kB
dist/assets/pda-task-receive-detail-B55tV5ZS.js                          35.16 kB │ gzip:   8.39 kB
dist/assets/water-soluble-orders-DZj3U_lA.js                             35.86 kB │ gzip:  10.76 kB
dist/assets/pda-cutting-transfer-bag-repack-CsL1USEw.js                  35.90 kB │ gzip:  10.09 kB
dist/assets/work-order-detail-DhqF17UT.js                                36.11 kB │ gzip:   9.66 kB
dist/assets/pcs-technical-data-XoLR4cHz.js                               36.78 kB │ gzip:   9.80 kB
dist/assets/pcs-pattern-library-create-q5Mkt9DE.js                       36.89 kB │ gzip:   8.61 kB
dist/assets/special-processes-BezpMecq.js                                37.19 kB │ gzip:   9.50 kB
dist/assets/pda-quality-BlPTBeB8.js                                      37.34 kB │ gzip:   9.73 kB
dist/assets/third-party-factory-comprehensive-assessment-DTpsf3M7.js     37.39 kB │ gzip:  11.04 kB
dist/assets/warehouse-DB_lrnUF.js                                        38.02 kB │ gzip:  10.79 kB
dist/assets/cutting-statistics-ab-material-CVpNmmfJ.js                   38.09 kB │ gzip:   8.61 kB
dist/assets/fcs-handlers-BMe9F8Rt.js                                     38.10 kB │ gzip:  11.40 kB
dist/assets/pda-cutting-handover-CVqC8AoW.js                             38.97 kB │ gzip:  11.06 kB
dist/assets/wait-handover-runtime-BXKFcP1T.js                            41.22 kB │ gzip:  11.19 kB
dist/assets/print-styles-BshUiZbi.js                                     41.85 kB │ gzip:   8.56 kB
dist/assets/pending-receipts-B5C56dGJ.js                                 43.14 kB │ gzip:  15.34 kB
dist/assets/warehouse-DoFSzTcK.js                                        43.16 kB │ gzip:   9.80 kB
dist/assets/pcs-material-archives-J5h28mOB.js                            43.89 kB │ gzip:   9.61 kB
dist/assets/cutting-summary-BdeMCtiw.js                                  44.04 kB │ gzip:  11.50 kB
dist/assets/warehouse-DqSAaIYQ.js                                        44.11 kB │ gzip:  11.17 kB
dist/assets/handover-orders-B25TICpq.js                                  44.18 kB │ gzip:   8.79 kB
dist/assets/demand-domain-Ki8YavVR.js                                    44.54 kB │ gzip:   9.87 kB
dist/assets/batches-BGuQBZM_.js                                          46.41 kB │ gzip:   9.85 kB
dist/assets/dispatch-tenders-DJlDQXH6.js                                 47.23 kB │ gzip:  12.22 kB
dist/assets/dyeing-CQMY7107.js                                           47.45 kB │ gzip:  10.17 kB
dist/assets/printing-Cjxn5WM4.js                                         47.45 kB │ gzip:  10.18 kB
dist/assets/other-_gZfRmZO.js                                            47.46 kB │ gzip:  10.20 kB
dist/assets/settlement-linked-mock-factory-B2jhqqpI.js                   47.63 kB │ gzip:  14.44 kB
dist/assets/sewing-Cx9vF3qB.js                                           48.47 kB │ gzip:  10.52 kB
dist/assets/progress-material-DxX2buVG.js                                48.72 kB │ gzip:   9.35 kB
dist/assets/pda-task-receive-cgs_6fCo.js                                 49.07 kB │ gzip:  12.18 kB
dist/assets/pda-cutting-execution-source-DQ94ipO4.js                     49.80 kB │ gzip:  13.47 kB
dist/assets/pda-handover-BwctOceg.js                                     50.20 kB │ gzip:  13.19 kB
dist/assets/pda-onboarding-DM0LtDHL.js                                   50.50 kB │ gzip:  10.76 kB
dist/assets/marker-plan-model-GWbPrSr1.js                                51.50 kB │ gzip:  14.70 kB
dist/assets/store-domain-progress-CKZhgZVu.js                            52.91 kB │ gzip:  11.71 kB
dist/assets/settlement-cutting-input-S9dmaXRc.js                         53.56 kB │ gzip:  11.03 kB
dist/assets/lace-factory-domain-BTkNWwGS.js                              53.70 kB │ gzip:  13.35 kB
dist/assets/pcs-part-template-library-DfAFEYKL.js                        53.77 kB │ gzip:  11.06 kB
dist/assets/progress-urge-CCUAfGkX.js                                    56.35 kB │ gzip:  11.39 kB
dist/assets/pda-cutting-spreading-H0TfO8PY.js                            56.50 kB │ gzip:  13.05 kB
dist/assets/warehouse-location-map-ZKEv6a6f.js                           56.76 kB │ gzip:  16.81 kB
dist/assets/marker-plan-occupancy-BTOT1BB0.js                            57.09 kB │ gzip:  16.02 kB
dist/assets/domain-snapshot-C76ZQ_V0.js                                  59.32 kB │ gzip:  15.87 kB
dist/assets/routes-fcs-CGdzgV7b.js                                       59.46 kB │ gzip:  12.31 kB
dist/assets/pda-settlement-CLIeJ6Tu.js                                   60.02 kB │ gzip:  13.61 kB
dist/assets/cut-piece-release-Co-zt0tQ.js                                60.06 kB │ gzip:  15.81 kB
dist/assets/factory-profile-CxfuJ1Dv.js                                  61.15 kB │ gzip:  14.03 kB
dist/assets/pickup-management-list-QuaFXCoj.js                           61.36 kB │ gzip:  17.09 kB
dist/assets/pcs-live-testing-C-qewuaD.js                                 62.64 kB │ gzip:  15.76 kB
dist/assets/cutting-BwmRSY3V.js                                          62.79 kB │ gzip:  12.94 kB
dist/assets/progress-handover-M-0oFroQ.js                                63.78 kB │ gzip:  13.54 kB
dist/assets/production-object-overview-aY7-grsz.js                       64.69 kB │ gzip:  13.11 kB
dist/assets/pcs-video-testing-2ews_CDC.js                                64.81 kB │ gzip:  16.19 kB
dist/assets/production-object-overview-6Hf53B_j.js                       65.32 kB │ gzip:  15.33 kB
dist/assets/output-documents-D3-2fdZ6.js                                 65.92 kB │ gzip:  22.54 kB
dist/assets/pda-exec-EKnndG21.js                                         66.81 kB │ gzip:  15.25 kB
dist/assets/pcs-sample-management-SGO9hgzZ.js                            67.46 kB │ gzip:  15.33 kB
dist/assets/core-cTamHMND.js                                             67.54 kB │ gzip:  12.55 kB
dist/assets/cutting-daily-production-report-BRA4c9de.js                  68.05 kB │ gzip:  19.05 kB
dist/assets/sewing-dispatch-DycXMMy9.js                                  69.07 kB │ gzip:  18.00 kB
dist/assets/pcs-channel-stores-wjtEeQ83.js                               69.22 kB │ gzip:  14.30 kB
dist/assets/context-D88mphFl.js                                          69.43 kB │ gzip:  21.32 kB
dist/assets/progress-exceptions-De-HgLpG.js                              70.30 kB │ gzip:  13.27 kB
dist/assets/qc-records-DH2oGy52.js                                       71.00 kB │ gzip:  15.95 kB
dist/assets/wait-handover-actions-BY8asQRU.js                            71.83 kB │ gzip:  18.16 kB
dist/assets/special-craft-fei-ticket-flow-CW56v8eL.js                    72.43 kB │ gzip:  16.42 kB
dist/assets/transfer-bags-1VpZkERr.js                                    72.70 kB │ gzip:  18.37 kB
dist/assets/pda-handover-detail-C-dCxR1R.js                              74.57 kB │ gzip:  18.15 kB
dist/assets/factory-onboarding-DVtstVcx.js                               75.21 kB │ gzip:  12.66 kB
dist/assets/process-action-writeback-service-BMSplId4.js                 75.52 kB │ gzip:  17.14 kB
dist/assets/settlement-DHBJODMj.js                                       75.54 kB │ gzip:  11.55 kB
dist/assets/dialogs-Cx5Sy4GA.js                                          75.66 kB │ gzip:  18.69 kB
dist/assets/orders-domain-BYQLjG5W.js                                    76.23 kB │ gzip:  16.86 kB
dist/assets/pcs-independent-sampling-CWKXPQz7.js                         76.92 kB │ gzip:  19.56 kB
dist/assets/transfer-bag-operations-CTl_3tE9.js                          77.91 kB │ gzip:  19.21 kB
dist/assets/runtime-projections-M06VLmhP.js                              78.01 kB │ gzip:  18.43 kB
dist/assets/production-progress-1MOYP7o9.js                              80.58 kB │ gzip:  20.33 kB
dist/assets/pda-warehouse-wait-process-B6XXpED2.js                       87.21 kB │ gzip:  21.09 kB
dist/assets/special-craft-task-orders-BNHp_DxH.js                        89.69 kB │ gzip:  23.67 kB
dist/assets/events-HyG5Zwgt.js                                           90.02 kB │ gzip:  22.17 kB
dist/assets/factory-onboarding-flow-Dw31WSTN.js                          90.59 kB │ gzip:  23.31 kB
dist/assets/dispatch-uRb4JXZH.js                                         91.34 kB │ gzip:  27.77 kB
dist/assets/cut-orders-BR-meu31.js                                       94.65 kB │ gzip:  24.40 kB
dist/assets/app-shared-BQANSJSR.js                                      103.28 kB │ gzip:  25.45 kB
dist/assets/pcs-product-archives-BkuJy3Fo.js                            106.20 kB │ gzip:  21.44 kB
dist/assets/events-CmZOmJ_h.js                                          108.33 kB │ gzip:  26.65 kB
dist/assets/index-BYOGrcCz.js                                           109.42 kB │ gzip:  39.84 kB
dist/assets/transfer-bag-return-model-BiSnl_Xn.js                       112.94 kB │ gzip:  26.62 kB
dist/assets/supplement-management-DFswSv8k.js                           113.22 kB │ gzip:  29.91 kB
dist/assets/unified-dispatch-workbench-B9EpLhWU.js                      117.98 kB │ gzip:  33.08 kB
dist/assets/statements-D6ms3BUv.js                                      119.48 kB │ gzip:  24.43 kB
dist/assets/pcs-engineering-tasks-zWN0UXlq.js                           121.82 kB │ gzip:  27.76 kB
dist/assets/context-DIj6bcMe.js                                         132.62 kB │ gzip:  34.29 kB
dist/assets/production-DyGgZJty.js                                      133.92 kB │ gzip:  27.39 kB
dist/assets/process-domain-mhPUS9c6.js                                  138.60 kB │ gzip:  25.80 kB
dist/assets/generated-fei-tickets-CRyK8-pj.js                           143.00 kB │ gzip:  36.15 kB
dist/assets/preparation-timing-DoMIAv1P.js                              145.92 kB │ gzip:  34.39 kB
dist/assets/marker-plan-DFQrpKjs.js                                     150.09 kB │ gzip:  35.40 kB
dist/assets/warehouse-hub-CR1QiHz6.js                                   152.62 kB │ gzip:  37.91 kB
dist/assets/marker-spreading-BzHC-m0Y.js                                154.05 kB │ gzip:  37.72 kB
dist/assets/fei-tickets-juQnbJ9L.js                                     196.45 kB │ gzip:  43.82 kB
dist/assets/pcs-projects-C5ztyFE8.js                                    232.17 kB │ gzip:  50.52 kB
dist/assets/pda-exec-detail-NjhjwM3k.js                                 232.25 kB │ gzip:  53.67 kB
dist/assets/print-preview-rWs4bZn_.js                                   257.62 kB │ gzip:  66.65 kB
dist/assets/index-t-PJB0H5.js                                           415.82 kB │ gzip: 114.91 kB
dist/assets/production-timeliness-BXXMIyLh.js                           459.90 kB │ gzip: 115.02 kB
dist/assets/production-source-shared-Bfd_imZn.js                      2,863.50 kB │ gzip: 706.78 kB

(!) Some chunks are larger than 550 kB after minification. Consider:
- Using dynamic import() to code-split the application
- Use build.rollupOptions.output.manualChunks to improve chunking: https://rollupjs.org/configuration-options/#output-manualchunks
- Adjust chunk size limit for this warning via build.chunkSizeWarningLimit.
✓ built in 12.06s
{"status":"implemented","receipt":"/tmp/dds-main-publication-20260918/task-receipt-publication.json","blockers":["最终改动已变化，必须重新运行相关检查"]}
