
> higoods-vanilla-clone@1.0.0 workflow:verify
> node --experimental-strip-types scripts/task-completion-receipt.ts verify --paths index.html,src/data/app-shell-config.ts,src/data/fcs/cut-piece-release.ts,src/data/fcs/cutting/production-material-prep.ts,src/data/fcs/dyeing-task-domain.ts,src/data/fcs/post-finishing-full-flow.ts,src/data/fcs/post-finishing-operation-log.ts,src/data/fcs/printing-task-domain.ts,src/data/fcs/process-craft-dict.ts,src/data/fcs/process-order-task-links.ts,src/data/fcs/process-work-order-domain.ts,src/data/fcs/production-artifact-generation.ts,src/data/fcs/production-order-tech-pack-runtime.ts,src/data/fcs/production-tech-pack-snapshot-builder.ts,src/data/pcs-project-domain-contract.ts,src/data/pcs-technical-data-version-repository.ts,src/main.ts,src/pages/material-decision/index.ts,src/pages/qc-records/detail-domain.ts,src/router/routes.ts,src/state/store.ts,vite.config.ts,scripts/check-dds-production-fulfillment-source-entry.mjs,scripts/check-dds-production-fulfillment-v3.mjs,scripts/check-dds-production-fulfillment-v4.mjs,scripts/check-dds-production-fulfillment.mjs,scripts/diagnose-dds-pf-source-entry.mjs,src/pages/material-decision/events-bridge.ts,src/pages/production-fulfillment/boundary-evidence.ts,src/pages/production-fulfillment/calculations.ts,src/pages/production-fulfillment/catalog.ts,src/pages/production-fulfillment/common.ts,src/pages/production-fulfillment/config-model.ts,src/pages/production-fulfillment/configuration.ts,src/pages/production-fulfillment/dashboards.ts,src/pages/production-fulfillment/data-issues.ts,src/pages/production-fulfillment/dependency-graph.ts,src/pages/production-fulfillment/events.ts,src/pages/production-fulfillment/evidence.ts,src/pages/production-fulfillment/examples.ts,src/pages/production-fulfillment/fixtures.ts,src/pages/production-fulfillment/index.ts,src/pages/production-fulfillment/mock-data.json,src/pages/production-fulfillment/model.ts,src/pages/production-fulfillment/rule-recalculation.ts,src/pages/production-fulfillment/scenarios.ts,src/pages/production-fulfillment/source-document-facts.ts,src/pages/production-fulfillment/source-tasks.ts,src/pages/production-fulfillment/source-views.css,src/pages/production-fulfillment/source-views.ts,src/pages/production-fulfillment/styles.css,src/pages/production-fulfillment/task-detail.ts,src/pages/production-fulfillment/tasks.ts,src/pages/production-fulfillment/timeline.ts,src/pages/production-fulfillment/ui-state.ts,tests/unit/material-decision-events-bridge.test.ts,tests/unit/production-artifact-source-selection.test.ts,tests/unit/production-fulfillment-boundary-evidence.test.ts,tests/unit/production-fulfillment-calculations.test.ts,tests/unit/production-fulfillment-configuration.test.ts,tests/unit/production-fulfillment-data-issues.test.ts,tests/unit/production-fulfillment-dependencies.test.ts,tests/unit/production-fulfillment-project-definition.test.ts,tests/unit/production-fulfillment-source-entry-relations.test.ts,tests/unit/production-fulfillment-sources.test.ts,tests/unit/production-fulfillment-task-rule-mappings.test.ts,tests/unit/production-order-tech-pack-runtime.test.ts,docs/product-design/production-fulfillment-timeliness/main-publication-20260918.md,docs/prototype-review-records/2026-09-18-dds-production-fulfillment-v4.md --output /tmp/dds-main-publication-20260918/task-receipt-scoped.json --task-boundary DDS当前进展Git发布；限定应用代码与本轮说明；性能9项超限、图片和业务缺口未结项

node:internal/modules/run_main:107
    triggerUncaughtException(
    ^

AssertionError [ERR_ASSERTION]: --paths 必须完整覆盖实际变更，不能遗漏或额外声明文件
+ actual - expected

  [
-   'docs/product-design/production-fulfillment-timeliness/assets/follower-overview.png',
-   'docs/product-design/production-fulfillment-timeliness/assets/task-timeline.png',
-   'docs/product-design/production-fulfillment-timeliness/build-design-fixtures.py',
-   'docs/product-design/production-fulfillment-timeliness/build-traceability.py',
-   'docs/product-design/production-fulfillment-timeliness/dependency-revision-v4.md',
-   'docs/product-design/production-fulfillment-timeliness/design-review.md',
-   'docs/product-design/production-fulfillment-timeliness/implementation-evidence-v2/README.md',
-   'docs/product-design/production-fulfillment-timeliness/implementation-evidence-v2/build-manifest-v2.json',
-   'docs/product-design/production-fulfillment-timeliness/implementation-evidence-v2/check-dds-production-fulfillment.mjs',
-   'docs/product-design/production-fulfillment-timeliness/implementation-evidence-v2/config-select-dependency-dialog.png',
-   'docs/product-design/production-fulfillment-timeliness/implementation-evidence-v2/config-select-mapping-dialog.png',
-   'docs/product-design/production-fulfillment-timeliness/implementation-evidence-v2/config-select-owner-dialog.png',
-   'docs/product-design/production-fulfillment-timeliness/implementation-evidence-v2/config-select-rule-dialog.png',
-   'docs/product-design/production-fulfillment-timeliness/implementation-evidence-v2/configuration-v2-1366.png',
-   'docs/product-design/production-fulfillment-timeliness/implementation-evidence-v2/follow-up-filters-1366.png',
-   'docs/product-design/production-fulfillment-timeliness/implementation-evidence-v2/fulfillment-filters-1366.png',
-   'docs/product-design/production-fulfillment-timeliness/implementation-evidence-v2/manifest.json',
-   'docs/product-design/production-fulfillment-timeliness/implementation-evidence-v2/metrics/metric-denominators-1366.png',
-   'docs/product-design/production-fulfillment-timeliness/implementation-evidence-v2/metrics/verification.json',
-   'docs/product-design/production-fulfillment-timeliness/implementation-evidence-v2/overview-filters-1366.png',
-   'docs/product-design/production-fulfillment-timeliness/implementation-evidence-v2/overview-v2-1366.png',
-   'docs/product-design/production-fulfillment-timeliness/implementation-evidence-v2/pf-v2-full-build.log',
-   'docs/product-design/production-fulfillment-timeliness/implementation-evidence-v2/pf-v2-full-build.log.raw.gz',
-   'docs/product-design/production-fulfillment-timeliness/implementation-evidence-v2/pf-v2-governance-all.log',
-   'docs/product-design/production-fulfillment-timeliness/implementation-evidence-v2/pf-v2-scope.log',
-   'docs/product-design/production-fulfillment-timeliness/implementation-evidence-v2/pf-v2-template.log',
-   'docs/product-design/production-fulfillment-timeliness/implementation-evidence-v2/pf-v2-tests.log',
-   'docs/product-design/production-fulfillment-timeliness/implementation-evidence-v2/regression/configuration-1366.png',
-   'docs/product-design/production-fulfillment-timeliness/implementation-evidence-v2/regression/gantt-1366.png',
-   'docs/product-design/production-fulfillment-timeliness/implementation-evidence-v2/regression/orders-export.csv',
-   'docs/product-design/production-fulfillment-timeliness/implementation-evidence-v2/regression/overview-1366.png',
-   'docs/product-design/production-fulfillment-timeliness/implementation-evidence-v2/regression/overview-1920.png',
-   'docs/product-design/production-fulfillment-timeliness/implementation-evidence-v2/regression/quantities-1366.png',
-   'docs/product-design/production-fulfillment-timeliness/implementation-evidence-v2/regression/task-1280.png',
-   'docs/product-design/production-fulfillment-timeliness/implementation-evidence-v2/regression/task-report.pdf',
-   'docs/product-design/production-fulfillment-timeliness/implementation-evidence-v2/regression/team-1024.png',
-   'docs/product-design/production-fulfillment-timeliness/implementation-evidence-v2/regression/verification.json',
-   'docs/product-design/production-fulfillment-timeliness/implementation-evidence-v2/summary.json',
-   'docs/product-design/production-fulfillment-timeliness/implementation-evidence-v2/task-v2-1366.png',
-   'docs/product-design/production-fulfillment-timeliness/implementation-evidence-v2/tasks-filters-1366.png',
-   'docs/product-design/production-fulfillment-timeliness/implementation-evidence-v2/teams-filters-1366.png',
-   'docs/product-design/production-fulfillment-timeliness/implementation-evidence-v2/verification.json',
-   'docs/product-design/production-fulfillment-timeliness/implementation-evidence-v2/work-drawer-v2.png',
-   'docs/product-design/production-fulfillment-timeliness/implementation-evidence-v2/work-items-filters-1366.png',
-   'docs/product-design/production-fulfillment-timeliness/implementation-evidence/adjacent-materials-1366.png',
-   'docs/product-design/production-fulfillment-timeliness/implementation-evidence/adjacent-regression.json',
-   'docs/product-design/production-fulfillment-timeliness/implementation-evidence/browser.log',
-   'docs/product-design/production-fulfillment-timeliness/implementation-evidence/build-manifest.json',
-   'docs/product-design/production-fulfillment-timeliness/implementation-evidence/build.log',
-   'docs/product-design/production-fulfillment-timeliness/implementation-evidence/build.log.raw.gz',
-   'docs/product-design/production-fulfillment-timeliness/implementation-evidence/configuration-1366.png',
-   'docs/product-design/production-fulfillment-timeliness/implementation-evidence/final-vite-build.log',
-   'docs/product-design/production-fulfillment-timeliness/implementation-evidence/final-vite-build.log.raw.gz',
-   'docs/product-design/production-fulfillment-timeliness/implementation-evidence/gantt-1366.png',
-   'docs/product-design/production-fulfillment-timeliness/implementation-evidence/image-inventory.md',
-   'docs/product-design/production-fulfillment-timeliness/implementation-evidence/list-governance.log',
-   'docs/product-design/production-fulfillment-timeliness/implementation-evidence/orders-export.csv',
-   'docs/product-design/production-fulfillment-timeliness/implementation-evidence/overview-1366.png',
-   'docs/product-design/production-fulfillment-timeliness/implementation-evidence/overview-1920.png',
-   'docs/product-design/production-fulfillment-timeliness/implementation-evidence/preflight-verification-20260917.json',
-   'docs/product-design/production-fulfillment-timeliness/implementation-evidence/preflight-verification-input-207ms.json',
-   'docs/product-design/production-fulfillment-timeliness/implementation-evidence/preflight-verification-load-221ms.json',
-   'docs/product-design/production-fulfillment-timeliness/implementation-evidence/prototype-governance.log',
-   'docs/product-design/production-fulfillment-timeliness/implementation-evidence/quantities-1366.png',
-   'docs/product-design/production-fulfillment-timeliness/implementation-evidence/summary.json',
-   'docs/product-design/production-fulfillment-timeliness/implementation-evidence/task-1280.png',
-   'docs/product-design/production-fulfillment-timeliness/implementation-evidence/task-report.pdf',
-   'docs/product-design/production-fulfillment-timeliness/implementation-evidence/team-1024.png',
-   'docs/product-design/production-fulfillment-timeliness/implementation-evidence/typescript-scope.log',
-   'docs/product-design/production-fulfillment-timeliness/implementation-evidence/verification.json',
-   'docs/product-design/production-fulfillment-timeliness/implementation-plan.md',
-   'docs/product-design/production-fulfillment-timeliness/implementation-review-v2.md',
-   'docs/product-design/production-fulfillment-timeliness/implementation-review.md',
-   'docs/product-design/production-fulfillment-timeliness/information-architecture-v2.md',
    'docs/product-design/production-fulfillment-timeliness/main-publication-20260918.md',
-   'docs/product-design/production-fulfillment-timeliness/mock-data.json',
-   'docs/product-design/production-fulfillment-timeliness/mock-scenarios.md',
-   'docs/product-design/production-fulfillment-timeliness/product-design.md',
-   'docs/product-design/production-fulfillment-timeliness/requirements-index.md',
-   'docs/product-design/production-fulfillment-timeliness/requirements-matrix-v1-audit-snapshot.csv',
-   'docs/product-design/production-fulfillment-timeliness/requirements-matrix.csv',
-   'docs/product-design/production-fulfillment-timeliness/review-v2-findings.md',
-   'docs/product-design/production-fulfillment-timeliness/review-v2-line-audit.csv',
-   'docs/product-design/production-fulfillment-timeliness/review-v2-resolution.md',
-   'docs/product-design/production-fulfillment-timeliness/source-alignment-v3.md',
-   'docs/product-design/production-fulfillment-timeliness/source-index.md',
-   'docs/product-design/production-fulfillment-timeliness/validation-results.json',
-   'docs/product-design/production-fulfillment-timeliness/work-item-catalog.md',
-   'docs/prototype-review-records/2026-09-17-dds-production-fulfillment-v2.md',
-   'docs/prototype-review-records/2026-09-17-dds-production-fulfillment-v3.md',
-   'docs/prototype-review-records/2026-09-17-dds-production-fulfillment.md',
    'docs/prototype-review-records/2026-09-18-dds-production-fulfillment-v4.md',
    'index.html',
-   'output/playwright/dds-main-publication-20260918/archive-map.json',
-   'output/playwright/dds-main-publication-20260918/diagnostics/configuration/measurement-script.mjs.txt',
-   'output/playwright/dds-main-publication-20260918/diagnostics/configuration/samples.json',
-   'output/playwright/dds-main-publication-20260918/diagnostics/configuration/verification.json',
-   'output/playwright/dds-main-publication-20260918/diagnostics/execution/measurement-script.mjs.txt',
-   'output/playwright/dds-main-publication-20260918/diagnostics/execution/samples.json',
-   'output/playwright/dds-main-publication-20260918/diagnostics/execution/verification.json',
-   'output/playwright/dds-main-publication-20260918/diagnostics/pcs/measurement-script.mjs.txt',
-   'output/playwright/dds-main-publication-20260918/diagnostics/pcs/samples.json',
-   'output/playwright/dds-main-publication-20260918/diagnostics/pcs/verification.json',
-   'output/playwright/dds-main-publication-20260918/material-supplement/measurement-script.mjs.txt',
-   'output/playwright/dds-main-publication-20260918/material-supplement/samples.json',
-   'output/playwright/dds-main-publication-20260918/material-supplement/verification.json',
-   'output/playwright/dds-main-publication-20260918/merged-browser-split/combined-verification.json',
-   'output/playwright/dds-main-publication-20260918/merged-browser-split/dependency-1366.png',
-   'output/playwright/dds-main-publication-20260918/merged-browser-split/measurement-script.mjs.txt',
-   'output/playwright/dds-main-publication-20260918/merged-browser-split/pcs-bom-raw.json',
-   'output/playwright/dds-main-publication-20260918/merged-browser-split/pcs-bom.log',
-   'output/playwright/dds-main-publication-20260918/merged-browser-split/source-entry.log',
-   'output/playwright/dds-main-publication-20260918/merged-browser-split/source-entry/demand-list-target-1.png',
-   'output/playwright/dds-main-publication-20260918/merged-browser-split/source-entry/demand-list-target-2.png',
-   'output/playwright/dds-main-publication-20260918/merged-browser-split/source-entry/demand-list-target-3.png',
-   'output/playwright/dds-main-publication-20260918/merged-browser-split/source-entry/demand-list-target-4.png',
-   'output/playwright/dds-main-publication-20260918/merged-browser-split/source-entry/demand-list-target-5.png',
-   'output/playwright/dds-main-publication-20260918/merged-browser-split/source-entry/execution-target-1.png',
-   'output/playwright/dds-main-publication-20260918/merged-browser-split/source-entry/execution-target-2.png',
-   'output/playwright/dds-main-publication-20260918/merged-browser-split/source-entry/execution-target-3.png',
-   'output/playwright/dds-main-publication-20260918/merged-browser-split/source-entry/execution-target-4.png',
-   'output/playwright/dds-main-publication-20260918/merged-browser-split/source-entry/execution-target-5.png',
-   'output/playwright/dds-main-publication-20260918/merged-browser-split/source-entry/measurement-script.mjs.txt',
-   'output/playwright/dds-main-publication-20260918/merged-browser-split/source-entry/qc-target-1.png',
-   'output/playwright/dds-main-publication-20260918/merged-browser-split/source-entry/qc-target-2.png',
-   'output/playwright/dds-main-publication-20260918/merged-browser-split/source-entry/qc-target-3.png',
-   'output/playwright/dds-main-publication-20260918/merged-browser-split/source-entry/qc-target-4.png',
-   'output/playwright/dds-main-publication-20260918/merged-browser-split/source-entry/qc-target-5.png',
-   'output/playwright/dds-main-publication-20260918/merged-browser-split/source-entry/verification.json',
-   'output/playwright/dds-main-publication-20260918/merged-browser-split/summary-DEM-202603-0005_qc_QC-RIB-202603-0002.png',
-   'output/playwright/dds-main-publication-20260918/merged-browser-split/summary-DEM-202603-0005_route_tdv_demand_SPU_2024_005-process-cut.png',
-   'output/playwright/dds-main-publication-20260918/merged-browser-split/verification.json',
-   'output/playwright/dds-main-publication-20260918/merged-browser/combined-verification.json',
-   'output/playwright/dds-main-publication-20260918/merged-browser/dependency-1366.png',
-   'output/playwright/dds-main-publication-20260918/merged-browser/failure-1-merged-material-first-entry-no-dds-bundl.png',
-   'output/playwright/dds-main-publication-20260918/merged-browser/measurement-script.mjs.txt',
-   'output/playwright/dds-main-publication-20260918/merged-browser/pcs-bom-raw.json',
-   'output/playwright/dds-main-publication-20260918/merged-browser/pcs-bom.log',
-   'output/playwright/dds-main-publication-20260918/merged-browser/source-entry.log',
-   'output/playwright/dds-main-publication-20260918/merged-browser/source-entry/demand-list-target-1.png',
-   'output/playwright/dds-main-publication-20260918/merged-browser/source-entry/demand-list-target-2.png',
-   'output/playwright/dds-main-publication-20260918/merged-browser/source-entry/demand-list-target-3.png',
-   'output/playwright/dds-main-publication-20260918/merged-browser/source-entry/demand-list-target-4.png',
-   'output/playwright/dds-main-publication-20260918/merged-browser/source-entry/demand-list-target-5.png',
-   'output/playwright/dds-main-publication-20260918/merged-browser/source-entry/execution-target-1.png',
-   'output/playwright/dds-main-publication-20260918/merged-browser/source-entry/execution-target-2.png',
-   'output/playwright/dds-main-publication-20260918/merged-browser/source-entry/execution-target-3.png',
-   'output/playwright/dds-main-publication-20260918/merged-browser/source-entry/execution-target-4.png',
-   'output/playwright/dds-main-publication-20260918/merged-browser/source-entry/execution-target-5.png',
-   'output/playwright/dds-main-publication-20260918/merged-browser/source-entry/measurement-script.mjs.txt',
-   'output/playwright/dds-main-publication-20260918/merged-browser/source-entry/qc-target-1.png',
-   'output/playwright/dds-main-publication-20260918/merged-browser/source-entry/qc-target-2.png',
-   'output/playwright/dds-main-publication-20260918/merged-browser/source-entry/qc-target-3.png',
-   'output/playwright/dds-main-publication-20260918/merged-browser/source-entry/qc-target-4.png',
-   'output/playwright/dds-main-publication-20260918/merged-browser/source-entry/qc-target-5.png',
-   'output/playwright/dds-main-publication-20260918/merged-browser/source-entry/verification.json',
-   'output/playwright/dds-main-publication-20260918/merged-browser/summary-DEM-202603-0005_qc_QC-RIB-202603-0002.png',
-   'output/playwright/dds-main-publication-20260918/merged-browser/summary-DEM-202603-0005_route_tdv_demand_SPU_2024_005-process-cut.png',
-   'output/playwright/dds-main-publication-20260918/merged-browser/verification.json',
-   'output/playwright/dds-main-publication-20260918/runtime-file-hashes.json',
-   'output/playwright/dds-main-publication-20260918/technical/task-receipt-final.json',
-   'output/playwright/dds-main-publication-20260918/technical/task-receipt.json',
-   'output/playwright/dds-main-publication-20260918/technical/workflow-final.log',
-   'output/playwright/dds-main-publication-20260918/technical/workflow-final.log.raw.gz',
-   'output/playwright/dds-main-publication-20260918/technical/workflow.log',
-   'output/playwright/dds-main-publication-20260918/technical/workflow.log.raw.gz',
-   'output/playwright/dds-pf-v4-final3/combined-verification.json',
-   'output/playwright/dds-pf-v4-final3/verification.json',
-   'output/playwright/dds-pf-v4-final4/combined-verification.json',
-   'output/playwright/dds-pf-v4-final4/verification.json',
-   'output/playwright/dds-pf-v4-final5-material-bridge/dds-helper.mjs.txt',
-   'output/playwright/dds-pf-v4-final5-material-bridge/measurement.mjs.txt',
-   'output/playwright/dds-pf-v4-final5-material-bridge/samples.json',
-   'output/playwright/dds-pf-v4-final5-material-bridge/summary.json',
-   'output/playwright/dds-pf-v4-final5-material-bridge/verification.json',
-   'output/playwright/dds-pf-v4-final5-source-entry/demand-list-target-1.png',
-   'output/playwright/dds-pf-v4-final5-source-entry/demand-list-target-2.png',
-   'output/playwright/dds-pf-v4-final5-source-entry/demand-list-target-3.png',
-   'output/playwright/dds-pf-v4-final5-source-entry/demand-list-target-4.png',
-   'output/playwright/dds-pf-v4-final5-source-entry/demand-list-target-5.png',
-   'output/playwright/dds-pf-v4-final5-source-entry/execution-target-1.png',
-   'output/playwright/dds-pf-v4-final5-source-entry/execution-target-2.png',
-   'output/playwright/dds-pf-v4-final5-source-entry/execution-target-3.png',
-   'output/playwright/dds-pf-v4-final5-source-entry/execution-target-4.png',
-   'output/playwright/dds-pf-v4-final5-source-entry/execution-target-5.png',
-   'output/playwright/dds-pf-v4-final5-source-entry/measurement-script.mjs.txt',
-   'output/playwright/dds-pf-v4-final5-source-entry/qc-target-1.png',
-   'output/playwright/dds-pf-v4-final5-source-entry/qc-target-2.png',
-   'output/playwright/dds-pf-v4-final5-source-entry/qc-target-3.png',
-   'output/playwright/dds-pf-v4-final5-source-entry/qc-target-4.png',
-   'output/playwright/dds-pf-v4-final5-source-entry/qc-target-5.png',
-   'output/playwright/dds-pf-v4-final5-source-entry/verification.json',
-   'output/playwright/dds-pf-v4-final5/blocker-summary-DEM-202603-0005_qc_QC-RIB-202603-0002.png',
-   'output/playwright/dds-pf-v4-final5/blocker-summary-DEM-202603-0005_route_tdv_demand_SPU_2024_005-process-cut.png',
-   'output/playwright/dds-pf-v4-final5/combined-verification.json',
-   'output/playwright/dds-pf-v4-final5/configuration-1366.png',
-   'output/playwright/dds-pf-v4-final5/configuration-publishing-1366.png',
-   'output/playwright/dds-pf-v4-final5/data-issues-1024.png',
-   'output/playwright/dds-pf-v4-final5/data-issues-1280.png',
-   'output/playwright/dds-pf-v4-final5/data-issues-1366.png',
-   'output/playwright/dds-pf-v4-final5/data-issues-pending-0.csv',
-   'output/playwright/dds-pf-v4-final5/data-issues-pending-1.csv',
-   'output/playwright/dds-pf-v4-final5/data-issues-pending-2.csv',
-   'output/playwright/dds-pf-v4-final5/data-issues-pending-3.csv',
-   'output/playwright/dds-pf-v4-final5/data-issues-pending-4.csv',
-   'output/playwright/dds-pf-v4-final5/data-issues-restored-0.csv',
-   'output/playwright/dds-pf-v4-final5/data-issues-restored-1.csv',
-   'output/playwright/dds-pf-v4-final5/data-issues-restored-2.csv',
-   'output/playwright/dds-pf-v4-final5/data-issues-restored-3.csv',
-   'output/playwright/dds-pf-v4-final5/data-issues-restored-4.csv',
-   'output/playwright/dds-pf-v4-final5/dependency-bottleneck-1366.png',
-   'output/playwright/dds-pf-v4-final5/document-summary-1024.png',
-   'output/playwright/dds-pf-v4-final5/document-summary-1280.png',
-   'output/playwright/dds-pf-v4-final5/document-summary-1366.png',
-   'output/playwright/dds-pf-v4-final5/execution-1366.png',
-   'output/playwright/dds-pf-v4-final5/execution-route-1366.png',
-   'output/playwright/dds-pf-v4-final5/follow-up-1366.png',
-   'output/playwright/dds-pf-v4-final5/fulfillment-1366.png',
-   'output/playwright/dds-pf-v4-final5/measurement-script.mjs.txt',
-   'output/playwright/dds-pf-v4-final5/missing-image-objects.json',
-   'output/playwright/dds-pf-v4-final5/overview-1366.png',
-   'output/playwright/dds-pf-v4-final5/route-1366.png',
-   'output/playwright/dds-pf-v4-final5/source-manifest-recheck.json',
-   'output/playwright/dds-pf-v4-final5/task-1024.png',
-   'output/playwright/dds-pf-v4-final5/task-1280.png',
-   'output/playwright/dds-pf-v4-final5/tasks-1366.png',
-   'output/playwright/dds-pf-v4-final5/tasks.csv',
-   'output/playwright/dds-pf-v4-final5/teams-1366.png',
-   'output/playwright/dds-pf-v4-final5/technical/build.log',
-   'output/playwright/dds-pf-v4-final5/technical/build.log.raw.gz',
-   'output/playwright/dds-pf-v4-final5/technical/governance.log',
-   'output/playwright/dds-pf-v4-final5/technical/list.log',
-   'output/playwright/dds-pf-v4-final5/technical/material-chunk-boundary.json',
-   'output/playwright/dds-pf-v4-final5/technical/project-definitions-equivalence.log',
-   'output/playwright/dds-pf-v4-final5/technical/qc-facts.log',
-   'output/playwright/dds-pf-v4-final5/technical/relations-regression.log',
-   'output/playwright/dds-pf-v4-final5/technical/relations.log',
-   'output/playwright/dds-pf-v4-final5/technical/source-manifest.json',
-   'output/playwright/dds-pf-v4-final5/technical/type.log',
-   'output/playwright/dds-pf-v4-final5/technical/unit.log',
-   'output/playwright/dds-pf-v4-final5/timeline-1366.png',
-   'output/playwright/dds-pf-v4-final5/uncovered-controls.json',
-   'output/playwright/dds-pf-v4-final5/verification.json',
-   'output/playwright/dds-pf-v4-final5/work-detail-1366.png',
-   'output/playwright/dds-pf-v4-final5/work-items-1366.png',
    'scripts/check-dds-production-fulfillment-source-entry.mjs',
    'scripts/check-dds-production-fulfillment-v3.mjs',
    'scripts/check-dds-production-fulfillment-v4.mjs',
    'scripts/check-dds-production-fulfillment.mjs',
    'scripts/diagnose-dds-pf-source-entry.mjs',

    at resolveVerificationPaths (file:///private/tmp/higoods-dds-release-20260918/scripts/workflow-governance/changed-paths.ts:74:10)
    at verify (file:///private/tmp/higoods-dds-release-20260918/scripts/task-completion-receipt.ts:116:17)
    at file:///private/tmp/higoods-dds-release-20260918/scripts/task-completion-receipt.ts:201:27
    at ModuleJob.run (node:internal/modules/esm/module_job:569:25)
    at async node:internal/modules/esm/loader:650:26
    at async asyncRunEntryPointWithESMLoader (node:internal/modules/run_main:101:5) {
  generatedMessage: false,
  code: 'ERR_ASSERTION',
  actual: [
    'docs/product-design/production-fulfillment-timeliness/main-publication-20260918.md',
    'docs/prototype-review-records/2026-09-18-dds-production-fulfillment-v4.md',
    'index.html',
    'scripts/check-dds-production-fulfillment-source-entry.mjs',
    'scripts/check-dds-production-fulfillment-v3.mjs',
    'scripts/check-dds-production-fulfillment-v4.mjs',
    'scripts/check-dds-production-fulfillment.mjs',
    'scripts/diagnose-dds-pf-source-entry.mjs',
    'src/data/app-shell-config.ts',
    'src/data/fcs/cut-piece-release.ts',
    'src/data/fcs/cutting/production-material-prep.ts',
    'src/data/fcs/dyeing-task-domain.ts',
    'src/data/fcs/post-finishing-full-flow.ts',
    'src/data/fcs/post-finishing-operation-log.ts',
    'src/data/fcs/printing-task-domain.ts',
    'src/data/fcs/process-craft-dict.ts',
    'src/data/fcs/process-order-task-links.ts',
    'src/data/fcs/process-work-order-domain.ts',
    'src/data/fcs/production-artifact-generation.ts',
    'src/data/fcs/production-order-tech-pack-runtime.ts',
    'src/data/fcs/production-tech-pack-snapshot-builder.ts',
    'src/data/pcs-project-domain-contract.ts',
    'src/data/pcs-technical-data-version-repository.ts',
    'src/main.ts',
    'src/pages/material-decision/events-bridge.ts',
    'src/pages/material-decision/index.ts',
    'src/pages/production-fulfillment/boundary-evidence.ts',
    'src/pages/production-fulfillment/calculations.ts',
    'src/pages/production-fulfillment/catalog.ts',
    'src/pages/production-fulfillment/common.ts',
    'src/pages/production-fulfillment/config-model.ts',
    'src/pages/production-fulfillment/configuration.ts',
    'src/pages/production-fulfillment/dashboards.ts',
    'src/pages/production-fulfillment/data-issues.ts',
    'src/pages/production-fulfillment/dependency-graph.ts',
    'src/pages/production-fulfillment/events.ts',
    'src/pages/production-fulfillment/evidence.ts',
    'src/pages/production-fulfillment/examples.ts',
    'src/pages/production-fulfillment/fixtures.ts',
    'src/pages/production-fulfillment/index.ts',
    'src/pages/production-fulfillment/mock-data.json',
    'src/pages/production-fulfillment/model.ts',
    'src/pages/production-fulfillment/rule-recalculation.ts',
    'src/pages/production-fulfillment/scenarios.ts',
    'src/pages/production-fulfillment/source-document-facts.ts',
    'src/pages/production-fulfillment/source-tasks.ts',
    'src/pages/production-fulfillment/source-views.css',
    'src/pages/production-fulfillment/source-views.ts',
    'src/pages/production-fulfillment/styles.css',
    'src/pages/production-fulfillment/task-detail.ts',
    'src/pages/production-fulfillment/tasks.ts',
    'src/pages/production-fulfillment/timeline.ts',
    'src/pages/production-fulfillment/ui-state.ts',
    'src/pages/qc-records/detail-domain.ts',
    'src/router/routes.ts',
    'src/state/store.ts',
    'tests/unit/material-decision-events-bridge.test.ts',
    'tests/unit/production-artifact-source-selection.test.ts',
    'tests/unit/production-fulfillment-boundary-evidence.test.ts',
    'tests/unit/production-fulfillment-calculations.test.ts',
    'tests/unit/production-fulfillment-configuration.test.ts',
    'tests/unit/production-fulfillment-data-issues.test.ts',
    'tests/unit/production-fulfillment-dependencies.test.ts',
    'tests/unit/production-fulfillment-project-definition.test.ts',
    'tests/unit/production-fulfillment-source-entry-relations.test.ts',
    'tests/unit/production-fulfillment-sources.test.ts',
    'tests/unit/production-fulfillment-task-rule-mappings.test.ts',
    'tests/unit/production-order-tech-pack-runtime.test.ts',
    'vite.config.ts'
  ],
  expected: [
    'docs/product-design/production-fulfillment-timeliness/assets/follower-overview.png',
    'docs/product-design/production-fulfillment-timeliness/assets/task-timeline.png',
    'docs/product-design/production-fulfillment-timeliness/build-design-fixtures.py',
    'docs/product-design/production-fulfillment-timeliness/build-traceability.py',
    'docs/product-design/production-fulfillment-timeliness/dependency-revision-v4.md',
    'docs/product-design/production-fulfillment-timeliness/design-review.md',
    'docs/product-design/production-fulfillment-timeliness/implementation-evidence-v2/README.md',
    'docs/product-design/production-fulfillment-timeliness/implementation-evidence-v2/build-manifest-v2.json',
    'docs/product-design/production-fulfillment-timeliness/implementation-evidence-v2/check-dds-production-fulfillment.mjs',
    'docs/product-design/production-fulfillment-timeliness/implementation-evidence-v2/config-select-dependency-dialog.png',
    'docs/product-design/production-fulfillment-timeliness/implementation-evidence-v2/config-select-mapping-dialog.png',
    'docs/product-design/production-fulfillment-timeliness/implementation-evidence-v2/config-select-owner-dialog.png',
    'docs/product-design/production-fulfillment-timeliness/implementation-evidence-v2/config-select-rule-dialog.png',
    'docs/product-design/production-fulfillment-timeliness/implementation-evidence-v2/configuration-v2-1366.png',
    'docs/product-design/production-fulfillment-timeliness/implementation-evidence-v2/follow-up-filters-1366.png',
    'docs/product-design/production-fulfillment-timeliness/implementation-evidence-v2/fulfillment-filters-1366.png',
    'docs/product-design/production-fulfillment-timeliness/implementation-evidence-v2/manifest.json',
    'docs/product-design/production-fulfillment-timeliness/implementation-evidence-v2/metrics/metric-denominators-1366.png',
    'docs/product-design/production-fulfillment-timeliness/implementation-evidence-v2/metrics/verification.json',
    'docs/product-design/production-fulfillment-timeliness/implementation-evidence-v2/overview-filters-1366.png',
    'docs/product-design/production-fulfillment-timeliness/implementation-evidence-v2/overview-v2-1366.png',
    'docs/product-design/production-fulfillment-timeliness/implementation-evidence-v2/pf-v2-full-build.log',
    'docs/product-design/production-fulfillment-timeliness/implementation-evidence-v2/pf-v2-full-build.log.raw.gz',
    'docs/product-design/production-fulfillment-timeliness/implementation-evidence-v2/pf-v2-governance-all.log',
    'docs/product-design/production-fulfillment-timeliness/implementation-evidence-v2/pf-v2-scope.log',
    'docs/product-design/production-fulfillment-timeliness/implementation-evidence-v2/pf-v2-template.log',
    'docs/product-design/production-fulfillment-timeliness/implementation-evidence-v2/pf-v2-tests.log',
    'docs/product-design/production-fulfillment-timeliness/implementation-evidence-v2/regression/configuration-1366.png',
    'docs/product-design/production-fulfillment-timeliness/implementation-evidence-v2/regression/gantt-1366.png',
    'docs/product-design/production-fulfillment-timeliness/implementation-evidence-v2/regression/orders-export.csv',
    'docs/product-design/production-fulfillment-timeliness/implementation-evidence-v2/regression/overview-1366.png',
    'docs/product-design/production-fulfillment-timeliness/implementation-evidence-v2/regression/overview-1920.png',
    'docs/product-design/production-fulfillment-timeliness/implementation-evidence-v2/regression/quantities-1366.png',
    'docs/product-design/production-fulfillment-timeliness/implementation-evidence-v2/regression/task-1280.png',
    'docs/product-design/production-fulfillment-timeliness/implementation-evidence-v2/regression/task-report.pdf',
    'docs/product-design/production-fulfillment-timeliness/implementation-evidence-v2/regression/team-1024.png',
    'docs/product-design/production-fulfillment-timeliness/implementation-evidence-v2/regression/verification.json',
    'docs/product-design/production-fulfillment-timeliness/implementation-evidence-v2/summary.json',
    'docs/product-design/production-fulfillment-timeliness/implementation-evidence-v2/task-v2-1366.png',
    'docs/product-design/production-fulfillment-timeliness/implementation-evidence-v2/tasks-filters-1366.png',
    'docs/product-design/production-fulfillment-timeliness/implementation-evidence-v2/teams-filters-1366.png',
    'docs/product-design/production-fulfillment-timeliness/implementation-evidence-v2/verification.json',
    'docs/product-design/production-fulfillment-timeliness/implementation-evidence-v2/work-drawer-v2.png',
    'docs/product-design/production-fulfillment-timeliness/implementation-evidence-v2/work-items-filters-1366.png',
    'docs/product-design/production-fulfillment-timeliness/implementation-evidence/adjacent-materials-1366.png',
    'docs/product-design/production-fulfillment-timeliness/implementation-evidence/adjacent-regression.json',
    'docs/product-design/production-fulfillment-timeliness/implementation-evidence/browser.log',
    'docs/product-design/production-fulfillment-timeliness/implementation-evidence/build-manifest.json',
    'docs/product-design/production-fulfillment-timeliness/implementation-evidence/build.log',
    'docs/product-design/production-fulfillment-timeliness/implementation-evidence/build.log.raw.gz',
    'docs/product-design/production-fulfillment-timeliness/implementation-evidence/configuration-1366.png',
    'docs/product-design/production-fulfillment-timeliness/implementation-evidence/final-vite-build.log',
    'docs/product-design/production-fulfillment-timeliness/implementation-evidence/final-vite-build.log.raw.gz',
    'docs/product-design/production-fulfillment-timeliness/implementation-evidence/gantt-1366.png',
    'docs/product-design/production-fulfillment-timeliness/implementation-evidence/image-inventory.md',
    'docs/product-design/production-fulfillment-timeliness/implementation-evidence/list-governance.log',
    'docs/product-design/production-fulfillment-timeliness/implementation-evidence/orders-export.csv',
    'docs/product-design/production-fulfillment-timeliness/implementation-evidence/overview-1366.png',
    'docs/product-design/production-fulfillment-timeliness/implementation-evidence/overview-1920.png',
    'docs/product-design/production-fulfillment-timeliness/implementation-evidence/preflight-verification-20260917.json',
    'docs/product-design/production-fulfillment-timeliness/implementation-evidence/preflight-verification-input-207ms.json',
    'docs/product-design/production-fulfillment-timeliness/implementation-evidence/preflight-verification-load-221ms.json',
    'docs/product-design/production-fulfillment-timeliness/implementation-evidence/prototype-governance.log',
    'docs/product-design/production-fulfillment-timeliness/implementation-evidence/quantities-1366.png',
    'docs/product-design/production-fulfillment-timeliness/implementation-evidence/summary.json',
    'docs/product-design/production-fulfillment-timeliness/implementation-evidence/task-1280.png',
    'docs/product-design/production-fulfillment-timeliness/implementation-evidence/task-report.pdf',
    'docs/product-design/production-fulfillment-timeliness/implementation-evidence/team-1024.png',
    'docs/product-design/production-fulfillment-timeliness/implementation-evidence/typescript-scope.log',
    'docs/product-design/production-fulfillment-timeliness/implementation-evidence/verification.json',
    'docs/product-design/production-fulfillment-timeliness/implementation-plan.md',
    'docs/product-design/production-fulfillment-timeliness/implementation-review-v2.md',
    'docs/product-design/production-fulfillment-timeliness/implementation-review.md',
    'docs/product-design/production-fulfillment-timeliness/information-architecture-v2.md',
    'docs/product-design/production-fulfillment-timeliness/main-publication-20260918.md',
    'docs/product-design/production-fulfillment-timeliness/mock-data.json',
    'docs/product-design/production-fulfillment-timeliness/mock-scenarios.md',
    'docs/product-design/production-fulfillment-timeliness/product-design.md',
    'docs/product-design/production-fulfillment-timeliness/requirements-index.md',
    'docs/product-design/production-fulfillment-timeliness/requirements-matrix-v1-audit-snapshot.csv',
    'docs/product-design/production-fulfillment-timeliness/requirements-matrix.csv',
    'docs/product-design/production-fulfillment-timeliness/review-v2-findings.md',
    'docs/product-design/production-fulfillment-timeliness/review-v2-line-audit.csv',
    'docs/product-design/production-fulfillment-timeliness/review-v2-resolution.md',
    'docs/product-design/production-fulfillment-timeliness/source-alignment-v3.md',
    'docs/product-design/production-fulfillment-timeliness/source-index.md',
    'docs/product-design/production-fulfillment-timeliness/validation-results.json',
    'docs/product-design/production-fulfillment-timeliness/work-item-catalog.md',
    'docs/prototype-review-records/2026-09-17-dds-production-fulfillment-v2.md',
    'docs/prototype-review-records/2026-09-17-dds-production-fulfillment-v3.md',
    'docs/prototype-review-records/2026-09-17-dds-production-fulfillment.md',
    'docs/prototype-review-records/2026-09-18-dds-production-fulfillment-v4.md',
    'index.html',
    'output/playwright/dds-main-publication-20260918/archive-map.json',
    'output/playwright/dds-main-publication-20260918/diagnostics/configuration/measurement-script.mjs.txt',
    'output/playwright/dds-main-publication-20260918/diagnostics/configuration/samples.json',
    'output/playwright/dds-main-publication-20260918/diagnostics/configuration/verification.json',
    'output/playwright/dds-main-publication-20260918/diagnostics/execution/measurement-script.mjs.txt',
    'output/playwright/dds-main-publication-20260918/diagnostics/execution/samples.json',
    'output/playwright/dds-main-publication-20260918/diagnostics/execution/verification.json',
    ... 211 more items
  ],
  operator: 'deepStrictEqual',
  diff: 'simple'
}

Node.js v26.8.2
