
> higoods-vanilla-clone@1.0.0 build
> npm run typecheck:engineering && npm test && vite build


> higoods-vanilla-clone@1.0.0 typecheck:engineering
> npm run typecheck:entrypoints && npm run typecheck:scopes


> higoods-vanilla-clone@1.0.0 typecheck:entrypoints
> tsc --project tsconfig.engineering.json


> higoods-vanilla-clone@1.0.0 typecheck:scopes
> node scripts/check-typescript-scope.mjs src/domain/ src/components/ui/ src/state/

TypeScript 全量既有错误：61
本次渐进检查范围：src/domain/、src/components/ui/、src/state/
范围内错误：0
范围外既有错误保留在全量 typecheck 中继续分批治理。

> higoods-vanilla-clone@1.0.0 test
> npm run test:unit


> higoods-vanilla-clone@1.0.0 test:unit
> node --import tsx --test tests/unit/*.test.ts

✔ 浏览器存储封装保持读写删除语义 (3.672959ms)
✔ 浏览器存储不可用或抛错时保持静默降级 (0.100167ms)
(node:59626) ExperimentalWarning: localStorage is not available because --localstorage-file was not provided.
(Use `node --trace-warnings ...` to show where the warning was created)
✔ MIG-001/002/006: management entry and handlers belong to FCS; PFOS keeps execution (2.813375ms)
✔ MIG-003/007: prep and execution read the same early order identities, quantities and match status (8280.365042ms)
✔ MIG-004/009: migrated dialogs retain candidate fields, actual material image and task outputs (1.163459ms)
✔ MIG-011: management and execution use the same seven business display columns (10.8585ms)
✔ MIG-007: early dye/print creation and cancellation survive reload (10157.196709ms)
✔ 解析带标签、小数和空格的长度数量 (1.1415ms)
✔ 解析卷数并对不合法文本返回 0 (0.337709ms)
✔ 证据文件标识把连续空白收口为单个连字符 (0.19925ms)
(node:59629) ExperimentalWarning: localStorage is not available because --localstorage-file was not provided.
(Use `node --trace-warnings ...` to show where the warning was created)
✔ 设计改款可成批生成染色和印花加工单，且完整投影来源与上下游 (4619.833083ms)
✔ 设计改款加工单生成幂等，重复请求不增加单据 (43.175291ms)
✔ 同一设计改款任务的不同颜色和 BOM 行分别生成加工单 (5.860542ms)
✔ 成批提交失败时染色与印花加工单一起回滚 (15.804584ms)
✔ 设计改款来源缺关键引用或来源未知时必须阻断 (2.178792ms)
(node:59630) ExperimentalWarning: localStorage is not available because --localstorage-file was not provided.
(Use `node --trace-warnings ...` to show where the warning was created)
✔ 设计改款加工单等待买手审核成果，绑定真实附件后才可安排，先染后印继续受前序交出约束 (2976.807666ms)
✔ 专业成果没有真实附件时保持未绑定 (18.947459ms)
(node:59631) ExperimentalWarning: localStorage is not available because --localstorage-file was not provided.
(Use `node --trace-warnings ...` to show where the warning was created)
✔ 可打印不等于可建交出单，必须完成真实标签打印 (0.948459ms)
✔ 卷规格无效时不可建交出单，且不改变原可打印判定语义 (0.256875ms)
✔ 人工完成印花加工单不再自动填充操作人 (1990.724208ms)
✔ 日报窗口含截止日7天，重点日均独立使用前6天 (0.983292ms)
✔ 未知采购不填0，未BOM不输出完整确定订单需求 (0.236958ms)
✔ 突变必须绝对量与比例同时达到阈值 (0.135208ms)
✔ 截止日突变示例与未完结日不判定 (0.119833ms)
✔ 共享商品按SPU去重而不按关联行累加销量 (0.281958ms)
✔ 预选不产生确定用料；BOM需求保留物料归属 (0.54775ms)
✔ 同料BOM优先于预选，不重复关系及需量 (0.169875ms)
✔ 两个业务页具有独立容器、标准分页与证据边界 (105.880292ms)
✔ 未进入物料页面时 bridge 不加载业务；加载失败重试后首次渲染即已注册 (11.965958ms)
✔ click 分组顺序、短路、选择器范围保持原行为，重新注册替换旧处理器 (1.342875ms)
✔ 备料写入守卫读取实时角色与水位，阻断时不调用业务处理器 (1.0605ms)
✔ input/change/keyboard 原入口、筛选范围和 change 优先级完整保留 (0.74525ms)
✔ health groups are exhaustive and mutually exclusive in demo (2.747834ms)
✔ coverage and baseline use same inventory plus transit but distinct demand windows (0.422792ms)
✔ zero demand is unavailable rather than infinity and huge finite quotient stays finite (0.392209ms)
✔ date selects different consistent snapshot (0.759709ms)
✔ threshold changes alter classification without changing facts (0.141875ms)
✔ health view carries core P1 business sections and mock caveat (211.258708ms)
✔ AT16 rules do not substitute brand, size or packaging method (7.846ms)
✔ AT24 equal priority conflict blocks resolution and identifies rules (5.208625ms)
✔ higher explicit priority resolves a lower priority overlap (0.158084ms)
✔ plans distinguish garments and parcels and add loss once (0.310459ms)
✔ AT18 white pendant stock only allocated once (0.167834ms)
✔ event duplicate and old revision do not add consumption; reprints are activity only (0.239916ms)
✔ conflicting same revision fails instead of silently choosing a payload (0.129709ms)
✔ AT17/19/20 panel states unresolved ASAYA, independent kit80 and unknown ribbon (3.492291ms)
✔ trigger distinct from target, existing supply produces explainable zero (1.258959ms)
✔ missing mapping or usage and incompatible raw unit block unsafe generation (0.385791ms)
✔ generation reserves remaining once and shared raw pool across target rules (1.450625ms)
✔ production does not increase stock; actual SKU and output bound partial receipts (0.346875ms)
✔ cancelled suggestion releases commitment and raw allocation (0.191166ms)
✔ AT05 committed greige is not available for a second allocation (0.984584ms)
✔ AT06 partial receipt reduces expected supply; checking and qualified never duplicate (0.7905ms)
✔ AT07 unmapped target preserves quantities but gives no target coverage (0.15325ms)
✔ §7.2 loss reduces future supply; rejected receipts never become usable (0.091417ms)
✔ §7.3 unit/yield/route and conservation gaps block deterministic supply (0.161375ms)
✔ §7.3 candidate comparison reports remaining shortage and respects arrival deadline (0.205958ms)
✔ §7.3 zero gap stays zero and nonfinite inputs cannot produce advice (0.125958ms)
✔ panel uses owned local handlers and discloses mock and missing images (10.788958ms)
✔ P2 coefficients and coverage exclude transit (64.11625ms)
✔ P2 coverage buckets have exclusive shared boundaries (1.071333ms)
✔ P2 partial receipts and completed batches count remaining only (0.149375ms)
✔ P2 latest overdue selected only if no future batch; today included (0.122875ms)
✔ P2 search transit and ETA filters compose (0.275625ms)
✔ P2 zero demand and missing BOM preserve distinct nulls; micro demand excluded (0.185583ms)
✔ P2 standard table renders and limits initial rows to first page (18.445166ms)
✔ AT01/02 internal reservation stays in coverage while external reservation is deducted (19.708209ms)
✔ AT03 quality segments are not usable (0.490375ms)
✔ AT04 partial receipt leaves remaining supply only (3.984833ms)
✔ AT08/38 late supply never erases earlier shortage (0.621834ms)
✔ AT09 intermediate deficit determines net need rather than positive closing balance (0.579708ms)
✔ AT10 MOQ and pack rounding, zero stays zero (0.277291ms)
✔ AT11 horizon begins at cutoff and is not expanded by lead time (0.407083ms)
✔ AT12 forecast covered by confirmed demand is excluded before coefficient (0.358917ms)
✔ AT13 no demand has no numeric coverage (0.18675ms)
✔ AT14 cancelling demand does not change stock (0.187458ms)
✔ AT15 latest event revision only (0.489833ms)
✔ AT16/17 directory preserves bag sizes and ASAYA duplicated input is one unresolved SKU (0.109292ms)
✔ AT18 three brands draw from one shared pool (0.154041ms)
✔ AT19/20 kit capacity respects minimum and missing conversion (0.066375ms)
✔ AT21 inactive/unusable stock remains physically visible (0.365125ms)
✔ AT23 affected order identifiers are unique (0.258417ms)
✔ AT25/26 draft does not mutate active and invalidates trial (0.146666ms)
✔ AT26/28 publish requires role and exact trial; history retained (0.404042ms)
✔ AT31 risk cannot close with remaining shortage or skip verification (0.362166ms)
✔ AT37 invalid dates, unknown timezone, bad numeric values rejected (2.64075ms)
✔ duplicate supply chain does not double count and blocks deterministic advice (0.578542ms)
✔ warehouse catalogue includes 17 locations and two garment warehouses (28.549666ms)
✔ candidate comparison retains pre-arrival risk (0.655625ms)
✔ SKU-specific policy wins and duplicate rules block publish (0.189666ms)
✔ 路由标准化移除 query 与 hash，但不改动路径 (0.420209ms)
✔ 只匹配路由根或其子路径，不误匹配相似前缀 (0.128167ms)
✔ 可在多个合法根路径中匹配一个 (0.078125ms)
✔ 只把完整生产确认单打印路由识别为命中 (0.120875ms)
(node:59767) ExperimentalWarning: localStorage is not available because --localstorage-file was not provided.
(Use `node --trace-warnings ...` to show where the warning was created)
✔ RETURN-010: only the acceptance week Sunday is skipped, for every starting weekday (1.298791ms)
✔ RETURN-004—010: both projections share counting dates and ceil targets (0.737583ms)
(node:59768) ExperimentalWarning: localStorage is not available because --localstorage-file was not provided.
(Use `node --trace-warnings ...` to show where the warning was created)
✔ 实际耗时跨周日仍按真实时间差；没有可靠时间不造耗时 (1.686542ms)
✔ 每任务都达成才结束；同一来源去重，作废明细不影响主表 (0.178625ms)
✔ 耗时页 Mock 至少覆盖九张生产单和全部节点，且下游事实不会越过未完成的前置节点 (1746.245375ms)
✔ 裁片放行按一张放行单内的多次放行展示并选取节点起止时间 (59.241708ms)
(node:59771) ExperimentalWarning: localStorage is not available because --localstorage-file was not provided.
(Use `node --trace-warnings ...` to show where the warning was created)
✔ EXC-001—004: a reference mark cannot change debt, strict kits or final task responsibility (3.355709ms)
(node:59832) ExperimentalWarning: localStorage is not available because --localstorage-file was not provided.
(Use `node --trace-warnings ...` to show where the warning was created)
✔ 派单新增主档工厂可登记承接关系，未知工厂仍阻断 (2.846625ms)
✔ 专属任务保留整单身份、数量和接收方，工艺分支保留全部前置关系 (4.229667ms)
✔ 原生产单车缝任务仍可被 PPIC 分配与责任移交识别，SKU 总量完整 (8.043166ms)
(node:59873) ExperimentalWarning: localStorage is not available because --localstorage-file was not provided.
(Use `node --trace-warnings ...` to show where the warning was created)
✔ VERIFY-003: dispatch reads keep all documents and independent copies without projecting unrelated business views (949.32275ms)
(node:59874) ExperimentalWarning: localStorage is not available because --localstorage-file was not provided.
(Use `node --trace-warnings ...` to show where the warning was created)
✔ PERF-002/004: scoped receiving reads preserve direct receipts and allocations, without exposing mutable facts (13.975792ms)
✔ PERF-002/004: a synchronous relation read matches independent reads and releases its scope after errors (1534.12225ms)
✔ PERF-004: batched print list reviews and handovers equal independently read facts (513.975666ms)
✔ PERF-004: scoped handovers keep canonical sorting and task point reads preserve identity (12.592791ms)
✔ PERF-004: reusing warehouse documents preserves each dye order source, quantity and receiver (304.563541ms)
(node:59875) ExperimentalWarning: localStorage is not available because --localstorage-file was not provided.
(Use `node --trace-warnings ...` to show where the warning was created)
✔ craft source selection preserves all previous source choices and isolated snapshots (37.093625ms)
✔ source eligibility is re-evaluated after a source order changes (0.148458ms)
(node:59893) ExperimentalWarning: localStorage is not available because --localstorage-file was not provided.
(Use `node --trace-warnings ...` to show where the warning was created)
✔ 验收数据至少包含 5 张染色和 5 张印花提前加工单，并覆盖全部匹配状态 (3070.725666ms)
✔ 印花专业成果把多张图片和多个文件统一保存在同一附件集合 (0.195958ms)
✔ 同一生产需求可手动选择具体专业任务，创建结果保存所选任务与全部成果附件 (307.626584ms)
✔ 创建提前加工单必须选择所属专业任务并明确加工厂 (1.1565ms)
✔ 计划加工数量包含损耗率，且染色印花投入与产出 SKU 必须不同 (1.521125ms)
✔ 专业成果未审核通过时不可创建提前加工单 (0.201083ms)
✔ 多个生产需求合并为一张生产单时，可匹配多张提前染色加工单 (138.617ms)
✔ 等待技术包的提前单在技术包就绪后可由同一匹配服务自动重试 (31.665334ms)
✔ 合并生产单中只有部分需求有提前单时，只为未覆盖需求补建剩余数量 (139.222375ms)
✔ 已有提前单但正式 BOM 或 SKU 不一致时进入异常，且不重复补建同一工艺单 (151.689084ms)
✔ 取消后重建保留旧单，并建立双向替代关系 (3.306792ms)
✔ 没有提前加工单的需求仍保留正式加工单快照 (15.913583ms)
✔ BOM uses formally reduced quantity and leaves unsupported conversion unknown (0.799333ms)
✔ reuse retains one shared source instance and adds no duplicate processing duration (0.249583ms)
✔ a new rework/recheck round extends the dependency path two days and conserves qualified pieces (0.091708ms)
✔ date-only source is not coerced to a precise instant or exact deadline (0.093625ms)
✔ known order shipment can be timed without crediting an unknown production source (0.074292ms)
✔ waiting for actual fulfillment can be overall late while factory completion stays on time (0.065333ms)
✔ all six named cards render directly checkable evidence without changing production task facts (3.268584ms)
✔ all ten tasks have independent drill-down networks and one frozen aggregate snapshot (2.787209ms)
✔ 31-item dependency recursion proves 24 natural days and shows the actual sum/max formula (0.9065ms)
✔ improving procurement by ten days only improves whole-task timing by one day (0.273708ms)
✔ network rejects circular/missing dependencies and unknown is never zero time (0.419541ms)
✔ each complete standard mock network and live forecast agrees with the task summary (3.212584ms)
✔ quantity forecast finds a one-day risk before any actual deadline is missed (0.430333ms)
✔ all-natural-day clock includes Sundays, preserves timezones, equality is on time and one second is late (0.126084ms)
✔ already-overdue outranks forecast missing; historical completion stops the clock (0.083ms)
✔ upstream two-day delay and local catch-up pressure are distinct from current-team fault (0.075959ms)
✔ manual forecast is local, propagates both earlier and later dates, and never relaxes baseline (0.873ms)
✔ saving a manual forecast refreshes all affected node labels without pretending capacity was increased (1.659583ms)
✔ zero capacity and stale progress never forecast zero remaining duration (0.304125ms)
✔ stock and purchase coverage do not imply factory readiness or a new purchase gap (0.97975ms)
✔ stock-only task still has transfer; purchased material must move beyond warehouse entry (0.151542ms)
✔ batch schedule conserves shared capacity and 90 percent occurs at a real batch event (0.309291ms)
✔ customer cancellation without production allocation does not reduce any task (0.252542ms)
✔ excess shipment of one SKU cannot hide shortage of another (0.181084ms)
✔ duplicate, out-of-order and corrected quantity events conserve the effective sum (0.211083ms)
✔ shared work is counted once while merged source tasks preserve independent T0 and deadlines (0.229458ms)
✔ orders enter analysis only from actual shipment and have their own clock (0.339542ms)
✔ region and supply mode select rules together, unpublished candidate rules never apply (0.571208ms)
✔ filters share exact aggregate scope and date windows are left-closed right-open (0.845583ms)
✔ Chinese UI defaults and all scope options filter the intended task population (0.333291ms)
✔ Chinese risk shortcut agrees with risk KPI and does not accidentally select completed or overdue tasks (1.113291ms)
✔ Chinese date-field labels use due date, start date and predicted completion respectively (0.49475ms)
✔ team and stage filters match applicable work nodes rather than only current task responsibility (0.428875ms)
✔ V3 team and factory must match the same node and empty all-scope still keeps a task (0.14425ms)
✔ V3 unknown shipment has no percentage and completed work without deadline is not on time (0.093125ms)
✔ 恢复预测保留不同工作和日期的顺序，只合并连续相同计算且不改写历史 (4.229584ms)
✔ 同一调拨动作按国家和供给方式命中不同预算，候选规则不参与匹配 (1.0275ms)
✔ 同优先级重叠命中必须冲突，明确更高优先级例外才可覆盖 (0.811958ms)
✔ 数量档边界不得跨档或用默认预算掩盖无规则 (0.101917ms)
✔ 子项七天而组上限五天阻断，网络不被截短也不在组外重复加预算 (0.162791ms)
✔ 并行分支取最大值，循环和缺失前置不得算成零天 (0.229125ms)
✔ 工厂实收映射须有明细与物流批次，入库不冒充到厂，重复事件不累加 (0.232ms)
✔ 投入产出、单位或质量门槛不合规，不能放行下游 (0.113041ms)
✔ 新版本仅记录显式重算范围，不能顺延旧基线或考核截止 (1.093583ms)
✔ 默认演示配置没有阻断，会议候选必须以提示保留 (0.322208ms)
✔ 选定在途W19规则从1改3，本地路线24改26而原始/生效截止与实际事实不变 (11.416458ms)
✔ 在途发布同层冲突、缺规则、缺映射或事件边界变化都不生成覆盖 (0.493625ms)
✔ 发布覆盖可从初始快照恢复且重复应用幂等，未选任务不受影响 (1.439416ms)
✔ 未完成调拨预算增加后，预测沿下游传播；已完成上游事实仍原样 (0.407334ms)
(node:59901) ExperimentalWarning: localStorage is not available because --localstorage-file was not provided.
(Use `node --trace-warnings ...` to show where the warning was created)
✔ 首次来源读取只创建当前存在的缺口，历史从本次观察开始 (1.969458ms)
✔ 事项键由任务、工作与类型生成，中文说明变化不新增事项 (0.726083ms)
✔ 缺款图形成独立事项，增加地址不等于款色对应核验通过 (0.539ms)
✔ 登记责任期限不修改事实或关闭事项，只有后续来源读取确认恢复 (1.571917ms)
✔ 同一恢复事实重复核对不制造历史，缺口复现重新打开且保留期限 (0.384417ms)
✔ 任务或工作未返回、数量已知性字段消失均不是恢复证据 (0.336291ms)
✔ 来源身份变更不能在同一次读取中把旧缺口标为恢复 (0.298125ms)
✔ 未结构化来源审核项不因文字消失自动关闭 (0.238208ms)
✔ 本地持久化保留独立事项、责任、期限和恢复历史 (0.532917ms)
✔ 本地损坏记录不伪造历史、不覆盖旧内容、不允许假保存 (1.301083ms)
✔ 责任、期限、调整原因必填；存储失败给出未保存结果 (1.9765ms)
✔ 数据待补按事项分页和筛选，提供独立登记及来源刷新入口 (3.895708ms)
✔ 事项按自身负责人和修复期限筛选，不借任务跟单替代 (0.482708ms)
✔ 空在途范围不展示历史演示日期压力图 (7.392416ms)
✔ 未知预算仍保留串并行和汇合箭头，位置不依赖日期 (13.165375ms)
✔ 下游未开工且前置未完的逾期归为等待；根卡点标出具体工作和全部后继 (5.435542ms)
✔ 取消和已完成不是当前卡点，数据缺口不当执行逾期 (3.050292ms)
✔ 已开工工作即使前置未完，也保留其来源责任逾期并提示核对 (2.072334ms)
✔ 卡点范围仍显示上游参照及所有受影响后继，不显示无关支路 (5.573167ms)
✔ 单据摘要默认展开来源核心字段，不只展示时效 (1.530083ms)
✔ 需求摘要指向已存在的需求列表，入口不冒称独立详情 (1.041417ms)
✔ 缺少单据不得生成虚构摘要或默认完成数 (0.779125ms)
✔ 已实收的有效结束满足前置，取消前置不会被视为供给完成 (1.245541ms)
✔ 质检不合格仍是放行卡点，不因检验时间存在变为可放行 (1.019375ms)
✔ 来源已有不合格检验结果但缺建立时间时，不因前置未完而隐藏本项卡点 (1.679333ms)
✔ 作废且不计时不等于前置已完成；来源已阻断是明确卡点 (1.843584ms)
✔ 已知工作预算齐备但范围未确认时，公式页不得称作全程标准 (1.150875ms)
✔ 暂停或受阻工作不因遗留结束时间而放行下游 (3.907875ms)
✔ 生产准备初始化按编号读取定义与完整目录逐值一致，保留不存在时的契约 (3.751042ms)
✔ 单定义读取的可编辑数组保持隔离，不污染其他任务读取 (1.0025ms)
▶ execution source relations retain full facts without unrelated cold initialization
  ✔ cold read resolves real runtime scope and leaves print/dye execution ledgers untouched (286.322333ms)
  ✔ scoped cold result equals original complete enumeration after the same actual ID resolution (2621.009208ms)
  ✔ production with print/dye uses all existing preparation facts and keeps unknown IDs unknown (100.867125ms)
  ✔ live explicit cross-order reference and cancellation facts survive scoped reading (45.779792ms)
  ✔ real persisted cancellation restores through the original validated path in a new process (1409.312458ms)
  ✔ QC reads real fact quantities and renders explicit missing artwork without placeholder network dependency (150.028959ms)
✔ execution source relations retain full facts without unrelated cold initialization (5370.041625ms)
(node:59905) ExperimentalWarning: localStorage is not available because --localstorage-file was not provided.
(Use `node --trace-warnings ...` to show where the warning was created)
✔ production source time uses explicit Shanghai time and rejects date-only completion (4.125708ms)
✔ DDS tasks use demand identity and do not invent preparation, budgets, shipment quantities or orders (2.445167ms)
✔ source bindings require existing same-style preparation and published technical version (0.58925ms)
✔ reuse preserves its source/version and does not add past preparation duration (0.457166ms)
✔ explicit unneeded work is excluded but unconfirmed missing work remains a decision, never zero-day completion (0.337042ms)
✔ explicit dependencies preserve parallel entries and repeated processes instead of serial sorting (2.729459ms)
✔ missing explicit predecessors do not become confirmed parallel roots (0.46925ms)
✔ missing predecessor and material SKU discontinuity block route certainty without fabricated edges (0.52475ms)
✔ cyclic source dependency stays a blocking issue and source objects remain unchanged (0.788875ms)
✔ read snapshot uses all current demand records without private Mock tasks or automatic same-style preparations (193.223042ms)
✔ continuous material SKU edges stay confirmed while an unconfirmed route remains pending (0.446375ms)
✔ unverified reuse does not fabricate a completed zero-day result (0.260417ms)
✔ binding writes only the DDS association key and is reflected by the next read (24.372375ms)
✔ execution source uses exact production-order identity, assigned factory and responsibility deadline (0.599375ms)
✔ only a unique exact technical entry binds execution to route; same-name and split executions stay independent (0.722041ms)
✔ preparation-only source cycles are blocked without depending on a technical pack branch (0.372541ms)
✔ source time and manual forecast stay separate from frozen rule examples and missing SLA (0.96675ms)
✔ cancelled execution is not a late blocker and unfinished status cannot borrow a stale completion timestamp (0.412917ms)
✔ document summaries are factual, compact strings; decisions without a document stay unbound (0.293708ms)
✔ formal preparation output connects the exact confirmation, route entry and production version (0.717416ms)
✔ technical object identity and its material photo are retained without using the style photo (0.288208ms)
✔ material transfer has serial dispatch, transport and receipt with separate responsibility and source identity (0.644291ms)
✔ approval, sent quantities and delivery-note registration cannot prove physical handout or logistics delivery (0.472417ms)
✔ actual handout starts transportation but factory receipt never backfills logistics delivery or reception start (0.349458ms)
✔ receipt quantities require the same source line, target factory and unit; mixed units never close reception (0.489709ms)
✔ voided transfers keep evidence but no effective supply or transport completion (0.298458ms)
✔ a document handout timestamp does not complete unshipped or partially shipped source lines (0.295791ms)
✔ only preparation-bound purchase documents are included, and purchase completion never invents warehouse arrival (0.321792ms)
✔ quality is scoped to its recorded sample and does not establish shipment orders or whole-order completion (0.518042ms)
✔ current source snapshot exposes matching handover, quality and transfer documents, not generic placeholders alone (14.409666ms)
✔ only a real same-version production order becomes a root execution predecessor (0.626584ms)
✔ task lead blocker matches dependency analysis instead of blaming an unstarted downstream deadline (0.203083ms)
✔ failed inspection exposes the concrete unqualified quantity as blocker reason (0.192666ms)
✔ category sample images never stand in for a source style; a dedicated source image is retained (0.184083ms)
(node:59912) ExperimentalWarning: localStorage is not available because --localstorage-file was not provided.
(Use `node --trace-warnings ...` to show where the warning was created)
✔ 当前非 Mock 需求可保存显式工作映射，序列化后可恢复且不改来源事实 (154.023417ms)
✔ 未保存映射、规则空天数、事件范围变化与同级冲突分别给出真实阻断 (10.318166ms)
✔ 同一工作不得存两份口径，来源身份变化或未知数量不允许保存 (4.921333ms)
✔ 工作单位不换算、通配值不充当事实、里程碑不重复加预算 (4.739416ms)
✔ 来源任务发布单项预算后保持整体待定，刷新覆盖和已有截止均保留 (4.666958ms)
✔ 缺准备或实发范围时即使要求首次建基线也阻断，并且不写覆盖 (6.269125ms)
✔ 已确认的未来发货工作尚无实发事实也可建 T0+最长路径基线，缺进度只影响预测 (1.373916ms)
✔ 已发布后来源工作身份变化，不把旧映射预算套到新单据 (7.371125ms)
✔ 配置页面保存映射到本地，空天数发布被阻断，填写预算后实际发布当前来源任务 (42.679583ms)
✔ 查生产入口只在合法系统路由显示，并在打印与 PDA 路由隐藏 (0.56ms)
✔ 相似前缀和相似打印段不会被当成合法路由 (0.08725ms)
(node:59915) ExperimentalWarning: localStorage is not available because --localstorage-file was not provided.
(Use `node --trace-warnings ...` to show where the warning was created)
✔ PERF-001: runtime snapshot and all nine subsets preserve every production order value and caller isolation (36.736083ms)
✔ PERF-001: a subset read does not traverse or clone unrelated snapshot sections (0.210334ms)
✔ PERF-001: paper pattern binding strips and nested craft arrays remain isolated after mutation (0.315542ms)
✔ PERF-001: replacing or updating the bound snapshot is visible immediately without a stale cache (0.154542ms)
✔ PERF-001: missing production order keeps null and empty-list contracts (0.07375ms)
(node:59916) ExperimentalWarning: localStorage is not available because --localstorage-file was not provided.
(Use `node --trace-warnings ...` to show where the warning was created)
✔ VERIFY-003: scoped reads preserve pending/voided sources and defensive copies (5.124833ms)
✔ VERIFY-003: metadata lookup reflects registry changes and returns independent locations (20.222875ms)
✔ 并发调用复用同一个模块加载 Promise，成功后继续复用结果 (0.79775ms)
✔ 模块加载失败后清空缓存，下一次调用可以重试 (0.284708ms)
✔ 独立打印外壳只命中完整生产确认单打印路由 (18.416458ms)
✔ 既有固定打印路由仍使用独立打印外壳 (6.299458ms)
ℹ tests 266
ℹ suites 0
ℹ pass 266
ℹ fail 0
ℹ cancelled 0
ℹ skipped 0
ℹ todo 0
ℹ duration_ms 13606.07575
vite v6.4.3 building for production...
transforming...
✓ 2506 modules transformed.
rendering chunks...
[plugin vite:reporter] 
(!) /private/tmp/higoods-wool-main-release-20260918/src/data/app-shell-config.ts is dynamically imported by /private/tmp/higoods-wool-main-release-20260918/src/router/routes.ts but also statically imported by /private/tmp/higoods-wool-main-release-20260918/src/components/shell.ts, /private/tmp/higoods-wool-main-release-20260918/src/state/store.ts, dynamic import will not move module into another chunk.

computing gzip size...
dist/index.html                                                           1.12 kB │ gzip:   0.61 kB
dist/assets/pcs-pattern-parse.worker-B3_rAVMB.js                         18.52 kB
dist/assets/source-views-23Nr_RHD.css                                    34.63 kB │ gzip:   7.04 kB
dist/assets/index-BJDCIw0E.css                                          146.04 kB │ gzip:  24.19 kB
dist/assets/pcs-project-demo-seed-service-COOi2Kbg.js                     0.06 kB │ gzip:   0.08 kB
dist/assets/store-domain-quality-bootstrap-oZVS8ZHR.js                    0.38 kB │ gzip:   0.25 kB
dist/assets/sample-warehouse-projection-BVbRyBR7.js                       0.39 kB │ gzip:   0.25 kB
dist/assets/dialogs-DQ6Bv-yW.js                                           0.58 kB │ gzip:   0.31 kB
dist/assets/tech-pack-Cx8RuVoo.js                                         0.59 kB │ gzip:   0.32 kB
dist/assets/transfer-bag-handover-mock-BHYrTAmX.js                        0.63 kB │ gzip:   0.41 kB
dist/assets/pcs-reset-placeholder-u5EPSNNP.js                             0.72 kB │ gzip:   0.45 kB
dist/assets/badge-CmvhkISM.js                                             0.78 kB │ gzip:   0.42 kB
dist/assets/placeholder-oSczvPtq.js                                       0.81 kB │ gzip:   0.44 kB
dist/assets/trace-o3eDNOnd.js                                             0.85 kB │ gzip:   0.49 kB
dist/assets/execution-prep-projection-helpers-DFcKKgSN.js                 0.90 kB │ gzip:   0.44 kB
dist/assets/history-CLlPeDNw.js                                           0.94 kB │ gzip:   0.61 kB
dist/assets/payment-sync-D5oCBPqD.js                                      0.97 kB │ gzip:   0.62 kB
dist/assets/print-service-Cb4Z7TQ8.js                                     1.00 kB │ gzip:   0.50 kB
dist/assets/pda-sewing-self-return-mode-CVT5AEl1.js                       1.07 kB │ gzip:   0.54 kB
dist/assets/detail.adapter-WveGVHwX.js                                    1.08 kB │ gzip:   0.68 kB
dist/assets/process-work-order-generation-service-DHbKoeVe.js             1.08 kB │ gzip:   0.66 kB
dist/assets/dialogs-CooWygPt.js                                           1.08 kB │ gzip:   0.49 kB
dist/assets/dyeing-material-receipts-tLGivIRP.js                          1.11 kB │ gzip:   0.73 kB
dist/assets/pda-runtime-BHYQUfLW.js                                       1.12 kB │ gzip:   0.62 kB
dist/assets/overview-BY_3tTFv.js                                          1.25 kB │ gzip:   0.69 kB
dist/assets/process-work-order-source-view-BOaJ3e9R.js                    1.31 kB │ gzip:   0.58 kB
dist/assets/work-order-action-policy-4O75zwZC.js                          1.34 kB │ gzip:   0.68 kB
dist/assets/real-qr-CQYAqVg9.js                                           1.48 kB │ gzip:   0.83 kB
dist/assets/filter-bar-nFn1EQ1e.js                                        1.49 kB │ gzip:   0.81 kB
dist/assets/material-identity-tu9uI4XX.js                                 1.54 kB │ gzip:   0.85 kB
dist/assets/supplement-material-prep-demand-registry-DI-N3DvB.js          1.56 kB │ gzip:   0.75 kB
dist/assets/warehouse-shared-C_r6UmRQ.js                                  1.57 kB │ gzip:   0.51 kB
dist/assets/pda-cutting-wait-handover-actions-CrPlw8bF.js                 1.58 kB │ gzip:   0.62 kB
dist/assets/task-handover-domain-lHr1tiwa.js                              1.58 kB │ gzip:   0.77 kB
dist/assets/work-order-detail-BC5xvU0R.js                                 1.69 kB │ gzip:   0.78 kB
dist/assets/task-chain-pages-adapter-Di6nb9Qh.js                          1.72 kB │ gzip:   0.85 kB
dist/assets/production-contract-print-BSL68Y2C.js                         1.73 kB │ gzip:   1.04 kB
dist/assets/dialog-DtZ9jB0B.js                                            1.73 kB │ gzip:   0.83 kB
dist/assets/real-barcode-B2eQBSvt.js                                      1.81 kB │ gzip:   0.96 kB
dist/assets/wool-pda-scan-D9SMr6hO.js                                     1.81 kB │ gzip:   1.00 kB
dist/assets/toast-BW6FwwpS.js                                             1.87 kB │ gzip:   0.90 kB
dist/assets/kol-goto-fixed-total-ledger-DTBIRPjZ.js                       1.93 kB │ gzip:   0.92 kB
dist/assets/printing-sheet-preview-BuOW6OW3.js                            1.94 kB │ gzip:   1.02 kB
dist/assets/table-CnRHh8kG.js                                             2.04 kB │ gzip:   1.03 kB
dist/assets/pda-cutting-simple-cut-piece-handover-cDrp6K7F.js             2.14 kB │ gzip:   1.11 kB
dist/assets/binding-process-pda-scan-s2oa0zjq.js                          2.18 kB │ gzip:   1.13 kB
dist/assets/special-craft-pda-scope-C6E3xKVe.js                           2.22 kB │ gzip:   1.01 kB
dist/assets/helpers-BFKa6pUf.js                                           2.42 kB │ gzip:   1.21 kB
dist/assets/shared-BWr8YHXv.js                                            2.70 kB │ gzip:   1.03 kB
dist/assets/process-order-list-presentation-DWrrHHCD.js                   2.71 kB │ gzip:   1.27 kB
dist/assets/marker-plan-projection-DBCF_rRb.js                            2.77 kB │ gzip:   1.18 kB
dist/assets/post-finishing-spu-technical-parameters-BP3AFAKS.js           2.79 kB │ gzip:   1.28 kB
dist/assets/authorization-code-QeoP5ZGT.js                                2.87 kB │ gzip:   1.41 kB
dist/assets/process-order-task-relations-C2Tb5er3.js                      2.97 kB │ gzip:   1.29 kB
dist/assets/production-order-identity-FaCv0fxS.js                         3.00 kB │ gzip:   1.24 kB
dist/assets/confirmation-print-NPpnS1wl.js                                3.00 kB │ gzip:   1.29 kB
dist/assets/progress-board-CthNgf2S.js                                    3.05 kB │ gzip:   1.45 kB
dist/assets/tabs-BG20Sp5X.js                                              3.09 kB │ gzip:   0.93 kB
dist/assets/pda-cutting-runtime-action-inputs-CqvhfkWL.js                 3.15 kB │ gzip:   1.09 kB
dist/assets/task-route-card-DY1yl3Vs.js                                   3.27 kB │ gzip:   1.43 kB
dist/assets/task-delivery-card-BHzhI94H.js                                3.33 kB │ gzip:   1.51 kB
dist/assets/cutting-mainline-T6R1EpMF.js                                  3.41 kB │ gzip:   1.53 kB
dist/assets/transfer-bags-projection-DQqHJ8KB.js                          3.52 kB │ gzip:   1.48 kB
dist/assets/binding-process-warehouse-linkage-service-BESrTq22.js         3.63 kB │ gzip:   1.38 kB
dist/assets/fcs-route-links-BrHBsWPd.js                                   3.67 kB │ gzip:   1.20 kB
dist/assets/quality-chain-adapter-BwX_d5P9.js                             3.68 kB │ gzip:   1.66 kB
dist/assets/shared-DuzLBDzD.js                                            3.73 kB │ gzip:   1.70 kB
dist/assets/engineering-file-upload-_y6ZyX71.js                           3.77 kB │ gzip:   1.71 kB
dist/assets/shared-BlZfrVMi.js                                            3.91 kB │ gzip:   1.64 kB
dist/assets/transfer-bag-repack-mock-DyA-G4V_.js                          3.95 kB │ gzip:   1.81 kB
dist/assets/sewing-outsourcing-demo-BT3v0lHa.js                           3.95 kB │ gzip:   1.58 kB
dist/assets/dashboards-DbXaXQlu.js                                        4.06 kB │ gzip:   2.00 kB
dist/assets/pda-wool-warehouse-flows-BUft0x3y.js                          4.37 kB │ gzip:   2.33 kB
dist/assets/form-jmgVI45o.js                                              4.37 kB │ gzip:   1.39 kB
dist/assets/sewing-outsourcing-responsibility-DRSrutI6.js                 4.42 kB │ gzip:   1.96 kB
dist/assets/supplement-order-registry-CHnc7juB.js                         4.49 kB │ gzip:   1.76 kB
dist/assets/routes-pda-CoE3EYzZ.js                                        4.68 kB │ gzip:   1.77 kB
dist/assets/preparation-material-receipt-sources-BEF4GgjC.js              4.68 kB │ gzip:   1.95 kB
dist/assets/layout.helpers-DNznBs99.js                                    4.76 kB │ gzip:   1.73 kB
dist/assets/runtime-task-tenders-YGz6fHpq.js                              4.76 kB │ gzip:   1.94 kB
dist/assets/relations-C20FCtJP.js                                         4.77 kB │ gzip:   2.17 kB
dist/assets/process-order-list-controller-DpGmXA55.js                     4.83 kB │ gzip:   1.86 kB
dist/assets/store-domain-dispatch-process-BBoNWJIs.js                     5.01 kB │ gzip:   1.95 kB
dist/assets/process-work-order-quality-settlement-DLwteBmJ.js             5.33 kB │ gzip:   2.20 kB
dist/assets/dispatch-task-sheet-CdG73Jvx.js                               5.56 kB │ gzip:   2.65 kB
dist/assets/routes-pcs-CUEjopBY.js                                        5.62 kB │ gzip:   1.62 kB
dist/assets/process-order-three-axis-view-DXKFdJxv.js                     5.72 kB │ gzip:   2.30 kB
dist/assets/production-contract-center-CgYhgJfs.js                        5.77 kB │ gzip:   2.48 kB
dist/assets/pda-cutting-nav-context-BoC5TEKq.js                           5.95 kB │ gzip:   1.40 kB
dist/assets/fcs-pda-pickup-dispute-B9LuoRfT.js                            6.19 kB │ gzip:   2.19 kB
dist/assets/material-handover-ITyz3wBM.js                                 6.21 kB │ gzip:   2.42 kB
dist/assets/pcs-project-technical-data-writeback-B8YUtU8I.js              6.25 kB │ gzip:   2.40 kB
dist/assets/warehouse-standard-BUVj_8S3.js                                6.26 kB │ gzip:   2.08 kB
dist/assets/fact-view-COAeUrNN.js                                         6.29 kB │ gzip:   2.07 kB
dist/assets/statistics-jMIsGkkM.js                                        6.31 kB │ gzip:   1.89 kB
dist/assets/craft-actions-i7hDlOUd.js                                     6.38 kB │ gzip:   2.89 kB
dist/assets/pda-notify-zCSCwuWa.js                                        6.49 kB │ gzip:   2.38 kB
dist/assets/pda-transfer-bag-detail-gKAnZ9wQ.js                           6.49 kB │ gzip:   2.33 kB
dist/assets/factory-receiving-links-Du3Wih01.js                           6.57 kB │ gzip:   2.63 kB
dist/assets/sewing-outsourcing-supplement-tracking-B35i1tzn.js            6.63 kB │ gzip:   2.89 kB
dist/assets/shared-B-zP1eeX.js                                            6.82 kB │ gzip:   2.51 kB
dist/assets/production-contract-master-template-D8PSnZnb.js               6.85 kB │ gzip:   2.74 kB
dist/assets/dye-work-order-times-CxLziefL.js                              7.12 kB │ gzip:   2.52 kB
dist/assets/pda-cutting-execution-unit-D2hNPjSI.js                        7.15 kB │ gzip:   2.70 kB
dist/assets/overview.helpers-BP2F5Yu8.js                                  7.36 kB │ gzip:   2.88 kB
dist/assets/pda-notify-detail-fsO54dPf.js                                 7.38 kB │ gzip:   2.34 kB
dist/assets/pda-cutting-fei-ticket-numbering-BJKFh9bA.js                  7.40 kB │ gzip:   2.46 kB
dist/assets/settlement-flow-boundaries-DbkSNas3.js                        7.43 kB │ gzip:   2.53 kB
dist/assets/pda-warehouse-B4Jf1-Mj.js                                     7.48 kB │ gzip:   2.98 kB
dist/assets/production-craft-dict-ROTVLeeY.js                             7.51 kB │ gzip:   2.82 kB
dist/assets/sewing-outsourcing-return-tracking-DKzsiY3F.js                7.58 kB │ gzip:   2.84 kB
dist/assets/workbench-D_eBxnqS.js                                         7.61 kB │ gzip:   3.12 kB
dist/assets/pda-cutting-transfer-bag-recovery-BczinOte.js                 7.70 kB │ gzip:   3.22 kB
dist/assets/pcs-material-archive-detail-DJ9c__RQ.js                       7.71 kB │ gzip:   2.70 kB
dist/assets/supplement-node-facts-CFDPSzdh.js                             7.77 kB │ gzip:   2.85 kB
dist/assets/production-contracts-DCKzvDRc.js                              8.06 kB │ gzip:   2.74 kB
dist/assets/pda-cutting-transfer-bag-scrap-CpSGd9Gv.js                    8.08 kB │ gzip:   3.34 kB
dist/assets/progress-exception-lifecycle-BJx0gSBY.js                      8.09 kB │ gzip:   2.70 kB
dist/assets/statistics-Bylwvwpw.js                                        8.41 kB │ gzip:   3.65 kB
dist/assets/milestone-configs-CpgUa9Ez.js                                 8.42 kB │ gzip:   2.94 kB
dist/assets/pre-settlement-ledger-repository-DPsr_mAI.js                  8.64 kB │ gzip:   2.95 kB
dist/assets/pcs-pattern-library-config-nQf0TedO.js                        8.73 kB │ gzip:   2.37 kB
dist/assets/fei-ticket-numbering-B7Vr85l_.js                              8.82 kB │ gzip:   3.09 kB
dist/assets/pda-cutting-shared-T4vuy0TS.js                                8.83 kB │ gzip:   2.72 kB
dist/assets/navigation-context-eYKCd2w1.js                                8.87 kB │ gzip:   2.46 kB
dist/assets/yarn-shipments--7-c2bTs.js                                    8.92 kB │ gzip:   4.04 kB
dist/assets/list-Do_mcFAv.js                                              9.04 kB │ gzip:   3.01 kB
dist/assets/pda-login-BpeMr09R.js                                         9.12 kB │ gzip:   3.52 kB
dist/assets/dye-work-order-online-domain-BP_bWBHs.js                      9.53 kB │ gzip:   3.55 kB
dist/assets/sewing-pickup-slips-CPVn3psc.js                               9.56 kB │ gzip:   3.59 kB
dist/assets/production-return-fulfillment-DJUr7MhZ.js                    10.02 kB │ gzip:   3.82 kB
dist/assets/task-breakdown-Igv9X21m.js                                   11.01 kB │ gzip:   4.05 kB
dist/assets/presentation-DKSkrw8R.js                                     11.02 kB │ gzip:   4.53 kB
dist/assets/tasks-CN29To8C.js                                            11.26 kB │ gzip:   4.32 kB
dist/assets/material-transfers-B-6aHe1g.js                               11.28 kB │ gzip:   3.90 kB
dist/assets/pda-exec-link-BPP0PIzn.js                                    11.32 kB │ gzip:   3.69 kB
dist/assets/material-prep-BETDJEb-.js                                    11.40 kB │ gzip:   2.68 kB
dist/assets/dyeing-warehouse-view-COZE5c1x.js                            11.46 kB │ gzip:   3.93 kB
dist/assets/process-statistics-domain-HDeOvn6a.js                        12.19 kB │ gzip:   3.97 kB
dist/assets/pickup-management-runtime-Bk8p1Vgb.js                        12.20 kB │ gzip:   4.71 kB
dist/assets/task-execution-adapter-DoQsNHTX.js                           12.22 kB │ gzip:   3.67 kB
dist/assets/wls-inbound-VCy87WRL.js                                      12.39 kB │ gzip:   4.77 kB
dist/assets/returns-DDPYya9X.js                                          12.40 kB │ gzip:   4.58 kB
dist/assets/handover-print-Bi1SzM-9.js                                   12.42 kB │ gzip:   4.48 kB
dist/assets/cut-piece-return-warehouse-Cbsit5Em.js                       12.43 kB │ gzip:   4.36 kB
dist/assets/meta-n_j6WbvB.js                                             12.79 kB │ gzip:   2.87 kB
dist/assets/context-D0lGBaNA.js                                          12.97 kB │ gzip:   4.57 kB
dist/assets/responsibility-transfers-B-iLyizP.js                         13.03 kB │ gzip:   4.87 kB
dist/assets/supplements-ckzPEpAQ.js                                      13.14 kB │ gzip:   4.73 kB
dist/assets/handover-records-DeQU9oay.js                                 13.14 kB │ gzip:   4.13 kB
dist/assets/wls-finished-inbound-B1wnZvzq.js                             13.23 kB │ gzip:   5.02 kB
dist/assets/pda-start-link-DSDZk1-L.js                                   13.37 kB │ gzip:   4.73 kB
dist/assets/work-orders-LZfM0-8-.js                                      13.84 kB │ gzip:   4.67 kB
dist/assets/mobile-execution-task-index-a6lwNGxq.js                      13.96 kB │ gzip:   3.70 kB
dist/assets/workbench-Dljoncy4.js                                        14.03 kB │ gzip:   4.05 kB
dist/assets/work-order-detail-DjsSgkRn.js                                14.13 kB │ gzip:   4.47 kB
dist/assets/post-finishing-qc-print-template-CheOqxM5.js                 14.45 kB │ gzip:   4.45 kB
dist/assets/work-orders-BEzpvpxz.js                                      14.70 kB │ gzip:   4.77 kB
dist/assets/reports-BvIjJF_k.js                                          14.75 kB │ gzip:   3.54 kB
dist/assets/full-flow-print-BjajJ3bE.js                                  14.89 kB │ gzip:   4.83 kB
dist/assets/progress-handover-order-CIFl68oG.js                          15.06 kB │ gzip:   4.30 kB
dist/assets/pcs-engineering-tech-pack-workspace-OhDYL23i.js              15.18 kB │ gzip:   5.42 kB
dist/assets/cut-order-release-integration-Bpyq0mwY.js                    15.21 kB │ gzip:   5.38 kB
dist/assets/machines-DFmrl_Xo.js                                         15.31 kB │ gzip:   5.01 kB
dist/assets/outbound-orders-CthZuPIl.js                                  15.34 kB │ gzip:   4.92 kB
dist/assets/pda-cutting-task-detail-CwNk9b9Z.js                          15.50 kB │ gzip:   5.38 kB
dist/assets/simple-cut-piece-handover-fixtures-Bv20QWrX.js               15.90 kB │ gzip:   5.27 kB
dist/assets/process-web-status-actions-EyBV62sj.js                       15.97 kB │ gzip:   4.23 kB
dist/assets/cut-order-supplement-fixture-DZOsRoih.js                     15.97 kB │ gzip:   4.83 kB
dist/assets/progress-cutting-detail-C6DRbocA.js                          15.99 kB │ gzip:   3.76 kB
dist/assets/pda-sewing-self-return-DzmmwhsX.js                           15.99 kB │ gzip:   5.27 kB
dist/assets/garment-spu-replacement-DZimHQk_.js                          16.01 kB │ gzip:   4.85 kB
dist/assets/handover-ledger-view-Cu1Sxbo8.js                             16.17 kB │ gzip:   4.44 kB
dist/assets/wls-garment-relabel-tasks-CrwcQ_Oa.js                        16.20 kB │ gzip:   5.31 kB
dist/assets/pda-notify-due-soon-B7t7AE74.js                              16.49 kB │ gzip:   5.52 kB
dist/assets/events-C4aZFlr_.js                                           16.92 kB │ gzip:   6.62 kB
dist/assets/sewing-cut-piece-return-workflow-C_eWX1Xs.js                 17.18 kB │ gzip:   6.07 kB
dist/assets/warehouse-B6H1AXAY.js                                        17.25 kB │ gzip:   5.36 kB
dist/assets/production-confirmation-DFFLXZj6.js                          17.25 kB │ gzip:   5.89 kB
dist/assets/marker-spreading-projection-Sc6TQzLj.js                      17.48 kB │ gzip:   5.53 kB
dist/assets/sewing-cut-piece-responsibility-CG1_3625.js                  17.53 kB │ gzip:   5.25 kB
dist/assets/process-mobile-task-binding-CSsv5oLW.js                      17.56 kB │ gzip:   6.14 kB
dist/assets/pda-handlers-C74CPTRT.js                                     17.66 kB │ gzip:   4.67 kB
dist/assets/adjustments-C0twKAB_.js                                      18.11 kB │ gzip:   5.47 kB
dist/assets/pda-warehouse-inbound-records-kD5_cGj9.js                    18.15 kB │ gzip:   5.09 kB
dist/assets/purchase-demands-Dt6V_pgE.js                                 18.28 kB │ gzip:   5.86 kB
dist/assets/platform-process-result-view-CxfrZFzd.js                     18.53 kB │ gzip:   5.32 kB
dist/assets/store-domain-statement-source-adapter-D4JCTzRU.js            18.56 kB │ gzip:   5.30 kB
dist/assets/sewing-outsourcing-workbench-DfhY7-2B.js                     18.65 kB │ gzip:   6.46 kB
dist/assets/pda-warehouse-outbound-records-BjN4sMr7.js                   18.65 kB │ gzip:   5.32 kB
dist/assets/task-orders-DKxg2jiF.js                                      18.69 kB │ gzip:   6.30 kB
dist/assets/pda-warehouse-shared-YESBaPK4.js                             18.74 kB │ gzip:   5.59 kB
dist/assets/process-water-soluble-orders-CtUv_tDC.js                     18.80 kB │ gzip:   5.72 kB
dist/assets/production-demand-early-process-work-orders-cTnpm9B2.js      18.82 kB │ gzip:   5.60 kB
dist/assets/kol-goto-pda-domain-IwcHjcUz.js                              19.16 kB │ gzip:   6.51 kB
dist/assets/platform.adapter-BCBKYk9x.js                                 19.25 kB │ gzip:   6.09 kB
dist/assets/shared-C_6lP6EI.js                                           19.47 kB │ gzip:   5.27 kB
dist/assets/audit-records-CZyuKgM6.js                                    19.65 kB │ gzip:   6.34 kB
dist/assets/stage-display-YSYKlEoE.js                                    19.65 kB │ gzip:   6.94 kB
dist/assets/factory-sample-verification-flow-uyzQtsLG.js                 19.86 kB │ gzip:   4.87 kB
dist/assets/index-DYT0Wp9k.js                                            20.17 kB │ gzip:   5.20 kB
dist/assets/pcs-engineering-master-list-62pBlZmt.js                      20.40 kB │ gzip:   6.93 kB
dist/assets/deduction-analysis-Dt1vT08J.js                               20.56 kB │ gzip:   5.82 kB
dist/assets/fei-ticket-numbering-Dn7X-kpz.js                             20.61 kB │ gzip:   5.67 kB
dist/assets/order-list-columns-urEIMp-c.js                               20.62 kB │ gzip:   6.46 kB
dist/assets/overview.adapter-CJDLmS9F.js                                 20.65 kB │ gzip:   6.53 kB
dist/assets/events-tDPztrzy.js                                           21.11 kB │ gzip:   6.52 kB
dist/assets/work-order-detail-Dtm4fx2w.js                                21.13 kB │ gzip:   6.65 kB
dist/assets/pcs-engineering-master-view-model-ZtfSfJOd.js                21.18 kB │ gzip:   7.03 kB
dist/assets/cut-piece-returns-DHHrMff6.js                                21.55 kB │ gzip:   6.47 kB
dist/assets/cut-piece-handover-pABXB-XO.js                               21.75 kB │ gzip:   6.93 kB
dist/assets/progress-cutting-overview-TPb2UCE4.js                        22.02 kB │ gzip:   4.99 kB
dist/assets/material-issue-CGGCbet4.js                                   22.02 kB │ gzip:   5.17 kB
dist/assets/tasks-Dk6zf_dN.js                                            22.03 kB │ gzip:   6.97 kB
dist/assets/pms-purchase-orders-CKzlWNlr.js                              22.06 kB │ gzip:   6.46 kB
dist/assets/pcs-project-detail-support-CuCF9hj4.js                       22.10 kB │ gzip:   6.80 kB
dist/assets/wls-accessory-receipts-B5-tcgoR.js                           22.14 kB │ gzip:   6.67 kB
dist/assets/qc-workbench-B5bDUvXN.js                                     22.32 kB │ gzip:   6.88 kB
dist/assets/dye-work-order-online-view-CXIjfpSj.js                       22.47 kB │ gzip:   7.73 kB
dist/assets/recheck-orders-BRTIUpTX.js                                   22.50 kB │ gzip:   7.05 kB
dist/assets/production-order-duration-BVXdKpPL.js                        22.50 kB │ gzip:   8.55 kB
dist/assets/warehouse-location-map-model-Bfpe5w0g.js                     22.52 kB │ gzip:   7.15 kB
dist/assets/material-statements-BS7jizQb.js                              22.71 kB │ gzip:   5.99 kB
dist/assets/progress-statistics-linkage-CulYVZS4.js                      22.82 kB │ gzip:   6.52 kB
dist/assets/simple-cut-piece-handover-ui-Bx2aEc4J.js                     23.04 kB │ gzip:   8.89 kB
dist/assets/process-order-task-links-BNRbNlDd.js                         23.57 kB │ gzip:   6.43 kB
dist/assets/process-print-orders-BQID1imA.js                             23.59 kB │ gzip:   7.72 kB
dist/assets/qc-orders-CY8-iYsK.js                                        23.61 kB │ gzip:   7.31 kB
dist/assets/pcs-handlers-Bcei0vR-.js                                     23.66 kB │ gzip:   6.12 kB
dist/assets/process-dye-orders-DZlMbrQC.js                               23.77 kB │ gzip:   7.80 kB
dist/assets/machine-associations-BZ01680i.js                             24.42 kB │ gzip:   7.25 kB
dist/assets/fcs-production-tech-pack-snapshot-B97oUiCs.js                24.58 kB │ gzip:   6.16 kB
dist/assets/retired-process-history-D9yKtW-v.js                          24.75 kB │ gzip:   6.40 kB
dist/assets/dialogs-CznDylZL.js                                          24.87 kB │ gzip:   6.15 kB
dist/assets/wls-fabric-demand-board-Cdh2c6Xx.js                          25.08 kB │ gzip:   6.86 kB
dist/assets/pda-warehouse-wait-handover-DyXVSNEn.js                      25.61 kB │ gzip:   6.37 kB
dist/assets/sample-approval-suggestions-BTuby-jE.js                      25.93 kB │ gzip:   7.97 kB
dist/assets/progress-milestone-config-DhvOEE7_.js                        26.43 kB │ gzip:   5.64 kB
dist/assets/sample-warehouse-DledWhkd.js                                 26.63 kB │ gzip:   6.61 kB
dist/assets/marker-spreading-utils-BPFHryj-.js                           26.72 kB │ gzip:   7.83 kB
dist/assets/third-party-factory-rating-DPSqioZQ.js                       27.03 kB │ gzip:   7.57 kB
dist/assets/warehouse-location-map-CR8rkJ_z.js                           27.06 kB │ gzip:   7.08 kB
dist/assets/pcs-channel-products-C-DzQJhH.js                             27.09 kB │ gzip:   7.17 kB
dist/assets/pcs-pattern-library-detail-fHGXbHW6.js                       27.58 kB │ gzip:   6.56 kB
dist/assets/pda-wool-fact-execution-DPZlNst5.js                          27.84 kB │ gzip:   9.27 kB
dist/assets/warehouse-BGDWPPar.js                                        28.08 kB │ gzip:   9.32 kB
dist/assets/production-order-progress-tracking-CW2IWKFa.js               28.21 kB │ gzip:   9.21 kB
dist/assets/factory-status-BblXBsqN.js                                   28.39 kB │ gzip:   6.00 kB
dist/assets/pcs-engineering-master-detail-DYjGB0dT.js                    28.51 kB │ gzip:   8.35 kB
dist/assets/marker-plan-source-model-B0R9FMkD.js                         28.86 kB │ gzip:   8.45 kB
dist/assets/progress-cutting-exception-center-7mWzHpVS.js                29.08 kB │ gzip:   6.45 kB
dist/assets/handover-orders-D3Qor5pQ.js                                  30.04 kB │ gzip:   8.25 kB
dist/assets/early-process-management-CQhEVTxH.js                         30.06 kB │ gzip:   7.55 kB
dist/assets/pcs-config-workspace-BVVeoyLZ.js                             30.75 kB │ gzip:   6.77 kB
dist/assets/capability-CmF1D1-3.js                                       31.64 kB │ gzip:   6.68 kB
dist/assets/factory-performance-sQToYpzm.js                              32.27 kB │ gzip:   6.72 kB
dist/assets/garment-spu-replacements-Ce9GYlW2.js                         32.30 kB │ gzip:   9.07 kB
dist/assets/task-detail-Bzru3DKs.js                                      32.49 kB │ gzip:   9.61 kB
dist/assets/dialogs-CvZJznTj.js                                          32.55 kB │ gzip:   9.78 kB
dist/assets/pda-shell-B7BVfBVy.js                                        32.91 kB │ gzip:   8.67 kB
dist/assets/process-warehouse-domain-BiWu7p62.js                         32.98 kB │ gzip:   7.51 kB
dist/assets/cut-piece-return-domain-DEYWkGJL.js                          33.09 kB │ gzip:   9.74 kB
dist/assets/pda-cutting-inbound-DSasRjzg.js                              33.44 kB │ gzip:  10.01 kB
dist/assets/store-domain-settlement-seeds-BOkAeamM.js                    33.63 kB │ gzip:   8.98 kB
dist/assets/pcs-pattern-library-CWmi9ZZN.js                              33.64 kB │ gzip:   7.63 kB
dist/assets/warehouse-runtime-COmaBw-Z.js                                33.70 kB │ gzip:   8.63 kB
dist/assets/stage-orders-NHVB9R-U.js                                     34.11 kB │ gzip:  10.44 kB
dist/assets/pda-warehouse-stocktake-CebAY_H-.js                          34.46 kB │ gzip:   8.62 kB
dist/assets/stage-order-detail-DsJl95KK.js                               34.49 kB │ gzip:   9.98 kB
dist/assets/work-orders-BwpF_-pD.js                                      34.53 kB │ gzip:  11.54 kB
dist/assets/work-order-detail-Bl7CvnCh.js                                34.57 kB │ gzip:   9.38 kB
dist/assets/pda-post-finishing-flow-ocg06avv.js                          34.79 kB │ gzip:   9.27 kB
dist/assets/dispatch-acceptance-sla-CJddlPqS.js                          34.91 kB │ gzip:   7.87 kB
dist/assets/pda-task-receive-detail-BH-6ZqnA.js                          35.22 kB │ gzip:   8.42 kB
dist/assets/pending-receipts-Cxi6X3iz.js                                 35.30 kB │ gzip:  10.62 kB
dist/assets/water-soluble-orders-KYpVoUj8.js                             35.89 kB │ gzip:  10.77 kB
dist/assets/pda-cutting-transfer-bag-repack-B3uv8SaB.js                  35.90 kB │ gzip:  10.08 kB
dist/assets/work-order-detail-DopXMAcx.js                                36.11 kB │ gzip:   9.66 kB
dist/assets/pcs-technical-data-BTF8FxOk.js                               36.78 kB │ gzip:   9.80 kB
dist/assets/pcs-pattern-library-create-BhaAS4x0.js                       36.89 kB │ gzip:   8.61 kB
dist/assets/special-processes-Cc-FTVXr.js                                37.19 kB │ gzip:   9.50 kB
dist/assets/third-party-factory-comprehensive-assessment-Dl0ZLBwX.js     37.39 kB │ gzip:  11.03 kB
dist/assets/pda-quality-vNxLaN5L.js                                      37.40 kB │ gzip:   9.76 kB
dist/assets/cutting-statistics-ab-material-D8rQyC-o.js                   38.09 kB │ gzip:   8.61 kB
dist/assets/fcs-handlers-DzaaniOb.js                                     38.40 kB │ gzip:  11.48 kB
dist/assets/warehouse-B_CGtM_A.js                                        38.50 kB │ gzip:  10.90 kB
dist/assets/pda-cutting-handover-Dd3VYZXO.js                             38.97 kB │ gzip:  11.05 kB
dist/assets/wait-handover-runtime-Bc1-4R3w.js                            41.22 kB │ gzip:  11.19 kB
dist/assets/print-styles-DTqKjn9w.js                                     41.87 kB │ gzip:   8.58 kB
dist/assets/pending-receipts-BcegAA4i.js                                 43.19 kB │ gzip:  15.36 kB
dist/assets/pcs-material-archives-BvnT7_QX.js                            43.89 kB │ gzip:   9.60 kB
dist/assets/cutting-summary-Cy-wZFR9.js                                  44.04 kB │ gzip:  11.49 kB
dist/assets/warehouse-Bu0toEzE.js                                        44.11 kB │ gzip:  11.17 kB
dist/assets/handover-orders-BxZR9mkb.js                                  44.18 kB │ gzip:   8.79 kB
dist/assets/demand-domain-Di6i01l2.js                                    44.54 kB │ gzip:   9.87 kB
dist/assets/warehouse-XzHZygYO.js                                        46.18 kB │ gzip:  10.74 kB
dist/assets/batches-DdLBn3Er.js                                          46.41 kB │ gzip:   9.84 kB
dist/assets/dispatch-tenders-P0ht1f8B.js                                 47.23 kB │ gzip:  12.22 kB
dist/assets/dyeing-CokLQ9O8.js                                           47.45 kB │ gzip:  10.17 kB
dist/assets/printing-Cqtv-eFt.js                                         47.45 kB │ gzip:  10.18 kB
dist/assets/other-DE6U-c4H.js                                            47.46 kB │ gzip:  10.19 kB
dist/assets/settlement-linked-mock-factory-DLMhN7BH.js                   47.63 kB │ gzip:  14.44 kB
dist/assets/sewing-C-DUb8U6.js                                           48.47 kB │ gzip:  10.52 kB
dist/assets/progress-material-EeT-zPb-.js                                48.72 kB │ gzip:   9.35 kB
dist/assets/pda-task-receive-CHphMWkT.js                                 49.14 kB │ gzip:  12.22 kB
dist/assets/pda-cutting-execution-source-CHucWYCl.js                     49.90 kB │ gzip:  13.49 kB
dist/assets/pda-onboarding-DES2V8xw.js                                   50.52 kB │ gzip:  10.77 kB
dist/assets/marker-plan-model-CbPa7NEw.js                                51.50 kB │ gzip:  14.70 kB
dist/assets/pda-handover-CH9zOmwW.js                                     52.11 kB │ gzip:  13.86 kB
dist/assets/store-domain-progress-Dv5IYjJM.js                            53.11 kB │ gzip:  11.76 kB
dist/assets/settlement-cutting-input-D14nA4Qo.js                         53.56 kB │ gzip:  11.04 kB
dist/assets/lace-factory-domain-BTkNWwGS.js                              53.70 kB │ gzip:  13.35 kB
dist/assets/pcs-part-template-library-BVT1FSjw.js                        53.77 kB │ gzip:  11.06 kB
dist/assets/progress-urge-YZhnSb-s.js                                    56.35 kB │ gzip:  11.39 kB
dist/assets/pda-cutting-spreading-B711ovzP.js                            56.56 kB │ gzip:  13.08 kB
dist/assets/warehouse-location-map-DLiZo25z.js                           56.83 kB │ gzip:  16.85 kB
dist/assets/marker-plan-occupancy-B00Iinl2.js                            57.09 kB │ gzip:  16.02 kB
dist/assets/domain-snapshot-Cs1nqe7o.js                                  59.32 kB │ gzip:  15.87 kB
dist/assets/routes-fcs-CtvLLGj9.js                                       60.05 kB │ gzip:  12.52 kB
dist/assets/cut-piece-release-Dvz-D3Lw.js                                60.06 kB │ gzip:  15.81 kB
dist/assets/pda-settlement-BK5hzZYl.js                                   60.08 kB │ gzip:  13.66 kB
dist/assets/factory-profile-C8qhffw0.js                                  61.15 kB │ gzip:  14.04 kB
dist/assets/pickup-management-list-DBAVz8TZ.js                           61.41 kB │ gzip:  17.11 kB
dist/assets/pcs-live-testing-DGwpgQov.js                                 62.64 kB │ gzip:  15.76 kB
dist/assets/cutting-CveDF-RR.js                                          62.79 kB │ gzip:  12.94 kB
dist/assets/progress-handover-BZOwTZdT.js                                63.78 kB │ gzip:  13.54 kB
dist/assets/production-object-overview-3wCmAtG6.js                       64.69 kB │ gzip:  13.11 kB
dist/assets/pcs-video-testing-CPPxj9Hs.js                                64.81 kB │ gzip:  16.18 kB
dist/assets/production-object-overview-DxQDrW3z.js                       65.32 kB │ gzip:  15.34 kB
dist/assets/output-documents-Du08hh6e.js                                 65.92 kB │ gzip:  22.54 kB
dist/assets/pda-exec-D1Id1i7j.js                                         66.88 kB │ gzip:  15.29 kB
dist/assets/pcs-sample-management-iWXvIiz9.js                            67.47 kB │ gzip:  15.34 kB
dist/assets/core-BBAGXUos.js                                             67.54 kB │ gzip:  12.55 kB
dist/assets/cutting-daily-production-report-C8g87p_S.js                  68.05 kB │ gzip:  19.04 kB
dist/assets/pcs-channel-stores-CFFFqcdW.js                               69.22 kB │ gzip:  14.30 kB
dist/assets/context-C3yppTgs.js                                          69.43 kB │ gzip:  21.32 kB
dist/assets/sewing-dispatch-C-D8JxUL.js                                  69.49 kB │ gzip:  18.07 kB
dist/assets/progress-exceptions-jaeCXVnp.js                              70.30 kB │ gzip:  13.27 kB
dist/assets/qc-records--OlKC8zf.js                                       71.00 kB │ gzip:  15.94 kB
dist/assets/wait-handover-actions-Bz-dLREA.js                            71.83 kB │ gzip:  18.16 kB
dist/assets/special-craft-fei-ticket-flow-DpQTRBVR.js                    72.43 kB │ gzip:  16.43 kB
dist/assets/transfer-bags-B4xLDAEp.js                                    72.78 kB │ gzip:  18.41 kB
dist/assets/factory-onboarding-CEnYSR9O.js                               75.21 kB │ gzip:  12.66 kB
dist/assets/pda-handover-detail-klIvj22s.js                              75.36 kB │ gzip:  18.43 kB
dist/assets/settlement-BzGHGnHs.js                                       75.54 kB │ gzip:  11.55 kB
dist/assets/dialogs-D6ueVIgv.js                                          75.66 kB │ gzip:  18.69 kB
dist/assets/orders-domain-B-ltGpRu.js                                    76.23 kB │ gzip:  16.86 kB
dist/assets/pcs-independent-sampling-DJQ_uJdd.js                         76.92 kB │ gzip:  19.56 kB
dist/assets/runtime-projections-CLKsD_jS.js                              78.01 kB │ gzip:  18.42 kB
dist/assets/transfer-bag-operations-s8pPbnh-.js                          78.06 kB │ gzip:  19.27 kB
dist/assets/process-action-writeback-service-4q5atjxF.js                 78.08 kB │ gzip:  17.81 kB
dist/assets/production-progress-CtXov1Qs.js                              80.58 kB │ gzip:  20.32 kB
dist/assets/pda-warehouse-wait-process-KExfAavH.js                       87.27 kB │ gzip:  21.11 kB
dist/assets/events-CIYLxoYB.js                                           90.02 kB │ gzip:  22.17 kB
dist/assets/factory-onboarding-flow-BA9BWsQp.js                          90.59 kB │ gzip:  23.31 kB
dist/assets/dispatch-ChxB_peo.js                                         91.34 kB │ gzip:  27.77 kB
dist/assets/cut-orders-DXC0wz1Q.js                                       94.65 kB │ gzip:  24.38 kB
dist/assets/special-craft-task-orders-R3jSP_-t.js                        99.16 kB │ gzip:  26.80 kB
dist/assets/app-shared-DNOhaWSW.js                                      103.37 kB │ gzip:  25.45 kB
dist/assets/pcs-product-archives-CjWL0JvH.js                            106.20 kB │ gzip:  21.44 kB
dist/assets/events-OcAqkXSe.js                                          108.33 kB │ gzip:  26.66 kB
dist/assets/index-C0BFRhre.js                                           109.43 kB │ gzip:  39.84 kB
dist/assets/transfer-bag-return-model-BXCsWtzo.js                       112.94 kB │ gzip:  26.62 kB
dist/assets/supplement-management-BSmPNze7.js                           113.22 kB │ gzip:  29.91 kB
dist/assets/unified-dispatch-workbench-Car--stt.js                      117.98 kB │ gzip:  33.08 kB
dist/assets/statements-Dbqs49x3.js                                      119.48 kB │ gzip:  24.44 kB
dist/assets/pcs-engineering-tasks-BUNnLrKS.js                           121.82 kB │ gzip:  27.76 kB
dist/assets/context-DlDlC8Wl.js                                         132.62 kB │ gzip:  34.29 kB
dist/assets/production-BlgxWAVt.js                                      133.92 kB │ gzip:  27.38 kB
dist/assets/process-domain-Ckp-1YR_.js                                  138.60 kB │ gzip:  25.79 kB
dist/assets/generated-fei-tickets-B1jr8SPg.js                           143.00 kB │ gzip:  36.15 kB
dist/assets/preparation-timing-BfO2ggus.js                              145.93 kB │ gzip:  34.38 kB
dist/assets/marker-plan-BB2pe9YP.js                                     150.09 kB │ gzip:  35.39 kB
dist/assets/warehouse-hub-DSZwTqbo.js                                   152.74 kB │ gzip:  37.97 kB
dist/assets/marker-spreading-BQqLMFEl.js                                154.05 kB │ gzip:  37.71 kB
dist/assets/fei-tickets-EyZJryXQ.js                                     196.51 kB │ gzip:  43.85 kB
dist/assets/index--GzcKvNw.js                                           210.12 kB │ gzip:  66.49 kB
dist/assets/index-DjCASva6.js                                           210.35 kB │ gzip:  49.53 kB
dist/assets/pcs-projects-3jsN-JtX.js                                    232.17 kB │ gzip:  50.51 kB
dist/assets/pda-exec-detail-DAQS1Iem.js                                 233.98 kB │ gzip:  54.26 kB
dist/assets/print-preview-ROrBWjp1.js                                   257.70 kB │ gzip:  66.69 kB
dist/assets/production-timeliness-D_iMyDBr.js                           459.91 kB │ gzip: 115.02 kB
dist/assets/production-source-shared-B5rchQc8.js                      2,910.85 kB │ gzip: 722.37 kB

(!) Some chunks are larger than 550 kB after minification. Consider:
- Using dynamic import() to code-split the application
- Use build.rollupOptions.output.manualChunks to improve chunking: https://rollupjs.org/configuration-options/#output-manualchunks
- Adjust chunk size limit for this warning via build.chunkSizeWarningLimit.
✓ built in 13.02s
