
> higoods-vanilla-clone@1.0.0 check:list-page-governance
> npm run check:list-page-governance:static && npm run check:standard-list-page-template && npm run check:prototype-design-governance -- --all


> higoods-vanilla-clone@1.0.0 check:list-page-governance:static
> node --experimental-strip-types --experimental-specifier-resolution=node scripts/check-list-page-governance.ts

list page governance passed: scanned 436 pages, baseline 17

> higoods-vanilla-clone@1.0.0 check:standard-list-page-template
> npm exec tsc -- --noEmit --target ES2022 --module ESNext --moduleResolution Bundler --strict --skipLibCheck --allowImportingTsExtensions --lib ES2022,DOM src/components/ui/list-table.ts && node --experimental-strip-types --experimental-specifier-resolution=node scripts/check-standard-list-page-template.ts

(node:67765) ExperimentalWarning: localStorage is not available because --localstorage-file was not provided.
(Use `node --trace-warnings ...` to show where the warning was created)
Chromium column drag passed on allocated port 65113: drop=1, DOM regions stable, order/storage updated, external text and cancelled drag ignored
standard list page template check passed

> higoods-vanilla-clone@1.0.0 check:prototype-design-governance
> node --experimental-strip-types --experimental-specifier-resolution=node scripts/check-prototype-design-governance.ts --all

node:internal/modules/run_main:107
    triggerUncaughtException(
    ^

AssertionError [ERR_ASSERTION]: docs/prototype-review-records/2026-09-19-wool-acceptance-500ms.md 缺少验证命令
    at assertCommonEvidence (file:///private/tmp/higoods-wool-main-release-20260918/scripts/workflow-governance/prototype-review.ts:127:3)
    at assertCompleteUserVisibleReview (file:///private/tmp/higoods-wool-main-release-20260918/scripts/workflow-governance/prototype-review.ts:132:3)
    at validatePrototypeReviewCoverage (file:///private/tmp/higoods-wool-main-release-20260918/scripts/workflow-governance/prototype-review.ts:174:10)
    at main (file:///private/tmp/higoods-wool-main-release-20260918/scripts/check-prototype-design-governance.ts:112:18)
    at file:///private/tmp/higoods-wool-main-release-20260918/scripts/check-prototype-design-governance.ts:122:1
    at ModuleJob.run (node:internal/modules/esm/module_job:569:25)
    at async node:internal/modules/esm/loader:650:26
    at async asyncRunEntryPointWithESMLoader (node:internal/modules/run_main:101:5) {
  generatedMessage: false,
  code: 'ERR_ASSERTION',
  actual: false,
  expected: true,
  operator: '==',
  diff: 'simple'
}

Node.js v26.8.2
