横机列表 265.69999998807907 PASS
缝盘列表 176 PASS
横机详情 153.30000001192093 PASS
缝盘详情 160.30000001192093 PASS
纱线待接收 163.80000001192093 PASS
外工艺片待接收 163.40000000596046 PASS
备料分配 146.80000001192093 PASS
待加工仓 184.5 PASS
待交出仓 201.2000000178814 PASS
横机设备 191.5 PASS
设备关联 165.5 PASS
横机打印 225.80000001192093 PASS
缝盘打印 207.7000000178814 PASS
PDA纱线接收 287.80000001192093 PASS
PDA回货片接收 289.09999999403954 PASS
PDA备料分配 160.69999998807907 PASS
PDA仓管摘要 290.80000001192093 PASS
PDA任务队列 697.9000000059605 PASS
PDA横机交出 313.69999998807907 PASS
PDA缝盘交出 355.80000001192093 PASS
PDA横机执行 236.5 PASS
PDA缝盘执行 214.2999999821186 PASS
PDA入库记录 246.80000001192093 PASS
PDA出库记录 255.7000000178814 PASS
工艺片详情 306.90000000596046 PASS
横机列表1024 192.69999998807907 PASS
缝盘列表1024 176.30000001192093 PASS
横机详情1024 156.69999998807907 PASS
缝盘详情1024 163.59999999403954 PASS
纱线待接收1024 165 PASS
外工艺片待接收1024 164.59999999403954 PASS
备料分配1024 170.39999997615814 PASS
待加工仓1024 173 PASS
待交出仓1024 163.19999998807907 PASS
横机设备1024 149.90000000596046 PASS
设备关联1024 149.7000000178814 PASS
工艺片详情1024 340.59999999403954 PASS
