
> higoods-vanilla-clone@1.0.0 check:post-finishing-full-flow
> node --import tsx scripts/check-post-finishing-full-flow.ts

{
  "suite": "QC 后道全流程 3×5×5 验收",
  "passLabel": "manual",
  "generatedAt": "2026-09-24T21:18:35.161Z",
  "totals": {
    "productionOrders": 3,
    "skuPerProductionOrder": 5,
    "returnsPerProductionOrder": 5,
    "returnChains": 15,
    "skuReturnLines": 75,
    "qcTasks": 15,
    "postTasks": 10,
    "recheckOrders": 10,
    "outboundOrders": 15,
    "warehouseReceipts": 15,
    "waitProcessWarehouseRecords": 15,
    "waitProcessWarehouseMovements": 30,
    "waitHandoverWarehouseRecords": 10,
    "waitHandoverWarehouseMovements": 20,
    "operationLogs": 310,
    "authorizationConsumptions": 11
  },
  "coveredScenarios": [
    "正常一致",
    "回货-5%边界",
    "回货+5%与-5%整单抵消",
    "回货超过5%二次点数与授权",
    "回货后少1与多1整单抵消仍授权",
    "质检领取冲突与退领",
    "SPU技术参数独立维护与质检使用",
    "仅车缝固定三项后道",
    "车缝＋烫包无漏做直达成衣仓待接收",
    "裁剪＋车缝＋烫包漏做补加工",
    "回货-质检-后道或直达成衣仓-出货一次回货1:1",
    "后道领取冲突",
    "后道只记录已处理与未处理数量",
    "QC唯一质量与返厂节点",
    "处理后复核领取冲突与释放",
    "条码错误阻断",
    "重贴未复扫阻断",
    "重贴后复扫恢复",
    "一处理后复核一出货幂等",
    "仓库只接受FCK单号",
    "仓库差异授权",
    "重复收货幂等",
    "后道待交出仓处理后复核入仓与出货交出",
    "QC空项目跳过后道待交出仓",
    "后道辅料识别与纸样关联",
    "辅料整单一次入库与幂等",
    "辅料实配数量入库且不使用成衣授权",
    "辅料未入库只提示不阻断加工",
    "授权码30秒刷新",
    "过期/复用阻断",
    "操作日志全链回溯"
  ],
  "chains": [
    {
      "productionOrderNo": "PO-QC-202608-001",
      "returnIndex": 1,
      "skuCount": 5,
      "deliveryOrderNo": "DEL-POQC202608001-01",
      "qcTaskNo": "PO-QC-202608-001-1",
      "branch": "质检-后道-处理后复核",
      "recheckOrderNo": "FC-POQC202608001-01",
      "outboundOrderNo": "FCK-POQC202608001-01",
      "waitHandoverStatus": "已交出",
      "warehouseReceived": true
    },
    {
      "productionOrderNo": "PO-QC-202608-001",
      "returnIndex": 2,
      "skuCount": 5,
      "deliveryOrderNo": "DEL-POQC202608001-02",
      "qcTaskNo": "PO-QC-202608-001-2",
      "branch": "质检-后道-处理后复核",
      "recheckOrderNo": "FC-POQC202608001-02",
      "outboundOrderNo": "FCK-POQC202608001-02",
      "waitHandoverStatus": "已交出",
      "warehouseReceived": true
    },
    {
      "productionOrderNo": "PO-QC-202608-001",
      "returnIndex": 3,
      "skuCount": 5,
      "deliveryOrderNo": "DEL-POQC202608001-03",
      "qcTaskNo": "PO-QC-202608-001-3",
      "branch": "质检-后道-处理后复核",
      "recheckOrderNo": "FC-POQC202608001-03",
      "outboundOrderNo": "FCK-POQC202608001-03",
      "waitHandoverStatus": "已交出",
      "warehouseReceived": true
    },
    {
      "productionOrderNo": "PO-QC-202608-001",
      "returnIndex": 4,
      "skuCount": 5,
      "deliveryOrderNo": "DEL-POQC202608001-04",
      "qcTaskNo": "PO-QC-202608-001-4",
      "branch": "质检-后道-处理后复核",
      "recheckOrderNo": "FC-POQC202608001-04",
      "outboundOrderNo": "FCK-POQC202608001-04",
      "waitHandoverStatus": "已交出",
      "warehouseReceived": true
    },
    {
      "productionOrderNo": "PO-QC-202608-001",
      "returnIndex": 5,
      "skuCount": 5,
      "deliveryOrderNo": "DEL-POQC202608001-05",
      "qcTaskNo": "PO-QC-202608-001-5",
      "branch": "质检-后道-处理后复核",
      "recheckOrderNo": "FC-POQC202608001-05",
      "outboundOrderNo": "FCK-POQC202608001-05",
      "waitHandoverStatus": "已交出",
      "warehouseReceived": true
    },
    {
      "productionOrderNo": "PO-QC-202608-002",
      "returnIndex": 1,
      "skuCount": 5,
      "deliveryOrderNo": "DEL-POQC202608002-01",
      "qcTaskNo": "PO-QC-202608-002-1",
      "branch": "质检-直达成衣仓待接收",
      "recheckOrderNo": "不适用",
      "outboundOrderNo": "FCK-POQC202608002-01",
      "waitHandoverStatus": "不适用",
      "warehouseReceived": true
    },
    {
      "productionOrderNo": "PO-QC-202608-002",
      "returnIndex": 2,
      "skuCount": 5,
      "deliveryOrderNo": "DEL-POQC202608002-02",
      "qcTaskNo": "PO-QC-202608-002-2",
      "branch": "质检-直达成衣仓待接收",
      "recheckOrderNo": "不适用",
      "outboundOrderNo": "FCK-POQC202608002-02",
      "waitHandoverStatus": "不适用",
      "warehouseReceived": true
    },
    {
      "productionOrderNo": "PO-QC-202608-002",
      "returnIndex": 3,
      "skuCount": 5,
      "deliveryOrderNo": "DEL-POQC202608002-03",
      "qcTaskNo": "PO-QC-202608-002-3",
      "branch": "质检-直达成衣仓待接收",
      "recheckOrderNo": "不适用",
      "outboundOrderNo": "FCK-POQC202608002-03",
      "waitHandoverStatus": "不适用",
      "warehouseReceived": true
    },
    {
      "productionOrderNo": "PO-QC-202608-002",
      "returnIndex": 4,
      "skuCount": 5,
      "deliveryOrderNo": "DEL-POQC202608002-04",
      "qcTaskNo": "PO-QC-202608-002-4",
      "branch": "质检-直达成衣仓待接收",
      "recheckOrderNo": "不适用",
      "outboundOrderNo": "FCK-POQC202608002-04",
      "waitHandoverStatus": "不适用",
      "warehouseReceived": true
    },
    {
      "productionOrderNo": "PO-QC-202608-002",
      "returnIndex": 5,
      "skuCount": 5,
      "deliveryOrderNo": "DEL-POQC202608002-05",
      "qcTaskNo": "PO-QC-202608-002-5",
      "branch": "质检-直达成衣仓待接收",
      "recheckOrderNo": "不适用",
      "outboundOrderNo": "FCK-POQC202608002-05",
      "waitHandoverStatus": "不适用",
      "warehouseReceived": true
    },
    {
      "productionOrderNo": "PO-QC-202608-003",
      "returnIndex": 1,
      "skuCount": 5,
      "deliveryOrderNo": "DEL-POQC202608003-01",
      "qcTaskNo": "PO-QC-202608-003-1",
      "branch": "质检-后道-处理后复核",
      "recheckOrderNo": "FC-POQC202608003-01",
      "outboundOrderNo": "FCK-POQC202608003-01",
      "waitHandoverStatus": "已交出",
      "warehouseReceived": true
    },
    {
      "productionOrderNo": "PO-QC-202608-003",
      "returnIndex": 2,
      "skuCount": 5,
      "deliveryOrderNo": "DEL-POQC202608003-02",
      "qcTaskNo": "PO-QC-202608-003-2",
      "branch": "质检-后道-处理后复核",
      "recheckOrderNo": "FC-POQC202608003-02",
      "outboundOrderNo": "FCK-POQC202608003-02",
      "waitHandoverStatus": "已交出",
      "warehouseReceived": true
    },
    {
      "productionOrderNo": "PO-QC-202608-003",
      "returnIndex": 3,
      "skuCount": 5,
      "deliveryOrderNo": "DEL-POQC202608003-03",
      "qcTaskNo": "PO-QC-202608-003-3",
      "branch": "质检-后道-处理后复核",
      "recheckOrderNo": "FC-POQC202608003-03",
      "outboundOrderNo": "FCK-POQC202608003-03",
      "waitHandoverStatus": "已交出",
      "warehouseReceived": true
    },
    {
      "productionOrderNo": "PO-QC-202608-003",
      "returnIndex": 4,
      "skuCount": 5,
      "deliveryOrderNo": "DEL-POQC202608003-04",
      "qcTaskNo": "PO-QC-202608-003-4",
      "branch": "质检-后道-处理后复核",
      "recheckOrderNo": "FC-POQC202608003-04",
      "outboundOrderNo": "FCK-POQC202608003-04",
      "waitHandoverStatus": "已交出",
      "warehouseReceived": true
    },
    {
      "productionOrderNo": "PO-QC-202608-003",
      "returnIndex": 5,
      "skuCount": 5,
      "deliveryOrderNo": "DEL-POQC202608003-05",
      "qcTaskNo": "PO-QC-202608-003-5",
      "branch": "质检-后道-处理后复核",
      "recheckOrderNo": "FC-POQC202608003-05",
      "outboundOrderNo": "FCK-POQC202608003-05",
      "waitHandoverStatus": "已交出",
      "warehouseReceived": true
    }
  ]
}
(node:92431) ExperimentalWarning: localStorage is not available because --localstorage-file was not provided.
(Use `node --trace-warnings ...` to show where the warning was created)
