
[WebServer] (node:74711) Warning: The 'NO_COLOR' env is ignored due to the 'FORCE_COLOR' env being set.
[WebServer] (Use `node --trace-warnings ...` to show where the warning was created)

Running 33 tests using 1 worker


(node:74713) Warning: The 'NO_COLOR' env is ignored due to the 'FORCE_COLOR' env being set.
(Use `node --trace-warnings ...` to show where the warning was created)

[1/33] tests/wool-acceptance-extra.spec.ts:7:1 › A13 计划80实际100的合法外发片经过各工艺真实接收加工交出并缝盘最终交出
[2/33] tests/wool-acceptance-extra.spec.ts:37:1 › A19 1024仓库领退移库与设备关联释放及状态修改可操作
[3/33] tests/wool-acceptance-extra.spec.ts:64:1 › A19 仓库筛选切换和重置取消迟到刷新且不覆盖每页条数
[4/33] tests/wool-acceptance-gaps.spec.ts:33:3 › A04 A10 PDA 360 多 SKU 选择不借用另一尺码的可填量
[5/33] tests/wool-acceptance-gaps.spec.ts:33:3 › A04 A10 PDA 400 多 SKU 选择不借用另一尺码的可填量
[6/33] tests/wool-acceptance-gaps.spec.ts:80:1 › A09 路线环、后继歧义、缺工厂的页面保留明确阻断且不伪造自动衔接
[7/33] tests/wool-acceptance-gaps.spec.ts:108:1 › A06 工艺片第二厂真实接收加工交出后，缝盘才登记末工艺回货
[8/33] tests/wool-acceptance-gaps.spec.ts:149:1 › A07 同名工艺三节点页面分别保留工序身份与下一站
[9/33] tests/wool-acceptance-gaps.spec.ts:167:1 › A19 1024x768 主管毛织页面查询、详情各区及填报可操作
[10/33] tests/wool-acceptance-gaps.spec.ts:193:1 › A18 旧单据路径不可恢复旧毛织模型
[11/33] tests/wool-acceptance-gaps.spec.ts:202:1 › A19 多批交出打印实际 A4 分页、完整备注、图片及 QR 就绪
[12/33] tests/wool-acceptance-gaps.spec.ts:217:1 › A17 部位缝盘交出经指定裁厂 PDA 实收后才进入裁厂待装袋来源
[13/33] tests/wool-acceptance-gaps.spec.ts:245:1 › A17 整件缝盘实际交出只在指定后道生产任务呈现，横机不成为后道来源
[14/33] tests/wool-acceptance-gaps.spec.ts:270:1 › A11 存储失败显示未保存，原输入保留；恢复后重试只产生一组自动衔接
[15/33] tests/wool-acceptance-gaps.spec.ts:297:1 › A15 PCS 真实启用新版后正式生产单绑定版本及既有毛织片路线数量保持原快照
[16/33] tests/wool-management-fact-workflow.spec.ts:10:1 › 两阶段保留六状态、八列、分页与路由独立筛选
[17/33] tests/wool-management-fact-workflow.spec.ts:12:1 › 缺纱线不能填报，统一实收1kg后对应横机可开工
[18/33] tests/wool-management-fact-workflow.spec.ts:14:1 › 无外加工填报一次保存四事实，缝盘没有重复手工填报或横机设备
[19/33] tests/wool-management-fact-workflow.spec.ts:16:1 › 横机150%超量保存被阻断且无任何事实增量
[20/33] tests/wool-management-fact-workflow.spec.ts:18:1 › 混合片Q1回80与Q2回100时最多缝盘80，不能二次放大
[21/33] tests/wool-management-fact-workflow.spec.ts:20:1 › 横机仅交出选中外发片，固定首工艺厂并生成待接收来源
[22/33] tests/wool-management-fact-workflow.spec.ts:22:1 › 最终工艺回货按片实收，刷新后仍保留同一记录
[23/33] tests/wool-management-fact-workflow.spec.ts:24:1 › 实收备料分配到横机，同一receipt保留且余量变化
[24/33] tests/wool-management-fact-workflow.spec.ts:26:1 › 阶段错配详情和打印地址被拒绝
[25/33] tests/wool-management-fact-workflow.spec.ts:28:1 › 真实片交出打印必须等款式图及QR就绪；内部自动交出不打印
[26/33] tests/wool-management-fact-workflow.spec.ts:30:1 › 1280视口列表无主体横溢，操作与数量输入保持根节点
[27/33] tests/wool-management-fact-workflow.spec.ts:32:1 › 片工艺真实页面加工交出后下一厂才有待接收，实收前不虚增
[28/33] tests/wool-management-fact-workflow.spec.ts:42:1 › 整件缝盘最终交出按真实批次在后续成衣工艺接收，未选批次仍待接收
[29/33] tests/wool-management-fact-workflow.spec.ts:64:1 › 管理端款式与纱线大图可按钮遮罩及Esc关闭，图片失败明确反馈
[30/33] tests/wool-management-fact-workflow.spec.ts:87:1 › 毛织PDA接收与仓储在两种小屏下无横溢且真实图片可读
[31/33] tests/wool-management-fact-workflow.spec.ts:102:1 › 导出全部匹配行而非当前页，无操作列且空结果有明确反馈
[32/33] tests/wool-management-fact-workflow.spec.ts:115:1 › 列显隐顺序冻结和页大小按阶段保存，页码和排序刷新不保留
[33/33] tests/wool-split-receipt-acceptance.spec.ts:30:1 › A08 同一实际横机交出100片分60和40接收，刷新守恒且同来源不能重复入库
  33 passed (1.8m)
