横机列表 184.80000001192093 PASS
缝盘列表 164.40000000596046 PASS
横机详情 149 PASS
缝盘详情 171.7000000178814 PASS
纱线待接收 177.2000000178814 PASS
外工艺片待接收 160.2000000178814 PASS
备料分配 162.30000001192093 PASS
待加工仓 178.7999999821186 PASS
待交出仓 160.90000000596046 PASS
横机设备 146.90000000596046 PASS
设备关联 144.7000000178814 PASS
横机打印 212.59999999403954 PASS
缝盘打印 180.69999998807907 PASS
PDA纱线接收 148.69999998807907 PASS
PDA回货片接收 135.19999998807907 PASS
PDA备料分配 142.09999999403954 PASS
PDA仓管摘要 248.40000000596046 PASS
PDA任务队列 670.2000000178814 PASS
PDA横机交出 318.30000001192093 PASS
PDA缝盘交出 301.89999997615814 PASS
PDA横机执行 214.80000001192093 PASS
PDA缝盘执行 213.40000000596046 PASS
PDA入库记录 238.59999999403954 PASS
PDA出库记录 231.59999999403954 PASS
工艺片详情 279.19999998807907 PASS
横机列表1024 165.40000000596046 PASS
缝盘列表1024 164.60000002384186 PASS
横机详情1024 148.5 PASS
缝盘详情1024 148.09999999403954 PASS
纱线待接收1024 152.59999999403954 PASS
外工艺片待接收1024 158.09999999403954 PASS
备料分配1024 148.69999998807907 PASS
待加工仓1024 157.59999999403954 PASS
待交出仓1024 166.19999998807907 PASS
横机设备1024 144.59999999403954 PASS
设备关联1024 146.30000001192093 PASS
工艺片详情1024 286.09999999403954 PASS
