✔ technical data browser reads propagate unavailable collection and invalid structure without seeding (0.506208ms)
✖ GOV-016 BOM read errors and invalid stored structure stay retryable without caching an empty result or writing (0.796708ms)
ℹ tests 2
ℹ suites 0
ℹ pass 1
ℹ fail 1
ℹ cancelled 0
ℹ skipped 0
ℹ todo 0
ℹ duration_ms 397.074542

✖ failing tests:

test at tests/pcs-r1-technical-data-storage-error.test.ts:1:1363
✖ GOV-016 BOM read errors and invalid stored structure stay retryable without caching an empty result or writing (0.796708ms)
  AssertionError [ERR_ASSERTION]: Missing expected exception: must reject ""
      at TestContext.<anonymous> (/Users/laoer/Documents/higoods/tests/pcs-r1-technical-data-storage-error.test.ts:38:14)
      at Test.runInAsyncScope (node:async_hooks:226:14)
      at Test.run (node:internal/test_runner/test:1402:25)
      at Test.processPendingSubtests (node:internal/test_runner/test:974:18)
      at Test.postRun (node:internal/test_runner/test:1542:19)
      at Test.run (node:internal/test_runner/test:1467:12)
      at async startSubtestAfterBootstrap (node:internal/test_runner/harness:387:3) {
    generatedMessage: false,
    code: 'ERR_ASSERTION',
    actual: undefined,
    expected: /BOM.*格式不完整/,
    operator: 'throws',
    diff: 'simple'
  }
