(node:45494) ExperimentalWarning: localStorage is not available because --localstorage-file was not provided.
(Use `node --trace-warnings ...` to show where the warning was created)
✔ COST draft uses recursive composite standard cost and notes upstream reference changes (63.119125ms)
✔ COST actual zero remains valid; missing standard is blocked; calculations avoid per-line early rounding (24.925834ms)
✔ GOV-006 BOM new selection and save reject an unavailable SKU or parent without changing saved lines (46.1575ms)
✔ GOV-006 stopping a material preserves an existing BOM line but blocks adding or replacing a line (34.378375ms)
✔ GOV-006 technical BOM edits retain an existing stopped material while new material selection stays guarded (67.9095ms)
✔ COST confirmed plan keeps its cost and unit versions, while copied drafts use new standards (87.423291ms)
✔ COST technical draft page reads current standard; publish freezes once and activation reuses it after price/FX changes (49.688125ms)
✔ UOM frozen usage conversion retains the selected unit relation version (10.990625ms)
✔ BRIDGE multiple yarn intentions remain separate technical inputs, project once and preserve source SKU (81.324417ms)
✔ COST failed publishing cannot leave a published record or half-frozen cost references (39.576584ms)
✔ BRIDGE-002/003 multi-color yarn keeps both technical inputs and separates panel from garment output (17.658708ms)
PCS_CHANNEL_PERF {"label":"cold-list-query","pid":2000,"variants":10000,"samples":5,"valuesMs":[187.4,137.92,173.62,124.64,137.84],"p95Ms":187.4,"maxMs":187.4,"budgetMs":500,"scope":"Node only"}
PCS_CHANNEL_PERF {"label":"warm-list-query","pid":2000,"variants":10000,"samples":5,"valuesMs":[42.03,64.04,69.9,99.49,63.95],"p95Ms":99.49,"maxMs":99.49,"budgetMs":500,"scope":"Node only"}
PCS_CHANNEL_PERF {"label":"variant-and-price-read","pid":2000,"variants":10000,"samples":5,"valuesMs":[2.26,9.76,0.81,0.29,0.24],"p95Ms":9.76,"maxMs":9.76,"budgetMs":500,"scope":"Node only"}
PCS_CHANNEL_PERF {"label":"list-html-render-20","pid":2000,"variants":10000,"samples":5,"valuesMs":[71.76,65.85,74.31,44.77,56],"p95Ms":74.31,"maxMs":74.31,"budgetMs":500,"scope":"Node only"}
PCS_CHANNEL_PERF {"label":"export-all-2000-PID-10000-variants","pid":2000,"variants":10000,"samples":5,"valuesMs":[137.63,91.87,81.56,81.89,89.24],"p95Ms":137.63,"maxMs":137.63,"budgetMs":500,"scope":"Node only"}
PCS_CHANNEL_PERF {"label":"sync-workbench-html-20","pid":2000,"variants":10000,"samples":5,"valuesMs":[48.7,52.24,65.79,78.05,53.15],"p95Ms":78.05,"maxMs":78.05,"budgetMs":500,"scope":"Node only"}
PCS_CHANNEL_PERF {"label":"platform-variant-filter-html","pid":2000,"variants":10000,"samples":5,"valuesMs":[31.26,32.02,42.34,28.74,35.24],"p95Ms":42.34,"maxMs":42.34,"budgetMs":500,"scope":"Node only"}
PCS_CHANNEL_PERF {"label":"import-preview-100","pid":2000,"variants":10000,"samples":5,"valuesMs":[60.76,14.68,5.12,3.87,1.63],"p95Ms":60.76,"maxMs":60.76,"budgetMs":500,"scope":"Node only"}
PCS_CHANNEL_PERF {"label":"import-preview-1000","pid":2000,"variants":10000,"samples":5,"valuesMs":[2.23,2.95,5.78,11.45,1.75],"p95Ms":11.45,"maxMs":11.45,"budgetMs":500,"scope":"Node only"}
PCS_CHANNEL_PERF {"label":"import-preview-1000-same-PID","pid":2000,"variants":10000,"samples":5,"valuesMs":[2.1,1.83,4.17,4.7,2.31],"p95Ms":4.7,"maxMs":4.7,"budgetMs":500,"scope":"Node only"}
✔ channel list projections retain price and mapping identities without sharing mutable catalog records (24.005ms)
✔ PERF channel 2000 PID / 10000 platform variants: scoped reads and list rendering (2421.436583ms)
✔ PERF import previews of 100 and 1000 rows against 2000 existing PIDs / 10000 variants (126.356125ms)
(node:45496) ExperimentalWarning: localStorage is not available because --localstorage-file was not provided.
(Use `node --trace-warnings ...` to show where the warning was created)
✔ CHAN-001/002/003/018 current scopes, separate MYR sales/CNY settlement, inactive is not platform offline (35.694625ms)
✔ STORE-011/012 store responsibility uses existing IDs and logs original and changed owner/team (9.413042ms)
✔ CHAN-004/005 new container cannot cross SPUs, duplicate internal SKU has independent external records (63.503667ms)
✔ CHAN-004 stopped parent SPU blocks new PID and new mappings while existing listing stays maintainable (237.863791ms)
✔ CHAN-004 parent and SKU qualification both apply to candidates and save; existing selection remains visible (123.184167ms)
✔ CHAN-006/007/008 store content, display names and technical source do not rewrite internal identities (46.641166ms)
✔ CHAN-006 unpublished untouched fields follow base sales; published stays explicit (45.287333ms)
✔ CONTENT-005 incomplete description drafts save but review and cached-approved publication are blocked (227.468958ms)
✔ CONTENT-011 base sales references retain exact language and version; published references advance only by explicit application (333.354042ms)
✔ LIST-006/007/008 configured store mappings initialize content and current template requirements gate review and actual publish (322.651167ms)
✔ CONTENT-008/EXT-004/006/007/009/010 template media and per-instance requirements gate review and cached-approved publish (187.363166ms)
✔ CONTENT-010 detail labels each inherited field, store override and published snapshot separately (109.380917ms)
✔ CHAN-009/010/011 five price types, defaults affect followers only and platform price overrides one instance (62.629459ms)
✔ CHAN-017 clearance uses store time zone and expires into daily price (21.767542ms)
✔ CHAN-012 historic imports preserve string IDs and reject incomplete mapping without partial formal records (41.678292ms)
✔ CHAN-014/015/016 mapping correction versions preserve old fulfillment snapshots (59.700083ms)
✔ CHAN-014 legacy channel projection has no project identity or inventory, historical relations read canonical PID cardinality (191.832458ms)
✔ CHAN-019 copy has independent internal container and clears external identity/results (39.354583ms)
✔ SYNC-001/002 normal two-way changes synchronize immediately without asking to adopt (79.948375ms)
✔ SYNC-003 concurrent same field requires resolution; different fields merge (38.303ms)
✔ SYNC-004/005 late receipt cannot overwrite new content, own event cannot loop (62.775792ms)
✔ SYNC-002/004 platform status-only observations are current facts and older status cannot overwrite them (21.434792ms)
✔ SYNC-006 partial failures retry exactly failed items, preserve successful external IDs (124.224083ms)
✔ SYNC-011 immutable per-receipt external identity and raw status survive partial retry and later changes (131.130292ms)
✔ SYNC-007 first publish unknown reuses same operation and duplicate submission does not mint two PIDs (112.881416ms)
✔ SYNC-008 unsupported fields remain explicit, never success (17.57ms)
✔ SYNC-009/010 same internal availability is shared observations, not multiplied or written to inventory (111.305583ms)
✔ CHAN-013/SYNC-011 test order selection uses canonical listing and precise action; passing production stays independent (140.098625ms)
✔ SYNC-002/003 platform merge never approves a different pending PCS field; conflict choice sends only its field (57.240792ms)
✔ SYNC-001 clearing an optional supported price publishes null instead of retaining a stale platform amount (54.439583ms)
✔ reading canonical listings, variants and store views creates no business writes (5.323459ms)
✔ legacy conversion is pure, preserves many external IDs per same SKU and rejects unmatched lines (11.105834ms)
✔ page structure has independent list/detail/edit and explicit demo sync, no inventory editor or browser maintenance (62.877042ms)
✔ fixed current prototype scenarios expose success, partial, late, concurrent and unknown receipts (85.652917ms)
✔ SYNC-009/010 fixed shared SKU reads the exact WLS source across two PIDs and three external instances (34.63525ms)
✔ channel WLS source link applies an exact SKU filter on the existing warehouse page (1.892542ms)
✔ read optimizations preserve immutable object boundaries and no-op content does not create versions (11.2915ms)
✔ CHAN-004/012 import grouping rejects cross-style, duplicate instance and different PID titles with exact row errors (3.797375ms)
✔ CHAN-008 sales size chart source links to an actual same-style technical version and rejects foreign versions (23.809666ms)
✔ sales description preview retains text/table/list/image semantics and drops executable attributes (2.191083ms)
✔ channel forms register with the common dirty guard: cancel preserves inputs and confirm discards only pending edits (13.280625ms)
✔ SYNC-004/007 late first-creation receipt preserves external identity without overwriting newer content (123.515584ms)
✔ SYNC-007/CHAN-005 incomplete or nontext external identity never becomes a successful formal publication (212.895292ms)
(node:45497) ExperimentalWarning: Module mocking is an experimental feature and might change at any time
(Use `node --trace-warnings ...` to show where the warning was created)
(node:45497) DeprecationWarning: mock.module(): options.namedExports is deprecated. Use options.exports instead.
▶ configuration page lists, version metadata and equipment-model command boundaries
  ✔ standard list applies pagination, sorting, visibility, freezing, reset and whole-result CSV export (399.174834ms)
  ✔ template detail and draft save preserve button conditions, zero minimum, shape and version conversions (345.366209ms)
  ✔ controlled material attribute dictionaries have distinct navigable maintenance lists (4.853084ms)
  ✔ template tabs maintain package and process bindings, stable unit references and category languages (251.212375ms)
  ✔ equipment type opens model list, failed save retains input, awaited save creates own ID and edit toggles same model (31.246083ms)
  ✔ unavailable preference storage does not block configuration lists (1.241417ms)
  ✔ column drag order and page size persist as bounded preferences without business writes (52.301542ms)
✔ configuration page lists, version metadata and equipment-model command boundaries (1495.49025ms)
✔ CFG-014 mixed old category-number IDs and new demo references resolve without rewriting saved configuration (102.450708ms)
✔ original size identities remain stable and category numbers keep formal codes and legacy labels (0.860708ms)
✔ legacy custom configuration and stable IDs survive category-number field rename (12.73575ms)
✔ configuration references are counted from current records and disabling retains history (13.149417ms)
✔ five material families have explicit field templates and unknown categories never use another template (6.683167ms)
✔ material configuration usage follows locked template fields and actual SKU attributes (3.911083ms)
✔ template editing and approval preserve versions already referenced by material roots (82.462208ms)
✔ controlled fields and unit identities reject invalid configuration (7.002ms)
✔ display exchange rates preserve base costs and accept only positive rates (10.940542ms)
✔ COST-004 missing or invalid persisted display rates stay unavailable instead of taking seed values (0.249208ms)
✔ CFG-005/010 languages are separate and edits preserve exact old/new values and reason (14.024167ms)
✔ CFG-009 usage carries the actual archive detail destination (1.631375ms)
(node:45499) ExperimentalWarning: localStorage is not available because --localstorage-file was not provided.
(Use `node --trace-warnings ...` to show where the warning was created)
✔ MAT-011 / BRIDGE-004 printed fabric can feed a separate cut-piece printing operation without another material identity (251.334333ms)
✔ ATTR-005/006: shank buttons omit holes; hole buttons require an integer; legacy v1 is unchanged (16.618875ms)
✔ ATTR-017/018/019: bag units remain pinned per template and business CSV preserves the original version (56.843625ms)
✔ ATTR-022/023/026: fluid grade and viscosity are independent; named dimensions validate each positive value and unit (64.82025ms)
✔ ATTR-028/029: equipment model belongs to its chosen type and retained labels survive model changes (14.27325ms)
✔ MAT-009/MSKU-007: references save stable IDs with display names; duplicate and invalid composition percentages are blocked (9.663334ms)
✔ MSKU-004/017: display name changes keep identity; barcode aliases cannot shadow another SKU (20.310292ms)
✔ ATTR/UOM: refined editors retain separate tabs and render unit-aware controls without changing saved v1 records (25.232083ms)
✔ ASSET/COLOR-007: uploaded references retain original metadata and sample roles; invalid file types and sizes are blocked (6.64ms)
✔ MAT-012: legacy KG or bare weight text never becomes fabric gram weight (0.448167ms)
✔ UOM-008/MSKU-015: pricing uses an active pricing relation and records the selected version (16.213417ms)
✔ UNIT-004/005: configured area units allow up to eight quantity decimal places (10.225875ms)
✔ ATTR dictionaries and TPL category identities are independent and stable across new versions (15.266208ms)
✔ GOV-008: a middle group persistence failure preserves other groups and retry skips saved roots (56.619333ms)
✔ GOV-008: a late child failure rolls back its entire root and keeps the exact failed line (4.974708ms)
✔ GOV-008: prepared groups commit without full preview replay and invalid rows stay visible (2.530917ms)
✔ GOV-008: the next import group and success result wait for transaction completion (3.923833ms)
✔ MAT-012: pattern selection reads existing identity and versions without seeding browser business records (15.059833ms)
✔ MAT/FCS: factory options use the actual name and code, not the short-name code fallback (7.753667ms)
✔ MAT/FCS: four processes create actual plans without a production demand or warehouse facts (6.93775ms)
✔ MAT/FCS: source identity and adopted process version are revalidated before every creation (5.196542ms)
✔ GOV-006 new process selection, handoff and save reject unavailable input, target or parent archive (112.969458ms)
✔ GOV-006 stopping material later preserves the saved plan and its adopted process version (10.031417ms)
✔ MAT/FCS: draft accepts incomplete arrangements; confirmed plan requires positive quantities and eligible factory (8.410916ms)
✔ MAT/FCS: duplicate saves do not duplicate plans; changed retries and stale drafts cannot overwrite (8.855792ms)
✔ MAT/FCS: saved source image/file and process versions stay frozen across subsequent material revisions (6.515417ms)
✔ MAT/FCS: first read is empty and write-free; two plans for one target retain their own record identities (3.43ms)
✔ MAT/FCS: handoff opens a versioned independent plan form for all four processes without creating a plan (1.436042ms)
✔ UOM/PMS: unchanged units and locally locked units do not query another domain (1.333292ms)
✔ UOM/PMS: purchase drafts or historical purchase references block changing the unit (0.438042ms)
✔ UOM/PMS: unused draft may change its unit only after the reference read completes (0.087375ms)
✔ UOM/PMS: failed reference reads preserve the input and block the PCS write (0.132333ms)
✔ GOV-005: editing an approved material name or remark preserves exact locked technical values (13.269833ms)
✔ MAT: rope diameter uses the structured 3 mm template field and survives rereading (6.535333ms)
✔ MAT: existing rope text dimensions remain editable without inventing a numeric diameter (16.469375ms)
✔ MAT: invalid explicit rope diameters cannot pass using an old width text value (0.68075ms)
✔ GOV-022: first validation failure does not cancel later material approvals; each item has its own result (29.298125ms)
✔ GOV-022: a failed persistence completion is not a success and cannot undo other items (28.595792ms)
✔ GOV-022: each selected root and its child SKUs succeed or fail together (43.054375ms)
✔ GOV-022: next item and batch results wait for prior transaction completion (18.006125ms)
✔ GOV-019: list rows and statistics follow the same search and status scope (10.001667ms)
✔ GOV-019: material process filters use explicit predecessors and never infer from code (1.121708ms)
✔ CODE: direct predecessor is preserved across dye, embroidery, A/AB and penetration (2.341875ms)
✔ CODE/MAT: previous target IDs and aliases resolve to one canonical identity; no code parsing (12.287375ms)
✔ COST: P + initial freight + every F; automatic descendants, immutable business snapshot (10.90325ms)
✔ COST: zero is complete; null is missing; display rates do not produce versions (4.744166ms)
✔ COST/UOM: source currency and unit normalization retains quote precision (9.621583ms)
✔ UOM: fixed conversions cannot be altered; cross dimensions need basis and retain versions (14.77025ms)
✔ UOM: two packages share SKU identity, have separate relations, unknown volume stays null (4.767333ms)
✔ MAT: identities approve without price; same operator; unrelated older SKU remains approved (14.770542ms)
✔ read operations never persist or mutate business snapshots (1.675208ms)
✔ COST: preview normalizes the original currency exactly like confirmed save (6.174542ms)
✔ MAT: reload restores SKU identity, unit versions and changed costs from record snapshot (10.550375ms)
✔ BRIDGE-005: one canonical target retains both dye and print with each direct predecessor (1.248208ms)
✔ MAT: handoff uses existing routes, revalidates parent identity and never creates a document (3.490667ms)
✔ MAT: copying a display name alone cannot bypass existing SKU identity (0.956875ms)
✔ COST/UOM: new conversion version updates current descendants but preserves prior snapshots (4.606584ms)
✔ MAT: processed siblings retain independent identities when only packaging information changes (9.287375ms)
✔ MAT: copied archive reuses file references, resets approval and has no copied SKU or price history (7.009875ms)
✔ MAT/CODE: a draft root code change regenerates descendants without changing their IDs (5.551125ms)
✔ MAT-012: formal processed SKU requires real pattern/version plus the process-specific execution document (18.716208ms)
✔ MAT-013/CODE-005: execution-file corrections preserve prior versions and the output identity (12.161959ms)
✔ MAT-012: registered file previews pass image validation while temporary blobs do not (51.169542ms)
✔ MAT-003/UOM: output width is one field and package edits retain previous contents (6.846417ms)
✔ ATTR-012: zipper gauge uses a stable dictionary reference, rejects new unknown or disabled values, and preserves prior labels (45.443542ms)
✔ TPL-012: known legacy unit text maps read-only to stable IDs and new attribute units cannot be ambiguous (43.835166ms)
✔ TPL-013: new selection fields require a dictionary and legacy enum options retain versioned stable references (53.401167ms)
✔ TPL-009: package template rules bind the existing package model while old template fields and units stay unchanged (39.929458ms)
✔ TPL-009: process template conditions apply to the process object and preserve required identities (29.86725ms)
✔ TPL-017: multilingual category names and aliases are versioned without replacing category identity (37.062375ms)
✔ TPL-009/012: copying an already converted template does not repeat its previous conversion factor (55.92275ms)
✔ GOV-008: material CSV handles Unicode, quoted commas, quotes and newlines (1.131708ms)
✔ GOV-008: full root group previews without writes and commits once with every child (13.278917ms)
✔ GOV-008: one bad row blocks the whole parent while a different valid group remains eligible (2.45325ms)
✔ GOV-008: a save failure after preview publishes neither parent nor earlier children (2.234958ms)
✔ MAT/CODE: CSV stages use the preceding row actual generated SKU (2.74425ms)
✔ UOM/COST: CSV rejects nonpositive relation and preserves an explicit zero cost (4.776584ms)
✔ GOV-027: business exports honor all selected identities without stock or supplier fields (1.604583ms)
✔ GOV-027: image columns reject bytes and temporary URLs, while empty root exports remain visible (8.723875ms)
✔ PERF: 100 and 1000 rows validate completely and cost change reaches 100 descendants without publishing (175.926459ms)
ℹ 100 import rows pure preview 4.12 ms
ℹ 1000 import rows pure preview 147.23 ms
ℹ 100 cost descendants pure preview 4.12 ms
(node:45601) ExperimentalWarning: Module mocking is an experimental feature and might change at any time
(Use `node --trace-warnings ...` to show where the warning was created)
(node:45601) DeprecationWarning: mock.module(): options.namedExports is deprecated. Use options.exports instead.
▶ R1 PCS material purchase draft is owned and atomically saved by PMS
  ✔ reading choices and hydrating does not copy seeds or write business records (3.354542ms)
  ✔ no success before transaction completion; source/units/prices/log are one atomic action (8.694708ms)
  ✔ same operation is idempotent; changed payload and stale edits fail without overwrite (0.67275ms)
  ✔ transaction failure rolls back draft, log and receipt; retry preserves the intended action (0.352375ms)
  ✔ refresh hydration restores draft and unit snapshot; current unit edits do not rewrite it (2.491458ms)
  ✔ disabled localStorage is never a fallback; unavailable IDB is an explicit unsaved failure (0.302208ms)
  ✔ required purchase conditions and purchase unit purpose are enforced without any inventory dependency (0.29975ms)
  ✔ GOV-006 an inactive parent blocks a new purchase but keeps the existing purchase and unit snapshot usable (2.305042ms)
✔ R1 PCS material purchase draft is owned and atomically saved by PMS (200.4295ms)
(node:45634) ExperimentalWarning: Module mocking is an experimental feature and might change at any time
(Use `node --trace-warnings ...` to show where the warning was created)
(node:45634) DeprecationWarning: mock.module(): options.namedExports is deprecated. Use options.exports instead.
▶ R1 product archive checks external references without writing either domain
  ✔ module import and empty reads never save seeds or call the legacy PMS hydrator (3.547292ms)
  ✔ PMS durable overrides win by order number, including terminal status (4.023458ms)
  ✔ style and SKU use exact codes, not prefixes or same-style siblings (31.64475ms)
  ✔ all non-terminal statuses remain active and secondary FCS source snapshots count once (1.989667ms)
  ✔ FCS read must finish before returning; subsequent checks reread persisted state (10.893416ms)
  ✔ read failures reject instead of treating references as empty (4.270792ms)
  ✔ one failed domain still awaits the other read before allowing a page retry (1.253333ms)
  ✔ missing archive identity and malformed active external records cannot permit archiving (8.817042ms)
✔ R1 product archive checks external references without writing either domain (75.406208ms)
✔ PROD-001 direct archive is a clean draft with no generated images or development gate (52.063375ms)
✔ PROD-002/003 first SKU reviews with style and enablement is independent of technical package (140.753792ms)
✔ PROD-003 later SKU has independent review and no publishing side effect (105.754916ms)
✔ PROD-004 same delivery identity is unique; different physical artwork creates distinct code (52.333542ms)
✔ PROD-005 SKU barcode and approved identity are immutable/unique (54.939708ms)
✔ PROD-006 physical set and bundle preserve units and fixed composition (14.91775ms)
✔ PROD-007 same-style does not imply substitution; explicit conditions required (28.331167ms)
✔ PROD-008 copy clears technical/channel identity while retaining reusable content (21.847875ms)
✔ PROD-009 package dimensions calculate m3 and reject negative or empty containment (48.711209ms)
✔ PROD-010 details and lists are independent; archive has no procurement or inventory controls (59.945209ms)
✔ PROD-011 counts and WMS demo identity refer to actual SKU records, without copying stock (37.397292ms)
✔ PROD-012 lifecycle status never derives activation from current tech version (16.915834ms)
✔ GOV-024 review revalidates the current pending style and changes no approval on failure (73.351625ms)
✔ GOV-020 archive rejects an active bundle component without a page-supplied count (34.4555ms)
✔ STYLE-004/021 and SKU-005 preserve multilingual names and verified responsible person without channel writes (66.47275ms)
✔ SKU-010 aliases identify one SKU and cannot collide with another barcode or code (52.262875ms)
✔ SKU-011 approved main unit cannot be changed via repository command (35.203917ms)
✔ PACK-001..013 multiple product packaging preserves old containment versions and derives volume (56.023959ms)
✔ SKU-008 flower identity references the existing pattern library instead of inventing an ID (51.620916ms)
✔ STYLE-024 image purposes preserve gallery ordering when the archive is copied (29.904333ms)
✔ SKU stable identity survives dictionary label changes and still matches legacy records (30.101792ms)
✔ Draft main unit and package content unit change together; approved unit remains locked (49.108208ms)
✔ Bundle components measured in pieces cannot contain half a piece (22.110208ms)
✔ GOV-005/006/007/009/014 persist one operator identity and before/after audit through approval (54.114042ms)
✔ STYLE-018/027 cannot approve a style missing material type or save a nonexistent substitution (43.576ms)
✔ SKU-011/COMP-001 main unit uses stable dictionary identity and composition owns stable identity (33.121916ms)
✔ GOV-010/011/013 historical provenance is preserved as read-only data (27.79075ms)
✔ same internal SKU under one PID retains several platform variant identities (1.066292ms)
✔ material processes, cost versions and unit relations use own identities (0.263459ms)
✔ template version and dimension are part of configuration record identity (0.109334ms)
✔ old category-number references and dictionaries retain their stable IDs (0.120417ms)
✔ saved overlays and tombstones survive seed updates without duplicating snapshots (0.146417ms)
✔ new schema groups are not lost when old metadata already exists (0.144792ms)
✔ front insertion only changes the added row position (0.139958ms)
✔ attachment reference validation rejects bytes in JSON and respects explicit static files (0.299959ms)
✔ legacy configured-dimension metadata is equivalent only when derivable from unchanged option records (6.999417ms)
✔ record assembly preserves current data and normalizes legacy references without mutating saved rows (0.822334ms)
✔ new shared WMS channel examples survive old catalog metadata, but explicit deletion still wins (0.820084ms)
✔ record assembly can hydrate files in one serialization without changing durable row values (0.098875ms)
✔ scoped PCS reads use primary-key ranges and fetch only referenced files (4.718583ms)
(node:45638) ExperimentalWarning: Module mocking is an experimental feature and might change at any time
(Use `node --trace-warnings ...` to show where the warning was created)
(node:45638) DeprecationWarning: mock.module(): options.namedExports is deprecated. Use options.exports instead.
▶ PCS runtime reads, per-record commits, retained legacy sources and scoped errors
  ✔ scoped initialization defers unrelated records and never presents their seed as loaded user data (6.677458ms)
  ✔ initialization and repeated reads never copy static records (0.837875ms)
  ✔ one changed record plus structure, with publication only after completion (4.160333ms)
  ✔ failure rolls memory back and preserves records for retry (0.88125ms)
  ✔ a stale write uses the loaded version and cannot silently overwrite another tab (0.687959ms)
  ✔ unavailable localStorage does not block IndexedDB record writes (0.818625ms)
  ✔ legacy read is read-only; save upgrades only its collection and retains the source (15.489625ms)
  ✔ new writes from an old page do not overwrite IDB or block unrelated collections (1.274458ms)
  ✔ missing attachment is scoped; untouched collection can still be read (0.401583ms)
  ✔ a fileId-only attachment is persisted once and can be shared by another record (1.948375ms)
  ✔ cancelled uploads stay out of persistent storage and release their URL (0.52ms)
  ✔ legacy-only file references load on demand; a later missing Blob cannot reuse stale memory (2.100709ms)
  ✔ new static version IDs appear over an old whole snapshot without resurrecting old omissions or saved deletions (2.44ms)
  ✔ legacy channel instances bridge to canonical records without copying unchanged demo rows (23.233209ms)
  ✔ independent import groups publish only completed parents and children, without copying existing roots (1.12525ms)
✔ PCS runtime reads, per-record commits, retained legacy sources and scoped errors (69.317667ms)
✔ technical data browser reads propagate unavailable collection and invalid structure without seeding (1.65875ms)
✔ GOV-016 BOM read errors and invalid stored structure stay retryable without caching an empty result or writing (0.550833ms)
(node:45640) ExperimentalWarning: localStorage is not available because --localstorage-file was not provided.
(Use `node --trace-warnings ...` to show where the warning was created)
✔ 设计改款染后印花必须先分配印花厂，染色交出不能误送中央工厂 (323.4555ms)
✔ 仅染与仅印分别创建一张加工单和一条仓库首道调拨计划 (18.663833ms)
✔ 辅料染色单创建后已有辅料仓调拨计划，分厂时自动落实原单但不冒充实发 (23.713208ms)
✔ 历史双工艺加工单仍可追溯原有染印交接 (482.651333ms)
✔ 先染后印目标 SKU 创建两段加工单，印花只接收本行染后物料而不能跳过染色 (1216.55ms)
✔ 单独印花 SKU 从仓库发印厂并完成样衣归档 (1180.869541ms)
✔ 印花实际交出生成中央工厂待接收原单，实收回写原交接并允许完成加工单 (469.463458ms)
✔ 专业成果没有真实附件时保持未绑定 (6.3935ms)
(node:45641) ExperimentalWarning: localStorage is not available because --localstorage-file was not provided.
(Use `node --trace-warnings ...` to show where the warning was created)
✔ 目标 SKU 的四种加工组合、前序实物和 BOM Q 均按已建档字段读取 (1.508875ms)
✔ 整单总量口径保存后仍按一次总量计算，不被样衣件数重复放大 (1512.1975ms)
✔ 一张设计改款 BOM 同时有 Yard 面料和 PCS 辅料时，各行独立计量且辅料无需加工调拨 (58.990625ms)
✔ 复用既有纸样与参照 BOM 的无印染任务可直接提交样衣并自动完成；复制只生成草稿 (1040.044084ms)
✔ 批量复制保留物料、费用和样衣安排为独立可编辑草稿，不生成工作 (73.158459ms)
✔ 单页创建同时保存物料、费用与样衣要求；失败不留下空任务 (44.535458ms)
✔ 加工按物料行及实际阶段执行：纯染行与先染后印行独立串联 (142.577583ms)
ℹ tests 248
ℹ suites 0
ℹ pass 248
ℹ fail 0
ℹ cancelled 0
ℹ skipped 0
ℹ todo 0
ℹ duration_ms 6761.039792
