✔ fixed cost conversions use exactly the configuration relationships in both directions (1.485125ms)
✔ automatic same-unit and fixed conversions match saved downstream standard cost (4.5355ms)
✔ SKU conversion adopts current version, reports its basis and preserves frozen costs (4.226917ms)
✔ missing conversion and ambiguous package are explicit, never guessed as 1:1 (2.418166ms)
✔ process fee page removes generic relationship selector and exposes readable automatic preview (2.419667ms)
✔ CFG-014 mixed old category-number IDs and new demo references resolve without rewriting saved configuration (11.076917ms)
✔ original size identities remain stable and category numbers keep formal codes and legacy labels (0.614041ms)
✔ legacy custom configuration and stable IDs survive category-number field rename (7.5255ms)
✔ configuration references are counted from current records and disabling retains history (11.002375ms)
✔ five material families have explicit field templates and unknown categories never use another template (5.062167ms)
✔ material configuration usage follows locked template fields and actual SKU attributes (3.083792ms)
✔ template editing and approval preserve versions already referenced by material roots (40.957625ms)
✔ controlled fields and unit identities reject invalid configuration (8.082167ms)
✔ display exchange rates preserve base costs and accept only positive rates (6.450625ms)
✔ COST-004 missing or invalid persisted display rates stay unavailable instead of taking seed values (0.598625ms)
✔ CFG-005/010 languages are separate and edits preserve exact old/new values and reason (10.380875ms)
✔ CFG-009 usage carries the actual archive detail destination (1.222334ms)
✔ CFG-015 unit reads isolate aliases and nested audit values, and observe later saves (4.356041ms)
✔ PERF/GOV-019: current-view projection keeps every filtered row and full statistics without constructing the other view (4.170208ms)
✔ COST/GOV-019: list completeness preserves zero, included transport and processed material dependency checks (3.129667ms)
✔ PERF/GOV-024: a 15506-root cold list reads every record, renders one page and never writes while normalizing (279.339959ms)
ℹ 15506 roots + SKUs + cost versions: cold read, normalize, aggregate and HTML 153.58 ms (Node diagnostic; browser gate remains separate)
✔ CODE: direct predecessor is preserved across dye, embroidery, A/AB and penetration (0.948083ms)
✔ CODE/MAT: previous target IDs and aliases resolve to one canonical identity; no code parsing (3.490708ms)
✔ COST: P + initial freight + every F; automatic descendants, immutable business snapshot (4.346167ms)
✔ COST: zero is complete; null is missing; display rates do not produce versions (2.466834ms)
✔ COST/UOM: source currency and unit normalization retains quote precision (2.276625ms)
✔ UOM: fixed conversions cannot be altered; cross dimensions need basis and retain versions (4.259458ms)
✔ UOM: two packages share SKU identity, have separate relations, unknown volume stays null (3.62075ms)
✔ MAT: identities approve without price; same operator; unrelated older SKU remains approved (2.665333ms)
✔ read operations never persist or mutate business snapshots (1.59975ms)
✔ COST: preview normalizes the original currency exactly like confirmed save (1.936209ms)
✔ MAT: reload restores SKU identity, unit versions and changed costs from record snapshot (3.344375ms)
✔ BRIDGE-005: one canonical target retains both dye and print with each direct predecessor (1.905375ms)
✔ MAT: handoff uses existing routes, revalidates parent identity and never creates a document (3.303209ms)
✔ MAT: copying a display name alone cannot bypass existing SKU identity (1.28425ms)
✔ COST/UOM: new conversion version updates current descendants but preserves prior snapshots (3.877083ms)
✔ MAT: processed siblings retain independent identities when only packaging information changes (1.963041ms)
✔ MAT: copied archive reuses file references, resets approval and has no copied SKU or price history (4.369375ms)
✔ MAT/CODE: a draft root code change regenerates descendants without changing their IDs (6.967583ms)
✔ MAT-012: formal processed SKU requires real pattern/version plus the process-specific execution document (10.22175ms)
✔ MAT-013/CODE-005: execution-file corrections preserve prior versions and the output identity (4.012125ms)
✔ MAT-012: registered file previews pass image validation while temporary blobs do not (5.552583ms)
✔ MAT-003/UOM: output width is one field and package edits retain previous contents (4.02275ms)
✔ GOV-008: material CSV handles Unicode, quoted commas, quotes and newlines (1.139792ms)
✔ GOV-008: full root group previews without writes and commits once with every child (4.627833ms)
✔ GOV-008: one bad row blocks the whole parent while a different valid group remains eligible (2.236ms)
✔ GOV-008: a save failure after preview publishes neither parent nor earlier children (2.708916ms)
✔ MAT/CODE: CSV stages use the preceding row actual generated SKU (2.434458ms)
✔ UOM/COST: CSV rejects nonpositive relation and preserves an explicit zero cost (4.126083ms)
✔ GOV-027: business exports honor all selected identities without stock or supplier fields (2.187208ms)
✔ GOV-027: image columns reject bytes and temporary URLs, while empty root exports remain visible (2.815708ms)
✔ PERF: 100 and 1000 rows validate completely and cost change reaches 100 descendants without publishing (47.771459ms)
ℹ 100 import rows pure preview 3.36 ms
ℹ 1000 import rows pure preview 33.76 ms
ℹ 100 cost descendants pure preview 5.92 ms
✔ GOV-008: CSV preview rejects unresolved dictionary identity before offering save (1.393625ms)
ℹ tests 53
ℹ suites 0
ℹ pass 53
ℹ fail 0
ℹ cancelled 0
ℹ skipped 0
ℹ todo 0
ℹ duration_ms 738.590333
