1 cold:inventory
1 reload:inventory
1 spa:inventory
1 cold:application
1 reload:application
1 spa:application
1 cold:application/new
1 reload:application/new
1 spa:application/new
1 cold:application/req-004/edit
1 reload:application/req-004/edit
1 spa:application/req-004/edit
1 cold:application/req-001
1 reload:application/req-001
1 spa:application/req-001
1 cold:transfer
1 reload:transfer
1 spa:transfer
1 cold:return
1 reload:return
1 spa:return
1 cold:ledger
1 reload:ledger
1 spa:ledger
1 cold:ledger/stocktake
1 reload:ledger/stocktake
1 spa:ledger/stocktake
1 cold:view
1 reload:view
1 spa:view
1 cold:detail/smp-001
1 reload:detail/smp-001
1 spa:detail/smp-001
1 cold:label/smp-001
1 reload:label/smp-001
1 spa:label/smp-001
1 application:new-entry
1 draft:missing-required
1 draft:input:applicant
1 draft:input:purpose
1 draft:input:receiver
1 draft:input:useStartedAt
1 draft:input:expectedReturnAt
1 draft:input:remark
1 draft:select:responsibleSite
1 draft:select:targetLocationId
1 draft:select:returnLocationId
1 draft:tab-samples
1 draft:search-input
1 draft:query
1 draft:no-results
1 draft:restore-query
1 draft:next-page
1 draft:previous-page
1 draft:select-sample
1 draft:select-sample
1 draft:unselect-sample
1 draft:reselect-sample
1 draft:stay-with-unsaved-input
1 draft:tab-info
1 draft:quota-failure
1 draft:saved
1 draft:edit-entry
1 draft:edit-input
1 draft:edit-save
1 request:submit:open
1 request:actor-input
1 request:note-input
1 request:submit:saved
1 request:approve:open
1 request:actor-input
1 request:note-input
1 request:approve:saved
1 request:pickup:open
1 request:actor-input
1 request:note-input
1 request:pickup:saved
1 request:return:open
1 request:actor-input
1 request:note-input
1 request:return:saved
1 request:receive:open
1 request:actor-input
1 request:note-input
1 request:receive:saved
1 request:submit:open
1 request:actor-input
1 request:note-input
1 request:submit:saved
1 request:reject:open
1 request:actor-input
1 request:note-input
1 request:reject:danger-confirm
1 request:submit:open
1 request:actor-input
1 request:note-input
1 request:submit:saved
1 request:disabled-room-open
1 request:disabled-room-blocked
1 request:discard-blocked-input
1 request:cancel:open
1 request:actor-input
1 request:note-input
1 request:cancel:danger-confirm
1 case:new
1 case:sample-select
1 case:target-input
1 case:create-save
1 case:detail
1 case:approve:open
1 case:actor-input
1 case:note-input
1 case:approve:saved
1 case:execute:open
1 case:actor-input
1 case:note-input
1 case:execute:danger-confirm
1 stocktake:detail
1 stocktake:investigate:open
1 stocktake:actor-input
1 stocktake:note-input
1 stocktake:investigate:saved
1 stocktake:close:open
1 stocktake:actor-input
1 stocktake:note-input
1 stocktake:close:danger-confirm
1 inventory:refresh
1 inventory:search
1 inventory:reset
1 inventory:filter:status
1 inventory:filter-reset
1 inventory:filter:site
1 inventory:filter-reset
1 inventory:filter:location-type
1 inventory:filter-reset
1 inventory:drawer
1 inventory:drawer-close
1 application:refresh
1 application:search
1 application:reset
1 application:filter:request-status
1 application:filter-reset
1 application:drawer
1 application:drawer-close
1 transfer:refresh
1 transfer:search
1 transfer:reset
1 transfer:filter:transfer-category
1 transfer:filter-reset
1 transfer:filter:location-type
1 transfer:filter-reset
1 transfer:drawer
1 transfer:drawer-close
1 return:refresh
1 return:search
1 return:reset
1 return:filter:return-status
1 return:filter-reset
1 return:drawer
1 return:drawer-close
1 ledger:refresh
1 ledger:search
1 ledger:reset
1 ledger:filter:ledger-type
1 ledger:filter-reset
1 ledger:drawer
1 ledger:drawer-close
1 ledger/stocktake:refresh
1 ledger/stocktake:search
1 ledger/stocktake:reset
1 ledger/stocktake:filter:stocktake-status
1 ledger/stocktake:filter-reset
1 ledger/stocktake:drawer
1 ledger/stocktake:drawer-close
1 view:refresh
1 view:search
1 view:reset
1 view:filter:status
1 view:filter-reset
1 view:filter:site
1 view:filter-reset
1 view:filter:location-type
1 view:filter-reset
1 view:drawer
1 view:drawer-close
1 view:table
1 view:card
1 draft:stale-input
1 draft:stale-save-blocked
1 draft:reload-after-conflict
1 image:open
1 image:close
1 image:failure-fallback
1 image:retry
✔ SAMPLE-FIX browser 1: all routes, actual actions, persistence and <=1s (27130.418542ms)
ℹ tests 1
ℹ suites 0
ℹ pass 1
ℹ fail 0
ℹ cancelled 0
ℹ skipped 0
ℹ todo 0
ℹ duration_ms 27490.869167
