part PASS []
part-stages PASS []
part-detail PASS []
routes PASS []
list-actions PASS []
extra-controls PASS []
print-controls PASS []
print-images PASS []
backup PASS []
lan PASS []
marker PASS []
roles PASS []
history-print PASS []
data-tools PASS []
simple-handover PASS []
source-routes PASS []
batch-ui PASS []
bag-lifecycle PASS []
wait-dialogs PASS []
hpb-scan PASS []
source-actions PASS []
source-pda-accept PASS []
source-contract-transfer PASS []
source-completion PASS []
source-start PASS []
source-generation PASS []
source-breakdown PASS []
