vite v6.4.3 building for production...
transforming...
✓ 2718 modules transformed.
rendering chunks...
[plugin vite:reporter] 
(!) /private/tmp/higoods-replacement-fabric-release-20260925/src/data/app-shell-config.ts is dynamically imported by /private/tmp/higoods-replacement-fabric-release-20260925/src/router/routes.ts but also statically imported by /private/tmp/higoods-replacement-fabric-release-20260925/src/components/shell.ts, /private/tmp/higoods-replacement-fabric-release-20260925/src/state/store.ts, dynamic import will not move module into another chunk.

[plugin vite:reporter] 
(!) /private/tmp/higoods-replacement-fabric-release-20260925/src/components/production-object-floating-entry.ts is dynamically imported by /private/tmp/higoods-replacement-fabric-release-20260925/src/main.ts but also statically imported by /private/tmp/higoods-replacement-fabric-release-20260925/src/components/shell.ts, dynamic import will not move module into another chunk.

[plugin vite:reporter] 
(!) /private/tmp/higoods-replacement-fabric-release-20260925/src/data/fcs/cutting/cutting-record-identity.ts is dynamically imported by /private/tmp/higoods-replacement-fabric-release-20260925/src/data/fcs/cutting/cutting-record-repository.ts but also statically imported by /private/tmp/higoods-replacement-fabric-release-20260925/src/data/fcs/cutting/cutting-event-migration.ts, /private/tmp/higoods-replacement-fabric-release-20260925/src/data/fcs/cutting/cutting-file-maintenance.ts, /private/tmp/higoods-replacement-fabric-release-20260925/src/data/fcs/cutting/part-ticket-records.ts, /private/tmp/higoods-replacement-fabric-release-20260925/src/data/fcs/cutting/replacement-fabric-fei-tickets.ts, /private/tmp/higoods-replacement-fabric-release-20260925/src/data/fcs/cutting/replacement-fabric-repository.ts, /private/tmp/higoods-replacement-fabric-release-20260925/src/data/fcs/cutting/retired-cut-piece-pickup-history.ts, /private/tmp/higoods-replacement-fabric-release-20260925/src/data/fcs/production-context-actions.ts, /private/tmp/higoods-replacement-fabric-release-20260925/src/data/fcs/production-context-records.ts, /private/tmp/higoods-replacement-fabric-release-20260925/src/pages/pda-cutting-save.ts, /private/tmp/higoods-replacement-fabric-release-20260925/src/pages/print/replacement-fabric-preview.ts, /private/tmp/higoods-replacement-fabric-release-20260925/src/pages/process-factory/cutting/replacement-fabric-fei-tickets.ts, /private/tmp/higoods-replacement-fabric-release-20260925/src/pages/process-factory/cutting/transfer-bags/state.ts, /private/tmp/higoods-replacement-fabric-release-20260925/src/pages/process-factory/cutting/wait-handover-actions.ts, /private/tmp/higoods-replacement-fabric-release-20260925/src/pages/production-contract-print.ts, /private/tmp/higoods-replacement-fabric-release-20260925/src/pages/unified-dispatch-workbench.ts, dynamic import will not move module into another chunk.

[plugin vite:reporter] 
(!) /private/tmp/higoods-replacement-fabric-release-20260925/src/data/fcs/production-context-records.ts is dynamically imported by /private/tmp/higoods-replacement-fabric-release-20260925/src/data/fcs/cutting/cutting-record-repository.ts, /private/tmp/higoods-replacement-fabric-release-20260925/src/main.ts but also statically imported by /private/tmp/higoods-replacement-fabric-release-20260925/src/data/fcs/cutting/cutting-event-repository.ts, /private/tmp/higoods-replacement-fabric-release-20260925/src/data/fcs/cutting/part-ticket-records.ts, /private/tmp/higoods-replacement-fabric-release-20260925/src/data/fcs/cutting/replacement-fabric-repository.ts, /private/tmp/higoods-replacement-fabric-release-20260925/src/data/fcs/cutting/replacement-fabric-source.ts, /private/tmp/higoods-replacement-fabric-release-20260925/src/data/fcs/cutting/retired-cut-piece-pickup-history.ts, /private/tmp/higoods-replacement-fabric-release-20260925/src/data/fcs/effective-task-assignments.ts, /private/tmp/higoods-replacement-fabric-release-20260925/src/data/fcs/pda-handover-events.ts, /private/tmp/higoods-replacement-fabric-release-20260925/src/data/fcs/production-context-actions.ts, /private/tmp/higoods-replacement-fabric-release-20260925/src/data/fcs/production-contracts.ts, /private/tmp/higoods-replacement-fabric-release-20260925/src/data/fcs/production-order-runtime-store.ts, /private/tmp/higoods-replacement-fabric-release-20260925/src/data/fcs/production-orders.ts, /private/tmp/higoods-replacement-fabric-release-20260925/src/data/fcs/runtime-process-tasks.ts, /private/tmp/higoods-replacement-fabric-release-20260925/src/data/fcs/sewing-outsourcing-responsibility.ts, /private/tmp/higoods-replacement-fabric-release-20260925/src/data/fcs/sewing-sample-approval-suggestion.ts, /private/tmp/higoods-replacement-fabric-release-20260925/src/pages/dispatch-tenders.ts, /private/tmp/higoods-replacement-fabric-release-20260925/src/pages/process-factory/cutting/replacement-fabric-data-tools.ts, /private/tmp/higoods-replacement-fabric-release-20260925/src/pages/production-context-recovery.ts, dynamic import will not move module into another chunk.

[plugin vite:reporter] 
(!) /private/tmp/higoods-replacement-fabric-release-20260925/src/data/fcs/printing-task-domain.ts is dynamically imported by /private/tmp/higoods-replacement-fabric-release-20260925/src/data/fcs/dyeing-task-domain.ts, /private/tmp/higoods-replacement-fabric-release-20260925/src/data/fcs/tmf-upstream-process-orders.ts, /private/tmp/higoods-replacement-fabric-release-20260925/src/data/pms/tmf-material-purchases.ts, /private/tmp/higoods-replacement-fabric-release-20260925/src/pages/process-factory/accessory/webbing/work-order-detail.ts, /private/tmp/higoods-replacement-fabric-release-20260925/src/pages/process-factory/accessory/webbing/work-order-detail.ts but also statically imported by /private/tmp/higoods-replacement-fabric-release-20260925/src/data/fcs/cutting/material-prep.ts, /private/tmp/higoods-replacement-fabric-release-20260925/src/data/fcs/cutting/supplement-node-facts.ts, /private/tmp/higoods-replacement-fabric-release-20260925/src/data/fcs/design-revision-material-transfer.ts, /private/tmp/higoods-replacement-fabric-release-20260925/src/data/fcs/design-revision-process-work-order-adapter.ts, /private/tmp/higoods-replacement-fabric-release-20260925/src/data/fcs/factory-receiving-links.ts, /private/tmp/higoods-replacement-fabric-release-20260925/src/data/fcs/factory-receiving-source-sync.ts, /private/tmp/higoods-replacement-fabric-release-20260925/src/data/fcs/mobile-execution-task-index.ts, /private/tmp/higoods-replacement-fabric-release-20260925/src/data/fcs/pda-start-link.ts, /private/tmp/higoods-replacement-fabric-release-20260925/src/data/fcs/printing-factory-demos.ts, /private/tmp/higoods-replacement-fabric-release-20260925/src/data/fcs/printing-material-receipts.ts, /private/tmp/higoods-replacement-fabric-release-20260925/src/data/fcs/printing-statistics.ts, /private/tmp/higoods-replacement-fabric-release-20260925/src/data/fcs/printing-warehouse-view.ts, /private/tmp/higoods-replacement-fabric-release-20260925/src/data/fcs/printing-work-order-business.ts, /private/tmp/higoods-replacement-fabric-release-20260925/src/data/fcs/process-action-writeback-service.ts, /private/tmp/higoods-replacement-fabric-release-20260925/src/data/fcs/process-execution-writeback.ts, /private/tmp/higoods-replacement-fabric-release-20260925/src/data/fcs/process-mobile-task-binding.ts, /private/tmp/higoods-replacement-fabric-release-20260925/src/data/fcs/process-warehouse-linkage-service.ts, /private/tmp/higoods-replacement-fabric-release-20260925/src/data/fcs/process-web-status-actions.ts, /private/tmp/higoods-replacement-fabric-release-20260925/src/data/fcs/process-work-order-domain.ts, /private/tmp/higoods-replacement-fabric-release-20260925/src/data/fcs/process-work-order-generation-service.ts, /private/tmp/higoods-replacement-fabric-release-20260925/src/data/fcs/production-demand-early-process-work-orders.ts, /private/tmp/higoods-replacement-fabric-release-20260925/src/data/fcs/production-object-overview.ts, /private/tmp/higoods-replacement-fabric-release-20260925/src/data/fcs/production-process-work-order-service.ts, /private/tmp/higoods-replacement-fabric-release-20260925/src/data/fcs/task-print-cards.ts, /private/tmp/higoods-replacement-fabric-release-20260925/src/pages/pcs-independent-sampling.ts, /private/tmp/higoods-replacement-fabric-release-20260925/src/pages/pda-exec-detail.ts, /private/tmp/higoods-replacement-fabric-release-20260925/src/pages/pda-exec.ts, /private/tmp/higoods-replacement-fabric-release-20260925/src/pages/pda-task-receive.ts, /private/tmp/higoods-replacement-fabric-release-20260925/src/pages/print/templates/printing-work-order-template.ts, /private/tmp/higoods-replacement-fabric-release-20260925/src/pages/process-factory/cutting/production-order-overview-projection.ts, /private/tmp/higoods-replacement-fabric-release-20260925/src/pages/process-factory/dyeing/pending-receipts.ts, /private/tmp/higoods-replacement-fabric-release-20260925/src/pages/process-factory/printing/dashboards.ts, /private/tmp/higoods-replacement-fabric-release-20260925/src/pages/process-factory/printing/dialogs.ts, /private/tmp/higoods-replacement-fabric-release-20260925/src/pages/process-factory/printing/dispatch.ts, /private/tmp/higoods-replacement-fabric-release-20260925/src/pages/process-factory/printing/events.ts, /private/tmp/higoods-replacement-fabric-release-20260925/src/pages/process-factory/printing/presentation.ts, /private/tmp/higoods-replacement-fabric-release-20260925/src/pages/process-factory/printing/shared.ts, /private/tmp/higoods-replacement-fabric-release-20260925/src/pages/process-factory/printing/statistics.ts, /private/tmp/higoods-replacement-fabric-release-20260925/src/pages/process-factory/printing/work-order-detail.ts, /private/tmp/higoods-replacement-fabric-release-20260925/src/pages/process-print-orders.ts, /private/tmp/higoods-replacement-fabric-release-20260925/src/pages/process-work-orders/early-process-management.ts, /private/tmp/higoods-replacement-fabric-release-20260925/src/pages/production/demand-domain.ts, /private/tmp/higoods-replacement-fabric-release-20260925/src/runtime/fcs/cutting/pickup-management-runtime.ts, dynamic import will not move module into another chunk.

computing gzip size...
dist/index.html                                                           1.25 kB │ gzip:   0.63 kB
dist/assets/pcs-pattern-parse.worker-B3_rAVMB.js                         18.52 kB
dist/assets/source-views-23Nr_RHD.css                                    34.63 kB │ gzip:   7.04 kB
dist/assets/index-DkHkpfSK.css                                          154.85 kB │ gzip:  25.42 kB
dist/assets/store-domain-quality-bootstrap-D5vbSA8-.js                    0.38 kB │ gzip:   0.25 kB
dist/assets/sample-warehouse-projection-BJD4VY-t.js                       0.39 kB │ gzip:   0.25 kB
dist/assets/dialogs-B2db2t_A.js                                           0.58 kB │ gzip:   0.31 kB
dist/assets/pcs-style-demo-image-GDjoPqJf.js                              0.59 kB │ gzip:   0.28 kB
dist/assets/tech-pack-8W3TrwF1.js                                         0.63 kB │ gzip:   0.34 kB
dist/assets/badge-D4eVJIys.js                                             0.78 kB │ gzip:   0.42 kB
dist/assets/images-Q79qfJD0.js                                            0.80 kB │ gzip:   0.35 kB
dist/assets/pms-export-CPynoX4q.js                                        0.83 kB │ gzip:   0.50 kB
dist/assets/placeholder-BiHB9ZXP.js                                       0.85 kB │ gzip:   0.47 kB
dist/assets/pda-cutting-save-BZ3Pf_x9.js                                  0.88 kB │ gzip:   0.60 kB
dist/assets/trace-Jw3m5TPG.js                                             0.89 kB │ gzip:   0.51 kB
dist/assets/execution-prep-projection-helpers-CLTDGcdl.js                 0.90 kB │ gzip:   0.44 kB
dist/assets/runtime-DY769RIr.js                                           0.90 kB │ gzip:   0.61 kB
dist/assets/history-kI05C-RV.js                                           0.98 kB │ gzip:   0.63 kB
dist/assets/payment-sync-C90tM3tn.js                                      1.01 kB │ gzip:   0.64 kB
dist/assets/print-service-CyrwQfQw.js                                     1.04 kB │ gzip:   0.52 kB
dist/assets/pda-sewing-self-return-mode-CVT5AEl1.js                       1.07 kB │ gzip:   0.54 kB
dist/assets/detail.adapter-DmmdLeWQ.js                                    1.08 kB │ gzip:   0.68 kB
dist/assets/process-work-order-generation-service-ChBt70EK.js             1.08 kB │ gzip:   0.65 kB
dist/assets/dyeing-material-receipts-CA2tWtVF.js                          1.11 kB │ gzip:   0.73 kB
dist/assets/pda-runtime-rN2xJ_Bk.js                                       1.16 kB │ gzip:   0.64 kB
dist/assets/replacement-fabric-scan-DA8U5V17.js                           1.28 kB │ gzip:   0.81 kB
dist/assets/overview-yN5VhDg-.js                                          1.29 kB │ gzip:   0.71 kB
dist/assets/process-work-order-source-view-DPvUL1M1.js                    1.31 kB │ gzip:   0.58 kB
dist/assets/transfer-bag-handover-mock-D5KOajn9.js                        1.31 kB │ gzip:   0.71 kB
dist/assets/work-order-action-policy-BITV8wZU.js                          1.34 kB │ gzip:   0.68 kB
dist/assets/dialogs-DROWvJbN.js                                           1.42 kB │ gzip:   0.62 kB
dist/assets/filter-bar-CQPG7S5l.js                                        1.49 kB │ gzip:   0.81 kB
dist/assets/material-identity-2Wsnh_Xs.js                                 1.54 kB │ gzip:   0.85 kB
dist/assets/supplement-material-prep-demand-registry-DI-N3DvB.js          1.56 kB │ gzip:   0.75 kB
dist/assets/warehouse-shared-BQtpzJFi.js                                  1.57 kB │ gzip:   0.51 kB
dist/assets/pda-cutting-wait-handover-actions-P7XiTM76.js                 1.58 kB │ gzip:   0.62 kB
dist/assets/task-handover-domain-C5crA6cD.js                              1.58 kB │ gzip:   0.77 kB
dist/assets/task-chain-pages-adapter-Svgwy8aQ.js                          1.72 kB │ gzip:   0.85 kB
dist/assets/real-qr-CLy_77B8.js                                           1.74 kB │ gzip:   0.93 kB
dist/assets/work-order-detail-DSQBk93Y.js                                 1.74 kB │ gzip:   0.80 kB
dist/assets/real-barcode-D5JeM6KP.js                                      1.81 kB │ gzip:   0.96 kB
dist/assets/wool-pda-scan-DVob7rT8.js                                     1.81 kB │ gzip:   1.00 kB
dist/assets/tmf-upstream-receiving-B2NF7EnD.js                            1.84 kB │ gzip:   1.14 kB
dist/assets/toast-DbXW_Ah0.js                                             1.87 kB │ gzip:   0.90 kB
dist/assets/mixed-transfer-bag-ticket-DETTPWFm.js                         1.89 kB │ gzip:   0.79 kB
dist/assets/kol-goto-fixed-total-ledger-u14KYiDy.js                       1.93 kB │ gzip:   0.92 kB
dist/assets/list-export-IOelfdJN.js                                       1.99 kB │ gzip:   1.18 kB
dist/assets/confirmation-print-DUXJ_xkf.js                                2.00 kB │ gzip:   0.92 kB
dist/assets/printing-sheet-preview-RvLKZqZ0.js                            2.03 kB │ gzip:   1.06 kB
dist/assets/table-iSdp6WkJ.js                                             2.04 kB │ gzip:   1.03 kB
dist/assets/binding-process-pda-scan-OKpWKcvY.js                          2.18 kB │ gzip:   1.13 kB
dist/assets/cutting-file-maintenance-BzDZr5HX.js                          2.19 kB │ gzip:   1.17 kB
dist/assets/special-craft-pda-scope-DAj1k1m7.js                           2.24 kB │ gzip:   1.02 kB
dist/assets/task-route-card-DKr2aJmL.js                                   2.26 kB │ gzip:   1.06 kB
dist/assets/task-delivery-card-C8vijhXR.js                                2.32 kB │ gzip:   1.14 kB
dist/assets/mixed-bag-contents-BfS44ddm.js                                2.33 kB │ gzip:   1.29 kB
dist/assets/production-context-recovery-BiRfve0i.js                       2.36 kB │ gzip:   1.24 kB
dist/assets/production-contract-print-Bq1eLgt9.js                         2.42 kB │ gzip:   1.38 kB
dist/assets/helpers-BFKa6pUf.js                                           2.42 kB │ gzip:   1.21 kB
dist/assets/pda-cutting-simple-cut-piece-handover-D0jfsDbW.js             2.47 kB │ gzip:   1.24 kB
dist/assets/tmf-work-order-view-mf_ibcbO.js                               2.56 kB │ gzip:   1.18 kB
dist/assets/pms-excel-import-DnMCWv6B.js                                  2.66 kB │ gzip:   1.32 kB
dist/assets/shared--JWkAGV2.js                                            2.70 kB │ gzip:   1.03 kB
dist/assets/process-order-list-presentation-lIV0zyPg.js                   2.71 kB │ gzip:   1.27 kB
dist/assets/marker-plan-projection-Bkg1Fd2V.js                            2.77 kB │ gzip:   1.18 kB
dist/assets/post-finishing-spu-technical-parameters-R75ydCtY.js           2.79 kB │ gzip:   1.28 kB
dist/assets/authorization-code-Bog3T_4a.js                                2.91 kB │ gzip:   1.43 kB
dist/assets/process-order-task-relations-D-YtT-IJ.js                      2.97 kB │ gzip:   1.29 kB
dist/assets/production-order-identity-CiSbc-vC.js                         3.00 kB │ gzip:   1.24 kB
dist/assets/product-skus-CEt6Fukj.js                                      3.03 kB │ gzip:   0.96 kB
dist/assets/tabs-DkeccZ6g.js                                              3.09 kB │ gzip:   0.93 kB
dist/assets/progress-board-4OtkdbTJ.js                                    3.13 kB │ gzip:   1.48 kB
dist/assets/pda-cutting-runtime-action-inputs-C7_ywl7f.js                 3.15 kB │ gzip:   1.09 kB
dist/assets/trade-subjects-B1U82DIE.js                                    3.16 kB │ gzip:   1.12 kB
dist/assets/tmf-upstream-process-orders-CSdJ7fHH.js                       3.38 kB │ gzip:   1.61 kB
dist/assets/cutting-mainline-D5Isie8n.js                                  3.41 kB │ gzip:   1.53 kB
dist/assets/binding-process-warehouse-linkage-service-BU3I6uRL.js         3.62 kB │ gzip:   1.38 kB
dist/assets/fcs-route-links-BdCFaX2E.js                                   3.67 kB │ gzip:   1.20 kB
dist/assets/quality-chain-adapter-C0JG31M_.js                             3.68 kB │ gzip:   1.66 kB
dist/assets/shared-BPv7wDgd.js                                            3.73 kB │ gzip:   1.69 kB
dist/assets/shared-DmPGCA0P.js                                            3.91 kB │ gzip:   1.64 kB
dist/assets/sewing-outsourcing-demo-BIca-b2m.js                           4.01 kB │ gzip:   1.62 kB
dist/assets/transfer-bag-repack-mock-BHwQ7Dsb.js                          4.04 kB │ gzip:   1.87 kB
dist/assets/tipping-form-De4riS8V.js                                      4.07 kB │ gzip:   2.03 kB
dist/assets/wls-page-handlers-DztmnrQu.js                                 4.09 kB │ gzip:   1.39 kB
dist/assets/dashboards-CpMZwyXe.js                                        4.10 kB │ gzip:   2.02 kB
dist/assets/transit-simple-lists-BbuJY1GA.js                              4.14 kB │ gzip:   1.46 kB
dist/assets/replacement-fabric-label-template-BMHzl7b1.js                 4.40 kB │ gzip:   2.02 kB
dist/assets/pda-wool-warehouse-flows-CskL1xLu.js                          4.45 kB │ gzip:   2.36 kB
dist/assets/supplement-order-registry-CHnc7juB.js                         4.49 kB │ gzip:   1.76 kB
dist/assets/tmf-process-print-preview-WjW6VRLU.js                         4.58 kB │ gzip:   2.17 kB
dist/assets/preparation-material-receipt-sources-B1eAMGJD.js              4.68 kB │ gzip:   1.95 kB
dist/assets/sewing-outsourcing-responsibility-DAxam0bM.js                 4.71 kB │ gzip:   2.05 kB
dist/assets/replacement-fabric-preview-B0jaUn1i.js                        4.72 kB │ gzip:   2.35 kB
dist/assets/form-BYw8xtBH.js                                              4.74 kB │ gzip:   1.41 kB
dist/assets/layout.helpers-BktQD0cy.js                                    4.76 kB │ gzip:   1.73 kB
dist/assets/runtime-task-tenders-YGz6fHpq.js                              4.76 kB │ gzip:   1.94 kB
dist/assets/relations-ChCWPv7x.js                                         4.77 kB │ gzip:   2.17 kB
dist/assets/transit-dashboard-DasyHMWK.js                                 4.85 kB │ gzip:   2.05 kB
dist/assets/result-list-3NwOukOK.js                                       4.94 kB │ gzip:   2.06 kB
dist/assets/routes-pda-B16WxTEb.js                                        4.98 kB │ gzip:   1.88 kB
dist/assets/routes-pcs-Cmm1pGhN.js                                        4.99 kB │ gzip:   1.44 kB
dist/assets/store-domain-dispatch-process-XaC4HpLb.js                     5.01 kB │ gzip:   1.95 kB
dist/assets/cutting-event-migration-B17leKia.js                           5.02 kB │ gzip:   2.02 kB
dist/assets/process-order-list-controller-DNaq4-WW.js                     5.07 kB │ gzip:   1.91 kB
dist/assets/process-work-order-quality-settlement-Dww5ZQUo.js             5.33 kB │ gzip:   2.20 kB
dist/assets/dispatch-task-sheet-B__Tgg8I.js                               5.54 kB │ gzip:   2.63 kB
dist/assets/retired-cut-piece-pickup-history-Wngc5mfD.js                  5.65 kB │ gzip:   2.28 kB
dist/assets/process-order-three-axis-view-C6eqHA8x.js                     5.76 kB │ gzip:   2.32 kB
dist/assets/production-contract-center-BDo_b_tC.js                        5.81 kB │ gzip:   2.50 kB
dist/assets/transfer-bags-projection-BePnJ1aQ.js                          5.91 kB │ gzip:   2.33 kB
dist/assets/pda-cutting-nav-context-BJOtsoOY.js                           5.95 kB │ gzip:   1.40 kB
dist/assets/pda-transfer-bag-detail-BETbXOMm.js                           6.15 kB │ gzip:   2.26 kB
dist/assets/fcs-pda-pickup-dispute-CTiLn_6J.js                            6.19 kB │ gzip:   2.18 kB
dist/assets/material-handover-BZxD8DN3.js                                 6.25 kB │ gzip:   2.44 kB
dist/assets/fact-view-DBl4mbXx.js                                         6.29 kB │ gzip:   2.07 kB
dist/assets/warehouse-standard-DTx-BvEK.js                                6.30 kB │ gzip:   2.10 kB
dist/assets/statistics-FNqa-gq5.js                                        6.39 kB │ gzip:   1.93 kB
dist/assets/craft-actions-DgV2duJs.js                                     6.42 kB │ gzip:   2.91 kB
dist/assets/pcs-project-technical-data-writeback-BixRhuWJ.js              6.49 kB │ gzip:   2.52 kB
dist/assets/production-context-actions-BrUhR-pn.js                        6.55 kB │ gzip:   2.67 kB
dist/assets/pcs-technical-data-tech-pack-list-CjG_UW9M.js                 6.55 kB │ gzip:   2.50 kB
dist/assets/factory-receiving-links-DDJCIZxQ.js                           6.57 kB │ gzip:   2.64 kB
dist/assets/pda-notify-BxFs9jv9.js                                        6.57 kB │ gzip:   2.41 kB
dist/assets/workbench-DFAvQPfn.js                                         6.59 kB │ gzip:   2.67 kB
dist/assets/sewing-outsourcing-supplement-tracking-B8C7DoaR.js            6.63 kB │ gzip:   2.89 kB
dist/assets/shared-DCf-EU6D.js                                            6.82 kB │ gzip:   2.52 kB
dist/assets/production-contract-master-template-DgQVmuFv.js               6.85 kB │ gzip:   2.74 kB
dist/assets/pcs-testing-order-create-CdL3KYz6.js                          6.89 kB │ gzip:   2.66 kB
dist/assets/dye-work-order-times-w7U4XCtx.js                              7.22 kB │ gzip:   2.55 kB
dist/assets/shared-BjHnsO0N.js                                            7.26 kB │ gzip:   2.55 kB
dist/assets/pda-cutting-execution-unit-BvsHf1-f.js                        7.29 kB │ gzip:   2.75 kB
dist/assets/overview.helpers-BP2F5Yu8.js                                  7.36 kB │ gzip:   2.88 kB
dist/assets/settlement-flow-boundaries-DbkSNas3.js                        7.43 kB │ gzip:   2.53 kB
dist/assets/pda-notify-detail-BXmw7WW0.js                                 7.46 kB │ gzip:   2.38 kB
dist/assets/pda-cutting-fei-ticket-numbering-BqrRsdTY.js                  7.48 kB │ gzip:   2.50 kB
dist/assets/transit-warehouse-CGN4xIMS.js                                 7.54 kB │ gzip:   2.13 kB
dist/assets/production-craft-dict-AMhahgVA.js                             7.55 kB │ gzip:   2.84 kB
dist/assets/pda-warehouse-CDEMGhcn.js                                     7.56 kB │ gzip:   3.02 kB
dist/assets/pcs-product-information-BHVyzyMI.js                           7.58 kB │ gzip:   3.32 kB
dist/assets/sewing-outsourcing-return-tracking-DWN8S456.js                7.61 kB │ gzip:   2.86 kB
dist/assets/workbench-LxFdGAFo.js                                         7.69 kB │ gzip:   3.16 kB
dist/assets/supplement-node-facts-QiN5CZqV.js                             7.77 kB │ gzip:   2.85 kB
dist/assets/pcs-material-archive-detail-0CC5JMUh.js                       7.80 kB │ gzip:   2.75 kB
dist/assets/pcs-testing-order-list-B5syZhqF.js                            7.92 kB │ gzip:   3.05 kB
dist/assets/tmf-process-sheet-template-1R5uvkUM.js                        7.98 kB │ gzip:   3.80 kB
dist/assets/production-contracts-kxTCS1Gj.js                              8.03 kB │ gzip:   2.74 kB
dist/assets/progress-exception-lifecycle-BJx0gSBY.js                      8.09 kB │ gzip:   2.70 kB
dist/assets/pda-cutting-transfer-bag-recovery-DH8I7L47.js                 8.13 kB │ gzip:   3.39 kB
dist/assets/routes-pms-C5c4GYR2.js                                        8.30 kB │ gzip:   2.11 kB
dist/assets/milestone-configs-DjFkL1dH.js                                 8.42 kB │ gzip:   2.95 kB
dist/assets/statistics-BY022iQl.js                                        8.42 kB │ gzip:   3.66 kB
dist/assets/bom-templates-Br7_yp-y.js                                     8.47 kB │ gzip:   1.81 kB
dist/assets/pda-cutting-transfer-bag-scrap-BXLjZDr2.js                    8.51 kB │ gzip:   3.52 kB
dist/assets/pre-settlement-ledger-repository-Divb2ayo.js                  8.64 kB │ gzip:   2.96 kB
dist/assets/pcs-pattern-library-config-esiZI36D.js                        8.77 kB │ gzip:   2.39 kB
dist/assets/fei-ticket-numbering-5dC7LYZS.js                              8.82 kB │ gzip:   3.09 kB
dist/assets/bom-templates-CUQ6IRPs.js                                     8.84 kB │ gzip:   3.68 kB
dist/assets/navigation-context-BxefIdgT.js                                8.87 kB │ gzip:   2.46 kB
dist/assets/warehouses-DXIIcLc2.js                                        8.88 kB │ gzip:   2.11 kB
dist/assets/pda-cutting-shared-CMVSh0Jq.js                                8.90 kB │ gzip:   2.74 kB
dist/assets/yarn-shipments-BdBNzZtc.js                                    8.96 kB │ gzip:   4.06 kB
dist/assets/cutting-event-repository-DSk28JGp.js                          9.03 kB │ gzip:   3.98 kB
dist/assets/list-0LMEqTOK.js                                              9.08 kB │ gzip:   3.04 kB
dist/assets/pda-execution-DaNIJxOz.js                                     9.28 kB │ gzip:   3.68 kB
dist/assets/handover-records-57eKgA_Q.js                                  9.35 kB │ gzip:   3.56 kB
dist/assets/pda-login-E9N07pHw.js                                         9.48 kB │ gzip:   3.65 kB
dist/assets/dye-work-order-online-domain-DqbfWQBl.js                      9.53 kB │ gzip:   3.55 kB
dist/assets/sewing-pickup-slips-Bx29ZRn6.js                               9.56 kB │ gzip:   3.59 kB
dist/assets/production-receipts-zM8O1m4a.js                               9.77 kB │ gzip:   3.94 kB
dist/assets/pending-receipts-Zc_5Wtnj.js                                  9.91 kB │ gzip:   4.10 kB
dist/assets/continuous-stock-CyJvCQVv.js                                 10.10 kB │ gzip:   4.12 kB
dist/assets/purchase-suggestions-Duv_PHLl.js                             10.15 kB │ gzip:   3.10 kB
dist/assets/trade-subjects-CTyoPV6P.js                                   10.23 kB │ gzip:   3.72 kB
dist/assets/production-return-fulfillment-GE0fEl2t.js                    10.44 kB │ gzip:   3.97 kB
dist/assets/settings-Bg5AkWDr.js                                         10.69 kB │ gzip:   3.23 kB
dist/assets/product-skus-B5kGsXum.js                                     10.71 kB │ gzip:   4.13 kB
dist/assets/pms-handlers-D-0xThAb.js                                     10.76 kB │ gzip:   2.39 kB
dist/assets/transit-receipts-jLHv3URm.js                                 10.96 kB │ gzip:   4.01 kB
dist/assets/task-breakdown-DXca84Ln.js                                   11.05 kB │ gzip:   4.07 kB
dist/assets/presentation-B7DJtRMV.js                                     11.17 kB │ gzip:   4.59 kB
dist/assets/material-transfers-CDBbE7mX.js                               11.32 kB │ gzip:   3.93 kB
dist/assets/pda-exec-link-BPW4ITI1.js                                    11.32 kB │ gzip:   3.69 kB
dist/assets/tasks-D8keYmrO.js                                            11.34 kB │ gzip:   4.36 kB
dist/assets/material-prep-8mOo1h03.js                                    11.40 kB │ gzip:   2.68 kB
dist/assets/dyeing-warehouse-view-BMhevX-n.js                            11.46 kB │ gzip:   3.94 kB
dist/assets/warehouses-BVx_eyXR.js                                       11.71 kB │ gzip:   4.22 kB
dist/assets/process-statistics-domain-DyJF-SYr.js                        12.19 kB │ gzip:   3.97 kB
dist/assets/pickup-management-runtime-CSYj2zFF.js                        12.20 kB │ gzip:   4.71 kB
dist/assets/task-execution-adapter-Bb6AAxfV.js                           12.22 kB │ gzip:   3.67 kB
dist/assets/bom-detail-3nOJTYXQ.js                                       12.33 kB │ gzip:   4.32 kB
dist/assets/wls-inbound-DNG5mQ6X.js                                      12.37 kB │ gzip:   4.76 kB
dist/assets/returns-SbFfOBRU.js                                          12.44 kB │ gzip:   4.60 kB
dist/assets/handover-print-br4qN7B1.js                                   12.46 kB │ gzip:   4.50 kB
dist/assets/cut-piece-return-warehouse-DNygsXYg.js                       12.52 kB │ gzip:   4.39 kB
dist/assets/pcs-handlers-Bw7Y99FO.js                                     12.69 kB │ gzip:   2.89 kB
dist/assets/context-69DI69-8.js                                          13.01 kB │ gzip:   4.59 kB
dist/assets/handover-records-CpzalTGW.js                                 13.15 kB │ gzip:   4.13 kB
dist/assets/meta-mD6BbR_q.js                                             13.16 kB │ gzip:   2.95 kB
dist/assets/tmf-base-demo-5lRuXe2c.js                                    13.17 kB │ gzip:   4.74 kB
dist/assets/supplements-CT6kJq4R.js                                      13.18 kB │ gzip:   4.75 kB
dist/assets/wls-finished-inbound-DDSNB2Ch.js                             13.21 kB │ gzip:   5.02 kB
dist/assets/design-revision-process-work-order-adapter-BL-H5fVP.js       13.27 kB │ gzip:   3.84 kB
dist/assets/pda-start-link-CsPL7-iT.js                                   13.37 kB │ gzip:   4.73 kB
dist/assets/responsibility-transfers-Dy56ulEa.js                         13.41 kB │ gzip:   5.05 kB
dist/assets/work-orders-w7-idLh7.js                                      13.88 kB │ gzip:   4.69 kB
dist/assets/work-orders-MkYPNLrc.js                                      13.99 kB │ gzip:   5.19 kB
dist/assets/workbench-BfjYmBEn.js                                        14.07 kB │ gzip:   4.07 kB
dist/assets/work-order-detail-BD8J03Xa.js                                14.17 kB │ gzip:   4.49 kB
dist/assets/mobile-execution-task-index-Dzewska7.js                      14.21 kB │ gzip:   3.79 kB
dist/assets/post-finishing-qc-print-template-2piWf9au.js                 14.45 kB │ gzip:   4.45 kB
dist/assets/printing-sheet-template-B6oiLomT.js                          14.51 kB │ gzip:   5.02 kB
dist/assets/work-orders-DTbu7jXJ.js                                      14.72 kB │ gzip:   4.77 kB
dist/assets/reports-GyMhPJEE.js                                          14.83 kB │ gzip:   3.57 kB
dist/assets/full-flow-print-vYNue68q.js                                  14.93 kB │ gzip:   4.85 kB
dist/assets/progress-handover-order-BUUEY0eJ.js                          15.10 kB │ gzip:   4.31 kB
dist/assets/cut-order-release-integration-D8UKNxR_.js                    15.34 kB │ gzip:   5.44 kB
dist/assets/outbound-orders-D_P3HhZi.js                                  15.38 kB │ gzip:   4.94 kB
dist/assets/machines-Dor7GyW1.js                                         15.39 kB │ gzip:   5.04 kB
dist/assets/replacement-fabric-repository-SloAvrPr.js                    15.45 kB │ gzip:   5.89 kB
dist/assets/pda-cutting-task-detail-B11Avm9g.js                          15.58 kB │ gzip:   5.43 kB
dist/assets/pcs-engineering-tech-pack-workspace-BT5vVlep.js              15.82 kB │ gzip:   5.66 kB
dist/assets/process-web-status-actions-C_H1GcqS.js                       15.97 kB │ gzip:   4.23 kB
dist/assets/simple-cut-piece-handover-fixtures-Bm_xlEqA.js               15.97 kB │ gzip:   5.31 kB
dist/assets/cut-order-supplement-fixture-vxuN0a7P.js                     15.97 kB │ gzip:   4.83 kB
dist/assets/pda-sewing-self-return--YK4yrei.js                           16.03 kB │ gzip:   5.29 kB
dist/assets/progress-cutting-detail-CwosU5O7.js                          16.07 kB │ gzip:   3.80 kB
dist/assets/handover-ledger-view-Bbb0u_3C.js                             16.17 kB │ gzip:   4.44 kB
dist/assets/wls-garment-relabel-tasks-BKZZAY2O.js                        16.24 kB │ gzip:   5.33 kB
dist/assets/garment-spu-replacement-BFnm-X7r.js                          16.36 kB │ gzip:   5.01 kB
dist/assets/pda-notify-due-soon-B3n-KJsL.js                              16.58 kB │ gzip:   5.56 kB
dist/assets/suppliers-CF8Vrskm.js                                        16.77 kB │ gzip:   4.64 kB
dist/assets/material-requirements-BMRRsnzd.js                            16.81 kB │ gzip:   5.68 kB
dist/assets/part-ticket-records-DoNAeS9q.js                              16.84 kB │ gzip:   6.32 kB
dist/assets/events-BKdudr-m.js                                           17.01 kB │ gzip:   6.67 kB
dist/assets/sewing-cut-piece-return-workflow-D9esGsJQ.js                 17.21 kB │ gzip:   6.09 kB
dist/assets/production-confirmation-ClNfBzZ9.js                          17.25 kB │ gzip:   5.89 kB
dist/assets/warehouse-CtltiO3g.js                                        17.46 kB │ gzip:   5.43 kB
dist/assets/marker-spreading-projection-BNjlaKZJ.js                      17.48 kB │ gzip:   5.53 kB
dist/assets/output-stock-BFPaZYjc.js                                     17.52 kB │ gzip:   6.60 kB
dist/assets/sewing-cut-piece-responsibility-BhBFUJRl.js                  17.58 kB │ gzip:   5.27 kB
dist/assets/bom-detail-D-0gFa6z.js                                       17.76 kB │ gzip:   5.73 kB
dist/assets/process-mobile-task-binding-BZvWR9d6.js                      17.79 kB │ gzip:   6.19 kB
dist/assets/pcs-testing-order-detail-CIhTr2cS.js                         18.17 kB │ gzip:   5.13 kB
dist/assets/adjustments-BDLW51zr.js                                      18.19 kB │ gzip:   5.50 kB
dist/assets/pda-warehouse-inbound-records-CLCv6xfA.js                    18.23 kB │ gzip:   5.13 kB
dist/assets/purchase-demands-BAiRoxdx.js                                 18.29 kB │ gzip:   5.86 kB
dist/assets/platform-process-result-view-B8483PT9.js                     18.53 kB │ gzip:   5.32 kB
dist/assets/store-domain-statement-source-adapter-CZ5vSNd7.js            18.56 kB │ gzip:   5.31 kB
dist/assets/sewing-outsourcing-workbench-XI8YsVO3.js                     18.67 kB │ gzip:   6.48 kB
dist/assets/pda-warehouse-outbound-records-CJbUCs8L.js                   18.74 kB │ gzip:   5.35 kB
dist/assets/pda-warehouse-shared-CxvLhy5-.js                             18.74 kB │ gzip:   5.59 kB
dist/assets/task-orders-CaCIpB5F.js                                      18.77 kB │ gzip:   6.34 kB
dist/assets/process-water-soluble-orders-08uUFvA2.js                     18.84 kB │ gzip:   5.74 kB
dist/assets/pda-handlers-TjGe9Amr.js                                     18.93 kB │ gzip:   5.06 kB
dist/assets/materials-BA_owAdW.js                                        18.93 kB │ gzip:   4.79 kB
dist/assets/production-demand-early-process-work-orders-CCusPwc-.js      18.93 kB │ gzip:   5.65 kB
dist/assets/print-preview-B_fRbCCr.js                                    18.96 kB │ gzip:   6.83 kB
dist/assets/kol-goto-pda-domain-CH5BORaZ.js                              19.20 kB │ gzip:   6.54 kB
dist/assets/platform.adapter-DbKlc_fr.js                                 19.25 kB │ gzip:   6.09 kB
dist/assets/shared-DatPmhwG.js                                           19.47 kB │ gzip:   5.27 kB
dist/assets/product-purchase-orders-Cg5SKldL.js                          19.50 kB │ gzip:   5.76 kB
dist/assets/stage-display-DOPLTZr5.js                                    19.66 kB │ gzip:   6.94 kB
dist/assets/audit-records-DwbyBDi2.js                                    19.69 kB │ gzip:   6.37 kB
dist/assets/units-BfBCavlg.js                                            19.70 kB │ gzip:   5.89 kB
dist/assets/factory-sample-verification-flow-b0gkS0wx.js                 19.86 kB │ gzip:   4.87 kB
dist/assets/index-BbHBeeuN.js                                            20.17 kB │ gzip:   5.20 kB
dist/assets/material-purchase-tracking-ry8rMIlM.js                       20.29 kB │ gzip:   6.35 kB
dist/assets/deduction-analysis-Dhfo5KJT.js                               20.64 kB │ gzip:   5.85 kB
dist/assets/overview.adapter-6ce1Kr-J.js                                 20.65 kB │ gzip:   6.53 kB
dist/assets/fei-ticket-numbering-BekvszTq.js                             20.69 kB │ gzip:   5.71 kB
dist/assets/events-Dz98aCqI.js                                           21.11 kB │ gzip:   6.53 kB
dist/assets/order-list-columns-CIgFWzQi.js                               21.12 kB │ gzip:   6.60 kB
dist/assets/work-order-detail-CzzQYQ0A.js                                21.22 kB │ gzip:   6.68 kB
dist/assets/suppliers-B8OJWtrn.js                                        21.39 kB │ gzip:   6.82 kB
dist/assets/cut-piece-returns-sHQYRds3.js                                21.63 kB │ gzip:   6.51 kB
dist/assets/cut-piece-handover-FgLd57Qu.js                               21.79 kB │ gzip:   6.95 kB
dist/assets/tmf-domain-shared-fL8UUXJ2.js                                21.88 kB │ gzip:   8.26 kB
dist/assets/replacement-fabric-fei-tickets-Dk5LWysn.js                   22.04 kB │ gzip:   8.37 kB
dist/assets/material-issue-DdxIe9kC.js                                   22.07 kB │ gzip:   5.19 kB
dist/assets/tasks-DOmTYRyC.js                                            22.07 kB │ gzip:   6.99 kB
dist/assets/pms-purchase-orders-SuxHynR0.js                              22.07 kB │ gzip:   6.46 kB
dist/assets/progress-cutting-overview-CdpI5uUx.js                        22.10 kB │ gzip:   5.03 kB
dist/assets/routes-wls-vykH7PM3.js                                       22.24 kB │ gzip:   7.22 kB
dist/assets/qc-workbench-VR0ileY2.js                                     22.36 kB │ gzip:   6.91 kB
dist/assets/warehouse-location-map-model-DbtqM3tw.js                     22.52 kB │ gzip:   7.14 kB
dist/assets/recheck-orders-CdIDQxJp.js                                   22.54 kB │ gzip:   7.08 kB
dist/assets/subject-operations-BVBmszC2.js                               22.58 kB │ gzip:   7.01 kB
dist/assets/production-order-duration-D18BliWp.js                        22.58 kB │ gzip:   8.59 kB
dist/assets/material-statements-C52cNPn8.js                              22.75 kB │ gzip:   6.01 kB
dist/assets/progress-statistics-linkage-C49Htp12.js                      22.82 kB │ gzip:   6.52 kB
dist/assets/purchase-suggestions-B4WCGdVr.js                             23.22 kB │ gzip:   7.25 kB
dist/assets/pcs-engineering-master-view-model-Dv6-73hm.js                23.32 kB │ gzip:   7.74 kB
dist/assets/process-order-task-links-gnFmefp_.js                         23.57 kB │ gzip:   6.44 kB
dist/assets/process-print-orders-Eo2MjIgG.js                             23.72 kB │ gzip:   7.77 kB
dist/assets/dye-work-order-online-view-BcK1NU1p.js                       23.86 kB │ gzip:   8.10 kB
dist/assets/process-dye-orders-DLGFC5pe.js                               23.89 kB │ gzip:   7.84 kB
dist/assets/material-purchase-orders-CF8XXehT.js                         24.20 kB │ gzip:   7.63 kB
dist/assets/qc-orders-BybDjN5J.js                                        24.30 kB │ gzip:   7.60 kB
dist/assets/machine-associations-Bo0Lk1WM.js                             24.50 kB │ gzip:   7.27 kB
dist/assets/fcs-production-tech-pack-snapshot-FbQw_ARI.js                24.62 kB │ gzip:   6.18 kB
dist/assets/retired-process-history-9roOk6B4.js                          24.79 kB │ gzip:   6.43 kB
dist/assets/dialogs-BB64Gvfc.js                                          24.87 kB │ gzip:   6.15 kB
dist/assets/wls-fabric-demand-board-lmTa2oeJ.js                          25.09 kB │ gzip:   6.87 kB
dist/assets/material-preparation-BaarKwM2.js                             25.13 kB │ gzip:   8.76 kB
dist/assets/kol-demands-Dd3ASaUT.js                                      25.30 kB │ gzip:   7.35 kB
dist/assets/supplier-supply-archives-DvD61R7K.js                         25.59 kB │ gzip:   7.43 kB
dist/assets/pda-warehouse-wait-handover-CO_IR9xV.js                      25.69 kB │ gzip:   6.41 kB
dist/assets/progress-milestone-config-eVECbEQA.js                        26.47 kB │ gzip:   5.67 kB
dist/assets/sample-approval-suggestions-C9QkKj2p.js                      26.65 kB │ gzip:   8.18 kB
dist/assets/simple-cut-piece-handover-ui-DVTmcQaq.js                     26.70 kB │ gzip:   9.98 kB
dist/assets/marker-spreading-utils-N9UW5W7S.js                           26.72 kB │ gzip:   7.82 kB
dist/assets/pcs-channel-products-x8ymSMMk.js                             26.73 kB │ gzip:   7.17 kB
dist/assets/sample-warehouse-SegwuoE7.js                                 26.76 kB │ gzip:   6.66 kB
dist/assets/warehouse-location-map-CTu0Um1c.js                           27.06 kB │ gzip:   7.08 kB
dist/assets/third-party-factory-rating-BQJDDTZe.js                       27.07 kB │ gzip:   7.59 kB
dist/assets/pcs-pattern-library-detail-LZ1zArd1.js                       27.62 kB │ gzip:   6.58 kB
dist/assets/pda-wool-fact-execution-CM2e-9yd.js                          27.84 kB │ gzip:   9.27 kB
dist/assets/warehouse-ofXLzCdp.js                                        28.13 kB │ gzip:   9.36 kB
dist/assets/pcs-engineering-master-list-DCuiLvcC.js                      28.21 kB │ gzip:   9.83 kB
dist/assets/print-styles-BjQBw8jj.js                                     28.31 kB │ gzip:   4.01 kB
dist/assets/factory-status-DJnTKzel.js                                   28.43 kB │ gzip:   6.03 kB
dist/assets/pcs-engineering-master-detail-Cu8dp0VC.js                    28.55 kB │ gzip:   8.37 kB
dist/assets/marker-plan-source-model-DFku1nwZ.js                         28.92 kB │ gzip:   8.47 kB
dist/assets/logistics-reconciliations-D7W29HNQ.js                        28.93 kB │ gzip:   8.90 kB
dist/assets/progress-cutting-exception-center-CvBgWqBm.js                29.17 kB │ gzip:   6.49 kB
dist/assets/material-reconciliations-DXoGqi39.js                         29.38 kB │ gzip:   8.90 kB
dist/assets/production-order-progress-tracking-BrQPW1gp.js               29.71 kB │ gzip:   9.93 kB
dist/assets/early-process-management-BQzoI_Ku.js                         30.06 kB │ gzip:   7.55 kB
dist/assets/handover-orders-x0lMPSr6.js                                  30.73 kB │ gzip:   8.48 kB
dist/assets/pcs-config-workspace-BIJJSZo3.js                             30.79 kB │ gzip:   6.79 kB
dist/assets/capability-D7pJ78mx.js                                       31.65 kB │ gzip:   6.70 kB
dist/assets/material-archives-aRLm0tyu.js                                31.91 kB │ gzip:   7.92 kB
dist/assets/factory-performance-GchyQ3Jf.js                              32.31 kB │ gzip:   6.75 kB
dist/assets/garment-spu-replacements-CWK5EYf1.js                         32.35 kB │ gzip:   9.10 kB
dist/assets/task-detail-Cq4kxD8s.js                                      32.46 kB │ gzip:   9.61 kB
dist/assets/dialogs-11rIBxWw.js                                          32.55 kB │ gzip:   9.78 kB
dist/assets/pda-shell-DEGu_b9q.js                                        33.15 kB │ gzip:   8.82 kB
dist/assets/process-warehouse-domain-BwXOvycV.js                         33.16 kB │ gzip:   7.56 kB
dist/assets/cut-piece-return-domain-DYP-91p1.js                          33.38 kB │ gzip:   9.91 kB
dist/assets/store-domain-settlement-seeds-B_NehrjR.js                    33.63 kB │ gzip:   8.98 kB
dist/assets/pcs-pattern-library-cioSI4r_.js                              33.68 kB │ gzip:   7.65 kB
dist/assets/warehouse-runtime-CWF1ofVT.js                                33.76 kB │ gzip:   8.65 kB
dist/assets/payment-requests-DIvxVEcR.js                                 34.01 kB │ gzip:   8.92 kB
dist/assets/stage-orders-Bb7N7nle.js                                     34.18 kB │ gzip:  10.46 kB
dist/assets/stage-order-detail-6cQ2l-li.js                               34.53 kB │ gzip:  10.00 kB
dist/assets/pda-warehouse-stocktake-C5F6-2DB.js                          34.54 kB │ gzip:   8.67 kB
dist/assets/first-leg-logistics-D46r23Rj.js                              34.57 kB │ gzip:   9.04 kB
dist/assets/pda-cutting-inbound-Dd_Ay0Aq.js                              34.64 kB │ gzip:  10.49 kB
dist/assets/work-order-detail-DFVSlPtP.js                                34.65 kB │ gzip:   9.42 kB
dist/assets/pda-post-finishing-flow-D94jnTSq.js                          34.83 kB │ gzip:   9.30 kB
dist/assets/pda-cutting-handover-C5Edj-V5.js                             34.86 kB │ gzip:  10.63 kB
dist/assets/dispatch-acceptance-sla-ABbThD8H.js                          34.95 kB │ gzip:   7.90 kB
dist/assets/work-orders-DAAWAohd.js                                      34.96 kB │ gzip:  11.72 kB
dist/assets/pending-receipts-wr1zk3vO.js                                 35.31 kB │ gzip:  10.63 kB
dist/assets/pda-task-receive-detail-BDa5m0Zw.js                          35.77 kB │ gzip:   8.64 kB
dist/assets/water-soluble-orders-B1WUhX8K.js                             35.89 kB │ gzip:  10.78 kB
dist/assets/work-order-detail-DioYRaH3.js                                36.12 kB │ gzip:   9.66 kB
dist/assets/pcs-technical-data-DaHPNkzd.js                               36.88 kB │ gzip:   9.86 kB
dist/assets/pcs-pattern-library-create-Bc78trlJ.js                       36.93 kB │ gzip:   8.64 kB
dist/assets/special-processes-B4JETEM3.js                                37.28 kB │ gzip:   9.54 kB
dist/assets/first-leg-carriers-CQjgFv4W.js                               37.45 kB │ gzip:   9.93 kB
dist/assets/pda-cutting-transfer-bag-repack-DVMbE1Dj.js                  37.47 kB │ gzip:  10.65 kB
dist/assets/third-party-factory-comprehensive-assessment-BToTzSCy.js     37.47 kB │ gzip:  11.06 kB
dist/assets/pda-quality-ArAflvjN.js                                      37.48 kB │ gzip:   9.81 kB
dist/assets/product-purchase-orders-C0BM_cAl.js                          37.57 kB │ gzip:   9.21 kB
dist/assets/wait-handover-runtime-CK4ADBQ6.js                            37.84 kB │ gzip:  10.62 kB
dist/assets/cutting-statistics-ab-material-C0Y4_OlW.js                   38.13 kB │ gzip:   8.64 kB
dist/assets/payment-requests-C6bki1Mr.js                                 38.21 kB │ gzip:   9.97 kB
dist/assets/warehouse-4sIIeK_6.js                                        38.57 kB │ gzip:  10.93 kB
dist/assets/material-purchase-orders-Cd6hfxEF.js                         39.01 kB │ gzip:  11.72 kB
dist/assets/semi-finished-orders-C-TBbmgV.js                             39.06 kB │ gzip:  11.85 kB
dist/assets/fcs-handlers-DckcmbSK.js                                     39.73 kB │ gzip:  11.95 kB
dist/assets/first-leg-shipments-Dn12UKG6.js                              39.89 kB │ gzip:   9.89 kB
dist/assets/pending-receipts-BTPAQDtt.js                                 41.04 kB │ gzip:  14.88 kB
dist/assets/warehouse-DDffe4mP.js                                        44.15 kB │ gzip:  11.20 kB
dist/assets/cutting-summary-C2pSPSzk.js                                  44.17 kB │ gzip:  11.54 kB
dist/assets/demand-domain-CEFJZJ--.js                                    45.63 kB │ gzip:  10.30 kB
dist/assets/warehouse-ClVHEVi3.js                                        46.26 kB │ gzip:  10.78 kB
dist/assets/batches-C4q_vX81.js                                          46.45 kB │ gzip:   9.86 kB
dist/assets/engineering-file-upload-Bdzvx9LB.js                          46.76 kB │ gzip:  14.45 kB
dist/assets/dyeing-CBDb13fT.js                                           47.49 kB │ gzip:  10.20 kB
dist/assets/printing-BDwt0Kcj.js                                         47.49 kB │ gzip:  10.20 kB
dist/assets/other-BRMAjlc9.js                                            47.50 kB │ gzip:  10.22 kB
dist/assets/settlement-linked-mock-factory-tfJDllPc.js                   47.63 kB │ gzip:  14.44 kB
dist/assets/handover-orders-Dw1krEzH.js                                  48.29 kB │ gzip:   9.56 kB
dist/assets/sewing-BxVIpwWE.js                                           48.51 kB │ gzip:  10.55 kB
dist/assets/dispatch-tenders-BOp5tDi4.js                                 48.58 kB │ gzip:  12.74 kB
dist/assets/progress-material-DRp_HlTp.js                                48.76 kB │ gzip:   9.37 kB
dist/assets/material-inventory-DwGEqP4U.js                               48.96 kB │ gzip:  12.56 kB
dist/assets/label-print-template-C-5g_GYT.js                             49.14 kB │ gzip:  14.11 kB
dist/assets/work-order-detail-CWZE_2QF.js                                49.19 kB │ gzip:  15.54 kB
dist/assets/supplier-confirmations-CJQEcL5N.js                           50.01 kB │ gzip:  12.93 kB
dist/assets/pda-task-receive-UrJ3w8AB.js                                 50.37 kB │ gzip:  12.61 kB
dist/assets/pda-cutting-execution-source-DDLgtxzo.js                     50.44 kB │ gzip:  13.62 kB
dist/assets/pda-onboarding-D_G7LFi6.js                                   50.56 kB │ gzip:  10.79 kB
dist/assets/pda-handover-Bbiz0ub5.js                                     51.58 kB │ gzip:  13.61 kB
dist/assets/marker-plan-model-CWDcq115.js                                51.70 kB │ gzip:  14.79 kB
dist/assets/store-domain-progress-CeybcKxn.js                            53.10 kB │ gzip:  11.77 kB
dist/assets/settlement-cutting-input-MG4Z79py.js                         53.64 kB │ gzip:  11.06 kB
dist/assets/lace-factory-domain-BBNpHDul.js                              53.68 kB │ gzip:  13.40 kB
dist/assets/pcs-part-template-library-BdQ6q9i6.js                        53.81 kB │ gzip:  11.09 kB
dist/assets/pcs-material-archives-eKtPbl7O.js                            55.31 kB │ gzip:  13.20 kB
dist/assets/progress-urge-CCnQFx0w.js                                    56.39 kB │ gzip:  11.41 kB
dist/assets/warehouse-location-map-_S91roEj.js                           56.80 kB │ gzip:  16.84 kB
dist/assets/marker-plan-occupancy-CHvhqUQh.js                            57.19 kB │ gzip:  16.04 kB
dist/assets/pda-cutting-spreading-DiaGspGh.js                            57.72 kB │ gzip:  13.54 kB
dist/assets/wls-accessory-receipts-YeQlte90.js                           58.45 kB │ gzip:  14.84 kB
dist/assets/domain-snapshot-BGF9MHbe.js                                  59.68 kB │ gzip:  15.95 kB
dist/assets/cut-piece-release-DAzlwqh2.js                                60.14 kB │ gzip:  15.85 kB
dist/assets/pda-settlement-CHBzWZ_C.js                                   60.16 kB │ gzip:  13.69 kB
dist/assets/factory-profile-BSNbC9QT.js                                  61.16 kB │ gzip:  14.05 kB
dist/assets/pickup-management-list-Cw8u4GLI.js                           61.52 kB │ gzip:  17.15 kB
dist/assets/routes-fcs-DxfEB_M5.js                                       62.11 kB │ gzip:  12.96 kB
dist/assets/cutting-D-zfp00t.js                                          62.83 kB │ gzip:  12.97 kB
dist/assets/special-craft-fei-ticket-flow-D08ipckZ.js                    63.34 kB │ gzip:  14.37 kB
dist/assets/progress-handover-BLFc3qzi.js                                63.86 kB │ gzip:  13.58 kB
dist/assets/production-object-overview-BVG3xFCw.js                       66.10 kB │ gzip:  13.59 kB
dist/assets/output-documents-CRewJ9vD.js                                 66.89 kB │ gzip:  22.98 kB
dist/assets/core-DHULsW2P.js                                             67.62 kB │ gzip:  12.58 kB
dist/assets/cutting-daily-production-report-BXY51HPu.js                  68.18 kB │ gzip:  19.10 kB
dist/assets/pda-exec-BDqf-kYp.js                                         68.27 kB │ gzip:  15.63 kB
dist/assets/pcs-channel-stores-Njl5UHM9.js                               69.26 kB │ gzip:  14.32 kB
dist/assets/context-D6IjftAk.js                                          69.58 kB │ gzip:  21.39 kB
dist/assets/sewing-dispatch-BOS0IfUk.js                                  70.19 kB │ gzip:  18.35 kB
dist/assets/progress-exceptions-BTsAThhI.js                              70.38 kB │ gzip:  13.31 kB
dist/assets/qc-records-CFaEHylQ.js                                       71.08 kB │ gzip:  15.98 kB
dist/assets/pcs-engineering-tasks-B_jNuqu2.js                            71.36 kB │ gzip:  17.07 kB
dist/assets/production-object-overview-BuNpkls9.js                       71.57 kB │ gzip:  16.69 kB
dist/assets/wait-handover-actions-BgRDftCA.js                            73.16 kB │ gzip:  18.65 kB
dist/assets/pcs-sample-management-DxZQeokE.js                            74.38 kB │ gzip:  17.28 kB
dist/assets/factory-onboarding-DAb2DKkA.js                               75.25 kB │ gzip:  12.68 kB
dist/assets/settlement-BEagmZvZ.js                                       75.58 kB │ gzip:  11.56 kB
dist/assets/dialogs-DK0eiuH4.js                                          75.66 kB │ gzip:  18.69 kB
dist/assets/pda-handover-detail-BsIydS8U.js                              75.97 kB │ gzip:  18.67 kB
dist/assets/transfer-bags--Nw7PT5W.js                                    76.02 kB │ gzip:  19.63 kB
dist/assets/orders-domain-BhKYnk64.js                                    76.23 kB │ gzip:  16.86 kB
dist/assets/runtime-projections-THBno7k_.js                              78.02 kB │ gzip:  18.43 kB
dist/assets/process-action-writeback-service-BNBepfbD.js                 78.08 kB │ gzip:  17.83 kB
dist/assets/transfer-bag-operations-Bwu_nc1m.js                          78.60 kB │ gzip:  19.48 kB
dist/assets/production-progress-DNPVAUIG.js                              80.71 kB │ gzip:  20.37 kB
dist/assets/pda-warehouse-wait-process-e4cyl6St.js                       87.37 kB │ gzip:  21.15 kB
dist/assets/events-C6ruAcZu.js                                           90.26 kB │ gzip:  22.28 kB
dist/assets/factory-onboarding-flow-DY6fQ0hd.js                          90.59 kB │ gzip:  23.31 kB
dist/assets/dispatch-BoKzXJ6r.js                                         92.27 kB │ gzip:  28.12 kB
dist/assets/tmf-material-purchases-V69tS2ou.js                           94.11 kB │ gzip:  24.36 kB
dist/assets/cut-orders-oV0EBqKD.js                                       94.78 kB │ gzip:  24.44 kB
dist/assets/pcs-independent-sampling-D28PcTCc.js                         96.98 kB │ gzip:  26.97 kB
dist/assets/special-craft-task-orders-WZ2Wd7IF.js                        99.32 kB │ gzip:  26.84 kB
dist/assets/pcs-product-archives-Drv6BeU5.js                            107.68 kB │ gzip:  21.99 kB
dist/assets/index-DiRuiH3q.js                                           109.47 kB │ gzip:  39.86 kB
dist/assets/app-shared-CPz9CE3D.js                                      111.85 kB │ gzip:  27.95 kB
dist/assets/supplement-management-8tysYuIk.js                           113.26 kB │ gzip:  29.93 kB
dist/assets/transfer-bag-return-model-CfrrEqLs.js                       115.35 kB │ gzip:  27.25 kB
dist/assets/statements-V7HKHczQ.js                                      119.56 kB │ gzip:  24.47 kB
dist/assets/events-DsRFpyZV.js                                          121.42 kB │ gzip:  31.34 kB
dist/assets/unified-dispatch-workbench-DMjNuMYx.js                      121.57 kB │ gzip:  34.08 kB
dist/assets/context-CQNu6KVE.js                                         133.03 kB │ gzip:  34.41 kB
dist/assets/production-sqXDSsk4.js                                      134.17 kB │ gzip:  27.50 kB
dist/assets/process-domain-CXjefpoG.js                                  138.98 kB │ gzip:  25.98 kB
dist/assets/warehouse-hub-DTLDFo3D.js                                   140.79 kB │ gzip:  35.40 kB
dist/assets/generated-fei-tickets-BxPl8uIi.js                           142.80 kB │ gzip:  36.11 kB
dist/assets/preparation-timing-DHnws5vG.js                              145.97 kB │ gzip:  34.41 kB
dist/assets/marker-plan-D2dRpPTH.js                                     150.22 kB │ gzip:  35.44 kB
dist/assets/marker-spreading-9RNlaBZz.js                                154.71 kB │ gzip:  37.93 kB
dist/assets/return-inbound-lkIt36IQ.js                                  183.42 kB │ gzip:  33.52 kB
dist/assets/fei-tickets-4Me41Rld.js                                     198.88 kB │ gzip:  44.68 kB
dist/assets/index--GzcKvNw.js                                           210.12 kB │ gzip:  66.49 kB
dist/assets/print-template-registry-9BIrmJ5e.js                         213.68 kB │ gzip:  55.39 kB
dist/assets/index-C-kXdyvq.js                                           232.67 kB │ gzip:  54.27 kB
dist/assets/pda-exec-detail-2Chj4_0J.js                                 240.57 kB │ gzip:  56.47 kB
dist/assets/production-timeliness-B6qce6EN.js                           459.95 kB │ gzip: 115.04 kB
dist/assets/pda-ksuS9zZg.js                                             511.97 kB │ gzip:  85.41 kB
dist/assets/production-source-shared-y3sWEKov.js                      3,345.52 kB │ gzip: 769.76 kB

(!) Some chunks are larger than 550 kB after minification. Consider:
- Using dynamic import() to code-split the application
- Use build.rollupOptions.output.manualChunks to improve chunking: https://rollupjs.org/configuration-options/#output-manualchunks
- Adjust chunk size limit for this warning via build.chunkSizeWarningLimit.
✓ built in 13.65s
