vite v6.4.3 building for production...
transforming...
✓ 2718 modules transformed.
rendering chunks...
[plugin vite:reporter] 
(!) /private/tmp/higoods-replacement-fabric-release-20260925/src/data/app-shell-config.ts is dynamically imported by /private/tmp/higoods-replacement-fabric-release-20260925/src/router/routes.ts but also statically imported by /private/tmp/higoods-replacement-fabric-release-20260925/src/components/shell.ts, /private/tmp/higoods-replacement-fabric-release-20260925/src/state/store.ts, dynamic import will not move module into another chunk.

[plugin vite:reporter] 
(!) /private/tmp/higoods-replacement-fabric-release-20260925/src/components/production-object-floating-entry.ts is dynamically imported by /private/tmp/higoods-replacement-fabric-release-20260925/src/main.ts but also statically imported by /private/tmp/higoods-replacement-fabric-release-20260925/src/components/shell.ts, dynamic import will not move module into another chunk.

[plugin vite:reporter] 
(!) /private/tmp/higoods-replacement-fabric-release-20260925/src/data/fcs/cutting/cutting-record-identity.ts is dynamically imported by /private/tmp/higoods-replacement-fabric-release-20260925/src/data/fcs/cutting/cutting-record-repository.ts but also statically imported by /private/tmp/higoods-replacement-fabric-release-20260925/src/data/fcs/cutting/cutting-event-migration.ts, /private/tmp/higoods-replacement-fabric-release-20260925/src/data/fcs/cutting/cutting-file-maintenance.ts, /private/tmp/higoods-replacement-fabric-release-20260925/src/data/fcs/cutting/part-ticket-records.ts, /private/tmp/higoods-replacement-fabric-release-20260925/src/data/fcs/cutting/replacement-fabric-fei-tickets.ts, /private/tmp/higoods-replacement-fabric-release-20260925/src/data/fcs/cutting/replacement-fabric-repository.ts, /private/tmp/higoods-replacement-fabric-release-20260925/src/data/fcs/cutting/retired-cut-piece-pickup-history.ts, /private/tmp/higoods-replacement-fabric-release-20260925/src/data/fcs/production-context-actions.ts, /private/tmp/higoods-replacement-fabric-release-20260925/src/data/fcs/production-context-records.ts, /private/tmp/higoods-replacement-fabric-release-20260925/src/pages/pda-cutting-save.ts, /private/tmp/higoods-replacement-fabric-release-20260925/src/pages/print/replacement-fabric-preview.ts, /private/tmp/higoods-replacement-fabric-release-20260925/src/pages/process-factory/cutting/replacement-fabric-fei-tickets.ts, /private/tmp/higoods-replacement-fabric-release-20260925/src/pages/process-factory/cutting/transfer-bags/state.ts, /private/tmp/higoods-replacement-fabric-release-20260925/src/pages/process-factory/cutting/wait-handover-actions.ts, /private/tmp/higoods-replacement-fabric-release-20260925/src/pages/production-contract-print.ts, /private/tmp/higoods-replacement-fabric-release-20260925/src/pages/unified-dispatch-workbench.ts, dynamic import will not move module into another chunk.

[plugin vite:reporter] 
(!) /private/tmp/higoods-replacement-fabric-release-20260925/src/data/fcs/production-context-records.ts is dynamically imported by /private/tmp/higoods-replacement-fabric-release-20260925/src/data/fcs/cutting/cutting-record-repository.ts, /private/tmp/higoods-replacement-fabric-release-20260925/src/main.ts but also statically imported by /private/tmp/higoods-replacement-fabric-release-20260925/src/data/fcs/cutting/cutting-event-repository.ts, /private/tmp/higoods-replacement-fabric-release-20260925/src/data/fcs/cutting/part-ticket-records.ts, /private/tmp/higoods-replacement-fabric-release-20260925/src/data/fcs/cutting/replacement-fabric-repository.ts, /private/tmp/higoods-replacement-fabric-release-20260925/src/data/fcs/cutting/replacement-fabric-source.ts, /private/tmp/higoods-replacement-fabric-release-20260925/src/data/fcs/cutting/retired-cut-piece-pickup-history.ts, /private/tmp/higoods-replacement-fabric-release-20260925/src/data/fcs/effective-task-assignments.ts, /private/tmp/higoods-replacement-fabric-release-20260925/src/data/fcs/pda-handover-events.ts, /private/tmp/higoods-replacement-fabric-release-20260925/src/data/fcs/production-context-actions.ts, /private/tmp/higoods-replacement-fabric-release-20260925/src/data/fcs/production-contracts.ts, /private/tmp/higoods-replacement-fabric-release-20260925/src/data/fcs/production-order-runtime-store.ts, /private/tmp/higoods-replacement-fabric-release-20260925/src/data/fcs/production-orders.ts, /private/tmp/higoods-replacement-fabric-release-20260925/src/data/fcs/runtime-process-tasks.ts, /private/tmp/higoods-replacement-fabric-release-20260925/src/data/fcs/sewing-outsourcing-responsibility.ts, /private/tmp/higoods-replacement-fabric-release-20260925/src/data/fcs/sewing-sample-approval-suggestion.ts, /private/tmp/higoods-replacement-fabric-release-20260925/src/pages/process-factory/cutting/replacement-fabric-data-tools.ts, /private/tmp/higoods-replacement-fabric-release-20260925/src/pages/production-context-recovery.ts, dynamic import will not move module into another chunk.

[plugin vite:reporter] 
(!) /private/tmp/higoods-replacement-fabric-release-20260925/src/data/fcs/printing-task-domain.ts is dynamically imported by /private/tmp/higoods-replacement-fabric-release-20260925/src/data/fcs/dyeing-task-domain.ts, /private/tmp/higoods-replacement-fabric-release-20260925/src/data/fcs/tmf-upstream-process-orders.ts, /private/tmp/higoods-replacement-fabric-release-20260925/src/data/pms/tmf-material-purchases.ts, /private/tmp/higoods-replacement-fabric-release-20260925/src/pages/process-factory/accessory/webbing/work-order-detail.ts, /private/tmp/higoods-replacement-fabric-release-20260925/src/pages/process-factory/accessory/webbing/work-order-detail.ts but also statically imported by /private/tmp/higoods-replacement-fabric-release-20260925/src/data/fcs/cutting/material-prep.ts, /private/tmp/higoods-replacement-fabric-release-20260925/src/data/fcs/cutting/supplement-node-facts.ts, /private/tmp/higoods-replacement-fabric-release-20260925/src/data/fcs/design-revision-material-transfer.ts, /private/tmp/higoods-replacement-fabric-release-20260925/src/data/fcs/design-revision-process-work-order-adapter.ts, /private/tmp/higoods-replacement-fabric-release-20260925/src/data/fcs/factory-receiving-links.ts, /private/tmp/higoods-replacement-fabric-release-20260925/src/data/fcs/factory-receiving-source-sync.ts, /private/tmp/higoods-replacement-fabric-release-20260925/src/data/fcs/mobile-execution-task-index.ts, /private/tmp/higoods-replacement-fabric-release-20260925/src/data/fcs/pda-start-link.ts, /private/tmp/higoods-replacement-fabric-release-20260925/src/data/fcs/printing-factory-demos.ts, /private/tmp/higoods-replacement-fabric-release-20260925/src/data/fcs/printing-material-receipts.ts, /private/tmp/higoods-replacement-fabric-release-20260925/src/data/fcs/printing-statistics.ts, /private/tmp/higoods-replacement-fabric-release-20260925/src/data/fcs/printing-warehouse-view.ts, /private/tmp/higoods-replacement-fabric-release-20260925/src/data/fcs/printing-work-order-business.ts, /private/tmp/higoods-replacement-fabric-release-20260925/src/data/fcs/process-action-writeback-service.ts, /private/tmp/higoods-replacement-fabric-release-20260925/src/data/fcs/process-execution-writeback.ts, /private/tmp/higoods-replacement-fabric-release-20260925/src/data/fcs/process-mobile-task-binding.ts, /private/tmp/higoods-replacement-fabric-release-20260925/src/data/fcs/process-warehouse-linkage-service.ts, /private/tmp/higoods-replacement-fabric-release-20260925/src/data/fcs/process-web-status-actions.ts, /private/tmp/higoods-replacement-fabric-release-20260925/src/data/fcs/process-work-order-domain.ts, /private/tmp/higoods-replacement-fabric-release-20260925/src/data/fcs/process-work-order-generation-service.ts, /private/tmp/higoods-replacement-fabric-release-20260925/src/data/fcs/production-demand-early-process-work-orders.ts, /private/tmp/higoods-replacement-fabric-release-20260925/src/data/fcs/production-object-overview.ts, /private/tmp/higoods-replacement-fabric-release-20260925/src/data/fcs/production-process-work-order-service.ts, /private/tmp/higoods-replacement-fabric-release-20260925/src/data/fcs/task-print-cards.ts, /private/tmp/higoods-replacement-fabric-release-20260925/src/pages/pcs-independent-sampling.ts, /private/tmp/higoods-replacement-fabric-release-20260925/src/pages/pda-exec-detail.ts, /private/tmp/higoods-replacement-fabric-release-20260925/src/pages/pda-exec.ts, /private/tmp/higoods-replacement-fabric-release-20260925/src/pages/pda-task-receive.ts, /private/tmp/higoods-replacement-fabric-release-20260925/src/pages/print/templates/printing-work-order-template.ts, /private/tmp/higoods-replacement-fabric-release-20260925/src/pages/process-factory/cutting/production-order-overview-projection.ts, /private/tmp/higoods-replacement-fabric-release-20260925/src/pages/process-factory/dyeing/pending-receipts.ts, /private/tmp/higoods-replacement-fabric-release-20260925/src/pages/process-factory/printing/dashboards.ts, /private/tmp/higoods-replacement-fabric-release-20260925/src/pages/process-factory/printing/dialogs.ts, /private/tmp/higoods-replacement-fabric-release-20260925/src/pages/process-factory/printing/dispatch.ts, /private/tmp/higoods-replacement-fabric-release-20260925/src/pages/process-factory/printing/events.ts, /private/tmp/higoods-replacement-fabric-release-20260925/src/pages/process-factory/printing/presentation.ts, /private/tmp/higoods-replacement-fabric-release-20260925/src/pages/process-factory/printing/shared.ts, /private/tmp/higoods-replacement-fabric-release-20260925/src/pages/process-factory/printing/statistics.ts, /private/tmp/higoods-replacement-fabric-release-20260925/src/pages/process-factory/printing/work-order-detail.ts, /private/tmp/higoods-replacement-fabric-release-20260925/src/pages/process-print-orders.ts, /private/tmp/higoods-replacement-fabric-release-20260925/src/pages/process-work-orders/early-process-management.ts, /private/tmp/higoods-replacement-fabric-release-20260925/src/pages/production/demand-domain.ts, /private/tmp/higoods-replacement-fabric-release-20260925/src/runtime/fcs/cutting/pickup-management-runtime.ts, dynamic import will not move module into another chunk.

computing gzip size...
dist/index.html                                                           1.25 kB │ gzip:   0.64 kB
dist/assets/pcs-pattern-parse.worker-B3_rAVMB.js                         18.52 kB
dist/assets/source-views-23Nr_RHD.css                                    34.63 kB │ gzip:   7.04 kB
dist/assets/index-DkHkpfSK.css                                          154.85 kB │ gzip:  25.42 kB
dist/assets/store-domain-quality-bootstrap-CbE9EP44.js                    0.38 kB │ gzip:   0.25 kB
dist/assets/sample-warehouse-projection-CR8-Vd1W.js                       0.39 kB │ gzip:   0.25 kB
dist/assets/dialogs-D9c1GTHe.js                                           0.58 kB │ gzip:   0.31 kB
dist/assets/pcs-style-demo-image-GDjoPqJf.js                              0.59 kB │ gzip:   0.28 kB
dist/assets/tech-pack-D3ve4XMq.js                                         0.63 kB │ gzip:   0.34 kB
dist/assets/badge-COBHuzHI.js                                             0.78 kB │ gzip:   0.42 kB
dist/assets/images-Q79qfJD0.js                                            0.80 kB │ gzip:   0.35 kB
dist/assets/pms-export-Cr9pPFGS.js                                        0.83 kB │ gzip:   0.50 kB
dist/assets/placeholder-CeaEs8h7.js                                       0.85 kB │ gzip:   0.47 kB
dist/assets/pda-cutting-save-B3FLCwM6.js                                  0.88 kB │ gzip:   0.60 kB
dist/assets/trace-BImKEKiG.js                                             0.89 kB │ gzip:   0.51 kB
dist/assets/execution-prep-projection-helpers-CJeGCa2m.js                 0.90 kB │ gzip:   0.44 kB
dist/assets/runtime-DY769RIr.js                                           0.90 kB │ gzip:   0.61 kB
dist/assets/history-DfTb2rzz.js                                           0.98 kB │ gzip:   0.63 kB
dist/assets/payment-sync-BQ49fcXS.js                                      1.01 kB │ gzip:   0.64 kB
dist/assets/print-service-CyrwQfQw.js                                     1.04 kB │ gzip:   0.52 kB
dist/assets/pda-sewing-self-return-mode-CVT5AEl1.js                       1.07 kB │ gzip:   0.54 kB
dist/assets/detail.adapter-f7cZxsz8.js                                    1.08 kB │ gzip:   0.68 kB
dist/assets/process-work-order-generation-service-C_-qWdDK.js             1.08 kB │ gzip:   0.66 kB
dist/assets/dyeing-material-receipts-BjTU5Vko.js                          1.11 kB │ gzip:   0.73 kB
dist/assets/pda-runtime-BePLPSXo.js                                       1.16 kB │ gzip:   0.64 kB
dist/assets/replacement-fabric-scan-DdDCsAoa.js                           1.28 kB │ gzip:   0.81 kB
dist/assets/overview-DGobkVS8.js                                          1.29 kB │ gzip:   0.71 kB
dist/assets/process-work-order-source-view-gEILcmij.js                    1.31 kB │ gzip:   0.58 kB
dist/assets/transfer-bag-handover-mock-xdm8y1QR.js                        1.31 kB │ gzip:   0.71 kB
dist/assets/work-order-action-policy-BITV8wZU.js                          1.34 kB │ gzip:   0.68 kB
dist/assets/dialogs-Cv0SGC6c.js                                           1.42 kB │ gzip:   0.62 kB
dist/assets/filter-bar-0sOy0Jmn.js                                        1.49 kB │ gzip:   0.81 kB
dist/assets/material-identity-Dh84yv5j.js                                 1.54 kB │ gzip:   0.85 kB
dist/assets/supplement-material-prep-demand-registry-DI-N3DvB.js          1.56 kB │ gzip:   0.75 kB
dist/assets/warehouse-shared-DvHX_dsY.js                                  1.57 kB │ gzip:   0.51 kB
dist/assets/pda-cutting-wait-handover-actions-BEetmINQ.js                 1.58 kB │ gzip:   0.62 kB
dist/assets/task-handover-domain-ZA_DeSPy.js                              1.58 kB │ gzip:   0.77 kB
dist/assets/task-chain-pages-adapter-CCTh9w9D.js                          1.72 kB │ gzip:   0.85 kB
dist/assets/real-qr-DmcTMJMX.js                                           1.74 kB │ gzip:   0.93 kB
dist/assets/work-order-detail-DBuklGvy.js                                 1.74 kB │ gzip:   0.81 kB
dist/assets/real-barcode-Dhpa5vvC.js                                      1.81 kB │ gzip:   0.96 kB
dist/assets/wool-pda-scan-1iOTjMu6.js                                     1.81 kB │ gzip:   1.00 kB
dist/assets/tmf-upstream-receiving-ZEx89g2_.js                            1.84 kB │ gzip:   1.14 kB
dist/assets/toast-CIWgHgH2.js                                             1.87 kB │ gzip:   0.90 kB
dist/assets/mixed-transfer-bag-ticket-DETTPWFm.js                         1.89 kB │ gzip:   0.79 kB
dist/assets/kol-goto-fixed-total-ledger-BhhlRDnl.js                       1.93 kB │ gzip:   0.93 kB
dist/assets/list-export-Bpthc1Yk.js                                       1.99 kB │ gzip:   1.18 kB
dist/assets/printing-sheet-preview-BNzwqblK.js                            2.03 kB │ gzip:   1.06 kB
dist/assets/confirmation-print-KFZZfriR.js                                2.04 kB │ gzip:   0.94 kB
dist/assets/table-COf1ato7.js                                             2.04 kB │ gzip:   1.02 kB
dist/assets/binding-process-pda-scan-tLhxSW8A.js                          2.18 kB │ gzip:   1.13 kB
dist/assets/cutting-file-maintenance-k8rCBeKG.js                          2.19 kB │ gzip:   1.17 kB
dist/assets/special-craft-pda-scope-eXq82JXn.js                           2.24 kB │ gzip:   1.02 kB
dist/assets/task-route-card-DFXKQeR-.js                                   2.30 kB │ gzip:   1.08 kB
dist/assets/mixed-bag-contents-p_6LnH9d.js                                2.33 kB │ gzip:   1.29 kB
dist/assets/production-context-recovery-D6Tsf38s.js                       2.36 kB │ gzip:   1.24 kB
dist/assets/task-delivery-card-BWDesMli.js                                2.36 kB │ gzip:   1.16 kB
dist/assets/production-contract-print-_TVdwK4d.js                         2.42 kB │ gzip:   1.37 kB
dist/assets/helpers-BFKa6pUf.js                                           2.42 kB │ gzip:   1.21 kB
dist/assets/pda-cutting-simple-cut-piece-handover-CdGZmZcO.js             2.47 kB │ gzip:   1.24 kB
dist/assets/tmf-work-order-view-CL9w8R-K.js                               2.56 kB │ gzip:   1.18 kB
dist/assets/pms-excel-import-DnMCWv6B.js                                  2.66 kB │ gzip:   1.32 kB
dist/assets/shared-DnhHXlJ3.js                                            2.70 kB │ gzip:   1.02 kB
dist/assets/process-order-list-presentation-CNQMy0h6.js                   2.71 kB │ gzip:   1.27 kB
dist/assets/marker-plan-projection-C0zIaieJ.js                            2.77 kB │ gzip:   1.18 kB
dist/assets/post-finishing-spu-technical-parameters-DMj2-PTp.js           2.79 kB │ gzip:   1.28 kB
dist/assets/authorization-code-Dz-HifTC.js                                2.91 kB │ gzip:   1.43 kB
dist/assets/process-order-task-relations-CEZ9c968.js                      2.97 kB │ gzip:   1.29 kB
dist/assets/production-order-identity-CJcYj2o2.js                         3.00 kB │ gzip:   1.24 kB
dist/assets/product-skus-CEt6Fukj.js                                      3.03 kB │ gzip:   0.96 kB
dist/assets/tabs-Da_t13Mf.js                                              3.09 kB │ gzip:   0.93 kB
dist/assets/progress-board-DNYJHJP4.js                                    3.13 kB │ gzip:   1.48 kB
dist/assets/pda-cutting-runtime-action-inputs-zhLIOMPB.js                 3.15 kB │ gzip:   1.09 kB
dist/assets/trade-subjects-B1U82DIE.js                                    3.16 kB │ gzip:   1.12 kB
dist/assets/tmf-upstream-process-orders-CDg71dBP.js                       3.38 kB │ gzip:   1.61 kB
dist/assets/cutting-mainline-BtDMYtb8.js                                  3.41 kB │ gzip:   1.53 kB
dist/assets/binding-process-warehouse-linkage-service-kXXJy5Mt.js         3.62 kB │ gzip:   1.38 kB
dist/assets/fcs-route-links-DjR0vXcZ.js                                   3.67 kB │ gzip:   1.20 kB
dist/assets/quality-chain-adapter-CGsTiotE.js                             3.68 kB │ gzip:   1.66 kB
dist/assets/shared-BengWfhk.js                                            3.73 kB │ gzip:   1.70 kB
dist/assets/shared-QwbEe4GZ.js                                            3.91 kB │ gzip:   1.64 kB
dist/assets/sewing-outsourcing-demo-DEJRog3x.js                           4.01 kB │ gzip:   1.62 kB
dist/assets/transfer-bag-repack-mock-BYE9Uxe0.js                          4.04 kB │ gzip:   1.87 kB
dist/assets/tipping-form-CsnlM00q.js                                      4.07 kB │ gzip:   2.03 kB
dist/assets/wls-page-handlers-D6m83myM.js                                 4.09 kB │ gzip:   1.39 kB
dist/assets/dashboards-CzRdlTam.js                                        4.10 kB │ gzip:   2.02 kB
dist/assets/transit-simple-lists-BbHtadqY.js                              4.14 kB │ gzip:   1.46 kB
dist/assets/pda-wool-warehouse-flows-DZimX0W_.js                          4.45 kB │ gzip:   2.36 kB
dist/assets/supplement-order-registry-CHnc7juB.js                         4.49 kB │ gzip:   1.76 kB
dist/assets/tmf-process-print-preview-fA4PBE83.js                         4.58 kB │ gzip:   2.17 kB
dist/assets/preparation-material-receipt-sources-Br69EgjY.js              4.68 kB │ gzip:   1.95 kB
dist/assets/sewing-outsourcing-responsibility-Crdle7Y9.js                 4.71 kB │ gzip:   2.05 kB
dist/assets/form-fSbLcBpH.js                                              4.74 kB │ gzip:   1.40 kB
dist/assets/runtime-task-tenders-YGz6fHpq.js                              4.76 kB │ gzip:   1.94 kB
dist/assets/layout.helpers-MxxTBleG.js                                    4.77 kB │ gzip:   1.73 kB
dist/assets/relations-xmu0r5Df.js                                         4.77 kB │ gzip:   2.17 kB
dist/assets/transit-dashboard-CzfJ56kC.js                                 4.85 kB │ gzip:   2.05 kB
dist/assets/result-list-CL0xHvoi.js                                       4.94 kB │ gzip:   2.06 kB
dist/assets/routes-pda-D3_OI7jZ.js                                        4.98 kB │ gzip:   1.89 kB
dist/assets/routes-pcs-CcqHJ1VJ.js                                        4.99 kB │ gzip:   1.44 kB
dist/assets/store-domain-dispatch-process-DlYnaKUQ.js                     5.01 kB │ gzip:   1.95 kB
dist/assets/cutting-event-migration-BayZOZ4V.js                           5.02 kB │ gzip:   2.03 kB
dist/assets/process-order-list-controller-dVpdgA0P.js                     5.07 kB │ gzip:   1.91 kB
dist/assets/process-work-order-quality-settlement-CMvxxTZ0.js             5.33 kB │ gzip:   2.20 kB
dist/assets/dispatch-task-sheet-DKJT8qWE.js                               5.54 kB │ gzip:   2.63 kB
dist/assets/retired-cut-piece-pickup-history-Dp6uEef3.js                  5.65 kB │ gzip:   2.28 kB
dist/assets/process-order-three-axis-view-BxLppBaI.js                     5.76 kB │ gzip:   2.32 kB
dist/assets/production-contract-center-DoYm871T.js                        5.81 kB │ gzip:   2.50 kB
dist/assets/transfer-bags-projection-D0bKI_Df.js                          5.91 kB │ gzip:   2.33 kB
dist/assets/pda-cutting-nav-context-CG1LwreA.js                           5.95 kB │ gzip:   1.40 kB
dist/assets/pda-transfer-bag-detail-CMVad8NM.js                           6.15 kB │ gzip:   2.27 kB
dist/assets/fcs-pda-pickup-dispute-C9xrbzL-.js                            6.19 kB │ gzip:   2.19 kB
dist/assets/material-handover-BgSOndVQ.js                                 6.25 kB │ gzip:   2.44 kB
dist/assets/fact-view-Dq5vnoJH.js                                         6.29 kB │ gzip:   2.08 kB
dist/assets/warehouse-standard-CAzbXR9i.js                                6.30 kB │ gzip:   2.10 kB
dist/assets/statistics-CNCIGcgj.js                                        6.39 kB │ gzip:   1.93 kB
dist/assets/craft-actions-B2wXXBB9.js                                     6.42 kB │ gzip:   2.91 kB
dist/assets/pcs-project-technical-data-writeback-CktuAl_-.js              6.49 kB │ gzip:   2.52 kB
dist/assets/production-context-actions-DZ50iOot.js                        6.55 kB │ gzip:   2.68 kB
dist/assets/pcs-technical-data-tech-pack-list-BexCUuSi.js                 6.55 kB │ gzip:   2.50 kB
dist/assets/factory-receiving-links-BCIFki4c.js                           6.57 kB │ gzip:   2.64 kB
dist/assets/pda-notify-DWCPjgi4.js                                        6.57 kB │ gzip:   2.42 kB
dist/assets/workbench-6tTFuJOn.js                                         6.59 kB │ gzip:   2.67 kB
dist/assets/sewing-outsourcing-supplement-tracking-9eMcx3gn.js            6.63 kB │ gzip:   2.89 kB
dist/assets/shared-CNrvXPnK.js                                            6.82 kB │ gzip:   2.52 kB
dist/assets/production-contract-master-template-C5MDZhUu.js               6.85 kB │ gzip:   2.74 kB
dist/assets/pcs-testing-order-create-DbIKWTBN.js                          6.89 kB │ gzip:   2.66 kB
dist/assets/dye-work-order-times-w7U4XCtx.js                              7.22 kB │ gzip:   2.55 kB
dist/assets/shared-B7gBqXa1.js                                            7.26 kB │ gzip:   2.55 kB
dist/assets/pda-cutting-execution-unit-BqhjXRW-.js                        7.29 kB │ gzip:   2.75 kB
dist/assets/overview.helpers-BP2F5Yu8.js                                  7.36 kB │ gzip:   2.88 kB
dist/assets/replacement-fabric-preview-B4VYF2u0.js                        7.42 kB │ gzip:   3.41 kB
dist/assets/settlement-flow-boundaries-DbkSNas3.js                        7.43 kB │ gzip:   2.53 kB
dist/assets/pda-notify-detail-Z3VTl7ko.js                                 7.46 kB │ gzip:   2.38 kB
dist/assets/pda-cutting-fei-ticket-numbering-DbzE--L-.js                  7.48 kB │ gzip:   2.50 kB
dist/assets/transit-warehouse-CGN4xIMS.js                                 7.54 kB │ gzip:   2.13 kB
dist/assets/production-craft-dict-ByP23eUR.js                             7.55 kB │ gzip:   2.84 kB
dist/assets/pda-warehouse-BQTzOY0P.js                                     7.56 kB │ gzip:   3.02 kB
dist/assets/pcs-product-information-CoGZWeRP.js                           7.58 kB │ gzip:   3.32 kB
dist/assets/sewing-outsourcing-return-tracking-CAORb_G4.js                7.61 kB │ gzip:   2.85 kB
dist/assets/workbench-sf72y4_m.js                                         7.69 kB │ gzip:   3.16 kB
dist/assets/supplement-node-facts-DrB5_ub3.js                             7.77 kB │ gzip:   2.85 kB
dist/assets/pcs-material-archive-detail-BzDNHwdg.js                       7.80 kB │ gzip:   2.75 kB
dist/assets/pcs-testing-order-list-qdbB-CjU.js                            7.92 kB │ gzip:   3.05 kB
dist/assets/tmf-process-sheet-template-xMvL0tNT.js                        7.98 kB │ gzip:   3.80 kB
dist/assets/production-contracts-Dq_ishCR.js                              8.03 kB │ gzip:   2.74 kB
dist/assets/progress-exception-lifecycle-BJx0gSBY.js                      8.09 kB │ gzip:   2.70 kB
dist/assets/pda-cutting-transfer-bag-recovery-Gqq8Jb_F.js                 8.13 kB │ gzip:   3.39 kB
dist/assets/routes-pms-DqM-CW3l.js                                        8.30 kB │ gzip:   2.12 kB
dist/assets/milestone-configs-DAlnc87G.js                                 8.42 kB │ gzip:   2.95 kB
dist/assets/statistics-BBC23Lgq.js                                        8.42 kB │ gzip:   3.65 kB
dist/assets/bom-templates-Br7_yp-y.js                                     8.47 kB │ gzip:   1.81 kB
dist/assets/pda-cutting-transfer-bag-scrap-DXwm5aBa.js                    8.51 kB │ gzip:   3.53 kB
dist/assets/pre-settlement-ledger-repository-e1QcMvc6.js                  8.64 kB │ gzip:   2.96 kB
dist/assets/pcs-pattern-library-config-Dvmk6nrf.js                        8.77 kB │ gzip:   2.39 kB
dist/assets/fei-ticket-numbering-CS_E3vXM.js                              8.82 kB │ gzip:   3.09 kB
dist/assets/bom-templates--X3wyun6.js                                     8.84 kB │ gzip:   3.68 kB
dist/assets/navigation-context-VYswFdnR.js                                8.87 kB │ gzip:   2.46 kB
dist/assets/warehouses-DXIIcLc2.js                                        8.88 kB │ gzip:   2.11 kB
dist/assets/pda-cutting-shared-Dze-Z9XD.js                                8.90 kB │ gzip:   2.74 kB
dist/assets/yarn-shipments-CKLIepOO.js                                    8.96 kB │ gzip:   4.06 kB
dist/assets/cutting-event-repository-CWVJUkk0.js                          9.03 kB │ gzip:   3.99 kB
dist/assets/list-BbImA0ZT.js                                              9.08 kB │ gzip:   3.04 kB
dist/assets/pda-execution-BNfXWeNs.js                                     9.28 kB │ gzip:   3.68 kB
dist/assets/handover-records-Cr_uUeIj.js                                  9.35 kB │ gzip:   3.56 kB
dist/assets/pda-login-BywI5yHB.js                                         9.48 kB │ gzip:   3.66 kB
dist/assets/dye-work-order-online-domain-BncWNfph.js                      9.53 kB │ gzip:   3.55 kB
dist/assets/sewing-pickup-slips-CbWPL4pa.js                               9.56 kB │ gzip:   3.59 kB
dist/assets/production-receipts-CMdEQDsY.js                               9.77 kB │ gzip:   3.93 kB
dist/assets/pending-receipts-C0NZrm6S.js                                  9.91 kB │ gzip:   4.09 kB
dist/assets/continuous-stock-CY2ZILd1.js                                 10.10 kB │ gzip:   4.12 kB
dist/assets/purchase-suggestions-Duv_PHLl.js                             10.15 kB │ gzip:   3.10 kB
dist/assets/trade-subjects-CmeVGp0f.js                                   10.23 kB │ gzip:   3.72 kB
dist/assets/production-return-fulfillment-CRQrk8Ix.js                    10.44 kB │ gzip:   3.97 kB
dist/assets/settings-AaD9br5r.js                                         10.69 kB │ gzip:   3.23 kB
dist/assets/product-skus-Hy0GAZtR.js                                     10.71 kB │ gzip:   4.13 kB
dist/assets/pms-handlers-BBVi8tiG.js                                     10.76 kB │ gzip:   2.40 kB
dist/assets/transit-receipts-K8ws8SfK.js                                 10.96 kB │ gzip:   4.01 kB
dist/assets/task-breakdown-CBZ-8BQS.js                                   11.05 kB │ gzip:   4.07 kB
dist/assets/presentation-DTM4Xs8D.js                                     11.17 kB │ gzip:   4.59 kB
dist/assets/material-transfers-B-YVY90g.js                               11.32 kB │ gzip:   3.93 kB
dist/assets/pda-exec-link-B1-wOPkP.js                                    11.32 kB │ gzip:   3.69 kB
dist/assets/tasks-C5qMgPcl.js                                            11.34 kB │ gzip:   4.36 kB
dist/assets/material-prep-C4PJze60.js                                    11.40 kB │ gzip:   2.68 kB
dist/assets/dyeing-warehouse-view-C5eJmyUa.js                            11.46 kB │ gzip:   3.94 kB
dist/assets/warehouses-DEdKmA43.js                                       11.71 kB │ gzip:   4.22 kB
dist/assets/process-statistics-domain-Bd92dEF9.js                        12.19 kB │ gzip:   3.97 kB
dist/assets/pickup-management-runtime-D-251aHa.js                        12.20 kB │ gzip:   4.71 kB
dist/assets/task-execution-adapter-DBS3Ef4z.js                           12.22 kB │ gzip:   3.67 kB
dist/assets/bom-detail-3nOJTYXQ.js                                       12.33 kB │ gzip:   4.32 kB
dist/assets/wls-inbound-DRNXg5Q_.js                                      12.37 kB │ gzip:   4.76 kB
dist/assets/returns-B5jcoKNk.js                                          12.44 kB │ gzip:   4.60 kB
dist/assets/handover-print-CybuY-J0.js                                   12.46 kB │ gzip:   4.50 kB
dist/assets/cut-piece-return-warehouse-DWlXt0cF.js                       12.52 kB │ gzip:   4.40 kB
dist/assets/pcs-handlers-BG-WGHi7.js                                     12.69 kB │ gzip:   2.89 kB
dist/assets/context-AQefBby2.js                                          13.01 kB │ gzip:   4.59 kB
dist/assets/handover-records-C-QbzJv9.js                                 13.15 kB │ gzip:   4.13 kB
dist/assets/meta-CFicbCVl.js                                             13.16 kB │ gzip:   2.95 kB
dist/assets/tmf-base-demo-1ICi2_Kx.js                                    13.17 kB │ gzip:   4.74 kB
dist/assets/supplements-CImrI3a1.js                                      13.18 kB │ gzip:   4.75 kB
dist/assets/wls-finished-inbound-sC26mGc8.js                             13.21 kB │ gzip:   5.01 kB
dist/assets/design-revision-process-work-order-adapter-DGhwE8MP.js       13.27 kB │ gzip:   3.84 kB
dist/assets/pda-start-link-D6ETgZJe.js                                   13.37 kB │ gzip:   4.73 kB
dist/assets/responsibility-transfers-YrwxMkfi.js                         13.41 kB │ gzip:   5.04 kB
dist/assets/work-orders-upy69fQL.js                                      13.88 kB │ gzip:   4.69 kB
dist/assets/work-orders-DtTf4uPX.js                                      13.99 kB │ gzip:   5.19 kB
dist/assets/workbench-CgDAEyYC.js                                        14.07 kB │ gzip:   4.07 kB
dist/assets/work-order-detail-DeHjR8S7.js                                14.17 kB │ gzip:   4.49 kB
dist/assets/mobile-execution-task-index-ffHR-NUw.js                      14.21 kB │ gzip:   3.79 kB
dist/assets/post-finishing-qc-print-template-CjDkmaPQ.js                 14.45 kB │ gzip:   4.45 kB
dist/assets/printing-sheet-template-DdvLr_OB.js                          14.51 kB │ gzip:   5.01 kB
dist/assets/work-orders-DSi28Iop.js                                      14.72 kB │ gzip:   4.77 kB
dist/assets/reports-DeCXoQje.js                                          14.83 kB │ gzip:   3.58 kB
dist/assets/full-flow-print-BxLIBS3Y.js                                  14.93 kB │ gzip:   4.85 kB
dist/assets/progress-handover-order-B5HPLu1s.js                          15.10 kB │ gzip:   4.31 kB
dist/assets/cut-order-release-integration-DE09hjA-.js                    15.34 kB │ gzip:   5.44 kB
dist/assets/outbound-orders-Do92EQYB.js                                  15.38 kB │ gzip:   4.94 kB
dist/assets/machines-BfGxpcBl.js                                         15.39 kB │ gzip:   5.04 kB
dist/assets/replacement-fabric-repository-6djs9ap7.js                    15.45 kB │ gzip:   5.89 kB
dist/assets/pda-cutting-task-detail-WPYMeuIF.js                          15.58 kB │ gzip:   5.43 kB
dist/assets/pcs-engineering-tech-pack-workspace-Tydm5NSl.js              15.82 kB │ gzip:   5.66 kB
dist/assets/process-web-status-actions-DMVZjzx-.js                       15.97 kB │ gzip:   4.23 kB
dist/assets/simple-cut-piece-handover-fixtures-C5Z2FWMU.js               15.97 kB │ gzip:   5.32 kB
dist/assets/cut-order-supplement-fixture-DrUmmzng.js                     15.97 kB │ gzip:   4.83 kB
dist/assets/pda-sewing-self-return-Cp92tq8G.js                           16.03 kB │ gzip:   5.29 kB
dist/assets/progress-cutting-detail-CnbesFKg.js                          16.07 kB │ gzip:   3.80 kB
dist/assets/handover-ledger-view-DMOHlg9R.js                             16.17 kB │ gzip:   4.45 kB
dist/assets/wls-garment-relabel-tasks-BjMxu-G4.js                        16.24 kB │ gzip:   5.33 kB
dist/assets/garment-spu-replacement-bPgtnmrL.js                          16.36 kB │ gzip:   5.01 kB
dist/assets/pda-notify-due-soon-VoXVTX3B.js                              16.58 kB │ gzip:   5.56 kB
dist/assets/suppliers-CF8Vrskm.js                                        16.77 kB │ gzip:   4.64 kB
dist/assets/material-requirements-D_tY4wL6.js                            16.81 kB │ gzip:   5.69 kB
dist/assets/part-ticket-records-DJKOq_wg.js                              16.84 kB │ gzip:   6.32 kB
dist/assets/events-VY8hnFRH.js                                           17.01 kB │ gzip:   6.67 kB
dist/assets/sewing-cut-piece-return-workflow-TkfwawT7.js                 17.21 kB │ gzip:   6.09 kB
dist/assets/production-confirmation-C2h75Vtc.js                          17.25 kB │ gzip:   5.89 kB
dist/assets/warehouse-BzhrT-dg.js                                        17.46 kB │ gzip:   5.42 kB
dist/assets/marker-spreading-projection-C3eSzhSA.js                      17.48 kB │ gzip:   5.53 kB
dist/assets/output-stock-DlENHQDp.js                                     17.52 kB │ gzip:   6.60 kB
dist/assets/sewing-cut-piece-responsibility-CXddyBXS.js                  17.58 kB │ gzip:   5.28 kB
dist/assets/bom-detail-BlPeyOYk.js                                       17.76 kB │ gzip:   5.73 kB
dist/assets/process-mobile-task-binding-CFNACGmj.js                      17.79 kB │ gzip:   6.19 kB
dist/assets/pcs-testing-order-detail-BmvstSS1.js                         18.17 kB │ gzip:   5.12 kB
dist/assets/adjustments-DRXTzK6S.js                                      18.19 kB │ gzip:   5.51 kB
dist/assets/pda-warehouse-inbound-records-DewGVKnN.js                    18.23 kB │ gzip:   5.13 kB
dist/assets/purchase-demands-DyxDWxHK.js                                 18.29 kB │ gzip:   5.86 kB
dist/assets/platform-process-result-view-CnyzLZrB.js                     18.53 kB │ gzip:   5.32 kB
dist/assets/store-domain-statement-source-adapter-BqczuPch.js            18.56 kB │ gzip:   5.31 kB
dist/assets/sewing-outsourcing-workbench-DY5jKCxQ.js                     18.67 kB │ gzip:   6.48 kB
dist/assets/pda-warehouse-outbound-records-DNYKrw0f.js                   18.74 kB │ gzip:   5.35 kB
dist/assets/pda-warehouse-shared-DsUobCx_.js                             18.74 kB │ gzip:   5.59 kB
dist/assets/task-orders-CTUI6osg.js                                      18.77 kB │ gzip:   6.35 kB
dist/assets/print-preview-DkeM00Ra.js                                    18.81 kB │ gzip:   6.79 kB
dist/assets/process-water-soluble-orders-l4Y5NKUA.js                     18.84 kB │ gzip:   5.74 kB
dist/assets/pda-handlers-CYezFPnF.js                                     18.93 kB │ gzip:   5.06 kB
dist/assets/materials-BA_owAdW.js                                        18.93 kB │ gzip:   4.79 kB
dist/assets/production-demand-early-process-work-orders-CXPtUooL.js      18.93 kB │ gzip:   5.65 kB
dist/assets/kol-goto-pda-domain-Dz8n7iho.js                              19.20 kB │ gzip:   6.53 kB
dist/assets/platform.adapter-vXumFumW.js                                 19.25 kB │ gzip:   6.09 kB
dist/assets/shared-DBkMvWi6.js                                           19.47 kB │ gzip:   5.27 kB
dist/assets/product-purchase-orders-Cg5SKldL.js                          19.50 kB │ gzip:   5.76 kB
dist/assets/stage-display-BmAIFt3z.js                                    19.66 kB │ gzip:   6.94 kB
dist/assets/audit-records-DvOZfI3w.js                                    19.69 kB │ gzip:   6.37 kB
dist/assets/units-UgeQDkMH.js                                            19.70 kB │ gzip:   5.89 kB
dist/assets/factory-sample-verification-flow-CPCyG-VK.js                 19.86 kB │ gzip:   4.87 kB
dist/assets/index-BFkznfjW.js                                            20.17 kB │ gzip:   5.20 kB
dist/assets/material-purchase-tracking-DxHbfVw6.js                       20.29 kB │ gzip:   6.35 kB
dist/assets/deduction-analysis-7FyJnHt4.js                               20.64 kB │ gzip:   5.85 kB
dist/assets/overview.adapter-DllZ2lcm.js                                 20.65 kB │ gzip:   6.53 kB
dist/assets/fei-ticket-numbering-CGCaq3mW.js                             20.69 kB │ gzip:   5.72 kB
dist/assets/events-Cbpbl-om.js                                           21.11 kB │ gzip:   6.52 kB
dist/assets/order-list-columns-GkanNoMD.js                               21.12 kB │ gzip:   6.60 kB
dist/assets/work-order-detail-9QSsryzo.js                                21.22 kB │ gzip:   6.68 kB
dist/assets/suppliers-Bc9O7L8v.js                                        21.39 kB │ gzip:   6.82 kB
dist/assets/cut-piece-returns-CxBU9J1p.js                                21.63 kB │ gzip:   6.51 kB
dist/assets/cut-piece-handover-BggvTdLE.js                               21.79 kB │ gzip:   6.95 kB
dist/assets/tmf-domain-shared-fL8UUXJ2.js                                21.88 kB │ gzip:   8.26 kB
dist/assets/replacement-fabric-fei-tickets-4VRT93-d.js                   22.04 kB │ gzip:   8.38 kB
dist/assets/material-issue-RR95XZah.js                                   22.07 kB │ gzip:   5.19 kB
dist/assets/tasks-D1HruGmo.js                                            22.07 kB │ gzip:   6.99 kB
dist/assets/pms-purchase-orders-BGipz1K6.js                              22.07 kB │ gzip:   6.46 kB
dist/assets/progress-cutting-overview-Cr_c28iJ.js                        22.10 kB │ gzip:   5.03 kB
dist/assets/routes-wls-BddTaTYG.js                                       22.24 kB │ gzip:   7.21 kB
dist/assets/qc-workbench-ohEchDoA.js                                     22.36 kB │ gzip:   6.91 kB
dist/assets/warehouse-location-map-model-LyCWRZVc.js                     22.52 kB │ gzip:   7.15 kB
dist/assets/recheck-orders-u5ISssgj.js                                   22.54 kB │ gzip:   7.08 kB
dist/assets/subject-operations-CmKJfwug.js                               22.58 kB │ gzip:   7.01 kB
dist/assets/production-order-duration-CXNHqSAx.js                        22.58 kB │ gzip:   8.59 kB
dist/assets/material-statements-De4jTOg8.js                              22.75 kB │ gzip:   6.01 kB
dist/assets/progress-statistics-linkage-Bx6C7TwG.js                      22.82 kB │ gzip:   6.52 kB
dist/assets/purchase-suggestions-BsiHCJj9.js                             23.22 kB │ gzip:   7.25 kB
dist/assets/pcs-engineering-master-view-model-BVoj9UF7.js                23.32 kB │ gzip:   7.74 kB
dist/assets/process-order-task-links-B4Z3vLpj.js                         23.57 kB │ gzip:   6.44 kB
dist/assets/process-print-orders-lNFLdjBV.js                             23.72 kB │ gzip:   7.77 kB
dist/assets/dye-work-order-online-view-CZzxXUZs.js                       23.86 kB │ gzip:   8.10 kB
dist/assets/process-dye-orders-lb50TkoU.js                               23.89 kB │ gzip:   7.84 kB
dist/assets/material-purchase-orders-BkH0PSdz.js                         24.20 kB │ gzip:   7.63 kB
dist/assets/qc-orders-CSHgx2ph.js                                        24.30 kB │ gzip:   7.60 kB
dist/assets/machine-associations-Dnq9o3la.js                             24.50 kB │ gzip:   7.28 kB
dist/assets/fcs-production-tech-pack-snapshot-BjJHQm6d.js                24.62 kB │ gzip:   6.18 kB
dist/assets/retired-process-history-DpYjghXY.js                          24.79 kB │ gzip:   6.43 kB
dist/assets/dialogs-BqNvy5o-.js                                          24.87 kB │ gzip:   6.15 kB
dist/assets/wls-fabric-demand-board-D4hPQYkF.js                          25.09 kB │ gzip:   6.87 kB
dist/assets/material-preparation-CszAuQ2s.js                             25.13 kB │ gzip:   8.76 kB
dist/assets/kol-demands-Dovc_IC7.js                                      25.30 kB │ gzip:   7.35 kB
dist/assets/supplier-supply-archives-DbduQXfp.js                         25.59 kB │ gzip:   7.43 kB
dist/assets/pda-warehouse-wait-handover-DWj97zdn.js                      25.69 kB │ gzip:   6.41 kB
dist/assets/progress-milestone-config-Cp63GaZX.js                        26.47 kB │ gzip:   5.66 kB
dist/assets/sample-approval-suggestions-DaaCiID7.js                      26.65 kB │ gzip:   8.17 kB
dist/assets/simple-cut-piece-handover-ui-ckflOaXR.js                     26.70 kB │ gzip:   9.99 kB
dist/assets/marker-spreading-utils-BhSUzTGd.js                           26.72 kB │ gzip:   7.83 kB
dist/assets/pcs-channel-products-BnicwmN6.js                             26.73 kB │ gzip:   7.18 kB
dist/assets/sample-warehouse-Dd_gcCFX.js                                 26.76 kB │ gzip:   6.66 kB
dist/assets/warehouse-location-map-PQ5ua3OO.js                           27.06 kB │ gzip:   7.08 kB
dist/assets/third-party-factory-rating-BZrCQaWN.js                       27.07 kB │ gzip:   7.60 kB
dist/assets/pcs-pattern-library-detail-CX9EjmQk.js                       27.62 kB │ gzip:   6.58 kB
dist/assets/pda-wool-fact-execution-DThFEXyd.js                          27.84 kB │ gzip:   9.27 kB
dist/assets/warehouse-BynxXmC1.js                                        28.13 kB │ gzip:   9.35 kB
dist/assets/pcs-engineering-master-list-leiDY5UY.js                      28.21 kB │ gzip:   9.83 kB
dist/assets/print-styles-BjQBw8jj.js                                     28.31 kB │ gzip:   4.01 kB
dist/assets/factory-status-DpTkrF0X.js                                   28.43 kB │ gzip:   6.03 kB
dist/assets/pcs-engineering-master-detail-xvDUYY9g.js                    28.55 kB │ gzip:   8.38 kB
dist/assets/marker-plan-source-model-BpeymQNl.js                         28.92 kB │ gzip:   8.48 kB
dist/assets/logistics-reconciliations-C9hIXzqa.js                        28.93 kB │ gzip:   8.90 kB
dist/assets/progress-cutting-exception-center-CjH4ZKD4.js                29.17 kB │ gzip:   6.49 kB
dist/assets/material-reconciliations-B0o0gZGY.js                         29.38 kB │ gzip:   8.90 kB
dist/assets/production-order-progress-tracking-CGpwoMmC.js               29.71 kB │ gzip:   9.93 kB
dist/assets/early-process-management-5P7s9QFR.js                         30.06 kB │ gzip:   7.55 kB
dist/assets/handover-orders-x89gPvdT.js                                  30.73 kB │ gzip:   8.49 kB
dist/assets/pcs-config-workspace-BHKKTsVM.js                             30.79 kB │ gzip:   6.80 kB
dist/assets/capability-D0nznup0.js                                       31.65 kB │ gzip:   6.70 kB
dist/assets/material-archives-CTte7hh6.js                                31.91 kB │ gzip:   7.92 kB
dist/assets/factory-performance-CvyYhsJU.js                              32.31 kB │ gzip:   6.75 kB
dist/assets/garment-spu-replacements-CqNczpMI.js                         32.35 kB │ gzip:   9.09 kB
dist/assets/task-detail-NX7VoUBr.js                                      32.46 kB │ gzip:   9.61 kB
dist/assets/dialogs-DiMNqd4g.js                                          32.55 kB │ gzip:   9.79 kB
dist/assets/pda-shell-DjGeymml.js                                        33.15 kB │ gzip:   8.82 kB
dist/assets/process-warehouse-domain-rc-K_yJE.js                         33.16 kB │ gzip:   7.57 kB
dist/assets/cut-piece-return-domain-rPPtZCIn.js                          33.38 kB │ gzip:   9.91 kB
dist/assets/store-domain-settlement-seeds-BJJi2pHK.js                    33.63 kB │ gzip:   8.98 kB
dist/assets/pcs-pattern-library-KYgpjTpi.js                              33.68 kB │ gzip:   7.65 kB
dist/assets/warehouse-runtime-UEsSJ5LW.js                                33.76 kB │ gzip:   8.65 kB
dist/assets/payment-requests-Bf5TzTFW.js                                 34.01 kB │ gzip:   8.92 kB
dist/assets/stage-orders-DppCQlqq.js                                     34.18 kB │ gzip:  10.46 kB
dist/assets/stage-order-detail-ricLXHX7.js                               34.53 kB │ gzip:  10.00 kB
dist/assets/pda-warehouse-stocktake-a_7zacGF.js                          34.54 kB │ gzip:   8.67 kB
dist/assets/first-leg-logistics-cYJ75LLZ.js                              34.57 kB │ gzip:   9.04 kB
dist/assets/pda-cutting-inbound-DgMn_xBF.js                              34.64 kB │ gzip:  10.50 kB
dist/assets/work-order-detail-DyPNBWCo.js                                34.65 kB │ gzip:   9.42 kB
dist/assets/pda-post-finishing-flow-CJSPFIat.js                          34.83 kB │ gzip:   9.30 kB
dist/assets/pda-cutting-handover-BhKkEfhY.js                             34.86 kB │ gzip:  10.64 kB
dist/assets/dispatch-acceptance-sla-D_rwHi9f.js                          34.95 kB │ gzip:   7.90 kB
dist/assets/work-orders-DY2I1c79.js                                      34.96 kB │ gzip:  11.72 kB
dist/assets/pending-receipts-BuV7ZTJ7.js                                 35.31 kB │ gzip:  10.63 kB
dist/assets/pda-task-receive-detail-C0SJF5pa.js                          35.77 kB │ gzip:   8.64 kB
dist/assets/water-soluble-orders-abqseeMh.js                             35.89 kB │ gzip:  10.78 kB
dist/assets/manual-fei-tickets-Cv--v0QD.js                               35.97 kB │ gzip:  11.28 kB
dist/assets/work-order-detail-CF9b-LCJ.js                                36.12 kB │ gzip:   9.66 kB
dist/assets/pcs-technical-data-DQzCdrkm.js                               36.88 kB │ gzip:   9.85 kB
dist/assets/pcs-pattern-library-create-BWbd37ya.js                       36.93 kB │ gzip:   8.64 kB
dist/assets/special-processes-DIjfVhJk.js                                37.28 kB │ gzip:   9.55 kB
dist/assets/first-leg-carriers-DFwCpKVh.js                               37.45 kB │ gzip:   9.92 kB
dist/assets/pda-cutting-transfer-bag-repack-CgILVDnn.js                  37.47 kB │ gzip:  10.66 kB
dist/assets/third-party-factory-comprehensive-assessment-B9pWjVDB.js     37.47 kB │ gzip:  11.06 kB
dist/assets/pda-quality-DF7lS5fL.js                                      37.48 kB │ gzip:   9.81 kB
dist/assets/product-purchase-orders-LXEgNlaB.js                          37.57 kB │ gzip:   9.20 kB
dist/assets/wait-handover-runtime-0uWLVUYH.js                            37.84 kB │ gzip:  10.63 kB
dist/assets/cutting-statistics-ab-material-2UcuonZa.js                   38.13 kB │ gzip:   8.64 kB
dist/assets/payment-requests-C0icM5bP.js                                 38.21 kB │ gzip:   9.98 kB
dist/assets/warehouse-D0RmriQf.js                                        38.57 kB │ gzip:  10.93 kB
dist/assets/material-purchase-orders-D0gBI6NN.js                         39.01 kB │ gzip:  11.72 kB
dist/assets/semi-finished-orders-DgjFX6gj.js                             39.06 kB │ gzip:  11.85 kB
dist/assets/fcs-handlers-CasZyXgl.js                                     39.80 kB │ gzip:  11.96 kB
dist/assets/first-leg-shipments-B1507HaX.js                              39.89 kB │ gzip:   9.89 kB
dist/assets/pending-receipts-DArAUIwZ.js                                 41.04 kB │ gzip:  14.88 kB
dist/assets/warehouse-qADWvNlt.js                                        44.15 kB │ gzip:  11.20 kB
dist/assets/cutting-summary-DxiPH2qD.js                                  44.17 kB │ gzip:  11.55 kB
dist/assets/demand-domain-7GBTjzgw.js                                    45.63 kB │ gzip:  10.30 kB
dist/assets/warehouse-KWyIbSvz.js                                        46.26 kB │ gzip:  10.78 kB
dist/assets/batches-C4G4nYEw.js                                          46.45 kB │ gzip:   9.87 kB
dist/assets/engineering-file-upload-BggnCz7L.js                          46.76 kB │ gzip:  14.45 kB
dist/assets/dyeing-CpvYgYJx.js                                           47.49 kB │ gzip:  10.20 kB
dist/assets/printing-DVcate6E.js                                         47.49 kB │ gzip:  10.20 kB
dist/assets/other-BaoNdoNO.js                                            47.50 kB │ gzip:  10.22 kB
dist/assets/settlement-linked-mock-factory-DSiGSq7t.js                   47.63 kB │ gzip:  14.44 kB
dist/assets/dispatch-tenders-B9JpS70F.js                                 47.85 kB │ gzip:  12.50 kB
dist/assets/handover-orders-CS0d7Dgm.js                                  48.29 kB │ gzip:   9.57 kB
dist/assets/sewing-DazHYTk0.js                                           48.51 kB │ gzip:  10.55 kB
dist/assets/progress-material-CvQl9YBm.js                                48.76 kB │ gzip:   9.38 kB
dist/assets/material-inventory-zxnWb4CN.js                               48.96 kB │ gzip:  12.56 kB
dist/assets/label-print-template-lKhj2Nkl.js                             49.05 kB │ gzip:  14.05 kB
dist/assets/work-order-detail-Dl4MtsvL.js                                49.19 kB │ gzip:  15.54 kB
dist/assets/supplier-confirmations-D_EvArGQ.js                           50.01 kB │ gzip:  12.93 kB
dist/assets/pda-task-receive-BM6kjWOe.js                                 50.37 kB │ gzip:  12.60 kB
dist/assets/pda-cutting-execution-source-CwvffuDg.js                     50.44 kB │ gzip:  13.62 kB
dist/assets/pda-onboarding-DfnE4Itx.js                                   50.56 kB │ gzip:  10.79 kB
dist/assets/pda-handover-Bt2k0uft.js                                     51.58 kB │ gzip:  13.61 kB
dist/assets/marker-plan-model-DOZ_2IUc.js                                51.70 kB │ gzip:  14.79 kB
dist/assets/store-domain-progress-BCgpax9b.js                            53.10 kB │ gzip:  11.77 kB
dist/assets/settlement-cutting-input-CsZPwW5B.js                         53.64 kB │ gzip:  11.07 kB
dist/assets/lace-factory-domain-BBNpHDul.js                              53.68 kB │ gzip:  13.40 kB
dist/assets/pcs-part-template-library-BeWaWTCA.js                        53.81 kB │ gzip:  11.09 kB
dist/assets/pcs-material-archives-BGFW8FEj.js                            55.31 kB │ gzip:  13.20 kB
dist/assets/progress-urge-BVk_aIly.js                                    56.39 kB │ gzip:  11.41 kB
dist/assets/warehouse-location-map-CaLRzqnQ.js                           56.80 kB │ gzip:  16.84 kB
dist/assets/marker-plan-occupancy-CaWt50YY.js                            57.19 kB │ gzip:  16.04 kB
dist/assets/pda-cutting-spreading-DkRRsuOH.js                            57.72 kB │ gzip:  13.54 kB
dist/assets/wls-accessory-receipts-BVH6HTBY.js                           58.45 kB │ gzip:  14.84 kB
dist/assets/domain-snapshot-DSj12cul.js                                  59.68 kB │ gzip:  15.96 kB
dist/assets/cut-piece-release-BwBtrlsG.js                                60.14 kB │ gzip:  15.85 kB
dist/assets/pda-settlement-DF3qvpKi.js                                   60.16 kB │ gzip:  13.70 kB
dist/assets/factory-profile-CDOdZBWO.js                                  61.16 kB │ gzip:  14.05 kB
dist/assets/pickup-management-list-kNASVY-_.js                           61.52 kB │ gzip:  17.15 kB
dist/assets/routes-fcs-oW2Uzq59.js                                       62.12 kB │ gzip:  12.98 kB
dist/assets/cutting-DjSH1KBE.js                                          62.83 kB │ gzip:  12.97 kB
dist/assets/special-craft-fei-ticket-flow-CS8UZ2u_.js                    63.34 kB │ gzip:  14.38 kB
dist/assets/progress-handover-BkG9oOUY.js                                63.86 kB │ gzip:  13.58 kB
dist/assets/production-object-overview-DGC0UL9b.js                       66.10 kB │ gzip:  13.59 kB
dist/assets/output-documents-CQylu_aE.js                                 66.89 kB │ gzip:  22.98 kB
dist/assets/core-DCNwNLY6.js                                             67.62 kB │ gzip:  12.57 kB
dist/assets/cutting-daily-production-report-DdPhaqez.js                  68.18 kB │ gzip:  19.10 kB
dist/assets/pda-exec-CAzA6Bb5.js                                         68.27 kB │ gzip:  15.63 kB
dist/assets/pcs-channel-stores-B5Qhfg81.js                               69.26 kB │ gzip:  14.32 kB
dist/assets/context-nCmw6oDh.js                                          69.58 kB │ gzip:  21.39 kB
dist/assets/sewing-dispatch-C2sjTXsX.js                                  70.19 kB │ gzip:  18.35 kB
dist/assets/progress-exceptions-CzQmQfE5.js                              70.38 kB │ gzip:  13.31 kB
dist/assets/qc-records-vW8oKDGy.js                                       71.08 kB │ gzip:  15.98 kB
dist/assets/pcs-engineering-tasks-C7TvDlci.js                            71.36 kB │ gzip:  17.07 kB
dist/assets/production-object-overview-wNNLl-jq.js                       71.57 kB │ gzip:  16.69 kB
dist/assets/wait-handover-actions-BKXAXfgs.js                            73.16 kB │ gzip:  18.65 kB
dist/assets/pcs-sample-management-f9DWmQje.js                            74.38 kB │ gzip:  17.28 kB
dist/assets/factory-onboarding-CJfDJiOq.js                               75.25 kB │ gzip:  12.68 kB
dist/assets/settlement-BMniEeu0.js                                       75.58 kB │ gzip:  11.56 kB
dist/assets/dialogs-5HxRjCb-.js                                          75.66 kB │ gzip:  18.69 kB
dist/assets/pda-handover-detail-DOeBkxTg.js                              75.97 kB │ gzip:  18.67 kB
dist/assets/transfer-bags-BBEbfBmo.js                                    76.02 kB │ gzip:  19.63 kB
dist/assets/orders-domain-CeGM1zcG.js                                    76.23 kB │ gzip:  16.86 kB
dist/assets/runtime-projections-DXykbTM8.js                              78.02 kB │ gzip:  18.44 kB
dist/assets/process-action-writeback-service-r-RrtlpG.js                 78.08 kB │ gzip:  17.83 kB
dist/assets/transfer-bag-operations-D2pPwXyO.js                          78.60 kB │ gzip:  19.48 kB
dist/assets/production-progress-B7_wLE74.js                              80.71 kB │ gzip:  20.37 kB
dist/assets/pda-warehouse-wait-process-qhhKfreW.js                       87.37 kB │ gzip:  21.15 kB
dist/assets/events-jbNccYGz.js                                           90.26 kB │ gzip:  22.27 kB
dist/assets/factory-onboarding-flow-HTUsF5I-.js                          90.59 kB │ gzip:  23.31 kB
dist/assets/dispatch-Bc3sdwsW.js                                         92.27 kB │ gzip:  28.12 kB
dist/assets/tmf-material-purchases-CNhE1xpl.js                           94.11 kB │ gzip:  24.37 kB
dist/assets/cut-orders-Bwe-CJ6p.js                                       94.78 kB │ gzip:  24.45 kB
dist/assets/pcs-independent-sampling-e0N6CgCt.js                         96.98 kB │ gzip:  26.97 kB
dist/assets/special-craft-task-orders-CdN5ZjD5.js                        99.32 kB │ gzip:  26.84 kB
dist/assets/pcs-product-archives-CVM4JoPs.js                            107.68 kB │ gzip:  21.98 kB
dist/assets/index-DLVn1uJQ.js                                           109.47 kB │ gzip:  39.86 kB
dist/assets/app-shared-Cr22JHwb.js                                      111.85 kB │ gzip:  27.95 kB
dist/assets/supplement-management-MqcPyNet.js                           113.26 kB │ gzip:  29.93 kB
dist/assets/transfer-bag-return-model-lliIS-sm.js                       115.34 kB │ gzip:  27.25 kB
dist/assets/statements-CGQvAaZC.js                                      119.56 kB │ gzip:  24.47 kB
dist/assets/unified-dispatch-workbench-DLLLNyZd.js                      120.01 kB │ gzip:  33.72 kB
dist/assets/events-C0EkOSwT.js                                          121.42 kB │ gzip:  31.34 kB
dist/assets/context-DvPPL-8-.js                                         133.03 kB │ gzip:  34.41 kB
dist/assets/production-DzSx6I-Y.js                                      134.17 kB │ gzip:  27.50 kB
dist/assets/process-domain-CUa2tEIG.js                                  138.98 kB │ gzip:  25.98 kB
dist/assets/warehouse-hub-CEW835v5.js                                   140.79 kB │ gzip:  35.41 kB
dist/assets/generated-fei-tickets-UGMnW5MT.js                           142.80 kB │ gzip:  36.11 kB
dist/assets/preparation-timing-El7AKD-U.js                              145.97 kB │ gzip:  34.40 kB
dist/assets/marker-plan-Bzon9swV.js                                     150.22 kB │ gzip:  35.44 kB
dist/assets/marker-spreading-CnKyZi9g.js                                154.72 kB │ gzip:  37.93 kB
dist/assets/fei-tickets-B0HnnyhW.js                                     163.92 kB │ gzip:  34.81 kB
dist/assets/return-inbound-DPwX6PFr.js                                  183.42 kB │ gzip:  33.52 kB
dist/assets/index--GzcKvNw.js                                           210.12 kB │ gzip:  66.49 kB
dist/assets/print-template-registry-Cu0kWWde.js                         217.54 kB │ gzip:  56.38 kB
dist/assets/index-QmePLh2O.js                                           233.02 kB │ gzip:  54.41 kB
dist/assets/pda-exec-detail-CD-DIZPi.js                                 240.57 kB │ gzip:  56.48 kB
dist/assets/production-timeliness-DGa3zTmz.js                           459.95 kB │ gzip: 115.04 kB
dist/assets/pda-CoHCpebe.js                                             511.97 kB │ gzip:  85.41 kB
dist/assets/production-source-shared-5HZB9-wD.js                      3,343.87 kB │ gzip: 769.29 kB

(!) Some chunks are larger than 550 kB after minification. Consider:
- Using dynamic import() to code-split the application
- Use build.rollupOptions.output.manualChunks to improve chunking: https://rollupjs.org/configuration-options/#output-manualchunks
- Adjust chunk size limit for this warning via build.chunkSizeWarningLimit.
✓ built in 18.43s
