vite v6.4.3 building for production...
transforming...
✓ 2718 modules transformed.
rendering chunks...
[plugin vite:reporter] 
(!) /private/tmp/higoods-replacement-fabric-release-20260925/src/data/app-shell-config.ts is dynamically imported by /private/tmp/higoods-replacement-fabric-release-20260925/src/router/routes.ts but also statically imported by /private/tmp/higoods-replacement-fabric-release-20260925/src/components/shell.ts, /private/tmp/higoods-replacement-fabric-release-20260925/src/state/store.ts, dynamic import will not move module into another chunk.

[plugin vite:reporter] 
(!) /private/tmp/higoods-replacement-fabric-release-20260925/src/components/production-object-floating-entry.ts is dynamically imported by /private/tmp/higoods-replacement-fabric-release-20260925/src/main.ts but also statically imported by /private/tmp/higoods-replacement-fabric-release-20260925/src/components/shell.ts, dynamic import will not move module into another chunk.

[plugin vite:reporter] 
(!) /private/tmp/higoods-replacement-fabric-release-20260925/src/data/fcs/cutting/cutting-record-identity.ts is dynamically imported by /private/tmp/higoods-replacement-fabric-release-20260925/src/data/fcs/cutting/cutting-record-repository.ts but also statically imported by /private/tmp/higoods-replacement-fabric-release-20260925/src/data/fcs/cutting/cutting-event-migration.ts, /private/tmp/higoods-replacement-fabric-release-20260925/src/data/fcs/cutting/cutting-file-maintenance.ts, /private/tmp/higoods-replacement-fabric-release-20260925/src/data/fcs/cutting/part-ticket-records.ts, /private/tmp/higoods-replacement-fabric-release-20260925/src/data/fcs/cutting/replacement-fabric-fei-tickets.ts, /private/tmp/higoods-replacement-fabric-release-20260925/src/data/fcs/cutting/replacement-fabric-repository.ts, /private/tmp/higoods-replacement-fabric-release-20260925/src/data/fcs/cutting/retired-cut-piece-pickup-history.ts, /private/tmp/higoods-replacement-fabric-release-20260925/src/data/fcs/production-context-actions.ts, /private/tmp/higoods-replacement-fabric-release-20260925/src/data/fcs/production-context-records.ts, /private/tmp/higoods-replacement-fabric-release-20260925/src/pages/pda-cutting-save.ts, /private/tmp/higoods-replacement-fabric-release-20260925/src/pages/print/replacement-fabric-preview.ts, /private/tmp/higoods-replacement-fabric-release-20260925/src/pages/process-factory/cutting/replacement-fabric-fei-tickets.ts, /private/tmp/higoods-replacement-fabric-release-20260925/src/pages/process-factory/cutting/transfer-bags/state.ts, /private/tmp/higoods-replacement-fabric-release-20260925/src/pages/process-factory/cutting/wait-handover-actions.ts, /private/tmp/higoods-replacement-fabric-release-20260925/src/pages/production-contract-print.ts, /private/tmp/higoods-replacement-fabric-release-20260925/src/pages/unified-dispatch-workbench.ts, dynamic import will not move module into another chunk.

[plugin vite:reporter] 
(!) /private/tmp/higoods-replacement-fabric-release-20260925/src/data/fcs/production-context-records.ts is dynamically imported by /private/tmp/higoods-replacement-fabric-release-20260925/src/data/fcs/cutting/cutting-record-repository.ts, /private/tmp/higoods-replacement-fabric-release-20260925/src/main.ts but also statically imported by /private/tmp/higoods-replacement-fabric-release-20260925/src/data/fcs/cutting/cutting-event-repository.ts, /private/tmp/higoods-replacement-fabric-release-20260925/src/data/fcs/cutting/part-ticket-records.ts, /private/tmp/higoods-replacement-fabric-release-20260925/src/data/fcs/cutting/replacement-fabric-repository.ts, /private/tmp/higoods-replacement-fabric-release-20260925/src/data/fcs/cutting/replacement-fabric-source.ts, /private/tmp/higoods-replacement-fabric-release-20260925/src/data/fcs/cutting/retired-cut-piece-pickup-history.ts, /private/tmp/higoods-replacement-fabric-release-20260925/src/data/fcs/effective-task-assignments.ts, /private/tmp/higoods-replacement-fabric-release-20260925/src/data/fcs/pda-handover-events.ts, /private/tmp/higoods-replacement-fabric-release-20260925/src/data/fcs/production-context-actions.ts, /private/tmp/higoods-replacement-fabric-release-20260925/src/data/fcs/production-contracts.ts, /private/tmp/higoods-replacement-fabric-release-20260925/src/data/fcs/production-order-runtime-store.ts, /private/tmp/higoods-replacement-fabric-release-20260925/src/data/fcs/production-orders.ts, /private/tmp/higoods-replacement-fabric-release-20260925/src/data/fcs/runtime-process-tasks.ts, /private/tmp/higoods-replacement-fabric-release-20260925/src/data/fcs/sewing-outsourcing-responsibility.ts, /private/tmp/higoods-replacement-fabric-release-20260925/src/data/fcs/sewing-sample-approval-suggestion.ts, /private/tmp/higoods-replacement-fabric-release-20260925/src/pages/dispatch-tenders.ts, /private/tmp/higoods-replacement-fabric-release-20260925/src/pages/process-factory/cutting/replacement-fabric-data-tools.ts, /private/tmp/higoods-replacement-fabric-release-20260925/src/pages/production-context-recovery.ts, dynamic import will not move module into another chunk.

[plugin vite:reporter] 
(!) /private/tmp/higoods-replacement-fabric-release-20260925/src/data/fcs/printing-task-domain.ts is dynamically imported by /private/tmp/higoods-replacement-fabric-release-20260925/src/data/fcs/dyeing-task-domain.ts, /private/tmp/higoods-replacement-fabric-release-20260925/src/data/fcs/tmf-upstream-process-orders.ts, /private/tmp/higoods-replacement-fabric-release-20260925/src/data/pms/tmf-material-purchases.ts, /private/tmp/higoods-replacement-fabric-release-20260925/src/pages/process-factory/accessory/webbing/work-order-detail.ts, /private/tmp/higoods-replacement-fabric-release-20260925/src/pages/process-factory/accessory/webbing/work-order-detail.ts but also statically imported by /private/tmp/higoods-replacement-fabric-release-20260925/src/data/fcs/cutting/material-prep.ts, /private/tmp/higoods-replacement-fabric-release-20260925/src/data/fcs/cutting/supplement-node-facts.ts, /private/tmp/higoods-replacement-fabric-release-20260925/src/data/fcs/design-revision-material-transfer.ts, /private/tmp/higoods-replacement-fabric-release-20260925/src/data/fcs/design-revision-process-work-order-adapter.ts, /private/tmp/higoods-replacement-fabric-release-20260925/src/data/fcs/factory-receiving-links.ts, /private/tmp/higoods-replacement-fabric-release-20260925/src/data/fcs/factory-receiving-source-sync.ts, /private/tmp/higoods-replacement-fabric-release-20260925/src/data/fcs/mobile-execution-task-index.ts, /private/tmp/higoods-replacement-fabric-release-20260925/src/data/fcs/pda-start-link.ts, /private/tmp/higoods-replacement-fabric-release-20260925/src/data/fcs/printing-factory-demos.ts, /private/tmp/higoods-replacement-fabric-release-20260925/src/data/fcs/printing-material-receipts.ts, /private/tmp/higoods-replacement-fabric-release-20260925/src/data/fcs/printing-statistics.ts, /private/tmp/higoods-replacement-fabric-release-20260925/src/data/fcs/printing-warehouse-view.ts, /private/tmp/higoods-replacement-fabric-release-20260925/src/data/fcs/printing-work-order-business.ts, /private/tmp/higoods-replacement-fabric-release-20260925/src/data/fcs/process-action-writeback-service.ts, /private/tmp/higoods-replacement-fabric-release-20260925/src/data/fcs/process-execution-writeback.ts, /private/tmp/higoods-replacement-fabric-release-20260925/src/data/fcs/process-mobile-task-binding.ts, /private/tmp/higoods-replacement-fabric-release-20260925/src/data/fcs/process-warehouse-linkage-service.ts, /private/tmp/higoods-replacement-fabric-release-20260925/src/data/fcs/process-web-status-actions.ts, /private/tmp/higoods-replacement-fabric-release-20260925/src/data/fcs/process-work-order-domain.ts, /private/tmp/higoods-replacement-fabric-release-20260925/src/data/fcs/process-work-order-generation-service.ts, /private/tmp/higoods-replacement-fabric-release-20260925/src/data/fcs/production-demand-early-process-work-orders.ts, /private/tmp/higoods-replacement-fabric-release-20260925/src/data/fcs/production-object-overview.ts, /private/tmp/higoods-replacement-fabric-release-20260925/src/data/fcs/production-process-work-order-service.ts, /private/tmp/higoods-replacement-fabric-release-20260925/src/data/fcs/task-print-cards.ts, /private/tmp/higoods-replacement-fabric-release-20260925/src/pages/pcs-independent-sampling.ts, /private/tmp/higoods-replacement-fabric-release-20260925/src/pages/pda-exec-detail.ts, /private/tmp/higoods-replacement-fabric-release-20260925/src/pages/pda-exec.ts, /private/tmp/higoods-replacement-fabric-release-20260925/src/pages/pda-task-receive.ts, /private/tmp/higoods-replacement-fabric-release-20260925/src/pages/print/templates/printing-work-order-template.ts, /private/tmp/higoods-replacement-fabric-release-20260925/src/pages/process-factory/cutting/production-order-overview-projection.ts, /private/tmp/higoods-replacement-fabric-release-20260925/src/pages/process-factory/dyeing/pending-receipts.ts, /private/tmp/higoods-replacement-fabric-release-20260925/src/pages/process-factory/printing/dashboards.ts, /private/tmp/higoods-replacement-fabric-release-20260925/src/pages/process-factory/printing/dialogs.ts, /private/tmp/higoods-replacement-fabric-release-20260925/src/pages/process-factory/printing/dispatch.ts, /private/tmp/higoods-replacement-fabric-release-20260925/src/pages/process-factory/printing/events.ts, /private/tmp/higoods-replacement-fabric-release-20260925/src/pages/process-factory/printing/presentation.ts, /private/tmp/higoods-replacement-fabric-release-20260925/src/pages/process-factory/printing/shared.ts, /private/tmp/higoods-replacement-fabric-release-20260925/src/pages/process-factory/printing/statistics.ts, /private/tmp/higoods-replacement-fabric-release-20260925/src/pages/process-factory/printing/work-order-detail.ts, /private/tmp/higoods-replacement-fabric-release-20260925/src/pages/process-print-orders.ts, /private/tmp/higoods-replacement-fabric-release-20260925/src/pages/process-work-orders/early-process-management.ts, /private/tmp/higoods-replacement-fabric-release-20260925/src/pages/production/demand-domain.ts, /private/tmp/higoods-replacement-fabric-release-20260925/src/runtime/fcs/cutting/pickup-management-runtime.ts, dynamic import will not move module into another chunk.

computing gzip size...
dist/index.html                                                           1.25 kB │ gzip:   0.63 kB
dist/assets/pcs-pattern-parse.worker-B3_rAVMB.js                         18.52 kB
dist/assets/source-views-23Nr_RHD.css                                    34.63 kB │ gzip:   7.04 kB
dist/assets/index-DkHkpfSK.css                                          154.85 kB │ gzip:  25.42 kB
dist/assets/domain-snapshot-B85HXoL-.js                                   0.32 kB │ gzip:   0.24 kB
dist/assets/store-domain-quality-bootstrap-BeukdXvY.js                    0.38 kB │ gzip:   0.25 kB
dist/assets/sample-warehouse-projection-BPDvHU8_.js                       0.39 kB │ gzip:   0.25 kB
dist/assets/dialogs-DmrJjxFO.js                                           0.58 kB │ gzip:   0.31 kB
dist/assets/pcs-style-demo-image-GDjoPqJf.js                              0.59 kB │ gzip:   0.28 kB
dist/assets/tech-pack-zIGx2Y4r.js                                         0.63 kB │ gzip:   0.34 kB
dist/assets/badge-D4eVJIys.js                                             0.78 kB │ gzip:   0.42 kB
dist/assets/images-Q79qfJD0.js                                            0.80 kB │ gzip:   0.35 kB
dist/assets/pms-export-CPynoX4q.js                                        0.83 kB │ gzip:   0.50 kB
dist/assets/placeholder-BiHB9ZXP.js                                       0.85 kB │ gzip:   0.47 kB
dist/assets/pda-cutting-save-CM9OIw68.js                                  0.88 kB │ gzip:   0.60 kB
dist/assets/trace-Jw3m5TPG.js                                             0.89 kB │ gzip:   0.51 kB
dist/assets/runtime-DY769RIr.js                                           0.90 kB │ gzip:   0.61 kB
dist/assets/execution-prep-projection-helpers-wiHOU5Dh.js                 0.94 kB │ gzip:   0.46 kB
dist/assets/history-CEEdmw7N.js                                           0.98 kB │ gzip:   0.63 kB
dist/assets/payment-sync-Sybq4XQT.js                                      1.01 kB │ gzip:   0.64 kB
dist/assets/print-service-CyrwQfQw.js                                     1.04 kB │ gzip:   0.52 kB
dist/assets/pda-sewing-self-return-mode-CVT5AEl1.js                       1.07 kB │ gzip:   0.54 kB
dist/assets/detail.adapter-B9a8fI2p.js                                    1.08 kB │ gzip:   0.68 kB
dist/assets/process-work-order-generation-service-DbxZFiom.js             1.08 kB │ gzip:   0.65 kB
dist/assets/dyeing-material-receipts-C0SkDlKU.js                          1.11 kB │ gzip:   0.73 kB
dist/assets/pda-runtime-zST-QAHI.js                                       1.16 kB │ gzip:   0.64 kB
dist/assets/replacement-fabric-scan-BS7h9g6V.js                           1.28 kB │ gzip:   0.81 kB
dist/assets/overview-yN5VhDg-.js                                          1.29 kB │ gzip:   0.71 kB
dist/assets/process-work-order-source-view-DF7FhDjE.js                    1.31 kB │ gzip:   0.58 kB
dist/assets/transfer-bag-handover-mock-Cl1xldu1.js                        1.31 kB │ gzip:   0.71 kB
dist/assets/work-order-action-policy-BITV8wZU.js                          1.34 kB │ gzip:   0.68 kB
dist/assets/dialogs-CcRD99-H.js                                           1.42 kB │ gzip:   0.62 kB
dist/assets/filter-bar-CQPG7S5l.js                                        1.49 kB │ gzip:   0.81 kB
dist/assets/material-identity-2Wsnh_Xs.js                                 1.54 kB │ gzip:   0.85 kB
dist/assets/supplement-material-prep-demand-registry-DI-N3DvB.js          1.56 kB │ gzip:   0.75 kB
dist/assets/warehouse-shared-D82sa79v.js                                  1.57 kB │ gzip:   0.51 kB
dist/assets/pda-cutting-wait-handover-actions-DWQMsL0x.js                 1.58 kB │ gzip:   0.62 kB
dist/assets/task-handover-domain-CJrgAC0V.js                              1.58 kB │ gzip:   0.77 kB
dist/assets/task-chain-pages-adapter-BH8teQLj.js                          1.72 kB │ gzip:   0.84 kB
dist/assets/real-qr-CLy_77B8.js                                           1.74 kB │ gzip:   0.93 kB
dist/assets/work-order-detail-DcZEVT1h.js                                 1.78 kB │ gzip:   0.81 kB
dist/assets/real-barcode-D5JeM6KP.js                                      1.81 kB │ gzip:   0.96 kB
dist/assets/wool-pda-scan-BUoEMWVU.js                                     1.81 kB │ gzip:   1.00 kB
dist/assets/tmf-upstream-receiving-DmLZsmVi.js                            1.84 kB │ gzip:   1.14 kB
dist/assets/toast-DbXW_Ah0.js                                             1.87 kB │ gzip:   0.90 kB
dist/assets/mixed-transfer-bag-ticket-DETTPWFm.js                         1.89 kB │ gzip:   0.79 kB
dist/assets/kol-goto-fixed-total-ledger-D9JQaW5g.js                       1.93 kB │ gzip:   0.92 kB
dist/assets/list-export-LOgphpO-.js                                       1.99 kB │ gzip:   1.18 kB
dist/assets/printing-sheet-preview-BprHj6CZ.js                            2.03 kB │ gzip:   1.06 kB
dist/assets/confirmation-print-C59fH9Cu.js                                2.03 kB │ gzip:   0.94 kB
dist/assets/table-iSdp6WkJ.js                                             2.04 kB │ gzip:   1.03 kB
dist/assets/binding-process-pda-scan-DFWr__hK.js                          2.18 kB │ gzip:   1.13 kB
dist/assets/cutting-file-maintenance-6J5uWJP7.js                          2.19 kB │ gzip:   1.17 kB
dist/assets/special-craft-pda-scope-CyglaCNv.js                           2.24 kB │ gzip:   1.02 kB
dist/assets/task-route-card-IEIfwR1q.js                                   2.30 kB │ gzip:   1.08 kB
dist/assets/mixed-bag-contents-C3J4pIZ0.js                                2.33 kB │ gzip:   1.29 kB
dist/assets/task-delivery-card-DSBdQ_e1.js                                2.36 kB │ gzip:   1.16 kB
dist/assets/production-context-recovery-B3Kk6qV-.js                       2.36 kB │ gzip:   1.24 kB
dist/assets/production-contract-print-yBEeJCuG.js                         2.42 kB │ gzip:   1.38 kB
dist/assets/helpers-BFKa6pUf.js                                           2.42 kB │ gzip:   1.21 kB
dist/assets/pda-cutting-simple-cut-piece-handover-BDY2EgXq.js             2.50 kB │ gzip:   1.25 kB
dist/assets/tmf-work-order-view-BxW4Gzk2.js                               2.56 kB │ gzip:   1.18 kB
dist/assets/pms-excel-import-DnMCWv6B.js                                  2.66 kB │ gzip:   1.32 kB
dist/assets/shared--JWkAGV2.js                                            2.70 kB │ gzip:   1.03 kB
dist/assets/process-order-list-presentation-lIV0zyPg.js                   2.71 kB │ gzip:   1.27 kB
dist/assets/post-finishing-spu-technical-parameters-DMeyW7Aq.js           2.79 kB │ gzip:   1.28 kB
dist/assets/marker-plan-projection-DvaArtfw.js                            2.83 kB │ gzip:   1.22 kB
dist/assets/authorization-code-CTRxCnaK.js                                2.91 kB │ gzip:   1.43 kB
dist/assets/process-order-task-relations-Dd6lk-Ct.js                      2.97 kB │ gzip:   1.29 kB
dist/assets/production-order-identity-DmmLzPZQ.js                         3.00 kB │ gzip:   1.24 kB
dist/assets/product-skus-CEt6Fukj.js                                      3.03 kB │ gzip:   0.96 kB
dist/assets/tabs-DkeccZ6g.js                                              3.09 kB │ gzip:   0.93 kB
dist/assets/pda-cutting-runtime-action-inputs-D3-eAk4m.js                 3.15 kB │ gzip:   1.09 kB
dist/assets/trade-subjects-B1U82DIE.js                                    3.16 kB │ gzip:   1.12 kB
dist/assets/progress-board-BW4btVGY.js                                    3.17 kB │ gzip:   1.49 kB
dist/assets/tmf-upstream-process-orders-CUm8Cifc.js                       3.38 kB │ gzip:   1.61 kB
dist/assets/cutting-mainline-BWUOSJXY.js                                  3.41 kB │ gzip:   1.53 kB
dist/assets/binding-process-warehouse-linkage-service-Cq8N7OAB.js         3.62 kB │ gzip:   1.38 kB
dist/assets/fcs-route-links-BdCFaX2E.js                                   3.67 kB │ gzip:   1.20 kB
dist/assets/quality-chain-adapter-CkcZ2Eno.js                             3.68 kB │ gzip:   1.66 kB
dist/assets/shared-BEnigoMk.js                                            3.73 kB │ gzip:   1.70 kB
dist/assets/shared-WZ0XXa6M.js                                            3.91 kB │ gzip:   1.64 kB
dist/assets/sewing-outsourcing-demo-fhFcUxU7.js                           4.01 kB │ gzip:   1.62 kB
dist/assets/transfer-bag-repack-mock-CV63eMru.js                          4.04 kB │ gzip:   1.87 kB
dist/assets/tipping-form-wevfaCAA.js                                      4.07 kB │ gzip:   2.02 kB
dist/assets/wls-page-handlers-CTCVPdIV.js                                 4.09 kB │ gzip:   1.39 kB
dist/assets/dashboards-Zr7Nxoiy.js                                        4.10 kB │ gzip:   2.02 kB
dist/assets/transit-simple-lists-Bpgly9u0.js                              4.14 kB │ gzip:   1.46 kB
dist/assets/replacement-fabric-label-template-D4Yvf9bO.js                 4.40 kB │ gzip:   2.02 kB
dist/assets/pda-wool-warehouse-flows-BdQ34gZD.js                          4.48 kB │ gzip:   2.37 kB
dist/assets/supplement-order-registry-CHnc7juB.js                         4.49 kB │ gzip:   1.76 kB
dist/assets/tmf-process-print-preview-B3YvHinI.js                         4.58 kB │ gzip:   2.17 kB
dist/assets/preparation-material-receipt-sources-DQr4f6N3.js              4.68 kB │ gzip:   1.95 kB
dist/assets/sewing-outsourcing-responsibility-D2D8ZN3B.js                 4.71 kB │ gzip:   2.05 kB
dist/assets/replacement-fabric-preview-DBJPK7pZ.js                        4.72 kB │ gzip:   2.35 kB
dist/assets/form-BYw8xtBH.js                                              4.74 kB │ gzip:   1.41 kB
dist/assets/layout.helpers-BktQD0cy.js                                    4.76 kB │ gzip:   1.73 kB
dist/assets/runtime-task-tenders-YGz6fHpq.js                              4.76 kB │ gzip:   1.94 kB
dist/assets/relations-ChBu0wAB.js                                         4.77 kB │ gzip:   2.17 kB
dist/assets/transit-dashboard-RYygi-yy.js                                 4.85 kB │ gzip:   2.05 kB
dist/assets/result-list-BH5fsv1M.js                                       4.94 kB │ gzip:   2.06 kB
dist/assets/routes-pcs-BUqov3CV.js                                        4.99 kB │ gzip:   1.44 kB
dist/assets/store-domain-dispatch-process-Kf9RFMP8.js                     5.01 kB │ gzip:   1.95 kB
dist/assets/routes-pda-DYe5WzKW.js                                        5.01 kB │ gzip:   1.90 kB
dist/assets/cutting-event-migration-CbwLFlzE.js                           5.02 kB │ gzip:   2.02 kB
dist/assets/process-order-list-controller-C1wHC67l.js                     5.07 kB │ gzip:   1.91 kB
dist/assets/process-work-order-quality-settlement-BlShwQN3.js             5.33 kB │ gzip:   2.20 kB
dist/assets/dispatch-task-sheet-Cxpc-Ldt.js                               5.54 kB │ gzip:   2.63 kB
dist/assets/retired-cut-piece-pickup-history-DATeW5_M.js                  5.65 kB │ gzip:   2.28 kB
dist/assets/process-order-three-axis-view-C9RXdjVZ.js                     5.76 kB │ gzip:   2.32 kB
dist/assets/production-contract-center-CwS9VfdY.js                        5.81 kB │ gzip:   2.50 kB
dist/assets/pda-cutting-nav-context-Dz0Z6p3I.js                           5.95 kB │ gzip:   1.40 kB
dist/assets/transfer-bags-projection-CUoGLpgv.js                          5.99 kB │ gzip:   2.36 kB
dist/assets/fcs-pda-pickup-dispute-C5vMFx2N.js                            6.19 kB │ gzip:   2.18 kB
dist/assets/pda-transfer-bag-detail-eZbCYIqL.js                           6.19 kB │ gzip:   2.28 kB
dist/assets/material-handover-B6OrOx23.js                                 6.25 kB │ gzip:   2.44 kB
dist/assets/fact-view-E7kIJdvt.js                                         6.29 kB │ gzip:   2.07 kB
dist/assets/warehouse-standard-DTx-BvEK.js                                6.30 kB │ gzip:   2.10 kB
dist/assets/statistics-B96GDJ8S.js                                        6.39 kB │ gzip:   1.93 kB
dist/assets/craft-actions-BlE1SrLJ.js                                     6.42 kB │ gzip:   2.91 kB
dist/assets/pcs-project-technical-data-writeback-BEFKpTV-.js              6.49 kB │ gzip:   2.52 kB
dist/assets/production-context-actions-BXb_YYWk.js                        6.55 kB │ gzip:   2.68 kB
dist/assets/pcs-technical-data-tech-pack-list-C3d775lj.js                 6.55 kB │ gzip:   2.50 kB
dist/assets/factory-receiving-links-Dzcro9vV.js                           6.57 kB │ gzip:   2.64 kB
dist/assets/workbench-BdgcDf9B.js                                         6.59 kB │ gzip:   2.67 kB
dist/assets/pda-notify-3UimHKxi.js                                        6.61 kB │ gzip:   2.42 kB
dist/assets/sewing-outsourcing-supplement-tracking-D-RhxDGk.js            6.63 kB │ gzip:   2.89 kB
dist/assets/shared-DJBr97sR.js                                            6.82 kB │ gzip:   2.52 kB
dist/assets/production-contract-master-template-DgQVmuFv.js               6.85 kB │ gzip:   2.74 kB
dist/assets/pcs-testing-order-create-mGw3MSCY.js                          6.89 kB │ gzip:   2.66 kB
dist/assets/dye-work-order-times-w7U4XCtx.js                              7.22 kB │ gzip:   2.55 kB
dist/assets/shared-Qch_-otZ.js                                            7.26 kB │ gzip:   2.55 kB
dist/assets/pda-cutting-execution-unit-DzViVptw.js                        7.32 kB │ gzip:   2.76 kB
dist/assets/overview.helpers-BP2F5Yu8.js                                  7.36 kB │ gzip:   2.88 kB
dist/assets/settlement-flow-boundaries-DbkSNas3.js                        7.43 kB │ gzip:   2.53 kB
dist/assets/pda-notify-detail-BPw6pjjo.js                                 7.50 kB │ gzip:   2.39 kB
dist/assets/pda-cutting-fei-ticket-numbering-D_dssugI.js                  7.52 kB │ gzip:   2.50 kB
dist/assets/transit-warehouse-CGN4xIMS.js                                 7.54 kB │ gzip:   2.13 kB
dist/assets/production-craft-dict-BEJ804wf.js                             7.55 kB │ gzip:   2.84 kB
dist/assets/pcs-product-information-DfW2a2fu.js                           7.58 kB │ gzip:   3.32 kB
dist/assets/pda-warehouse-BIC6jPVm.js                                     7.60 kB │ gzip:   3.03 kB
dist/assets/sewing-outsourcing-return-tracking-BTfoz3w2.js                7.61 kB │ gzip:   2.85 kB
dist/assets/workbench-CNSBT4C1.js                                         7.69 kB │ gzip:   3.16 kB
dist/assets/supplement-node-facts-Ctbohsk7.js                             7.77 kB │ gzip:   2.85 kB
dist/assets/pcs-material-archive-detail-DTMOM89x.js                       7.80 kB │ gzip:   2.75 kB
dist/assets/pcs-testing-order-list-B_kOXpG4.js                            7.92 kB │ gzip:   3.05 kB
dist/assets/tmf-process-sheet-template-CnBCbNFj.js                        7.98 kB │ gzip:   3.80 kB
dist/assets/production-contracts-CjJ3wX3J.js                              8.03 kB │ gzip:   2.74 kB
dist/assets/progress-exception-lifecycle-BJx0gSBY.js                      8.09 kB │ gzip:   2.70 kB
dist/assets/pda-cutting-transfer-bag-recovery-DLUtmZCf.js                 8.16 kB │ gzip:   3.40 kB
dist/assets/routes-pms-LCIugoIz.js                                        8.30 kB │ gzip:   2.11 kB
dist/assets/milestone-configs-yED4awWM.js                                 8.42 kB │ gzip:   2.94 kB
dist/assets/statistics-BDJv5QOB.js                                        8.42 kB │ gzip:   3.65 kB
dist/assets/bom-templates-Br7_yp-y.js                                     8.47 kB │ gzip:   1.81 kB
dist/assets/pda-cutting-transfer-bag-scrap-CtED3xXh.js                    8.55 kB │ gzip:   3.53 kB
dist/assets/pre-settlement-ledger-repository-jDrddEyJ.js                  8.64 kB │ gzip:   2.96 kB
dist/assets/pcs-pattern-library-config-BFYVuOTD.js                        8.77 kB │ gzip:   2.39 kB
dist/assets/fei-ticket-numbering-3ThHqGVm.js                              8.82 kB │ gzip:   3.09 kB
dist/assets/bom-templates-BHa8ZFlW.js                                     8.84 kB │ gzip:   3.68 kB
dist/assets/navigation-context-BxefIdgT.js                                8.87 kB │ gzip:   2.46 kB
dist/assets/warehouses-DXIIcLc2.js                                        8.88 kB │ gzip:   2.11 kB
dist/assets/pda-cutting-shared-Bo-IH1y5.js                                8.90 kB │ gzip:   2.74 kB
dist/assets/yarn-shipments-yTj-oU6L.js                                    8.96 kB │ gzip:   4.06 kB
dist/assets/cutting-event-repository-DF8eiXbG.js                          9.03 kB │ gzip:   3.99 kB
dist/assets/list-ClKFt1Oj.js                                              9.08 kB │ gzip:   3.04 kB
dist/assets/pda-execution-Bk-HMiy5.js                                     9.28 kB │ gzip:   3.68 kB
dist/assets/handover-records-Bju0gT_C.js                                  9.35 kB │ gzip:   3.56 kB
dist/assets/pda-login-DjJ4uKMa.js                                         9.52 kB │ gzip:   3.68 kB
dist/assets/dye-work-order-online-domain-CQ99ofts.js                      9.53 kB │ gzip:   3.55 kB
dist/assets/sewing-pickup-slips-CYaUGXej.js                               9.56 kB │ gzip:   3.59 kB
dist/assets/production-receipts-y2bS3jAZ.js                               9.77 kB │ gzip:   3.94 kB
dist/assets/pending-receipts-DrwJLLtS.js                                  9.91 kB │ gzip:   4.10 kB
dist/assets/continuous-stock-DWNTMk5T.js                                 10.10 kB │ gzip:   4.12 kB
dist/assets/purchase-suggestions-Duv_PHLl.js                             10.15 kB │ gzip:   3.10 kB
dist/assets/trade-subjects-CnxIYp7u.js                                   10.23 kB │ gzip:   3.72 kB
dist/assets/production-return-fulfillment-Dul5SQ4n.js                    10.44 kB │ gzip:   3.97 kB
dist/assets/settings-5vFI0NiA.js                                         10.69 kB │ gzip:   3.23 kB
dist/assets/product-skus-B_z7ReQO.js                                     10.71 kB │ gzip:   4.13 kB
dist/assets/pms-handlers-BC2R1T_q.js                                     10.76 kB │ gzip:   2.39 kB
dist/assets/transit-receipts-z_GEpwtR.js                                 10.96 kB │ gzip:   4.01 kB
dist/assets/task-breakdown-Dt6WGKD0.js                                   11.05 kB │ gzip:   4.07 kB
dist/assets/presentation-hKc5dbro.js                                     11.17 kB │ gzip:   4.59 kB
dist/assets/material-transfers-BfKcDoKM.js                               11.32 kB │ gzip:   3.93 kB
dist/assets/pda-exec-link-D3Xbb91s.js                                    11.32 kB │ gzip:   3.69 kB
dist/assets/tasks-Dckjf--i.js                                            11.34 kB │ gzip:   4.36 kB
dist/assets/material-prep-maG4mgLZ.js                                    11.40 kB │ gzip:   2.68 kB
dist/assets/dyeing-warehouse-view-BLA-p-h_.js                            11.46 kB │ gzip:   3.94 kB
dist/assets/warehouses-BACKds7M.js                                       11.71 kB │ gzip:   4.22 kB
dist/assets/process-statistics-domain-5h6kYN7R.js                        12.19 kB │ gzip:   3.97 kB
dist/assets/pickup-management-runtime-BHYSsP7I.js                        12.20 kB │ gzip:   4.71 kB
dist/assets/task-execution-adapter-BvtRgicf.js                           12.22 kB │ gzip:   3.67 kB
dist/assets/bom-detail-3nOJTYXQ.js                                       12.33 kB │ gzip:   4.32 kB
dist/assets/wls-inbound-Cq_M-6zB.js                                      12.37 kB │ gzip:   4.76 kB
dist/assets/returns-Wbhp0JEw.js                                          12.44 kB │ gzip:   4.60 kB
dist/assets/handover-print-CLuu07RU.js                                   12.46 kB │ gzip:   4.50 kB
dist/assets/cut-piece-return-warehouse-BNa7bGab.js                       12.52 kB │ gzip:   4.40 kB
dist/assets/pcs-handlers-B9Lu6R90.js                                     12.69 kB │ gzip:   2.89 kB
dist/assets/context-CTQ2ZB0P.js                                          13.01 kB │ gzip:   4.59 kB
dist/assets/handover-records-DxWfgDLT.js                                 13.15 kB │ gzip:   4.14 kB
dist/assets/meta-mD6BbR_q.js                                             13.16 kB │ gzip:   2.95 kB
dist/assets/tmf-base-demo-B6LZCOKd.js                                    13.17 kB │ gzip:   4.74 kB
dist/assets/supplements-ykGjJr6M.js                                      13.18 kB │ gzip:   4.75 kB
dist/assets/wls-finished-inbound-DyUnP1M-.js                             13.21 kB │ gzip:   5.02 kB
dist/assets/design-revision-process-work-order-adapter-BciQ-v8u.js       13.27 kB │ gzip:   3.84 kB
dist/assets/pda-start-link-ClA7QPxt.js                                   13.37 kB │ gzip:   4.73 kB
dist/assets/responsibility-transfers-DpK05Wl_.js                         13.41 kB │ gzip:   5.04 kB
dist/assets/work-orders-CTvNT59d.js                                      13.88 kB │ gzip:   4.69 kB
dist/assets/work-orders-CKeGXy7l.js                                      13.99 kB │ gzip:   5.19 kB
dist/assets/workbench-BDecvHE_.js                                        14.07 kB │ gzip:   4.06 kB
dist/assets/work-order-detail-BlpOdgOS.js                                14.17 kB │ gzip:   4.49 kB
dist/assets/mobile-execution-task-index-CCbqDucj.js                      14.21 kB │ gzip:   3.78 kB
dist/assets/post-finishing-qc-print-template-Bn0jOQNM.js                 14.45 kB │ gzip:   4.45 kB
dist/assets/printing-sheet-template-Bz1i-2nO.js                          14.51 kB │ gzip:   5.01 kB
dist/assets/work-orders-DZP0kyeo.js                                      14.72 kB │ gzip:   4.77 kB
dist/assets/reports-QzyniNeE.js                                          14.83 kB │ gzip:   3.58 kB
dist/assets/full-flow-print-B7zSFueC.js                                  14.93 kB │ gzip:   4.85 kB
dist/assets/progress-handover-order-DIQ_00LT.js                          15.10 kB │ gzip:   4.31 kB
dist/assets/outbound-orders-EVxw_1ut.js                                  15.38 kB │ gzip:   4.94 kB
dist/assets/cut-order-release-integration-BazEtZTn.js                    15.38 kB │ gzip:   5.45 kB
dist/assets/machines-DRDbf9D9.js                                         15.39 kB │ gzip:   5.04 kB
dist/assets/replacement-fabric-repository-CkpOqQkB.js                    15.57 kB │ gzip:   5.95 kB
dist/assets/pda-cutting-task-detail-BDGNmuMe.js                          15.62 kB │ gzip:   5.44 kB
dist/assets/pcs-engineering-tech-pack-workspace-o_7f8zh8.js              15.82 kB │ gzip:   5.66 kB
dist/assets/process-web-status-actions-BefFKdeu.js                       15.97 kB │ gzip:   4.23 kB
dist/assets/simple-cut-piece-handover-fixtures-D1KXzgCK.js               15.97 kB │ gzip:   5.31 kB
dist/assets/cut-order-supplement-fixture-D2g3AWWQ.js                     15.97 kB │ gzip:   4.83 kB
dist/assets/pda-sewing-self-return-T57o7oaD.js                           16.03 kB │ gzip:   5.29 kB
dist/assets/progress-cutting-detail-3w3wacKC.js                          16.11 kB │ gzip:   3.81 kB
dist/assets/handover-ledger-view-DlMuGSc9.js                             16.17 kB │ gzip:   4.44 kB
dist/assets/wls-garment-relabel-tasks-722goWL2.js                        16.24 kB │ gzip:   5.33 kB
dist/assets/garment-spu-replacement-BNeaBcn2.js                          16.36 kB │ gzip:   5.01 kB
dist/assets/pda-notify-due-soon-DE3I6tto.js                              16.61 kB │ gzip:   5.57 kB
dist/assets/suppliers-CF8Vrskm.js                                        16.77 kB │ gzip:   4.64 kB
dist/assets/material-requirements-DfCk4Ph-.js                            16.81 kB │ gzip:   5.69 kB
dist/assets/part-ticket-records-BFW0il4r.js                              17.00 kB │ gzip:   6.35 kB
dist/assets/events-BQM46sDB.js                                           17.01 kB │ gzip:   6.67 kB
dist/assets/sewing-cut-piece-return-workflow-Dl1wIvnJ.js                 17.21 kB │ gzip:   6.09 kB
dist/assets/production-confirmation-DytAVe8a.js                          17.25 kB │ gzip:   5.89 kB
dist/assets/warehouse-D9-YML3n.js                                        17.46 kB │ gzip:   5.43 kB
dist/assets/marker-spreading-projection-CfuzLj0A.js                      17.47 kB │ gzip:   5.52 kB
dist/assets/output-stock-YeepStwL.js                                     17.52 kB │ gzip:   6.60 kB
dist/assets/sewing-cut-piece-responsibility-DoW-Dn47.js                  17.58 kB │ gzip:   5.28 kB
dist/assets/bom-detail-DPgCzbaF.js                                       17.76 kB │ gzip:   5.73 kB
dist/assets/process-mobile-task-binding-CghY5QGq.js                      17.79 kB │ gzip:   6.19 kB
dist/assets/pcs-testing-order-detail-Cl2ZZIrv.js                         18.17 kB │ gzip:   5.13 kB
dist/assets/adjustments-5uYhA-CT.js                                      18.19 kB │ gzip:   5.50 kB
dist/assets/pda-warehouse-inbound-records-Ch9KwmDa.js                    18.27 kB │ gzip:   5.14 kB
dist/assets/purchase-demands-W16ku3lq.js                                 18.29 kB │ gzip:   5.86 kB
dist/assets/platform-process-result-view-BSG-LfDN.js                     18.53 kB │ gzip:   5.32 kB
dist/assets/store-domain-statement-source-adapter-D5MtJyOr.js            18.56 kB │ gzip:   5.30 kB
dist/assets/sewing-outsourcing-workbench-CEdHZYlD.js                     18.67 kB │ gzip:   6.48 kB
dist/assets/pda-warehouse-shared-BHMUMywC.js                             18.74 kB │ gzip:   5.59 kB
dist/assets/task-orders-Dpd6XbQU.js                                      18.77 kB │ gzip:   6.34 kB
dist/assets/pda-warehouse-outbound-records-DiJ7YmDB.js                   18.77 kB │ gzip:   5.36 kB
dist/assets/process-water-soluble-orders-BtqiYHxZ.js                     18.84 kB │ gzip:   5.74 kB
dist/assets/materials-BA_owAdW.js                                        18.93 kB │ gzip:   4.79 kB
dist/assets/production-demand-early-process-work-orders-C2ZKwunb.js      18.93 kB │ gzip:   5.65 kB
dist/assets/print-preview-CN2xKnzg.js                                    19.03 kB │ gzip:   6.85 kB
dist/assets/pda-handlers-Ae0tcOUF.js                                     19.08 kB │ gzip:   5.07 kB
dist/assets/kol-goto-pda-domain-CXC-JqsG.js                              19.20 kB │ gzip:   6.54 kB
dist/assets/platform.adapter-B70r5lHv.js                                 19.25 kB │ gzip:   6.09 kB
dist/assets/shared-CU8t72OP.js                                           19.47 kB │ gzip:   5.27 kB
dist/assets/product-purchase-orders-Cg5SKldL.js                          19.50 kB │ gzip:   5.76 kB
dist/assets/stage-display-CgL5QqjN.js                                    19.66 kB │ gzip:   6.94 kB
dist/assets/audit-records-DANREm5G.js                                    19.69 kB │ gzip:   6.37 kB
dist/assets/units-D8cumpH-.js                                            19.70 kB │ gzip:   5.89 kB
dist/assets/factory-sample-verification-flow-Cn_oG3oS.js                 19.86 kB │ gzip:   4.87 kB
dist/assets/index-DVRrIe7m.js                                            20.17 kB │ gzip:   5.20 kB
dist/assets/material-purchase-tracking-CdIr8gOk.js                       20.29 kB │ gzip:   6.35 kB
dist/assets/deduction-analysis-DuI-cN5G.js                               20.64 kB │ gzip:   5.85 kB
dist/assets/overview.adapter-ChpMM_Ia.js                                 20.65 kB │ gzip:   6.53 kB
dist/assets/fei-ticket-numbering-B94ljkIr.js                             20.69 kB │ gzip:   5.71 kB
dist/assets/events-DN6dcjec.js                                           21.11 kB │ gzip:   6.52 kB
dist/assets/order-list-columns-N05G-vhL.js                               21.12 kB │ gzip:   6.59 kB
dist/assets/work-order-detail-DTYDJ_8C.js                                21.22 kB │ gzip:   6.68 kB
dist/assets/suppliers-D66UtGdc.js                                        21.39 kB │ gzip:   6.82 kB
dist/assets/cut-piece-returns-CZ7LLx67.js                                21.63 kB │ gzip:   6.51 kB
dist/assets/cut-piece-handover-BG0ABvtD.js                               21.79 kB │ gzip:   6.95 kB
dist/assets/tmf-domain-shared-fL8UUXJ2.js                                21.88 kB │ gzip:   8.26 kB
dist/assets/replacement-fabric-fei-tickets-CXc5PxVo.js                   22.04 kB │ gzip:   8.37 kB
dist/assets/material-issue-DQ_lgpXv.js                                   22.07 kB │ gzip:   5.18 kB
dist/assets/tasks-DACWg8q0.js                                            22.07 kB │ gzip:   6.99 kB
dist/assets/pms-purchase-orders-HrCBd7lM.js                              22.07 kB │ gzip:   6.46 kB
dist/assets/progress-cutting-overview-BgAmlAE7.js                        22.13 kB │ gzip:   5.04 kB
dist/assets/routes-wls-rYiRCdbZ.js                                       22.24 kB │ gzip:   7.21 kB
dist/assets/qc-workbench-CPnPtRIp.js                                     22.36 kB │ gzip:   6.91 kB
dist/assets/warehouse-location-map-model-BtgyGBso.js                     22.52 kB │ gzip:   7.14 kB
dist/assets/recheck-orders-D-TiZwPx.js                                   22.54 kB │ gzip:   7.08 kB
dist/assets/subject-operations-olcfCSdd.js                               22.58 kB │ gzip:   7.01 kB
dist/assets/production-order-duration-CRxb4LKn.js                        22.58 kB │ gzip:   8.59 kB
dist/assets/material-statements-DQzYi_vs.js                              22.75 kB │ gzip:   6.01 kB
dist/assets/progress-statistics-linkage-CPlCZW52.js                      22.82 kB │ gzip:   6.52 kB
dist/assets/purchase-suggestions-DjRNSAg6.js                             23.22 kB │ gzip:   7.25 kB
dist/assets/pcs-engineering-master-view-model-BJRo7I76.js                23.32 kB │ gzip:   7.74 kB
dist/assets/process-order-task-links-CTxYhJGD.js                         23.57 kB │ gzip:   6.43 kB
dist/assets/process-print-orders-wCWkSFQ2.js                             23.75 kB │ gzip:   7.77 kB
dist/assets/dye-work-order-online-view-BZVRSqyP.js                       23.86 kB │ gzip:   8.10 kB
dist/assets/process-dye-orders-CFhslfEl.js                               23.93 kB │ gzip:   7.85 kB
dist/assets/material-purchase-orders-Dz2J4vLx.js                         24.20 kB │ gzip:   7.63 kB
dist/assets/qc-orders-C-VYsKIq.js                                        24.30 kB │ gzip:   7.60 kB
dist/assets/machine-associations-YS2x8s0p.js                             24.50 kB │ gzip:   7.27 kB
dist/assets/fcs-production-tech-pack-snapshot-cBNPQrwd.js                24.62 kB │ gzip:   6.18 kB
dist/assets/retired-process-history-Cg9Pwxgf.js                          24.79 kB │ gzip:   6.43 kB
dist/assets/dialogs-BciOyy9U.js                                          24.87 kB │ gzip:   6.15 kB
dist/assets/wls-fabric-demand-board-Bvt-dien.js                          25.09 kB │ gzip:   6.87 kB
dist/assets/material-preparation-CDfm06QH.js                             25.13 kB │ gzip:   8.76 kB
dist/assets/kol-demands-5P7aKMX-.js                                      25.30 kB │ gzip:   7.35 kB
dist/assets/supplier-supply-archives-Bo5VvcV5.js                         25.59 kB │ gzip:   7.43 kB
dist/assets/pda-warehouse-wait-handover-BllFxlCC.js                      25.73 kB │ gzip:   6.42 kB
dist/assets/progress-milestone-config-BAigl77s.js                        26.47 kB │ gzip:   5.67 kB
dist/assets/sample-approval-suggestions-EXHi8KJJ.js                      26.65 kB │ gzip:   8.18 kB
dist/assets/simple-cut-piece-handover-ui-4p1oyyZp.js                     26.70 kB │ gzip:   9.99 kB
dist/assets/marker-spreading-utils-DTjJK0w8.js                           26.72 kB │ gzip:   7.82 kB
dist/assets/pcs-channel-products-CN2SKeD8.js                             26.73 kB │ gzip:   7.17 kB
dist/assets/sample-warehouse-BdoBupcx.js                                 26.80 kB │ gzip:   6.67 kB
dist/assets/warehouse-location-map-CDLdvrYM.js                           27.06 kB │ gzip:   7.09 kB
dist/assets/third-party-factory-rating-D19M_V8M.js                       27.07 kB │ gzip:   7.59 kB
dist/assets/pcs-pattern-library-detail-DvXF_QZI.js                       27.62 kB │ gzip:   6.58 kB
dist/assets/pda-wool-fact-execution-67CCdm6Q.js                          27.84 kB │ gzip:   9.27 kB
dist/assets/warehouse-13Tcq_OO.js                                        28.13 kB │ gzip:   9.35 kB
dist/assets/pcs-engineering-master-list-DSdPK1WO.js                      28.21 kB │ gzip:   9.83 kB
dist/assets/print-styles-BjQBw8jj.js                                     28.31 kB │ gzip:   4.01 kB
dist/assets/factory-status-DJnTKzel.js                                   28.43 kB │ gzip:   6.03 kB
dist/assets/pcs-engineering-master-detail-Ce4cxA_i.js                    28.55 kB │ gzip:   8.38 kB
dist/assets/marker-plan-source-model-DU4SCquN.js                         28.92 kB │ gzip:   8.47 kB
dist/assets/logistics-reconciliations-C2Je3Fhd.js                        28.93 kB │ gzip:   8.90 kB
dist/assets/progress-cutting-exception-center-BlzAY3nM.js                29.20 kB │ gzip:   6.50 kB
dist/assets/material-reconciliations-BrpcY8f_.js                         29.38 kB │ gzip:   8.90 kB
dist/assets/production-order-progress-tracking-Dvlnm1XE.js               29.71 kB │ gzip:   9.93 kB
dist/assets/early-process-management-BrzhE2kG.js                         30.06 kB │ gzip:   7.55 kB
dist/assets/handover-orders-DQ_VuzFa.js                                  30.73 kB │ gzip:   8.48 kB
dist/assets/pcs-config-workspace-DymD3ukx.js                             30.79 kB │ gzip:   6.80 kB
dist/assets/capability-D7pJ78mx.js                                       31.65 kB │ gzip:   6.70 kB
dist/assets/material-archives-DnYS5Bs2.js                                31.91 kB │ gzip:   7.92 kB
dist/assets/factory-performance-GchyQ3Jf.js                              32.31 kB │ gzip:   6.75 kB
dist/assets/garment-spu-replacements-ByezMA9k.js                         32.35 kB │ gzip:   9.09 kB
dist/assets/task-detail-SYP8NvUz.js                                      32.46 kB │ gzip:   9.60 kB
dist/assets/dialogs-DF8v28un.js                                          32.55 kB │ gzip:   9.78 kB
dist/assets/pda-shell-oj3Pj4qz.js                                        33.15 kB │ gzip:   8.82 kB
dist/assets/process-warehouse-domain-BUC0OFdh.js                         33.16 kB │ gzip:   7.56 kB
dist/assets/cut-piece-return-domain-D_G-XdYb.js                          33.38 kB │ gzip:   9.91 kB
dist/assets/store-domain-settlement-seeds-DC1WcKCH.js                    33.63 kB │ gzip:   8.97 kB
dist/assets/pcs-pattern-library-Bz4OrVKF.js                              33.68 kB │ gzip:   7.65 kB
dist/assets/warehouse-runtime-CXK8dATO.js                                33.76 kB │ gzip:   8.65 kB
dist/assets/payment-requests-WUfZaj0K.js                                 34.01 kB │ gzip:   8.92 kB
dist/assets/stage-orders-Ro07lXXL.js                                     34.18 kB │ gzip:  10.46 kB
dist/assets/stage-order-detail-CKC0ljZO.js                               34.53 kB │ gzip:  10.00 kB
dist/assets/first-leg-logistics-CENrrfKl.js                              34.57 kB │ gzip:   9.05 kB
dist/assets/pda-warehouse-stocktake-qe3WdKGI.js                          34.58 kB │ gzip:   8.68 kB
dist/assets/pda-cutting-inbound-3Y3QvbQt.js                              34.67 kB │ gzip:  10.51 kB
dist/assets/work-order-detail-CE14fXJl.js                                34.69 kB │ gzip:   9.43 kB
dist/assets/pda-post-finishing-flow-H1GIEsYP.js                          34.83 kB │ gzip:   9.30 kB
dist/assets/pda-cutting-handover-BuD-TYns.js                             34.90 kB │ gzip:  10.64 kB
dist/assets/dispatch-acceptance-sla-CfNbYL-W.js                          34.95 kB │ gzip:   7.90 kB
dist/assets/work-orders-DgH2cl1h.js                                      34.96 kB │ gzip:  11.72 kB
dist/assets/pending-receipts-eQZ_s3O9.js                                 35.31 kB │ gzip:  10.63 kB
dist/assets/pda-task-receive-detail-C-U4-AfF.js                          35.81 kB │ gzip:   8.66 kB
dist/assets/water-soluble-orders-CAXkvYWS.js                             35.89 kB │ gzip:  10.78 kB
dist/assets/work-order-detail-Ce2PsE7H.js                                36.12 kB │ gzip:   9.66 kB
dist/assets/pcs-technical-data-MhGbf5iv.js                               36.88 kB │ gzip:   9.86 kB
dist/assets/pcs-pattern-library-create-Jq54B8dd.js                       36.93 kB │ gzip:   8.64 kB
dist/assets/special-processes-C9VADzaU.js                                37.28 kB │ gzip:   9.53 kB
dist/assets/first-leg-carriers-BHeb0cvB.js                               37.45 kB │ gzip:   9.93 kB
dist/assets/third-party-factory-comprehensive-assessment-7_KdgUDC.js     37.47 kB │ gzip:  11.06 kB
dist/assets/pda-cutting-transfer-bag-repack-CRbIS32F.js                  37.50 kB │ gzip:  10.67 kB
dist/assets/pda-quality-CDtHLtxc.js                                      37.52 kB │ gzip:   9.81 kB
dist/assets/product-purchase-orders-BqZnaxNw.js                          37.57 kB │ gzip:   9.20 kB
dist/assets/wait-handover-runtime-BonThX4i.js                            37.84 kB │ gzip:  10.62 kB
dist/assets/cutting-statistics-ab-material-C0Y4_OlW.js                   38.13 kB │ gzip:   8.64 kB
dist/assets/payment-requests-CGjg5P6o.js                                 38.21 kB │ gzip:   9.97 kB
dist/assets/warehouse-prLbmXdv.js                                        38.57 kB │ gzip:  10.93 kB
dist/assets/material-purchase-orders-9FhbDHak.js                         39.01 kB │ gzip:  11.72 kB
dist/assets/semi-finished-orders-BCLEKTvg.js                             39.06 kB │ gzip:  11.85 kB
dist/assets/fcs-handlers-Ci2uwVJ2.js                                     39.77 kB │ gzip:  11.97 kB
dist/assets/first-leg-shipments-DE7re_0H.js                              39.89 kB │ gzip:   9.89 kB
dist/assets/pending-receipts-DFkkkF-G.js                                 41.04 kB │ gzip:  14.88 kB
dist/assets/warehouse-DLL16Bjq.js                                        44.15 kB │ gzip:  11.19 kB
dist/assets/cutting-summary-BiFZG9-2.js                                  44.21 kB │ gzip:  11.56 kB
dist/assets/demand-domain-RjPUQSH5.js                                    45.63 kB │ gzip:  10.30 kB
dist/assets/warehouse-DnJuP8Fn.js                                        46.26 kB │ gzip:  10.78 kB
dist/assets/batches-BC66jycx.js                                          46.45 kB │ gzip:   9.86 kB
dist/assets/engineering-file-upload-zTcIfahD.js                          46.76 kB │ gzip:  14.45 kB
dist/assets/dyeing-BAzLHEMd.js                                           47.49 kB │ gzip:  10.20 kB
dist/assets/printing-B2cOnT_J.js                                         47.49 kB │ gzip:  10.20 kB
dist/assets/other-n_d7dUPz.js                                            47.50 kB │ gzip:  10.22 kB
dist/assets/settlement-linked-mock-factory-DsLSp64T.js                   47.63 kB │ gzip:  14.44 kB
dist/assets/handover-orders-BWMIibCi.js                                  48.29 kB │ gzip:   9.57 kB
dist/assets/sewing-Dd3lAZ89.js                                           48.51 kB │ gzip:  10.55 kB
dist/assets/dispatch-tenders-DBNGYR3q.js                                 48.58 kB │ gzip:  12.74 kB
dist/assets/progress-material-CgWVa0CG.js                                48.76 kB │ gzip:   9.37 kB
dist/assets/material-inventory-B-ulwOv_.js                               48.96 kB │ gzip:  12.56 kB
dist/assets/label-print-template-nzQZHyQG.js                             49.14 kB │ gzip:  14.11 kB
dist/assets/work-order-detail-CDbDYr1m.js                                49.19 kB │ gzip:  15.54 kB
dist/assets/supplier-confirmations-Dglcw6eL.js                           50.01 kB │ gzip:  12.93 kB
dist/assets/pda-task-receive-Bo2EUZ7v.js                                 50.37 kB │ gzip:  12.60 kB
dist/assets/pda-cutting-execution-source-Dhs9uewG.js                     50.55 kB │ gzip:  13.66 kB
dist/assets/pda-onboarding-DDfys0z4.js                                   50.56 kB │ gzip:  10.79 kB
dist/assets/pda-handover-C3CGWURx.js                                     51.62 kB │ gzip:  13.63 kB
dist/assets/marker-plan-model-Cv6Jumpv.js                                51.70 kB │ gzip:  14.79 kB
dist/assets/store-domain-progress-CNolymtb.js                            53.10 kB │ gzip:  11.77 kB
dist/assets/settlement-cutting-input-kLK44BGl.js                         53.68 kB │ gzip:  11.08 kB
dist/assets/lace-factory-domain-BBNpHDul.js                              53.68 kB │ gzip:  13.40 kB
dist/assets/pcs-part-template-library-2F6o8gP5.js                        53.81 kB │ gzip:  11.09 kB
dist/assets/pcs-material-archives-ZFEiBdmL.js                            55.31 kB │ gzip:  13.20 kB
dist/assets/progress-urge-Bcbv-YA_.js                                    56.39 kB │ gzip:  11.41 kB
dist/assets/warehouse-location-map-BNGbQUlC.js                           56.80 kB │ gzip:  16.84 kB
dist/assets/marker-plan-occupancy-CXpJu1fv.js                            57.22 kB │ gzip:  16.06 kB
dist/assets/pda-cutting-spreading-CbgVA_6g.js                            57.56 kB │ gzip:  13.53 kB
dist/assets/wls-accessory-receipts-6Bpm-fp0.js                           58.45 kB │ gzip:  14.84 kB
dist/assets/runtime-inputs-z1Eav3w6.js                                   59.59 kB │ gzip:  15.91 kB
dist/assets/cut-piece-release-ogtGD7g6.js                                60.14 kB │ gzip:  15.85 kB
dist/assets/pda-settlement-BibnWre2.js                                   60.20 kB │ gzip:  13.71 kB
dist/assets/factory-profile-BnVSCnQf.js                                  61.16 kB │ gzip:  14.05 kB
dist/assets/pickup-management-list-Z1h2HMQT.js                           61.55 kB │ gzip:  17.16 kB
dist/assets/routes-fcs-CJ1EfqjM.js                                       62.31 kB │ gzip:  13.04 kB
dist/assets/cutting-SdWJg8be.js                                          62.83 kB │ gzip:  12.97 kB
dist/assets/special-craft-fei-ticket-flow-lGb_g-fU.js                    63.34 kB │ gzip:  14.37 kB
dist/assets/progress-handover-BhH7GbcX.js                                63.86 kB │ gzip:  13.58 kB
dist/assets/production-object-overview-BzwOErAd.js                       66.10 kB │ gzip:  13.58 kB
dist/assets/output-documents-BTSItQ4E.js                                 66.89 kB │ gzip:  22.98 kB
dist/assets/core-BzcEcHHX.js                                             67.62 kB │ gzip:  12.58 kB
dist/assets/cutting-daily-production-report-BDt7oxqL.js                  68.22 kB │ gzip:  19.12 kB
dist/assets/pda-exec-DrDKC7Ng.js                                         68.31 kB │ gzip:  15.65 kB
dist/assets/pcs-channel-stores-CqTyyskI.js                               69.26 kB │ gzip:  14.32 kB
dist/assets/context-BfX7va02.js                                          69.58 kB │ gzip:  21.39 kB
dist/assets/sewing-dispatch-BHKAZnSH.js                                  70.19 kB │ gzip:  18.35 kB
dist/assets/progress-exceptions-CA5hX_EE.js                              70.42 kB │ gzip:  13.32 kB
dist/assets/qc-records-C9IcxIEs.js                                       71.12 kB │ gzip:  16.00 kB
dist/assets/pcs-engineering-tasks-CWcw6SGY.js                            71.36 kB │ gzip:  17.07 kB
dist/assets/production-object-overview-MgK1zlxl.js                       71.57 kB │ gzip:  16.69 kB
dist/assets/wait-handover-actions-CYD_bv_y.js                            73.16 kB │ gzip:  18.65 kB
dist/assets/pcs-sample-management-e4gOYnlz.js                            74.38 kB │ gzip:  17.28 kB
dist/assets/factory-onboarding-BEi56jE7.js                               75.25 kB │ gzip:  12.68 kB
dist/assets/settlement-CF0kouoB.js                                       75.58 kB │ gzip:  11.56 kB
dist/assets/dialogs-BRkMZ-QB.js                                          75.66 kB │ gzip:  18.68 kB
dist/assets/pda-handover-detail-Cc5aFFQ3.js                              76.01 kB │ gzip:  18.69 kB
dist/assets/transfer-bags-C3XoklJf.js                                    76.02 kB │ gzip:  19.62 kB
dist/assets/orders-domain-trkVL9la.js                                    76.23 kB │ gzip:  16.86 kB
dist/assets/runtime-projections-CqxnzL1f.js                              78.06 kB │ gzip:  18.45 kB
dist/assets/process-action-writeback-service-CK1ta0pL.js                 78.08 kB │ gzip:  17.82 kB
dist/assets/transfer-bag-operations-C1v5IK_p.js                          78.60 kB │ gzip:  19.47 kB
dist/assets/production-progress-B6tRlL6R.js                              80.75 kB │ gzip:  20.38 kB
dist/assets/pda-warehouse-wait-process-DauyudVI.js                       87.41 kB │ gzip:  21.17 kB
dist/assets/events-B3AvRxyd.js                                           90.26 kB │ gzip:  22.27 kB
dist/assets/factory-onboarding-flow-C59Zkuuk.js                          90.59 kB │ gzip:  23.31 kB
dist/assets/dispatch-C4K6dpfV.js                                         92.27 kB │ gzip:  28.12 kB
dist/assets/tmf-material-purchases-BMS4mbqU.js                           94.11 kB │ gzip:  24.37 kB
dist/assets/cut-orders-B7CL1eLZ.js                                       94.83 kB │ gzip:  24.45 kB
dist/assets/pcs-independent-sampling-BpCO8VY5.js                         96.98 kB │ gzip:  26.97 kB
dist/assets/special-craft-task-orders-B1upjrNs.js                        99.32 kB │ gzip:  26.84 kB
dist/assets/pcs-product-archives-B3n41wKG.js                            107.68 kB │ gzip:  21.99 kB
dist/assets/index-Bg8kMGWO.js                                           109.47 kB │ gzip:  39.86 kB
dist/assets/app-shared-CPz9CE3D.js                                      111.85 kB │ gzip:  27.95 kB
dist/assets/supplement-management-DsNhKoRT.js                           113.26 kB │ gzip:  29.92 kB
dist/assets/transfer-bag-return-model-Dw0C5Dht.js                       115.34 kB │ gzip:  27.26 kB
dist/assets/statements-9WaUEbSe.js                                      119.56 kB │ gzip:  24.47 kB
dist/assets/events-C_W6Nrw9.js                                          121.42 kB │ gzip:  31.34 kB
dist/assets/unified-dispatch-workbench-CqAe4wP9.js                      121.57 kB │ gzip:  34.08 kB
dist/assets/context-C_qDtubj.js                                         133.03 kB │ gzip:  34.41 kB
dist/assets/production-zRywNOlH.js                                      134.17 kB │ gzip:  27.50 kB
dist/assets/process-domain-Bql68_XX.js                                  138.98 kB │ gzip:  25.98 kB
dist/assets/warehouse-hub-DVQLjQOH.js                                   140.79 kB │ gzip:  35.40 kB
dist/assets/generated-fei-tickets-DkS5mN_p.js                           142.80 kB │ gzip:  36.11 kB
dist/assets/preparation-timing-nTa5F8-E.js                              145.97 kB │ gzip:  34.40 kB
dist/assets/marker-plan-CXiv7vtT.js                                     150.89 kB │ gzip:  35.73 kB
dist/assets/marker-spreading-Dd7D3xuE.js                                154.75 kB │ gzip:  37.95 kB
dist/assets/return-inbound-CZzgTiEm.js                                  183.42 kB │ gzip:  33.52 kB
dist/assets/fei-tickets-TH2FkWUo.js                                     198.95 kB │ gzip:  44.70 kB
dist/assets/index--GzcKvNw.js                                           210.12 kB │ gzip:  66.49 kB
dist/assets/print-template-registry-InVsOgs9.js                         213.72 kB │ gzip:  55.40 kB
dist/assets/index-SIzuJli3.js                                           233.28 kB │ gzip:  54.47 kB
dist/assets/pda-exec-detail-BErODl59.js                                 240.61 kB │ gzip:  56.49 kB
dist/assets/production-timeliness-yJABCBZs.js                           459.95 kB │ gzip: 115.04 kB
dist/assets/pda-BOI0-m1M.js                                             511.97 kB │ gzip:  85.41 kB
dist/assets/production-source-shared-COhXL0NW.js                      3,345.68 kB │ gzip: 769.84 kB

(!) Some chunks are larger than 550 kB after minification. Consider:
- Using dynamic import() to code-split the application
- Use build.rollupOptions.output.manualChunks to improve chunking: https://rollupjs.org/configuration-options/#output-manualchunks
- Adjust chunk size limit for this warning via build.chunkSizeWarningLimit.
✓ built in 11.34s
