(node:36259) ExperimentalWarning: localStorage is not available because --localstorage-file was not provided.
(Use `node --trace-warnings ...` to show where the warning was created)
✔ 可编辑的演示唛架保存后优先读取用户记录，刷新不恢复原备注和状态 (149.411375ms)
(node:36260) ExperimentalWarning: localStorage is not available because --localstorage-file was not provided.
(Use `node --trace-warnings ...` to show where the warning was created)
✔ 逐票与逐打印任务保持原结构，变更一条只保存一条 (4.412708ms)
✔ 草稿按原映射键保存；手工票与操作记录分离，删除票保留审计 (0.275542ms)
✔ 拒绝损坏JSON且不冒充空数据 (0.114791ms)
✔ 拒绝空字符串且不冒充空数据 (0.042208ms)
✔ 拒绝错误根且不冒充空数据 (0.046709ms)
✔ 拒绝重复票号身份且不冒充空数据 (0.038375ms)
✔ 拒绝缺少票号且不冒充空数据 (0.035583ms)
✔ 拒绝错误状态且不冒充空数据 (0.031125ms)
✔ 拒绝打印关联缺失且不冒充空数据 (0.039542ms)
✔ 拒绝草稿身份缺失且不冒充空数据 (0.116625ms)
✔ 拒绝手工日志缺失且不冒充空数据 (0.042791ms)
✔ 拒绝手工二维码缺失且不冒充空数据 (0.032834ms)
✔ 已保存实体与备份身份校验，不接受伪造集合或迁移元数据 (0.3935ms)
✔ 袋账派生绑定锁，无需持久化派生票快照；关闭周转解除旧快照锁 (415.748375ms)
✔ 唛架来源和铺布单逐实体保存，保留卷明细、层序及来源引用 (0.200167ms)
✔ 指定保存对象不复制重复静态唛架，也不覆盖其他已保存铺布单 (0.20475ms)
✔ 旧袋账按实体保留绑定与历史，局部动作不复制静态袋档案 (0.283375ms)
✔ 专用打印来源保留原票身份、数量、状态、袋锁及打印对象，不查询全量PDA与库存摘要 (748.690666ms)
✔ 实际输出首打保持原身份与数量；动态与普通来源均可打印，失效来源阻断，重复首打不新增 (66.744292ms)
✔ 唛架引用读取失败明确阻断，不将迁移或读取错误伪装成空铺布来源 (0.72975ms)
✔ 用户唛架方案逐ID迁移保留床次和占用，修改一张不重写其它方案 (0.159042ms)
✔ PDA及手工票专用唛架定义与原完整投影等价，保留床次、数量和可铺布资格 (187.884708ms)
✔ PDA铺布目标直接携带真实已保存铺布单的裁床与负责人，不另算整套列表 (159.939375ms)
✔ 铺布投影复用唛架定义仍保留已保存session的卷明细、裁床、负责人和实际裁剪数量 (124.4715ms)
✔ 备份恢复不能借原票编号伪造另一种面料的交出回执 (1.435ms)
✔ 部位票缓存感知已提交事件版本，重复读取同一版本不失效 (0.380375ms)
✔ 按名称排朴，空名拒绝，同名不同编码/颜色保留独立身份 (0.534709ms)
✔ 初始每面料一张，重复分配幂等；新增与补打不混淆 (0.7765ms)
✔ 改派未交票失效，已交历史不抹除，新范围递增序号 (0.454083ms)
✔ 部分出纸仅确认勾选票；重复确认不增加次数，内容变化拒绝 (0.122333ms)
✔ 整个批次多袋并集检查，非本次袋不可借用，顺序无关 (1.562916ms)
✔ 同任务同工厂历史可满足；不同任务或换厂必须另交 (0.199125ms)
✔ 三方自行裁剪排除，资料缺失与无需面料分开判断 (0.0585ms)
✔ 混装按类型和单位分项，换片布不能拆成非5 Yard (0.108209ms)
✔ 局域网 HTTP 的摘要与原生 SHA-256 相同，既有票号不变化 (15.809084ms)
(node:36265) ExperimentalWarning: localStorage is not available because --localstorage-file was not provided.
(Use `node --trace-warnings ...` to show where the warning was created)
✔ 混装打印保留裁片矩阵，捆条和换片布独立附页，不合并单位 (1.225417ms)
✔ 纯换片布袋可生成货物标识，不制造尺码和部位 (0.257417ms)
✔ 混装标签拒绝换片布错误长度、作废票和混生产单 (0.329416ms)
✔ 生产单按单记录；变更一单不重写其他单和任务 (1.173291ms)
✔ 运行任务独立保存覆盖、拆分、合并、改派及序号，往返保留身份 (0.207583ms)
✔ 有效分配索引、独立记录、审计及序号完整往返，拒绝重复身份和损坏格式 (0.343583ms)
✔ 拒绝空字符串，不吞掉损坏记录 (0.050666ms)
✔ 拒绝数组根，不吞掉损坏记录 (0.036667ms)
✔ 拒绝生产单数组实体，不吞掉损坏记录 (0.035167ms)
✔ 拒绝生产单空编号，不吞掉损坏记录 (0.037ms)
✔ 拒绝生产单损坏快照，不吞掉损坏记录 (0.036417ms)
✔ 拒绝任务覆盖数组，不吞掉损坏记录 (0.045708ms)
✔ 拒绝任务覆盖身份，不吞掉损坏记录 (0.0715ms)
✔ 拒绝拆分来源身份，不吞掉损坏记录 (0.04125ms)
✔ 拒绝拆分子项损坏，不吞掉损坏记录 (0.036959ms)
✔ 拒绝合并明细损坏，不吞掉损坏记录 (0.032833ms)
✔ 拒绝改派任务身份，不吞掉损坏记录 (0.025625ms)
✔ 拒绝不安全序号，不吞掉损坏记录 (0.02825ms)
✔ 拒绝重复Map键，不吞掉损坏记录 (0.027917ms)
✔ 拒绝current非数组，不吞掉损坏记录 (0.028709ms)
✔ 拒绝current孤儿，不吞掉损坏记录 (0.0275ms)
✔ 拒绝current跨任务，不吞掉损坏记录 (0.024875ms)
✔ 拒绝current重复引用，不吞掉损坏记录 (0.022541ms)
✔ 拒绝审计孤儿，不吞掉损坏记录 (0.023125ms)
✔ 已保存实体损坏编号、缺少meta或重复meta不能伪造正常空源 (0.113792ms)
✔ 未登记key及空白JSON拒绝；null明确代表没有覆盖 (0.041583ms)
✔ 备份校验拒绝未知来源集合、伪造迁移身份及丢失检查点实体 (0.547625ms)
✔ 四类静态运行任务的删除标记完整往返，拒绝混入业务字段或假删除 (0.139459ms)
✔ 分配副产物按实体保存；合同、样衣及PPIC责任保留独立序号 (0.398791ms)
✔ 拒绝缺失渲染必需快照的合同，防止迁移清源后才暴露损坏 (0.047584ms)
✔ 关联实体损坏拒绝 unknown:X (0.036458ms)
✔ 关联实体损坏拒绝 material-context:A (0.025417ms)
✔ 关联实体损坏拒绝 return-sequence:value (0.031458ms)
✔ 关联实体损坏拒绝 sla-current:T (0.023417ms)
✔ 生产创建匹配来源按生产单身份校验并完整恢复 (0.153917ms)
✔ 工厂结束事实只允许明确任务、操作人和时间 (0.885541ms)
✔ 既有招标定标记录保留真实来源编号并校验价格与操作人 (0.166667ms)
✔ 开工交出单头只包含首次零交出事实，拒绝伪造数量和身份 (0.165ms)
(node:36273) ExperimentalWarning: localStorage is not available because --localstorage-file was not provided.
(Use `node --trace-warnings ...` to show where the warning was created)
✔ 分配 SKU 的需料不同；多尺码共料去重，名称含朴排除 (0.989958ms)
✔ 完整但全是朴为空集合；缺颜色映射或空名称属于资料错误 (0.25825ms)
✔ 同名不同编码面料不混并；BOM 身份歧义阻断 (0.178417ms)
✔ 交出回执从快照保留三种明细，Yard 与米不进入裁片数量 (0.569125ms)
✔ 回执任务读取保持数组身份；只在事实变更后重新投影 (0.291625ms)
✔ 款式需料读取的配置查询只返回独立副本，不能污染下次来源读取 (0.30225ms)
✔ 来源读取失败时不能把不可用哨兵值当作稳定分配继续保存 (0.296625ms)
✔ 历史裁片实交保留原数量与归属，其他集合不混入 (0.54225ms)
✔ 历史缺原版本、交错明细、负数量或记录身份错误均阻断恢复 (0.269791ms)
✔ 面辅料单不可写入退役裁片历史，未完成迁移标记不可恢复 (0.251667ms)
ℹ tests 84
ℹ suites 0
ℹ pass 84
ℹ fail 0
ℹ cancelled 0
ℹ skipped 0
ℹ todo 0
ℹ duration_ms 2078.38725
