
> higoods-vanilla-clone@1.0.0 typecheck
> tsc --noEmit

src/data/fcs/dye-work-order-online-view.ts(383,43): error TS2345: Argument of type 'PreparationMaterialReceiptSourceResult | { requiresSource: boolean; requiresUpstream: boolean; sourceMode: "UNRESOLVED"; options: never[]; }' is not assignable to parameter of type 'PreparationMaterialReceiptSourceResult | undefined'.
  Type '{ requiresSource: boolean; requiresUpstream: boolean; sourceMode: "UNRESOLVED"; options: never[]; }' is not assignable to type 'PreparationMaterialReceiptSourceResult'.
    Types of property 'requiresSource' are incompatible.
      Type 'boolean' is not assignable to type 'true'.
src/data/fcs/dye-work-order-online-view.ts(432,59): error TS2345: Argument of type 'PreparationMaterialReceiptSourceResult | { requiresSource: boolean; requiresUpstream: boolean; sourceMode: "UNRESOLVED"; options: never[]; }' is not assignable to parameter of type 'PreparationMaterialReceiptSourceResult'.
  Type '{ requiresSource: boolean; requiresUpstream: boolean; sourceMode: "UNRESOLVED"; options: never[]; }' is not assignable to type 'PreparationMaterialReceiptSourceResult'.
    Types of property 'requiresSource' are incompatible.
      Type 'boolean' is not assignable to type 'true'.
src/data/fcs/factory-receiving-source-sync.ts(20,105): error TS2345: Argument of type 'WarehouseExecutionDoc[]' is not assignable to parameter of type 'readonly CentralTransferDocument[]'.
  Type 'WarehouseExecutionDoc' is not assignable to type 'CentralTransferDocument'.
    Type 'WarehouseReturnOrder' is not assignable to type 'CentralTransferDocument'.
      Type 'WarehouseReturnOrder' is not assignable to type 'WarehouseInternalTransferOrder'.
        Types of property 'docType' are incompatible.
          Type '"RETURN"' is not assignable to type '"INTERNAL_TRANSFER"'.
src/data/fcs/production-task-breakdown.ts(62,23): error TS18048: 'item.productionOrderIds' is possibly 'undefined'.
src/data/pms/tmf-material-purchases.ts(1290,51): error TS7006: Parameter 'r' implicitly has an 'any' type.
src/data/pms/tmf-material-purchases.ts(1290,94): error TS7006: Parameter 'n' implicitly has an 'any' type.
src/data/pms/tmf-material-purchases.ts(1290,96): error TS7006: Parameter 'r' implicitly has an 'any' type.
