
> higoods-vanilla-clone@1.0.0 check:wool-fact-workflow
> tsx scripts/check-wool-fact-workflow.ts

✓ 绑定版本与逐片配置、工艺前置关系均深复制；读取后修改不污染原版本
✓ 部位毛织和整件毛织读取相同逐片模型；两片各 100 片且不制造不外发片
✓ 多纱线关联同一纸样片仅产生一份逐片需求
✓ 同名工艺多个节点不合并，前置关系决定顺序而非数组或序号
✓ 没有逐片也没有工艺是合法无外发；不要求补齐不外发片
✓ 其他颜色、尺码与布料工艺不污染当前任务
✓ 有工艺缺实例、缺路线、缺范围不能当成无外发
✓ 环路、分叉、缺前置节点返回具体阻断
✓ 明确实例路线允许同一片行的两个物理片采用不同路线
✓ 纸样包持有实例而两条纱线关联只引用该包，不重复或丢失实例
✓ 已配置逐片工艺缺片行、空路线前置字段以及跨片前置均明确阻断
✓ 坏路线问题精确落到该片；缺实例落到该 SKU，不升级为全单阻断
毛织逐片来源检查通过：12 个场景
(node:53549) ExperimentalWarning: localStorage is not available because --localstorage-file was not provided.
(Use `node --trace-warnings ...` to show where the warning was created)
✓ Q2 坏路线只阻断 Q2；Q1 可填报和真实交出，工艺单保留；本 SKU 未配齐且整单不能完结
✓ 同单无外加工的另一 SKU 仍自动衔接横机交出、缝盘接收及填报
✓ 缺实例按 SKU 阻断，不误走自动链，不影响其他 SKU 的填报和数量
✓ 缺颜色物料关系同样按 SKU 保留，正常 SKU 的资料不受牵连
PASS 4 route isolation checks
(node:53551) ExperimentalWarning: localStorage is not available because --localstorage-file was not provided.
(Use `node --trace-warnings ...` to show where the warning was created)
PASS 演示收货批次单次持久化、普通数量验证、中途及存储失败均原子回退
PASS A01 整件100件四类事实同量且最终交出仍人工
PASS A01/02 无外加工按件自动衔接且幂等
PASS A10 无料阻断及150%上限
PASS A12 合法横机修正同步四类事实
PASS A12 最终交出后不能反向修正自动链
PASS A05/08 横机片按首厂独立交出及分批实收
PASS A03/04/06 回货取最短板且末工艺才进缝盘
PASS A09 未派工不能外发/误走自动链
PASS A11/14 阶段完成独立且缝盘不能关联设备
9 two-stage contracts passed
(node:53557) ExperimentalWarning: localStorage is not available because --localstorage-file was not provided.
(Use `node --trace-warnings ...` to show where the warning was created)
✓ 横机实际外发片进入首工艺厂，收货不误用纱线称重也不提前入缝盘
✓ 不同工艺厂分两次接收，数量依据实际交出且不能重复或超收
✓ 末工艺分批回货形成唯一缝盘片实收和库存，重读与重启不重复
✓ 错误工厂、错误末节点、伪造交出均阻断
✓ 横机纱线保留毛重、管型、筒数、净重，和片收货分开投影
✓ 接收命令核验当前 PDA 工厂，不能改请求参数越厂收货
毛织两阶段统一接收检查通过：6 个场景
PASS FLOW005 实际裁厂隔离、未知接收仓阻断、按件来源
PASS FLOW006 真实批次可在工艺 Web 接收，超计划但未超交出合法，同一次确认不重复
PASS FLOW006 超交出、变更重试、伪来源、旧逐SKU直接接收均阻断且不留半数据
PASS 实收→加工守恒：12 实收 = 7 待加工 + 5 待交出，未交出不造出库
PASS 同一最终实收事实回读 Web 和两类仓储；20 实收 = 15 待加工 + 5 待交出
PASS 错厂会话、错目标厂及错路线节点不能接收本批成衣
PASS 同厂多后继节点不重复认领；明确节点才得到其批次
7 final downstream contracts passed
(node:53587) ExperimentalWarning: localStorage is not available because --localstorage-file was not provided.
(Use `node --trace-warnings ...` to show where the warning was created)
/private/tmp/higoods-replacement-fabric-release-20260925/src/data/fcs/production-context-records.ts:265
  throw new ProductionContextReadError('生产来源尚未读取，请重新进入页面；未使用空记录代替已有数据。')
        ^

ProductionContextReadError: 生产来源尚未读取，请重新进入页面；未使用空记录代替已有数据。
    at Object.readProductionContextValue (/private/tmp/higoods-replacement-fabric-release-20260925/src/data/fcs/production-context-records.ts:265:9)
    at persistCreatedProductionOrders (/private/tmp/higoods-replacement-fabric-release-20260925/src/data/fcs/production-orders.ts:1852:30)
    at prepareWoolFinalDownstreamReviewScenario (/private/tmp/higoods-replacement-fabric-release-20260925/scripts/fixtures/wool-final-downstream-review.ts:40:3)
    at <anonymous> (/private/tmp/higoods-replacement-fabric-release-20260925/scripts/check-wool-final-refresh.ts:23:19) {
  code: 'PRODUCTION_CONTEXT_RECOVERY'
}

Node.js v26.8.2
node:internal/errors:999
  const err = new Error(message);
              ^

Error: Command failed: /opt/homebrew/Cellar/node/26.8.2/bin/node --import tsx /private/tmp/higoods-replacement-fabric-release-20260925/scripts/check-wool-final-refresh.ts save /var/folders/p5/sm3z8lc52y7gycyy2dg4y6380000gn/T/wool-final-refresh-2gnc89
    at genericNodeError (node:internal/errors:999:15)
    at wrappedFn (node:internal/errors:544:14)
    at checkExecSyncError (node:child_process:942:11)
    at execFileSync (node:child_process:978:15)
    at <anonymous> (/private/tmp/higoods-replacement-fabric-release-20260925/scripts/check-wool-final-refresh.ts:12:44)
    at ModuleJob.run (node:internal/modules/esm/module_job:569:25)
    at async node:internal/modules/esm/loader:650:26
    at async asyncRunEntryPointWithESMLoader (node:internal/modules/run_main:101:5) {
  status: 1,
  signal: null,
  output: [ null, null, null ],
  pid: 53629,
  stdout: null,
  stderr: null
}

Node.js v26.8.2
node:internal/errors:999
  const err = new Error(message);
              ^

Error: Command failed: /opt/homebrew/Cellar/node/26.8.2/bin/node --import tsx scripts/check-wool-final-refresh.ts
    at genericNodeError (node:internal/errors:999:15)
    at wrappedFn (node:internal/errors:544:14)
    at checkExecSyncError (node:child_process:942:11)
    at execFileSync (node:child_process:978:15)
    at <anonymous> (/private/tmp/higoods-replacement-fabric-release-20260925/scripts/check-wool-fact-workflow.ts:9:4)
    at ModuleJob.run (node:internal/modules/esm/module_job:569:25)
    at async node:internal/modules/esm/loader:650:26
    at async asyncRunEntryPointWithESMLoader (node:internal/modules/run_main:101:5) {
  status: 1,
  signal: null,
  output: [ null, null, null ],
  pid: 53609,
  stdout: null,
  stderr: null
}

Node.js v26.8.2
