vite v6.4.3 building for production...
transforming...
✓ 2490 modules transformed.
rendering chunks...
[plugin vite:reporter]
(!) /Users/laoer/Documents/higoods/src/data/app-shell-config.ts is dynamically imported by /Users/laoer/Documents/higoods/src/router/routes.ts but also statically imported by /Users/laoer/Documents/higoods/src/components/shell.ts, /Users/laoer/Documents/higoods/src/state/store.ts, dynamic import will not move module into another chunk.

computing gzip size...
../../../../tmp/higoods-dds-pf-build-final5/index.html                                                           1.08 kB │ gzip:   0.59 kB
../../../../tmp/higoods-dds-pf-build-final5/assets/pcs-pattern-parse.worker-B3_rAVMB.js                         18.52 kB
../../../../tmp/higoods-dds-pf-build-final5/assets/source-views-23Nr_RHD.css                                    34.63 kB │ gzip:   7.04 kB
../../../../tmp/higoods-dds-pf-build-final5/assets/index-CNH9meDu.css                                          146.41 kB │ gzip:  24.30 kB
../../../../tmp/higoods-dds-pf-build-final5/assets/pcs-project-demo-seed-service-COOi2Kbg.js                     0.06 kB │ gzip:   0.08 kB
../../../../tmp/higoods-dds-pf-build-final5/assets/store-domain-quality-bootstrap-DicDpmqK.js                    0.38 kB │ gzip:   0.25 kB
../../../../tmp/higoods-dds-pf-build-final5/assets/sample-warehouse-projection-DjgM8I_v.js                       0.39 kB │ gzip:   0.25 kB
../../../../tmp/higoods-dds-pf-build-final5/assets/tech-pack-CcFgjHum.js                                         0.57 kB │ gzip:   0.32 kB
../../../../tmp/higoods-dds-pf-build-final5/assets/transfer-bag-handover-mock-LILRjBsR.js                        0.63 kB │ gzip:   0.41 kB
../../../../tmp/higoods-dds-pf-build-final5/assets/pcs-reset-placeholder-ZFbtIRlZ.js                             0.72 kB │ gzip:   0.45 kB
../../../../tmp/higoods-dds-pf-build-final5/assets/badge-B_g1ByYu.js                                             0.78 kB │ gzip:   0.42 kB
../../../../tmp/higoods-dds-pf-build-final5/assets/placeholder-BLGnAkcT.js                                       0.81 kB │ gzip:   0.44 kB
../../../../tmp/higoods-dds-pf-build-final5/assets/trace-BIm7zIMO.js                                             0.85 kB │ gzip:   0.49 kB
../../../../tmp/higoods-dds-pf-build-final5/assets/execution-prep-projection-helpers-BHKuRkgQ.js                 0.90 kB │ gzip:   0.44 kB
../../../../tmp/higoods-dds-pf-build-final5/assets/history-BjSXHVKp.js                                           0.94 kB │ gzip:   0.61 kB
../../../../tmp/higoods-dds-pf-build-final5/assets/payment-sync-BBTeQ-Kr.js                                      0.97 kB │ gzip:   0.62 kB
../../../../tmp/higoods-dds-pf-build-final5/assets/print-service-Cb4Z7TQ8.js                                     1.00 kB │ gzip:   0.50 kB
../../../../tmp/higoods-dds-pf-build-final5/assets/pda-runtime-Dcxra4VX.js                                       1.02 kB │ gzip:   0.56 kB
../../../../tmp/higoods-dds-pf-build-final5/assets/pda-sewing-self-return-mode-CVT5AEl1.js                       1.07 kB │ gzip:   0.54 kB
../../../../tmp/higoods-dds-pf-build-final5/assets/detail.adapter-D_nv2YgO.js                                    1.08 kB │ gzip:   0.68 kB
../../../../tmp/higoods-dds-pf-build-final5/assets/process-work-order-generation-service-C46zj97h.js             1.08 kB │ gzip:   0.65 kB
../../../../tmp/higoods-dds-pf-build-final5/assets/dyeing-material-receipts-C-7JIO2d.js                          1.11 kB │ gzip:   0.73 kB
../../../../tmp/higoods-dds-pf-build-final5/assets/dialogs-KBMjWJ1T.js                                           1.12 kB │ gzip:   0.51 kB
../../../../tmp/higoods-dds-pf-build-final5/assets/overview-DuLw0MCy.js                                          1.25 kB │ gzip:   0.69 kB
../../../../tmp/higoods-dds-pf-build-final5/assets/process-work-order-source-view-qxs0DuXZ.js                    1.31 kB │ gzip:   0.58 kB
../../../../tmp/higoods-dds-pf-build-final5/assets/work-order-action-policy-4O75zwZC.js                          1.34 kB │ gzip:   0.68 kB
../../../../tmp/higoods-dds-pf-build-final5/assets/filter-bar-BglNa8j-.js                                        1.49 kB │ gzip:   0.81 kB
../../../../tmp/higoods-dds-pf-build-final5/assets/work-order-detail-CGgqVSDu.js                                 1.54 kB │ gzip:   0.73 kB
../../../../tmp/higoods-dds-pf-build-final5/assets/material-identity-C2Mz_yfr.js                                 1.54 kB │ gzip:   0.85 kB
../../../../tmp/higoods-dds-pf-build-final5/assets/supplement-material-prep-demand-registry-DI-N3DvB.js          1.56 kB │ gzip:   0.75 kB
../../../../tmp/higoods-dds-pf-build-final5/assets/task-handover-domain-lzrFHpB1.js                              1.57 kB │ gzip:   0.76 kB
../../../../tmp/higoods-dds-pf-build-final5/assets/warehouse-shared-CQvCmcVM.js                                  1.57 kB │ gzip:   0.51 kB
../../../../tmp/higoods-dds-pf-build-final5/assets/pda-cutting-wait-handover-actions-CQ_RWgKR.js                 1.58 kB │ gzip:   0.62 kB
../../../../tmp/higoods-dds-pf-build-final5/assets/task-chain-pages-adapter-KeQM2JMQ.js                          1.72 kB │ gzip:   0.85 kB
../../../../tmp/higoods-dds-pf-build-final5/assets/dialog-DRqw5-kH.js                                            1.73 kB │ gzip:   0.83 kB
../../../../tmp/higoods-dds-pf-build-final5/assets/production-contract-print-f0o5ssLz.js                         1.76 kB │ gzip:   1.06 kB
../../../../tmp/higoods-dds-pf-build-final5/assets/wool-pda-scan-B-vUNafg.js                                     1.79 kB │ gzip:   1.00 kB
../../../../tmp/higoods-dds-pf-build-final5/assets/real-barcode-crj954At.js                                      1.81 kB │ gzip:   0.97 kB
../../../../tmp/higoods-dds-pf-build-final5/assets/toast-BOK1HVsn.js                                             1.87 kB │ gzip:   0.90 kB
../../../../tmp/higoods-dds-pf-build-final5/assets/printing-sheet-preview-DE7X2A_R.js                            1.91 kB │ gzip:   1.02 kB
../../../../tmp/higoods-dds-pf-build-final5/assets/kol-goto-fixed-total-ledger-ND6hx_zB.js                       1.93 kB │ gzip:   0.93 kB
../../../../tmp/higoods-dds-pf-build-final5/assets/table-DrJ-Reoh.js                                             2.04 kB │ gzip:   1.03 kB
../../../../tmp/higoods-dds-pf-build-final5/assets/pda-cutting-simple-cut-piece-handover-DF13Qgc0.js             2.13 kB │ gzip:   1.10 kB
../../../../tmp/higoods-dds-pf-build-final5/assets/shared-B935AM6s.js                                            2.18 kB │ gzip:   1.03 kB
../../../../tmp/higoods-dds-pf-build-final5/assets/binding-process-pda-scan-DtJz2S15.js                          2.18 kB │ gzip:   1.13 kB
../../../../tmp/higoods-dds-pf-build-final5/assets/special-craft-pda-scope-DXGrwaEf.js                           2.22 kB │ gzip:   1.01 kB
../../../../tmp/higoods-dds-pf-build-final5/assets/helpers-BFKa6pUf.js                                           2.42 kB │ gzip:   1.21 kB
../../../../tmp/higoods-dds-pf-build-final5/assets/shared-BZ6J_cEB.js                                            2.70 kB │ gzip:   1.03 kB
../../../../tmp/higoods-dds-pf-build-final5/assets/process-order-list-presentation--bUgyBsU.js                   2.71 kB │ gzip:   1.27 kB
../../../../tmp/higoods-dds-pf-build-final5/assets/marker-plan-projection-CAA3BNyC.js                            2.76 kB │ gzip:   1.19 kB
../../../../tmp/higoods-dds-pf-build-final5/assets/post-finishing-spu-technical-parameters-CgSBHDct.js           2.78 kB │ gzip:   1.28 kB
../../../../tmp/higoods-dds-pf-build-final5/assets/authorization-code-S854-9hw.js                                2.90 kB │ gzip:   1.42 kB
../../../../tmp/higoods-dds-pf-build-final5/assets/process-order-task-relations-DeQz5YJo.js                      2.97 kB │ gzip:   1.29 kB
../../../../tmp/higoods-dds-pf-build-final5/assets/confirmation-print-BzN-KSKu.js                                2.98 kB │ gzip:   1.29 kB
../../../../tmp/higoods-dds-pf-build-final5/assets/production-order-identity-DrfBigMm.js                         3.00 kB │ gzip:   1.25 kB
../../../../tmp/higoods-dds-pf-build-final5/assets/progress-board-Cwpumi23.js                                    3.08 kB │ gzip:   1.47 kB
../../../../tmp/higoods-dds-pf-build-final5/assets/tabs-CDmbLDxy.js                                              3.09 kB │ gzip:   0.93 kB
../../../../tmp/higoods-dds-pf-build-final5/assets/pda-cutting-runtime-action-inputs-CqEknaI4.js                 3.14 kB │ gzip:   1.10 kB
../../../../tmp/higoods-dds-pf-build-final5/assets/task-route-card-C-hQZSf2.js                                   3.24 kB │ gzip:   1.43 kB
../../../../tmp/higoods-dds-pf-build-final5/assets/task-delivery-card-6x9tLKvo.js                                3.30 kB │ gzip:   1.51 kB
../../../../tmp/higoods-dds-pf-build-final5/assets/cutting-mainline-J6OD6k-G.js                                  3.41 kB │ gzip:   1.53 kB
../../../../tmp/higoods-dds-pf-build-final5/assets/transfer-bags-projection-CuOnHvNf.js                          3.52 kB │ gzip:   1.49 kB
../../../../tmp/higoods-dds-pf-build-final5/assets/fcs-route-links-Dl-VJ-4c.js                                   3.57 kB │ gzip:   1.16 kB
../../../../tmp/higoods-dds-pf-build-final5/assets/binding-process-warehouse-linkage-service-Bfrt4oYh.js         3.63 kB │ gzip:   1.38 kB
../../../../tmp/higoods-dds-pf-build-final5/assets/quality-chain-adapter-DspjR3wx.js                             3.68 kB │ gzip:   1.66 kB
../../../../tmp/higoods-dds-pf-build-final5/assets/shared-CaU69rMv.js                                            3.73 kB │ gzip:   1.69 kB
../../../../tmp/higoods-dds-pf-build-final5/assets/engineering-file-upload-DjvSCmzX.js                           3.77 kB │ gzip:   1.72 kB
../../../../tmp/higoods-dds-pf-build-final5/assets/shared-DtycA8YH.js                                            3.91 kB │ gzip:   1.64 kB
../../../../tmp/higoods-dds-pf-build-final5/assets/transfer-bag-repack-mock-C8cBZ0oK.js                          3.95 kB │ gzip:   1.82 kB
../../../../tmp/higoods-dds-pf-build-final5/assets/sewing-outsourcing-demo-B_z8wmnQ.js                           3.95 kB │ gzip:   1.58 kB
../../../../tmp/higoods-dds-pf-build-final5/assets/dashboards-8b6gZMur.js                                        4.10 kB │ gzip:   2.02 kB
../../../../tmp/higoods-dds-pf-build-final5/assets/form-h-eOE7dC.js                                              4.37 kB │ gzip:   1.39 kB
../../../../tmp/higoods-dds-pf-build-final5/assets/sewing-outsourcing-responsibility-CbokqwPL.js                 4.42 kB │ gzip:   1.96 kB
../../../../tmp/higoods-dds-pf-build-final5/assets/routes-pda-D6yfWv64.js                                        4.43 kB │ gzip:   1.70 kB
../../../../tmp/higoods-dds-pf-build-final5/assets/supplement-order-registry-CHnc7juB.js                         4.49 kB │ gzip:   1.76 kB
../../../../tmp/higoods-dds-pf-build-final5/assets/preparation-material-receipt-sources-DkTRhTaL.js              4.68 kB │ gzip:   1.95 kB
../../../../tmp/higoods-dds-pf-build-final5/assets/layout.helpers-T95AqxQc.js                                    4.76 kB │ gzip:   1.74 kB
../../../../tmp/higoods-dds-pf-build-final5/assets/runtime-task-tenders-YGz6fHpq.js                              4.76 kB │ gzip:   1.94 kB
../../../../tmp/higoods-dds-pf-build-final5/assets/relations-BUdAsk0B.js                                         4.77 kB │ gzip:   2.18 kB
../../../../tmp/higoods-dds-pf-build-final5/assets/process-order-list-controller-DmYLskgs.js                     4.83 kB │ gzip:   1.86 kB
../../../../tmp/higoods-dds-pf-build-final5/assets/store-domain-dispatch-process-CK5m_IJ-.js                     5.01 kB │ gzip:   1.95 kB
../../../../tmp/higoods-dds-pf-build-final5/assets/process-work-order-quality-settlement-CKr7pEjG.js             5.33 kB │ gzip:   2.20 kB
../../../../tmp/higoods-dds-pf-build-final5/assets/dispatch-task-sheet-C6d3FZny.js                               5.56 kB │ gzip:   2.66 kB
../../../../tmp/higoods-dds-pf-build-final5/assets/routes-pcs-W6qpnke6.js                                        5.65 kB │ gzip:   1.64 kB
../../../../tmp/higoods-dds-pf-build-final5/assets/process-order-three-axis-view-Bsv5CfA9.js                     5.72 kB │ gzip:   2.30 kB
../../../../tmp/higoods-dds-pf-build-final5/assets/production-contract-center-CG8kiOhm.js                        5.80 kB │ gzip:   2.49 kB
../../../../tmp/higoods-dds-pf-build-final5/assets/pda-cutting-nav-context-DHfWgvn-.js                           5.95 kB │ gzip:   1.40 kB
../../../../tmp/higoods-dds-pf-build-final5/assets/fcs-pda-pickup-dispute-BFwSK0Ki.js                            6.19 kB │ gzip:   2.19 kB
../../../../tmp/higoods-dds-pf-build-final5/assets/material-handover-B5lUdg_2.js                                 6.24 kB │ gzip:   2.44 kB
../../../../tmp/higoods-dds-pf-build-final5/assets/pcs-project-technical-data-writeback-CGPkGSZt.js              6.24 kB │ gzip:   2.40 kB
../../../../tmp/higoods-dds-pf-build-final5/assets/warehouse-standard-C2KWjnEU.js                                6.26 kB │ gzip:   2.08 kB
../../../../tmp/higoods-dds-pf-build-final5/assets/fact-view-DfSt47M4.js                                         6.28 kB │ gzip:   2.08 kB
../../../../tmp/higoods-dds-pf-build-final5/assets/statistics-zhmJX1hM.js                                        6.34 kB │ gzip:   1.91 kB
../../../../tmp/higoods-dds-pf-build-final5/assets/pda-notify-CTAKs88M.js                                        6.46 kB │ gzip:   2.35 kB
../../../../tmp/higoods-dds-pf-build-final5/assets/pda-transfer-bag-detail-BOSQyjdI.js                           6.52 kB │ gzip:   2.36 kB
../../../../tmp/higoods-dds-pf-build-final5/assets/sewing-outsourcing-supplement-tracking-BFsmHa7x.js            6.63 kB │ gzip:   2.89 kB
../../../../tmp/higoods-dds-pf-build-final5/assets/shared-lrdVbipl.js                                            6.82 kB │ gzip:   2.51 kB
../../../../tmp/higoods-dds-pf-build-final5/assets/production-contract-master-template-CEQZBdub.js               6.85 kB │ gzip:   2.74 kB
../../../../tmp/higoods-dds-pf-build-final5/assets/dye-work-order-times-CxLziefL.js                              7.12 kB │ gzip:   2.52 kB
../../../../tmp/higoods-dds-pf-build-final5/assets/pda-cutting-execution-unit-DKMPsXZe.js                        7.19 kB │ gzip:   2.71 kB
../../../../tmp/higoods-dds-pf-build-final5/assets/pda-notify-detail-MU737dNo.js                                 7.35 kB │ gzip:   2.32 kB
../../../../tmp/higoods-dds-pf-build-final5/assets/overview.helpers-BP2F5Yu8.js                                  7.36 kB │ gzip:   2.88 kB
../../../../tmp/higoods-dds-pf-build-final5/assets/pda-cutting-fei-ticket-numbering-DOSr-9Zk.js                  7.43 kB │ gzip:   2.48 kB
../../../../tmp/higoods-dds-pf-build-final5/assets/settlement-flow-boundaries-DbkSNas3.js                        7.43 kB │ gzip:   2.53 kB
../../../../tmp/higoods-dds-pf-build-final5/assets/production-craft-dict-8-OOSGYx.js                             7.51 kB │ gzip:   2.83 kB
../../../../tmp/higoods-dds-pf-build-final5/assets/pda-warehouse-D5Ty8t7T.js                                     7.51 kB │ gzip:   3.01 kB
../../../../tmp/higoods-dds-pf-build-final5/assets/sewing-outsourcing-return-tracking-BKtj2GVj.js                7.57 kB │ gzip:   2.84 kB
../../../../tmp/higoods-dds-pf-build-final5/assets/workbench-Bfj2sr3X.js                                         7.64 kB │ gzip:   3.14 kB
../../../../tmp/higoods-dds-pf-build-final5/assets/pda-cutting-transfer-bag-recovery-DI2Ug9Wm.js                 7.73 kB │ gzip:   3.25 kB
../../../../tmp/higoods-dds-pf-build-final5/assets/pcs-material-archive-detail-DDqZ0Qdz.js                       7.74 kB │ gzip:   2.72 kB
../../../../tmp/higoods-dds-pf-build-final5/assets/supplement-node-facts-BYVqhCQ4.js                             7.76 kB │ gzip:   2.85 kB
../../../../tmp/higoods-dds-pf-build-final5/assets/production-contracts-DtYyG2YJ.js                              8.06 kB │ gzip:   2.74 kB
../../../../tmp/higoods-dds-pf-build-final5/assets/progress-exception-lifecycle-BJx0gSBY.js                      8.09 kB │ gzip:   2.70 kB
../../../../tmp/higoods-dds-pf-build-final5/assets/pda-cutting-transfer-bag-scrap-74HJKPAx.js                    8.11 kB │ gzip:   3.37 kB
../../../../tmp/higoods-dds-pf-build-final5/assets/milestone-configs-DisfU9t5.js                                 8.42 kB │ gzip:   2.95 kB
../../../../tmp/higoods-dds-pf-build-final5/assets/statistics-C1dFsd0s.js                                        8.44 kB │ gzip:   3.67 kB
../../../../tmp/higoods-dds-pf-build-final5/assets/pre-settlement-ledger-repository-DcYUeexj.js                  8.64 kB │ gzip:   2.96 kB
../../../../tmp/higoods-dds-pf-build-final5/assets/pcs-pattern-library-config-MPN9FLf_.js                        8.76 kB │ gzip:   2.39 kB
../../../../tmp/higoods-dds-pf-build-final5/assets/fei-ticket-numbering-BNMQ2VCX.js                              8.81 kB │ gzip:   3.09 kB
../../../../tmp/higoods-dds-pf-build-final5/assets/pda-cutting-shared-DU9g_1Us.js                                8.83 kB │ gzip:   2.71 kB
../../../../tmp/higoods-dds-pf-build-final5/assets/navigation-context-BcoxW7oY.js                                8.87 kB │ gzip:   2.46 kB
../../../../tmp/higoods-dds-pf-build-final5/assets/yarn-shipments-h-Z7t784.js                                    8.95 kB │ gzip:   4.06 kB
../../../../tmp/higoods-dds-pf-build-final5/assets/pda-login-BcLAvWz_.js                                         8.98 kB │ gzip:   3.48 kB
../../../../tmp/higoods-dds-pf-build-final5/assets/list-MLC3FEf2.js                                              9.08 kB │ gzip:   3.03 kB
../../../../tmp/higoods-dds-pf-build-final5/assets/dye-work-order-online-domain-D0OYpvZZ.js                      9.53 kB │ gzip:   3.55 kB
../../../../tmp/higoods-dds-pf-build-final5/assets/sewing-pickup-slips-C47YqwWe.js                               9.56 kB │ gzip:   3.59 kB
../../../../tmp/higoods-dds-pf-build-final5/assets/production-return-fulfillment-Dcr80tQ7.js                    10.01 kB │ gzip:   3.82 kB
../../../../tmp/higoods-dds-pf-build-final5/assets/handover-print-GOz6LZAh.js                                   10.64 kB │ gzip:   3.90 kB
../../../../tmp/higoods-dds-pf-build-final5/assets/presentation-xtyPDMQH.js                                     11.01 kB │ gzip:   4.53 kB
../../../../tmp/higoods-dds-pf-build-final5/assets/task-breakdown-CYanPig7.js                                   11.04 kB │ gzip:   4.06 kB
../../../../tmp/higoods-dds-pf-build-final5/assets/tasks-Dam98884.js                                            11.29 kB │ gzip:   4.34 kB
../../../../tmp/higoods-dds-pf-build-final5/assets/material-transfers-B6RXed8a.js                               11.31 kB │ gzip:   3.93 kB
../../../../tmp/higoods-dds-pf-build-final5/assets/pda-exec-link-DUEOzf1a.js                                    11.31 kB │ gzip:   3.69 kB
../../../../tmp/higoods-dds-pf-build-final5/assets/material-prep-aetGHhks.js                                    11.40 kB │ gzip:   2.68 kB
../../../../tmp/higoods-dds-pf-build-final5/assets/dyeing-warehouse-view-TfLf_u__.js                            11.46 kB │ gzip:   3.93 kB
../../../../tmp/higoods-dds-pf-build-final5/assets/process-statistics-domain-D3K7nBWQ.js                        12.19 kB │ gzip:   3.97 kB
../../../../tmp/higoods-dds-pf-build-final5/assets/task-execution-adapter-DmCZiTKv.js                           12.20 kB │ gzip:   3.64 kB
../../../../tmp/higoods-dds-pf-build-final5/assets/pickup-management-runtime-B2nLiu_t.js                        12.20 kB │ gzip:   4.72 kB
../../../../tmp/higoods-dds-pf-build-final5/assets/wls-inbound-ChNCKt2P.js                                      12.43 kB │ gzip:   4.79 kB
../../../../tmp/higoods-dds-pf-build-final5/assets/returns-Czc8Dyfs.js                                          12.43 kB │ gzip:   4.60 kB
../../../../tmp/higoods-dds-pf-build-final5/assets/cut-piece-return-warehouse-xxfSh5j7.js                       12.46 kB │ gzip:   4.38 kB
../../../../tmp/higoods-dds-pf-build-final5/assets/meta-Yw-rs2Vw.js                                             12.79 kB │ gzip:   2.87 kB
../../../../tmp/higoods-dds-pf-build-final5/assets/context-BL5YdyTN.js                                          12.97 kB │ gzip:   4.58 kB
../../../../tmp/higoods-dds-pf-build-final5/assets/responsibility-transfers-BbmYeFAu.js                         13.06 kB │ gzip:   4.89 kB
../../../../tmp/higoods-dds-pf-build-final5/assets/handover-records-DW1c7LVz.js                                 13.14 kB │ gzip:   4.13 kB
../../../../tmp/higoods-dds-pf-build-final5/assets/supplements-BDuIBDry.js                                      13.17 kB │ gzip:   4.76 kB
../../../../tmp/higoods-dds-pf-build-final5/assets/wls-finished-inbound-BFsrHEvD.js                             13.27 kB │ gzip:   5.04 kB
../../../../tmp/higoods-dds-pf-build-final5/assets/pda-start-link-Bq4ppkA3.js                                   13.37 kB │ gzip:   4.73 kB
../../../../tmp/higoods-dds-pf-build-final5/assets/work-orders-DNOiQlxS.js                                      13.87 kB │ gzip:   4.68 kB
../../../../tmp/higoods-dds-pf-build-final5/assets/mobile-execution-task-index-ChDdmKYc.js                      13.96 kB │ gzip:   3.70 kB
../../../../tmp/higoods-dds-pf-build-final5/assets/workbench-CicI89xN.js                                        14.06 kB │ gzip:   4.07 kB
../../../../tmp/higoods-dds-pf-build-final5/assets/work-order-detail-DRlcqUzk.js                                14.16 kB │ gzip:   4.48 kB
../../../../tmp/higoods-dds-pf-build-final5/assets/post-finishing-qc-print-template-BamZD4AF.js                 14.45 kB │ gzip:   4.46 kB
../../../../tmp/higoods-dds-pf-build-final5/assets/work-orders-oYtx2-Oy.js                                      14.70 kB │ gzip:   4.77 kB
../../../../tmp/higoods-dds-pf-build-final5/assets/reports-DHRK56mt.js                                          14.78 kB │ gzip:   3.56 kB
../../../../tmp/higoods-dds-pf-build-final5/assets/full-flow-print-Csq7ChM7.js                                  14.87 kB │ gzip:   4.83 kB
../../../../tmp/higoods-dds-pf-build-final5/assets/progress-handover-order-yeK3z9er.js                          15.10 kB │ gzip:   4.32 kB
../../../../tmp/higoods-dds-pf-build-final5/assets/pcs-engineering-tech-pack-workspace-BIbfeUV-.js              15.18 kB │ gzip:   5.42 kB
../../../../tmp/higoods-dds-pf-build-final5/assets/cut-order-release-integration-BVwLWWJg.js                    15.25 kB │ gzip:   5.42 kB
../../../../tmp/higoods-dds-pf-build-final5/assets/machines-BkGNOc0J.js                                         15.34 kB │ gzip:   5.03 kB
../../../../tmp/higoods-dds-pf-build-final5/assets/outbound-orders-BnRE9Cow.js                                  15.37 kB │ gzip:   4.94 kB
../../../../tmp/higoods-dds-pf-build-final5/assets/pda-cutting-task-detail-BtzzAAzp.js                          15.53 kB │ gzip:   5.40 kB
../../../../tmp/higoods-dds-pf-build-final5/assets/process-web-status-actions-DI_kY1U7.js                       15.92 kB │ gzip:   4.22 kB
../../../../tmp/higoods-dds-pf-build-final5/assets/simple-cut-piece-handover-fixtures-DGIBJQ9q.js               15.93 kB │ gzip:   5.29 kB
../../../../tmp/higoods-dds-pf-build-final5/assets/cut-order-supplement-fixture-eaK6E_MA.js                     15.97 kB │ gzip:   4.83 kB
../../../../tmp/higoods-dds-pf-build-final5/assets/pda-sewing-self-return-Bg-yDf7h.js                           15.98 kB │ gzip:   5.26 kB
../../../../tmp/higoods-dds-pf-build-final5/assets/garment-spu-replacement-B9ybWiKi.js                          16.00 kB │ gzip:   4.84 kB
../../../../tmp/higoods-dds-pf-build-final5/assets/progress-cutting-detail-BAA2qPql.js                          16.02 kB │ gzip:   3.79 kB
../../../../tmp/higoods-dds-pf-build-final5/assets/handover-ledger-view-B3fEO6BT.js                             16.17 kB │ gzip:   4.45 kB
../../../../tmp/higoods-dds-pf-build-final5/assets/wls-garment-relabel-tasks-f0vWckrj.js                        16.23 kB │ gzip:   5.32 kB
../../../../tmp/higoods-dds-pf-build-final5/assets/pda-notify-due-soon-D0UatPKP.js                              16.46 kB │ gzip:   5.50 kB
../../../../tmp/higoods-dds-pf-build-final5/assets/events-Db_QFwd2.js                                           16.96 kB │ gzip:   6.65 kB
../../../../tmp/higoods-dds-pf-build-final5/assets/pda-handlers-7I1g0cNS.js                                     17.10 kB │ gzip:   4.45 kB
../../../../tmp/higoods-dds-pf-build-final5/assets/sewing-cut-piece-return-workflow-DzGPGlPx.js                 17.17 kB │ gzip:   6.07 kB
../../../../tmp/higoods-dds-pf-build-final5/assets/production-confirmation-DxRqNDr4.js                          17.25 kB │ gzip:   5.89 kB
../../../../tmp/higoods-dds-pf-build-final5/assets/warehouse-CjzvNshI.js                                        17.28 kB │ gzip:   5.38 kB
../../../../tmp/higoods-dds-pf-build-final5/assets/marker-spreading-projection-7ANe43cT.js                      17.48 kB │ gzip:   5.52 kB
../../../../tmp/higoods-dds-pf-build-final5/assets/sewing-cut-piece-responsibility-BqDt33MX.js                  17.53 kB │ gzip:   5.26 kB
../../../../tmp/higoods-dds-pf-build-final5/assets/process-mobile-task-binding-4osCSytB.js                      17.56 kB │ gzip:   6.15 kB
../../../../tmp/higoods-dds-pf-build-final5/assets/pda-warehouse-inbound-records-Bzz5bbmK.js                    17.94 kB │ gzip:   4.98 kB
../../../../tmp/higoods-dds-pf-build-final5/assets/adjustments-C1C1DYJ1.js                                      18.14 kB │ gzip:   5.49 kB
../../../../tmp/higoods-dds-pf-build-final5/assets/purchase-demands-Eb9Pmtmn.js                                 18.28 kB │ gzip:   5.86 kB
../../../../tmp/higoods-dds-pf-build-final5/assets/pda-warehouse-shared-DHUg4O6c.js                             18.43 kB │ gzip:   5.41 kB
../../../../tmp/higoods-dds-pf-build-final5/assets/pda-warehouse-outbound-records-BSNW0u_q.js                   18.43 kB │ gzip:   5.21 kB
../../../../tmp/higoods-dds-pf-build-final5/assets/task-orders-BGlxk0cf.js                                      18.52 kB │ gzip:   6.23 kB
../../../../tmp/higoods-dds-pf-build-final5/assets/platform-process-result-view-SiubIdLA.js                     18.53 kB │ gzip:   5.33 kB
../../../../tmp/higoods-dds-pf-build-final5/assets/store-domain-statement-source-adapter-EES1szBv.js            18.56 kB │ gzip:   5.31 kB
../../../../tmp/higoods-dds-pf-build-final5/assets/sewing-outsourcing-workbench-C6rgLub5.js                     18.65 kB │ gzip:   6.46 kB
../../../../tmp/higoods-dds-pf-build-final5/assets/production-demand-early-process-work-orders-BaXU-WAy.js      18.82 kB │ gzip:   5.60 kB
../../../../tmp/higoods-dds-pf-build-final5/assets/process-water-soluble-orders-CbtbYb2J.js                     18.83 kB │ gzip:   5.75 kB
../../../../tmp/higoods-dds-pf-build-final5/assets/kol-goto-pda-domain-CW_x3j9a.js                              19.16 kB │ gzip:   6.51 kB
../../../../tmp/higoods-dds-pf-build-final5/assets/platform.adapter-BtS4R0qp.js                                 19.25 kB │ gzip:   6.09 kB
../../../../tmp/higoods-dds-pf-build-final5/assets/shared-DZLStbD0.js                                           19.47 kB │ gzip:   5.28 kB
../../../../tmp/higoods-dds-pf-build-final5/assets/audit-records-DPKWpixH.js                                    19.68 kB │ gzip:   6.36 kB
../../../../tmp/higoods-dds-pf-build-final5/assets/factory-sample-verification-flow-B2Y-tNkA.js                 19.86 kB │ gzip:   4.87 kB
../../../../tmp/higoods-dds-pf-build-final5/assets/index-DTcZ2E5W.js                                            20.17 kB │ gzip:   5.20 kB
../../../../tmp/higoods-dds-pf-build-final5/assets/pcs-engineering-master-list-BjTKX6CL.js                      20.43 kB │ gzip:   6.95 kB
../../../../tmp/higoods-dds-pf-build-final5/assets/deduction-analysis-D_I1Z7MM.js                               20.59 kB │ gzip:   5.84 kB
../../../../tmp/higoods-dds-pf-build-final5/assets/order-list-columns-CrbfhUMB.js                               20.61 kB │ gzip:   6.46 kB
../../../../tmp/higoods-dds-pf-build-final5/assets/fei-ticket-numbering-DYxrFIiI.js                             20.64 kB │ gzip:   5.69 kB
../../../../tmp/higoods-dds-pf-build-final5/assets/overview.adapter-B4AD_TlH.js                                 20.65 kB │ gzip:   6.53 kB
../../../../tmp/higoods-dds-pf-build-final5/assets/events-D6ASnBqe.js                                           21.10 kB │ gzip:   6.53 kB
../../../../tmp/higoods-dds-pf-build-final5/assets/work-order-detail-Cp30lCjy.js                                21.17 kB │ gzip:   6.68 kB
../../../../tmp/higoods-dds-pf-build-final5/assets/pcs-engineering-master-view-model-BMurYFnT.js                21.18 kB │ gzip:   7.02 kB
../../../../tmp/higoods-dds-pf-build-final5/assets/cut-piece-returns-Dsnq1-sD.js                                21.58 kB │ gzip:   6.49 kB
../../../../tmp/higoods-dds-pf-build-final5/assets/cut-piece-handover-pU4FR0Bj.js                               21.78 kB │ gzip:   6.95 kB
../../../../tmp/higoods-dds-pf-build-final5/assets/progress-cutting-overview-CgO_30sL.js                        22.05 kB │ gzip:   5.01 kB
../../../../tmp/higoods-dds-pf-build-final5/assets/material-issue-nIH_6N6U.js                                   22.06 kB │ gzip:   5.19 kB
../../../../tmp/higoods-dds-pf-build-final5/assets/tasks-jKEVFfTE.js                                            22.06 kB │ gzip:   6.99 kB
../../../../tmp/higoods-dds-pf-build-final5/assets/pms-purchase-orders-Bj1T-fys.js                              22.06 kB │ gzip:   6.46 kB
../../../../tmp/higoods-dds-pf-build-final5/assets/pcs-project-detail-support-BAVM_IS8.js                       22.09 kB │ gzip:   6.80 kB
../../../../tmp/higoods-dds-pf-build-final5/assets/wls-accessory-receipts-DfZ-RJlK.js                           22.17 kB │ gzip:   6.69 kB
../../../../tmp/higoods-dds-pf-build-final5/assets/qc-workbench-B1PtALoB.js                                     22.36 kB │ gzip:   6.90 kB
../../../../tmp/higoods-dds-pf-build-final5/assets/dye-work-order-online-view-BMa9YH4A.js                       22.48 kB │ gzip:   7.73 kB
../../../../tmp/higoods-dds-pf-build-final5/assets/warehouse-location-map-model-BekpQp_e.js                     22.51 kB │ gzip:   7.14 kB
../../../../tmp/higoods-dds-pf-build-final5/assets/recheck-orders-7G_A8CvE.js                                   22.53 kB │ gzip:   7.07 kB
../../../../tmp/higoods-dds-pf-build-final5/assets/production-order-duration-BRJ6TSCR.js                        22.53 kB │ gzip:   8.57 kB
../../../../tmp/higoods-dds-pf-build-final5/assets/material-statements-BgnHqje5.js                              22.74 kB │ gzip:   6.01 kB
../../../../tmp/higoods-dds-pf-build-final5/assets/progress-statistics-linkage-Cdi5-232.js                      22.82 kB │ gzip:   6.52 kB
../../../../tmp/higoods-dds-pf-build-final5/assets/simple-cut-piece-handover-ui-BcCfVIG0.js                     23.02 kB │ gzip:   8.88 kB
../../../../tmp/higoods-dds-pf-build-final5/assets/process-order-task-links-ZLVQhBaZ.js                         23.49 kB │ gzip:   6.38 kB
../../../../tmp/higoods-dds-pf-build-final5/assets/process-print-orders-CckgBiS2.js                             23.62 kB │ gzip:   7.74 kB
../../../../tmp/higoods-dds-pf-build-final5/assets/qc-orders-DszIlQft.js                                        23.64 kB │ gzip:   7.34 kB
../../../../tmp/higoods-dds-pf-build-final5/assets/pcs-handlers-CN3IcH7e.js                                     23.74 kB │ gzip:   6.15 kB
../../../../tmp/higoods-dds-pf-build-final5/assets/process-dye-orders-BF-FXht9.js                               23.80 kB │ gzip:   7.82 kB
../../../../tmp/higoods-dds-pf-build-final5/assets/machine-associations-JMt2twNG.js                             24.45 kB │ gzip:   7.27 kB
../../../../tmp/higoods-dds-pf-build-final5/assets/fcs-production-tech-pack-snapshot-D2near9F.js                24.61 kB │ gzip:   6.18 kB
../../../../tmp/higoods-dds-pf-build-final5/assets/retired-process-history-lhvxFfwx.js                          24.75 kB │ gzip:   6.40 kB
../../../../tmp/higoods-dds-pf-build-final5/assets/dialogs-CA3n7Qun.js                                          24.87 kB │ gzip:   6.15 kB
../../../../tmp/higoods-dds-pf-build-final5/assets/wls-fabric-demand-board-BzTQ_Rxv.js                          25.08 kB │ gzip:   6.86 kB
../../../../tmp/higoods-dds-pf-build-final5/assets/pda-wool-fact-execution-v1L3I7p1.js                          25.41 kB │ gzip:   8.34 kB
../../../../tmp/higoods-dds-pf-build-final5/assets/pda-warehouse-wait-handover-BoJMVphO.js                      25.64 kB │ gzip:   6.40 kB
../../../../tmp/higoods-dds-pf-build-final5/assets/sample-approval-suggestions-B-MlPAyH.js                      25.96 kB │ gzip:   7.99 kB
../../../../tmp/higoods-dds-pf-build-final5/assets/progress-milestone-config-CsTcbyR5.js                        26.46 kB │ gzip:   5.66 kB
../../../../tmp/higoods-dds-pf-build-final5/assets/sample-warehouse-CY1YK7Qq.js                                 26.66 kB │ gzip:   6.64 kB
../../../../tmp/higoods-dds-pf-build-final5/assets/marker-spreading-utils-DuNYbpgn.js                           26.72 kB │ gzip:   7.82 kB
../../../../tmp/higoods-dds-pf-build-final5/assets/third-party-factory-rating-BRiLKhvH.js                       27.06 kB │ gzip:   7.59 kB
../../../../tmp/higoods-dds-pf-build-final5/assets/warehouse-location-map-BwP9exNt.js                           27.06 kB │ gzip:   7.09 kB
../../../../tmp/higoods-dds-pf-build-final5/assets/pcs-channel-products-DZgOVCQc.js                             27.12 kB │ gzip:   7.19 kB
../../../../tmp/higoods-dds-pf-build-final5/assets/pcs-pattern-library-detail-BArMhV-b.js                       27.61 kB │ gzip:   6.58 kB
../../../../tmp/higoods-dds-pf-build-final5/assets/warehouse-BbOeLIjy.js                                        28.11 kB │ gzip:   9.34 kB
../../../../tmp/higoods-dds-pf-build-final5/assets/production-order-progress-tracking-BzrsVhAi.js               28.24 kB │ gzip:   9.23 kB
../../../../tmp/higoods-dds-pf-build-final5/assets/factory-status-bb2F-r9B.js                                   28.39 kB │ gzip:   6.00 kB
../../../../tmp/higoods-dds-pf-build-final5/assets/pcs-engineering-master-detail-CTDmfyEr.js                    28.54 kB │ gzip:   8.37 kB
../../../../tmp/higoods-dds-pf-build-final5/assets/task-detail-j9m-IuVo.js                                      28.64 kB │ gzip:   8.31 kB
../../../../tmp/higoods-dds-pf-build-final5/assets/marker-plan-source-model-Db8BnfTm.js                         28.86 kB │ gzip:   8.45 kB
../../../../tmp/higoods-dds-pf-build-final5/assets/progress-cutting-exception-center-lLifGlkH.js                29.12 kB │ gzip:   6.47 kB
../../../../tmp/higoods-dds-pf-build-final5/assets/early-process-management-DIeVfULm.js                         30.06 kB │ gzip:   7.56 kB
../../../../tmp/higoods-dds-pf-build-final5/assets/handover-orders-BWpdKJxv.js                                  30.07 kB │ gzip:   8.28 kB
../../../../tmp/higoods-dds-pf-build-final5/assets/pcs-config-workspace-DnzlsiUo.js                             30.78 kB │ gzip:   6.79 kB
../../../../tmp/higoods-dds-pf-build-final5/assets/process-warehouse-domain-DJpwM9X_.js                         31.14 kB │ gzip:   7.02 kB
../../../../tmp/higoods-dds-pf-build-final5/assets/capability-DvC_fwMx.js                                       31.64 kB │ gzip:   6.69 kB
../../../../tmp/higoods-dds-pf-build-final5/assets/pda-shell-bwJjMhhp.js                                        32.19 kB │ gzip:   8.33 kB
../../../../tmp/higoods-dds-pf-build-final5/assets/factory-performance-WBc9wfY5.js                              32.27 kB │ gzip:   6.72 kB
../../../../tmp/higoods-dds-pf-build-final5/assets/garment-spu-replacements-CQOD4cRH.js                         32.33 kB │ gzip:   9.08 kB
../../../../tmp/higoods-dds-pf-build-final5/assets/dialogs-D6TxE8W5.js                                          32.54 kB │ gzip:   9.79 kB
../../../../tmp/higoods-dds-pf-build-final5/assets/cut-piece-return-domain-4GgsErhk.js                          33.08 kB │ gzip:   9.74 kB
../../../../tmp/higoods-dds-pf-build-final5/assets/work-order-detail-ly_o5xFx.js                                33.37 kB │ gzip:   9.37 kB
../../../../tmp/higoods-dds-pf-build-final5/assets/pda-cutting-inbound-CnqeTvLk.js                              33.47 kB │ gzip:  10.04 kB
../../../../tmp/higoods-dds-pf-build-final5/assets/store-domain-settlement-seeds-6KblFqAf.js                    33.63 kB │ gzip:   8.98 kB
../../../../tmp/higoods-dds-pf-build-final5/assets/pcs-pattern-library-CHeBP4Ck.js                              33.68 kB │ gzip:   7.65 kB
../../../../tmp/higoods-dds-pf-build-final5/assets/warehouse-runtime-CT-nABAF.js                                33.70 kB │ gzip:   8.63 kB
../../../../tmp/higoods-dds-pf-build-final5/assets/pda-warehouse-stocktake-DY9rI3K2.js                          34.47 kB │ gzip:   8.65 kB
../../../../tmp/higoods-dds-pf-build-final5/assets/work-orders-BHkVtYrH.js                                      34.56 kB │ gzip:  11.57 kB
../../../../tmp/higoods-dds-pf-build-final5/assets/work-order-detail-DkaLlEoB.js                                34.60 kB │ gzip:   9.40 kB
../../../../tmp/higoods-dds-pf-build-final5/assets/pda-post-finishing-flow-BbTxJ411.js                          34.79 kB │ gzip:   9.27 kB
../../../../tmp/higoods-dds-pf-build-final5/assets/work-orders-CFbQdiGL.js                                      34.84 kB │ gzip:  10.17 kB
../../../../tmp/higoods-dds-pf-build-final5/assets/dispatch-acceptance-sla-DBiY71KY.js                          34.95 kB │ gzip:   7.89 kB
../../../../tmp/higoods-dds-pf-build-final5/assets/pda-task-receive-detail-Bl1Ym3c-.js                          35.19 kB │ gzip:   8.41 kB
../../../../tmp/higoods-dds-pf-build-final5/assets/water-soluble-orders-DYfy7pLk.js                             35.90 kB │ gzip:  10.78 kB
../../../../tmp/higoods-dds-pf-build-final5/assets/pda-cutting-transfer-bag-repack-DyMo1Jk2.js                  35.94 kB │ gzip:  10.12 kB
../../../../tmp/higoods-dds-pf-build-final5/assets/work-order-detail-MbTgSvzP.js                                36.14 kB │ gzip:   9.68 kB
../../../../tmp/higoods-dds-pf-build-final5/assets/pcs-technical-data-dYShANpE.js                               36.81 kB │ gzip:   9.82 kB
../../../../tmp/higoods-dds-pf-build-final5/assets/pcs-pattern-library-create-BPYyT3DM.js                       36.92 kB │ gzip:   8.64 kB
../../../../tmp/higoods-dds-pf-build-final5/assets/special-processes-D_vepdwC.js                                37.23 kB │ gzip:   9.52 kB
../../../../tmp/higoods-dds-pf-build-final5/assets/pda-quality-CHU2FoFs.js                                      37.37 kB │ gzip:   9.75 kB
../../../../tmp/higoods-dds-pf-build-final5/assets/third-party-factory-comprehensive-assessment-BNR4uI7L.js     37.39 kB │ gzip:  11.03 kB
../../../../tmp/higoods-dds-pf-build-final5/assets/warehouse-CY_jvBxk.js                                        38.05 kB │ gzip:  10.81 kB
../../../../tmp/higoods-dds-pf-build-final5/assets/cutting-statistics-ab-material-M8yuyCol.js                   38.09 kB │ gzip:   8.62 kB
../../../../tmp/higoods-dds-pf-build-final5/assets/fcs-handlers-qPn-HUw3.js                                     38.11 kB │ gzip:  11.42 kB
../../../../tmp/higoods-dds-pf-build-final5/assets/pda-cutting-handover-B48pUtRM.js                             39.00 kB │ gzip:  11.07 kB
../../../../tmp/higoods-dds-pf-build-final5/assets/wait-handover-runtime-CkvH_N3Q.js                            41.22 kB │ gzip:  11.19 kB
../../../../tmp/higoods-dds-pf-build-final5/assets/print-styles-Fh8_MtNE.js                                     41.85 kB │ gzip:   8.57 kB
../../../../tmp/higoods-dds-pf-build-final5/assets/pending-receipts-DKEOkKQ0.js                                 43.17 kB │ gzip:  15.37 kB
../../../../tmp/higoods-dds-pf-build-final5/assets/warehouse-CVRzfpnn.js                                        43.19 kB │ gzip:   9.83 kB
../../../../tmp/higoods-dds-pf-build-final5/assets/pcs-material-archives-DLjfbYi8.js                            43.92 kB │ gzip:   9.62 kB
../../../../tmp/higoods-dds-pf-build-final5/assets/cutting-summary-Bn3AewIz.js                                  44.07 kB │ gzip:  11.52 kB
../../../../tmp/higoods-dds-pf-build-final5/assets/warehouse-3_LQhfzH.js                                        44.15 kB │ gzip:  11.19 kB
../../../../tmp/higoods-dds-pf-build-final5/assets/handover-orders-C6w1C8Yf.js                                  44.18 kB │ gzip:   8.79 kB
../../../../tmp/higoods-dds-pf-build-final5/assets/demand-domain-BcOtJZO8.js                                    44.58 kB │ gzip:   9.89 kB
../../../../tmp/higoods-dds-pf-build-final5/assets/batches-DUdCMVU-.js                                          46.44 kB │ gzip:   9.87 kB
../../../../tmp/higoods-dds-pf-build-final5/assets/dispatch-tenders-DarZOQbo.js                                 47.26 kB │ gzip:  12.25 kB
../../../../tmp/higoods-dds-pf-build-final5/assets/dyeing-D5iZ7L99.js                                           47.48 kB │ gzip:  10.20 kB
../../../../tmp/higoods-dds-pf-build-final5/assets/printing-DwEu9Wxm.js                                         47.48 kB │ gzip:  10.20 kB
../../../../tmp/higoods-dds-pf-build-final5/assets/other-CxXfV4-C.js                                            47.49 kB │ gzip:  10.21 kB
../../../../tmp/higoods-dds-pf-build-final5/assets/settlement-linked-mock-factory-B3bJZpVH.js                   47.63 kB │ gzip:  14.45 kB
../../../../tmp/higoods-dds-pf-build-final5/assets/sewing-Dlbjkgoc.js                                           48.51 kB │ gzip:  10.54 kB
../../../../tmp/higoods-dds-pf-build-final5/assets/progress-material-pv1xLUy1.js                                48.76 kB │ gzip:   9.37 kB
../../../../tmp/higoods-dds-pf-build-final5/assets/pda-task-receive-v6XTz_50.js                                 49.07 kB │ gzip:  12.19 kB
../../../../tmp/higoods-dds-pf-build-final5/assets/pda-cutting-execution-source-CEombo80.js                     49.79 kB │ gzip:  13.48 kB
../../../../tmp/higoods-dds-pf-build-final5/assets/pda-handover-c1SyPaeX.js                                     50.26 kB │ gzip:  13.24 kB
../../../../tmp/higoods-dds-pf-build-final5/assets/pda-onboarding-CmES08he.js                                   50.53 kB │ gzip:  10.78 kB
../../../../tmp/higoods-dds-pf-build-final5/assets/marker-plan-model-Bu3bsBAl.js                                51.50 kB │ gzip:  14.71 kB
../../../../tmp/higoods-dds-pf-build-final5/assets/store-domain-progress-D4yHHhTs.js                            52.90 kB │ gzip:  11.71 kB
../../../../tmp/higoods-dds-pf-build-final5/assets/settlement-cutting-input-B4iqccLe.js                         53.59 kB │ gzip:  11.05 kB
../../../../tmp/higoods-dds-pf-build-final5/assets/lace-factory-domain-BTkNWwGS.js                              53.70 kB │ gzip:  13.35 kB
../../../../tmp/higoods-dds-pf-build-final5/assets/pcs-part-template-library-DwOYiEBB.js                        53.80 kB │ gzip:  11.08 kB
../../../../tmp/higoods-dds-pf-build-final5/assets/progress-urge-Bg1_Wydq.js                                    56.39 kB │ gzip:  11.42 kB
../../../../tmp/higoods-dds-pf-build-final5/assets/pda-cutting-spreading-CdBxoDrK.js                            56.53 kB │ gzip:  13.05 kB
../../../../tmp/higoods-dds-pf-build-final5/assets/warehouse-location-map-B2VVY3YG.js                           56.75 kB │ gzip:  16.82 kB
../../../../tmp/higoods-dds-pf-build-final5/assets/marker-plan-occupancy-CTWOIW4l.js                            57.09 kB │ gzip:  16.02 kB
../../../../tmp/higoods-dds-pf-build-final5/assets/domain-snapshot-C6a6Kvrd.js                                  59.31 kB │ gzip:  15.87 kB
../../../../tmp/higoods-dds-pf-build-final5/assets/routes-fcs-_AdrmK6O.js                                       59.93 kB │ gzip:  12.40 kB
../../../../tmp/higoods-dds-pf-build-final5/assets/pda-settlement-t8BbCMSW.js                                   60.05 kB │ gzip:  13.64 kB
../../../../tmp/higoods-dds-pf-build-final5/assets/cut-piece-release-BzEnXJKR.js                                60.09 kB │ gzip:  15.82 kB
../../../../tmp/higoods-dds-pf-build-final5/assets/factory-profile-CN-uIM5E.js                                  61.17 kB │ gzip:  14.05 kB
../../../../tmp/higoods-dds-pf-build-final5/assets/pickup-management-list-CfsPqfq9.js                           61.39 kB │ gzip:  17.11 kB
../../../../tmp/higoods-dds-pf-build-final5/assets/pcs-live-testing-CXnSWmNt.js                                 62.67 kB │ gzip:  15.77 kB
../../../../tmp/higoods-dds-pf-build-final5/assets/cutting-DCX0lGL8.js                                          62.83 kB │ gzip:  12.96 kB
../../../../tmp/higoods-dds-pf-build-final5/assets/progress-handover-D8oqVNN5.js                                63.82 kB │ gzip:  13.56 kB
../../../../tmp/higoods-dds-pf-build-final5/assets/production-object-overview-D_tguq0T.js                       64.72 kB │ gzip:  13.13 kB
../../../../tmp/higoods-dds-pf-build-final5/assets/pcs-video-testing-9wxTP14g.js                                64.85 kB │ gzip:  16.21 kB
../../../../tmp/higoods-dds-pf-build-final5/assets/production-object-overview-hzKBfI7T.js                       65.32 kB │ gzip:  15.33 kB
../../../../tmp/higoods-dds-pf-build-final5/assets/output-documents-D4bHqEZx.js                                 65.95 kB │ gzip:  22.57 kB
../../../../tmp/higoods-dds-pf-build-final5/assets/core-5MPN9nXp.js                                             66.76 kB │ gzip:  12.25 kB
../../../../tmp/higoods-dds-pf-build-final5/assets/pda-exec-DTDWBYu8.js                                         66.85 kB │ gzip:  15.27 kB
../../../../tmp/higoods-dds-pf-build-final5/assets/pcs-sample-management-CChjlmV9.js                            67.50 kB │ gzip:  15.36 kB
../../../../tmp/higoods-dds-pf-build-final5/assets/cutting-daily-production-report-B_v7AmdA.js                  68.09 kB │ gzip:  19.07 kB
../../../../tmp/higoods-dds-pf-build-final5/assets/sewing-dispatch-BTv4eam1.js                                  69.07 kB │ gzip:  18.00 kB
../../../../tmp/higoods-dds-pf-build-final5/assets/pcs-channel-stores-JgBU7zOY.js                               69.25 kB │ gzip:  14.32 kB
../../../../tmp/higoods-dds-pf-build-final5/assets/context-DFQPfJpc.js                                          69.43 kB │ gzip:  21.33 kB
../../../../tmp/higoods-dds-pf-build-final5/assets/progress-exceptions-Dxmcr_PL.js                              70.33 kB │ gzip:  13.29 kB
../../../../tmp/higoods-dds-pf-build-final5/assets/qc-records-C2p2ifO8.js                                       71.03 kB │ gzip:  15.96 kB
../../../../tmp/higoods-dds-pf-build-final5/assets/wait-handover-actions-B4Nd1Y0K.js                            71.82 kB │ gzip:  18.16 kB
../../../../tmp/higoods-dds-pf-build-final5/assets/special-craft-fei-ticket-flow-Beb-Uu60.js                    72.43 kB │ gzip:  16.43 kB
../../../../tmp/higoods-dds-pf-build-final5/assets/transfer-bags-Cj2fPzoR.js                                    72.73 kB │ gzip:  18.39 kB
../../../../tmp/higoods-dds-pf-build-final5/assets/pda-handover-detail-CN9jMynZ.js                              74.60 kB │ gzip:  18.14 kB
../../../../tmp/higoods-dds-pf-build-final5/assets/factory-onboarding-DUDpbPsk.js                               75.24 kB │ gzip:  12.68 kB
../../../../tmp/higoods-dds-pf-build-final5/assets/process-action-writeback-service-DIXg1jk7.js                 75.51 kB │ gzip:  17.14 kB
../../../../tmp/higoods-dds-pf-build-final5/assets/settlement-CR7Den4Z.js                                       75.57 kB │ gzip:  11.56 kB
../../../../tmp/higoods-dds-pf-build-final5/assets/dialogs-Ca9dPshp.js                                          75.66 kB │ gzip:  18.69 kB
../../../../tmp/higoods-dds-pf-build-final5/assets/orders-domain-CEbC3SvL.js                                    76.23 kB │ gzip:  16.86 kB
../../../../tmp/higoods-dds-pf-build-final5/assets/pcs-independent-sampling-DS5zn9xn.js                         76.95 kB │ gzip:  19.58 kB
../../../../tmp/higoods-dds-pf-build-final5/assets/transfer-bag-operations-BHlh8dwC.js                          77.91 kB │ gzip:  19.21 kB
../../../../tmp/higoods-dds-pf-build-final5/assets/runtime-projections-BmGoD88f.js                              78.01 kB │ gzip:  18.43 kB
../../../../tmp/higoods-dds-pf-build-final5/assets/production-progress-BiWHPqtU.js                              80.61 kB │ gzip:  20.34 kB
../../../../tmp/higoods-dds-pf-build-final5/assets/pda-warehouse-wait-process-Cg5pkbxn.js                       87.24 kB │ gzip:  21.12 kB
../../../../tmp/higoods-dds-pf-build-final5/assets/special-craft-task-orders-BFpNtnYY.js                        89.69 kB │ gzip:  23.67 kB
../../../../tmp/higoods-dds-pf-build-final5/assets/events-BdqN2q6S.js                                           90.01 kB │ gzip:  22.18 kB
../../../../tmp/higoods-dds-pf-build-final5/assets/factory-onboarding-flow-CxN63vGT.js                          90.59 kB │ gzip:  23.32 kB
../../../../tmp/higoods-dds-pf-build-final5/assets/dispatch-DmBz--u3.js                                         91.34 kB │ gzip:  27.77 kB
../../../../tmp/higoods-dds-pf-build-final5/assets/cut-orders-aJFSeAtG.js                                       94.68 kB │ gzip:  24.42 kB
../../../../tmp/higoods-dds-pf-build-final5/assets/app-shared-BfYVGEHJ.js                                      103.28 kB │ gzip:  25.45 kB
../../../../tmp/higoods-dds-pf-build-final5/assets/pcs-product-archives-CBb_p7Kp.js                            106.23 kB │ gzip:  21.49 kB
../../../../tmp/higoods-dds-pf-build-final5/assets/dialogs-Djdzto9Y.js                                         108.80 kB │ gzip:  26.78 kB
../../../../tmp/higoods-dds-pf-build-final5/assets/index-EP5s3eSm.js                                           109.42 kB │ gzip:  39.84 kB
../../../../tmp/higoods-dds-pf-build-final5/assets/transfer-bag-return-model-DZhJZNY5.js                       112.94 kB │ gzip:  26.62 kB
../../../../tmp/higoods-dds-pf-build-final5/assets/supplement-management-6DChzTNb.js                           113.25 kB │ gzip:  29.93 kB
../../../../tmp/higoods-dds-pf-build-final5/assets/unified-dispatch-workbench-BW67B5dh.js                      118.01 kB │ gzip:  33.10 kB
../../../../tmp/higoods-dds-pf-build-final5/assets/statements-DUXSO73W.js                                      119.51 kB │ gzip:  24.46 kB
../../../../tmp/higoods-dds-pf-build-final5/assets/pcs-engineering-tasks-BP24z3of.js                           121.85 kB │ gzip:  27.79 kB
../../../../tmp/higoods-dds-pf-build-final5/assets/context-CGfyyQAT.js                                         132.62 kB │ gzip:  34.29 kB
../../../../tmp/higoods-dds-pf-build-final5/assets/production-CBTCmWBL.js                                      133.95 kB │ gzip:  27.40 kB
../../../../tmp/higoods-dds-pf-build-final5/assets/process-domain-NdYxbFX-.js                                  138.52 kB │ gzip:  25.80 kB
../../../../tmp/higoods-dds-pf-build-final5/assets/generated-fei-tickets-BzHiA3os.js                           143.00 kB │ gzip:  36.15 kB
../../../../tmp/higoods-dds-pf-build-final5/assets/preparation-timing-Bl_FDQe9.js                              145.96 kB │ gzip:  34.40 kB
../../../../tmp/higoods-dds-pf-build-final5/assets/marker-plan-DLSWT6-W.js                                     150.12 kB │ gzip:  35.42 kB
../../../../tmp/higoods-dds-pf-build-final5/assets/warehouse-hub-MOLSnehe.js                                   152.65 kB │ gzip:  37.93 kB
../../../../tmp/higoods-dds-pf-build-final5/assets/marker-spreading-BneY12dR.js                                154.08 kB │ gzip:  37.73 kB
../../../../tmp/higoods-dds-pf-build-final5/assets/fei-tickets-CZP9t1TG.js                                     196.45 kB │ gzip:  43.82 kB
../../../../tmp/higoods-dds-pf-build-final5/assets/pcs-projects-DC1RpAhr.js                                    232.23 kB │ gzip:  50.56 kB
../../../../tmp/higoods-dds-pf-build-final5/assets/pda-exec-detail-BzdZlt9C.js                                 232.28 kB │ gzip:  53.68 kB
../../../../tmp/higoods-dds-pf-build-final5/assets/print-preview-BPKO-xHV.js                                   257.65 kB │ gzip:  66.68 kB
../../../../tmp/higoods-dds-pf-build-final5/assets/index-B3HAJ7hS.js                                           414.74 kB │ gzip: 114.61 kB
../../../../tmp/higoods-dds-pf-build-final5/assets/production-timeliness-B2M8M2wi.js                         3,324.82 kB │ gzip: 822.20 kB

(!) Some chunks are larger than 550 kB after minification. Consider:
- Using dynamic import() to code-split the application
- Use build.rollupOptions.output.manualChunks to improve chunking: https://rollupjs.org/configuration-options/#output-manualchunks
- Adjust chunk size limit for this warning via build.chunkSizeWarningLimit.
✓ built in 8.12s
