{
  "count": 46,
  "coveredPaths": [
    "src/data/app-shell-config.ts",
    "src/data/fcs/cut-piece-release.ts",
    "src/data/fcs/cutting/production-material-prep.ts",
    "src/data/fcs/dyeing-task-domain.ts",
    "src/data/fcs/post-finishing-full-flow.ts",
    "src/data/fcs/post-finishing-operation-log.ts",
    "src/data/fcs/printing-task-domain.ts",
    "src/data/fcs/process-craft-dict.ts",
    "src/data/fcs/process-order-task-links.ts",
    "src/data/fcs/process-work-order-domain.ts",
    "src/data/fcs/production-artifact-generation.ts",
    "src/data/fcs/production-order-tech-pack-runtime.ts",
    "src/data/fcs/production-tech-pack-snapshot-builder.ts",
    "src/data/pcs-project-domain-contract.ts",
    "src/data/pcs-technical-data-version-repository.ts",
    "src/pages/material-decision/events-bridge.ts",
    "src/pages/material-decision/index.ts",
    "src/pages/production-fulfillment/boundary-evidence.ts",
    "src/pages/production-fulfillment/calculations.ts",
    "src/pages/production-fulfillment/catalog.ts",
    "src/pages/production-fulfillment/common.ts",
    "src/pages/production-fulfillment/config-model.ts",
    "src/pages/production-fulfillment/configuration.ts",
    "src/pages/production-fulfillment/dashboards.ts",
    "src/pages/production-fulfillment/data-issues.ts",
    "src/pages/production-fulfillment/dependency-graph.ts",
    "src/pages/production-fulfillment/events.ts",
    "src/pages/production-fulfillment/evidence.ts",
    "src/pages/production-fulfillment/examples.ts",
    "src/pages/production-fulfillment/fixtures.ts",
    "src/pages/production-fulfillment/index.ts",
    "src/pages/production-fulfillment/mock-data.json",
    "src/pages/production-fulfillment/model.ts",
    "src/pages/production-fulfillment/rule-recalculation.ts",
    "src/pages/production-fulfillment/scenarios.ts",
    "src/pages/production-fulfillment/source-document-facts.ts",
    "src/pages/production-fulfillment/source-tasks.ts",
    "src/pages/production-fulfillment/source-views.css",
    "src/pages/production-fulfillment/source-views.ts",
    "src/pages/production-fulfillment/styles.css",
    "src/pages/production-fulfillment/task-detail.ts",
    "src/pages/production-fulfillment/tasks.ts",
    "src/pages/production-fulfillment/timeline.ts",
    "src/pages/production-fulfillment/ui-state.ts",
    "src/pages/qc-records/detail-domain.ts",
    "src/router/routes.ts"
  ],
  "recordPaths": [
    "docs/prototype-review-records/2026-09-18-dds-production-fulfillment-v4.md"
  ],
  "technicalOnlyPaths": [],
  "userVisiblePaths": [
    "src/data/app-shell-config.ts",
    "src/data/fcs/cut-piece-release.ts",
    "src/data/fcs/cutting/production-material-prep.ts",
    "src/data/fcs/dyeing-task-domain.ts",
    "src/data/fcs/post-finishing-full-flow.ts",
    "src/data/fcs/post-finishing-operation-log.ts",
    "src/data/fcs/printing-task-domain.ts",
    "src/data/fcs/process-craft-dict.ts",
    "src/data/fcs/process-order-task-links.ts",
    "src/data/fcs/process-work-order-domain.ts",
    "src/data/fcs/production-artifact-generation.ts",
    "src/data/fcs/production-order-tech-pack-runtime.ts",
    "src/data/fcs/production-tech-pack-snapshot-builder.ts",
    "src/data/pcs-project-domain-contract.ts",
    "src/data/pcs-technical-data-version-repository.ts",
    "src/pages/material-decision/events-bridge.ts",
    "src/pages/material-decision/index.ts",
    "src/pages/production-fulfillment/boundary-evidence.ts",
    "src/pages/production-fulfillment/calculations.ts",
    "src/pages/production-fulfillment/catalog.ts",
    "src/pages/production-fulfillment/common.ts",
    "src/pages/production-fulfillment/config-model.ts",
    "src/pages/production-fulfillment/configuration.ts",
    "src/pages/production-fulfillment/dashboards.ts",
    "src/pages/production-fulfillment/data-issues.ts",
    "src/pages/production-fulfillment/dependency-graph.ts",
    "src/pages/production-fulfillment/events.ts",
    "src/pages/production-fulfillment/evidence.ts",
    "src/pages/production-fulfillment/examples.ts",
    "src/pages/production-fulfillment/fixtures.ts",
    "src/pages/production-fulfillment/index.ts",
    "src/pages/production-fulfillment/mock-data.json",
    "src/pages/production-fulfillment/model.ts",
    "src/pages/production-fulfillment/rule-recalculation.ts",
    "src/pages/production-fulfillment/scenarios.ts",
    "src/pages/production-fulfillment/source-document-facts.ts",
    "src/pages/production-fulfillment/source-tasks.ts",
    "src/pages/production-fulfillment/source-views.css",
    "src/pages/production-fulfillment/source-views.ts",
    "src/pages/production-fulfillment/styles.css",
    "src/pages/production-fulfillment/task-detail.ts",
    "src/pages/production-fulfillment/tasks.ts",
    "src/pages/production-fulfillment/timeline.ts",
    "src/pages/production-fulfillment/ui-state.ts",
    "src/pages/qc-records/detail-domain.ts",
    "src/router/routes.ts"
  ]
}
