✔ 未进入物料页面时 bridge 不加载业务；加载失败重试后首次渲染即已注册 (4.533708ms)
✔ click 分组顺序、短路、选择器范围保持原行为，重新注册替换旧处理器 (0.567ms)
✔ 备料写入守卫读取实时角色与水位，阻断时不调用业务处理器 (0.333042ms)
✔ input/change/keyboard 原入口、筛选范围和 change 优先级完整保留 (0.281333ms)
(node:79663) ExperimentalWarning: localStorage is not available because --localstorage-file was not provided.
(Use `node --trace-warnings ...` to show where the warning was created)
✔ craft source selection preserves all previous source choices and isolated snapshots (20.879958ms)
✔ source eligibility is re-evaluated after a source order changes (0.111667ms)
✔ BOM uses formally reduced quantity and leaves unsupported conversion unknown (0.727542ms)
✔ reuse retains one shared source instance and adds no duplicate processing duration (0.339083ms)
✔ a new rework/recheck round extends the dependency path two days and conserves qualified pieces (0.114292ms)
✔ date-only source is not coerced to a precise instant or exact deadline (0.29875ms)
✔ known order shipment can be timed without crediting an unknown production source (0.15675ms)
✔ waiting for actual fulfillment can be overall late while factory completion stays on time (0.141916ms)
✔ all six named cards render directly checkable evidence without changing production task facts (6.999458ms)
✔ all ten tasks have independent drill-down networks and one frozen aggregate snapshot (1.387458ms)
✔ 31-item dependency recursion proves 24 natural days and shows the actual sum/max formula (0.516834ms)
✔ improving procurement by ten days only improves whole-task timing by one day (0.165458ms)
✔ network rejects circular/missing dependencies and unknown is never zero time (0.290875ms)
✔ each complete standard mock network and live forecast agrees with the task summary (3.027041ms)
✔ quantity forecast finds a one-day risk before any actual deadline is missed (0.463541ms)
✔ all-natural-day clock includes Sundays, preserves timezones, equality is on time and one second is late (0.126167ms)
✔ already-overdue outranks forecast missing; historical completion stops the clock (0.095708ms)
✔ upstream two-day delay and local catch-up pressure are distinct from current-team fault (0.072458ms)
✔ manual forecast is local, propagates both earlier and later dates, and never relaxes baseline (0.714541ms)
✔ saving a manual forecast refreshes all affected node labels without pretending capacity was increased (1.447375ms)
✔ zero capacity and stale progress never forecast zero remaining duration (0.144375ms)
✔ stock and purchase coverage do not imply factory readiness or a new purchase gap (0.13475ms)
✔ stock-only task still has transfer; purchased material must move beyond warehouse entry (0.077083ms)
✔ batch schedule conserves shared capacity and 90 percent occurs at a real batch event (0.155125ms)
✔ customer cancellation without production allocation does not reduce any task (0.114458ms)
✔ excess shipment of one SKU cannot hide shortage of another (0.079167ms)
✔ duplicate, out-of-order and corrected quantity events conserve the effective sum (0.123208ms)
✔ shared work is counted once while merged source tasks preserve independent T0 and deadlines (0.099917ms)
✔ orders enter analysis only from actual shipment and have their own clock (0.155708ms)
✔ region and supply mode select rules together, unpublished candidate rules never apply (0.15075ms)
✔ filters share exact aggregate scope and date windows are left-closed right-open (0.367625ms)
✔ Chinese UI defaults and all scope options filter the intended task population (0.164667ms)
✔ Chinese risk shortcut agrees with risk KPI and does not accidentally select completed or overdue tasks (0.944417ms)
✔ Chinese date-field labels use due date, start date and predicted completion respectively (0.494541ms)
✔ team and stage filters match applicable work nodes rather than only current task responsibility (0.270292ms)
✔ V3 team and factory must match the same node and empty all-scope still keeps a task (0.170958ms)
✔ V3 unknown shipment has no percentage and completed work without deadline is not on time (0.091167ms)
✔ 恢复预测保留不同工作和日期的顺序，只合并连续相同计算且不改写历史 (4.871417ms)
✔ 同一调拨动作按国家和供给方式命中不同预算，候选规则不参与匹配 (0.843666ms)
✔ 同优先级重叠命中必须冲突，明确更高优先级例外才可覆盖 (0.417333ms)
✔ 数量档边界不得跨档或用默认预算掩盖无规则 (0.152708ms)
✔ 子项七天而组上限五天阻断，网络不被截短也不在组外重复加预算 (0.189333ms)
✔ 并行分支取最大值，循环和缺失前置不得算成零天 (0.154375ms)
✔ 工厂实收映射须有明细与物流批次，入库不冒充到厂，重复事件不累加 (0.166916ms)
✔ 投入产出、单位或质量门槛不合规，不能放行下游 (0.092459ms)
✔ 新版本仅记录显式重算范围，不能顺延旧基线或考核截止 (0.646167ms)
✔ 默认演示配置没有阻断，会议候选必须以提示保留 (0.099833ms)
✔ 选定在途W19规则从1改3，本地路线24改26而原始/生效截止与实际事实不变 (3.483625ms)
✔ 在途发布同层冲突、缺规则、缺映射或事件边界变化都不生成覆盖 (0.171208ms)
✔ 发布覆盖可从初始快照恢复且重复应用幂等，未选任务不受影响 (0.942583ms)
✔ 未完成调拨预算增加后，预测沿下游传播；已完成上游事实仍原样 (0.345375ms)
(node:79667) ExperimentalWarning: localStorage is not available because --localstorage-file was not provided.
(Use `node --trace-warnings ...` to show where the warning was created)
✔ 首次来源读取只创建当前存在的缺口，历史从本次观察开始 (2.127666ms)
✔ 事项键由任务、工作与类型生成，中文说明变化不新增事项 (0.975333ms)
✔ 缺款图形成独立事项，增加地址不等于款色对应核验通过 (0.9165ms)
✔ 登记责任期限不修改事实或关闭事项，只有后续来源读取确认恢复 (1.524875ms)
✔ 同一恢复事实重复核对不制造历史，缺口复现重新打开且保留期限 (0.635208ms)
✔ 任务或工作未返回、数量已知性字段消失均不是恢复证据 (0.559833ms)
✔ 来源身份变更不能在同一次读取中把旧缺口标为恢复 (0.243667ms)
✔ 未结构化来源审核项不因文字消失自动关闭 (0.217583ms)
✔ 本地持久化保留独立事项、责任、期限和恢复历史 (0.665541ms)
✔ 本地损坏记录不伪造历史、不覆盖旧内容、不允许假保存 (1.690708ms)
✔ 责任、期限、调整原因必填；存储失败给出未保存结果 (0.567666ms)
✔ 数据待补按事项分页和筛选，提供独立登记及来源刷新入口 (2.252458ms)
✔ 事项按自身负责人和修复期限筛选，不借任务跟单替代 (0.234958ms)
✔ 空在途范围不展示历史演示日期压力图 (3.4305ms)
✔ 未知预算仍保留串并行和汇合箭头，位置不依赖日期 (4.301542ms)
✔ 下游未开工且前置未完的逾期归为等待；根卡点标出具体工作和全部后继 (1.1365ms)
✔ 取消和已完成不是当前卡点，数据缺口不当执行逾期 (0.555333ms)
✔ 已开工工作即使前置未完，也保留其来源责任逾期并提示核对 (0.900375ms)
✔ 卡点范围仍显示上游参照及所有受影响后继，不显示无关支路 (1.02325ms)
✔ 单据摘要默认展开来源核心字段，不只展示时效 (0.710416ms)
✔ 需求摘要指向已存在的需求列表，入口不冒称独立详情 (0.407792ms)
✔ 缺少单据不得生成虚构摘要或默认完成数 (0.333417ms)
✔ 已实收的有效结束满足前置，取消前置不会被视为供给完成 (0.587375ms)
✔ 质检不合格仍是放行卡点，不因检验时间存在变为可放行 (2.270542ms)
✔ 来源已有不合格检验结果但缺建立时间时，不因前置未完而隐藏本项卡点 (1.874875ms)
✔ 作废且不计时不等于前置已完成；来源已阻断是明确卡点 (1.213166ms)
✔ 已知工作预算齐备但范围未确认时，公式页不得称作全程标准 (1.37025ms)
✔ 暂停或受阻工作不因遗留结束时间而放行下游 (1.6785ms)
✔ 生产准备初始化按编号读取定义与完整目录逐值一致，保留不存在时的契约 (3.461334ms)
✔ 单定义读取的可编辑数组保持隔离，不污染其他任务读取 (0.770625ms)
▶ execution source relations retain full facts without unrelated cold initialization
  ✔ cold read resolves real runtime scope and leaves print/dye execution ledgers untouched (90.118458ms)
  ✔ scoped cold result equals original complete enumeration after the same actual ID resolution (1980.061708ms)
  ✔ production with print/dye uses all existing preparation facts and keeps unknown IDs unknown (65.930667ms)
  ✔ live explicit cross-order reference and cancellation facts survive scoped reading (26.908084ms)
  ✔ real persisted cancellation restores through the original validated path in a new process (1238.351708ms)
  ✔ QC reads real fact quantities and renders explicit missing artwork without placeholder network dependency (152.393167ms)
✔ execution source relations retain full facts without unrelated cold initialization (3837.678167ms)
(node:79671) ExperimentalWarning: localStorage is not available because --localstorage-file was not provided.
(Use `node --trace-warnings ...` to show where the warning was created)
✔ production source time uses explicit Shanghai time and rejects date-only completion (1.167125ms)
✔ DDS tasks use demand identity and do not invent preparation, budgets, shipment quantities or orders (2.612125ms)
✔ source bindings require existing same-style preparation and published technical version (0.321792ms)
✔ reuse preserves its source/version and does not add past preparation duration (0.32525ms)
✔ explicit unneeded work is excluded but unconfirmed missing work remains a decision, never zero-day completion (0.214917ms)
✔ explicit dependencies preserve parallel entries and repeated processes instead of serial sorting (0.56225ms)
✔ missing explicit predecessors do not become confirmed parallel roots (0.222542ms)
✔ missing predecessor and material SKU discontinuity block route certainty without fabricated edges (0.246833ms)
✔ cyclic source dependency stays a blocking issue and source objects remain unchanged (0.231125ms)
✔ read snapshot uses all current demand records without private Mock tasks or automatic same-style preparations (23.40675ms)
✔ continuous material SKU edges stay confirmed while an unconfirmed route remains pending (0.192917ms)
✔ unverified reuse does not fabricate a completed zero-day result (0.1215ms)
✔ binding writes only the DDS association key and is reflected by the next read (7.699208ms)
✔ execution source uses exact production-order identity, assigned factory and responsibility deadline (0.222584ms)
✔ only a unique exact technical entry binds execution to route; same-name and split executions stay independent (0.279125ms)
✔ preparation-only source cycles are blocked without depending on a technical pack branch (0.1555ms)
✔ source time and manual forecast stay separate from frozen rule examples and missing SLA (0.436125ms)
✔ cancelled execution is not a late blocker and unfinished status cannot borrow a stale completion timestamp (0.153125ms)
✔ document summaries are factual, compact strings; decisions without a document stay unbound (0.116916ms)
✔ formal preparation output connects the exact confirmation, route entry and production version (0.305083ms)
✔ technical object identity and its material photo are retained without using the style photo (0.12275ms)
✔ material transfer has serial dispatch, transport and receipt with separate responsibility and source identity (0.274208ms)
✔ approval, sent quantities and delivery-note registration cannot prove physical handout or logistics delivery (0.155292ms)
✔ actual handout starts transportation but factory receipt never backfills logistics delivery or reception start (0.120584ms)
✔ receipt quantities require the same source line, target factory and unit; mixed units never close reception (0.145916ms)
✔ voided transfers keep evidence but no effective supply or transport completion (0.100583ms)
✔ a document handout timestamp does not complete unshipped or partially shipped source lines (0.120625ms)
✔ only preparation-bound purchase documents are included, and purchase completion never invents warehouse arrival (0.124875ms)
✔ quality is scoped to its recorded sample and does not establish shipment orders or whole-order completion (0.150417ms)
✔ current source snapshot exposes matching handover, quality and transfer documents, not generic placeholders alone (3.251166ms)
✔ only a real same-version production order becomes a root execution predecessor (0.319292ms)
✔ task lead blocker matches dependency analysis instead of blaming an unstarted downstream deadline (0.158209ms)
✔ failed inspection exposes the concrete unqualified quantity as blocker reason (0.112292ms)
✔ category sample images never stand in for a source style; a dedicated source image is retained (0.14275ms)
(node:79672) ExperimentalWarning: localStorage is not available because --localstorage-file was not provided.
(Use `node --trace-warnings ...` to show where the warning was created)
✔ 当前非 Mock 需求可保存显式工作映射，序列化后可恢复且不改来源事实 (25.985083ms)
✔ 未保存映射、规则空天数、事件范围变化与同级冲突分别给出真实阻断 (3.548167ms)
✔ 同一工作不得存两份口径，来源身份变化或未知数量不允许保存 (3.394167ms)
✔ 工作单位不换算、通配值不充当事实、里程碑不重复加预算 (2.79225ms)
✔ 来源任务发布单项预算后保持整体待定，刷新覆盖和已有截止均保留 (3.17ms)
✔ 缺准备或实发范围时即使要求首次建基线也阻断，并且不写覆盖 (2.896041ms)
✔ 已确认的未来发货工作尚无实发事实也可建 T0+最长路径基线，缺进度只影响预测 (0.963916ms)
✔ 已发布后来源工作身份变化，不把旧映射预算套到新单据 (2.9565ms)
✔ 配置页面保存映射到本地，空天数发布被阻断，填写预算后实际发布当前来源任务 (8.571375ms)
(node:79673) ExperimentalWarning: localStorage is not available because --localstorage-file was not provided.
(Use `node --trace-warnings ...` to show where the warning was created)
✔ PERF-001: runtime snapshot and all nine subsets preserve every production order value and caller isolation (16.088584ms)
✔ PERF-001: a subset read does not traverse or clone unrelated snapshot sections (0.202541ms)
✔ PERF-001: paper pattern binding strips and nested craft arrays remain isolated after mutation (0.290667ms)
✔ PERF-001: replacing or updating the bound snapshot is visible immediately without a stale cache (0.500125ms)
✔ PERF-001: missing production order keeps null and empty-list contracts (0.314875ms)
ℹ tests 140
ℹ suites 0
ℹ pass 140
ℹ fail 0
ℹ cancelled 0
ℹ skipped 0
ℹ todo 0
ℹ duration_ms 4159.47125
